=========== Input ===========
File name:                ./instances/created-instances/mm-10-40-1767920.cdop
Total node count:         51
Truck node count:         10
Drone node count:         40
=============================

========== Settings ==========
Settings file:        ./settings/Memetic-LS_MMX_1099666.config
Seed:                 1099666
Reduction method:     -
Max iter:             1000
Population size:      13
Crossover:            MA-MMX
Local Search:         -
==============================

====== Algorithm Status ======
Valor:                1.28223e-153
Time:                 256
nIter:                270
Best Iter:            270
Improvement Count:    269
==============================
Solution tour: 
0 38 15 49 28 14 24 
1 47 
2 30 29 12 
3 46 17 22 39 
==============================

====== Algorithm Status ======
Valor:                1.28223e-153
Time:                 502
nIter:                540
Best Iter:            540
Improvement Count:    539
==============================
Solution tour: 
0 38 15 49 28 14 24 
1 47 
2 30 29 12 
3 46 17 22 39 
==============================

====== Algorithm Status ======
Valor:                1650
Time:                 1001
nIter:                1103
Best Iter:            1103
Improvement Count:    1104
==============================
Solution tour: 
0 38 15 49 28 14 24 
1 47 
2 30 29 12 
3 46 17 22 39 
==============================

====== Algorithm Status ======
Valor:                1650
Time:                 1001
nIter:                1103
Best Iter:            1103
Improvement Count:    1104
==============================
Solution tour: 
0 38 15 49 28 14 24 
1 47 
2 30 29 12 
3 46 17 22 39 
==============================

