=========== Input ===========
File name:                ./instances/created-instances/mm-15-25-1767920.cdop
Total node count:         41
Truck node count:         15
Drone node count:         25
=============================

========== Settings ==========
Settings file:        ./settings/Memetic-LS_MMX_1099666.config
Seed:                 1099666
Reduction method:     -
Max iter:             1000
Population size:      13
Crossover:            MA-MMX
Local Search:         -
==============================

====== Algorithm Status ======
Valor:                6.03678e-154
Time:                 252
nIter:                435
Best Iter:            435
Improvement Count:    434
==============================
Solution tour: 
0 37 28 25 26 30 24 27 38 
4 22 35 33 
1 18 40 23 
==============================

====== Algorithm Status ======
Valor:                6.03678e-154
Time:                 500
nIter:                891
Best Iter:            891
Improvement Count:    890
==============================
Solution tour: 
0 37 28 25 26 30 24 27 38 
4 22 35 33 
1 18 40 23 
==============================

====== Algorithm Status ======
Valor:                1863
Time:                 1001
nIter:                1778
Best Iter:            1778
Improvement Count:    1779
==============================
Solution tour: 
0 37 28 25 26 30 24 27 38 
4 22 35 33 
1 18 40 23 
==============================

====== Algorithm Status ======
Valor:                1863
Time:                 1001
nIter:                1778
Best Iter:            1778
Improvement Count:    1779
==============================
Solution tour: 
0 37 28 25 26 30 24 27 38 
4 22 35 33 
1 18 40 23 
==============================

