=========== Input ===========
File name:                ./instances/created-instances/mm-10-40-1767920.cdop
Total node count:         51
Truck node count:         10
Drone node count:         40
=============================

========== Settings ==========
Settings file:        ./settings/Memetic-LS_MPX_1287823.config
Seed:                 1287823
Reduction method:     -
Max iter:             1000
Population size:      13
Crossover:            MA-MPX
Local Search:         -
==============================

====== Algorithm Status ======
Valor:                1.28223e-153
Time:                 255
nIter:                240
Best Iter:            240
Improvement Count:    239
==============================
Solution tour: 
0 38 15 49 28 14 24 
1 47 
2 30 29 12 
3 46 17 22 39 
==============================

====== Algorithm Status ======
Valor:                1.28223e-153
Time:                 500
nIter:                474
Best Iter:            474
Improvement Count:    473
==============================
Solution tour: 
0 38 15 49 28 14 24 
1 47 
2 30 29 12 
3 46 17 22 39 
==============================

====== Algorithm Status ======
Valor:                1650
Time:                 1001
nIter:                945
Best Iter:            945
Improvement Count:    946
==============================
Solution tour: 
0 38 15 49 28 14 24 
1 47 
2 30 29 12 
3 46 17 22 39 
==============================

====== Algorithm Status ======
Valor:                1650
Time:                 1001
nIter:                945
Best Iter:            945
Improvement Count:    946
==============================
Solution tour: 
0 38 15 49 28 14 24 
1 47 
2 30 29 12 
3 46 17 22 39 
==============================

