=========== Input ===========
File name:                ./instances/created-instances/mm-15-10-1762875.cdop
Total node count:         26
Truck node count:         15
Drone node count:         10
=============================

========== Settings ==========
Settings file:        ./settings/Memetic_MMX_1287823.config
Seed:                 1287823
Reduction method:     -
Max iter:             1000
Population size:      13
Crossover:            MA-MMX
Local Search:         LS
==============================

====== Algorithm Status ======
Valor:                3695
Time:                 250
nIter:                71
Best Iter:            71
Improvement Count:    70
==============================
Solution tour: 
0 1 0 6 5 6 7 9 19 24 19 23 17 11 18 11 
3 11 17 20 25 19 9 13 5 0 5 16 5 13 9 8 20 23 10 21 10 19 25 20 
15 20 18 20 17 8 19 23 19 
==============================

====== Algorithm Status ======
Valor:                3751
Time:                 501
nIter:                132
Best Iter:            132
Improvement Count:    131
==============================
Solution tour: 
0 6 5 6 7 9 19 8 19 24 19 23 12 21 17 11 18 11 
3 11 17 20 25 19 9 13 5 0 5 16 5 13 9 8 12 23 19 25 20 
15 20 18 20 17 21 10 13 19 
==============================

====== Algorithm Status ======
Valor:                3843
Time:                 1001
nIter:                263
Best Iter:            263
Improvement Count:    264
==============================
Solution tour: 
0 6 5 6 7 6 9 8 19 24 19 23 12 21 17 11 18 11 
3 11 17 20 25 19 9 13 5 0 5 16 5 13 9 19 23 10 21 1 21 10 23 19 25 20 
15 20 18 20 17 19 
==============================

====== Algorithm Status ======
Valor:                3843
Time:                 1001
nIter:                263
Best Iter:            263
Improvement Count:    264
==============================
Solution tour: 
0 6 5 6 7 6 9 8 19 24 19 23 12 21 17 11 18 11 
3 11 17 20 25 19 9 13 5 0 5 16 5 13 9 19 23 10 21 1 21 10 23 19 25 20 
15 20 18 20 17 19 
==============================

