=========== Input ===========
File name:                ./instances/created-instances/mm-15-25-1767920.cdop
Total node count:         41
Truck node count:         15
Drone node count:         25
=============================

========== Settings ==========
Settings file:        ./settings/Memetic-LS_MPX_1881515.config
Seed:                 1881515
Reduction method:     -
Max iter:             1000
Population size:      13
Crossover:            MA-MPX
Local Search:         -
==============================

====== Algorithm Status ======
Valor:                6.03678e-154
Time:                 251
nIter:                360
Best Iter:            360
Improvement Count:    359
==============================
Solution tour: 
0 37 28 25 26 30 24 27 38 
4 22 35 33 
1 18 40 23 
==============================

====== Algorithm Status ======
Valor:                6.03678e-154
Time:                 500
nIter:                728
Best Iter:            728
Improvement Count:    727
==============================
Solution tour: 
0 37 28 25 26 30 24 27 38 
4 22 35 33 
1 18 40 23 
==============================

====== Algorithm Status ======
Valor:                1863
Time:                 1001
nIter:                1479
Best Iter:            1479
Improvement Count:    1480
==============================
Solution tour: 
0 37 28 25 26 30 24 27 38 
4 22 35 33 
1 18 40 23 
==============================

====== Algorithm Status ======
Valor:                1863
Time:                 1001
nIter:                1479
Best Iter:            1479
Improvement Count:    1480
==============================
Solution tour: 
0 37 28 25 26 30 24 27 38 
4 22 35 33 
1 18 40 23 
==============================

