=========== Input ===========
File name:                ./instances/created-instances/mm-10-40-1891798.cdop
Total node count:         51
Truck node count:         10
Drone node count:         40
=============================

========== Settings ==========
Settings file:        ./settings/Memetic-LS_MPX_1881515.config
Seed:                 1881515
Reduction method:     -
Max iter:             1000
Population size:      13
Crossover:            MA-MPX
Local Search:         -
==============================

====== Algorithm Status ======
Valor:                1.20269e-153
Time:                 250
nIter:                230
Best Iter:            230
Improvement Count:    229
==============================
Solution tour: 
0 28 37 40 21 
2 25 39 44 41 
1 47 34 13 42 
4 16 35 
==============================

====== Algorithm Status ======
Valor:                1.20269e-153
Time:                 502
nIter:                480
Best Iter:            480
Improvement Count:    479
==============================
Solution tour: 
0 28 37 40 21 
2 25 39 44 41 
1 47 34 13 42 
4 16 35 
==============================

====== Algorithm Status ======
Valor:                1826
Time:                 1004
nIter:                945
Best Iter:            945
Improvement Count:    946
==============================
Solution tour: 
0 28 37 40 21 
2 25 39 44 41 
1 47 34 13 42 
4 16 35 
==============================

====== Algorithm Status ======
Valor:                1826
Time:                 1004
nIter:                945
Best Iter:            945
Improvement Count:    946
==============================
Solution tour: 
0 28 37 40 21 
2 25 39 44 41 
1 47 34 13 42 
4 16 35 
==============================

