=========== Input ===========
File name:                ./instances/created-instances/mm-10-40-1891798.cdop
Total node count:         51
Truck node count:         10
Drone node count:         40
=============================

========== Settings ==========
Settings file:        ./settings/Memetic_MPX_1099666.config
Seed:                 1099666
Reduction method:     -
Max iter:             1000
Population size:      13
Crossover:            MA-MPX
Local Search:         LS
==============================

====== Algorithm Status ======
Valor:                5786
Time:                 258
nIter:                18
Best Iter:            18
Improvement Count:    17
==============================
Solution tour: 
0 32 8 29 30 36 24 25 24 15 27 38 32 39 2 11 1 44 
1 28 19 26 7 35 
7 22 48 16 49 41 
6 27 12 21 17 21 
3 14 1 11 19 42 40 10 45 20 45 
10 34 45 
2 9 46 29 
8 32 
5 19 6 43 11 43 23 4 43 
4 46 
9 19 
==============================

====== Algorithm Status ======
Valor:                6288
Time:                 516
nIter:                37
Best Iter:            37
Improvement Count:    36
==============================
Solution tour: 
0 19 28 41 49 48 40 42 40 
10 45 20 16 50 17 21 12 27 38 27 15 24 25 24 36 30 47 31 33 
5 19 
6 9 46 
9 16 20 32 8 26 
7 35 7 22 32 39 
2 11 43 23 13 
3 14 1 11 
1 44 1 
4 43 4 23 43 11 46 29 8 32 
==============================

====== Algorithm Status ======
Valor:                6835
Time:                 1001
nIter:                70
Best Iter:            70
Improvement Count:    71
==============================
Solution tour: 
0 32 20 45 48 
10 45 20 49 41 49 20 10 40 16 40 42 50 17 21 12 13 36 30 36 24 25 24 15 27 38 27 47 31 33 31 
5 29 46 19 
6 9 46 
9 6 19 0 26 
7 35 7 22 34 48 39 
2 19 11 43 11 6 23 37 15 13 
3 14 1 11 
1 44 1 43 
4 43 23 4 23 43 20 32 8 32 
==============================

====== Algorithm Status ======
Valor:                6835
Time:                 1001
nIter:                70
Best Iter:            70
Improvement Count:    71
==============================
Solution tour: 
0 32 20 45 48 
10 45 20 49 41 49 20 10 40 16 40 42 50 17 21 12 13 36 30 36 24 25 24 15 27 38 27 47 31 33 31 
5 29 46 19 
6 9 46 
9 6 19 0 26 
7 35 7 22 34 48 39 
2 19 11 43 11 6 23 37 15 13 
3 14 1 11 
1 44 1 43 
4 43 23 4 23 43 20 32 8 32 
==============================

