=========== Input ===========
File name:                ./instances/created-instances/mm-25-10-1917698.cdop
Total node count:         36
Truck node count:         25
Drone node count:         10
=============================

========== Settings ==========
Settings file:        ./settings/Memetic-LS_MMX_1287823.config
Seed:                 1287823
Reduction method:     -
Max iter:             1000
Population size:      13
Crossover:            MA-MMX
Local Search:         -
==============================

====== Algorithm Status ======
Valor:                2023
Time:                 250
nIter:                667
Best Iter:            667
Improvement Count:    666
==============================
Solution tour: 
0 29 31 29 32 
9 31 6 31 33 27 34 27 
19 
4 
15 27 33 
12 27 
22 29 
3 
25 35 
20 
18 
2 
==============================

====== Algorithm Status ======
Valor:                2051
Time:                 500
nIter:                1282
Best Iter:            1282
Improvement Count:    1281
==============================
Solution tour: 
0 29 31 29 32 
9 31 6 31 33 27 34 27 
19 
4 
15 27 33 
12 14 27 
22 29 
3 
25 35 
20 
18 
2 
==============================

====== Algorithm Status ======
Valor:                2396
Time:                 1001
nIter:                2484
Best Iter:            2484
Improvement Count:    2485
==============================
Solution tour: 
0 29 31 
14 31 29 32 
9 31 6 31 33 27 34 27 33 
12 27 32 29 0 27 22 23 
22 27 
3 
25 35 
20 
18 
2 
==============================

====== Algorithm Status ======
Valor:                2396
Time:                 1001
nIter:                2484
Best Iter:            2484
Improvement Count:    2485
==============================
Solution tour: 
0 29 31 
14 31 29 32 
9 31 6 31 33 27 34 27 33 
12 27 32 29 0 27 22 23 
22 27 
3 
25 35 
20 
18 
2 
==============================

