=========== Input ===========
File name:                ./instances/created-instances/mm-25-10-1767920.cdop
Total node count:         36
Truck node count:         25
Drone node count:         10
=============================

========== Settings ==========
Settings file:        ./settings/Memetic_MMX_1881515.config
Seed:                 1881515
Reduction method:     -
Max iter:             1000
Population size:      13
Crossover:            MA-MMX
Local Search:         LS
==============================

====== Algorithm Status ======
Valor:                3999
Time:                 255
nIter:                45
Best Iter:            45
Improvement Count:    44
==============================
Solution tour: 
0 17 24 8 32 34 31 32 29 24 6 13 20 14 20 13 35 8 7 2 7 
8 35 33 35 13 15 10 15 10 
20 22 17 1 3 
1 17 22 1 8 24 27 24 11 27 11 30 26 28 5 34 
7 5 7 8 17 
==============================

====== Algorithm Status ======
Valor:                3999
Time:                 503
nIter:                80
Best Iter:            80
Improvement Count:    79
==============================
Solution tour: 
0 17 24 8 32 34 31 32 29 24 6 13 20 14 20 13 35 8 7 2 7 
8 35 33 35 13 15 10 15 10 
20 22 17 1 3 
1 17 22 1 8 24 27 24 11 27 11 30 26 28 5 34 
7 5 7 8 17 
==============================

====== Algorithm Status ======
Valor:                4163
Time:                 1004
nIter:                152
Best Iter:            152
Improvement Count:    153
==============================
Solution tour: 
0 17 24 8 32 34 32 29 24 6 13 20 14 20 13 35 8 7 2 7 30 11 31 32 
8 35 33 35 13 6 16 6 10 15 10 9 22 0 22 17 22 1 3 
1 17 1 8 1 27 11 27 24 11 30 7 8 24 17 
==============================

====== Algorithm Status ======
Valor:                4163
Time:                 1004
nIter:                152
Best Iter:            152
Improvement Count:    153
==============================
Solution tour: 
0 17 24 8 32 34 32 29 24 6 13 20 14 20 13 35 8 7 2 7 30 11 31 32 
8 35 33 35 13 6 16 6 10 15 10 9 22 0 22 17 22 1 3 
1 17 1 8 1 27 11 27 24 11 30 7 8 24 17 
==============================

