=========== Input ===========
File name:                ./instances/created-instances/mm-25-10-1917698.cdop
Total node count:         36
Truck node count:         25
Drone node count:         10
=============================

========== Settings ==========
Settings file:        ./settings/Memetic_MPX_1881515.config
Seed:                 1881515
Reduction method:     -
Max iter:             1000
Population size:      13
Crossover:            MA-MPX
Local Search:         LS
==============================

====== Algorithm Status ======
Valor:                3849
Time:                 259
nIter:                37
Best Iter:            37
Improvement Count:    36
==============================
Solution tour: 
0 26 
2 26 12 33 
12 34 6 
6 23 
16 25 13 10 13 31 29 0 2 18 2 
11 
7 19 29 31 14 3 
25 
1 13 17 
13 14 31 35 9 31 9 32 28 30 
24 30 
5 30 28 32 9 
22 23 
15 29 0 26 3 
14 3 26 
==============================

====== Algorithm Status ======
Valor:                3948
Time:                 504
nIter:                78
Best Iter:            78
Improvement Count:    77
==============================
Solution tour: 
0 26 
2 26 12 33 
12 34 6 23 
16 25 13 10 13 31 29 0 2 18 2 
11 
7 19 4 29 31 3 14 3 
25 
1 13 17 
13 14 31 2 35 9 31 9 32 28 30 
24 30 
5 30 28 32 9 
22 23 
9 31 
14 3 26 
==============================

====== Algorithm Status ======
Valor:                3948
Time:                 1006
nIter:                158
Best Iter:            158
Improvement Count:    159
==============================
Solution tour: 
0 26 
2 26 12 33 
12 34 6 23 
16 25 13 10 13 31 29 0 2 18 2 
11 
7 19 4 29 31 3 14 3 
25 
1 13 17 
13 14 31 2 35 9 31 9 32 28 30 
24 30 
5 30 28 32 9 
22 23 
9 31 
14 3 26 
==============================

====== Algorithm Status ======
Valor:                3948
Time:                 1006
nIter:                158
Best Iter:            158
Improvement Count:    159
==============================
Solution tour: 
0 26 
2 26 12 33 
12 34 6 23 
16 25 13 10 13 31 29 0 2 18 2 
11 
7 19 4 29 31 3 14 3 
25 
1 13 17 
13 14 31 2 35 9 31 9 32 28 30 
24 30 
5 30 28 32 9 
22 23 
9 31 
14 3 26 
==============================

