=========== Input ===========
File name:                ./instances/created-instances/mm-5-40-1891798.cdop
Total node count:         46
Truck node count:         5
Drone node count:         40
=============================

========== Settings ==========
Settings file:        ./settings/Memetic_MPX_1881515.config
Seed:                 1881515
Reduction method:     -
Max iter:             1000
Population size:      13
Crossover:            MA-MPX
Local Search:         LS
==============================

====== Algorithm Status ======
Valor:                6322
Time:                 265
nIter:                21
Best Iter:            21
Improvement Count:    20
==============================
Solution tour: 
0 18 8 10 6 22 4 10 8 4 
1 42 22 6 
4 8 18 38 2 38 21 34 25 17 37 30 23 24 23 35 23 14 29 14 32 30 37 17 0 33 0 40 31 28 45 8 
2 8 
5 8 36 16 7 
3 7 16 43 27 11 41 15 9 39 9 0 40 31 28 5 37 5 28 36 26 12 13 4 6 19 40 
==============================

====== Algorithm Status ======
Valor:                6516
Time:                 506
nIter:                40
Best Iter:            40
Improvement Count:    39
==============================
Solution tour: 
0 18 8 38 9 41 10 6 22 43 4 6 10 8 4 13 12 20 7 16 
1 42 22 6 
4 8 18 38 2 38 21 39 21 25 28 25 17 37 30 23 24 23 35 23 14 29 14 32 30 37 17 44 11 39 15 9 0 33 0 40 31 28 45 8 
2 8 20 36 19 40 
==============================

====== Algorithm Status ======
Valor:                6429
Time:                 1011
nIter:                71
Best Iter:            71
Improvement Count:    72
==============================
Solution tour: 
0 18 8 38 9 41 10 6 22 43 4 6 10 8 4 13 12 20 7 16 
1 42 22 6 
4 8 18 38 2 38 21 39 21 28 25 17 37 30 23 24 23 35 23 14 29 14 32 30 37 17 44 11 39 15 9 0 33 0 40 31 28 45 8 
2 8 20 36 19 40 
==============================

====== Algorithm Status ======
Valor:                6429
Time:                 1011
nIter:                71
Best Iter:            71
Improvement Count:    72
==============================
Solution tour: 
0 18 8 38 9 41 10 6 22 43 4 6 10 8 4 13 12 20 7 16 
1 42 22 6 
4 8 18 38 2 38 21 39 21 28 25 17 37 30 23 24 23 35 23 14 29 14 32 30 37 17 44 11 39 15 9 0 33 0 40 31 28 45 8 
2 8 20 36 19 40 
==============================

