=========== Input ===========
File name:                ./instances/realistic-instances/15-25-1110588.cdop
Total node count:         41
Truck node count:         15
Drone node count:         25
=============================

========== Settings ==========
Settings file:        ./settings/Memetic_MPX_1099666.config
Seed:                 1099666
Reduction method:     -
Max iter:             1024000
Population size:      13
Crossover:            MA-MPX
Local Search:         LS
Warm Start:           -
==============================

====== Algorithm Status ======
Valor:                2620
Time:                 252
nIter:                51
Best Iter:            51
Improvement Count:    50
==============================
Solution tour: 
0 34 
10 22 
6 22 17 24 
13 18 31 11 10 
14 28 
8 
12 
5 36 27 16 21 
15 29 35 32 40 20 
9 33 
11 23 
4 
1 23 38 34 25 39 25 3 
7 
3 13 37 26 30 26 28 
==============================

====== Algorithm Status ======
Valor:                2733
Time:                 505
nIter:                111
Best Iter:            111
Improvement Count:    110
==============================
Solution tour: 
0 28 
10 
6 22 17 24 
13 3 7 18 31 26 30 26 37 11 10 
14 28 
8 
3 
12 5 21 
15 29 32 35 40 20 27 16 36 
9 33 
11 23 1 
2 
1 23 38 23 34 25 39 25 
4 
7 
==============================

====== Algorithm Status ======
Valor:                2768
Time:                 1001
nIter:                210
Best Iter:            210
Improvement Count:    209
==============================
Solution tour: 
0 
1 23 38 23 34 25 39 25 
6 22 17 24 
13 7 18 31 26 30 26 37 11 10 
2 28 
8 
14 28 
3 
12 
5 4 36 27 16 21 36 
15 29 35 32 40 20 
9 33 
11 23 1 
10 11 
==============================

====== Algorithm Status ======
Valor:                2768
Time:                 2003
nIter:                416
Best Iter:            416
Improvement Count:    415
==============================
Solution tour: 
0 
1 23 38 23 34 25 39 25 
6 22 17 24 
13 7 18 31 26 30 26 37 11 10 
2 28 
8 
14 28 
3 
12 
5 4 36 27 16 21 36 
15 29 35 32 40 20 
9 33 
11 23 1 
10 11 
==============================

====== Algorithm Status ======
Valor:                2768
Time:                 4001
nIter:                838
Best Iter:            838
Improvement Count:    837
==============================
Solution tour: 
0 
1 23 38 23 34 25 39 25 
6 22 17 24 
13 7 18 31 26 30 26 37 11 10 
2 28 
8 
14 28 
3 
12 
5 4 36 27 16 21 36 
15 29 35 32 40 20 
9 33 
11 23 1 
10 11 
==============================

====== Algorithm Status ======
Valor:                2768
Time:                 8004
nIter:                1639
Best Iter:            1639
Improvement Count:    1638
==============================
Solution tour: 
0 
1 23 38 23 34 25 39 25 
6 22 17 24 
13 7 18 31 26 30 26 37 11 10 
2 28 
8 
14 28 
3 
12 
5 4 36 27 16 21 36 
15 29 35 32 40 20 
9 33 
11 23 1 
10 11 
==============================

====== Algorithm Status ======
Valor:                2768
Time:                 16002
nIter:                3272
Best Iter:            3272
Improvement Count:    3271
==============================
Solution tour: 
0 
1 23 38 23 34 25 39 25 
6 22 17 24 
13 7 18 31 26 30 26 37 11 10 
2 28 
8 
14 28 
3 
12 
5 4 36 27 16 21 36 
15 29 35 32 40 20 
9 33 
11 23 1 
10 11 
==============================

====== Algorithm Status ======
Valor:                2768
Time:                 32004
nIter:                6599
Best Iter:            6599
Improvement Count:    6598
==============================
Solution tour: 
0 
1 23 38 23 34 25 39 25 
6 22 17 24 
13 7 18 31 26 30 26 37 11 10 
2 28 
8 
14 28 
3 
12 
5 4 36 27 16 21 36 
15 29 35 32 40 20 
9 33 
11 23 1 
10 11 
==============================

====== Algorithm Status ======
Valor:                2819
Time:                 64001
nIter:                13358
Best Iter:            13358
Improvement Count:    13357
==============================
Solution tour: 
0 
3 
4 
5 23 
1 23 38 16 21 25 39 25 36 4 
11 10 
6 17 24 
13 26 30 26 37 26 31 7 11 23 11 
12 7 18 
7 
9 33 
15 29 35 32 40 20 27 34 
2 22 28 
8 
==============================

====== Algorithm Status ======
Valor:                2819
Time:                 128005
nIter:                25714
Best Iter:            25714
Improvement Count:    25713
==============================
Solution tour: 
0 
3 
4 
5 23 
1 23 38 16 21 25 39 25 36 4 
11 10 
6 17 24 
13 26 30 26 37 26 31 7 11 23 11 
12 7 18 
7 
9 33 
15 29 35 32 40 20 27 34 
2 22 28 
8 
==============================

====== Algorithm Status ======
Valor:                2865
Time:                 256000
nIter:                50240
Best Iter:            50240
Improvement Count:    50239
==============================
Solution tour: 
0 
3 
4 28 
8 
14 22 34 
5 21 23 
1 23 38 16 27 36 25 39 25 36 
15 33 
11 
10 
2 
6 17 24 
13 37 26 30 26 37 11 23 11 
12 7 18 31 18 
7 
9 20 40 32 35 29 
==============================

====== Algorithm Status ======
Valor:                2882
Time:                 512000
nIter:                100305
Best Iter:            100305
Improvement Count:    100304
==============================
Solution tour: 
0 
3 
4 28 
8 
14 22 34 
5 21 36 23 
1 23 38 16 27 36 25 39 25 36 
15 33 11 
10 
2 
6 17 24 
13 37 26 30 26 37 11 23 11 
12 7 18 31 18 
7 
11 33 20 40 32 35 29 
==============================

====== Algorithm Status ======
Valor:                2884
Time:                 1024002
nIter:                199613
Best Iter:            199613
Improvement Count:    199614
==============================
Solution tour: 
0 
3 
4 1 28 
8 
14 22 34 
5 21 36 23 
1 23 38 16 27 36 25 39 25 36 
9 33 11 
10 
2 
6 17 24 
13 37 26 30 26 37 11 23 11 
12 7 18 31 18 
7 
11 33 20 40 32 35 29 
==============================

====== Algorithm Status ======
Valor:                2884
Time:                 1024002
nIter:                199613
Best Iter:            199613
Improvement Count:    199614
==============================
Solution tour: 
0 
3 
4 1 28 
8 
14 22 34 
5 21 36 23 
1 23 38 16 27 36 25 39 25 36 
9 33 11 
10 
2 
6 17 24 
13 37 26 30 26 37 11 23 11 
12 7 18 31 18 
7 
11 33 20 40 32 35 29 
==============================

