=========== Input ===========
File name:                ./instances/realistic-instances/15-10-1767920.cdop
Total node count:         26
Truck node count:         15
Drone node count:         10
=============================

========== Settings ==========
Settings file:        ./settings/Memetic_MPX_1881515.config
Seed:                 1881515
Reduction method:     -
Max iter:             1024000
Population size:      13
Crossover:            MA-MPX
Local Search:         LS
Warm Start:           -
==============================

====== Algorithm Status ======
Valor:                1766
Time:                 251
nIter:                125
Best Iter:            125
Improvement Count:    124
==============================
Solution tour: 
0 7 19 
14 17 21 17 24 25 12 
9 
12 
15 6 15 
10 23 20 13 20 23 19 
7 16 
11 
13 18 2 4 2 1 
3 1 
2 
4 
5 4 2 18 4 2 4 1 0 
8 0 
1 
==============================

====== Algorithm Status ======
Valor:                1766
Time:                 504
nIter:                253
Best Iter:            253
Improvement Count:    252
==============================
Solution tour: 
0 7 19 
14 17 21 17 24 25 12 
9 
12 
15 6 15 
10 23 20 13 20 23 19 
7 16 
11 
13 18 2 4 2 1 
3 1 
2 
4 
5 4 2 18 4 2 4 1 0 
8 0 
1 
==============================

====== Algorithm Status ======
Valor:                1786
Time:                 1000
nIter:                491
Best Iter:            491
Improvement Count:    490
==============================
Solution tour: 
0 7 19 
14 17 24 17 21 17 25 12 
9 
12 
15 6 15 
10 23 20 13 20 23 9 19 
7 16 
11 
13 18 2 1 
3 1 
2 
4 
5 4 2 18 4 0 
8 0 
1 
==============================

====== Algorithm Status ======
Valor:                1787
Time:                 2001
nIter:                1007
Best Iter:            1007
Improvement Count:    1006
==============================
Solution tour: 
0 7 19 
14 24 21 17 25 2 
5 4 18 4 0 
8 0 
9 
12 
15 6 15 
10 23 20 13 20 23 9 19 
7 16 
11 
13 18 2 1 
3 1 
==============================

====== Algorithm Status ======
Valor:                1815
Time:                 4001
nIter:                1932
Best Iter:            1932
Improvement Count:    1931
==============================
Solution tour: 
0 
2 
1 
14 24 17 21 17 25 2 4 
5 4 18 4 1 
3 1 0 
8 0 
4 20 13 16 7 19 
7 16 
11 
13 20 23 
9 
12 
15 6 15 
==============================

====== Algorithm Status ======
Valor:                1815
Time:                 8000
nIter:                3867
Best Iter:            3867
Improvement Count:    3866
==============================
Solution tour: 
0 
2 
1 
14 24 17 21 17 25 2 4 
5 4 18 4 1 
3 1 0 
8 0 
4 20 13 16 7 19 
7 16 
11 
13 20 23 
9 
12 
15 6 15 
==============================

====== Algorithm Status ======
Valor:                1825
Time:                 16000
nIter:                7637
Best Iter:            7637
Improvement Count:    7636
==============================
Solution tour: 
0 
8 0 
2 18 2 
4 20 13 18 16 7 19 
7 16 
11 
13 20 23 
9 7 
6 15 
12 
10 24 17 21 25 12 
14 15 6 
5 1 
3 1 0 
==============================

====== Algorithm Status ======
Valor:                1849
Time:                 32000
nIter:                14988
Best Iter:            14988
Improvement Count:    14987
==============================
Solution tour: 
0 
1 0 
8 0 
2 18 
4 8 20 13 16 7 19 
7 16 
11 
13 20 23 17 21 17 25 24 10 
9 
12 
15 
6 15 10 
==============================

====== Algorithm Status ======
Valor:                1849
Time:                 64002
nIter:                29147
Best Iter:            29147
Improvement Count:    29146
==============================
Solution tour: 
0 
1 0 
8 0 
2 18 
4 8 20 13 16 7 19 
7 16 
11 
13 20 23 17 21 17 25 24 10 
9 
12 
15 
6 15 10 
==============================

====== Algorithm Status ======
Valor:                1849
Time:                 128001
nIter:                56332
Best Iter:            56332
Improvement Count:    56331
==============================
Solution tour: 
0 
1 0 
8 0 
2 18 
4 8 20 13 16 7 19 
7 16 
11 
13 20 23 17 21 17 25 24 10 
9 
12 
15 
6 15 10 
==============================

====== Algorithm Status ======
Valor:                1849
Time:                 256002
nIter:                117444
Best Iter:            117444
Improvement Count:    117443
==============================
Solution tour: 
0 
1 0 
8 0 
2 18 
4 8 20 13 16 7 19 
7 16 
11 
13 20 23 17 21 17 25 24 10 
9 
12 
15 
6 15 10 
==============================

====== Algorithm Status ======
Valor:                1920
Time:                 512000
nIter:                238375
Best Iter:            238375
Improvement Count:    238374
==============================
Solution tour: 
0 1 
14 1 0 8 0 
4 
2 18 16 
7 19 7 16 13 20 
13 
11 18 2 
12 23 15 
6 
15 
9 
10 24 17 21 17 25 2 
==============================

====== Algorithm Status ======
Valor:                1920
Time:                 1024001
nIter:                483155
Best Iter:            483155
Improvement Count:    483156
==============================
Solution tour: 
0 1 
14 1 0 8 0 
4 
2 18 16 
7 19 7 16 13 20 
13 
11 18 2 
12 23 15 
6 
15 
9 
10 24 17 21 17 25 2 
==============================

====== Algorithm Status ======
Valor:                1920
Time:                 1024001
nIter:                483155
Best Iter:            483155
Improvement Count:    483156
==============================
Solution tour: 
0 1 
14 1 0 8 0 
4 
2 18 16 
7 19 7 16 13 20 
13 
11 18 2 
12 23 15 
6 
15 
9 
10 24 17 21 17 25 2 
==============================

