=========== Input ===========
File name:                ./instances/realistic-instances/10-40-1762875.cdop
Total node count:         51
Truck node count:         10
Drone node count:         40
=============================

========== Settings ==========
Settings file:        ./settings/Memetic_MMX_1287823.config
Seed:                 1287823
Reduction method:     -
Max iter:             1024000
Population size:      13
Crossover:            MA-MMX
Local Search:         LS
Warm Start:           -
==============================

====== Algorithm Status ======
Valor:                3319
Time:                 250
nIter:                25
Best Iter:            25
Improvement Count:    24
==============================
Solution tour: 
0 14 35 50 12 25 19 27 21 47 40 11 47 40 31 45 28 37 22 32 30 36 
5 36 17 23 33 26 16 41 39 20 24 29 13 49 18 44 
6 46 43 15 42 
==============================

====== Algorithm Status ======
Valor:                3362
Time:                 504
nIter:                52
Best Iter:            52
Improvement Count:    51
==============================
Solution tour: 
0 14 35 50 12 25 19 11 47 27 21 40 31 45 28 37 34 22 32 30 36 
5 36 17 23 33 26 16 41 39 20 24 29 13 49 18 15 46 44 
6 43 42 
==============================

====== Algorithm Status ======
Valor:                3402
Time:                 1003
nIter:                107
Best Iter:            107
Improvement Count:    106
==============================
Solution tour: 
0 14 35 50 30 12 25 19 11 47 48 27 21 40 31 45 28 37 34 22 32 30 39 36 
5 36 17 23 33 26 16 41 20 24 29 13 49 18 44 
6 46 43 42 15 42 
==============================

====== Algorithm Status ======
Valor:                3423
Time:                 2007
nIter:                200
Best Iter:            200
Improvement Count:    199
==============================
Solution tour: 
0 14 25 12 50 35 19 11 47 48 27 21 40 31 45 28 37 34 22 32 30 39 36 
5 36 17 23 33 26 16 41 20 24 29 13 49 18 44 
6 10 46 43 42 15 42 
==============================

====== Algorithm Status ======
Valor:                3423
Time:                 4001
nIter:                392
Best Iter:            392
Improvement Count:    391
==============================
Solution tour: 
0 14 25 12 50 35 19 11 47 48 27 21 40 31 45 28 37 34 22 32 30 39 36 
5 36 17 23 33 26 16 41 20 24 29 13 49 18 44 
6 10 46 43 42 15 42 
==============================

====== Algorithm Status ======
Valor:                3437
Time:                 8004
nIter:                781
Best Iter:            781
Improvement Count:    780
==============================
Solution tour: 
0 14 25 12 50 35 46 19 11 47 48 27 21 40 31 45 28 37 34 22 32 39 30 36 
5 36 17 23 24 33 26 16 41 16 15 18 49 29 13 44 
6 43 42 
==============================

====== Algorithm Status ======
Valor:                3450
Time:                 16005
nIter:                1560
Best Iter:            1560
Improvement Count:    1559
==============================
Solution tour: 
0 14 25 12 50 35 19 11 47 48 27 21 40 31 45 28 37 34 22 32 39 30 36 
5 36 17 23 24 33 26 16 41 16 15 18 49 29 13 20 44 
6 46 43 42 
==============================

====== Algorithm Status ======
Valor:                3450
Time:                 32005
nIter:                3149
Best Iter:            3149
Improvement Count:    3148
==============================
Solution tour: 
0 14 25 12 50 35 19 11 47 48 27 21 40 31 45 28 37 34 22 32 39 30 36 
5 36 17 23 24 33 26 16 41 16 15 18 49 29 13 20 44 
6 46 43 42 
==============================

====== Algorithm Status ======
Valor:                3491
Time:                 64001
nIter:                6531
Best Iter:            6531
Improvement Count:    6530
==============================
Solution tour: 
0 14 24 29 25 12 50 35 11 47 48 27 21 40 31 45 28 37 34 22 32 41 39 30 36 
5 36 17 23 33 26 16 15 20 15 18 49 13 44 
6 19 46 43 42 
==============================

====== Algorithm Status ======
Valor:                3491
Time:                 128000
nIter:                13885
Best Iter:            13885
Improvement Count:    13884
==============================
Solution tour: 
0 14 24 29 25 12 50 35 11 47 48 27 21 40 31 45 28 37 34 22 32 41 39 30 36 
5 36 17 23 33 26 16 15 20 15 18 49 13 44 
6 19 46 43 42 
==============================

====== Algorithm Status ======
Valor:                3491
Time:                 256013
nIter:                26970
Best Iter:            26970
Improvement Count:    26969
==============================
Solution tour: 
0 14 24 29 25 12 50 35 11 47 48 27 21 40 31 45 28 37 34 22 32 41 39 30 36 
5 36 17 23 33 26 16 15 20 15 18 49 13 44 
6 19 46 43 42 
==============================

====== Algorithm Status ======
Valor:                3491
Time:                 512002
nIter:                54301
Best Iter:            54301
Improvement Count:    54300
==============================
Solution tour: 
0 14 24 29 25 12 50 35 11 47 48 27 21 40 31 45 28 37 34 22 32 41 39 30 36 
5 36 17 23 33 26 16 15 20 15 18 49 13 44 
6 19 46 43 42 
==============================

====== Algorithm Status ======
Valor:                3513
Time:                 1024001
nIter:                108119
Best Iter:            108119
Improvement Count:    108120
==============================
Solution tour: 
0 14 24 29 8 47 11 27 21 40 31 45 28 37 34 22 32 41 30 39 12 36 
5 36 50 35 25 7 23 33 26 16 15 20 15 18 49 13 44 
6 17 19 46 43 42 
==============================

====== Algorithm Status ======
Valor:                3513
Time:                 1024001
nIter:                108119
Best Iter:            108119
Improvement Count:    108120
==============================
Solution tour: 
0 14 24 29 8 47 11 27 21 40 31 45 28 37 34 22 32 41 30 39 12 36 
5 36 50 35 25 7 23 33 26 16 15 20 15 18 49 13 44 
6 17 19 46 43 42 
==============================

