=========== Input ===========
File name:                ./instances/realistic-instances/10-40-1767920.cdop
Total node count:         51
Truck node count:         10
Drone node count:         40
=============================

========== Settings ==========
Settings file:        ./settings/Memetic-LS_MPX_1099666.config
Seed:                 1099666
Reduction method:     -
Max iter:             1024000
Population size:      13
Crossover:            MA-MPX
Local Search:         -
Warm Start:           -
==============================

====== Algorithm Status ======
Valor:                2222
Time:                 250
nIter:                237
Best Iter:            237
Improvement Count:    236
==============================
Solution tour: 
0 11 17 
3 35 31 22 
9 16 38 
4 
2 26 18 36 23 42 
6 27 50 
1 34 47 37 29 
8 41 
7 
10 
5 12 32 40 
==============================

====== Algorithm Status ======
Valor:                2376
Time:                 500
nIter:                455
Best Iter:            455
Improvement Count:    454
==============================
Solution tour: 
0 11 17 
8 
7 41 
1 34 47 37 29 
2 26 21 18 36 23 42 
6 46 35 50 
10 
5 12 32 40 
3 27 44 31 22 
9 16 38 
4 
==============================

====== Algorithm Status ======
Valor:                2445
Time:                 1006
nIter:                873
Best Iter:            873
Improvement Count:    872
==============================
Solution tour: 
0 11 17 
8 
7 41 
1 26 47 37 29 
2 44 30 21 18 36 23 42 
6 35 50 
10 
5 12 32 40 
3 34 31 22 
9 16 38 
4 28 
==============================

====== Algorithm Status ======
Valor:                2529
Time:                 2000
nIter:                1709
Best Iter:            1709
Improvement Count:    1708
==============================
Solution tour: 
0 11 17 
8 
5 12 32 40 
3 34 31 22 
9 16 38 
4 28 
7 41 
1 26 
10 47 37 29 
2 44 50 21 18 36 23 42 
6 35 30 46 
==============================

====== Algorithm Status ======
Valor:                2580
Time:                 4003
nIter:                3342
Best Iter:            3342
Improvement Count:    3341
==============================
Solution tour: 
0 11 17 
8 
5 12 32 40 
7 41 
1 26 
10 47 37 43 29 
2 44 50 21 18 36 23 42 
6 35 30 46 
3 34 31 22 
9 16 38 
4 28 
==============================

====== Algorithm Status ======
Valor:                2590
Time:                 8004
nIter:                6497
Best Iter:            6497
Improvement Count:    6496
==============================
Solution tour: 
0 11 17 
10 
5 12 32 40 
7 41 
1 26 
8 47 37 43 29 
2 50 21 18 36 23 42 
6 35 15 30 46 
3 34 31 22 
9 16 38 
4 28 
==============================

====== Algorithm Status ======
Valor:                2708
Time:                 16000
nIter:                12717
Best Iter:            12717
Improvement Count:    12716
==============================
Solution tour: 
0 11 17 
9 16 13 38 
4 28 
3 46 11 39 34 31 22 
10 
5 12 40 32 19 
1 41 
7 26 
8 47 37 43 29 
2 50 21 18 35 23 42 
6 36 15 30 46 
==============================

====== Algorithm Status ======
Valor:                2823
Time:                 32000
nIter:                25250
Best Iter:            25250
Improvement Count:    25249
==============================
Solution tour: 
0 39 
9 16 
4 38 13 12 
3 
1 11 14 17 28 31 22 
10 
5 34 40 32 19 46 41 
7 26 
8 47 37 43 29 
2 49 50 44 18 21 35 23 42 
6 36 15 30 46 
==============================

====== Algorithm Status ======
Valor:                2896
Time:                 64000
nIter:                48288
Best Iter:            48288
Improvement Count:    48287
==============================
Solution tour: 
0 39 
9 16 
4 38 13 12 
3 
1 11 14 17 27 28 31 22 
10 
5 34 40 25 32 19 46 41 
7 26 
8 47 37 43 29 
2 49 50 44 18 24 23 35 21 42 
6 36 15 30 46 
==============================

====== Algorithm Status ======
Valor:                2930
Time:                 128000
nIter:                89374
Best Iter:            89374
Improvement Count:    89373
==============================
Solution tour: 
0 39 
9 16 48 
4 38 13 12 
3 
1 11 14 17 27 49 31 22 
10 
5 34 47 40 25 32 19 21 41 
7 26 
8 47 37 43 29 
2 28 50 44 18 24 23 35 42 
6 36 15 30 46 
==============================

====== Algorithm Status ======
Valor:                2979
Time:                 256004
nIter:                170607
Best Iter:            170607
Improvement Count:    170606
==============================
Solution tour: 
0 39 
9 16 19 
4 38 13 48 12 
3 
1 11 30 14 17 27 49 31 22 
10 
5 34 47 40 25 18 48 21 41 
7 26 
8 47 37 43 29 
2 28 50 44 32 24 23 35 
6 42 36 15 46 
==============================

====== Algorithm Status ======
Valor:                3017
Time:                 512000
nIter:                332092
Best Iter:            332092
Improvement Count:    332091
==============================
Solution tour: 
0 39 
9 16 19 
4 38 13 25 50 24 
1 0 11 30 14 17 27 49 31 22 
10 
5 34 45 47 40 48 18 12 21 41 
7 26 
8 47 37 43 29 
2 28 
3 44 32 24 23 35 
6 42 36 15 46 
==============================

====== Algorithm Status ======
Valor:                3087
Time:                 1024002
nIter:                651418
Best Iter:            651418
Improvement Count:    651419
==============================
Solution tour: 
0 39 
9 16 44 
4 38 13 25 50 24 
1 11 30 14 17 27 49 31 22 
10 
5 34 45 47 40 32 18 12 48 21 41 
7 26 
8 47 37 43 29 
2 28 
3 19 35 23 
6 42 36 15 46 
==============================

====== Algorithm Status ======
Valor:                3087
Time:                 1024002
nIter:                651418
Best Iter:            651418
Improvement Count:    651419
==============================
Solution tour: 
0 39 
9 16 44 
4 38 13 25 50 24 
1 11 30 14 17 27 49 31 22 
10 
5 34 45 47 40 32 18 12 48 21 41 
7 26 
8 47 37 43 29 
2 28 
3 19 35 23 
6 42 36 15 46 
==============================

