=========== Input ===========
File name:                ./instances/realistic-instances/15-10-1917698.cdop
Total node count:         26
Truck node count:         15
Drone node count:         10
=============================

========== Settings ==========
Settings file:        ./settings/Memetic_MPX_1881515.config
Seed:                 1881515
Reduction method:     -
Max iter:             1024000
Population size:      13
Crossover:            MA-MPX
Local Search:         LS
Warm Start:           -
==============================

====== Algorithm Status ======
Valor:                1599
Time:                 250
nIter:                148
Best Iter:            148
Improvement Count:    147
==============================
Solution tour: 
0 
4 21 22 18 
5 2 
12 25 21 4 19 4 
13 16 
15 16 23 9 
1 
9 23 
11 23 24 
6 21 
10 12 2 
8 2 
3 2 
==============================

====== Algorithm Status ======
Valor:                1599
Time:                 500
nIter:                294
Best Iter:            294
Improvement Count:    293
==============================
Solution tour: 
0 
4 21 22 18 
5 2 
12 25 21 4 19 4 
13 16 
15 16 23 9 
1 
9 23 
11 23 24 
6 21 
10 12 2 
8 2 
3 2 
==============================

====== Algorithm Status ======
Valor:                1599
Time:                 1000
nIter:                588
Best Iter:            588
Improvement Count:    587
==============================
Solution tour: 
0 
4 21 22 18 
5 2 
12 25 21 4 19 4 
13 16 
15 16 23 9 
1 
9 23 
11 23 24 
6 21 
10 12 2 
8 2 
3 2 
==============================

====== Algorithm Status ======
Valor:                1633
Time:                 2001
nIter:                1182
Best Iter:            1182
Improvement Count:    1181
==============================
Solution tour: 
0 
4 21 22 18 
5 2 
12 25 21 4 19 4 0 
13 16 
15 16 23 9 
7 
1 
9 23 
11 10 24 
6 21 
14 17 10 11 
==============================

====== Algorithm Status ======
Valor:                1633
Time:                 4001
nIter:                2422
Best Iter:            2422
Improvement Count:    2421
==============================
Solution tour: 
0 
4 21 22 18 
5 2 
12 25 21 4 19 4 0 
13 16 
15 16 23 9 
7 
1 
9 23 
11 10 24 
6 21 
14 17 10 11 
==============================

====== Algorithm Status ======
Valor:                1633
Time:                 8000
nIter:                4920
Best Iter:            4920
Improvement Count:    4919
==============================
Solution tour: 
0 
4 21 22 18 
5 2 
12 25 21 4 19 4 0 
13 16 
15 16 23 9 
7 
1 
9 23 
11 10 24 
6 21 
14 17 10 11 
==============================

====== Algorithm Status ======
Valor:                1633
Time:                 16001
nIter:                9679
Best Iter:            9679
Improvement Count:    9678
==============================
Solution tour: 
0 
4 21 22 18 
5 2 
12 25 21 4 19 4 0 
13 16 
15 16 23 9 
7 
1 
9 23 
11 10 24 
6 21 
14 17 10 11 
==============================

====== Algorithm Status ======
Valor:                1658
Time:                 32001
nIter:                19375
Best Iter:            19375
Improvement Count:    19374
==============================
Solution tour: 
0 
3 2 
8 
2 
12 25 21 4 19 4 0 
13 
10 21 
6 24 17 
14 17 
15 16 23 11 
7 
4 21 22 18 
5 
1 
==============================

====== Algorithm Status ======
Valor:                1683
Time:                 64001
nIter:                37992
Best Iter:            37992
Improvement Count:    37991
==============================
Solution tour: 
0 
13 
10 21 
6 24 6 17 
14 17 
15 16 23 11 
7 
4 21 22 18 
5 
1 
3 
9 2 
8 
2 
12 25 21 4 19 4 0 
==============================

====== Algorithm Status ======
Valor:                1683
Time:                 128001
nIter:                73569
Best Iter:            73569
Improvement Count:    73568
==============================
Solution tour: 
0 
13 
10 21 
6 24 6 17 
14 17 
15 16 23 11 
7 
4 21 22 18 
5 
1 
3 
9 2 
8 
2 
12 25 21 4 19 4 0 
==============================

====== Algorithm Status ======
Valor:                1718
Time:                 256001
nIter:                150875
Best Iter:            150875
Improvement Count:    150874
==============================
Solution tour: 
0 
4 21 22 18 
5 
1 
3 
9 2 
8 
2 
12 25 21 4 19 4 
11 10 16 23 
13 0 20 24 
6 24 
10 17 
14 17 15 20 
==============================

====== Algorithm Status ======
Valor:                1749
Time:                 512000
nIter:                299253
Best Iter:            299253
Improvement Count:    299252
==============================
Solution tour: 
0 
4 21 22 1 5 18 
5 
1 
3 2 
8 
14 17 11 
7 12 
2 
12 25 21 4 19 4 
11 23 
9 23 16 
13 
6 24 20 
==============================

====== Algorithm Status ======
Valor:                1754
Time:                 1024001
nIter:                595897
Best Iter:            595897
Improvement Count:    595898
==============================
Solution tour: 
0 13 
11 23 
9 2 
12 25 21 4 19 4 21 22 1 5 18 
5 
1 
3 2 
8 
14 17 
15 16 
10 24 20 
==============================

====== Algorithm Status ======
Valor:                1754
Time:                 1024001
nIter:                595897
Best Iter:            595897
Improvement Count:    595898
==============================
Solution tour: 
0 13 
11 23 
9 2 
12 25 21 4 19 4 21 22 1 5 18 
5 
1 
3 2 
8 
14 17 
15 16 
10 24 20 
==============================

