=========== Input ===========
File name:                ./instances/realistic-instances/15-40-1917698.cdop
Total node count:         56
Truck node count:         15
Drone node count:         40
=============================

========== Settings ==========
Settings file:        ./settings/Memetic-LS_MMX_1881515.config
Seed:                 1881515
Reduction method:     -
Max iter:             1024000
Population size:      13
Crossover:            MA-MMX
Local Search:         -
Warm Start:           -
==============================

====== Algorithm Status ======
Valor:                1915
Time:                 256
nIter:                211
Best Iter:            211
Improvement Count:    210
==============================
Solution tour: 
0 25 43 34 32 
11 
13 55 50 
8 17 19 24 
4 53 51 
14 46 20 52 39 52 16 
==============================

====== Algorithm Status ======
Valor:                1943
Time:                 500
nIter:                405
Best Iter:            405
Improvement Count:    404
==============================
Solution tour: 
0 2 25 43 34 32 
11 
13 51 50 
8 17 19 24 
4 55 53 51 
14 46 20 52 39 52 16 
==============================

====== Algorithm Status ======
Valor:                2042
Time:                 1000
nIter:                769
Best Iter:            769
Improvement Count:    768
==============================
Solution tour: 
0 42 25 43 34 32 50 
8 17 19 24 
4 55 48 53 51 
14 46 20 52 39 52 16 
==============================

====== Algorithm Status ======
Valor:                2042
Time:                 2000
nIter:                1494
Best Iter:            1494
Improvement Count:    1493
==============================
Solution tour: 
0 42 25 43 34 32 50 
8 17 19 24 
4 55 48 53 51 
14 46 20 52 39 52 16 
==============================

====== Algorithm Status ======
Valor:                2157
Time:                 4006
nIter:                2958
Best Iter:            2958
Improvement Count:    2957
==============================
Solution tour: 
0 28 42 25 43 34 32 34 17 19 24 
4 55 48 53 51 
14 46 20 52 39 52 16 
==============================

====== Algorithm Status ======
Valor:                2475
Time:                 8006
nIter:                5922
Best Iter:            5922
Improvement Count:    5921
==============================
Solution tour: 
0 53 51 32 34 19 24 37 49 25 42 34 32 24 55 53 35 26 
14 46 36 52 20 52 39 52 22 28 16 
==============================

====== Algorithm Status ======
Valor:                2657
Time:                 16000
nIter:                11732
Best Iter:            11732
Improvement Count:    11731
==============================
Solution tour: 
0 33 34 32 24 19 24 55 37 25 42 35 27 35 53 35 26 22 
14 46 36 52 20 52 39 52 28 17 
==============================

====== Algorithm Status ======
Valor:                2723
Time:                 32010
nIter:                23360
Best Iter:            23360
Improvement Count:    23359
==============================
Solution tour: 
0 33 34 32 24 19 16 49 37 42 25 27 35 53 35 22 26 22 23 
14 46 21 36 52 20 52 39 52 28 55 17 
==============================

====== Algorithm Status ======
Valor:                2806
Time:                 64010
nIter:                46274
Best Iter:            46274
Improvement Count:    46273
==============================
Solution tour: 
0 33 34 32 24 19 42 25 27 22 49 37 48 35 53 35 51 26 22 26 51 26 16 23 
14 46 21 36 52 20 52 39 52 28 55 47 17 
==============================

====== Algorithm Status ======
Valor:                2982
Time:                 128000
nIter:                95898
Best Iter:            95898
Improvement Count:    95897
==============================
Solution tour: 
0 17 33 24 32 24 19 34 41 42 25 22 51 26 22 26 45 49 37 27 35 53 35 16 23 
14 46 21 36 52 20 52 39 52 48 28 55 54 47 17 
==============================

====== Algorithm Status ======
Valor:                2997
Time:                 256008
nIter:                194778
Best Iter:            194778
Improvement Count:    194777
==============================
Solution tour: 
0 17 33 24 32 24 19 38 19 34 41 42 25 51 22 26 22 29 45 49 37 27 35 53 35 16 23 
14 46 21 36 52 20 52 39 52 48 28 55 54 47 17 
==============================

====== Algorithm Status ======
Valor:                3058
Time:                 512000
nIter:                382277
Best Iter:            382277
Improvement Count:    382276
==============================
Solution tour: 
0 17 33 24 32 24 19 38 19 41 34 42 25 51 22 26 22 29 45 49 37 27 35 53 35 16 50 23 
14 46 21 36 52 20 52 39 52 48 28 55 54 47 17 
==============================

====== Algorithm Status ======
Valor:                3066
Time:                 1024001
nIter:                750867
Best Iter:            750867
Improvement Count:    750868
==============================
Solution tour: 
0 17 33 24 32 24 19 38 19 41 34 42 25 51 22 26 22 29 45 49 37 27 35 53 35 16 50 23 
14 46 21 36 52 20 52 39 52 48 28 55 18 47 17 
==============================

====== Algorithm Status ======
Valor:                3066
Time:                 1024001
nIter:                750867
Best Iter:            750867
Improvement Count:    750868
==============================
Solution tour: 
0 17 33 24 32 24 19 38 19 41 34 42 25 51 22 26 22 29 45 49 37 27 35 53 35 16 50 23 
14 46 21 36 52 20 52 39 52 48 28 55 18 47 17 
==============================

