=========== Input ===========
File name:                ./instances/realistic-instances/15-40-1110588.cdop
Total node count:         56
Truck node count:         15
Drone node count:         40
=============================

========== Settings ==========
Settings file:        ./settings/Memetic-LS_MPX_1287823.config
Seed:                 1287823
Reduction method:     -
Max iter:             1024000
Population size:      13
Crossover:            MA-MPX
Local Search:         -
Warm Start:           -
==============================

====== Algorithm Status ======
Valor:                1718
Time:                 250
nIter:                207
Best Iter:            207
Improvement Count:    206
==============================
Solution tour: 
0 27 
1 34 25 21 
13 41 
4 
12 19 
11 
5 
2 
3 
7 
15 
6 49 37 
14 
10 55 43 29 39 
8 
9 
==============================

====== Algorithm Status ======
Valor:                1940
Time:                 500
nIter:                396
Best Iter:            396
Improvement Count:    395
==============================
Solution tour: 
0 27 
13 37 44 
14 
10 55 29 39 
8 
9 
1 34 25 21 35 36 49 41 
4 
12 19 
11 
5 
2 
3 
7 
15 
6 
==============================

====== Algorithm Status ======
Valor:                1972
Time:                 1000
nIter:                760
Best Iter:            760
Improvement Count:    759
==============================
Solution tour: 
0 
10 55 29 39 
14 
13 37 44 
9 
1 34 25 21 35 36 49 41 
4 
12 19 
11 
5 
2 
6 
15 
7 
8 
3 42 27 
==============================

====== Algorithm Status ======
Valor:                2087
Time:                 2005
nIter:                1472
Best Iter:            1472
Improvement Count:    1471
==============================
Solution tour: 
0 45 
9 
1 34 25 21 35 36 49 41 
4 
12 19 
11 
5 
2 
6 
15 
8 
7 
3 42 27 
10 55 29 39 
14 
13 37 44 
==============================

====== Algorithm Status ======
Valor:                2087
Time:                 4000
nIter:                2960
Best Iter:            2960
Improvement Count:    2959
==============================
Solution tour: 
0 45 
9 
1 34 25 21 35 36 49 41 
4 
12 19 
11 
5 
2 
6 
15 
8 
7 
3 42 27 
10 55 29 39 
14 
13 37 44 
==============================

====== Algorithm Status ======
Valor:                2282
Time:                 8005
nIter:                5871
Best Iter:            5871
Improvement Count:    5870
==============================
Solution tour: 
0 45 
6 27 
2 
5 
11 
8 
7 
3 42 29 
10 55 
13 34 25 21 35 36 49 41 28 40 
4 40 
9 
12 19 
15 47 39 
14 
1 37 44 
==============================

====== Algorithm Status ======
Valor:                2380
Time:                 16003
nIter:                11537
Best Iter:            11537
Improvement Count:    11536
==============================
Solution tour: 
0 45 36 
9 
6 27 
5 
11 
8 
7 
3 42 29 
10 55 
13 34 25 21 35 32 49 41 28 40 
4 40 
2 
12 19 
15 47 39 
14 
1 53 37 44 
==============================

====== Algorithm Status ======
Valor:                2453
Time:                 32000
nIter:                23234
Best Iter:            23234
Improvement Count:    23233
==============================
Solution tour: 
0 45 36 
6 27 
7 
3 42 29 
12 19 
15 47 39 
8 
11 
5 
2 
14 
1 53 37 44 
10 55 41 34 25 21 35 32 49 
9 
4 
13 28 40 16 
==============================

====== Algorithm Status ======
Valor:                2472
Time:                 64001
nIter:                46913
Best Iter:            46913
Improvement Count:    46912
==============================
Solution tour: 
0 45 38 36 
11 
5 
2 
14 
1 53 37 44 
6 27 
7 
3 42 29 
12 19 
15 47 39 
8 
10 55 41 34 25 21 35 32 49 
9 
4 
13 28 40 16 
==============================

====== Algorithm Status ======
Valor:                2572
Time:                 128000
nIter:                90284
Best Iter:            90284
Improvement Count:    90283
==============================
Solution tour: 
0 45 38 46 36 40 
1 53 44 37 26 
6 27 
7 
3 42 29 
4 
13 28 
9 49 
12 19 
15 47 39 
14 
2 
5 
11 17 
8 
10 55 41 50 34 25 21 35 32 
==============================

====== Algorithm Status ======
Valor:                2632
Time:                 256009
nIter:                175239
Best Iter:            175239
Improvement Count:    175238
==============================
Solution tour: 
0 45 50 46 36 40 
6 27 
7 
3 42 29 
4 
13 28 
9 49 
12 19 
15 47 39 
14 
1 53 51 44 37 26 
2 
5 
11 17 
8 
10 55 41 38 34 25 21 35 32 
==============================

====== Algorithm Status ======
Valor:                2737
Time:                 512003
nIter:                349085
Best Iter:            349085
Improvement Count:    349084
==============================
Solution tour: 
0 45 23 50 36 24 40 49 27 
7 
3 42 29 
4 
13 28 54 
9 
6 
12 19 
15 47 39 
14 33 
1 53 51 44 37 26 
2 
5 
11 17 
8 
10 55 41 38 34 25 21 35 32 
==============================

====== Algorithm Status ======
Valor:                2904
Time:                 1024001
nIter:                685138
Best Iter:            685138
Improvement Count:    685139
==============================
Solution tour: 
0 45 23 50 41 36 16 24 40 49 40 20 27 
6 
5 
11 17 
8 
7 
3 
10 55 43 
15 46 34 25 21 35 32 47 39 
14 
2 48 29 
1 42 33 53 51 44 37 
12 19 
9 
4 
13 28 54 
==============================

====== Algorithm Status ======
Valor:                2904
Time:                 1024001
nIter:                685138
Best Iter:            685138
Improvement Count:    685139
==============================
Solution tour: 
0 45 23 50 41 36 16 24 40 49 40 20 27 
6 
5 
11 17 
8 
7 
3 
10 55 43 
15 46 34 25 21 35 32 47 39 
14 
2 48 29 
1 42 33 53 51 44 37 
12 19 
9 
4 
13 28 54 
==============================

