=========== Input ===========
File name:                ./instances/realistic-instances/15-10-1767920.cdop
Total node count:         26
Truck node count:         15
Drone node count:         10
=============================

========== Settings ==========
Settings file:        ./settings/Memetic-LS_MMX_1099666.config
Seed:                 1099666
Reduction method:     -
Max iter:             1024000
Population size:      13
Crossover:            MA-MMX
Local Search:         -
Warm Start:           -
==============================

====== Algorithm Status ======
Valor:                1604
Time:                 250
nIter:                728
Best Iter:            728
Improvement Count:    727
==============================
Solution tour: 
0 22 
10 24 
9 7 16 7 
15 6 23 20 
13 20 19 7 19 17 21 17 23 22 
==============================

====== Algorithm Status ======
Valor:                1680
Time:                 500
nIter:                1630
Best Iter:            1630
Improvement Count:    1629
==============================
Solution tour: 
0 22 
10 24 
9 7 16 7 6 
15 6 20 
13 20 19 7 19 17 21 17 23 
12 
2 25 
==============================

====== Algorithm Status ======
Valor:                1698
Time:                 1000
nIter:                3134
Best Iter:            3134
Improvement Count:    3133
==============================
Solution tour: 
0 
8 
10 24 
9 7 16 7 6 
15 6 20 
13 20 19 7 19 17 21 22 23 
12 
2 25 
==============================

====== Algorithm Status ======
Valor:                1698
Time:                 2000
nIter:                5890
Best Iter:            5890
Improvement Count:    5889
==============================
Solution tour: 
0 
8 
10 24 
9 7 16 7 6 
15 6 20 
13 20 19 7 19 17 21 22 23 
12 
2 25 
==============================

====== Algorithm Status ======
Valor:                1698
Time:                 4000
nIter:                11722
Best Iter:            11722
Improvement Count:    11721
==============================
Solution tour: 
0 
8 
10 24 
9 7 16 7 6 
15 6 20 
13 20 19 7 19 17 21 22 23 
12 
2 25 
==============================

====== Algorithm Status ======
Valor:                1698
Time:                 8000
nIter:                23044
Best Iter:            23044
Improvement Count:    23043
==============================
Solution tour: 
0 
8 
10 24 
9 7 16 7 6 
15 6 20 
13 20 19 7 19 17 21 22 23 
12 
2 25 
==============================

====== Algorithm Status ======
Valor:                1698
Time:                 16000
nIter:                45611
Best Iter:            45611
Improvement Count:    45610
==============================
Solution tour: 
0 
8 
10 24 
9 7 16 7 6 
15 6 20 
13 20 19 7 19 17 21 22 23 
12 
2 25 
==============================

====== Algorithm Status ======
Valor:                1812
Time:                 32000
nIter:                89726
Best Iter:            89726
Improvement Count:    89725
==============================
Solution tour: 
0 
8 
10 24 
9 7 16 7 6 
15 6 23 20 
13 20 19 7 19 17 21 25 
12 
2 18 
4 
==============================

====== Algorithm Status ======
Valor:                1824
Time:                 64000
nIter:                177711
Best Iter:            177711
Improvement Count:    177710
==============================
Solution tour: 
0 
8 
10 24 
9 7 16 7 6 
15 6 23 20 
13 20 19 7 19 17 21 17 25 
2 18 
4 
==============================

====== Algorithm Status ======
Valor:                1852
Time:                 128000
nIter:                370479
Best Iter:            370479
Improvement Count:    370478
==============================
Solution tour: 
0 
8 0 24 10 
9 7 16 7 6 
15 6 23 20 
13 20 19 7 19 17 21 17 25 
2 18 
4 
==============================

====== Algorithm Status ======
Valor:                1873
Time:                 256000
nIter:                766193
Best Iter:            766193
Improvement Count:    766192
==============================
Solution tour: 
0 
10 24 10 
9 7 16 7 6 
15 6 8 20 
13 20 23 19 7 19 17 21 17 25 
2 18 2 
4 
==============================

====== Algorithm Status ======
Valor:                1873
Time:                 512000
nIter:                1531121
Best Iter:            1531121
Improvement Count:    1531120
==============================
Solution tour: 
0 
10 24 10 
9 7 16 7 6 
15 6 8 20 
13 20 23 19 7 19 17 21 17 25 
2 18 2 
4 
==============================

====== Algorithm Status ======
Valor:                1877
Time:                 1024001
nIter:                3041114
Best Iter:            3041114
Improvement Count:    3041115
==============================
Solution tour: 
0 
10 24 19 7 16 7 6 
15 6 8 20 
13 20 23 
9 7 19 17 21 25 
2 18 2 
8 
==============================

====== Algorithm Status ======
Valor:                1877
Time:                 1024001
nIter:                3041114
Best Iter:            3041114
Improvement Count:    3041115
==============================
Solution tour: 
0 
10 24 19 7 16 7 6 
15 6 8 20 
13 20 23 
9 7 19 17 21 25 
2 18 2 
8 
==============================

