=========== Input ===========
File name:                ./instances/realistic-instances/15-40-1767920.cdop
Total node count:         56
Truck node count:         15
Drone node count:         40
=============================

========== Settings ==========
Settings file:        ./settings/Memetic_MPX_1099666.config
Seed:                 1099666
Reduction method:     -
Max iter:             1024000
Population size:      13
Crossover:            MA-MPX
Local Search:         LS
Warm Start:           -
==============================

====== Algorithm Status ======
Valor:                2775
Time:                 250
nIter:                33
Best Iter:            33
Improvement Count:    32
==============================
Solution tour: 
0 17 35 30 
6 
9 44 53 24 49 51 47 16 34 52 48 22 29 33 19 28 42 23 41 50 27 20 21 31 32 45 43 26 55 18 43 
8 
5 
3 
7 
13 53 37 40 
15 40 
11 
2 
10 
14 49 31 46 21 54 37 36 21 20 7 
4 7 25 
12 
1 
==============================

====== Algorithm Status ======
Valor:                2816
Time:                 524
nIter:                66
Best Iter:            66
Improvement Count:    65
==============================
Solution tour: 
0 17 
1 
12 
9 44 45 53 24 49 51 47 16 34 52 48 22 29 33 19 28 42 23 25 35 30 50 27 20 31 32 43 26 55 18 6 
10 
2 
4 
6 
11 
13 53 37 40 
15 40 
14 49 21 54 36 41 36 
3 
7 
5 
8 
==============================

====== Algorithm Status ======
Valor:                2816
Time:                 1006
nIter:                120
Best Iter:            120
Improvement Count:    119
==============================
Solution tour: 
0 17 
1 
12 
9 44 45 53 24 49 51 47 16 34 52 48 22 29 33 19 28 42 23 25 35 30 50 27 20 31 32 43 26 55 18 6 
10 
2 
4 
6 
11 
13 53 37 40 
15 40 
14 49 21 54 36 41 36 
3 
7 
5 
8 
==============================

====== Algorithm Status ======
Valor:                2844
Time:                 2003
nIter:                231
Best Iter:            231
Improvement Count:    230
==============================
Solution tour: 
0 17 
1 
5 
12 
4 
2 
10 
9 44 45 53 24 49 51 47 16 34 52 48 22 29 33 19 28 42 23 25 35 30 50 27 20 21 31 32 43 26 55 18 6 
11 
13 53 37 40 
15 
14 49 24 6 41 36 54 46 
7 43 
8 
3 
==============================

====== Algorithm Status ======
Valor:                2874
Time:                 4011
nIter:                427
Best Iter:            427
Improvement Count:    426
==============================
Solution tour: 
0 22 29 33 42 28 17 
12 20 
4 
2 35 25 30 
10 
9 44 45 51 47 16 34 52 48 22 50 27 20 21 31 32 18 43 26 18 55 44 
11 
13 53 37 40 
15 
14 49 24 54 36 41 36 
7 
5 
3 
8 
1 
==============================

====== Algorithm Status ======
Valor:                2919
Time:                 8032
nIter:                818
Best Iter:            818
Improvement Count:    817
==============================
Solution tour: 
0 33 29 42 28 17 
12 20 34 7 
4 
7 
2 
10 
9 44 45 51 47 16 52 48 22 50 27 54 21 31 32 18 32 43 26 55 
11 
13 53 37 40 
15 25 35 30 
14 49 24 54 36 41 
6 
5 
3 
8 
1 
==============================

====== Algorithm Status ======
Valor:                2964
Time:                 16001
nIter:                1640
Best Iter:            1640
Improvement Count:    1639
==============================
Solution tour: 
0 
8 
3 
1 
5 3 29 33 28 42 17 
12 21 46 20 34 7 
4 
7 
2 
10 
9 44 45 51 47 16 52 48 22 50 27 54 21 31 32 18 32 43 26 55 
11 
13 53 37 40 
15 25 35 30 
14 49 24 54 36 41 23 
==============================

====== Algorithm Status ======
Valor:                2964
Time:                 32000
nIter:                3301
Best Iter:            3301
Improvement Count:    3300
==============================
Solution tour: 
0 
8 
3 
1 
5 3 29 33 28 42 17 
12 21 46 20 34 7 
4 
7 
2 
10 
9 44 45 51 47 16 52 48 22 50 27 54 21 31 32 18 32 43 26 55 
11 
13 53 37 40 
15 25 35 30 
14 49 24 54 36 41 23 
==============================

====== Algorithm Status ======
Valor:                2964
Time:                 64001
nIter:                6829
Best Iter:            6829
Improvement Count:    6828
==============================
Solution tour: 
0 
8 
3 
1 
5 3 29 33 28 42 17 
12 21 46 20 34 7 
4 
7 
2 
10 
9 44 45 51 47 16 52 48 22 50 27 54 21 31 32 18 32 43 26 55 
11 
13 53 37 40 
15 25 35 30 
14 49 24 54 36 41 23 
==============================

====== Algorithm Status ======
Valor:                2964
Time:                 128023
nIter:                14324
Best Iter:            14324
Improvement Count:    14323
==============================
Solution tour: 
0 
8 
3 
1 
5 3 29 33 28 42 17 
12 21 46 20 34 7 
4 
7 
2 
10 
9 44 45 51 47 16 52 48 22 50 27 54 21 31 32 18 32 43 26 55 
11 
13 53 37 40 
15 25 35 30 
14 49 24 54 36 41 23 
==============================

====== Algorithm Status ======
Valor:                2964
Time:                 256019
nIter:                27509
Best Iter:            27509
Improvement Count:    27508
==============================
Solution tour: 
0 
8 
3 
1 
5 3 29 33 28 42 17 
12 21 46 20 34 7 
4 
7 
2 
10 
9 44 45 51 47 16 52 48 22 50 27 54 21 31 32 18 32 43 26 55 
11 
13 53 37 40 
15 25 35 30 
14 49 24 54 36 41 23 
==============================

====== Algorithm Status ======
Valor:                2992
Time:                 512004
nIter:                55773
Best Iter:            55773
Improvement Count:    55772
==============================
Solution tour: 
0 
3 
8 
5 3 29 33 28 42 17 
1 
12 21 12 20 34 7 
4 
7 
9 44 45 51 47 16 52 48 22 50 27 54 31 32 43 55 26 18 32 18 
6 
11 
13 53 36 37 40 
15 25 35 30 
14 49 24 6 
==============================

====== Algorithm Status ======
Valor:                2992
Time:                 1024006
nIter:                110003
Best Iter:            110003
Improvement Count:    110004
==============================
Solution tour: 
0 
3 
8 
5 3 29 33 28 42 17 
1 
12 21 12 20 34 7 
4 
7 
9 44 45 51 47 16 52 48 22 50 27 54 31 32 43 55 26 18 32 18 
6 
11 
13 53 36 37 40 
15 25 35 30 
14 49 24 6 
==============================

====== Algorithm Status ======
Valor:                2992
Time:                 1024006
nIter:                110003
Best Iter:            110003
Improvement Count:    110004
==============================
Solution tour: 
0 
3 
8 
5 3 29 33 28 42 17 
1 
12 21 12 20 34 7 
4 
7 
9 44 45 51 47 16 52 48 22 50 27 54 31 32 43 55 26 18 32 18 
6 
11 
13 53 36 37 40 
15 25 35 30 
14 49 24 6 
==============================

