=========== Input ===========
File name:                ./instances/realistic-instances/15-10-1762875.cdop
Total node count:         26
Truck node count:         15
Drone node count:         10
=============================

========== Settings ==========
Settings file:        ./settings/Memetic_MMX_1287823.config
Seed:                 1287823
Reduction method:     -
Max iter:             1024000
Population size:      13
Crossover:            MA-MMX
Local Search:         LS
Warm Start:           -
==============================

====== Algorithm Status ======
Valor:                1966
Time:                 253
nIter:                109
Best Iter:            109
Improvement Count:    108
==============================
Solution tour: 
0 17 24 13 25 13 12 
6 12 18 23 20 22 14 22 12 8 19 
8 12 13 11 10 11 21 17 1 16 1 17 
==============================

====== Algorithm Status ======
Valor:                1966
Time:                 501
nIter:                224
Best Iter:            224
Improvement Count:    223
==============================
Solution tour: 
0 17 24 13 25 13 12 
6 12 18 23 20 22 14 22 12 8 19 
8 12 13 11 10 11 21 17 1 16 1 17 
==============================

====== Algorithm Status ======
Valor:                1984
Time:                 1001
nIter:                458
Best Iter:            458
Improvement Count:    457
==============================
Solution tour: 
0 17 12 13 25 13 12 
6 12 8 19 10 11 10 19 18 22 
14 21 24 20 23 5 1 16 1 17 
==============================

====== Algorithm Status ======
Valor:                1984
Time:                 2001
nIter:                941
Best Iter:            941
Improvement Count:    940
==============================
Solution tour: 
0 17 12 13 25 13 12 
6 12 8 19 10 11 10 19 18 22 
14 21 24 20 23 5 1 16 1 17 
==============================

====== Algorithm Status ======
Valor:                1994
Time:                 4002
nIter:                1914
Best Iter:            1914
Improvement Count:    1913
==============================
Solution tour: 
0 17 1 5 7 20 24 21 13 25 13 12 
6 12 19 8 19 10 11 10 19 18 22 23 5 
1 16 1 17 
==============================

====== Algorithm Status ======
Valor:                2007
Time:                 8002
nIter:                3778
Best Iter:            3778
Improvement Count:    3777
==============================
Solution tour: 
0 17 1 16 1 17 24 21 
11 10 19 18 23 5 7 20 22 12 6 12 
13 25 13 12 
8 19 
10 11 21 17 
==============================

====== Algorithm Status ======
Valor:                2007
Time:                 16001
nIter:                7159
Best Iter:            7159
Improvement Count:    7158
==============================
Solution tour: 
0 17 1 16 1 17 24 21 
11 10 19 18 23 5 7 20 22 12 6 12 
13 25 13 12 
8 19 
10 11 21 17 
==============================

====== Algorithm Status ======
Valor:                2007
Time:                 32001
nIter:                13870
Best Iter:            13870
Improvement Count:    13869
==============================
Solution tour: 
0 17 1 16 1 17 24 21 
11 10 19 18 23 5 7 20 22 12 6 12 
13 25 13 12 
8 19 
10 11 21 17 
==============================

====== Algorithm Status ======
Valor:                2013
Time:                 64000
nIter:                26973
Best Iter:            26973
Improvement Count:    26972
==============================
Solution tour: 
0 17 1 16 1 7 20 23 5 1 17 24 21 
11 10 19 22 18 12 6 12 
13 25 13 12 
8 19 
10 11 21 17 
==============================

====== Algorithm Status ======
Valor:                2013
Time:                 128000
nIter:                54465
Best Iter:            54465
Improvement Count:    54464
==============================
Solution tour: 
0 17 1 16 1 7 20 23 5 1 17 24 21 
11 10 19 22 18 12 6 12 
13 25 13 12 
8 19 
10 11 21 17 
==============================

====== Algorithm Status ======
Valor:                2013
Time:                 256000
nIter:                114156
Best Iter:            114156
Improvement Count:    114155
==============================
Solution tour: 
0 17 1 16 1 7 20 23 5 1 17 24 21 
11 10 19 22 18 12 6 12 
13 25 13 12 
8 19 
10 11 21 17 
==============================

====== Algorithm Status ======
Valor:                2022
Time:                 512000
nIter:                232117
Best Iter:            232117
Improvement Count:    232116
==============================
Solution tour: 
0 17 24 17 1 16 23 9 12 6 12 
13 25 13 12 
8 19 
10 11 21 11 10 19 8 12 18 22 20 16 1 17 
==============================

====== Algorithm Status ======
Valor:                2028
Time:                 1024002
nIter:                454511
Best Iter:            454511
Improvement Count:    454512
==============================
Solution tour: 
0 17 12 
6 12 13 25 
8 19 
10 11 21 11 10 19 8 25 
13 12 22 18 23 20 7 15 24 17 1 16 1 17 
==============================

====== Algorithm Status ======
Valor:                2028
Time:                 1024002
nIter:                454511
Best Iter:            454511
Improvement Count:    454512
==============================
Solution tour: 
0 17 12 
6 12 13 25 
8 19 
10 11 21 11 10 19 8 25 
13 12 22 18 23 20 7 15 24 17 1 16 1 17 
==============================

