=========== Input ===========
File name:                ./instances/realistic-instances/10-25-1762875.cdop
Total node count:         36
Truck node count:         10
Drone node count:         25
=============================

========== Settings ==========
Settings file:        ./settings/Memetic-LS_MMX_1287823.config
Seed:                 1287823
Reduction method:     -
Max iter:             1024000
Population size:      13
Crossover:            MA-MMX
Local Search:         -
Warm Start:           -
==============================

====== Algorithm Status ======
Valor:                2055
Time:                 250
nIter:                434
Best Iter:            434
Improvement Count:    433
==============================
Solution tour: 
0 31 13 31 13 33 11 15 14 13 14 30 25 32 27 32 
7 26 12 16 34 19 24 19 23 18 25 18 23 25 
4 22 29 
==============================

====== Algorithm Status ======
Valor:                2151
Time:                 500
nIter:                875
Best Iter:            875
Improvement Count:    874
==============================
Solution tour: 
0 13 31 13 11 15 14 
10 
8 30 
7 26 16 34 23 18 25 18 29 19 24 19 
4 22 29 
==============================

====== Algorithm Status ======
Valor:                2238
Time:                 1000
nIter:                1747
Best Iter:            1747
Improvement Count:    1746
==============================
Solution tour: 
0 13 31 13 11 15 14 
10 
8 30 
7 26 34 23 18 25 18 29 34 29 16 19 24 19 
4 22 29 
==============================

====== Algorithm Status ======
Valor:                2269
Time:                 2000
nIter:                3497
Best Iter:            3497
Improvement Count:    3496
==============================
Solution tour: 
0 28 31 13 11 15 14 
10 
8 30 
7 26 23 18 29 34 29 19 24 19 16 32 25 
4 22 29 
==============================

====== Algorithm Status ======
Valor:                2374
Time:                 4000
nIter:                6845
Best Iter:            6845
Improvement Count:    6844
==============================
Solution tour: 
0 
2 31 13 11 23 11 15 14 
10 
8 30 26 
7 26 18 29 34 19 24 19 32 25 
4 22 29 
==============================

====== Algorithm Status ======
Valor:                2405
Time:                 8000
nIter:                13458
Best Iter:            13458
Improvement Count:    13457
==============================
Solution tour: 
0 33 16 
6 21 31 13 11 23 11 15 14 
10 
8 30 26 
7 26 18 29 34 19 24 19 32 25 
4 22 29 
==============================

====== Algorithm Status ======
Valor:                2422
Time:                 16000
nIter:                26753
Best Iter:            26753
Improvement Count:    26752
==============================
Solution tour: 
0 33 16 31 13 11 23 11 34 14 
10 
8 30 26 
7 26 18 29 34 15 19 24 19 32 25 
4 22 31 
2 
==============================

====== Algorithm Status ======
Valor:                2517
Time:                 32000
nIter:                51086
Best Iter:            51086
Improvement Count:    51085
==============================
Solution tour: 
0 33 16 31 13 31 11 23 34 14 
10 
8 30 26 30 26 
7 26 18 29 34 23 15 19 24 19 32 25 
4 22 24 27 
1 
==============================

====== Algorithm Status ======
Valor:                2544
Time:                 64000
nIter:                97653
Best Iter:            97653
Improvement Count:    97652
==============================
Solution tour: 
0 28 33 16 31 13 31 11 23 34 14 
10 
8 30 26 
7 26 18 29 34 23 15 19 24 19 32 25 
4 22 24 27 
1 
==============================

====== Algorithm Status ======
Valor:                2573
Time:                 128000
nIter:                182462
Best Iter:            182462
Improvement Count:    182461
==============================
Solution tour: 
0 
2 31 33 35 16 13 23 11 23 34 14 
10 
8 30 26 
7 26 18 29 18 23 15 19 24 19 32 25 
4 22 24 27 
1 
==============================

====== Algorithm Status ======
Valor:                2590
Time:                 256000
nIter:                376490
Best Iter:            376490
Improvement Count:    376489
==============================
Solution tour: 
0 
2 31 33 35 16 13 23 11 23 34 14 
10 
8 30 26 
7 26 18 29 18 23 15 19 24 19 28 32 25 
4 22 24 27 
1 
==============================

====== Algorithm Status ======
Valor:                2590
Time:                 512000
nIter:                735773
Best Iter:            735773
Improvement Count:    735772
==============================
Solution tour: 
0 
2 31 33 35 16 13 23 11 23 34 14 
10 
8 30 26 
7 26 18 29 18 23 15 19 24 19 28 32 25 
4 22 24 27 
1 
==============================

====== Algorithm Status ======
Valor:                2594
Time:                 1024002
nIter:                1462290
Best Iter:            1462290
Improvement Count:    1462291
==============================
Solution tour: 
0 
2 31 33 35 16 13 23 11 23 34 29 30 
8 30 26 
7 26 18 29 18 23 15 19 24 19 28 32 25 12 
4 22 24 27 
1 
==============================

====== Algorithm Status ======
Valor:                2594
Time:                 1024002
nIter:                1462290
Best Iter:            1462290
Improvement Count:    1462291
==============================
Solution tour: 
0 
2 31 33 35 16 13 23 11 23 34 29 30 
8 30 26 
7 26 18 29 18 23 15 19 24 19 28 32 25 12 
4 22 24 27 
1 
==============================

