=========== Input ===========
File name:                ./instances/realistic-instances/10-10-1891798.cdop
Total node count:         21
Truck node count:         10
Drone node count:         10
=============================

========== Settings ==========
Settings file:        ./settings/Memetic-LS_MPX_1099666.config
Seed:                 1099666
Reduction method:     -
Max iter:             1024000
Population size:      13
Crossover:            MA-MPX
Local Search:         -
Warm Start:           -
==============================

====== Algorithm Status ======
Valor:                1581
Time:                 250
nIter:                816
Best Iter:            816
Improvement Count:    815
==============================
Solution tour: 
0 
7 20 
1 13 
10 
5 14 
6 20 
8 
3 15 
9 15 11 
2 11 
4 19 16 18 
==============================

====== Algorithm Status ======
Valor:                1675
Time:                 500
nIter:                1657
Best Iter:            1657
Improvement Count:    1656
==============================
Solution tour: 
0 12 11 
8 
3 15 
9 15 11 
2 11 
4 19 16 18 
5 14 
10 
6 20 
1 13 
7 16 
==============================

====== Algorithm Status ======
Valor:                1755
Time:                 1000
nIter:                3244
Best Iter:            3244
Improvement Count:    3243
==============================
Solution tour: 
0 12 11 
2 11 
4 19 16 18 
5 14 
10 
8 
6 20 
1 13 15 
3 15 
9 15 
7 
==============================

====== Algorithm Status ======
Valor:                1755
Time:                 2000
nIter:                6430
Best Iter:            6430
Improvement Count:    6429
==============================
Solution tour: 
0 12 11 
2 11 
4 19 16 18 
5 14 
10 
8 
6 20 
1 13 15 
3 15 
9 15 
7 
==============================

====== Algorithm Status ======
Valor:                1796
Time:                 4000
nIter:                12902
Best Iter:            12902
Improvement Count:    12901
==============================
Solution tour: 
0 2 12 11 
2 11 
4 19 16 18 
5 14 
10 
8 
6 20 
1 13 15 
3 15 
9 15 
7 
==============================

====== Algorithm Status ======
Valor:                1849
Time:                 8000
nIter:                26025
Best Iter:            26025
Improvement Count:    26024
==============================
Solution tour: 
0 2 12 11 
2 11 
4 16 19 18 
5 14 17 
10 
8 
6 20 
1 13 15 
3 15 
9 15 
7 
==============================

====== Algorithm Status ======
Valor:                1890
Time:                 16000
nIter:                51271
Best Iter:            51271
Improvement Count:    51270
==============================
Solution tour: 
0 2 12 11 
2 11 
4 16 19 18 14 
5 17 
10 
8 
6 20 
1 13 15 
3 15 
9 15 
7 
==============================

====== Algorithm Status ======
Valor:                1926
Time:                 32000
nIter:                100811
Best Iter:            100811
Improvement Count:    100810
==============================
Solution tour: 
0 2 13 2 12 11 
2 11 
4 16 19 14 18 
5 17 
10 
8 
6 20 
1 13 15 
3 15 
9 
7 
==============================

====== Algorithm Status ======
Valor:                1932
Time:                 64000
nIter:                191551
Best Iter:            191551
Improvement Count:    191550
==============================
Solution tour: 
0 2 13 2 12 11 
2 11 12 
4 16 19 14 18 
5 18 17 
10 
8 
6 13 
1 20 15 
3 15 
9 
7 
==============================

====== Algorithm Status ======
Valor:                1932
Time:                 128000
nIter:                360198
Best Iter:            360198
Improvement Count:    360197
==============================
Solution tour: 
0 2 13 2 12 11 
2 11 12 
4 16 19 14 18 
5 18 17 
10 
8 
6 13 
1 20 15 
3 15 
9 
7 
==============================

====== Algorithm Status ======
Valor:                1939
Time:                 256000
nIter:                735155
Best Iter:            735155
Improvement Count:    735154
==============================
Solution tour: 
0 2 13 2 12 11 
2 11 12 
4 16 19 18 14 
5 18 17 
10 
8 13 
1 20 15 
3 15 
9 
7 
==============================

====== Algorithm Status ======
Valor:                1939
Time:                 512000
nIter:                1436740
Best Iter:            1436740
Improvement Count:    1436739
==============================
Solution tour: 
0 2 13 2 12 11 
2 11 12 
4 16 19 18 14 
5 18 17 
10 
8 13 
1 20 15 
3 15 
9 
7 
==============================

====== Algorithm Status ======
Valor:                1939
Time:                 1024001
nIter:                2866626
Best Iter:            2866626
Improvement Count:    2866627
==============================
Solution tour: 
0 2 13 2 12 11 
2 11 12 
4 16 19 18 14 
5 18 17 
10 
8 13 
1 20 15 
3 15 
9 
7 
==============================

====== Algorithm Status ======
Valor:                1939
Time:                 1024001
nIter:                2866626
Best Iter:            2866626
Improvement Count:    2866627
==============================
Solution tour: 
0 2 13 2 12 11 
2 11 12 
4 16 19 18 14 
5 18 17 
10 
8 13 
1 20 15 
3 15 
9 
7 
==============================

