=========== Input ===========
File name:                ./instances/realistic-instances/10-40-1110588.cdop
Total node count:         51
Truck node count:         10
Drone node count:         40
=============================

========== Settings ==========
Settings file:        ./settings/Memetic-LS_MMX_1099666.config
Seed:                 1099666
Reduction method:     -
Max iter:             1024000
Population size:      13
Crossover:            MA-MMX
Local Search:         -
Warm Start:           -
==============================

====== Algorithm Status ======
Valor:                1932
Time:                 255
nIter:                229
Best Iter:            229
Improvement Count:    228
==============================
Solution tour: 
0 30 14 30 22 24 18 15 30 
2 14 39 25 
5 13 32 29 13 20 34 45 21 37 
==============================

====== Algorithm Status ======
Valor:                2017
Time:                 504
nIter:                438
Best Iter:            438
Improvement Count:    437
==============================
Solution tour: 
0 28 29 15 22 24 18 15 30 
2 14 39 25 
5 13 20 15 36 
10 32 34 45 21 37 
==============================

====== Algorithm Status ======
Valor:                2140
Time:                 1000
nIter:                878
Best Iter:            878
Improvement Count:    877
==============================
Solution tour: 
0 28 15 28 15 29 15 22 11 24 18 19 30 
2 14 39 25 
5 13 20 45 21 36 13 45 34 
6 32 40 38 
==============================

====== Algorithm Status ======
Valor:                2313
Time:                 2005
nIter:                1707
Best Iter:            1707
Improvement Count:    1706
==============================
Solution tour: 
0 28 15 29 15 22 11 24 18 19 14 
2 30 39 25 
5 13 20 21 45 21 36 45 34 
6 32 40 46 
==============================

====== Algorithm Status ======
Valor:                2356
Time:                 4000
nIter:                3328
Best Iter:            3328
Improvement Count:    3327
==============================
Solution tour: 
0 28 15 29 15 22 11 24 18 19 14 
2 30 39 25 
5 13 21 45 21 36 20 45 34 40 32 40 46 
==============================

====== Algorithm Status ======
Valor:                2437
Time:                 8000
nIter:                6567
Best Iter:            6567
Improvement Count:    6566
==============================
Solution tour: 
0 28 15 29 15 22 11 24 33 45 18 19 14 
2 30 39 25 
5 13 21 45 21 36 20 34 40 32 40 
3 43 26 
==============================

====== Algorithm Status ======
Valor:                2508
Time:                 16000
nIter:                12907
Best Iter:            12907
Improvement Count:    12906
==============================
Solution tour: 
0 28 15 29 15 22 11 24 33 45 50 18 19 14 
2 30 39 25 
5 13 36 45 21 20 34 40 32 40 43 31 43 37 
==============================

====== Algorithm Status ======
Valor:                2700
Time:                 32000
nIter:                26175
Best Iter:            26175
Improvement Count:    26174
==============================
Solution tour: 
0 48 47 46 47 35 15 29 15 22 11 24 33 45 18 19 14 30 34 
5 13 20 13 36 45 21 45 20 25 40 32 40 43 31 37 
==============================

====== Algorithm Status ======
Valor:                2758
Time:                 64000
nIter:                53867
Best Iter:            53867
Improvement Count:    53866
==============================
Solution tour: 
0 48 46 19 47 35 15 29 15 22 11 24 33 45 18 19 14 30 34 
5 13 20 15 20 44 15 23 36 45 21 45 20 25 40 32 40 43 31 37 
==============================

====== Algorithm Status ======
Valor:                2835
Time:                 128000
nIter:                111986
Best Iter:            111986
Improvement Count:    111985
==============================
Solution tour: 
0 48 46 19 47 35 15 29 39 29 15 22 11 24 33 45 18 19 14 30 34 
5 13 20 44 15 23 36 45 21 45 20 25 40 32 40 43 31 43 37 
==============================

====== Algorithm Status ======
Valor:                2892
Time:                 256002
nIter:                212176
Best Iter:            212176
Improvement Count:    212175
==============================
Solution tour: 
0 48 46 47 38 35 15 29 39 29 15 22 11 24 33 45 49 18 19 14 30 34 
5 13 20 44 15 23 36 45 21 45 20 25 40 32 40 43 31 43 37 
==============================

====== Algorithm Status ======
Valor:                2912
Time:                 512004
nIter:                419997
Best Iter:            419997
Improvement Count:    419996
==============================
Solution tour: 
0 48 46 47 38 35 15 29 39 29 15 22 11 24 33 45 42 49 18 19 50 14 30 34 
5 13 20 44 15 23 36 45 21 45 20 25 40 32 40 43 31 43 37 
==============================

====== Algorithm Status ======
Valor:                2930
Time:                 1024001
nIter:                832538
Best Iter:            832538
Improvement Count:    832539
==============================
Solution tour: 
0 48 46 47 38 35 15 29 39 29 15 22 11 24 41 33 45 42 49 18 19 50 14 30 34 
5 13 20 44 15 23 36 45 21 45 20 25 40 32 40 43 31 43 37 
==============================

====== Algorithm Status ======
Valor:                2930
Time:                 1024001
nIter:                832538
Best Iter:            832538
Improvement Count:    832539
==============================
Solution tour: 
0 48 46 47 38 35 15 29 39 29 15 22 11 24 41 33 45 42 49 18 19 50 14 30 34 
5 13 20 44 15 23 36 45 21 45 20 25 40 32 40 43 31 43 37 
==============================

