=========== Input ===========
File name:                ./instances/realistic-instances/10-25-1767920.cdop
Total node count:         36
Truck node count:         10
Drone node count:         25
=============================

========== Settings ==========
Settings file:        ./settings/Memetic-LS_MPX_1099666.config
Seed:                 1099666
Reduction method:     -
Max iter:             1024000
Population size:      13
Crossover:            MA-MPX
Local Search:         -
Warm Start:           -
==============================

====== Algorithm Status ======
Valor:                1765
Time:                 250
nIter:                291
Best Iter:            291
Improvement Count:    290
==============================
Solution tour: 
0 29 22 35 13 32 17 23 15 33 30 34 31 20 24 21 
7 27 
9 
5 
2 
1 27 25 16 18 
8 13 19 
3 19 
10 
4 
6 
==============================

====== Algorithm Status ======
Valor:                1792
Time:                 500
nIter:                644
Best Iter:            644
Improvement Count:    643
==============================
Solution tour: 
0 29 22 35 13 32 17 23 15 33 30 34 31 20 24 21 
7 27 
9 
5 
2 
1 27 25 16 18 
8 13 19 
3 19 
10 
4 
6 28 
==============================

====== Algorithm Status ======
Valor:                1792
Time:                 1001
nIter:                1253
Best Iter:            1253
Improvement Count:    1252
==============================
Solution tour: 
0 29 22 35 13 32 17 23 15 33 30 34 31 20 24 21 
7 27 
9 
5 
2 
1 27 25 16 18 
8 13 19 
3 19 
10 
4 
6 28 
==============================

====== Algorithm Status ======
Valor:                1902
Time:                 2000
nIter:                2608
Best Iter:            2608
Improvement Count:    2607
==============================
Solution tour: 
0 31 28 33 28 20 32 
5 
7 27 
9 
8 13 19 
3 19 
10 34 35 21 24 
2 24 16 25 
6 
1 5 18 
4 
==============================

====== Algorithm Status ======
Valor:                2029
Time:                 4000
nIter:                5456
Best Iter:            5456
Improvement Count:    5455
==============================
Solution tour: 
0 28 33 28 20 31 32 
5 
8 13 19 
3 19 
10 34 35 21 24 
2 24 16 25 
7 27 
9 
1 
4 
6 17 
==============================

====== Algorithm Status ======
Valor:                2066
Time:                 8000
nIter:                10995
Best Iter:            10995
Improvement Count:    10994
==============================
Solution tour: 
0 11 28 33 28 20 31 32 
5 
8 13 19 
3 19 
10 34 35 21 24 
2 24 16 25 
9 
1 
4 
6 17 
7 27 
==============================

====== Algorithm Status ======
Valor:                2101
Time:                 16000
nIter:                21976
Best Iter:            21976
Improvement Count:    21975
==============================
Solution tour: 
0 11 33 28 20 31 32 15 18 
4 
6 17 
7 27 
9 
5 
1 
8 13 19 
3 19 
10 35 34 21 24 
2 24 16 25 
==============================

====== Algorithm Status ======
Valor:                2200
Time:                 32000
nIter:                42815
Best Iter:            42815
Improvement Count:    42814
==============================
Solution tour: 
0 11 33 28 20 31 32 15 18 
4 
6 17 
7 
1 27 
9 
5 
8 13 19 
3 19 
10 35 34 35 26 21 24 
2 24 23 30 16 25 
==============================

====== Algorithm Status ======
Valor:                2212
Time:                 64000
nIter:                83990
Best Iter:            83990
Improvement Count:    83989
==============================
Solution tour: 
0 11 33 28 20 29 31 32 15 18 
4 
6 17 
7 
1 27 
9 
5 
8 13 19 
3 19 
10 35 34 35 26 21 24 
2 24 23 30 16 25 
==============================

====== Algorithm Status ======
Valor:                2212
Time:                 128000
nIter:                169811
Best Iter:            169811
Improvement Count:    169810
==============================
Solution tour: 
0 11 33 28 20 29 31 32 15 18 
4 
6 17 
7 
1 27 
9 
5 
8 13 19 
3 19 
10 35 34 35 26 21 24 
2 24 23 30 16 25 
==============================

====== Algorithm Status ======
Valor:                2212
Time:                 256000
nIter:                346588
Best Iter:            346588
Improvement Count:    346587
==============================
Solution tour: 
0 11 33 28 20 29 31 32 15 18 
4 
6 17 
7 
1 27 
9 
5 
8 13 19 
3 19 
10 35 34 35 26 21 24 
2 24 23 30 16 25 
==============================

====== Algorithm Status ======
Valor:                2252
Time:                 512000
nIter:                694142
Best Iter:            694142
Improvement Count:    694141
==============================
Solution tour: 
0 11 33 28 20 29 31 32 15 18 
4 
6 17 
9 27 
7 
1 
5 
3 19 13 
8 13 19 
10 35 34 35 26 21 24 
2 24 30 16 25 
==============================

====== Algorithm Status ======
Valor:                2269
Time:                 1024001
nIter:                1401781
Best Iter:            1401781
Improvement Count:    1401782
==============================
Solution tour: 
0 11 33 28 20 29 31 32 15 18 
4 
6 
9 27 17 
7 
1 
5 
3 19 13 
8 13 19 
10 19 35 34 35 26 21 24 
2 24 30 16 25 
==============================

====== Algorithm Status ======
Valor:                2269
Time:                 1024001
nIter:                1401781
Best Iter:            1401781
Improvement Count:    1401782
==============================
Solution tour: 
0 11 33 28 20 29 31 32 15 18 
4 
6 
9 27 17 
7 
1 
5 
3 19 13 
8 13 19 
10 19 35 34 35 26 21 24 
2 24 30 16 25 
==============================

