=========== Input ===========
File name:                ./instances/realistic-instances/15-25-1891798.cdop
Total node count:         41
Truck node count:         15
Drone node count:         25
=============================

========== Settings ==========
Settings file:        ./settings/Memetic_MPX_1099666.config
Seed:                 1099666
Reduction method:     -
Max iter:             1024000
Population size:      13
Crossover:            MA-MPX
Local Search:         LS
Warm Start:           -
==============================

====== Algorithm Status ======
Valor:                2076
Time:                 252
nIter:                55
Best Iter:            55
Improvement Count:    54
==============================
Solution tour: 
0 
7 28 
2 
10 
3 0 15 
1 32 36 32 17 23 31 21 20 25 28 34 
12 
14 11 39 29 38 
11 14 
13 27 33 
9 
15 40 19 18 35 37 26 24 30 22 
6 
4 
5 4 
8 4 
==============================

====== Algorithm Status ======
Valor:                2116
Time:                 501
nIter:                107
Best Iter:            107
Improvement Count:    106
==============================
Solution tour: 
0 15 18 35 18 19 40 24 30 39 37 26 34 
1 17 32 36 32 23 31 21 25 
3 15 0 28 
7 20 
8 4 
5 
10 
11 38 
2 
9 
12 33 
15 27 
13 
6 22 29 
==============================

====== Algorithm Status ======
Valor:                2116
Time:                 1002
nIter:                235
Best Iter:            235
Improvement Count:    234
==============================
Solution tour: 
0 15 18 35 18 19 40 24 30 39 37 26 34 
1 17 32 36 32 23 31 21 25 
3 15 0 28 
7 20 
8 4 
5 
10 
11 38 
2 
9 
12 33 
15 27 
13 
6 22 29 
==============================

====== Algorithm Status ======
Valor:                2118
Time:                 2003
nIter:                462
Best Iter:            462
Improvement Count:    461
==============================
Solution tour: 
0 25 21 16 27 33 30 24 40 19 26 37 35 18 
9 
12 
15 
13 
6 22 29 
1 32 34 36 
3 0 15 17 23 31 28 
7 20 
8 4 
5 
2 11 
14 11 38 
==============================

====== Algorithm Status ======
Valor:                2197
Time:                 4002
nIter:                943
Best Iter:            943
Improvement Count:    942
==============================
Solution tour: 
0 17 23 21 16 37 27 33 30 24 40 19 26 37 35 18 
14 31 20 38 25 32 36 32 29 34 
12 
9 
15 27 
13 
8 
4 
6 22 39 17 28 
7 
11 
1 
3 0 15 0 3 
10 
5 
2 
==============================

====== Algorithm Status ======
Valor:                2252
Time:                 8001
nIter:                1928
Best Iter:            1928
Improvement Count:    1927
==============================
Solution tour: 
0 17 23 21 16 27 37 24 30 24 40 19 26 35 18 
14 31 34 
12 
9 33 
15 27 
13 
8 
4 
6 22 39 29 32 36 25 28 
7 38 
11 
1 
2 
3 0 15 
==============================

====== Algorithm Status ======
Valor:                2258
Time:                 16001
nIter:                3932
Best Iter:            3932
Improvement Count:    3931
==============================
Solution tour: 
0 17 23 21 16 27 37 24 30 40 19 26 35 18 
14 31 34 
12 
9 33 
15 27 
13 
8 
4 
6 22 29 32 36 25 28 
7 
10 
11 
1 38 
2 
5 
3 0 15 
==============================

====== Algorithm Status ======
Valor:                2280
Time:                 32001
nIter:                8010
Best Iter:            8010
Improvement Count:    8009
==============================
Solution tour: 
0 28 25 21 16 27 37 24 30 40 19 26 35 18 
14 31 36 34 
12 
9 33 
15 27 
13 
8 
4 
6 22 29 17 32 20 
7 38 
2 
3 0 15 0 
10 
5 
11 
1 0 
==============================

====== Algorithm Status ======
Valor:                2309
Time:                 64002
nIter:                16061
Best Iter:            16061
Improvement Count:    16060
==============================
Solution tour: 
0 23 21 16 27 37 24 30 40 19 26 35 18 
14 31 36 39 34 
12 
9 33 
15 27 
13 
8 
4 
6 22 29 17 32 20 25 28 
7 38 
2 
10 
1 15 
==============================

====== Algorithm Status ======
Valor:                2309
Time:                 128001
nIter:                30738
Best Iter:            30738
Improvement Count:    30737
==============================
Solution tour: 
0 23 21 16 27 37 24 30 40 19 26 35 18 
14 31 36 39 34 
12 
9 33 
15 27 
13 
8 
4 
6 22 29 17 32 20 25 28 
7 38 
2 
10 
1 15 
==============================

====== Algorithm Status ======
Valor:                2309
Time:                 256001
nIter:                59789
Best Iter:            59789
Improvement Count:    59788
==============================
Solution tour: 
0 23 21 16 27 37 24 30 40 19 26 35 18 
14 31 36 39 34 
12 
9 33 
15 27 
13 
8 
4 
6 22 29 17 32 20 25 28 
7 38 
2 
10 
1 15 
==============================

====== Algorithm Status ======
Valor:                2309
Time:                 512000
nIter:                119627
Best Iter:            119627
Improvement Count:    119626
==============================
Solution tour: 
0 23 21 16 27 37 24 30 40 19 26 35 18 
14 31 36 39 34 
12 
9 33 
15 27 
13 
8 
4 
6 22 29 17 32 20 25 28 
7 38 
2 
10 
1 15 
==============================

====== Algorithm Status ======
Valor:                2309
Time:                 1024001
nIter:                240707
Best Iter:            240707
Improvement Count:    240708
==============================
Solution tour: 
0 23 21 16 27 37 24 30 40 19 26 35 18 
14 31 36 39 34 
12 
9 33 
15 27 
13 
8 
4 
6 22 29 17 32 20 25 28 
7 38 
2 
10 
1 15 
==============================

====== Algorithm Status ======
Valor:                2309
Time:                 1024001
nIter:                240707
Best Iter:            240707
Improvement Count:    240708
==============================
Solution tour: 
0 23 21 16 27 37 24 30 40 19 26 35 18 
14 31 36 39 34 
12 
9 33 
15 27 
13 
8 
4 
6 22 29 17 32 20 25 28 
7 38 
2 
10 
1 15 
==============================

