=========== Input ===========
File name:                ./instances/realistic-instances/10-10-1762875.cdop
Total node count:         21
Truck node count:         10
Drone node count:         10
=============================

========== Settings ==========
Settings file:        ./settings/Memetic_MPX_1099666.config
Seed:                 1099666
Reduction method:     -
Max iter:             1024000
Population size:      13
Crossover:            MA-MPX
Local Search:         LS
Warm Start:           -
==============================

====== Algorithm Status ======
Valor:                1964
Time:                 250
nIter:                190
Best Iter:            190
Improvement Count:    189
==============================
Solution tour: 
0 
2 19 10 9 13 
9 
10 17 10 18 12 15 
8 15 
6 19 
5 20 1 11 
1 20 16 20 5 
3 
==============================

====== Algorithm Status ======
Valor:                1964
Time:                 500
nIter:                391
Best Iter:            391
Improvement Count:    390
==============================
Solution tour: 
0 
2 19 10 9 13 
9 
10 17 10 18 12 15 
8 15 
6 19 
5 20 1 11 
1 20 16 20 5 
3 
==============================

====== Algorithm Status ======
Valor:                1973
Time:                 1000
nIter:                798
Best Iter:            798
Improvement Count:    797
==============================
Solution tour: 
0 
2 19 18 10 9 13 
9 
10 17 10 15 
8 
6 12 
5 20 1 11 
1 20 16 20 5 
3 
==============================

====== Algorithm Status ======
Valor:                1995
Time:                 2000
nIter:                1607
Best Iter:            1607
Improvement Count:    1606
==============================
Solution tour: 
0 
3 
2 
1 11 1 20 16 20 12 20 
8 15 
6 18 13 
9 
10 17 10 
4 1 19 
5 20 1 2 
==============================

====== Algorithm Status ======
Valor:                2035
Time:                 4001
nIter:                3242
Best Iter:            3242
Improvement Count:    3241
==============================
Solution tour: 
0 19 
3 
2 
1 11 1 20 16 20 12 20 
8 15 
6 18 13 
9 
10 17 10 9 
5 20 1 2 
==============================

====== Algorithm Status ======
Valor:                2035
Time:                 8000
nIter:                6516
Best Iter:            6516
Improvement Count:    6515
==============================
Solution tour: 
0 19 
3 
2 
1 11 1 20 16 20 12 20 
8 15 
6 18 13 
9 
10 17 10 9 
5 20 1 2 
==============================

====== Algorithm Status ======
Valor:                2035
Time:                 16000
nIter:                12936
Best Iter:            12936
Improvement Count:    12935
==============================
Solution tour: 
0 19 
3 
2 
1 11 1 20 16 20 12 20 
8 15 
6 18 13 
9 
10 17 10 9 
5 20 1 2 
==============================

====== Algorithm Status ======
Valor:                2035
Time:                 32001
nIter:                25350
Best Iter:            25350
Improvement Count:    25349
==============================
Solution tour: 
0 19 
3 
2 
1 11 1 20 16 20 12 20 
8 15 
6 18 13 
9 
10 17 10 9 
5 20 1 2 
==============================

====== Algorithm Status ======
Valor:                2035
Time:                 64000
nIter:                49033
Best Iter:            49033
Improvement Count:    49032
==============================
Solution tour: 
0 19 
3 
2 
1 11 1 20 16 20 12 20 
8 15 
6 18 13 
9 
10 17 10 9 
5 20 1 2 
==============================

====== Algorithm Status ======
Valor:                2035
Time:                 128000
nIter:                93752
Best Iter:            93752
Improvement Count:    93751
==============================
Solution tour: 
0 19 
3 
2 
1 11 1 20 16 20 12 20 
8 15 
6 18 13 
9 
10 17 10 9 
5 20 1 2 
==============================

====== Algorithm Status ======
Valor:                2038
Time:                 256001
nIter:                194350
Best Iter:            194350
Improvement Count:    194349
==============================
Solution tour: 
0 19 
3 
4 
2 
1 11 1 20 16 20 
5 
6 15 18 13 
9 
10 17 10 9 13 12 20 1 2 
==============================

====== Algorithm Status ======
Valor:                2052
Time:                 512000
nIter:                381925
Best Iter:            381925
Improvement Count:    381924
==============================
Solution tour: 
0 19 13 
9 
10 17 10 9 13 18 12 20 1 2 
3 2 
1 11 1 20 16 20 
5 
4 
==============================

====== Algorithm Status ======
Valor:                2052
Time:                 1024001
nIter:                744877
Best Iter:            744877
Improvement Count:    744878
==============================
Solution tour: 
0 19 13 
9 
10 17 10 9 13 18 12 20 1 2 
3 2 
1 11 1 20 16 20 
5 
4 
==============================

====== Algorithm Status ======
Valor:                2052
Time:                 1024001
nIter:                744877
Best Iter:            744877
Improvement Count:    744878
==============================
Solution tour: 
0 19 13 
9 
10 17 10 9 13 18 12 20 1 2 
3 2 
1 11 1 20 16 20 
5 
4 
==============================

