=========== Input ===========
File name:                ./instances/realistic-instances/15-10-1110588.cdop
Total node count:         26
Truck node count:         15
Drone node count:         10
=============================

========== Settings ==========
Settings file:        ./settings/Memetic-LS_MPX_1881515.config
Seed:                 1881515
Reduction method:     -
Max iter:             1024000
Population size:      13
Crossover:            MA-MPX
Local Search:         -
Warm Start:           -
==============================

====== Algorithm Status ======
Valor:                1550
Time:                 250
nIter:                574
Best Iter:            574
Improvement Count:    573
==============================
Solution tour: 
0 
10 
13 
7 21 
1 
15 17 
6 20 16 
5 22 
11 23 24 
12 19 25 18 19 
14 
2 
4 
8 
3 
9 
==============================

====== Algorithm Status ======
Valor:                1550
Time:                 500
nIter:                1187
Best Iter:            1187
Improvement Count:    1186
==============================
Solution tour: 
0 
10 
13 
7 21 
1 
15 17 
6 20 16 
5 22 
11 23 24 
12 19 25 18 19 
14 
2 
4 
8 
3 
9 
==============================

====== Algorithm Status ======
Valor:                1611
Time:                 1000
nIter:                2550
Best Iter:            2550
Improvement Count:    2549
==============================
Solution tour: 
0 
9 
3 
8 
13 19 
1 
15 17 
6 20 16 
5 22 
11 23 24 
12 19 25 18 19 
14 
2 
4 
7 21 
10 
==============================

====== Algorithm Status ======
Valor:                1618
Time:                 2000
nIter:                5056
Best Iter:            5056
Improvement Count:    5055
==============================
Solution tour: 
0 
9 
3 
8 
13 19 
1 
15 17 
6 20 16 5 22 
11 23 24 
12 19 25 18 19 
14 
2 
5 
4 
7 21 
10 
==============================

====== Algorithm Status ======
Valor:                1618
Time:                 4000
nIter:                10255
Best Iter:            10255
Improvement Count:    10254
==============================
Solution tour: 
0 
9 
3 
8 
13 19 
1 
15 17 
6 20 16 5 22 
11 23 24 
12 19 25 18 19 
14 
2 
5 
4 
7 21 
10 
==============================

====== Algorithm Status ======
Valor:                1618
Time:                 8000
nIter:                20476
Best Iter:            20476
Improvement Count:    20475
==============================
Solution tour: 
0 
9 
3 
8 
13 19 
1 
15 17 
6 20 16 5 22 
11 23 24 
12 19 25 18 19 
14 
2 
5 
4 
7 21 
10 
==============================

====== Algorithm Status ======
Valor:                1661
Time:                 16000
nIter:                40629
Best Iter:            40629
Improvement Count:    40628
==============================
Solution tour: 
0 
9 
3 
8 
13 19 
1 
15 6 17 
6 20 16 5 22 23 
11 15 24 
12 25 18 
14 
2 
5 
4 
7 21 
10 
==============================

====== Algorithm Status ======
Valor:                1702
Time:                 32000
nIter:                80578
Best Iter:            80578
Improvement Count:    80577
==============================
Solution tour: 
0 
9 
3 
8 
13 1 
15 16 17 
6 20 6 5 22 23 
11 15 24 
12 25 18 
14 19 
5 
2 
4 
7 21 
10 
==============================

====== Algorithm Status ======
Valor:                1759
Time:                 64000
nIter:                154735
Best Iter:            154735
Improvement Count:    154734
==============================
Solution tour: 
0 
9 
3 
8 19 
1 
15 1 
6 20 6 5 22 23 
11 16 24 
12 25 18 19 
14 15 
13 
4 
2 
5 
7 21 
10 
==============================

====== Algorithm Status ======
Valor:                1778
Time:                 128000
nIter:                296604
Best Iter:            296604
Improvement Count:    296603
==============================
Solution tour: 
0 
9 
3 
8 19 
1 
15 1 
6 20 6 
4 5 22 23 
11 16 24 
12 25 18 19 
14 15 
13 5 
2 
5 21 
7 21 
10 
==============================

====== Algorithm Status ======
Valor:                1817
Time:                 256000
nIter:                591157
Best Iter:            591157
Improvement Count:    591156
==============================
Solution tour: 
0 
10 0 
9 
3 
8 19 
1 
15 1 
6 20 6 
4 5 22 23 
11 16 15 24 
12 25 18 19 
14 15 
13 14 5 
2 
7 21 
==============================

====== Algorithm Status ======
Valor:                1840
Time:                 512000
nIter:                1153772
Best Iter:            1153772
Improvement Count:    1153771
==============================
Solution tour: 
0 
10 0 
8 19 
1 
15 1 
6 20 17 6 
4 5 22 23 
11 16 15 24 
12 25 18 19 
14 15 
13 14 5 
2 
5 
7 21 
3 
9 
==============================

====== Algorithm Status ======
Valor:                1848
Time:                 1024001
nIter:                2223693
Best Iter:            2223693
Improvement Count:    2223694
==============================
Solution tour: 
0 
10 0 
8 14 19 
1 
15 1 
6 20 17 6 
4 5 22 23 
11 16 15 24 
12 25 18 19 
14 15 
13 14 5 
2 
5 
7 21 
3 
9 
==============================

====== Algorithm Status ======
Valor:                1848
Time:                 1024001
nIter:                2223693
Best Iter:            2223693
Improvement Count:    2223694
==============================
Solution tour: 
0 
10 0 
8 14 19 
1 
15 1 
6 20 17 6 
4 5 22 23 
11 16 15 24 
12 25 18 19 
14 15 
13 14 5 
2 
5 
7 21 
3 
9 
==============================

