=========== Input ===========
File name:                ./instances/realistic-instances/10-40-1917698.cdop
Total node count:         51
Truck node count:         10
Drone node count:         40
=============================

========== Settings ==========
Settings file:        ./settings/Memetic-LS_MPX_1287823.config
Seed:                 1287823
Reduction method:     -
Max iter:             1024000
Population size:      13
Crossover:            MA-MPX
Local Search:         -
Warm Start:           -
==============================

====== Algorithm Status ======
Valor:                1786
Time:                 253
nIter:                213
Best Iter:            213
Improvement Count:    212
==============================
Solution tour: 
0 39 48 24 35 19 49 
5 15 31 
3 28 13 11 
4 
8 
10 18 40 
7 
6 44 23 
1 42 
9 27 29 
2 41 
==============================

====== Algorithm Status ======
Valor:                1883
Time:                 500
nIter:                405
Best Iter:            405
Improvement Count:    404
==============================
Solution tour: 
0 39 48 50 24 
5 19 49 35 15 31 
3 28 34 13 11 
4 
8 
10 18 40 
7 
6 44 23 
1 42 
9 27 29 
2 41 
==============================

====== Algorithm Status ======
Valor:                1998
Time:                 1009
nIter:                784
Best Iter:            784
Improvement Count:    783
==============================
Solution tour: 
0 39 48 24 
9 42 
1 27 29 31 13 
5 19 49 35 15 
3 28 34 41 11 
2 
10 18 40 
8 
4 
7 
6 44 45 23 
==============================

====== Algorithm Status ======
Valor:                2176
Time:                 2002
nIter:                1514
Best Iter:            1514
Improvement Count:    1513
==============================
Solution tour: 
0 39 48 15 27 29 31 13 
10 18 40 
7 
6 44 45 23 
1 
9 
8 
2 22 
3 47 28 34 41 11 24 
5 19 49 35 37 
4 16 
==============================

====== Algorithm Status ======
Valor:                2376
Time:                 4000
nIter:                3050
Best Iter:            3050
Improvement Count:    3049
==============================
Solution tour: 
0 39 48 13 15 27 29 31 13 
5 21 35 20 28 18 40 
7 
6 44 45 23 
2 22 
3 47 
1 
9 
8 
10 41 11 
4 17 34 
==============================

====== Algorithm Status ======
Valor:                2458
Time:                 8000
nIter:                6043
Best Iter:            6043
Improvement Count:    6042
==============================
Solution tour: 
0 39 48 13 15 27 29 31 13 
5 38 35 20 28 18 40 
7 
6 44 45 23 
2 22 
3 47 
1 
9 
8 
10 41 11 50 
4 21 17 34 
==============================

====== Algorithm Status ======
Valor:                2514
Time:                 16002
nIter:                11902
Best Iter:            11902
Improvement Count:    11901
==============================
Solution tour: 
0 39 48 13 30 15 27 29 31 21 
5 38 35 20 28 18 40 
7 
6 44 45 23 
2 22 
3 47 
1 
9 
8 
10 41 11 
4 21 17 34 
==============================

====== Algorithm Status ======
Valor:                2589
Time:                 32004
nIter:                23723
Best Iter:            23723
Improvement Count:    23722
==============================
Solution tour: 
0 39 48 19 31 30 24 15 27 29 17 21 
5 38 35 20 28 18 40 
7 
6 44 45 23 
2 22 
3 47 
1 
9 16 
8 
10 41 11 
4 13 34 
==============================

====== Algorithm Status ======
Valor:                2746
Time:                 64000
nIter:                48149
Best Iter:            48149
Improvement Count:    48148
==============================
Solution tour: 
0 48 39 19 31 30 24 15 27 29 17 21 
5 38 35 20 28 43 46 18 40 
7 
6 44 47 23 
2 22 
3 45 
1 
9 16 41 
10 2 11 
8 
4 13 34 
==============================

====== Algorithm Status ======
Valor:                2937
Time:                 128000
nIter:                98225
Best Iter:            98225
Improvement Count:    98224
==============================
Solution tour: 
0 48 39 42 19 30 
4 33 24 15 27 29 31 14 21 
5 38 49 35 20 28 43 46 18 40 
7 
6 44 47 23 
2 22 
3 45 
1 
9 16 41 
10 
8 17 13 37 32 34 
==============================

====== Algorithm Status ======
Valor:                2987
Time:                 256000
nIter:                184905
Best Iter:            184905
Improvement Count:    184904
==============================
Solution tour: 
0 48 39 42 19 30 
4 33 24 15 27 29 31 14 50 21 
5 38 49 35 20 28 43 46 18 40 
7 
6 44 47 23 
2 22 
3 45 
1 
9 16 41 
10 
8 17 13 37 32 34 
==============================

====== Algorithm Status ======
Valor:                3026
Time:                 512004
nIter:                361014
Best Iter:            361014
Improvement Count:    361013
==============================
Solution tour: 
0 48 39 28 19 30 33 
4 24 15 27 29 31 14 50 21 
5 38 35 20 42 43 46 18 40 
7 26 
6 44 47 23 
2 22 
3 45 
1 
9 16 41 
10 
8 17 13 37 32 34 
==============================

====== Algorithm Status ======
Valor:                3110
Time:                 1024009
nIter:                718821
Best Iter:            718821
Improvement Count:    718822
==============================
Solution tour: 
0 48 39 28 19 30 16 33 
4 15 24 27 29 31 14 50 21 
5 38 35 20 42 43 46 18 40 
7 
6 44 47 23 
2 22 
3 12 
1 
9 11 41 
10 45 
8 17 13 37 25 32 34 
==============================

====== Algorithm Status ======
Valor:                3110
Time:                 1024009
nIter:                718821
Best Iter:            718821
Improvement Count:    718822
==============================
Solution tour: 
0 48 39 28 19 30 16 33 
4 15 24 27 29 31 14 50 21 
5 38 35 20 42 43 46 18 40 
7 
6 44 47 23 
2 22 
3 12 
1 
9 11 41 
10 45 
8 17 13 37 25 32 34 
==============================

