=========== Input ===========
File name:                ./instances/realistic-instances/15-25-1917698.cdop
Total node count:         41
Truck node count:         15
Drone node count:         25
=============================

========== Settings ==========
Settings file:        ./settings/Memetic-LS_MMX_1881515.config
Seed:                 1881515
Reduction method:     -
Max iter:             1024000
Population size:      13
Crossover:            MA-MMX
Local Search:         -
Warm Start:           -
==============================

====== Algorithm Status ======
Valor:                1677
Time:                 250
nIter:                280
Best Iter:            280
Improvement Count:    279
==============================
Solution tour: 
0 31 19 33 28 33 38 
15 37 27 
6 22 40 20 
11 
8 16 
7 39 18 
14 26 17 
13 34 36 30 
2 32 
12 
1 
5 29 
3 
==============================

====== Algorithm Status ======
Valor:                1769
Time:                 500
nIter:                609
Best Iter:            609
Improvement Count:    608
==============================
Solution tour: 
0 31 19 33 28 33 38 
15 37 27 
6 22 40 20 
11 
8 16 29 
7 32 
2 
14 26 17 
13 34 36 30 39 18 39 35 
12 37 
==============================

====== Algorithm Status ======
Valor:                2011
Time:                 1000
nIter:                1260
Best Iter:            1260
Improvement Count:    1259
==============================
Solution tour: 
0 31 19 33 28 33 38 
15 27 
6 22 40 20 
11 
8 
12 4 29 
7 29 32 13 17 
13 34 36 30 13 18 39 35 16 34 24 
==============================

====== Algorithm Status ======
Valor:                2022
Time:                 2000
nIter:                2549
Best Iter:            2549
Improvement Count:    2548
==============================
Solution tour: 
0 31 19 33 28 33 38 
15 27 
6 22 40 20 
11 
8 
12 4 29 
7 29 23 32 13 17 
13 34 36 30 13 18 39 35 16 34 24 
==============================

====== Algorithm Status ======
Valor:                2092
Time:                 4002
nIter:                5113
Best Iter:            5113
Improvement Count:    5112
==============================
Solution tour: 
0 26 37 28 19 33 28 33 38 
15 27 
6 22 32 40 20 
11 
8 
12 4 29 
7 29 23 13 17 
13 36 18 39 35 16 34 30 24 
==============================

====== Algorithm Status ======
Valor:                2188
Time:                 8000
nIter:                10188
Best Iter:            10188
Improvement Count:    10187
==============================
Solution tour: 
0 26 30 28 19 33 28 33 38 
15 27 
6 22 32 22 32 40 20 4 29 
7 29 23 13 17 
13 36 39 18 39 35 16 34 37 24 
==============================

====== Algorithm Status ======
Valor:                2277
Time:                 16000
nIter:                20585
Best Iter:            20585
Improvement Count:    20584
==============================
Solution tour: 
0 30 21 26 19 33 28 33 38 
15 27 
6 22 32 40 20 31 20 4 29 
7 29 23 13 17 
13 36 18 39 35 16 34 37 24 
==============================

====== Algorithm Status ======
Valor:                2308
Time:                 32001
nIter:                42659
Best Iter:            42659
Improvement Count:    42658
==============================
Solution tour: 
0 30 21 26 19 28 33 38 
15 27 
6 22 32 22 40 20 31 20 4 29 
7 29 23 13 17 
13 36 39 18 39 35 16 34 37 24 
==============================

====== Algorithm Status ======
Valor:                2400
Time:                 64000
nIter:                86656
Best Iter:            86656
Improvement Count:    86655
==============================
Solution tour: 
0 40 26 21 30 19 28 33 28 
15 27 32 22 32 19 31 20 4 29 
7 29 23 13 17 
13 36 39 18 39 35 16 34 37 24 
==============================

====== Algorithm Status ======
Valor:                2400
Time:                 128000
nIter:                170242
Best Iter:            170242
Improvement Count:    170241
==============================
Solution tour: 
0 40 26 21 30 19 28 33 28 
15 27 32 22 32 19 31 20 4 29 
7 29 23 13 17 
13 36 39 18 39 35 16 34 37 24 
==============================

====== Algorithm Status ======
Valor:                2400
Time:                 256000
nIter:                324026
Best Iter:            324026
Improvement Count:    324025
==============================
Solution tour: 
0 40 26 21 30 19 28 33 28 
15 27 32 22 32 19 31 20 4 29 
7 29 23 13 17 
13 36 39 18 39 35 16 34 37 24 
==============================

====== Algorithm Status ======
Valor:                2411
Time:                 512000
nIter:                651555
Best Iter:            651555
Improvement Count:    651554
==============================
Solution tour: 
0 40 26 21 30 19 28 33 28 
15 27 32 22 32 27 31 20 4 29 
7 29 38 
14 17 
13 36 39 18 39 35 16 34 37 24 
==============================

====== Algorithm Status ======
Valor:                2413
Time:                 1024001
nIter:                1288992
Best Iter:            1288992
Improvement Count:    1288993
==============================
Solution tour: 
0 40 26 21 30 19 28 33 28 
15 27 32 22 32 27 31 20 4 29 
7 29 38 
14 17 
13 28 36 39 18 39 35 16 34 37 24 
==============================

====== Algorithm Status ======
Valor:                2413
Time:                 1024001
nIter:                1288992
Best Iter:            1288992
Improvement Count:    1288993
==============================
Solution tour: 
0 40 26 21 30 19 28 33 28 
15 27 32 22 32 27 31 20 4 29 
7 29 38 
14 17 
13 28 36 39 18 39 35 16 34 37 24 
==============================

