=========== Input ===========
File name:                ./instances/realistic-instances/10-40-1767920.cdop
Total node count:         51
Truck node count:         10
Drone node count:         40
=============================

========== Settings ==========
Settings file:        ./settings/Memetic_MMX_1099666.config
Seed:                 1099666
Reduction method:     -
Max iter:             1024000
Population size:      13
Crossover:            MA-MMX
Local Search:         LS
Warm Start:           -
==============================

====== Algorithm Status ======
Valor:                3368
Time:                 250
nIter:                30
Best Iter:            30
Improvement Count:    29
==============================
Solution tour: 
0 34 11 9 16 
9 22 31 22 17 26 29 14 44 19 50 49 27 32 24 18 12 33 42 
6 46 45 38 36 15 36 23 20 21 35 41 28 30 25 40 47 43 
==============================

====== Algorithm Status ======
Valor:                3374
Time:                 503
nIter:                58
Best Iter:            58
Improvement Count:    57
==============================
Solution tour: 
0 34 11 9 16 
9 22 31 22 17 26 29 14 44 19 50 49 27 32 24 31 18 12 33 42 
6 46 45 38 36 15 36 41 23 20 21 35 28 30 25 40 47 43 
==============================

====== Algorithm Status ======
Valor:                3379
Time:                 1000
nIter:                115
Best Iter:            115
Improvement Count:    114
==============================
Solution tour: 
0 34 11 9 16 
9 15 17 29 26 27 21 50 32 12 18 31 22 31 24 41 49 42 33 42 
6 19 35 14 44 25 40 47 43 37 38 36 23 20 28 30 46 45 46 
==============================

====== Algorithm Status ======
Valor:                3465
Time:                 2007
nIter:                222
Best Iter:            222
Improvement Count:    221
==============================
Solution tour: 
0 39 9 16 
9 11 34 15 17 43 47 40 25 30 14 44 50 32 42 33 12 18 31 22 31 24 49 
6 19 35 41 21 27 26 29 37 38 36 23 28 46 45 46 
==============================

====== Algorithm Status ======
Valor:                3469
Time:                 4001
nIter:                438
Best Iter:            438
Improvement Count:    437
==============================
Solution tour: 
0 39 9 16 
9 11 34 15 17 43 47 40 25 30 14 44 50 32 42 33 12 18 31 22 31 24 49 42 
6 19 35 41 27 26 29 37 38 36 21 23 20 28 46 45 46 
==============================

====== Algorithm Status ======
Valor:                3498
Time:                 8005
nIter:                851
Best Iter:            851
Improvement Count:    850
==============================
Solution tour: 
0 39 9 16 
9 11 34 15 17 26 29 43 47 40 25 30 14 44 19 50 32 42 33 12 18 31 22 31 24 49 42 
6 35 21 41 7 27 37 38 36 23 28 46 45 46 
==============================

====== Algorithm Status ======
Valor:                3547
Time:                 16007
nIter:                1694
Best Iter:            1694
Improvement Count:    1693
==============================
Solution tour: 
0 39 9 16 
9 11 34 15 17 26 29 43 38 37 47 40 25 30 14 44 19 50 32 42 33 12 18 31 22 31 24 49 42 
6 19 35 41 7 15 36 21 20 23 28 46 45 46 
==============================

====== Algorithm Status ======
Valor:                3551
Time:                 32005
nIter:                3339
Best Iter:            3339
Improvement Count:    3338
==============================
Solution tour: 
0 39 9 16 
9 11 34 17 26 29 43 37 38 47 40 25 30 14 27 44 50 32 42 33 12 18 31 22 31 24 49 42 
6 19 35 41 7 15 36 21 20 23 28 46 45 46 
==============================

====== Algorithm Status ======
Valor:                3551
Time:                 64013
nIter:                6474
Best Iter:            6474
Improvement Count:    6473
==============================
Solution tour: 
0 39 9 16 
9 11 34 17 26 29 43 37 38 47 40 25 30 14 27 44 50 32 42 33 12 18 31 22 31 24 49 42 
6 19 35 41 7 15 36 21 20 23 28 46 45 46 
==============================

====== Algorithm Status ======
Valor:                3551
Time:                 128004
nIter:                12226
Best Iter:            12226
Improvement Count:    12225
==============================
Solution tour: 
0 39 9 16 
9 11 34 17 26 29 43 37 38 47 40 25 30 14 27 44 50 32 42 33 12 18 31 22 31 24 49 42 
6 19 35 41 7 15 36 21 20 23 28 46 45 46 
==============================

====== Algorithm Status ======
Valor:                3561
Time:                 256009
nIter:                24545
Best Iter:            24545
Improvement Count:    24544
==============================
Solution tour: 
0 30 39 9 16 
9 11 34 17 26 29 43 37 38 25 40 14 27 44 50 32 42 33 12 18 47 18 31 22 31 24 49 42 
6 19 35 41 7 15 36 21 20 23 28 46 45 46 
==============================

====== Algorithm Status ======
Valor:                3572
Time:                 512000
nIter:                48374
Best Iter:            48374
Improvement Count:    48373
==============================
Solution tour: 
0 39 9 16 
9 11 34 17 26 29 43 37 38 13 25 40 14 44 19 50 32 42 33 12 18 47 18 31 22 31 24 49 42 
6 35 41 7 27 10 15 36 21 20 23 28 30 46 45 46 
==============================

====== Algorithm Status ======
Valor:                3575
Time:                 1024009
nIter:                95296
Best Iter:            95296
Improvement Count:    95297
==============================
Solution tour: 
0 39 9 16 
9 11 34 17 26 29 43 37 38 13 25 40 14 44 19 50 32 42 33 12 18 47 18 31 22 31 49 24 
6 21 35 41 7 27 10 15 36 23 20 28 30 46 45 46 
==============================

====== Algorithm Status ======
Valor:                3575
Time:                 1024009
nIter:                95296
Best Iter:            95296
Improvement Count:    95297
==============================
Solution tour: 
0 39 9 16 
9 11 34 17 26 29 43 37 38 13 25 40 14 44 19 50 32 42 33 12 18 47 18 31 22 31 49 24 
6 21 35 41 7 27 10 15 36 23 20 28 30 46 45 46 
==============================

