=========== Input ===========
File name:                ./instances/realistic-instances/15-25-1767920.cdop
Total node count:         41
Truck node count:         15
Drone node count:         25
=============================

========== Settings ==========
Settings file:        ./settings/Memetic-LS_MMX_1287823.config
Seed:                 1287823
Reduction method:     -
Max iter:             1024000
Population size:      13
Crossover:            MA-MMX
Local Search:         -
Warm Start:           -
==============================

====== Algorithm Status ======
Valor:                1496
Time:                 250
nIter:                309
Best Iter:            309
Improvement Count:    308
==============================
Solution tour: 
0 16 19 22 
15 26 18 40 
8 
10 39 38 
5 
2 
3 
7 33 17 25 21 
12 35 34 
4 31 23 30 24 30 29 
11 
14 32 
1 36 37 20 37 28 
==============================

====== Algorithm Status ======
Valor:                1557
Time:                 500
nIter:                636
Best Iter:            636
Improvement Count:    635
==============================
Solution tour: 
0 16 19 32 
15 26 18 40 
8 
10 39 38 
5 
2 
3 
7 33 17 25 21 
12 34 29 
4 31 23 30 24 
11 
14 22 39 
1 37 20 
==============================

====== Algorithm Status ======
Valor:                1696
Time:                 1000
nIter:                1300
Best Iter:            1300
Improvement Count:    1299
==============================
Solution tour: 
0 16 19 32 
15 
4 18 25 
8 
10 38 
3 
7 33 17 25 21 
12 34 29 26 31 23 30 23 30 24 
14 
5 22 39 
1 5 37 39 
==============================

====== Algorithm Status ======
Valor:                1995
Time:                 2000
nIter:                2667
Best Iter:            2667
Improvement Count:    2666
==============================
Solution tour: 
0 35 19 18 32 33 
15 
4 16 40 25 40 25 
8 
10 38 30 25 33 17 25 21 34 29 26 31 30 23 30 22 37 39 37 39 
1 39 
==============================

====== Algorithm Status ======
Valor:                2162
Time:                 4000
nIter:                5510
Best Iter:            5510
Improvement Count:    5509
==============================
Solution tour: 
0 35 36 35 40 19 18 33 32 33 
15 32 25 
8 38 30 17 34 29 26 31 30 23 30 24 21 22 37 39 
1 39 
==============================

====== Algorithm Status ======
Valor:                2306
Time:                 8000
nIter:                11072
Best Iter:            11072
Improvement Count:    11071
==============================
Solution tour: 
0 35 36 35 40 19 18 33 32 33 
15 32 25 
8 38 30 17 29 34 31 23 30 24 30 39 30 17 16 21 22 37 26 27 26 28 
==============================

====== Algorithm Status ======
Valor:                2345
Time:                 16000
nIter:                23054
Best Iter:            23054
Improvement Count:    23053
==============================
Solution tour: 
0 35 36 35 40 19 18 33 32 33 
15 32 25 
8 38 30 17 29 34 31 20 37 39 34 23 30 23 16 21 22 37 26 27 35 
==============================

====== Algorithm Status ======
Valor:                2401
Time:                 32000
nIter:                44707
Best Iter:            44707
Improvement Count:    44706
==============================
Solution tour: 
0 35 36 35 24 40 19 18 33 32 33 
15 32 35 25 
8 38 30 17 29 34 31 37 20 37 23 30 23 16 21 22 37 26 27 33 
==============================

====== Algorithm Status ======
Valor:                2506
Time:                 64000
nIter:                84360
Best Iter:            84360
Improvement Count:    84359
==============================
Solution tour: 
0 35 36 35 17 40 19 28 18 10 33 32 33 
15 32 35 25 
8 25 30 38 24 29 34 37 20 37 31 23 30 21 22 26 27 33 
==============================

====== Algorithm Status ======
Valor:                2596
Time:                 128001
nIter:                156944
Best Iter:            156944
Improvement Count:    156943
==============================
Solution tour: 
0 35 36 35 17 19 28 18 10 33 32 33 
15 33 40 25 
8 25 30 38 24 29 34 37 20 37 31 23 30 23 16 21 22 26 27 33 
==============================

====== Algorithm Status ======
Valor:                2672
Time:                 256000
nIter:                308083
Best Iter:            308083
Improvement Count:    308082
==============================
Solution tour: 
0 35 36 35 17 19 28 18 10 33 32 33 
15 33 40 25 
8 25 39 30 38 24 29 34 23 21 22 31 37 20 27 26 27 33 
==============================

====== Algorithm Status ======
Valor:                2711
Time:                 512000
nIter:                613961
Best Iter:            613961
Improvement Count:    613960
==============================
Solution tour: 
0 33 35 36 35 17 19 28 18 10 18 33 
15 33 32 40 25 
8 25 39 30 38 
12 24 29 34 23 16 21 22 31 37 20 27 26 27 33 
==============================

====== Algorithm Status ======
Valor:                2722
Time:                 1024001
nIter:                1213029
Best Iter:            1213029
Improvement Count:    1213030
==============================
Solution tour: 
0 35 36 35 17 19 28 18 10 18 33 
15 33 32 25 40 25 
8 25 39 30 38 
12 24 29 34 23 16 21 22 31 37 20 27 26 27 33 
==============================

====== Algorithm Status ======
Valor:                2722
Time:                 1024001
nIter:                1213029
Best Iter:            1213029
Improvement Count:    1213030
==============================
Solution tour: 
0 35 36 35 17 19 28 18 10 18 33 
15 33 32 25 40 25 
8 25 39 30 38 
12 24 29 34 23 16 21 22 31 37 20 27 26 27 33 
==============================

