=========== Input ===========
File name:                ./instances/realistic-instances/10-40-1110588.cdop
Total node count:         51
Truck node count:         10
Drone node count:         40
=============================

========== Settings ==========
Settings file:        ./settings/Memetic_MPX_1881515.config
Seed:                 1881515
Reduction method:     -
Max iter:             1024000
Population size:      13
Crossover:            MA-MPX
Local Search:         LS
Warm Start:           -
==============================

====== Algorithm Status ======
Valor:                2940
Time:                 256
nIter:                26
Best Iter:            26
Improvement Count:    25
==============================
Solution tour: 
0 
5 
4 48 
3 
1 
2 48 39 19 18 49 27 36 45 21 37 43 34 
8 47 46 7 17 
7 26 30 35 40 29 39 29 
10 24 31 41 33 14 42 32 28 22 20 11 25 20 15 44 8 
9 12 38 13 5 
==============================

====== Algorithm Status ======
Valor:                2940
Time:                 506
nIter:                55
Best Iter:            55
Improvement Count:    54
==============================
Solution tour: 
0 
5 
4 48 
3 
1 
2 48 39 19 18 49 27 36 45 21 37 43 34 
8 47 46 7 17 
7 26 30 35 40 29 39 29 
10 24 31 41 33 14 42 32 28 22 20 11 25 20 15 44 8 
9 12 38 13 5 
==============================

====== Algorithm Status ======
Valor:                3047
Time:                 1008
nIter:                111
Best Iter:            111
Improvement Count:    110
==============================
Solution tour: 
0 
2 4 48 39 19 18 49 27 36 42 45 21 37 43 34 
6 
8 47 19 46 7 17 
7 26 30 35 40 29 39 29 
10 24 11 16 31 41 33 14 32 28 22 20 25 20 15 44 8 
9 12 38 23 13 5 
4 
3 
1 
==============================

====== Algorithm Status ======
Valor:                3058
Time:                 2008
nIter:                206
Best Iter:            206
Improvement Count:    205
==============================
Solution tour: 
0 
2 4 48 39 19 18 49 27 36 42 45 21 37 34 
6 
8 47 19 46 7 17 
7 26 30 43 35 40 29 39 29 
10 24 11 16 31 41 33 14 32 28 22 20 25 20 15 44 8 
9 12 38 23 13 5 
4 
3 
1 
==============================

====== Algorithm Status ======
Valor:                3058
Time:                 4004
nIter:                390
Best Iter:            390
Improvement Count:    389
==============================
Solution tour: 
0 
2 4 48 39 19 18 49 27 36 42 45 21 37 34 
6 
8 47 19 46 7 17 
7 26 30 43 35 40 29 39 29 
10 24 11 16 31 41 33 14 32 28 22 20 25 20 15 44 8 
9 12 38 23 13 5 
4 
3 
1 
==============================

====== Algorithm Status ======
Valor:                3097
Time:                 8001
nIter:                774
Best Iter:            774
Improvement Count:    773
==============================
Solution tour: 
0 
4 
1 
2 4 48 39 19 18 49 27 36 42 45 21 37 34 
6 40 
8 47 19 46 7 17 
7 26 30 43 35 10 29 39 29 
10 24 11 16 31 41 33 14 50 32 28 22 20 25 20 15 44 8 
9 12 38 23 13 
5 
3 
==============================

====== Algorithm Status ======
Valor:                3097
Time:                 16000
nIter:                1583
Best Iter:            1583
Improvement Count:    1582
==============================
Solution tour: 
0 
4 
1 
2 4 48 39 19 18 49 27 36 42 45 21 37 34 
6 40 
8 47 19 46 7 17 
7 26 30 43 35 10 29 39 29 
10 24 11 16 31 41 33 14 50 32 28 22 20 25 20 15 44 8 
9 12 38 23 13 
5 
3 
==============================

====== Algorithm Status ======
Valor:                3106
Time:                 32009
nIter:                3159
Best Iter:            3159
Improvement Count:    3158
==============================
Solution tour: 
0 
1 
2 4 48 39 19 18 49 27 36 42 45 21 37 34 
6 40 
8 47 19 46 7 17 
7 26 30 43 35 10 29 39 29 
10 24 11 16 31 41 33 14 50 32 28 22 20 25 20 15 44 8 
9 12 38 23 38 13 
5 
3 
==============================

====== Algorithm Status ======
Valor:                3106
Time:                 64002
nIter:                6522
Best Iter:            6522
Improvement Count:    6521
==============================
Solution tour: 
0 
1 
2 4 48 39 19 18 49 27 36 42 45 21 37 34 
6 40 
8 47 19 46 7 17 
7 26 30 43 35 10 29 39 29 
10 24 11 16 31 41 33 14 50 32 28 22 20 25 20 15 44 8 
9 12 38 23 38 13 
5 
3 
==============================

====== Algorithm Status ======
Valor:                3112
Time:                 128001
nIter:                13562
Best Iter:            13562
Improvement Count:    13561
==============================
Solution tour: 
0 
4 
2 4 48 39 19 18 49 27 36 42 45 21 37 34 
6 40 
8 47 19 46 7 17 
7 26 30 43 35 10 29 39 29 
10 24 11 16 31 41 33 14 50 32 28 22 20 25 20 15 44 8 
9 8 12 38 23 13 
5 
3 
==============================

====== Algorithm Status ======
Valor:                3196
Time:                 256020
nIter:                26091
Best Iter:            26091
Improvement Count:    26090
==============================
Solution tour: 
0 
3 
6 40 
8 47 19 46 7 17 
7 26 31 43 30 34 37 34 35 28 10 29 39 29 
10 24 16 11 41 33 14 50 42 36 42 45 32 22 20 25 20 15 44 8 
9 12 38 23 27 49 21 18 13 
5 48 
4 
2 
==============================

====== Algorithm Status ======
Valor:                3196
Time:                 512008
nIter:                52648
Best Iter:            52648
Improvement Count:    52647
==============================
Solution tour: 
0 
3 
6 40 
8 47 19 46 7 17 
7 26 31 43 30 34 37 34 35 28 10 29 39 29 
10 24 16 11 41 33 14 50 42 36 42 45 32 22 20 25 20 15 44 8 
9 12 38 23 27 49 21 18 13 
5 48 
4 
2 
==============================

====== Algorithm Status ======
Valor:                3196
Time:                 1024002
nIter:                105828
Best Iter:            105828
Improvement Count:    105829
==============================
Solution tour: 
0 
3 
6 40 
8 47 19 46 7 17 
7 26 31 43 30 34 37 34 35 28 10 29 39 29 
10 24 16 11 41 33 14 50 42 36 42 45 32 22 20 25 20 15 44 8 
9 12 38 23 27 49 21 18 13 
5 48 
4 
2 
==============================

====== Algorithm Status ======
Valor:                3196
Time:                 1024002
nIter:                105828
Best Iter:            105828
Improvement Count:    105829
==============================
Solution tour: 
0 
3 
6 40 
8 47 19 46 7 17 
7 26 31 43 30 34 37 34 35 28 10 29 39 29 
10 24 16 11 41 33 14 50 42 36 42 45 32 22 20 25 20 15 44 8 
9 12 38 23 27 49 21 18 13 
5 48 
4 
2 
==============================

