=========== Input ===========
File name:                ./instances/realistic-instances/10-40-1891798.cdop
Total node count:         51
Truck node count:         10
Drone node count:         40
=============================

========== Settings ==========
Settings file:        ./settings/Memetic_MPX_1099666.config
Seed:                 1099666
Reduction method:     -
Max iter:             1024000
Population size:      13
Crossover:            MA-MPX
Local Search:         LS
Warm Start:           -
==============================

====== Algorithm Status ======
Valor:                3177
Time:                 254
nIter:                42
Best Iter:            42
Improvement Count:    41
==============================
Solution tour: 
0 35 11 24 42 47 
2 43 
9 32 49 32 16 25 15 23 19 40 48 
4 
1 39 14 36 21 12 10 
7 
10 41 33 22 31 
3 30 20 17 44 38 34 17 37 46 
8 27 26 50 
6 13 18 45 
5 
==============================

====== Algorithm Status ======
Valor:                3182
Time:                 501
nIter:                72
Best Iter:            72
Improvement Count:    71
==============================
Solution tour: 
0 35 11 24 42 47 
2 43 
9 32 49 32 16 25 29 15 23 19 40 48 
4 
1 45 39 14 36 21 12 10 
7 
10 41 33 22 18 13 31 
3 30 20 17 44 38 34 37 46 
8 27 50 26 17 
5 
6 
==============================

====== Algorithm Status ======
Valor:                3253
Time:                 1005
nIter:                143
Best Iter:            143
Improvement Count:    142
==============================
Solution tour: 
0 35 11 24 42 47 
6 13 18 45 39 
2 43 
4 
9 32 49 32 
1 36 14 21 12 10 
7 
10 41 20 22 33 
5 33 31 
3 30 37 50 46 
8 27 26 17 44 34 38 25 15 23 19 40 48 16 
==============================

====== Algorithm Status ======
Valor:                3253
Time:                 2008
nIter:                270
Best Iter:            270
Improvement Count:    269
==============================
Solution tour: 
0 35 11 24 42 47 
6 13 18 45 39 
2 43 
4 
9 32 49 32 
1 36 14 21 12 10 
7 
10 41 20 22 33 
5 33 31 
3 30 37 50 46 
8 27 26 17 44 34 38 25 15 23 19 40 48 16 
==============================

====== Algorithm Status ======
Valor:                3273
Time:                 4002
nIter:                534
Best Iter:            534
Improvement Count:    533
==============================
Solution tour: 
0 
9 32 49 32 
1 36 14 21 12 10 
7 
10 41 20 22 33 
5 33 31 
3 30 37 50 46 
8 27 26 17 44 34 38 25 15 23 19 40 48 16 
6 13 18 45 39 11 35 24 42 47 
2 43 
4 
==============================

====== Algorithm Status ======
Valor:                3278
Time:                 8012
nIter:                1016
Best Iter:            1016
Improvement Count:    1015
==============================
Solution tour: 
0 
9 32 49 32 
6 13 18 45 39 11 35 24 42 47 
2 43 
4 
1 36 14 21 12 10 
7 
10 41 20 22 33 
5 33 31 
3 30 37 50 46 
8 27 26 17 44 34 38 25 29 15 23 19 40 48 16 
==============================

====== Algorithm Status ======
Valor:                3278
Time:                 16000
nIter:                2014
Best Iter:            2014
Improvement Count:    2013
==============================
Solution tour: 
0 
9 32 49 32 
6 13 18 45 39 11 35 24 42 47 
2 43 
4 
1 36 14 21 12 10 
7 
10 41 20 22 33 
5 33 31 
3 30 37 50 46 
8 27 26 17 44 34 38 25 29 15 23 19 40 48 16 
==============================

====== Algorithm Status ======
Valor:                3305
Time:                 32002
nIter:                4006
Best Iter:            4006
Improvement Count:    4005
==============================
Solution tour: 
0 
9 32 49 32 
6 13 18 45 11 35 47 24 42 29 15 23 19 40 34 48 16 
4 43 
2 
1 39 36 21 14 12 10 
7 
10 41 20 22 33 
5 33 31 
3 30 17 44 38 25 26 50 37 46 
8 27 
==============================

====== Algorithm Status ======
Valor:                3325
Time:                 64005
nIter:                7643
Best Iter:            7643
Improvement Count:    7642
==============================
Solution tour: 
0 43 
2 
1 39 36 21 14 12 10 
7 
10 41 20 22 33 
5 33 31 
3 30 17 44 38 25 37 26 50 46 
8 27 38 
4 
9 32 49 32 
6 13 18 45 11 35 47 24 42 29 15 23 19 40 34 48 16 
==============================

====== Algorithm Status ======
Valor:                3325
Time:                 128000
nIter:                14732
Best Iter:            14732
Improvement Count:    14731
==============================
Solution tour: 
0 43 
2 
1 39 36 21 14 12 10 
7 
10 41 20 22 33 
5 33 31 
3 30 17 44 38 25 37 26 50 46 
8 27 38 
4 
9 32 49 32 
6 13 18 45 11 35 47 24 42 29 15 23 19 40 34 48 16 
==============================

====== Algorithm Status ======
Valor:                3325
Time:                 256002
nIter:                30530
Best Iter:            30530
Improvement Count:    30529
==============================
Solution tour: 
0 43 
2 
1 39 36 21 14 12 10 
7 
10 41 20 22 33 
5 33 31 
3 30 17 44 38 25 37 26 50 46 
8 27 38 
4 
9 32 49 32 
6 13 18 45 11 35 47 24 42 29 15 23 19 40 34 48 16 
==============================

====== Algorithm Status ======
Valor:                3340
Time:                 512000
nIter:                60440
Best Iter:            60440
Improvement Count:    60439
==============================
Solution tour: 
0 
4 43 
9 32 49 32 
6 16 48 40 19 23 15 23 13 42 24 47 
2 
1 45 39 36 21 14 12 28 12 10 
7 
10 41 20 18 22 33 
5 33 31 
3 30 17 44 38 25 37 26 50 46 
8 27 34 11 35 
==============================

====== Algorithm Status ======
Valor:                3352
Time:                 1024010
nIter:                119585
Best Iter:            119585
Improvement Count:    119586
==============================
Solution tour: 
0 
4 43 
9 32 49 32 
6 16 48 40 19 23 15 23 13 42 24 47 
2 
1 39 45 36 14 21 12 28 12 10 
7 
10 41 20 18 22 33 
5 33 31 
3 30 17 44 38 25 37 26 50 46 
8 27 34 35 
==============================

====== Algorithm Status ======
Valor:                3352
Time:                 1024010
nIter:                119585
Best Iter:            119585
Improvement Count:    119586
==============================
Solution tour: 
0 
4 43 
9 32 49 32 
6 16 48 40 19 23 15 23 13 42 24 47 
2 
1 39 45 36 14 21 12 28 12 10 
7 
10 41 20 18 22 33 
5 33 31 
3 30 17 44 38 25 37 26 50 46 
8 27 34 35 
==============================

