=========== Input ===========
File name:                ./instances/realistic-instances/15-25-1917698.cdop
Total node count:         41
Truck node count:         15
Drone node count:         25
=============================

========== Settings ==========
Settings file:        ./settings/Memetic-LS_MPX_1287823.config
Seed:                 1287823
Reduction method:     -
Max iter:             1024000
Population size:      13
Crossover:            MA-MPX
Local Search:         -
Warm Start:           -
==============================

====== Algorithm Status ======
Valor:                1697
Time:                 250
nIter:                277
Best Iter:            277
Improvement Count:    276
==============================
Solution tour: 
0 28 33 20 
12 
13 
6 27 32 23 
8 
7 22 36 
3 
2 
5 39 18 
1 26 
4 30 
11 16 
10 
9 
14 19 31 
15 24 35 40 
==============================

====== Algorithm Status ======
Valor:                1737
Time:                 500
nIter:                554
Best Iter:            554
Improvement Count:    553
==============================
Solution tour: 
0 28 33 20 
6 27 32 23 
10 
9 
11 38 
14 19 31 
15 24 35 40 
13 
8 
7 22 36 
3 
12 
2 
5 39 18 
1 26 
4 30 
==============================

====== Algorithm Status ======
Valor:                1778
Time:                 1000
nIter:                1130
Best Iter:            1130
Improvement Count:    1129
==============================
Solution tour: 
0 28 33 20 
5 39 18 
1 
6 27 32 22 
10 
9 
4 30 
11 38 
14 19 31 
15 24 35 40 
13 
8 
7 8 23 36 
3 
12 
2 
==============================

====== Algorithm Status ======
Valor:                1779
Time:                 2000
nIter:                2192
Best Iter:            2192
Improvement Count:    2191
==============================
Solution tour: 
0 28 33 20 
6 27 32 22 
1 
10 
9 
4 30 
11 38 
14 19 
15 24 35 40 
13 
8 
7 8 23 36 
3 
12 
2 
5 39 18 
==============================

====== Algorithm Status ======
Valor:                1849
Time:                 4000
nIter:                4430
Best Iter:            4430
Improvement Count:    4429
==============================
Solution tour: 
0 34 28 33 20 
9 
4 30 
11 38 
14 19 
15 24 35 40 
13 
10 
8 
7 8 23 36 
3 
12 
1 
6 27 32 22 
2 
5 39 18 
==============================

====== Algorithm Status ======
Valor:                1885
Time:                 8001
nIter:                8738
Best Iter:            8738
Improvement Count:    8737
==============================
Solution tour: 
0 34 28 33 
5 39 18 
11 38 
14 
4 
15 24 35 40 
13 
10 
8 
2 29 
7 8 23 36 
3 
9 20 19 30 
12 
1 
6 27 32 22 
==============================

====== Algorithm Status ======
Valor:                1964
Time:                 16000
nIter:                17021
Best Iter:            17021
Improvement Count:    17020
==============================
Solution tour: 
0 34 24 28 33 
10 
11 38 
14 37 
1 
6 27 32 22 
15 26 35 40 
8 
4 
5 39 18 
13 36 29 
7 8 23 
12 
3 
9 20 19 30 
2 
==============================

====== Algorithm Status ======
Valor:                2155
Time:                 32001
nIter:                33860
Best Iter:            33860
Improvement Count:    33859
==============================
Solution tour: 
0 39 24 28 33 28 
15 26 35 
4 
5 39 18 40 36 29 
7 8 23 
10 
1 
8 
11 38 
14 17 
6 27 32 22 
13 
12 
3 
9 20 34 19 30 
2 
==============================

====== Algorithm Status ======
Valor:                2227
Time:                 64002
nIter:                67783
Best Iter:            67783
Improvement Count:    67782
==============================
Solution tour: 
0 39 36 28 33 28 16 35 26 
15 
4 
9 20 34 19 30 
2 
5 39 18 39 24 29 
7 8 23 
10 
1 
8 
11 38 
14 17 
6 27 32 22 
13 
3 
12 
==============================

====== Algorithm Status ======
Valor:                2259
Time:                 128000
nIter:                138733
Best Iter:            138733
Improvement Count:    138732
==============================
Solution tour: 
0 39 36 28 33 28 16 35 31 26 
15 
4 
9 20 34 19 30 
2 
5 39 18 39 24 29 
7 8 23 
8 
11 
10 38 
14 17 
13 
6 27 32 22 
3 
12 
1 
==============================

====== Algorithm Status ======
Valor:                2267
Time:                 256000
nIter:                284342
Best Iter:            284342
Improvement Count:    284341
==============================
Solution tour: 
0 39 36 28 33 28 16 35 31 26 
15 
4 
9 14 20 34 19 30 
2 
5 39 18 39 24 29 
7 8 23 
8 
11 
10 38 
14 17 
13 
6 27 32 22 
3 
12 
1 
==============================

====== Algorithm Status ======
Valor:                2292
Time:                 512001
nIter:                560289
Best Iter:            560289
Improvement Count:    560288
==============================
Solution tour: 
0 39 36 28 33 28 16 35 31 26 
15 
4 
9 14 20 34 37 19 30 
2 
5 39 18 39 24 29 
7 8 23 
8 
11 
10 38 
14 17 
13 
6 27 32 22 
1 
3 
12 
==============================

====== Algorithm Status ======
Valor:                2313
Time:                 1024001
nIter:                1103224
Best Iter:            1103224
Improvement Count:    1103225
==============================
Solution tour: 
0 39 36 28 33 28 16 35 31 26 
15 
4 
9 14 20 34 37 19 30 
2 
5 39 18 39 24 29 
7 8 23 
8 
11 
10 38 
14 17 
13 17 
6 27 32 22 
3 
1 
==============================

====== Algorithm Status ======
Valor:                2313
Time:                 1024001
nIter:                1103224
Best Iter:            1103224
Improvement Count:    1103225
==============================
Solution tour: 
0 39 36 28 33 28 16 35 31 26 
15 
4 
9 14 20 34 37 19 30 
2 
5 39 18 39 24 29 
7 8 23 
8 
11 
10 38 
14 17 
13 17 
6 27 32 22 
3 
1 
==============================

