=========== Input ===========
File name:                ./instances/realistic-instances/15-25-1917698.cdop
Total node count:         41
Truck node count:         15
Drone node count:         25
=============================

========== Settings ==========
Settings file:        ./settings/Memetic_MPX_1881515.config
Seed:                 1881515
Reduction method:     -
Max iter:             1024000
Population size:      13
Crossover:            MA-MPX
Local Search:         LS
Warm Start:           -
==============================

====== Algorithm Status ======
Valor:                2250
Time:                 250
nIter:                52
Best Iter:            52
Improvement Count:    51
==============================
Solution tour: 
0 19 22 
6 
4 
1 20 
10 8 23 
8 
2 30 40 35 31 26 
11 8 4 
5 4 
9 
7 29 24 37 32 27 39 18 36 33 36 28 
15 3 
12 
3 17 
13 34 16 38 
14 
==============================

====== Algorithm Status ======
Valor:                2265
Time:                 502
nIter:                102
Best Iter:            102
Improvement Count:    101
==============================
Solution tour: 
0 
12 34 
13 17 
4 
1 20 
10 8 23 
8 
3 
2 30 40 35 31 19 31 26 38 
14 13 22 
6 
9 
7 29 24 37 32 27 39 18 36 33 36 28 25 
15 3 
==============================

====== Algorithm Status ======
Valor:                2265
Time:                 1005
nIter:                207
Best Iter:            207
Improvement Count:    206
==============================
Solution tour: 
0 
12 34 
13 17 
4 
1 20 
10 8 23 
8 
3 
2 30 40 35 31 19 31 26 38 
14 13 22 
6 
9 
7 29 24 37 32 27 39 18 36 33 36 28 25 
15 3 
==============================

====== Algorithm Status ======
Valor:                2373
Time:                 2000
nIter:                410
Best Iter:            410
Improvement Count:    409
==============================
Solution tour: 
0 
12 21 26 27 
11 8 
14 38 
10 17 
13 34 20 31 35 40 37 32 22 
6 
3 
9 
8 23 13 
1 
4 29 
7 29 24 36 33 28 25 18 39 19 30 
2 
5 
==============================

====== Algorithm Status ======
Valor:                2421
Time:                 4003
nIter:                813
Best Iter:            813
Improvement Count:    812
==============================
Solution tour: 
0 
13 34 20 31 16 35 40 37 32 22 28 
15 
4 29 
7 29 24 36 33 28 25 28 39 18 39 31 19 30 
2 
12 21 26 27 
11 8 
14 38 
10 17 
6 
3 
5 4 
==============================

====== Algorithm Status ======
Valor:                2421
Time:                 8002
nIter:                1551
Best Iter:            1551
Improvement Count:    1550
==============================
Solution tour: 
0 
13 34 20 31 16 35 40 37 32 22 28 
15 
4 29 
7 29 24 36 33 28 25 28 39 18 39 31 19 30 
2 
12 21 26 27 
11 8 
14 38 
10 17 
6 
3 
5 4 
==============================

====== Algorithm Status ======
Valor:                2421
Time:                 16000
nIter:                3070
Best Iter:            3070
Improvement Count:    3069
==============================
Solution tour: 
0 
13 34 20 31 16 35 40 37 32 22 28 
15 
4 29 
7 29 24 36 33 28 25 28 39 18 39 31 19 30 
2 
12 21 26 27 
11 8 
14 38 
10 17 
6 
3 
5 4 
==============================

====== Algorithm Status ======
Valor:                2421
Time:                 32000
nIter:                6034
Best Iter:            6034
Improvement Count:    6033
==============================
Solution tour: 
0 
13 34 20 31 16 35 40 37 32 22 28 
15 
4 29 
7 29 24 36 33 28 25 28 39 18 39 31 19 30 
2 
12 21 26 27 
11 8 
14 38 
10 17 
6 
3 
5 4 
==============================

====== Algorithm Status ======
Valor:                2421
Time:                 64004
nIter:                12062
Best Iter:            12062
Improvement Count:    12061
==============================
Solution tour: 
0 
13 34 20 31 16 35 40 37 32 22 28 
15 
4 29 
7 29 24 36 33 28 25 28 39 18 39 31 19 30 
2 
12 21 26 27 
11 8 
14 38 
10 17 
6 
3 
5 4 
==============================

====== Algorithm Status ======
Valor:                2427
Time:                 128001
nIter:                25046
Best Iter:            25046
Improvement Count:    25045
==============================
Solution tour: 
0 
2 
1 
12 21 26 27 
11 8 
14 38 
10 
8 17 
6 
9 17 
13 34 20 31 16 35 40 37 32 22 13 28 
15 
4 29 
7 29 24 36 33 28 25 28 39 18 39 31 19 30 
==============================

====== Algorithm Status ======
Valor:                2427
Time:                 256004
nIter:                52077
Best Iter:            52077
Improvement Count:    52076
==============================
Solution tour: 
0 
2 
1 
12 21 26 27 
11 8 
14 38 
10 
8 17 
6 
9 17 
13 34 20 31 16 35 40 37 32 22 13 28 
15 
4 29 
7 29 24 36 33 28 25 28 39 18 39 31 19 30 
==============================

====== Algorithm Status ======
Valor:                2427
Time:                 512002
nIter:                105160
Best Iter:            105160
Improvement Count:    105159
==============================
Solution tour: 
0 
2 
1 
12 21 26 27 
11 8 
14 38 
10 
8 17 
6 
9 17 
13 34 20 31 16 35 40 37 32 22 13 28 
15 
4 29 
7 29 24 36 33 28 25 28 39 18 39 31 19 30 
==============================

====== Algorithm Status ======
Valor:                2427
Time:                 1024012
nIter:                211338
Best Iter:            211338
Improvement Count:    211339
==============================
Solution tour: 
0 
2 
1 
12 21 26 27 
11 8 
14 38 
10 
8 17 
6 
9 17 
13 34 20 31 16 35 40 37 32 22 13 28 
15 
4 29 
7 29 24 36 33 28 25 28 39 18 39 31 19 30 
==============================

====== Algorithm Status ======
Valor:                2427
Time:                 1024012
nIter:                211338
Best Iter:            211338
Improvement Count:    211339
==============================
Solution tour: 
0 
2 
1 
12 21 26 27 
11 8 
14 38 
10 
8 17 
6 
9 17 
13 34 20 31 16 35 40 37 32 22 13 28 
15 
4 29 
7 29 24 36 33 28 25 28 39 18 39 31 19 30 
==============================

