=========== Input ===========
File name:                ./instances/realistic-instances/10-25-1767920.cdop
Total node count:         36
Truck node count:         10
Drone node count:         25
=============================

========== Settings ==========
Settings file:        ./settings/Memetic-LS_MMX_1287823.config
Seed:                 1287823
Reduction method:     -
Max iter:             1024000
Population size:      13
Crossover:            MA-MMX
Local Search:         -
Warm Start:           -
==============================

====== Algorithm Status ======
Valor:                1611
Time:                 251
nIter:                322
Best Iter:            322
Improvement Count:    321
==============================
Solution tour: 
0 29 19 13 25 16 21 13 
8 
3 17 30 24 35 23 15 32 20 28 33 
10 27 29 
4 
6 
9 18 
==============================

====== Algorithm Status ======
Valor:                1664
Time:                 500
nIter:                655
Best Iter:            655
Improvement Count:    654
==============================
Solution tour: 
0 29 19 13 25 16 21 13 
8 
3 17 30 24 27 23 15 23 15 32 20 28 33 
10 35 29 
4 
6 
9 18 
==============================

====== Algorithm Status ======
Valor:                1841
Time:                 1000
nIter:                1385
Best Iter:            1385
Improvement Count:    1384
==============================
Solution tour: 
0 29 19 13 11 25 16 21 13 19 
3 17 30 24 15 32 27 15 23 15 32 20 28 33 
10 35 
1 18 31 32 
6 
==============================

====== Algorithm Status ======
Valor:                1934
Time:                 2000
nIter:                2975
Best Iter:            2975
Improvement Count:    2974
==============================
Solution tour: 
0 26 16 25 11 25 16 21 13 19 
3 24 27 20 15 28 33 28 
10 35 17 18 31 32 
6 
==============================

====== Algorithm Status ======
Valor:                2223
Time:                 4001
nIter:                6231
Best Iter:            6231
Improvement Count:    6230
==============================
Solution tour: 
0 29 26 35 34 35 27 25 16 25 22 17 25 11 25 19 13 19 
3 28 33 28 15 18 31 20 21 24 32 31 32 
6 
==============================

====== Algorithm Status ======
Valor:                2230
Time:                 8000
nIter:                12397
Best Iter:            12397
Improvement Count:    12396
==============================
Solution tour: 
0 29 26 35 34 35 27 12 25 16 25 17 25 11 25 19 13 19 
3 28 33 28 15 18 31 20 21 24 32 31 32 
6 
==============================

====== Algorithm Status ======
Valor:                2240
Time:                 16000
nIter:                24875
Best Iter:            24875
Improvement Count:    24874
==============================
Solution tour: 
0 29 26 35 34 35 27 25 16 25 17 25 11 25 19 13 19 
3 
10 28 33 28 15 18 31 20 21 24 32 31 32 
6 
==============================

====== Algorithm Status ======
Valor:                2272
Time:                 32000
nIter:                48806
Best Iter:            48806
Improvement Count:    48805
==============================
Solution tour: 
0 29 26 35 34 35 27 25 16 25 17 25 11 13 19 
3 19 
10 28 33 28 15 18 31 20 21 24 32 31 32 
5 
1 
==============================

====== Algorithm Status ======
Valor:                2272
Time:                 64000
nIter:                96383
Best Iter:            96383
Improvement Count:    96382
==============================
Solution tour: 
0 29 26 35 34 35 27 25 16 25 17 25 11 13 19 
3 19 
10 28 33 28 15 18 31 20 21 24 32 31 32 
5 
1 
==============================

====== Algorithm Status ======
Valor:                2272
Time:                 128000
nIter:                194537
Best Iter:            194537
Improvement Count:    194536
==============================
Solution tour: 
0 29 26 35 34 35 27 25 16 25 17 25 11 13 19 
3 19 
10 28 33 28 15 18 31 20 21 24 32 31 32 
5 
1 
==============================

====== Algorithm Status ======
Valor:                2329
Time:                 256000
nIter:                396916
Best Iter:            396916
Improvement Count:    396915
==============================
Solution tour: 
0 29 26 35 34 35 27 25 16 30 16 25 17 19 13 19 
3 19 
10 28 33 28 15 20 21 24 18 31 32 
5 32 11 
==============================

====== Algorithm Status ======
Valor:                2338
Time:                 512002
nIter:                793058
Best Iter:            793058
Improvement Count:    793057
==============================
Solution tour: 
0 29 26 35 34 27 25 16 30 16 25 12 17 19 13 19 
3 19 
10 28 33 28 15 28 20 21 24 18 31 32 
5 32 11 
==============================

====== Algorithm Status ======
Valor:                2346
Time:                 1024002
nIter:                1589165
Best Iter:            1589165
Improvement Count:    1589166
==============================
Solution tour: 
0 29 26 35 34 27 25 16 30 16 25 12 17 19 13 19 
3 19 
10 19 28 33 28 15 21 20 21 24 18 31 32 
5 32 11 
==============================

====== Algorithm Status ======
Valor:                2346
Time:                 1024002
nIter:                1589165
Best Iter:            1589165
Improvement Count:    1589166
==============================
Solution tour: 
0 29 26 35 34 27 25 16 30 16 25 12 17 19 13 19 
3 19 
10 19 28 33 28 15 21 20 21 24 18 31 32 
5 32 11 
==============================

