=========== Input ===========
File name:                ./instances/realistic-instances/10-40-1891798.cdop
Total node count:         51
Truck node count:         10
Drone node count:         40
=============================

========== Settings ==========
Settings file:        ./settings/Memetic-LS_MMX_1881515.config
Seed:                 1881515
Reduction method:     -
Max iter:             1024000
Population size:      13
Crossover:            MA-MMX
Local Search:         -
Warm Start:           -
==============================

====== Algorithm Status ======
Valor:                1923
Time:                 250
nIter:                271
Best Iter:            271
Improvement Count:    270
==============================
Solution tour: 
0 31 42 
5 
3 48 18 13 39 17 36 21 39 19 39 13 15 46 
8 32 39 12 28 12 14 28 16 
==============================

====== Algorithm Status ======
Valor:                1994
Time:                 500
nIter:                526
Best Iter:            526
Improvement Count:    525
==============================
Solution tour: 
0 27 42 
5 17 18 13 39 41 20 39 36 21 19 39 13 15 46 
8 32 12 28 12 14 28 16 
==============================

====== Algorithm Status ======
Valor:                2259
Time:                 1000
nIter:                992
Best Iter:            992
Improvement Count:    991
==============================
Solution tour: 
0 27 47 42 23 
2 
5 33 17 31 13 18 46 20 41 21 39 13 15 46 
8 30 28 12 28 14 16 
==============================

====== Algorithm Status ======
Valor:                2328
Time:                 2003
nIter:                1890
Best Iter:            1890
Improvement Count:    1889
==============================
Solution tour: 
0 27 47 42 23 
2 
5 17 31 33 31 13 18 20 50 21 39 13 15 46 
8 30 28 12 28 14 12 16 
==============================

====== Algorithm Status ======
Valor:                2341
Time:                 4004
nIter:                3728
Best Iter:            3728
Improvement Count:    3727
==============================
Solution tour: 
0 27 47 42 23 
2 
5 17 31 33 31 13 31 33 20 18 50 21 39 35 15 46 
8 30 28 12 28 14 12 16 
==============================

====== Algorithm Status ======
Valor:                2413
Time:                 8001
nIter:                7504
Best Iter:            7504
Improvement Count:    7503
==============================
Solution tour: 
0 27 49 47 19 42 23 
2 
5 17 31 13 31 33 20 50 21 39 35 15 46 
8 30 28 12 28 14 16 
==============================

====== Algorithm Status ======
Valor:                2528
Time:                 16000
nIter:                14768
Best Iter:            14768
Improvement Count:    14767
==============================
Solution tour: 
0 26 44 25 23 47 19 42 39 
5 17 31 13 31 33 20 50 49 35 4 15 34 46 
8 30 28 12 28 14 16 
==============================

====== Algorithm Status ======
Valor:                2815
Time:                 32000
nIter:                28350
Best Iter:            28350
Improvement Count:    28349
==============================
Solution tour: 
0 
4 48 44 25 34 40 47 19 42 13 39 
5 17 31 13 31 33 20 49 35 36 21 23 15 23 46 
8 30 28 12 28 14 45 16 
==============================

====== Algorithm Status ======
Valor:                2873
Time:                 64000
nIter:                53122
Best Iter:            53122
Improvement Count:    53121
==============================
Solution tour: 
0 
4 48 44 25 34 40 47 19 42 13 39 
5 17 31 13 31 33 20 49 35 36 21 23 15 50 26 46 
8 30 28 12 28 14 45 16 
==============================

====== Algorithm Status ======
Valor:                2910
Time:                 128000
nIter:                100007
Best Iter:            100007
Improvement Count:    100006
==============================
Solution tour: 
0 
4 48 44 25 34 40 47 19 42 24 42 13 39 
5 17 20 31 13 31 33 30 49 35 36 21 23 15 50 26 46 
8 31 28 12 28 14 43 16 
==============================

====== Algorithm Status ======
Valor:                2924
Time:                 256000
nIter:                201487
Best Iter:            201487
Improvement Count:    201486
==============================
Solution tour: 
0 
4 48 44 38 25 34 40 47 19 42 24 42 13 39 
5 17 20 31 13 31 33 30 49 35 36 21 23 15 50 26 46 
8 31 28 12 28 14 43 16 
==============================

====== Algorithm Status ======
Valor:                3004
Time:                 512006
nIter:                400973
Best Iter:            400973
Improvement Count:    400972
==============================
Solution tour: 
0 
4 48 44 38 25 34 40 47 19 42 24 13 39 
5 17 20 41 33 31 13 49 30 35 45 36 21 23 15 23 50 26 46 
8 27 28 12 28 37 16 
==============================

====== Algorithm Status ======
Valor:                3133
Time:                 1024011
nIter:                776421
Best Iter:            776421
Improvement Count:    776422
==============================
Solution tour: 
0 
4 48 34 38 25 44 40 47 19 42 24 13 35 11 39 
5 17 20 41 33 31 22 49 32 49 30 18 45 36 21 23 15 29 37 26 46 
8 27 28 12 28 50 16 
==============================

====== Algorithm Status ======
Valor:                3133
Time:                 1024011
nIter:                776421
Best Iter:            776421
Improvement Count:    776422
==============================
Solution tour: 
0 
4 48 34 38 25 44 40 47 19 42 24 13 35 11 39 
5 17 20 41 33 31 22 49 32 49 30 18 45 36 21 23 15 29 37 26 46 
8 27 28 12 28 50 16 
==============================

