=========== Input ===========
File name:                ./instances/realistic-instances/15-10-1762875.cdop
Total node count:         26
Truck node count:         15
Drone node count:         10
=============================

========== Settings ==========
Settings file:        ./settings/Memetic-LS_MMX_1287823.config
Seed:                 1287823
Reduction method:     -
Max iter:             1024000
Population size:      13
Crossover:            MA-MMX
Local Search:         -
Warm Start:           -
==============================

====== Algorithm Status ======
Valor:                1286
Time:                 250
nIter:                720
Best Iter:            720
Improvement Count:    719
==============================
Solution tour: 
0 17 12 23 5 
7 15 9 23 21 12 
6 9 21 
11 
10 20 25 
13 
8 22 18 24 
9 16 
1 17 
==============================

====== Algorithm Status ======
Valor:                1396
Time:                 500
nIter:                1508
Best Iter:            1508
Improvement Count:    1507
==============================
Solution tour: 
0 17 12 23 5 
7 15 9 23 21 12 
6 
14 22 19 21 
11 
10 20 25 
13 
8 24 
9 16 
1 17 
==============================

====== Algorithm Status ======
Valor:                1537
Time:                 1000
nIter:                3108
Best Iter:            3108
Improvement Count:    3107
==============================
Solution tour: 
0 17 12 5 23 5 
7 15 12 
6 12 22 5 22 5 20 21 
11 
10 19 25 
13 
8 24 16 
1 17 
==============================

====== Algorithm Status ======
Valor:                1692
Time:                 2000
nIter:                6054
Best Iter:            6054
Improvement Count:    6053
==============================
Solution tour: 
0 17 1 20 7 20 24 20 5 23 5 
7 15 12 
6 12 
8 21 
11 
10 19 25 
13 22 14 16 
1 17 
==============================

====== Algorithm Status ======
Valor:                1714
Time:                 4000
nIter:                12515
Best Iter:            12515
Improvement Count:    12514
==============================
Solution tour: 
0 17 1 20 7 20 24 20 5 23 5 
7 15 12 
6 12 
8 21 
11 
10 19 25 
13 18 22 14 16 
1 17 
==============================

====== Algorithm Status ======
Valor:                1778
Time:                 8000
nIter:                25649
Best Iter:            25649
Improvement Count:    25648
==============================
Solution tour: 
0 17 1 5 
7 20 23 24 23 5 20 12 
6 12 19 10 
11 
10 19 25 
13 14 22 14 21 16 
1 17 
==============================

====== Algorithm Status ======
Valor:                1844
Time:                 16000
nIter:                51601
Best Iter:            51601
Improvement Count:    51600
==============================
Solution tour: 
0 17 1 5 
7 20 24 23 5 12 13 12 
6 12 10 
11 
10 19 25 
13 25 22 14 21 16 
1 17 
==============================

====== Algorithm Status ======
Valor:                1844
Time:                 32000
nIter:                101169
Best Iter:            101169
Improvement Count:    101168
==============================
Solution tour: 
0 17 1 5 
7 20 24 23 5 12 13 12 
6 12 10 
11 
10 19 25 
13 25 22 14 21 16 
1 17 
==============================

====== Algorithm Status ======
Valor:                1844
Time:                 64000
nIter:                196253
Best Iter:            196253
Improvement Count:    196252
==============================
Solution tour: 
0 17 1 5 
7 20 24 23 5 12 13 12 
6 12 10 
11 
10 19 25 
13 25 22 14 21 16 
1 17 
==============================

====== Algorithm Status ======
Valor:                1874
Time:                 128000
nIter:                394751
Best Iter:            394751
Improvement Count:    394750
==============================
Solution tour: 
0 17 1 5 1 16 1 
7 20 24 23 
9 12 13 12 
6 12 18 10 
11 
10 19 25 
13 25 22 14 21 17 
==============================

====== Algorithm Status ======
Valor:                1891
Time:                 256000
nIter:                829349
Best Iter:            829349
Improvement Count:    829348
==============================
Solution tour: 
0 17 1 5 1 16 1 
7 20 24 23 12 13 12 
6 12 18 19 10 
11 
10 19 25 
13 25 22 14 21 17 
==============================

====== Algorithm Status ======
Valor:                1891
Time:                 512000
nIter:                1666426
Best Iter:            1666426
Improvement Count:    1666425
==============================
Solution tour: 
0 17 1 5 1 16 1 
7 20 24 23 12 13 12 
6 12 18 19 10 
11 
10 19 25 
13 25 22 14 21 17 
==============================

====== Algorithm Status ======
Valor:                1903
Time:                 1024001
nIter:                3293349
Best Iter:            3293349
Improvement Count:    3293350
==============================
Solution tour: 
0 17 1 5 1 16 1 
7 20 24 23 9 25 13 12 
6 12 19 10 
11 
10 19 12 
13 25 22 14 21 17 
==============================

====== Algorithm Status ======
Valor:                1903
Time:                 1024001
nIter:                3293349
Best Iter:            3293349
Improvement Count:    3293350
==============================
Solution tour: 
0 17 1 5 1 16 1 
7 20 24 23 9 25 13 12 
6 12 19 10 
11 
10 19 12 
13 25 22 14 21 17 
==============================

