=========== Input ===========
File name:                ./instances/realistic-instances/15-40-1762875.cdop
Total node count:         56
Truck node count:         15
Drone node count:         40
=============================

========== Settings ==========
Settings file:        ./settings/Memetic-LS_MMX_1881515.config
Seed:                 1881515
Reduction method:     -
Max iter:             1024000
Population size:      13
Crossover:            MA-MMX
Local Search:         -
Warm Start:           -
==============================

====== Algorithm Status ======
Valor:                1505
Time:                 250
nIter:                210
Best Iter:            210
Improvement Count:    209
==============================
Solution tour: 
0 51 49 39 49 33 
11 17 42 
1 
2 48 
12 37 41 
6 
4 
7 16 
3 
9 29 
8 
10 55 
==============================

====== Algorithm Status ======
Valor:                1548
Time:                 500
nIter:                428
Best Iter:            428
Improvement Count:    427
==============================
Solution tour: 
0 51 49 39 49 33 
11 17 42 
1 
2 48 
12 37 41 
6 
4 
7 16 
3 
9 29 
8 29 
10 55 
==============================

====== Algorithm Status ======
Valor:                1717
Time:                 1004
nIter:                850
Best Iter:            850
Improvement Count:    849
==============================
Solution tour: 
0 51 49 39 49 
6 
11 17 42 17 42 
2 48 20 41 20 41 33 22 45 
14 40 
3 
8 29 
10 
12 55 
==============================

====== Algorithm Status ======
Valor:                2100
Time:                 2007
nIter:                1646
Best Iter:            1646
Improvement Count:    1645
==============================
Solution tour: 
0 51 49 39 49 17 42 54 42 
2 48 53 43 20 37 41 17 41 33 22 
14 40 
3 
8 29 34 
==============================

====== Algorithm Status ======
Valor:                2100
Time:                 4000
nIter:                3258
Best Iter:            3258
Improvement Count:    3257
==============================
Solution tour: 
0 51 49 39 49 17 42 54 42 
2 48 53 43 20 37 41 17 41 33 22 
14 40 
3 
8 29 34 
==============================

====== Algorithm Status ======
Valor:                2499
Time:                 8000
nIter:                6350
Best Iter:            6350
Improvement Count:    6349
==============================
Solution tour: 
0 
3 44 51 45 31 39 49 28 42 17 42 54 42 22 
14 40 36 47 48 47 48 40 43 20 41 37 41 55 33 41 17 41 53 29 34 
==============================

====== Algorithm Status ======
Valor:                2642
Time:                 16003
nIter:                12205
Best Iter:            12205
Improvement Count:    12204
==============================
Solution tour: 
0 
3 44 51 48 39 49 28 30 42 17 42 54 42 22 
14 40 24 47 45 47 20 36 23 47 48 47 48 47 43 37 41 37 55 33 53 52 29 34 
==============================

====== Algorithm Status ======
Valor:                2833
Time:                 32000
nIter:                23158
Best Iter:            23158
Improvement Count:    23157
==============================
Solution tour: 
0 
3 44 51 20 39 49 21 28 
10 30 42 17 42 54 42 22 
14 40 24 47 15 52 45 52 15 47 48 47 48 36 23 43 37 41 55 53 34 29 
==============================

====== Algorithm Status ======
Valor:                2868
Time:                 64006
nIter:                45149
Best Iter:            45149
Improvement Count:    45148
==============================
Solution tour: 
0 
3 44 51 20 39 49 21 28 27 30 42 17 42 54 42 22 
14 40 24 47 15 45 53 15 52 15 47 48 36 23 43 37 41 55 34 29 
==============================

====== Algorithm Status ======
Valor:                2954
Time:                 128000
nIter:                87902
Best Iter:            87902
Improvement Count:    87901
==============================
Solution tour: 
0 
3 44 51 20 39 49 21 28 27 30 42 18 42 17 42 22 
14 40 24 47 
15 45 15 52 15 53 15 47 48 36 23 43 37 41 55 34 29 
==============================

====== Algorithm Status ======
Valor:                3033
Time:                 256004
nIter:                178302
Best Iter:            178302
Improvement Count:    178301
==============================
Solution tour: 
0 
3 44 51 20 39 49 53 21 22 42 18 42 17 42 22 
14 40 24 47 
15 45 15 52 15 28 15 47 48 36 23 43 37 41 55 46 34 29 50 
==============================

====== Algorithm Status ======
Valor:                3067
Time:                 512000
nIter:                349103
Best Iter:            349103
Improvement Count:    349102
==============================
Solution tour: 
0 
3 44 16 51 20 26 39 49 53 21 22 42 18 42 17 42 22 
14 40 24 48 47 
15 45 15 52 15 28 15 47 36 23 43 37 41 55 34 29 50 
==============================

====== Algorithm Status ======
Valor:                3111
Time:                 1024002
nIter:                689826
Best Iter:            689826
Improvement Count:    689827
==============================
Solution tour: 
0 
3 44 16 51 20 27 26 39 49 53 21 22 42 18 42 17 42 22 
14 40 24 48 47 
15 45 15 52 15 28 38 15 47 48 36 43 23 37 41 55 34 29 50 
==============================

====== Algorithm Status ======
Valor:                3111
Time:                 1024002
nIter:                689826
Best Iter:            689826
Improvement Count:    689827
==============================
Solution tour: 
0 
3 44 16 51 20 27 26 39 49 53 21 22 42 18 42 17 42 22 
14 40 24 48 47 
15 45 15 52 15 28 38 15 47 48 36 43 23 37 41 55 34 29 50 
==============================

