=========== Input ===========
File name:                ./instances/realistic-instances/15-10-1762875.cdop
Total node count:         26
Truck node count:         15
Drone node count:         10
=============================

========== Settings ==========
Settings file:        ./settings/Memetic-LS_MMX_1099666.config
Seed:                 1099666
Reduction method:     -
Max iter:             1024000
Population size:      13
Crossover:            MA-MMX
Local Search:         -
Warm Start:           -
==============================

====== Algorithm Status ======
Valor:                1301
Time:                 250
nIter:                719
Best Iter:            719
Improvement Count:    718
==============================
Solution tour: 
0 17 1 17 1 20 
11 
10 15 
7 20 
5 23 22 17 
2 18 21 
3 23 24 23 24 
8 19 24 17 
12 17 
==============================

====== Algorithm Status ======
Valor:                1370
Time:                 500
nIter:                1444
Best Iter:            1444
Improvement Count:    1443
==============================
Solution tour: 
0 17 1 17 
3 
11 
10 21 20 
7 20 
5 23 22 17 
2 18 20 24 23 24 12 
8 19 24 17 
12 17 
==============================

====== Algorithm Status ======
Valor:                1479
Time:                 1000
nIter:                2969
Best Iter:            2969
Improvement Count:    2968
==============================
Solution tour: 
0 17 1 16 1 17 
11 
10 21 20 22 20 
7 20 
5 23 17 
2 18 24 23 24 20 24 
8 19 
12 17 
==============================

====== Algorithm Status ======
Valor:                1601
Time:                 2000
nIter:                6248
Best Iter:            6248
Improvement Count:    6247
==============================
Solution tour: 
0 17 1 16 1 17 21 
11 
10 21 20 22 20 24 20 
7 20 
5 23 18 
2 18 24 23 9 23 
14 19 
8 
12 17 
==============================

====== Algorithm Status ======
Valor:                1619
Time:                 4000
nIter:                12640
Best Iter:            12640
Improvement Count:    12639
==============================
Solution tour: 
0 17 1 16 1 17 21 
11 
10 21 20 22 20 24 20 
7 20 
5 23 18 
2 18 24 23 9 23 24 19 
8 
12 17 
==============================

====== Algorithm Status ======
Valor:                1641
Time:                 8000
nIter:                25374
Best Iter:            25374
Improvement Count:    25373
==============================
Solution tour: 
0 17 1 16 1 17 21 
11 
10 21 20 22 20 24 20 
7 20 
5 23 18 
2 17 23 9 23 24 23 19 
8 
12 17 
==============================

====== Algorithm Status ======
Valor:                1805
Time:                 16000
nIter:                50314
Best Iter:            50314
Improvement Count:    50313
==============================
Solution tour: 
0 17 1 16 1 17 21 
11 
10 11 20 22 
14 22 20 24 20 
7 20 
5 23 18 17 12 8 19 
8 
12 17 
==============================

====== Algorithm Status ======
Valor:                1866
Time:                 32000
nIter:                98161
Best Iter:            98161
Improvement Count:    98160
==============================
Solution tour: 
0 17 1 16 1 17 21 
11 
10 11 21 
14 22 20 24 20 
7 20 23 
5 23 12 
13 12 8 19 8 
12 17 
==============================

====== Algorithm Status ======
Valor:                1900
Time:                 64000
nIter:                194685
Best Iter:            194685
Improvement Count:    194684
==============================
Solution tour: 
0 17 1 16 1 17 21 
11 
10 11 21 
14 22 20 
7 20 24 23 
5 23 12 
13 25 8 19 8 
12 17 
==============================

====== Algorithm Status ======
Valor:                1922
Time:                 128000
nIter:                394071
Best Iter:            394071
Improvement Count:    394070
==============================
Solution tour: 
0 17 1 16 1 17 21 
11 
10 11 21 
14 22 20 
7 20 24 23 
5 23 18 12 
13 25 8 19 8 
12 17 
==============================

====== Algorithm Status ======
Valor:                1942
Time:                 256000
nIter:                821143
Best Iter:            821143
Improvement Count:    821142
==============================
Solution tour: 
0 17 1 16 1 
5 1 17 21 
11 
10 11 21 
14 22 20 
7 20 24 23 18 12 
13 25 8 19 8 
12 17 
==============================

====== Algorithm Status ======
Valor:                1942
Time:                 512000
nIter:                1652328
Best Iter:            1652328
Improvement Count:    1652327
==============================
Solution tour: 
0 17 1 16 1 
5 1 17 21 
11 
10 11 21 
14 22 20 
7 20 24 23 18 12 
13 25 8 19 8 
12 17 
==============================

====== Algorithm Status ======
Valor:                1942
Time:                 1024001
nIter:                3294274
Best Iter:            3294274
Improvement Count:    3294275
==============================
Solution tour: 
0 17 1 16 1 
5 1 17 21 
11 
10 11 21 
14 22 20 
7 20 24 23 18 12 
13 25 8 19 8 
12 17 
==============================

====== Algorithm Status ======
Valor:                1942
Time:                 1024001
nIter:                3294274
Best Iter:            3294274
Improvement Count:    3294275
==============================
Solution tour: 
0 17 1 16 1 
5 1 17 21 
11 
10 11 21 
14 22 20 
7 20 24 23 18 12 
13 25 8 19 8 
12 17 
==============================

