=========== Input ===========
File name:                ./instances/realistic-instances/15-40-1891798.cdop
Total node count:         56
Truck node count:         15
Drone node count:         40
=============================

========== Settings ==========
Settings file:        ./settings/Memetic_MPX_1881515.config
Seed:                 1881515
Reduction method:     -
Max iter:             1024000
Population size:      13
Crossover:            MA-MPX
Local Search:         LS
Warm Start:           -
==============================

====== Algorithm Status ======
Valor:                2695
Time:                 253
nIter:                22
Best Iter:            22
Improvement Count:    21
==============================
Solution tour: 
0 51 21 35 
15 16 38 52 28 
1 55 23 43 25 24 37 
4 33 45 36 44 41 20 18 49 40 38 39 46 54 32 26 23 27 
2 30 47 30 
5 
9 
7 
13 
10 
3 25 17 42 48 
8 
14 
6 
11 19 31 
12 50 
==============================

====== Algorithm Status ======
Valor:                2834
Time:                 507
nIter:                48
Best Iter:            48
Improvement Count:    47
==============================
Solution tour: 
0 23 26 
14 50 44 36 45 33 
7 
5 
1 
3 
10 
2 30 28 39 52 47 30 38 48 
8 
6 19 16 
9 16 35 51 
13 
4 55 27 42 25 40 24 17 37 49 18 20 26 23 43 21 51 35 
15 
12 31 32 
11 22 54 29 46 16 
==============================

====== Algorithm Status ======
Valor:                2851
Time:                 1029
nIter:                103
Best Iter:            103
Improvement Count:    102
==============================
Solution tour: 
0 23 26 
14 50 44 36 45 33 
7 
5 
1 
3 
10 
2 30 28 39 52 47 30 38 48 
8 
12 31 32 
11 22 54 29 46 16 35 
6 19 16 
9 16 35 51 
13 
4 55 27 42 25 40 24 17 37 49 18 20 41 26 23 43 21 51 35 
15 
==============================

====== Algorithm Status ======
Valor:                2851
Time:                 2002
nIter:                199
Best Iter:            199
Improvement Count:    198
==============================
Solution tour: 
0 23 26 
14 50 44 36 45 33 
7 
5 
1 
3 
10 
2 30 28 39 52 47 30 38 48 
8 
12 31 32 
11 22 54 29 46 16 35 
6 19 16 
9 16 35 51 
13 
4 55 27 42 25 40 24 17 37 49 18 20 41 26 23 43 21 51 35 
15 
==============================

====== Algorithm Status ======
Valor:                2851
Time:                 4008
nIter:                402
Best Iter:            402
Improvement Count:    401
==============================
Solution tour: 
0 23 26 
14 50 44 36 45 33 
7 
5 
1 
3 
10 
2 30 28 39 52 47 30 38 48 
8 
12 31 32 
11 22 54 29 46 16 35 
6 19 16 
9 16 35 51 
13 
4 55 27 42 25 40 24 17 37 49 18 20 41 26 23 43 21 51 35 
15 
==============================

====== Algorithm Status ======
Valor:                2884
Time:                 8007
nIter:                789
Best Iter:            789
Improvement Count:    788
==============================
Solution tour: 
0 23 26 
8 35 51 25 17 18 49 37 
4 19 31 
12 32 
11 
6 
14 50 44 36 45 33 
7 4 27 55 
5 
3 
10 
2 30 47 46 39 52 53 38 30 42 40 21 
15 16 
9 16 51 24 28 
1 41 20 
13 43 24 48 
==============================

====== Algorithm Status ======
Valor:                2959
Time:                 16003
nIter:                1610
Best Iter:            1610
Improvement Count:    1609
==============================
Solution tour: 
0 23 26 
8 35 51 25 17 18 49 37 
4 19 31 
12 32 
11 19 
6 
14 50 44 36 45 33 
7 27 55 
5 
3 
10 
2 30 47 46 39 52 53 38 30 42 40 21 
13 43 24 48 
15 16 
9 16 51 24 28 
1 41 20 41 
==============================

====== Algorithm Status ======
Valor:                2963
Time:                 32002
nIter:                3244
Best Iter:            3244
Improvement Count:    3243
==============================
Solution tour: 
0 23 26 20 
8 35 51 25 17 18 17 49 37 
4 19 31 
12 32 
11 19 
6 
14 50 44 36 45 33 
7 27 55 
5 
3 
10 
2 30 47 46 39 52 53 38 30 42 40 21 
13 43 24 48 
15 16 
9 16 51 24 28 
1 41 
==============================

====== Algorithm Status ======
Valor:                3025
Time:                 64003
nIter:                6693
Best Iter:            6693
Improvement Count:    6692
==============================
Solution tour: 
0 23 26 20 
8 48 24 25 17 18 49 37 
4 19 31 
12 32 
11 19 
6 
14 50 44 36 45 33 
7 27 55 
5 
3 
10 
2 30 47 46 39 52 53 38 30 42 40 21 
13 43 24 51 35 
15 16 
9 16 38 28 
1 41 
==============================

====== Algorithm Status ======
Valor:                3029
Time:                 128019
nIter:                14026
Best Iter:            14026
Improvement Count:    14025
==============================
Solution tour: 
0 23 26 
8 48 24 25 17 18 17 49 37 
4 19 31 
12 20 32 
11 19 
6 
14 50 44 36 45 33 
7 27 55 
5 
3 
10 
2 30 47 46 39 52 53 38 30 42 40 21 
13 43 24 51 35 
15 16 
9 16 38 28 
1 41 
==============================

====== Algorithm Status ======
Valor:                3029
Time:                 256004
nIter:                26945
Best Iter:            26945
Improvement Count:    26944
==============================
Solution tour: 
0 23 26 
8 48 24 25 17 18 17 49 37 
4 19 31 
12 20 32 
11 19 
6 
14 50 44 36 45 33 
7 27 55 
5 
3 
10 
2 30 47 46 39 52 53 38 30 42 40 21 
13 43 24 51 35 
15 16 
9 16 38 28 
1 41 
==============================

====== Algorithm Status ======
Valor:                3029
Time:                 512004
nIter:                54421
Best Iter:            54421
Improvement Count:    54420
==============================
Solution tour: 
0 23 26 
8 48 24 25 17 18 17 49 37 
4 19 31 
12 20 32 
11 19 
6 
14 50 44 36 45 33 
7 27 55 
5 
3 
10 
2 30 47 46 39 52 53 38 30 42 40 21 
13 43 24 51 35 
15 16 
9 16 38 28 
1 41 
==============================

====== Algorithm Status ======
Valor:                3029
Time:                 1024011
nIter:                107746
Best Iter:            107746
Improvement Count:    107747
==============================
Solution tour: 
0 23 26 
8 48 24 25 17 18 17 49 37 
4 19 31 
12 20 32 
11 19 
6 
14 50 44 36 45 33 
7 27 55 
5 
3 
10 
2 30 47 46 39 52 53 38 30 42 40 21 
13 43 24 51 35 
15 16 
9 16 38 28 
1 41 
==============================

====== Algorithm Status ======
Valor:                3029
Time:                 1024011
nIter:                107746
Best Iter:            107746
Improvement Count:    107747
==============================
Solution tour: 
0 23 26 
8 48 24 25 17 18 17 49 37 
4 19 31 
12 20 32 
11 19 
6 
14 50 44 36 45 33 
7 27 55 
5 
3 
10 
2 30 47 46 39 52 53 38 30 42 40 21 
13 43 24 51 35 
15 16 
9 16 38 28 
1 41 
==============================

