=========== Input ===========
File name:                ./instances/realistic-instances/15-40-1917698.cdop
Total node count:         56
Truck node count:         15
Drone node count:         40
=============================

========== Settings ==========
Settings file:        ./settings/Memetic-LS_MPX_1881515.config
Seed:                 1881515
Reduction method:     -
Max iter:             1024000
Population size:      13
Crossover:            MA-MPX
Local Search:         -
Warm Start:           -
==============================

====== Algorithm Status ======
Valor:                1555
Time:                 250
nIter:                174
Best Iter:            174
Improvement Count:    173
==============================
Solution tour: 
0 32 34 55 50 
8 37 33 
10 
7 35 
11 
9 
15 
2 
4 24 19 
12 
13 
14 46 20 52 39 
6 
5 
1 
3 
==============================

====== Algorithm Status ======
Valor:                1555
Time:                 500
nIter:                331
Best Iter:            331
Improvement Count:    330
==============================
Solution tour: 
0 32 34 55 50 
8 37 33 
10 
7 35 
11 
9 
15 
2 
4 24 19 
12 
13 
14 46 20 52 39 
6 
5 
1 
3 
==============================

====== Algorithm Status ======
Valor:                1671
Time:                 1000
nIter:                664
Best Iter:            664
Improvement Count:    663
==============================
Solution tour: 
0 17 
3 33 
10 
7 42 35 
13 
12 
4 24 19 
5 
8 
6 
1 37 22 23 
14 46 20 52 39 
2 
15 
9 
11 
==============================

====== Algorithm Status ======
Valor:                1936
Time:                 2000
nIter:                1344
Best Iter:            1344
Improvement Count:    1343
==============================
Solution tour: 
0 27 50 
1 37 26 22 23 
11 
10 
4 
7 16 42 35 
8 
14 46 20 52 39 
2 
5 
6 
9 
15 
13 
12 
3 33 17 
==============================

====== Algorithm Status ======
Valor:                1936
Time:                 4000
nIter:                2683
Best Iter:            2683
Improvement Count:    2682
==============================
Solution tour: 
0 27 50 
1 37 26 22 23 
11 
10 
4 
7 16 42 35 
8 
14 46 20 52 39 
2 
5 
6 
9 
15 
13 
12 
3 33 17 
==============================

====== Algorithm Status ======
Valor:                1953
Time:                 8009
nIter:                5277
Best Iter:            5277
Improvement Count:    5276
==============================
Solution tour: 
0 27 50 
1 37 26 22 23 
4 
10 
7 16 42 35 
8 
14 46 20 52 39 
2 
5 
6 
9 
11 
15 
13 
12 
3 33 17 
==============================

====== Algorithm Status ======
Valor:                1953
Time:                 16002
nIter:                10467
Best Iter:            10467
Improvement Count:    10466
==============================
Solution tour: 
0 27 50 
1 37 26 22 23 
4 
10 
7 16 42 35 
8 
14 46 20 52 39 
2 
5 
6 
9 
11 
15 
13 
12 
3 33 17 
==============================

====== Algorithm Status ======
Valor:                1986
Time:                 32000
nIter:                20945
Best Iter:            20945
Improvement Count:    20944
==============================
Solution tour: 
0 27 50 
1 37 26 22 23 
5 
6 
11 
15 
13 
12 34 
2 
4 
10 
9 16 42 35 
8 
7 
14 46 20 52 39 
3 33 17 
==============================

====== Algorithm Status ======
Valor:                2070
Time:                 64000
nIter:                41974
Best Iter:            41974
Improvement Count:    41973
==============================
Solution tour: 
0 27 50 
4 
2 
7 
1 37 26 28 22 23 
5 
6 42 46 20 52 39 
12 
13 
9 16 
15 
10 
11 36 
14 35 
8 
3 33 17 
==============================

====== Algorithm Status ======
Valor:                2216
Time:                 128007
nIter:                88359
Best Iter:            88359
Improvement Count:    88358
==============================
Solution tour: 
0 
4 27 50 
2 
7 
10 40 
12 
13 
9 16 
15 46 
14 51 35 
8 
1 
11 28 37 49 26 22 23 
5 
6 42 36 20 52 39 
3 33 17 
==============================

====== Algorithm Status ======
Valor:                2418
Time:                 256000
nIter:                177076
Best Iter:            177076
Improvement Count:    177075
==============================
Solution tour: 
0 
1 50 27 25 31 
10 
9 18 
11 16 
15 46 
14 51 35 
8 
7 
2 32 
13 28 37 49 26 22 23 
4 41 19 
5 
6 42 36 20 52 39 
12 
3 33 17 
==============================

====== Algorithm Status ======
Valor:                2436
Time:                 512000
nIter:                344704
Best Iter:            344704
Improvement Count:    344703
==============================
Solution tour: 
0 
1 50 27 25 31 
10 
9 18 
11 16 
15 46 
14 51 29 35 
8 
7 
2 32 
13 28 37 49 26 22 23 
4 44 41 19 
5 
6 42 36 20 52 39 
12 
3 33 17 
==============================

====== Algorithm Status ======
Valor:                2631
Time:                 1024001
nIter:                668911
Best Iter:            668911
Improvement Count:    668912
==============================
Solution tour: 
0 
2 
4 31 30 19 41 40 
10 
9 18 
13 55 28 37 25 26 22 23 
11 16 
15 46 
14 49 35 
8 
1 
5 
7 50 27 51 32 
6 42 53 36 20 52 39 
12 
3 33 17 
==============================

====== Algorithm Status ======
Valor:                2631
Time:                 1024001
nIter:                668911
Best Iter:            668911
Improvement Count:    668912
==============================
Solution tour: 
0 
2 
4 31 30 19 41 40 
10 
9 18 
13 55 28 37 25 26 22 23 
11 16 
15 46 
14 49 35 
8 
1 
5 
7 50 27 51 32 
6 42 53 36 20 52 39 
12 
3 33 17 
==============================

