=========== Input ===========
File name:                ./instances/realistic-instances/15-40-1767920.cdop
Total node count:         56
Truck node count:         15
Drone node count:         40
=============================

========== Settings ==========
Settings file:        ./settings/Memetic_MMX_1099666.config
Seed:                 1099666
Reduction method:     -
Max iter:             1024000
Population size:      13
Crossover:            MA-MMX
Local Search:         LS
Warm Start:           -
==============================

====== Algorithm Status ======
Valor:                2876
Time:                 252
nIter:                21
Best Iter:            21
Improvement Count:    20
==============================
Solution tour: 
0 42 28 24 49 
7 2 22 33 45 20 27 54 34 16 47 35 30 50 22 39 22 17 29 
3 26 43 32 18 55 41 36 37 40 44 53 49 51 24 31 21 12 25 48 
==============================

====== Algorithm Status ======
Valor:                2960
Time:                 500
nIter:                52
Best Iter:            52
Improvement Count:    51
==============================
Solution tour: 
0 33 28 42 17 22 50 30 14 49 53 44 40 
10 50 27 54 31 37 34 16 47 51 47 22 39 22 29 
3 26 18 32 43 45 55 41 36 20 21 12 35 25 23 48 
==============================

====== Algorithm Status ======
Valor:                3007
Time:                 1006
nIter:                98
Best Iter:            98
Improvement Count:    97
==============================
Solution tour: 
0 17 33 28 42 22 50 30 14 49 24 6 35 25 41 36 53 44 9 40 
10 50 27 20 46 21 54 31 37 40 37 53 55 45 51 47 16 34 52 22 29 
3 26 18 32 43 8 48 
==============================

====== Algorithm Status ======
Valor:                3062
Time:                 2001
nIter:                186
Best Iter:            186
Improvement Count:    185
==============================
Solution tour: 
0 44 51 47 16 34 37 40 15 32 
15 40 37 36 54 21 31 24 49 14 30 50 35 25 41 23 42 28 33 45 26 55 18 44 53 46 20 27 34 16 47 17 29 
3 8 43 39 22 
==============================

====== Algorithm Status ======
Valor:                3140
Time:                 4005
nIter:                378
Best Iter:            378
Improvement Count:    377
==============================
Solution tour: 
0 
8 43 26 44 55 18 45 51 47 16 27 20 34 37 40 15 32 
15 40 37 53 37 36 54 21 31 24 49 14 30 50 35 25 41 23 17 42 33 28 22 39 22 29 52 48 
==============================

====== Algorithm Status ======
Valor:                3145
Time:                 8009
nIter:                778
Best Iter:            778
Improvement Count:    777
==============================
Solution tour: 
0 8 43 26 55 18 45 44 51 47 16 27 46 20 34 37 40 15 32 
15 40 37 53 37 36 54 21 31 24 49 14 30 50 35 25 41 23 17 42 28 19 33 22 39 22 29 52 48 
==============================

====== Algorithm Status ======
Valor:                3145
Time:                 16001
nIter:                1651
Best Iter:            1651
Improvement Count:    1650
==============================
Solution tour: 
0 8 43 26 55 18 45 44 51 47 16 27 46 20 34 37 40 15 32 
15 40 37 53 37 36 54 21 31 24 49 14 30 50 35 25 41 23 17 42 28 19 33 22 39 22 29 52 48 
==============================

====== Algorithm Status ======
Valor:                3145
Time:                 32005
nIter:                3463
Best Iter:            3463
Improvement Count:    3462
==============================
Solution tour: 
0 8 43 26 55 18 45 44 51 47 16 27 46 20 34 37 40 15 32 
15 40 37 53 37 36 54 21 31 24 49 14 30 50 35 25 41 23 17 42 28 19 33 22 39 22 29 52 48 
==============================

====== Algorithm Status ======
Valor:                3145
Time:                 64004
nIter:                7266
Best Iter:            7266
Improvement Count:    7265
==============================
Solution tour: 
0 8 43 26 55 18 45 44 51 47 16 27 46 20 34 37 40 15 32 
15 40 37 53 37 36 54 21 31 24 49 14 30 50 35 25 41 23 17 42 28 19 33 22 39 22 29 52 48 
==============================

====== Algorithm Status ======
Valor:                3145
Time:                 128000
nIter:                15243
Best Iter:            15243
Improvement Count:    15242
==============================
Solution tour: 
0 8 43 26 55 18 45 44 51 47 16 27 46 20 34 37 40 15 32 
15 40 37 53 37 36 54 21 31 24 49 14 30 50 35 25 41 23 17 42 28 19 33 22 39 22 29 52 48 
==============================

====== Algorithm Status ======
Valor:                3188
Time:                 256006
nIter:                29761
Best Iter:            29761
Improvement Count:    29760
==============================
Solution tour: 
0 8 43 32 18 26 55 53 44 51 47 16 34 20 27 37 40 15 32 
15 40 37 36 54 20 21 31 24 49 14 30 35 25 41 23 17 42 28 19 33 45 33 29 22 50 22 48 
==============================

====== Algorithm Status ======
Valor:                3188
Time:                 512007
nIter:                60490
Best Iter:            60490
Improvement Count:    60489
==============================
Solution tour: 
0 8 43 32 18 26 55 53 44 51 47 16 34 20 27 37 40 15 32 
15 40 37 36 54 20 21 31 24 49 14 30 35 25 41 23 17 42 28 19 33 45 33 29 22 50 22 48 
==============================

====== Algorithm Status ======
Valor:                3194
Time:                 1024004
nIter:                120021
Best Iter:            120021
Improvement Count:    120022
==============================
Solution tour: 
0 48 52 8 43 26 18 55 53 44 51 47 16 34 20 27 37 40 15 32 
15 40 37 36 54 20 21 31 24 49 14 30 35 25 41 23 17 42 28 33 45 33 22 50 22 29 
3 
==============================

====== Algorithm Status ======
Valor:                3194
Time:                 1024004
nIter:                120021
Best Iter:            120021
Improvement Count:    120022
==============================
Solution tour: 
0 48 52 8 43 26 18 55 53 44 51 47 16 34 20 27 37 40 15 32 
15 40 37 36 54 20 21 31 24 49 14 30 35 25 41 23 17 42 28 33 45 33 22 50 22 29 
3 
==============================

