=========== Input ===========
File name:                ./instances/realistic-instances/15-40-1767920.cdop
Total node count:         56
Truck node count:         15
Drone node count:         40
=============================

========== Settings ==========
Settings file:        ./settings/Memetic-LS_MMX_1287823.config
Seed:                 1287823
Reduction method:     -
Max iter:             1024000
Population size:      13
Crossover:            MA-MMX
Local Search:         -
Warm Start:           -
==============================

====== Algorithm Status ======
Valor:                1935
Time:                 250
nIter:                188
Best Iter:            188
Improvement Count:    187
==============================
Solution tour: 
0 
3 41 36 50 27 33 
1 49 
14 49 
15 
6 55 41 20 31 20 34 20 54 18 52 54 47 51 47 28 
==============================

====== Algorithm Status ======
Valor:                2080
Time:                 508
nIter:                390
Best Iter:            390
Improvement Count:    389
==============================
Solution tour: 
0 
3 41 36 27 50 27 33 
1 49 
14 49 
15 
5 16 47 41 31 18 31 54 20 34 47 51 47 28 
==============================

====== Algorithm Status ======
Valor:                2161
Time:                 1004
nIter:                756
Best Iter:            756
Improvement Count:    755
==============================
Solution tour: 
0 
3 36 41 36 50 27 26 49 
14 49 
15 
5 16 47 21 31 18 31 54 20 33 47 51 47 28 
==============================

====== Algorithm Status ======
Valor:                2230
Time:                 2002
nIter:                1457
Best Iter:            1457
Improvement Count:    1456
==============================
Solution tour: 
0 
3 36 41 36 27 50 27 49 
14 49 
15 
5 16 47 16 31 18 31 54 20 33 47 51 47 28 
==============================

====== Algorithm Status ======
Valor:                2265
Time:                 4000
nIter:                2919
Best Iter:            2919
Improvement Count:    2918
==============================
Solution tour: 
0 
3 36 41 36 27 50 27 49 
14 49 
15 35 
5 16 47 16 31 18 31 54 20 33 47 51 47 42 28 
==============================

====== Algorithm Status ======
Valor:                2271
Time:                 8000
nIter:                5734
Best Iter:            5734
Improvement Count:    5733
==============================
Solution tour: 
0 
3 36 41 36 27 50 27 49 
14 49 
15 35 
5 16 47 16 31 18 31 54 20 33 47 51 47 23 42 28 
==============================

====== Algorithm Status ======
Valor:                2364
Time:                 16000
nIter:                11747
Best Iter:            11747
Improvement Count:    11746
==============================
Solution tour: 
0 
3 36 41 36 27 50 27 24 49 
14 49 
15 37 31 18 26 18 20 48 33 47 16 47 51 47 28 
==============================

====== Algorithm Status ======
Valor:                2519
Time:                 32000
nIter:                23651
Best Iter:            23651
Improvement Count:    23650
==============================
Solution tour: 
0 22 36 41 36 54 20 30 50 27 49 
14 49 
15 37 27 31 21 45 26 18 44 53 
8 33 47 16 47 51 47 28 
==============================

====== Algorithm Status ======
Valor:                2656
Time:                 64000
nIter:                47885
Best Iter:            47885
Improvement Count:    47884
==============================
Solution tour: 
0 
12 52 36 41 36 54 20 
7 30 50 22 27 49 
14 49 40 37 27 31 21 45 26 18 44 43 
8 33 29 34 16 47 51 47 28 
==============================

====== Algorithm Status ======
Valor:                2777
Time:                 128000
nIter:                98424
Best Iter:            98424
Improvement Count:    98423
==============================
Solution tour: 
0 36 41 36 54 27 
7 25 30 50 22 39 
14 49 40 37 20 21 31 21 20 45 26 18 44 43 
8 33 29 34 16 47 51 47 28 
==============================

====== Algorithm Status ======
Valor:                2849
Time:                 256000
nIter:                184063
Best Iter:            184063
Improvement Count:    184062
==============================
Solution tour: 
0 36 41 36 54 27 
7 25 30 50 22 39 
14 49 40 37 21 31 21 20 45 55 26 44 53 18 43 
8 33 29 48 34 16 47 51 47 42 28 
==============================

====== Algorithm Status ======
Valor:                2868
Time:                 512000
nIter:                361785
Best Iter:            361785
Improvement Count:    361784
==============================
Solution tour: 
0 52 36 41 36 54 27 
7 25 30 50 22 39 
14 49 40 37 21 31 21 20 26 55 45 44 53 18 43 
8 33 29 48 34 16 47 51 47 17 42 28 
==============================

====== Algorithm Status ======
Valor:                2895
Time:                 1024004
nIter:                720252
Best Iter:            720252
Improvement Count:    720253
==============================
Solution tour: 
0 52 36 41 36 54 27 
7 25 30 50 22 39 
14 49 40 37 21 31 20 45 55 26 44 53 18 43 
8 17 33 29 48 34 16 47 51 47 28 
==============================

====== Algorithm Status ======
Valor:                2895
Time:                 1024004
nIter:                720252
Best Iter:            720252
Improvement Count:    720253
==============================
Solution tour: 
0 52 36 41 36 54 27 
7 25 30 50 22 39 
14 49 40 37 21 31 20 45 55 26 44 53 18 43 
8 17 33 29 48 34 16 47 51 47 28 
==============================

