=========== Input ===========
File name:                ./instances/realistic-instances/10-25-1762875.cdop
Total node count:         36
Truck node count:         10
Drone node count:         25
=============================

========== Settings ==========
Settings file:        ./settings/Memetic-LS_MMX_1099666.config
Seed:                 1099666
Reduction method:     -
Max iter:             1024000
Population size:      13
Crossover:            MA-MMX
Local Search:         -
Warm Start:           -
==============================

====== Algorithm Status ======
Valor:                1725
Time:                 250
nIter:                366
Best Iter:            366
Improvement Count:    365
==============================
Solution tour: 
0 28 21 28 21 
6 33 25 34 
3 14 13 18 
2 31 
5 
10 
7 24 32 28 17 20 19 23 27 30 26 30 26 
4 15 23 11 35 22 29 16 12 
==============================

====== Algorithm Status ======
Valor:                1975
Time:                 500
nIter:                749
Best Iter:            749
Improvement Count:    748
==============================
Solution tour: 
0 28 33 28 21 
6 21 25 34 
3 14 13 18 
2 31 27 26 30 26 30 24 32 28 17 20 19 
1 
10 
4 22 29 23 11 23 29 16 29 16 12 
==============================

====== Algorithm Status ======
Valor:                2060
Time:                 1001
nIter:                1478
Best Iter:            1478
Improvement Count:    1477
==============================
Solution tour: 
0 28 33 28 34 
3 14 13 18 
2 31 27 26 30 26 30 24 32 25 28 17 28 19 
1 
10 
4 22 29 23 11 23 16 12 
==============================

====== Algorithm Status ======
Valor:                2244
Time:                 2000
nIter:                2977
Best Iter:            2977
Improvement Count:    2976
==============================
Solution tour: 
0 
7 33 34 
3 14 13 18 27 31 
2 7 26 30 24 32 25 17 28 17 25 
1 
10 
4 22 29 23 11 21 15 16 
==============================

====== Algorithm Status ======
Valor:                2282
Time:                 4000
nIter:                6044
Best Iter:            6044
Improvement Count:    6043
==============================
Solution tour: 
0 
7 33 34 
3 14 13 18 27 31 
2 7 26 30 24 32 25 17 28 17 25 
1 
10 
4 22 29 23 11 23 15 16 
==============================

====== Algorithm Status ======
Valor:                2304
Time:                 8002
nIter:                12325
Best Iter:            12325
Improvement Count:    12324
==============================
Solution tour: 
0 21 33 
3 14 13 18 27 31 
2 7 26 30 24 32 25 17 28 17 25 
1 
10 
4 22 29 23 11 23 34 23 15 16 
==============================

====== Algorithm Status ======
Valor:                2378
Time:                 16000
nIter:                24410
Best Iter:            24410
Improvement Count:    24409
==============================
Solution tour: 
0 
6 
7 19 33 
3 14 13 18 27 31 
2 7 26 30 24 32 25 17 28 17 25 
1 
10 
4 22 29 34 23 11 23 15 16 
==============================

====== Algorithm Status ======
Valor:                2523
Time:                 32000
nIter:                49081
Best Iter:            49081
Improvement Count:    49080
==============================
Solution tour: 
0 21 7 33 13 25 18 29 31 
2 7 26 14 30 27 24 27 24 19 15 25 32 25 17 28 17 
1 
10 
4 22 29 34 23 11 16 
==============================

====== Algorithm Status ======
Valor:                2556
Time:                 64000
nIter:                96532
Best Iter:            96532
Improvement Count:    96531
==============================
Solution tour: 
0 7 33 35 13 25 18 29 31 
2 7 26 30 26 14 25 32 27 24 19 15 32 25 17 28 17 
1 
10 
4 22 29 34 23 11 16 
==============================

====== Algorithm Status ======
Valor:                2581
Time:                 128000
nIter:                185446
Best Iter:            185446
Improvement Count:    185445
==============================
Solution tour: 
0 7 33 35 13 25 18 29 31 
2 7 26 30 26 14 25 32 27 24 19 15 25 17 28 17 12 7 
1 
10 
4 22 29 34 23 11 16 
==============================

====== Algorithm Status ======
Valor:                2637
Time:                 256000
nIter:                387488
Best Iter:            387488
Improvement Count:    387487
==============================
Solution tour: 
0 7 33 25 18 29 35 13 31 
2 7 26 30 14 25 32 27 24 19 15 25 17 28 17 20 17 12 7 
1 
10 
4 22 29 34 23 11 16 
==============================

====== Algorithm Status ======
Valor:                2641
Time:                 512000
nIter:                773857
Best Iter:            773857
Improvement Count:    773856
==============================
Solution tour: 
0 7 33 25 18 29 35 13 31 
2 7 26 30 14 25 32 27 24 19 15 25 17 28 17 20 17 12 
7 
8 
10 
4 22 29 34 23 11 16 
==============================

====== Algorithm Status ======
Valor:                2641
Time:                 1024001
nIter:                1546718
Best Iter:            1546718
Improvement Count:    1546719
==============================
Solution tour: 
0 7 33 25 18 29 35 13 31 
2 7 26 30 14 25 32 27 24 19 15 25 17 28 17 20 17 12 
7 
8 
10 
4 22 29 34 23 11 16 
==============================

====== Algorithm Status ======
Valor:                2641
Time:                 1024001
nIter:                1546718
Best Iter:            1546718
Improvement Count:    1546719
==============================
Solution tour: 
0 7 33 25 18 29 35 13 31 
2 7 26 30 14 25 32 27 24 19 15 25 17 28 17 20 17 12 
7 
8 
10 
4 22 29 34 23 11 16 
==============================

