=========== Input ===========
File name:                ./instances/realistic-instances/10-10-1891798.cdop
Total node count:         21
Truck node count:         10
Drone node count:         10
=============================

========== Settings ==========
Settings file:        ./settings/Memetic_MPX_1287823.config
Seed:                 1287823
Reduction method:     -
Max iter:             1024000
Population size:      13
Crossover:            MA-MPX
Local Search:         LS
Warm Start:           -
==============================

====== Algorithm Status ======
Valor:                1938
Time:                 251
nIter:                175
Best Iter:            175
Improvement Count:    174
==============================
Solution tour: 
0 4 16 19 18 
5 
6 
8 13 
2 13 17 19 16 14 10 13 20 
1 12 15 
3 2 11 2 
9 
7 4 
==============================

====== Algorithm Status ======
Valor:                2029
Time:                 500
nIter:                367
Best Iter:            367
Improvement Count:    366
==============================
Solution tour: 
0 4 
7 
9 15 3 
6 
3 15 12 18 14 18 
5 16 
4 16 19 17 12 11 2 11 12 
1 20 1 13 
10 
8 7 
==============================

====== Algorithm Status ======
Valor:                2040
Time:                 1000
nIter:                745
Best Iter:            745
Improvement Count:    744
==============================
Solution tour: 
0 4 2 11 
2 13 20 
1 20 13 17 15 9 
7 
9 15 3 
6 
10 14 18 
5 18 14 16 19 16 4 
==============================

====== Algorithm Status ======
Valor:                2040
Time:                 2000
nIter:                1542
Best Iter:            1542
Improvement Count:    1541
==============================
Solution tour: 
0 4 2 11 
2 13 20 
1 20 13 17 15 9 
7 
9 15 3 
6 
10 14 18 
5 18 14 16 19 16 4 
==============================

====== Algorithm Status ======
Valor:                2040
Time:                 4000
nIter:                3143
Best Iter:            3143
Improvement Count:    3142
==============================
Solution tour: 
0 4 2 11 
2 13 20 
1 20 13 17 15 9 
7 
9 15 3 
6 
10 14 18 
5 18 14 16 19 16 4 
==============================

====== Algorithm Status ======
Valor:                2040
Time:                 8000
nIter:                6317
Best Iter:            6317
Improvement Count:    6316
==============================
Solution tour: 
0 4 2 11 
2 13 20 
1 20 13 17 15 9 
7 
9 15 3 
6 
10 14 18 
5 18 14 16 19 16 4 
==============================

====== Algorithm Status ======
Valor:                2074
Time:                 16000
nIter:                12195
Best Iter:            12195
Improvement Count:    12194
==============================
Solution tour: 
0 4 2 11 
2 13 20 
1 20 13 17 15 9 15 3 
6 
10 13 14 18 
5 18 14 16 19 16 4 
==============================

====== Algorithm Status ======
Valor:                2074
Time:                 32001
nIter:                23457
Best Iter:            23457
Improvement Count:    23456
==============================
Solution tour: 
0 4 2 11 
2 13 20 
1 20 13 17 15 9 15 3 
6 
10 13 14 18 
5 18 14 16 19 16 4 
==============================

====== Algorithm Status ======
Valor:                2074
Time:                 64000
nIter:                44798
Best Iter:            44798
Improvement Count:    44797
==============================
Solution tour: 
0 4 2 11 
2 13 20 
1 20 13 17 15 9 15 3 
6 
10 13 14 18 
5 18 14 16 19 16 4 
==============================

====== Algorithm Status ======
Valor:                2074
Time:                 128000
nIter:                86006
Best Iter:            86006
Improvement Count:    86005
==============================
Solution tour: 
0 4 2 11 
2 13 20 
1 20 13 17 15 9 15 3 
6 
10 13 14 18 
5 18 14 16 19 16 4 
==============================

====== Algorithm Status ======
Valor:                2074
Time:                 256000
nIter:                179418
Best Iter:            179418
Improvement Count:    179417
==============================
Solution tour: 
0 4 2 11 
2 13 20 
1 20 13 17 15 9 15 3 
6 
10 13 14 18 
5 18 14 16 19 16 4 
==============================

====== Algorithm Status ======
Valor:                2106
Time:                 512000
nIter:                356474
Best Iter:            356474
Improvement Count:    356473
==============================
Solution tour: 
0 4 2 11 
2 13 20 
1 20 17 15 9 15 12 11 
6 
10 13 14 18 
5 18 14 16 19 16 4 
==============================

====== Algorithm Status ======
Valor:                2106
Time:                 1024001
nIter:                715200
Best Iter:            715200
Improvement Count:    715201
==============================
Solution tour: 
0 4 2 11 
2 13 20 
1 20 17 15 9 15 12 11 
6 
10 13 14 18 
5 18 14 16 19 16 4 
==============================

====== Algorithm Status ======
Valor:                2106
Time:                 1024001
nIter:                715200
Best Iter:            715200
Improvement Count:    715201
==============================
Solution tour: 
0 4 2 11 
2 13 20 
1 20 17 15 9 15 12 11 
6 
10 13 14 18 
5 18 14 16 19 16 4 
==============================

