=========== Input ===========
File name:                ./instances/realistic-instances/15-10-1767920.cdop
Total node count:         26
Truck node count:         15
Drone node count:         10
=============================

========== Settings ==========
Settings file:        ./settings/Memetic-LS_MPX_1099666.config
Seed:                 1099666
Reduction method:     -
Max iter:             1024000
Population size:      13
Crossover:            MA-MPX
Local Search:         -
Warm Start:           -
==============================

====== Algorithm Status ======
Valor:                1602
Time:                 250
nIter:                646
Best Iter:            646
Improvement Count:    645
==============================
Solution tour: 
0 
8 20 
13 20 
12 25 
2 18 
4 
5 19 
7 
9 16 24 
10 23 
11 21 17 
6 
15 
14 
1 
3 
==============================

====== Algorithm Status ======
Valor:                1602
Time:                 500
nIter:                1336
Best Iter:            1336
Improvement Count:    1335
==============================
Solution tour: 
0 
8 20 
13 20 
12 25 
2 18 
4 
5 19 
7 
9 16 24 
10 23 
11 21 17 
6 
15 
14 
1 
3 
==============================

====== Algorithm Status ======
Valor:                1602
Time:                 1000
nIter:                2641
Best Iter:            2641
Improvement Count:    2640
==============================
Solution tour: 
0 
8 20 
13 20 
12 25 
2 18 
4 
5 19 
7 
9 16 24 
10 23 
11 21 17 
6 
15 
14 
1 
3 
==============================

====== Algorithm Status ======
Valor:                1602
Time:                 2000
nIter:                5012
Best Iter:            5012
Improvement Count:    5011
==============================
Solution tour: 
0 
8 20 
13 20 
12 25 
2 18 
4 
5 19 
7 
9 16 24 
10 23 
11 21 17 
6 
15 
14 
1 
3 
==============================

====== Algorithm Status ======
Valor:                1613
Time:                 4000
nIter:                10124
Best Iter:            10124
Improvement Count:    10123
==============================
Solution tour: 
0 
8 20 
13 20 
12 25 
2 18 
4 
5 19 
7 
9 16 19 23 
10 24 17 21 
11 
6 
15 
14 
1 
3 
==============================

====== Algorithm Status ======
Valor:                1683
Time:                 8000
nIter:                19138
Best Iter:            19138
Improvement Count:    19137
==============================
Solution tour: 
0 
8 20 
13 20 
12 25 
2 18 
4 
5 19 
7 19 
9 16 23 
10 24 17 21 
11 
6 
15 
14 
1 
3 
==============================

====== Algorithm Status ======
Valor:                1694
Time:                 16000
nIter:                37814
Best Iter:            37814
Improvement Count:    37813
==============================
Solution tour: 
0 
8 20 
13 20 
12 25 
2 18 
4 
5 19 
7 19 
9 16 23 
10 24 17 21 
3 
6 
15 
14 
1 
==============================

====== Algorithm Status ======
Valor:                1694
Time:                 32000
nIter:                74957
Best Iter:            74957
Improvement Count:    74956
==============================
Solution tour: 
0 
8 20 
13 20 
12 25 
2 18 
4 
5 19 
7 19 
9 16 23 
10 24 17 21 
3 
6 
15 
14 
1 
==============================

====== Algorithm Status ======
Valor:                1694
Time:                 64000
nIter:                148540
Best Iter:            148540
Improvement Count:    148539
==============================
Solution tour: 
0 
8 20 
13 20 
12 25 
2 18 
4 
5 19 
7 19 
9 16 23 
10 24 17 21 
3 
6 
15 
14 
1 
==============================

====== Algorithm Status ======
Valor:                1694
Time:                 128000
nIter:                305708
Best Iter:            305708
Improvement Count:    305707
==============================
Solution tour: 
0 
8 20 
13 20 
12 25 
2 18 
4 
5 19 
7 19 
9 16 23 
10 24 17 21 
3 
6 
15 
14 
1 
==============================

====== Algorithm Status ======
Valor:                1694
Time:                 256000
nIter:                635374
Best Iter:            635374
Improvement Count:    635373
==============================
Solution tour: 
0 
8 20 
13 20 
12 25 
2 18 
4 
5 19 
7 19 
9 16 23 
10 24 17 21 
3 
6 
15 
14 
1 
==============================

====== Algorithm Status ======
Valor:                1694
Time:                 512000
nIter:                1281131
Best Iter:            1281131
Improvement Count:    1281130
==============================
Solution tour: 
0 
8 20 
13 20 
12 25 
2 18 
4 
5 19 
7 19 
9 16 23 
10 24 17 21 
3 
6 
15 
14 
1 
==============================

====== Algorithm Status ======
Valor:                1814
Time:                 1024001
nIter:                2498507
Best Iter:            2498507
Improvement Count:    2498508
==============================
Solution tour: 
0 
8 20 
13 20 
12 
9 
7 19 7 16 23 
10 24 21 17 25 
11 18 
2 18 
4 
5 
6 
15 1 
14 1 
3 
1 
==============================

====== Algorithm Status ======
Valor:                1814
Time:                 1024001
nIter:                2498507
Best Iter:            2498507
Improvement Count:    2498508
==============================
Solution tour: 
0 
8 20 
13 20 
12 
9 
7 19 7 16 23 
10 24 21 17 25 
11 18 
2 18 
4 
5 
6 
15 1 
14 1 
3 
1 
==============================

