=========== Input ===========
File name:                ./instances/realistic-instances/15-10-1917698.cdop
Total node count:         26
Truck node count:         15
Drone node count:         10
=============================

========== Settings ==========
Settings file:        ./settings/Memetic-LS_MPX_1099666.config
Seed:                 1099666
Reduction method:     -
Max iter:             1024000
Population size:      13
Crossover:            MA-MPX
Local Search:         -
Warm Start:           -
==============================

====== Algorithm Status ======
Valor:                1210
Time:                 250
nIter:                577
Best Iter:            577
Improvement Count:    576
==============================
Solution tour: 
0 20 
12 22 
1 21 
4 19 
14 17 
15 16 
2 
8 24 
11 
10 
5 18 
7 23 
9 
3 
6 
13 
==============================

====== Algorithm Status ======
Valor:                1254
Time:                 500
nIter:                1210
Best Iter:            1210
Improvement Count:    1209
==============================
Solution tour: 
0 20 
12 22 
1 21 
10 
11 
2 
8 24 
6 
5 18 
7 23 
9 
3 
4 19 
14 17 
15 16 
13 
==============================

====== Algorithm Status ======
Valor:                1254
Time:                 1000
nIter:                2527
Best Iter:            2527
Improvement Count:    2526
==============================
Solution tour: 
0 20 
12 22 
1 21 
10 
11 
2 
8 24 
6 
5 18 
7 23 
9 
3 
4 19 
14 17 
15 16 
13 
==============================

====== Algorithm Status ======
Valor:                1331
Time:                 2000
nIter:                4982
Best Iter:            4982
Improvement Count:    4981
==============================
Solution tour: 
0 20 
7 23 
9 
3 
1 25 
12 21 
10 21 
4 19 
14 17 
15 16 
11 4 
2 
8 24 
6 
5 18 
13 
==============================

====== Algorithm Status ======
Valor:                1354
Time:                 4000
nIter:                9776
Best Iter:            9776
Improvement Count:    9775
==============================
Solution tour: 
0 20 
11 4 
2 
8 24 
7 23 
9 
3 
5 18 
1 25 
12 21 
6 
10 21 
4 19 
14 17 
15 16 
13 
==============================

====== Algorithm Status ======
Valor:                1389
Time:                 8000
nIter:                20089
Best Iter:            20089
Improvement Count:    20088
==============================
Solution tour: 
0 20 24 
11 
2 
8 
7 23 
9 
3 
5 18 
1 
12 21 
6 24 
10 21 
4 19 
14 17 
15 16 
13 
==============================

====== Algorithm Status ======
Valor:                1433
Time:                 16000
nIter:                40515
Best Iter:            40515
Improvement Count:    40514
==============================
Solution tour: 
0 20 24 
2 
8 
7 23 
9 
3 
5 18 
1 
12 21 
6 24 
10 21 
4 19 
14 17 
15 16 
13 
==============================

====== Algorithm Status ======
Valor:                1497
Time:                 32000
nIter:                82184
Best Iter:            82184
Improvement Count:    82183
==============================
Solution tour: 
0 20 24 
2 
8 
1 23 
9 
3 
5 18 
7 
11 12 25 
12 21 
6 
10 21 
4 19 
14 17 
15 16 23 
13 
==============================

====== Algorithm Status ======
Valor:                1647
Time:                 64000
nIter:                167497
Best Iter:            167497
Improvement Count:    167496
==============================
Solution tour: 
0 20 24 
6 
10 21 
4 19 
8 
2 
12 
11 23 
9 
3 
1 5 18 
5 
7 12 25 21 
14 17 
15 16 23 
13 
==============================

====== Algorithm Status ======
Valor:                1653
Time:                 128000
nIter:                336778
Best Iter:            336778
Improvement Count:    336777
==============================
Solution tour: 
0 20 24 
6 
10 21 
4 19 
8 
2 
12 
11 23 
9 
3 
1 22 18 5 
7 12 25 21 
14 17 
15 16 23 
13 
==============================

====== Algorithm Status ======
Valor:                1658
Time:                 256000
nIter:                640242
Best Iter:            640242
Improvement Count:    640241
==============================
Solution tour: 
0 20 24 
6 
13 
10 21 
4 19 
8 
2 
12 
7 25 21 
14 17 
15 16 23 
11 23 
9 
3 
1 22 18 5 20 
==============================

====== Algorithm Status ======
Valor:                1658
Time:                 512000
nIter:                1282724
Best Iter:            1282724
Improvement Count:    1282723
==============================
Solution tour: 
0 20 24 
6 
13 
10 21 
4 19 
8 
2 
12 
7 25 21 
14 17 
15 16 23 
11 23 
9 
3 
1 22 18 5 20 
==============================

====== Algorithm Status ======
Valor:                1658
Time:                 1024001
nIter:                2563333
Best Iter:            2563333
Improvement Count:    2563334
==============================
Solution tour: 
0 20 24 
6 
13 
10 21 
4 19 
8 
2 
12 
7 25 21 
14 17 
15 16 23 
11 23 
9 
3 
1 22 18 5 20 
==============================

====== Algorithm Status ======
Valor:                1658
Time:                 1024001
nIter:                2563333
Best Iter:            2563333
Improvement Count:    2563334
==============================
Solution tour: 
0 20 24 
6 
13 
10 21 
4 19 
8 
2 
12 
7 25 21 
14 17 
15 16 23 
11 23 
9 
3 
1 22 18 5 20 
==============================

