=========== Input ===========
File name:                ./instances/realistic-instances/10-40-1917698.cdop
Total node count:         51
Truck node count:         10
Drone node count:         40
=============================

========== Settings ==========
Settings file:        ./settings/Memetic_MPX_1287823.config
Seed:                 1287823
Reduction method:     -
Max iter:             1024000
Population size:      13
Crossover:            MA-MPX
Local Search:         LS
Warm Start:           -
==============================

====== Algorithm Status ======
Valor:                3224
Time:                 252
nIter:                29
Best Iter:            29
Improvement Count:    28
==============================
Solution tour: 
0 16 25 49 40 17 13 15 42 24 15 50 22 33 
7 
6 44 47 23 
8 45 28 43 39 46 18 20 35 29 36 
10 
2 48 41 34 32 30 19 37 
4 8 11 47 44 
1 9 11 38 
5 21 27 31 27 14 22 
3 
==============================

====== Algorithm Status ======
Valor:                3224
Time:                 504
nIter:                55
Best Iter:            55
Improvement Count:    54
==============================
Solution tour: 
0 16 25 49 40 17 13 15 42 24 15 50 22 33 
7 
6 44 47 23 
8 45 28 43 39 46 18 20 35 29 36 
10 
2 48 41 34 32 30 19 37 
4 8 11 47 44 
1 9 11 38 
5 21 27 31 27 14 22 
3 
==============================

====== Algorithm Status ======
Valor:                3224
Time:                 1006
nIter:                111
Best Iter:            111
Improvement Count:    110
==============================
Solution tour: 
0 16 25 49 40 17 13 15 42 24 15 50 22 33 
7 
6 44 47 23 
8 45 28 43 39 46 18 20 35 29 36 
10 
2 48 41 34 32 30 19 37 
4 8 11 47 44 
1 9 11 38 
5 21 27 31 27 14 22 
3 
==============================

====== Algorithm Status ======
Valor:                3224
Time:                 2005
nIter:                218
Best Iter:            218
Improvement Count:    217
==============================
Solution tour: 
0 16 25 49 40 17 13 15 42 24 15 50 22 33 
7 
6 44 47 23 
8 45 28 43 39 46 18 20 35 29 36 
10 
2 48 41 34 32 30 19 37 
4 8 11 47 44 
1 9 11 38 
5 21 27 31 27 14 22 
3 
==============================

====== Algorithm Status ======
Valor:                3224
Time:                 4001
nIter:                439
Best Iter:            439
Improvement Count:    438
==============================
Solution tour: 
0 16 25 49 40 17 13 15 42 24 15 50 22 33 
7 
6 44 47 23 
8 45 28 43 39 46 18 20 35 29 36 
10 
2 48 41 34 32 30 19 37 
4 8 11 47 44 
1 9 11 38 
5 21 27 31 27 14 22 
3 
==============================

====== Algorithm Status ======
Valor:                3236
Time:                 8001
nIter:                904
Best Iter:            904
Improvement Count:    903
==============================
Solution tour: 
0 41 16 25 49 40 17 13 15 42 24 15 50 22 33 
7 
6 44 47 23 
8 45 28 43 39 46 14 18 20 35 29 36 
10 
2 48 34 32 30 19 37 
4 8 
3 
1 12 38 
5 21 27 31 27 
9 11 
==============================

====== Algorithm Status ======
Valor:                3295
Time:                 16001
nIter:                1843
Best Iter:            1843
Improvement Count:    1842
==============================
Solution tour: 
0 11 41 16 25 49 40 17 13 15 42 24 15 50 27 21 22 3 22 33 26 38 
7 
6 44 47 44 45 23 
8 43 28 46 39 46 14 18 20 35 29 36 
10 
2 48 34 32 30 19 37 
4 
5 21 31 27 14 46 39 12 
3 
9 11 
==============================

====== Algorithm Status ======
Valor:                3295
Time:                 32003
nIter:                3562
Best Iter:            3562
Improvement Count:    3561
==============================
Solution tour: 
0 11 41 16 25 49 40 17 13 15 42 24 15 50 27 21 22 3 22 33 26 38 
7 
6 44 47 44 45 23 
8 43 28 46 39 46 14 18 20 35 29 36 
10 
2 48 34 32 30 19 37 
4 
5 21 31 27 14 46 39 12 
3 
9 11 
==============================

====== Algorithm Status ======
Valor:                3304
Time:                 64004
nIter:                6882
Best Iter:            6882
Improvement Count:    6881
==============================
Solution tour: 
0 11 41 16 25 49 40 17 13 15 42 24 27 50 22 3 22 33 38 
7 
6 44 47 44 45 23 
8 43 28 46 39 46 14 18 20 35 29 36 
10 
2 48 34 32 30 19 37 
4 
5 21 31 27 14 46 39 12 
3 
9 11 
==============================

====== Algorithm Status ======
Valor:                3306
Time:                 128006
nIter:                13201
Best Iter:            13201
Improvement Count:    13200
==============================
Solution tour: 
0 11 41 16 25 49 40 17 13 15 42 24 27 50 22 3 22 33 38 26 
7 
6 44 47 44 45 23 
8 43 28 46 39 46 14 18 20 35 29 36 
10 
2 48 34 32 30 19 37 
4 
5 21 31 14 46 12 
3 
1 
9 11 
==============================

====== Algorithm Status ======
Valor:                3330
Time:                 256000
nIter:                27912
Best Iter:            27912
Improvement Count:    27911
==============================
Solution tour: 
0 11 41 16 25 49 40 17 13 15 42 24 15 21 31 27 50 22 3 22 33 38 
7 
6 44 47 44 43 28 45 23 
8 14 18 20 35 29 36 
10 
2 48 34 32 30 19 37 
4 
5 21 14 46 39 12 
3 
1 
9 11 47 
==============================

====== Algorithm Status ======
Valor:                3397
Time:                 512008
nIter:                56276
Best Iter:            56276
Improvement Count:    56275
==============================
Solution tour: 
0 48 41 16 25 49 40 17 13 15 24 42 15 50 22 3 22 33 
4 8 28 23 45 
3 
1 
9 44 43 44 47 
8 31 27 14 46 39 18 20 35 29 36 
10 
2 0 34 32 30 19 37 19 21 
5 
6 
7 38 11 
==============================

====== Algorithm Status ======
Valor:                3406
Time:                 1024002
nIter:                113490
Best Iter:            113490
Improvement Count:    113491
==============================
Solution tour: 
0 48 41 16 25 49 40 17 13 15 50 15 24 42 22 3 22 33 
4 8 23 45 
3 
1 
9 44 47 44 43 28 
8 31 27 14 46 39 18 20 35 29 36 
10 
2 0 34 32 30 19 37 19 21 
5 
6 
7 26 38 11 
==============================

====== Algorithm Status ======
Valor:                3406
Time:                 1024002
nIter:                113490
Best Iter:            113490
Improvement Count:    113491
==============================
Solution tour: 
0 48 41 16 25 49 40 17 13 15 50 15 24 42 22 3 22 33 
4 8 23 45 
3 
1 
9 44 47 44 43 28 
8 31 27 14 46 39 18 20 35 29 36 
10 
2 0 34 32 30 19 37 19 21 
5 
6 
7 26 38 11 
==============================

