=========== Input ===========
File name:                ./instances/realistic-instances/10-25-1762875.cdop
Total node count:         36
Truck node count:         10
Drone node count:         25
=============================

========== Settings ==========
Settings file:        ./settings/Memetic_MMX_1099666.config
Seed:                 1099666
Reduction method:     -
Max iter:             1024000
Population size:      13
Crossover:            MA-MMX
Local Search:         LS
Warm Start:           -
==============================

====== Algorithm Status ======
Valor:                2702
Time:                 253
nIter:                65
Best Iter:            65
Improvement Count:    64
==============================
Solution tour: 
0 8 30 
8 35 16 11 29 34 23 18 15 13 31 33 7 26 
7 21 28 17 25 32 27 24 19 24 22 4 20 12 17 10 1 
==============================

====== Algorithm Status ======
Valor:                2756
Time:                 502
nIter:                138
Best Iter:            138
Improvement Count:    137
==============================
Solution tour: 
0 8 30 
8 35 29 18 29 34 23 11 31 13 15 33 7 26 
7 21 28 17 25 32 27 24 19 24 22 4 20 12 16 1 
==============================

====== Algorithm Status ======
Valor:                2794
Time:                 1004
nIter:                255
Best Iter:            255
Improvement Count:    254
==============================
Solution tour: 
0 8 30 
8 35 16 23 34 29 18 29 11 23 13 31 15 33 7 26 
7 21 28 17 25 32 27 24 19 24 22 4 20 12 7 1 
==============================

====== Algorithm Status ======
Valor:                2794
Time:                 2002
nIter:                498
Best Iter:            498
Improvement Count:    497
==============================
Solution tour: 
0 8 30 
8 35 16 23 34 29 18 29 11 23 13 31 15 33 7 26 
7 21 28 17 25 32 27 24 19 24 22 4 20 12 7 1 
==============================

====== Algorithm Status ======
Valor:                2794
Time:                 4003
nIter:                987
Best Iter:            987
Improvement Count:    986
==============================
Solution tour: 
0 8 30 
8 35 16 23 34 29 18 29 11 23 13 31 15 33 7 26 
7 21 28 17 25 32 27 24 19 24 22 4 20 12 7 1 
==============================

====== Algorithm Status ======
Valor:                2801
Time:                 8002
nIter:                1975
Best Iter:            1975
Improvement Count:    1974
==============================
Solution tour: 
0 8 30 
8 35 29 34 29 18 23 11 23 13 31 15 33 7 26 
7 21 28 17 25 32 27 24 19 24 22 4 20 12 16 9 
==============================

====== Algorithm Status ======
Valor:                2801
Time:                 16000
nIter:                3903
Best Iter:            3903
Improvement Count:    3902
==============================
Solution tour: 
0 8 30 
8 35 29 34 29 18 23 11 23 13 31 15 33 7 26 
7 21 28 17 25 32 27 24 19 24 22 4 20 12 16 9 
==============================

====== Algorithm Status ======
Valor:                2801
Time:                 32001
nIter:                7645
Best Iter:            7645
Improvement Count:    7644
==============================
Solution tour: 
0 8 30 
8 35 29 34 29 18 23 11 23 13 31 15 33 7 26 
7 21 28 17 25 32 27 24 19 24 22 4 20 12 16 9 
==============================

====== Algorithm Status ======
Valor:                2801
Time:                 64001
nIter:                14750
Best Iter:            14750
Improvement Count:    14749
==============================
Solution tour: 
0 8 30 
8 35 29 34 29 18 23 11 23 13 31 15 33 7 26 
7 21 28 17 25 32 27 24 19 24 22 4 20 12 16 9 
==============================

====== Algorithm Status ======
Valor:                2801
Time:                 128003
nIter:                28212
Best Iter:            28212
Improvement Count:    28211
==============================
Solution tour: 
0 8 30 
8 35 29 34 29 18 23 11 23 13 31 15 33 7 26 
7 21 28 17 25 32 27 24 19 24 22 4 20 12 16 9 
==============================

====== Algorithm Status ======
Valor:                2801
Time:                 256001
nIter:                59541
Best Iter:            59541
Improvement Count:    59540
==============================
Solution tour: 
0 8 30 
8 35 29 34 29 18 23 11 23 13 31 15 33 7 26 
7 21 28 17 25 32 27 24 19 24 22 4 20 12 16 9 
==============================

====== Algorithm Status ======
Valor:                2801
Time:                 512003
nIter:                118797
Best Iter:            118797
Improvement Count:    118796
==============================
Solution tour: 
0 8 30 
8 35 29 34 29 18 23 11 23 13 31 15 33 7 26 
7 21 28 17 25 32 27 24 19 24 22 4 20 12 16 9 
==============================

====== Algorithm Status ======
Valor:                2823
Time:                 1024001
nIter:                238689
Best Iter:            238689
Improvement Count:    238690
==============================
Solution tour: 
0 8 30 
8 35 11 23 34 29 18 22 34 23 13 31 2 31 33 7 26 
7 12 20 17 28 17 25 32 27 24 19 15 33 16 
==============================

====== Algorithm Status ======
Valor:                2823
Time:                 1024001
nIter:                238689
Best Iter:            238689
Improvement Count:    238690
==============================
Solution tour: 
0 8 30 
8 35 11 23 34 29 18 22 34 23 13 31 2 31 33 7 26 
7 12 20 17 28 17 25 32 27 24 19 15 33 16 
==============================

