=========== Input ===========
File name:                ./instances/realistic-instances/15-10-1110588.cdop
Total node count:         26
Truck node count:         15
Drone node count:         10
=============================

========== Settings ==========
Settings file:        ./settings/Memetic_MPX_1881515.config
Seed:                 1881515
Reduction method:     -
Max iter:             1024000
Population size:      13
Crossover:            MA-MPX
Local Search:         LS
Warm Start:           -
==============================

====== Algorithm Status ======
Valor:                1836
Time:                 256
nIter:                122
Best Iter:            122
Improvement Count:    121
==============================
Solution tour: 
0 
8 0 
9 3 
5 
2 5 3 
12 24 
6 20 6 17 18 3 9 
13 
11 16 25 21 19 
14 23 14 
7 
4 0 
10 0 
==============================

====== Algorithm Status ======
Valor:                1836
Time:                 501
nIter:                228
Best Iter:            228
Improvement Count:    227
==============================
Solution tour: 
0 
8 0 
9 3 
5 
2 5 3 
12 24 
6 20 6 17 18 3 9 
13 
11 16 25 21 19 
14 23 14 
7 
4 0 
10 0 
==============================

====== Algorithm Status ======
Valor:                1848
Time:                 1000
nIter:                434
Best Iter:            434
Improvement Count:    433
==============================
Solution tour: 
0 
4 6 24 
12 19 
1 
6 20 6 17 18 25 19 14 23 14 
13 16 3 
9 3 
5 
2 14 
15 24 21 
7 0 
8 0 10 
==============================

====== Algorithm Status ======
Valor:                1848
Time:                 2000
nIter:                828
Best Iter:            828
Improvement Count:    827
==============================
Solution tour: 
0 
4 6 24 
12 19 
1 
6 20 6 17 18 25 19 14 23 14 
13 16 3 
9 3 
5 
2 14 
15 24 21 
7 0 
8 0 10 
==============================

====== Algorithm Status ======
Valor:                1848
Time:                 4000
nIter:                1617
Best Iter:            1617
Improvement Count:    1616
==============================
Solution tour: 
0 
4 6 24 
12 19 
1 
6 20 6 17 18 25 19 14 23 14 
13 16 3 
9 3 
5 
2 14 
15 24 21 
7 0 
8 0 10 
==============================

====== Algorithm Status ======
Valor:                1848
Time:                 8001
nIter:                3203
Best Iter:            3203
Improvement Count:    3202
==============================
Solution tour: 
0 
4 6 24 
12 19 
1 
6 20 6 17 18 25 19 14 23 14 
13 16 3 
9 3 
5 
2 14 
15 24 21 
7 0 
8 0 10 
==============================

====== Algorithm Status ======
Valor:                1848
Time:                 16001
nIter:                6437
Best Iter:            6437
Improvement Count:    6436
==============================
Solution tour: 
0 
4 6 24 
12 19 
1 
6 20 6 17 18 25 19 14 23 14 
13 16 3 
9 3 
5 
2 14 
15 24 21 
7 0 
8 0 10 
==============================

====== Algorithm Status ======
Valor:                1852
Time:                 32000
nIter:                12928
Best Iter:            12928
Improvement Count:    12927
==============================
Solution tour: 
0 
4 6 24 
12 25 21 
10 0 
7 
6 20 6 17 18 19 14 23 14 
13 
11 
9 3 
5 
2 5 
3 8 14 19 1 
15 
1 0 
==============================

====== Algorithm Status ======
Valor:                1877
Time:                 64001
nIter:                26830
Best Iter:            26830
Improvement Count:    26829
==============================
Solution tour: 
0 
4 
3 
9 3 
8 0 4 
2 
5 
6 20 6 17 18 25 19 14 23 14 19 
12 24 
15 
1 0 
10 0 
7 21 3 
==============================

====== Algorithm Status ======
Valor:                1902
Time:                 128000
nIter:                57118
Best Iter:            57118
Improvement Count:    57117
==============================
Solution tour: 
0 
4 5 
3 
9 3 
8 0 4 5 
2 
5 
6 20 6 17 18 25 19 14 23 14 19 
12 24 15 
1 0 
10 0 
7 21 3 
==============================

====== Algorithm Status ======
Valor:                1902
Time:                 256001
nIter:                112727
Best Iter:            112727
Improvement Count:    112726
==============================
Solution tour: 
0 
4 5 
3 
9 3 
8 0 4 5 
2 
5 
6 20 6 17 18 25 19 14 23 14 19 
12 24 15 
1 0 
10 0 
7 21 3 
==============================

====== Algorithm Status ======
Valor:                1902
Time:                 512000
nIter:                224962
Best Iter:            224962
Improvement Count:    224961
==============================
Solution tour: 
0 
4 5 
3 
9 3 
8 0 4 5 
2 
5 
6 20 6 17 18 25 19 14 23 14 19 
12 24 15 
1 0 
10 0 
7 21 3 
==============================

====== Algorithm Status ======
Valor:                1902
Time:                 1024001
nIter:                452737
Best Iter:            452737
Improvement Count:    452738
==============================
Solution tour: 
0 
4 5 
3 
9 3 
8 0 4 5 
2 
5 
6 20 6 17 18 25 19 14 23 14 19 
12 24 15 
1 0 
10 0 
7 21 3 
==============================

====== Algorithm Status ======
Valor:                1902
Time:                 1024001
nIter:                452737
Best Iter:            452737
Improvement Count:    452738
==============================
Solution tour: 
0 
4 5 
3 
9 3 
8 0 4 5 
2 
5 
6 20 6 17 18 25 19 14 23 14 19 
12 24 15 
1 0 
10 0 
7 21 3 
==============================

