=========== Input ===========
File name:                ./instances/realistic-instances/10-40-1767920.cdop
Total node count:         51
Truck node count:         10
Drone node count:         40
=============================

========== Settings ==========
Settings file:        ./settings/Memetic_MPX_1881515.config
Seed:                 1881515
Reduction method:     -
Max iter:             1024000
Population size:      13
Crossover:            MA-MPX
Local Search:         LS
Warm Start:           -
==============================

====== Algorithm Status ======
Valor:                3168
Time:                 253
nIter:                34
Best Iter:            34
Improvement Count:    33
==============================
Solution tour: 
0 46 28 20 23 36 24 49 48 47 18 16 
9 11 15 17 26 29 
2 30 39 34 22 31 42 32 50 44 14 27 
10 
5 12 
4 
3 
8 37 43 40 25 19 35 21 36 38 45 
7 41 35 
6 
1 
==============================

====== Algorithm Status ======
Valor:                3275
Time:                 503
nIter:                76
Best Iter:            76
Improvement Count:    75
==============================
Solution tour: 
0 46 0 1 24 49 48 47 18 16 
9 39 11 17 26 29 
2 30 39 34 22 31 42 32 50 44 14 27 
10 
5 12 21 20 23 28 41 
7 41 35 19 
6 35 
1 36 15 
8 43 37 45 38 13 25 40 
4 
3 
==============================

====== Algorithm Status ======
Valor:                3309
Time:                 1021
nIter:                144
Best Iter:            144
Improvement Count:    143
==============================
Solution tour: 
0 34 11 
9 39 11 17 26 29 
2 30 34 22 31 18 33 42 32 16 50 44 14 27 
10 
5 12 48 49 24 21 20 23 28 41 
7 41 35 19 
6 
1 24 36 15 
8 43 37 45 46 45 38 47 25 40 
4 
3 
==============================

====== Algorithm Status ======
Valor:                3309
Time:                 2023
nIter:                264
Best Iter:            264
Improvement Count:    263
==============================
Solution tour: 
0 34 11 
9 39 11 17 26 29 
2 30 34 22 31 18 33 42 32 16 50 44 14 27 
10 
5 12 48 49 24 21 20 23 28 41 
7 41 35 19 
6 
1 24 36 15 
8 43 37 45 46 45 38 47 25 40 
4 
3 
==============================

====== Algorithm Status ======
Valor:                3315
Time:                 4005
nIter:                503
Best Iter:            503
Improvement Count:    502
==============================
Solution tour: 
0 34 11 
9 39 11 17 26 29 
2 30 34 22 31 18 33 42 32 16 50 44 14 27 
10 
5 12 48 49 24 21 20 23 28 41 
7 41 35 19 
6 
1 24 36 15 
8 43 37 45 46 45 38 47 13 25 40 
==============================

====== Algorithm Status ======
Valor:                3315
Time:                 8000
nIter:                957
Best Iter:            957
Improvement Count:    956
==============================
Solution tour: 
0 34 11 
9 39 11 17 26 29 
2 30 34 22 31 18 33 42 32 16 50 44 14 27 
10 
5 12 48 49 24 21 20 23 28 41 
7 41 35 19 
6 
1 24 36 15 
8 43 37 45 46 45 38 47 13 25 40 
==============================

====== Algorithm Status ======
Valor:                3315
Time:                 16020
nIter:                1884
Best Iter:            1884
Improvement Count:    1883
==============================
Solution tour: 
0 34 11 
9 39 11 17 26 29 
2 30 34 22 31 18 33 42 32 16 50 44 14 27 
10 
5 12 48 49 24 21 20 23 28 41 
7 41 35 19 
6 
1 24 36 15 
8 43 37 45 46 45 38 47 13 25 40 
==============================

====== Algorithm Status ======
Valor:                3315
Time:                 32004
nIter:                3679
Best Iter:            3679
Improvement Count:    3678
==============================
Solution tour: 
0 34 11 
9 39 11 17 26 29 
2 30 34 22 31 18 33 42 32 16 50 44 14 27 
10 
5 12 48 49 24 21 20 23 28 41 
7 41 35 19 
6 
1 24 36 15 
8 43 37 45 46 45 38 47 13 25 40 
==============================

====== Algorithm Status ======
Valor:                3315
Time:                 64002
nIter:                7041
Best Iter:            7041
Improvement Count:    7040
==============================
Solution tour: 
0 34 11 
9 39 11 17 26 29 
2 30 34 22 31 18 33 42 32 16 50 44 14 27 
10 
5 12 48 49 24 21 20 23 28 41 
7 41 35 19 
6 
1 24 36 15 
8 43 37 45 46 45 38 47 13 25 40 
==============================

====== Algorithm Status ======
Valor:                3315
Time:                 128009
nIter:                13278
Best Iter:            13278
Improvement Count:    13277
==============================
Solution tour: 
0 34 11 
9 39 11 17 26 29 
2 30 34 22 31 18 33 42 32 16 50 44 14 27 
10 
5 12 48 49 24 21 20 23 28 41 
7 41 35 19 
6 
1 24 36 15 
8 43 37 45 46 45 38 47 13 25 40 
==============================

====== Algorithm Status ======
Valor:                3315
Time:                 256024
nIter:                26634
Best Iter:            26634
Improvement Count:    26633
==============================
Solution tour: 
0 34 11 
9 39 11 17 26 29 
2 30 34 22 31 18 33 42 32 16 50 44 14 27 
10 
5 12 48 49 24 21 20 23 28 41 
7 41 35 19 
6 
1 24 36 15 
8 43 37 45 46 45 38 47 13 25 40 
==============================

====== Algorithm Status ======
Valor:                3477
Time:                 512001
nIter:                54030
Best Iter:            54030
Improvement Count:    54029
==============================
Solution tour: 
0 11 34 
5 15 17 26 
7 41 21 23 20 28 35 19 
6 42 49 48 
10 27 
3 
1 
2 29 
8 43 37 47 18 12 18 31 22 31 24 36 38 45 46 45 13 25 40 14 44 
4 19 50 32 16 
9 39 30 46 
==============================

====== Algorithm Status ======
Valor:                3487
Time:                 1024006
nIter:                111563
Best Iter:            111563
Improvement Count:    111564
==============================
Solution tour: 
0 46 30 11 34 
5 15 17 26 
7 41 28 23 20 21 35 19 
6 42 49 48 
10 27 
3 
1 
2 29 
8 43 37 47 18 12 18 31 22 31 24 36 38 45 46 45 13 25 40 14 44 
4 50 32 16 
9 39 
==============================

====== Algorithm Status ======
Valor:                3487
Time:                 1024006
nIter:                111563
Best Iter:            111563
Improvement Count:    111564
==============================
Solution tour: 
0 46 30 11 34 
5 15 17 26 
7 41 28 23 20 21 35 19 
6 42 49 48 
10 27 
3 
1 
2 29 
8 43 37 47 18 12 18 31 22 31 24 36 38 45 46 45 13 25 40 14 44 
4 50 32 16 
9 39 
==============================

