=========== Input ===========
File name:                ./instances/realistic-instances/10-40-1762875.cdop
Total node count:         51
Truck node count:         10
Drone node count:         40
=============================

========== Settings ==========
Settings file:        ./settings/Memetic_MPX_1099666.config
Seed:                 1099666
Reduction method:     -
Max iter:             1024000
Population size:      13
Crossover:            MA-MPX
Local Search:         LS
Warm Start:           -
==============================

====== Algorithm Status ======
Valor:                3224
Time:                 252
nIter:                32
Best Iter:            32
Improvement Count:    31
==============================
Solution tour: 
0 
9 
8 29 33 49 26 16 15 42 45 28 37 
1 
2 11 
10 
3 37 34 
7 18 43 19 46 17 35 22 39 50 12 20 25 13 44 
6 
4 
5 36 30 41 32 26 16 31 40 21 27 11 47 17 23 24 14 
==============================

====== Algorithm Status ======
Valor:                3254
Time:                 503
nIter:                71
Best Iter:            71
Improvement Count:    70
==============================
Solution tour: 
0 
2 11 47 
1 
8 29 33 49 26 16 15 18 42 45 28 37 
3 
4 
6 38 34 22 
7 25 39 32 41 30 50 35 
10 
9 
5 36 5 17 23 7 12 20 44 13 29 33 49 26 16 26 31 40 21 27 48 19 46 43 24 14 
==============================

====== Algorithm Status ======
Valor:                3280
Time:                 1003
nIter:                131
Best Iter:            131
Improvement Count:    130
==============================
Solution tour: 
0 14 38 34 
8 29 33 22 33 49 26 16 15 18 43 42 45 28 37 
3 
2 11 47 
9 
10 19 46 25 24 23 35 
7 32 39 30 50 12 20 44 13 49 31 40 21 41 36 
5 17 5 
6 
1 
4 
==============================

====== Algorithm Status ======
Valor:                3390
Time:                 2005
nIter:                262
Best Iter:            262
Improvement Count:    261
==============================
Solution tour: 
0 14 25 35 38 34 
8 29 20 44 13 24 33 22 33 49 16 15 18 42 43 42 45 28 37 
3 
1 
2 11 47 
9 
10 46 19 17 23 
7 12 50 30 39 32 26 31 40 21 41 36 
5 
6 
4 
==============================

====== Algorithm Status ======
Valor:                3399
Time:                 4004
nIter:                518
Best Iter:            518
Improvement Count:    517
==============================
Solution tour: 
0 14 25 35 34 38 
8 29 24 20 44 13 49 33 22 33 16 15 18 42 43 42 45 28 37 
3 
4 
1 
2 11 47 
9 
10 46 19 17 23 
7 12 30 50 30 39 32 26 31 40 27 21 41 36 
5 
6 
==============================

====== Algorithm Status ======
Valor:                3409
Time:                 8000
nIter:                1027
Best Iter:            1027
Improvement Count:    1026
==============================
Solution tour: 
0 14 35 38 34 
1 
2 11 47 
9 
10 46 19 17 23 
7 25 12 30 50 30 39 32 26 31 40 27 21 41 36 
5 
6 
8 29 24 20 44 13 49 33 22 33 16 15 18 43 42 45 28 37 
3 
4 
==============================

====== Algorithm Status ======
Valor:                3423
Time:                 16012
nIter:                2067
Best Iter:            2067
Improvement Count:    2066
==============================
Solution tour: 
0 14 35 38 34 
8 29 24 29 20 44 13 49 33 22 33 16 15 18 42 43 42 45 28 37 
3 
4 
1 
2 11 47 
9 
10 46 19 17 23 
7 25 12 50 30 39 32 26 31 40 48 27 21 41 36 
5 
6 
==============================

====== Algorithm Status ======
Valor:                3423
Time:                 32001
nIter:                4025
Best Iter:            4025
Improvement Count:    4024
==============================
Solution tour: 
0 14 35 38 34 
8 29 24 29 20 44 13 49 33 22 33 16 15 18 42 43 42 45 28 37 
3 
4 
1 
2 11 47 
9 
10 46 19 17 23 
7 25 12 50 30 39 32 26 31 40 48 27 21 41 36 
5 
6 
==============================

====== Algorithm Status ======
Valor:                3423
Time:                 64001
nIter:                7707
Best Iter:            7707
Improvement Count:    7706
==============================
Solution tour: 
0 14 35 38 34 
8 29 24 29 20 44 13 49 33 22 33 16 15 18 42 43 42 45 28 37 
3 
4 
1 
2 11 47 
9 
10 46 19 17 23 
7 25 12 50 30 39 32 26 31 40 48 27 21 41 36 
5 
6 
==============================

====== Algorithm Status ======
Valor:                3424
Time:                 128004
nIter:                14528
Best Iter:            14528
Improvement Count:    14527
==============================
Solution tour: 
0 14 35 38 34 
8 29 24 29 20 44 13 49 33 22 33 16 15 18 42 43 42 45 28 37 
3 
4 
1 
2 11 47 
9 
10 46 19 17 23 
7 25 12 30 50 30 39 32 26 31 40 48 27 21 41 36 5 
==============================

====== Algorithm Status ======
Valor:                3424
Time:                 256003
nIter:                28995
Best Iter:            28995
Improvement Count:    28994
==============================
Solution tour: 
0 14 35 38 34 
8 29 24 29 20 44 13 49 33 22 33 16 15 18 42 43 42 45 28 37 
3 
4 
1 
2 11 47 
9 
10 46 19 17 23 
7 25 12 30 50 30 39 32 26 31 40 48 27 21 41 36 5 
==============================

====== Algorithm Status ======
Valor:                3424
Time:                 512000
nIter:                57374
Best Iter:            57374
Improvement Count:    57373
==============================
Solution tour: 
0 14 35 38 34 
8 29 24 29 20 44 13 49 33 22 33 16 15 18 42 43 42 45 28 37 
3 
4 
1 
2 11 47 
9 
10 46 19 17 23 
7 25 12 30 50 30 39 32 26 31 40 48 27 21 41 36 5 
==============================

====== Algorithm Status ======
Valor:                3424
Time:                 1024006
nIter:                114141
Best Iter:            114141
Improvement Count:    114142
==============================
Solution tour: 
0 14 35 38 34 
8 29 24 29 20 44 13 49 33 22 33 16 15 18 42 43 42 45 28 37 
3 
4 
1 
2 11 47 
9 
10 46 19 17 23 
7 25 12 30 50 30 39 32 26 31 40 48 27 21 41 36 5 
==============================

====== Algorithm Status ======
Valor:                3424
Time:                 1024006
nIter:                114141
Best Iter:            114141
Improvement Count:    114142
==============================
Solution tour: 
0 14 35 38 34 
8 29 24 29 20 44 13 49 33 22 33 16 15 18 42 43 42 45 28 37 
3 
4 
1 
2 11 47 
9 
10 46 19 17 23 
7 25 12 30 50 30 39 32 26 31 40 48 27 21 41 36 5 
==============================

