=========== Input ===========
File name:                ./instances/realistic-instances/20-25-1762875.cdop
Total node count:         46
Truck node count:         20
Drone node count:         25
=============================

========== Settings ==========
Settings file:        ./settings/Memetic_MPX_1287823.config
Seed:                 1287823
Reduction method:     -
Max iter:             1024000
Population size:      13
Crossover:            MA-MPX
Local Search:         LS
Warm Start:           -
==============================

====== Algorithm Status ======
Valor:                2113
Time:                 250
nIter:                44
Best Iter:            44
Improvement Count:    43
==============================
Solution tour: 
0 
9 33 40 44 26 41 18 20 23 36 
20 
1 
7 8 
4 8 
5 25 38 27 
17 
15 
6 
3 
11 
10 
14 
18 
19 42 45 22 21 37 43 32 16 
13 
16 17 
8 7 
12 28 30 29 
2 
==============================

====== Algorithm Status ======
Valor:                2225
Time:                 504
nIter:                87
Best Iter:            87
Improvement Count:    86
==============================
Solution tour: 
0 
1 
6 
3 
11 
4 
7 
5 25 38 27 35 
17 
15 
10 
14 10 
18 
19 42 24 45 22 21 37 43 32 33 16 
13 
16 17 
8 7 
12 28 30 29 44 
9 33 40 44 41 26 41 18 20 23 36 
20 
2 
==============================

====== Algorithm Status ======
Valor:                2286
Time:                 1001
nIter:                173
Best Iter:            173
Improvement Count:    172
==============================
Solution tour: 
0 
4 
12 
7 
5 25 38 27 35 
18 
19 22 37 21 34 24 42 45 43 32 33 16 
13 
16 
20 
17 
15 
10 
14 10 
1 
2 
9 44 29 30 28 33 40 44 41 26 41 18 20 23 20 36 20 
6 
3 
11 
==============================

====== Algorithm Status ======
Valor:                2318
Time:                 2005
nIter:                333
Best Iter:            333
Improvement Count:    332
==============================
Solution tour: 
0 
4 
12 
7 
5 25 38 27 35 13 
18 
19 22 37 21 34 24 42 45 43 32 33 16 
13 
16 
20 
17 
15 
10 
14 10 
1 
2 
9 44 29 30 28 33 40 44 41 26 41 18 20 23 20 36 20 
6 
3 
==============================

====== Algorithm Status ======
Valor:                2318
Time:                 4000
nIter:                658
Best Iter:            658
Improvement Count:    657
==============================
Solution tour: 
0 
4 
12 
7 
5 25 38 27 35 13 
18 
19 22 37 21 34 24 42 45 43 32 33 16 
13 
16 
20 
17 
15 
10 
14 10 
1 
2 
9 44 29 30 28 33 40 44 41 26 41 18 20 23 20 36 20 
6 
3 
==============================

====== Algorithm Status ======
Valor:                2318
Time:                 8001
nIter:                1293
Best Iter:            1293
Improvement Count:    1292
==============================
Solution tour: 
0 
4 
12 
7 
5 25 38 27 35 13 
18 
19 22 37 21 34 24 42 45 43 32 33 16 
13 
16 
20 
17 
15 
10 
14 10 
1 
2 
9 44 29 30 28 33 40 44 41 26 41 18 20 23 20 36 20 
6 
3 
==============================

====== Algorithm Status ======
Valor:                2377
Time:                 16004
nIter:                2577
Best Iter:            2577
Improvement Count:    2576
==============================
Solution tour: 
0 
1 
4 0 
11 
6 
3 
5 25 38 36 35 13 
18 
19 42 24 45 34 26 22 37 21 32 43 20 23 26 41 44 40 33 16 
13 
16 33 40 18 28 30 29 44 
9 
20 
17 
15 17 
8 
10 
14 
12 
7 8 
==============================

====== Algorithm Status ======
Valor:                2419
Time:                 32000
nIter:                5153
Best Iter:            5153
Improvement Count:    5152
==============================
Solution tour: 
0 
11 
6 
3 
5 25 38 35 16 
18 
19 42 24 45 34 26 22 37 21 32 43 20 23 26 41 44 40 33 16 
13 
16 33 40 18 28 30 29 44 
9 20 36 
20 
17 
15 17 
8 
10 
14 
12 
7 8 
1 
2 
==============================

====== Algorithm Status ======
Valor:                2466
Time:                 64003
nIter:                10505
Best Iter:            10505
Improvement Count:    10504
==============================
Solution tour: 
0 
11 
6 
3 
5 25 38 35 16 
18 
19 42 24 45 34 26 22 37 21 32 43 20 23 26 41 44 40 33 16 
13 
16 33 40 18 28 30 29 44 
9 
4 20 36 
20 
17 
8 7 14 
10 
14 
12 
7 8 
1 
2 
==============================

====== Algorithm Status ======
Valor:                2476
Time:                 128004
nIter:                21905
Best Iter:            21905
Improvement Count:    21904
==============================
Solution tour: 
0 
11 
6 
3 
5 25 38 27 35 16 
18 
19 42 24 45 34 26 22 37 21 32 43 20 23 26 41 44 40 33 16 
13 
16 33 40 18 28 30 29 44 
9 
4 20 36 
20 
17 
8 7 14 
10 
14 
12 
7 8 
1 
==============================

====== Algorithm Status ======
Valor:                2476
Time:                 256002
nIter:                42307
Best Iter:            42307
Improvement Count:    42306
==============================
Solution tour: 
0 
11 
6 
3 
5 25 38 27 35 16 
18 
19 42 24 45 34 26 22 37 21 32 43 20 23 26 41 44 40 33 16 
13 
16 33 40 18 28 30 29 44 
9 
4 20 36 
20 
17 
8 7 14 
10 
14 
12 
7 8 
1 
==============================

====== Algorithm Status ======
Valor:                2476
Time:                 512002
nIter:                85560
Best Iter:            85560
Improvement Count:    85559
==============================
Solution tour: 
0 
11 
6 
3 
5 25 38 27 35 16 
18 
19 42 24 45 34 26 22 37 21 32 43 20 23 26 41 44 40 33 16 
13 
16 33 40 18 28 30 29 44 
9 
4 20 36 
20 
17 
8 7 14 
10 
14 
12 
7 8 
1 
==============================

====== Algorithm Status ======
Valor:                2476
Time:                 1024006
nIter:                170205
Best Iter:            170205
Improvement Count:    170206
==============================
Solution tour: 
0 
11 
6 
3 
5 25 38 27 35 16 
18 
19 42 24 45 34 26 22 37 21 32 43 20 23 26 41 44 40 33 16 
13 
16 33 40 18 28 30 29 44 
9 
4 20 36 
20 
17 
8 7 14 
10 
14 
12 
7 8 
1 
==============================

====== Algorithm Status ======
Valor:                2476
Time:                 1024006
nIter:                170205
Best Iter:            170205
Improvement Count:    170206
==============================
Solution tour: 
0 
11 
6 
3 
5 25 38 27 35 16 
18 
19 42 24 45 34 26 22 37 21 32 43 20 23 26 41 44 40 33 16 
13 
16 33 40 18 28 30 29 44 
9 
4 20 36 
20 
17 
8 7 14 
10 
14 
12 
7 8 
1 
==============================

