=========== Input ===========
File name:                ./instances/realistic-instances/25-25-1110588.cdop
Total node count:         51
Truck node count:         25
Drone node count:         25
=============================

========== Settings ==========
Settings file:        ./settings/Memetic_MPX_1287823.config
Seed:                 1287823
Reduction method:     -
Max iter:             1024000
Population size:      13
Crossover:            MA-MPX
Local Search:         LS
Warm Start:           -
==============================

====== Algorithm Status ======
Valor:                2117
Time:                 252
nIter:                41
Best Iter:            41
Improvement Count:    40
==============================
Solution tour: 
0 30 40 16 31 39 29 37 44 43 4 
8 
9 
23 50 
20 48 
25 42 46 45 41 34 
4 
5 7 
22 
16 
15 
14 1 
2 
1 
13 36 39 29 47 35 33 37 27 22 
11 
3 38 32 
12 32 28 26 
24 
21 
17 
19 28 25 48 
18 
7 
6 9 
10 
==============================

====== Algorithm Status ======
Valor:                2149
Time:                 500
nIter:                78
Best Iter:            78
Improvement Count:    77
==============================
Solution tour: 
0 30 31 
16 40 26 40 
15 
14 1 
2 
1 
13 36 29 39 47 35 33 37 
24 
21 
17 
19 28 25 
18 
22 12 41 
12 
11 
10 
9 
8 9 
6 1 
3 38 32 
20 
23 50 
25 42 34 43 
4 
7 
5 
==============================

====== Algorithm Status ======
Valor:                2347
Time:                 1002
nIter:                173
Best Iter:            173
Improvement Count:    172
==============================
Solution tour: 
0 3 31 
16 40 26 40 30 
14 
15 
13 36 29 39 47 35 33 37 44 49 
24 
21 
17 
19 28 25 
18 
22 34 46 45 41 
12 
11 
10 
9 
8 9 
6 
7 
5 
3 38 32 
20 50 
23 
25 42 48 33 43 
4 
2 
1 
==============================

====== Algorithm Status ======
Valor:                2351
Time:                 2000
nIter:                338
Best Iter:            338
Improvement Count:    337
==============================
Solution tour: 
0 
14 
15 
13 36 47 35 44 37 
24 
21 
17 
19 25 
18 
22 34 46 45 41 
12 
11 
10 
9 
8 9 
6 
7 
5 
3 38 32 
20 50 
23 28 
16 40 26 40 30 31 39 29 18 
25 42 48 33 43 
4 
==============================

====== Algorithm Status ======
Valor:                2351
Time:                 4002
nIter:                664
Best Iter:            664
Improvement Count:    663
==============================
Solution tour: 
0 
14 
15 
13 36 47 35 44 37 
24 
21 
17 
19 25 
18 
22 34 46 45 41 
12 
11 
10 
9 
8 9 
6 
7 
5 
3 38 32 
20 50 
23 28 
16 40 26 40 30 31 39 29 18 
25 42 48 33 43 
4 
==============================

====== Algorithm Status ======
Valor:                2351
Time:                 8003
nIter:                1307
Best Iter:            1307
Improvement Count:    1306
==============================
Solution tour: 
0 
14 
15 
13 36 47 35 44 37 
24 
21 
17 
19 25 
18 
22 34 46 45 41 
12 
11 
10 
9 
8 9 
6 
7 
5 
3 38 32 
20 50 
23 28 
16 40 26 40 30 31 39 29 18 
25 42 48 33 43 
4 
==============================

====== Algorithm Status ======
Valor:                2351
Time:                 16000
nIter:                2608
Best Iter:            2608
Improvement Count:    2607
==============================
Solution tour: 
0 
14 
15 
13 36 47 35 44 37 
24 
21 
17 
19 25 
18 
22 34 46 45 41 
12 
11 
10 
9 
8 9 
6 
7 
5 
3 38 32 
20 50 
23 28 
16 40 26 40 30 31 39 29 18 
25 42 48 33 43 
4 
==============================

====== Algorithm Status ======
Valor:                2351
Time:                 32004
nIter:                5126
Best Iter:            5126
Improvement Count:    5125
==============================
Solution tour: 
0 
14 
15 
13 36 47 35 44 37 
24 
21 
17 
19 25 
18 
22 34 46 45 41 
12 
11 
10 
9 
8 9 
6 
7 
5 
3 38 32 
20 50 
23 28 
16 40 26 40 30 31 39 29 18 
25 42 48 33 43 
4 
==============================

====== Algorithm Status ======
Valor:                2351
Time:                 64002
nIter:                9902
Best Iter:            9902
Improvement Count:    9901
==============================
Solution tour: 
0 
14 
15 
13 36 47 35 44 37 
24 
21 
17 
19 25 
18 
22 34 46 45 41 
12 
11 
10 
9 
8 9 
6 
7 
5 
3 38 32 
20 50 
23 28 
16 40 26 40 30 31 39 29 18 
25 42 48 33 43 
4 
==============================

====== Algorithm Status ======
Valor:                2351
Time:                 128002
nIter:                18867
Best Iter:            18867
Improvement Count:    18866
==============================
Solution tour: 
0 
14 
15 
13 36 47 35 44 37 
24 
21 
17 
19 25 
18 
22 34 46 45 41 
12 
11 
10 
9 
8 9 
6 
7 
5 
3 38 32 
20 50 
23 28 
16 40 26 40 30 31 39 29 18 
25 42 48 33 43 
4 
==============================

====== Algorithm Status ======
Valor:                2351
Time:                 256007
nIter:                38994
Best Iter:            38994
Improvement Count:    38993
==============================
Solution tour: 
0 
14 
15 
13 36 47 35 44 37 
24 
21 
17 
19 25 
18 
22 34 46 45 41 
12 
11 
10 
9 
8 9 
6 
7 
5 
3 38 32 
20 50 
23 28 
16 40 26 40 30 31 39 29 18 
25 42 48 33 43 
4 
==============================

====== Algorithm Status ======
Valor:                2422
Time:                 512003
nIter:                76559
Best Iter:            76559
Improvement Count:    76558
==============================
Solution tour: 
0 
7 
5 18 
25 42 41 46 45 34 4 
2 
1 
14 
22 27 44 50 
23 9 
4 
13 36 39 29 47 35 
24 26 24 
21 
17 
16 40 30 40 16 31 
3 38 32 
20 
19 28 25 
18 
15 
12 32 48 33 37 43 4 
11 
10 
9 
==============================

====== Algorithm Status ======
Valor:                2422
Time:                 1024005
nIter:                149303
Best Iter:            149303
Improvement Count:    149304
==============================
Solution tour: 
0 
7 
5 18 
25 42 41 46 45 34 4 
2 
1 
14 
22 27 44 50 
23 9 
4 
13 36 39 29 47 35 
24 26 24 
21 
17 
16 40 30 40 16 31 
3 38 32 
20 
19 28 25 
18 
15 
12 32 48 33 37 43 4 
11 
10 
9 
==============================

====== Algorithm Status ======
Valor:                2422
Time:                 1024005
nIter:                149303
Best Iter:            149303
Improvement Count:    149304
==============================
Solution tour: 
0 
7 
5 18 
25 42 41 46 45 34 4 
2 
1 
14 
22 27 44 50 
23 9 
4 
13 36 39 29 47 35 
24 26 24 
21 
17 
16 40 30 40 16 31 
3 38 32 
20 
19 28 25 
18 
15 
12 32 48 33 37 43 4 
11 
10 
9 
==============================

