=========== Input ===========
File name:                ./instances/realistic-instances/20-10-1110588.cdop
Total node count:         31
Truck node count:         20
Drone node count:         10
=============================

========== Settings ==========
Settings file:        ./settings/Memetic_MPX_1287823.config
Seed:                 1287823
Reduction method:     -
Max iter:             1024000
Population size:      13
Crossover:            MA-MPX
Local Search:         LS
Warm Start:           -
==============================

====== Algorithm Status ======
Valor:                1647
Time:                 251
nIter:                103
Best Iter:            103
Improvement Count:    102
==============================
Solution tour: 
0 
7 
20 7 
8 
2 
15 
12 3 26 21 
1 22 29 24 
3 24 
16 30 4 30 
19 27 11 25 
11 
10 
6 25 23 
18 22 
4 22 
13 22 
17 28 
5 26 
9 
==============================

====== Algorithm Status ======
Valor:                1647
Time:                 500
nIter:                204
Best Iter:            204
Improvement Count:    203
==============================
Solution tour: 
0 
7 
20 7 
8 
2 
15 
12 3 26 21 
1 22 29 24 
3 24 
16 30 4 30 
19 27 11 25 
11 
10 
6 25 23 
18 22 
4 22 
13 22 
17 28 
5 26 
9 
==============================

====== Algorithm Status ======
Valor:                1647
Time:                 1001
nIter:                410
Best Iter:            410
Improvement Count:    409
==============================
Solution tour: 
0 
7 
20 7 
8 
2 
15 
12 3 26 21 
1 22 29 24 
3 24 
16 30 4 30 
19 27 11 25 
11 
10 
6 25 23 
18 22 
4 22 
13 22 
17 28 
5 26 
9 
==============================

====== Algorithm Status ======
Valor:                1647
Time:                 2001
nIter:                801
Best Iter:            801
Improvement Count:    800
==============================
Solution tour: 
0 
7 
20 7 
8 
2 
15 
12 3 26 21 
1 22 29 24 
3 24 
16 30 4 30 
19 27 11 25 
11 
10 
6 25 23 
18 22 
4 22 
13 22 
17 28 
5 26 
9 
==============================

====== Algorithm Status ======
Valor:                1647
Time:                 4000
nIter:                1609
Best Iter:            1609
Improvement Count:    1608
==============================
Solution tour: 
0 
7 
20 7 
8 
2 
15 
12 3 26 21 
1 22 29 24 
3 24 
16 30 4 30 
19 27 11 25 
11 
10 
6 25 23 
18 22 
4 22 
13 22 
17 28 
5 26 
9 
==============================

====== Algorithm Status ======
Valor:                1675
Time:                 8001
nIter:                3170
Best Iter:            3170
Improvement Count:    3169
==============================
Solution tour: 
0 
7 
20 7 
8 
2 
15 
12 3 26 21 
1 22 29 24 
3 24 
16 30 4 30 28 
19 27 11 25 
11 
10 
6 25 23 
18 22 
13 22 
17 
4 28 
5 
9 12 
==============================

====== Algorithm Status ======
Valor:                1675
Time:                 16000
nIter:                6247
Best Iter:            6247
Improvement Count:    6246
==============================
Solution tour: 
0 
7 
20 7 
8 
2 
15 
12 3 26 21 
1 22 29 24 
3 24 
16 30 4 30 28 
19 27 11 25 
11 
10 
6 25 23 
18 22 
13 22 
17 
4 28 
5 
9 12 
==============================

====== Algorithm Status ======
Valor:                1695
Time:                 32001
nIter:                12088
Best Iter:            12088
Improvement Count:    12087
==============================
Solution tour: 
0 
7 
20 7 
8 
2 
15 
12 3 26 15 21 
1 22 29 24 
3 24 
16 30 4 30 28 
19 27 11 25 
11 
10 
6 25 23 
18 22 
13 22 
17 
4 28 
14 
==============================

====== Algorithm Status ======
Valor:                1754
Time:                 64001
nIter:                23410
Best Iter:            23410
Improvement Count:    23409
==============================
Solution tour: 
0 
6 25 23 
18 22 
13 22 
17 
4 30 
16 
2 
14 
8 14 28 
5 26 21 
15 
12 15 21 20 7 20 
1 22 29 
19 27 11 25 11 24 
3 24 
11 
10 12 
==============================

====== Algorithm Status ======
Valor:                1754
Time:                 128001
nIter:                47288
Best Iter:            47288
Improvement Count:    47287
==============================
Solution tour: 
0 
6 25 23 
18 22 
13 22 
17 
4 30 
16 
2 
14 
8 14 28 
5 26 21 
15 
12 15 21 20 7 20 
1 22 29 
19 27 11 25 11 24 
3 24 
11 
10 12 
==============================

====== Algorithm Status ======
Valor:                1754
Time:                 256001
nIter:                98424
Best Iter:            98424
Improvement Count:    98423
==============================
Solution tour: 
0 
6 25 23 
18 22 
13 22 
17 
4 30 
16 
2 
14 
8 14 28 
5 26 21 
15 
12 15 21 20 7 20 
1 22 29 
19 27 11 25 11 24 
3 24 
11 
10 12 
==============================

====== Algorithm Status ======
Valor:                1754
Time:                 512002
nIter:                195355
Best Iter:            195355
Improvement Count:    195354
==============================
Solution tour: 
0 
6 25 23 
18 22 
13 22 
17 
4 30 
16 
2 
14 
8 14 28 
5 26 21 
15 
12 15 21 20 7 20 
1 22 29 
19 27 11 25 11 24 
3 24 
11 
10 12 
==============================

====== Algorithm Status ======
Valor:                1754
Time:                 1024002
nIter:                390294
Best Iter:            390294
Improvement Count:    390295
==============================
Solution tour: 
0 
6 25 23 
18 22 
13 22 
17 
4 30 
16 
2 
14 
8 14 28 
5 26 21 
15 
12 15 21 20 7 20 
1 22 29 
19 27 11 25 11 24 
3 24 
11 
10 12 
==============================

====== Algorithm Status ======
Valor:                1754
Time:                 1024002
nIter:                390294
Best Iter:            390294
Improvement Count:    390295
==============================
Solution tour: 
0 
6 25 23 
18 22 
13 22 
17 
4 30 
16 
2 
14 
8 14 28 
5 26 21 
15 
12 15 21 20 7 20 
1 22 29 
19 27 11 25 11 24 
3 24 
11 
10 12 
==============================

