=========== Input ===========
File name:                ./instances/realistic-instances/25-10-1767920.cdop
Total node count:         36
Truck node count:         25
Drone node count:         10
=============================

========== Settings ==========
Settings file:        ./settings/Memetic_MMX_1099666.config
Seed:                 1099666
Reduction method:     -
Max iter:             1024000
Population size:      13
Crossover:            MA-MMX
Local Search:         LS
Warm Start:           -
==============================

====== Algorithm Status ======
Valor:                2091
Time:                 253
nIter:                95
Best Iter:            95
Improvement Count:    94
==============================
Solution tour: 
0 20 35 33 34 28 
24 19 24 28 14 
11 9 32 29 31 15 30 15 1 
15 31 27 8 22 8 26 8 
==============================

====== Algorithm Status ======
Valor:                2131
Time:                 503
nIter:                199
Best Iter:            199
Improvement Count:    198
==============================
Solution tour: 
0 20 35 27 33 34 29 
24 19 24 28 14 
11 9 32 31 15 1 
15 30 15 31 8 22 
8 26 8 
==============================

====== Algorithm Status ======
Valor:                2131
Time:                 1000
nIter:                401
Best Iter:            401
Improvement Count:    400
==============================
Solution tour: 
0 20 35 27 33 34 29 
24 19 24 28 14 
11 9 32 31 15 1 
15 30 15 31 8 22 
8 26 8 
==============================

====== Algorithm Status ======
Valor:                2131
Time:                 2001
nIter:                787
Best Iter:            787
Improvement Count:    786
==============================
Solution tour: 
0 20 35 27 33 34 29 
24 19 24 28 14 
11 9 32 31 15 1 
15 30 15 31 8 22 
8 26 8 
==============================

====== Algorithm Status ======
Valor:                2132
Time:                 4000
nIter:                1599
Best Iter:            1599
Improvement Count:    1598
==============================
Solution tour: 
0 20 35 33 34 29 
24 19 24 28 14 
11 9 32 31 15 1 
15 30 15 31 27 22 5 22 
8 26 8 
==============================

====== Algorithm Status ======
Valor:                2156
Time:                 8001
nIter:                3130
Best Iter:            3130
Improvement Count:    3129
==============================
Solution tour: 
0 20 35 33 34 33 29 2 29 
24 19 24 28 14 
11 9 32 31 15 1 
15 30 27 22 
8 26 8 
==============================

====== Algorithm Status ======
Valor:                2156
Time:                 16001
nIter:                6251
Best Iter:            6251
Improvement Count:    6250
==============================
Solution tour: 
0 20 35 33 34 33 29 2 29 
24 19 24 28 14 
11 9 32 31 15 1 
15 30 27 22 
8 26 8 
==============================

====== Algorithm Status ======
Valor:                2156
Time:                 32002
nIter:                12277
Best Iter:            12277
Improvement Count:    12276
==============================
Solution tour: 
0 20 35 33 34 33 29 2 29 
24 19 24 28 14 
11 9 32 31 15 1 
15 30 27 22 
8 26 8 
==============================

====== Algorithm Status ======
Valor:                2156
Time:                 64000
nIter:                23542
Best Iter:            23542
Improvement Count:    23541
==============================
Solution tour: 
0 20 35 33 34 33 29 2 29 
24 19 24 28 14 
11 9 32 31 15 1 
15 30 27 22 
8 26 8 
==============================

====== Algorithm Status ======
Valor:                2156
Time:                 128001
nIter:                45029
Best Iter:            45029
Improvement Count:    45028
==============================
Solution tour: 
0 20 35 33 34 33 29 2 29 
24 19 24 28 14 
11 9 32 31 15 1 
15 30 27 22 
8 26 8 
==============================

====== Algorithm Status ======
Valor:                2162
Time:                 256001
nIter:                92048
Best Iter:            92048
Improvement Count:    92047
==============================
Solution tour: 
0 20 35 27 33 34 24 29 2 29 
24 19 24 28 14 
11 9 32 31 15 1 
15 30 26 8 3 13 3 
==============================

====== Algorithm Status ======
Valor:                2162
Time:                 512000
nIter:                185108
Best Iter:            185108
Improvement Count:    185107
==============================
Solution tour: 
0 20 35 27 33 34 24 29 2 29 
24 19 24 28 14 
11 9 32 31 15 1 
15 30 26 8 3 13 3 
==============================

====== Algorithm Status ======
Valor:                2162
Time:                 1024001
nIter:                369893
Best Iter:            369893
Improvement Count:    369894
==============================
Solution tour: 
0 20 35 27 33 34 24 29 2 29 
24 19 24 28 14 
11 9 32 31 15 1 
15 30 26 8 3 13 3 
==============================

====== Algorithm Status ======
Valor:                2162
Time:                 1024001
nIter:                369893
Best Iter:            369893
Improvement Count:    369894
==============================
Solution tour: 
0 20 35 27 33 34 24 29 2 29 
24 19 24 28 14 
11 9 32 31 15 1 
15 30 26 8 3 13 3 
==============================

