=========== Input ===========
File name:                ./instances/realistic-instances/25-10-1917698.cdop
Total node count:         36
Truck node count:         25
Drone node count:         10
=============================

========== Settings ==========
Settings file:        ./settings/Memetic_MPX_1099666.config
Seed:                 1099666
Reduction method:     -
Max iter:             1024000
Population size:      13
Crossover:            MA-MPX
Local Search:         LS
Warm Start:           -
==============================

====== Algorithm Status ======
Valor:                1543
Time:                 252
nIter:                101
Best Iter:            101
Improvement Count:    100
==============================
Solution tour: 
0 
25 30 11 30 
18 31 
3 31 
19 30 35 
10 
11 
2 
13 
1 3 
24 
8 33 27 
14 
15 
12 32 
4 
17 12 
16 
22 9 26 
21 
20 
23 
5 
7 28 30 
==============================

====== Algorithm Status ======
Valor:                1555
Time:                 501
nIter:                216
Best Iter:            216
Improvement Count:    215
==============================
Solution tour: 
0 29 28 
19 35 
10 34 
11 
2 
13 
6 9 
7 
1 
24 
8 33 27 
14 
15 
12 32 
4 
17 12 
16 
22 9 26 
21 
20 
5 
23 
25 30 11 30 
18 
3 31 3 
==============================

====== Algorithm Status ======
Valor:                1589
Time:                 1000
nIter:                426
Best Iter:            426
Improvement Count:    425
==============================
Solution tour: 
0 31 28 
19 35 
10 34 
11 
2 
13 
6 
7 
1 3 
24 
8 33 27 
14 
15 
12 32 29 
4 
17 12 
16 
22 9 26 
21 
20 
5 
23 
25 30 11 30 
18 
3 31 3 
==============================

====== Algorithm Status ======
Valor:                1603
Time:                 2001
nIter:                845
Best Iter:            845
Improvement Count:    844
==============================
Solution tour: 
0 31 28 
19 35 
10 34 11 30 
11 
2 
13 
6 
7 
1 3 
24 
8 33 27 
14 
15 
12 32 29 32 
4 
17 12 
16 
22 9 26 
21 6 
9 6 
20 
5 
23 
==============================

====== Algorithm Status ======
Valor:                1603
Time:                 4000
nIter:                1659
Best Iter:            1659
Improvement Count:    1658
==============================
Solution tour: 
0 31 28 
19 35 
10 34 11 30 
11 
2 
13 
6 
7 
1 3 
24 
8 33 27 
14 
15 
12 32 29 32 
4 
17 12 
16 
22 9 26 
21 6 
9 6 
20 
5 
23 
==============================

====== Algorithm Status ======
Valor:                1603
Time:                 8000
nIter:                3310
Best Iter:            3310
Improvement Count:    3309
==============================
Solution tour: 
0 31 28 
19 35 
10 34 11 30 
11 
2 
13 
6 
7 
1 3 
24 
8 33 27 
14 
15 
12 32 29 32 
4 
17 12 
16 
22 9 26 
21 6 
9 6 
20 
5 
23 
==============================

====== Algorithm Status ======
Valor:                1603
Time:                 16001
nIter:                6627
Best Iter:            6627
Improvement Count:    6626
==============================
Solution tour: 
0 31 28 
19 35 
10 34 11 30 
11 
2 
13 
6 
7 
1 3 
24 
8 33 27 
14 
15 
12 32 29 32 
4 
17 12 
16 
22 9 26 
21 6 
9 6 
20 
5 
23 
==============================

====== Algorithm Status ======
Valor:                1614
Time:                 32000
nIter:                12919
Best Iter:            12919
Improvement Count:    12918
==============================
Solution tour: 
0 29 35 
10 34 11 30 
11 2 18 
3 
25 30 28 
7 1 
13 
1 3 
24 
8 33 27 
14 
12 17 
19 31 32 
4 
17 12 
16 
22 
21 6 
9 
6 
20 
5 
23 
==============================

====== Algorithm Status ======
Valor:                1614
Time:                 64001
nIter:                24909
Best Iter:            24909
Improvement Count:    24908
==============================
Solution tour: 
0 29 35 
10 34 11 30 
11 2 18 
3 
25 30 28 
7 1 
13 
1 3 
24 
8 33 27 
14 
12 17 
19 31 32 
4 
17 12 
16 
22 
21 6 
9 
6 
20 
5 
23 
==============================

====== Algorithm Status ======
Valor:                1614
Time:                 128000
nIter:                47193
Best Iter:            47193
Improvement Count:    47192
==============================
Solution tour: 
0 29 35 
10 34 11 30 
11 2 18 
3 
25 30 28 
7 1 
13 
1 3 
24 
8 33 27 
14 
12 17 
19 31 32 
4 
17 12 
16 
22 
21 6 
9 
6 
20 
5 
23 
==============================

====== Algorithm Status ======
Valor:                1655
Time:                 256002
nIter:                94968
Best Iter:            94968
Improvement Count:    94967
==============================
Solution tour: 
0 
1 
18 28 29 1 
13 1 3 
24 
8 33 27 
15 
14 
12 17 
19 32 
4 
17 12 
16 
22 14 
25 30 
7 31 
3 31 35 
10 35 30 
11 34 26 
9 
6 
20 
5 
23 
==============================

====== Algorithm Status ======
Valor:                1655
Time:                 512001
nIter:                187357
Best Iter:            187357
Improvement Count:    187356
==============================
Solution tour: 
0 
1 
18 28 29 1 
13 1 3 
24 
8 33 27 
15 
14 
12 17 
19 32 
4 
17 12 
16 
22 14 
25 30 
7 31 
3 31 35 
10 35 30 
11 34 26 
9 
6 
20 
5 
23 
==============================

====== Algorithm Status ======
Valor:                1655
Time:                 1024003
nIter:                373412
Best Iter:            373412
Improvement Count:    373413
==============================
Solution tour: 
0 
1 
18 28 29 1 
13 1 3 
24 
8 33 27 
15 
14 
12 17 
19 32 
4 
17 12 
16 
22 14 
25 30 
7 31 
3 31 35 
10 35 30 
11 34 26 
9 
6 
20 
5 
23 
==============================

====== Algorithm Status ======
Valor:                1655
Time:                 1024003
nIter:                373412
Best Iter:            373412
Improvement Count:    373413
==============================
Solution tour: 
0 
1 
18 28 29 1 
13 1 3 
24 
8 33 27 
15 
14 
12 17 
19 32 
4 
17 12 
16 
22 14 
25 30 
7 31 
3 31 35 
10 35 30 
11 34 26 
9 
6 
20 
5 
23 
==============================

