=========== Input ===========
File name:                ./instances/realistic-instances/25-10-1110588.cdop
Total node count:         36
Truck node count:         25
Drone node count:         10
=============================

========== Settings ==========
Settings file:        ./settings/Memetic_MMX_1881515.config
Seed:                 1881515
Reduction method:     -
Max iter:             1024000
Population size:      13
Crossover:            MA-MMX
Local Search:         LS
Warm Start:           -
==============================

====== Algorithm Status ======
Valor:                2036
Time:                 251
nIter:                70
Best Iter:            70
Improvement Count:    69
==============================
Solution tour: 
0 34 26 27 32 35 6 35 32 17 
22 17 4 13 33 13 
4 29 32 27 28 
1 28 31 8 31 3 23 
3 0 
12 
==============================

====== Algorithm Status ======
Valor:                2074
Time:                 500
nIter:                140
Best Iter:            140
Improvement Count:    139
==============================
Solution tour: 
0 34 30 34 26 32 27 35 6 35 32 35 17 
22 17 13 4 13 33 29 27 28 
1 28 31 8 31 3 23 
3 0 
12 
==============================

====== Algorithm Status ======
Valor:                2080
Time:                 1000
nIter:                291
Best Iter:            291
Improvement Count:    290
==============================
Solution tour: 
0 34 30 34 26 27 32 27 35 6 35 32 35 17 
22 17 13 4 13 33 29 28 
1 28 31 8 31 3 23 
3 0 
12 
==============================

====== Algorithm Status ======
Valor:                2082
Time:                 2001
nIter:                570
Best Iter:            570
Improvement Count:    569
==============================
Solution tour: 
0 29 34 30 26 34 26 27 32 27 35 6 35 32 35 17 
22 17 13 4 13 33 27 28 
1 28 31 8 31 3 23 
3 0 
12 
==============================

====== Algorithm Status ======
Valor:                2087
Time:                 4002
nIter:                1163
Best Iter:            1163
Improvement Count:    1162
==============================
Solution tour: 
0 29 34 30 34 26 27 35 6 35 32 35 17 
22 17 33 13 4 13 33 27 28 
1 28 31 8 31 3 23 
3 0 
12 
==============================

====== Algorithm Status ======
Valor:                2087
Time:                 8000
nIter:                2325
Best Iter:            2325
Improvement Count:    2324
==============================
Solution tour: 
0 29 34 30 34 26 27 35 6 35 32 35 17 
22 17 33 13 4 13 33 27 28 
1 28 31 8 31 3 23 
3 0 
12 
==============================

====== Algorithm Status ======
Valor:                2089
Time:                 16002
nIter:                4616
Best Iter:            4616
Improvement Count:    4615
==============================
Solution tour: 
0 29 34 30 34 26 27 35 6 35 17 
22 17 32 35 32 27 33 13 4 13 33 27 28 
1 28 31 8 31 3 23 3 0 
12 
==============================

====== Algorithm Status ======
Valor:                2089
Time:                 32002
nIter:                9297
Best Iter:            9297
Improvement Count:    9296
==============================
Solution tour: 
0 29 34 30 34 26 27 35 6 35 17 
22 17 32 35 32 27 33 13 4 13 33 27 28 
1 28 31 8 31 3 23 3 0 
12 
==============================

====== Algorithm Status ======
Valor:                2089
Time:                 64004
nIter:                19192
Best Iter:            19192
Improvement Count:    19191
==============================
Solution tour: 
0 29 34 30 34 26 27 35 6 35 17 
22 17 32 35 32 27 33 13 4 13 33 27 28 
1 28 31 8 31 3 23 3 0 
12 
==============================

====== Algorithm Status ======
Valor:                2105
Time:                 128003
nIter:                40047
Best Iter:            40047
Improvement Count:    40046
==============================
Solution tour: 
0 12 31 28 1 28 26 34 29 34 26 27 35 32 35 6 35 17 
22 17 32 27 33 13 4 13 33 28 31 8 31 3 23 
3 
12 
==============================

====== Algorithm Status ======
Valor:                2105
Time:                 256000
nIter:                76042
Best Iter:            76042
Improvement Count:    76041
==============================
Solution tour: 
0 12 31 28 1 28 26 34 29 34 26 27 35 32 35 6 35 17 
22 17 32 27 33 13 4 13 33 28 31 8 31 3 23 
3 
12 
==============================

====== Algorithm Status ======
Valor:                2105
Time:                 512002
nIter:                152258
Best Iter:            152258
Improvement Count:    152257
==============================
Solution tour: 
0 12 31 28 1 28 26 34 29 34 26 27 35 32 35 6 35 17 
22 17 32 27 33 13 4 13 33 28 31 8 31 3 23 
3 
12 
==============================

====== Algorithm Status ======
Valor:                2109
Time:                 1024002
nIter:                305380
Best Iter:            305380
Improvement Count:    305381
==============================
Solution tour: 
0 12 31 28 
1 28 26 34 30 34 29 34 26 27 32 35 6 35 32 17 
22 17 13 4 13 33 28 31 8 31 3 23 
3 
12 
==============================

====== Algorithm Status ======
Valor:                2109
Time:                 1024002
nIter:                305380
Best Iter:            305380
Improvement Count:    305381
==============================
Solution tour: 
0 12 31 28 
1 28 26 34 30 34 29 34 26 27 32 35 6 35 32 17 
22 17 13 4 13 33 28 31 8 31 3 23 
3 
12 
==============================

