=========== Input ===========
File name:                ./instances/realistic-instances/25-25-1891798.cdop
Total node count:         51
Truck node count:         25
Drone node count:         25
=============================

========== Settings ==========
Settings file:        ./settings/Memetic_MMX_1287823.config
Seed:                 1287823
Reduction method:     -
Max iter:             1024000
Population size:      13
Crossover:            MA-MMX
Local Search:         LS
Warm Start:           -
==============================

====== Algorithm Status ======
Valor:                2684
Time:                 254
nIter:                34
Best Iter:            34
Improvement Count:    33
==============================
Solution tour: 
0 41 28 37 45 38 40 49 36 34 26 
22 29 33 31 35 48 36 44 31 33 27 46 32 
17 42 14 30 
3 
12 47 39 47 23 43 23 22 26 
5 
==============================

====== Algorithm Status ======
Valor:                2790
Time:                 502
nIter:                71
Best Iter:            71
Improvement Count:    70
==============================
Solution tour: 
0 41 8 28 37 45 38 40 49 36 34 26 
22 47 39 47 29 33 31 35 48 36 44 31 33 27 46 32 
17 42 14 30 23 43 23 22 26 
5 
==============================

====== Algorithm Status ======
Valor:                2842
Time:                 1018
nIter:                143
Best Iter:            143
Improvement Count:    142
==============================
Solution tour: 
0 41 30 15 8 28 37 45 38 40 49 36 37 34 26 
22 47 39 47 29 33 31 35 48 36 44 31 33 27 46 32 
17 42 14 42 43 23 43 
==============================

====== Algorithm Status ======
Valor:                2851
Time:                 2000
nIter:                281
Best Iter:            281
Improvement Count:    280
==============================
Solution tour: 
0 41 1 30 15 8 28 45 38 40 49 36 37 34 26 
22 47 39 47 29 33 31 35 48 36 44 31 33 27 46 32 
17 42 14 42 43 23 43 
==============================

====== Algorithm Status ======
Valor:                2869
Time:                 4003
nIter:                562
Best Iter:            562
Improvement Count:    561
==============================
Solution tour: 
0 41 1 30 15 8 28 37 45 49 38 40 34 26 
22 47 39 47 29 33 31 35 48 36 44 31 33 27 46 32 
17 42 14 42 43 23 43 
==============================

====== Algorithm Status ======
Valor:                2869
Time:                 8015
nIter:                1124
Best Iter:            1124
Improvement Count:    1123
==============================
Solution tour: 
0 41 1 30 15 8 28 37 45 49 38 40 34 26 
22 47 39 47 29 33 31 35 48 36 44 31 33 27 46 32 
17 42 14 42 43 23 43 
==============================

====== Algorithm Status ======
Valor:                2869
Time:                 16005
nIter:                2276
Best Iter:            2276
Improvement Count:    2275
==============================
Solution tour: 
0 41 1 30 15 8 28 37 45 49 38 40 34 26 
22 47 39 47 29 33 31 35 48 36 44 31 33 27 46 32 
17 42 14 42 43 23 43 
==============================

====== Algorithm Status ======
Valor:                2898
Time:                 32002
nIter:                4573
Best Iter:            4573
Improvement Count:    4572
==============================
Solution tour: 
0 41 28 
8 28 37 45 38 40 34 26 
22 47 39 47 29 30 33 31 33 27 46 32 
17 42 14 42 43 23 43 44 36 48 35 
==============================

====== Algorithm Status ======
Valor:                2898
Time:                 64001
nIter:                9569
Best Iter:            9569
Improvement Count:    9568
==============================
Solution tour: 
0 41 28 
8 28 37 45 38 40 34 26 
22 47 39 47 29 30 33 31 33 27 46 32 
17 42 14 42 43 23 43 44 36 48 35 
==============================

====== Algorithm Status ======
Valor:                2898
Time:                 128019
nIter:                20546
Best Iter:            20546
Improvement Count:    20545
==============================
Solution tour: 
0 41 28 
8 28 37 45 38 40 34 26 
22 47 39 47 29 30 33 31 33 27 46 32 
17 42 14 42 43 23 43 44 36 48 35 
==============================

====== Algorithm Status ======
Valor:                2898
Time:                 256000
nIter:                40666
Best Iter:            40666
Improvement Count:    40665
==============================
Solution tour: 
0 41 28 
8 28 37 45 38 40 34 26 
22 47 39 47 29 30 33 31 33 27 46 32 
17 42 14 42 43 23 43 44 36 48 35 
==============================

====== Algorithm Status ======
Valor:                2898
Time:                 512001
nIter:                81406
Best Iter:            81406
Improvement Count:    81405
==============================
Solution tour: 
0 41 28 
8 28 37 45 38 40 34 26 
22 47 39 47 29 30 33 31 33 27 46 32 
17 42 14 42 43 23 43 44 36 48 35 
==============================

====== Algorithm Status ======
Valor:                2898
Time:                 1024013
nIter:                162686
Best Iter:            162686
Improvement Count:    162687
==============================
Solution tour: 
0 41 28 
8 28 37 45 38 40 34 26 
22 47 39 47 29 30 33 31 33 27 46 32 
17 42 14 42 43 23 43 44 36 48 35 
==============================

====== Algorithm Status ======
Valor:                2898
Time:                 1024013
nIter:                162686
Best Iter:            162686
Improvement Count:    162687
==============================
Solution tour: 
0 41 28 
8 28 37 45 38 40 34 26 
22 47 39 47 29 30 33 31 33 27 46 32 
17 42 14 42 43 23 43 44 36 48 35 
==============================

