=========== Input ===========
File name:                ./instances/realistic-instances/20-10-1762875.cdop
Total node count:         31
Truck node count:         20
Drone node count:         10
=============================

========== Settings ==========
Settings file:        ./settings/Memetic-LS_MPX_1287823.config
Seed:                 1287823
Reduction method:     -
Max iter:             1024000
Population size:      13
Crossover:            MA-MPX
Local Search:         -
Warm Start:           -
==============================

====== Algorithm Status ======
Valor:                1313
Time:                 250
nIter:                434
Best Iter:            434
Improvement Count:    433
==============================
Solution tour: 
0 
2 22 2 
9 29 
8 
18 30 
17 23 28 
12 
5 
1 
15 
6 
13 
4 
14 25 
16 
10 
19 24 26 
11 
20 
3 
7 
==============================

====== Algorithm Status ======
Valor:                1355
Time:                 500
nIter:                897
Best Iter:            897
Improvement Count:    896
==============================
Solution tour: 
0 
3 
9 29 
8 
18 30 
17 23 28 
12 
13 
6 
15 
1 
7 
4 
14 25 
16 
10 
5 
2 22 2 
19 24 26 
11 
20 
==============================

====== Algorithm Status ======
Valor:                1356
Time:                 1000
nIter:                1816
Best Iter:            1816
Improvement Count:    1815
==============================
Solution tour: 
0 
7 
4 
14 25 
16 
10 
5 
2 22 2 
19 24 26 
11 
20 
3 
9 29 
8 
18 30 
17 23 28 
12 
13 
6 
15 
1 
==============================

====== Algorithm Status ======
Valor:                1376
Time:                 2000
nIter:                3726
Best Iter:            3726
Improvement Count:    3725
==============================
Solution tour: 
0 
7 
4 
14 25 
16 
10 
2 22 2 
5 
19 24 26 
11 
20 
3 
9 29 
8 
18 30 
17 23 28 
12 
13 
6 
15 
1 
==============================

====== Algorithm Status ======
Valor:                1410
Time:                 4000
nIter:                7619
Best Iter:            7619
Improvement Count:    7618
==============================
Solution tour: 
0 
19 24 26 
11 
20 
3 
9 29 
5 
18 30 27 
17 23 28 
12 
13 
6 
15 
1 
7 
4 
14 25 
16 
10 
8 
2 22 2 
==============================

====== Algorithm Status ======
Valor:                1456
Time:                 8000
nIter:                15385
Best Iter:            15385
Improvement Count:    15384
==============================
Solution tour: 
0 
7 
4 28 
9 29 
3 
14 25 
16 
10 
8 
2 22 2 
5 
19 24 26 
11 
20 
18 30 27 
17 23 28 
12 
13 
6 
15 
1 
==============================

====== Algorithm Status ======
Valor:                1478
Time:                 16000
nIter:                30460
Best Iter:            30460
Improvement Count:    30459
==============================
Solution tour: 
0 
7 
4 
9 29 28 
3 
14 25 
16 
10 
8 
2 22 2 
5 
19 24 26 
11 
20 
18 30 27 
17 23 28 
12 
13 
6 
15 
1 
==============================

====== Algorithm Status ======
Valor:                1482
Time:                 32000
nIter:                60103
Best Iter:            60103
Improvement Count:    60102
==============================
Solution tour: 
0 26 
11 
20 
18 30 27 
17 23 28 
12 
13 
6 
15 
1 
7 
4 
5 
9 29 28 
3 
14 25 
16 
10 
8 
2 22 
19 24 26 
==============================

====== Algorithm Status ======
Valor:                1526
Time:                 64000
nIter:                116028
Best Iter:            116028
Improvement Count:    116027
==============================
Solution tour: 
0 
7 
4 25 
14 25 
16 
10 
8 
2 22 
19 24 26 
11 
20 
18 30 27 
15 
1 
6 
13 
17 23 28 
12 
9 29 
5 
3 
==============================

====== Algorithm Status ======
Valor:                1568
Time:                 128000
nIter:                219916
Best Iter:            219916
Improvement Count:    219915
==============================
Solution tour: 
0 
7 
4 25 
14 25 
16 
10 
8 
2 22 
19 24 26 
11 
20 
18 30 27 
15 
1 
6 
13 17 
12 28 
9 29 
5 
3 
==============================

====== Algorithm Status ======
Valor:                1593
Time:                 256000
nIter:                446030
Best Iter:            446030
Improvement Count:    446029
==============================
Solution tour: 
0 
7 
4 25 
14 25 
16 
10 
8 
2 22 
19 24 26 
11 
20 
18 30 27 
15 
1 
6 
13 17 28 
12 28 29 
9 
5 
3 
==============================

====== Algorithm Status ======
Valor:                1612
Time:                 512000
nIter:                883899
Best Iter:            883899
Improvement Count:    883898
==============================
Solution tour: 
0 
19 24 26 
11 
20 
18 30 27 
15 
1 
6 
13 17 
12 28 29 28 
9 
5 
7 
4 25 
14 25 
16 
10 
8 
2 22 
==============================

====== Algorithm Status ======
Valor:                1612
Time:                 1024001
nIter:                1771383
Best Iter:            1771383
Improvement Count:    1771384
==============================
Solution tour: 
0 
19 24 26 
11 
20 
18 30 27 
15 
1 
6 
13 17 
12 28 29 28 
9 
5 
7 
4 25 
14 25 
16 
10 
8 
2 22 
==============================

====== Algorithm Status ======
Valor:                1612
Time:                 1024001
nIter:                1771383
Best Iter:            1771383
Improvement Count:    1771384
==============================
Solution tour: 
0 
19 24 26 
11 
20 
18 30 27 
15 
1 
6 
13 17 
12 28 29 28 
9 
5 
7 
4 25 
14 25 
16 
10 
8 
2 22 
==============================

