=========== Input ===========
File name:                ./instances/realistic-instances/20-10-1891798.cdop
Total node count:         31
Truck node count:         20
Drone node count:         10
=============================

========== Settings ==========
Settings file:        ./settings/Memetic-LS_MPX_1287823.config
Seed:                 1287823
Reduction method:     -
Max iter:             1024000
Population size:      13
Crossover:            MA-MPX
Local Search:         -
Warm Start:           -
==============================

====== Algorithm Status ======
Valor:                1339
Time:                 250
nIter:                439
Best Iter:            439
Improvement Count:    438
==============================
Solution tour: 
0 26 29 
6 
3 
17 
10 
13 25 
4 22 28 
9 
16 
14 23 
1 
20 
15 
2 
19 
12 27 
11 24 
7 
8 
18 30 
5 
==============================

====== Algorithm Status ======
Valor:                1399
Time:                 500
nIter:                886
Best Iter:            886
Improvement Count:    885
==============================
Solution tour: 
0 26 29 
14 23 27 
20 
15 
2 
19 
12 
1 
11 24 
7 
8 
6 
3 
17 
18 30 
5 
10 
13 25 
4 22 28 
9 
16 
==============================

====== Algorithm Status ======
Valor:                1501
Time:                 1000
nIter:                1890
Best Iter:            1890
Improvement Count:    1889
==============================
Solution tour: 
0 26 29 
14 23 27 
13 25 
4 22 28 
9 
1 
11 24 
7 
8 
6 
3 
17 
18 30 
5 
16 
20 
10 
15 
2 
19 
12 
==============================

====== Algorithm Status ======
Valor:                1510
Time:                 2000
nIter:                3778
Best Iter:            3778
Improvement Count:    3777
==============================
Solution tour: 
0 26 29 
14 23 27 
13 25 
4 22 28 
9 
1 
11 24 
7 
8 
6 
3 
17 
18 30 
5 
16 
20 
15 
10 
2 
19 
12 
==============================

====== Algorithm Status ======
Valor:                1703
Time:                 4000
nIter:                7464
Best Iter:            7464
Improvement Count:    7463
==============================
Solution tour: 
0 
6 21 
17 
18 30 
5 
16 
10 
3 
20 
15 
2 
19 
14 29 26 23 27 
13 25 
12 
4 22 28 
9 
1 
11 7 24 
7 
8 
==============================

====== Algorithm Status ======
Valor:                1757
Time:                 8000
nIter:                15190
Best Iter:            15190
Improvement Count:    15189
==============================
Solution tour: 
0 
6 21 
4 22 28 
9 
17 
11 7 24 
7 
8 
1 
18 30 
5 
16 
10 
3 
20 
15 
2 
19 
14 29 26 23 27 
13 25 
12 
==============================

====== Algorithm Status ======
Valor:                1758
Time:                 16000
nIter:                30202
Best Iter:            30202
Improvement Count:    30201
==============================
Solution tour: 
0 
6 21 
12 22 
4 22 28 
9 
17 
3 
11 7 24 
7 
8 
1 
18 30 
5 
16 
10 
20 
15 
2 
19 
14 29 26 23 27 
13 25 
==============================

====== Algorithm Status ======
Valor:                1764
Time:                 32000
nIter:                61172
Best Iter:            61172
Improvement Count:    61171
==============================
Solution tour: 
0 
12 22 
4 22 28 
9 
17 
3 
11 7 24 
7 
8 
1 
18 30 
5 
16 
10 
20 
15 
2 
19 
14 29 26 23 27 
13 25 
6 
==============================

====== Algorithm Status ======
Valor:                1764
Time:                 64000
nIter:                124426
Best Iter:            124426
Improvement Count:    124425
==============================
Solution tour: 
0 
12 22 
4 22 28 
9 
17 
3 
11 7 24 
7 
8 
1 
18 30 
5 
16 
10 
20 
15 
2 
19 
14 29 26 23 27 
13 25 
6 
==============================

====== Algorithm Status ======
Valor:                1863
Time:                 128000
nIter:                240697
Best Iter:            240697
Improvement Count:    240696
==============================
Solution tour: 
0 
12 22 
4 9 28 
9 
17 
3 20 
11 7 24 
7 
8 
1 
18 30 
5 
16 
10 
20 
15 
2 
19 
14 29 26 23 27 21 
13 25 
6 
==============================

====== Algorithm Status ======
Valor:                1863
Time:                 256000
nIter:                448220
Best Iter:            448220
Improvement Count:    448219
==============================
Solution tour: 
0 
12 22 
4 9 28 
9 
17 
3 20 
11 7 24 
7 
8 
1 
18 30 
5 
16 
10 
20 
15 
2 
19 
14 29 26 23 27 21 
13 25 
6 
==============================

====== Algorithm Status ======
Valor:                1871
Time:                 512000
nIter:                885950
Best Iter:            885950
Improvement Count:    885949
==============================
Solution tour: 
0 
12 22 
4 9 28 
9 
17 
3 15 20 
11 7 24 
7 
8 
1 
18 30 
5 
16 
10 
20 
15 
2 
19 
14 29 26 23 27 21 
13 25 
6 
==============================

====== Algorithm Status ======
Valor:                1871
Time:                 1024001
nIter:                1756883
Best Iter:            1756883
Improvement Count:    1756884
==============================
Solution tour: 
0 
12 22 
4 9 28 
9 
17 
3 15 20 
11 7 24 
7 
8 
1 
18 30 
5 
16 
10 
20 
15 
2 
19 
14 29 26 23 27 21 
13 25 
6 
==============================

====== Algorithm Status ======
Valor:                1871
Time:                 1024001
nIter:                1756883
Best Iter:            1756883
Improvement Count:    1756884
==============================
Solution tour: 
0 
12 22 
4 9 28 
9 
17 
3 15 20 
11 7 24 
7 
8 
1 
18 30 
5 
16 
10 
20 
15 
2 
19 
14 29 26 23 27 21 
13 25 
6 
==============================

