=========== Input ===========
File name:                ./instances/realistic-instances/25-10-1762875.cdop
Total node count:         36
Truck node count:         25
Drone node count:         10
=============================

========== Settings ==========
Settings file:        ./settings/Memetic-LS_MPX_1099666.config
Seed:                 1099666
Reduction method:     -
Max iter:             1024000
Population size:      13
Crossover:            MA-MPX
Local Search:         -
Warm Start:           -
==============================

====== Algorithm Status ======
Valor:                1245
Time:                 251
nIter:                449
Best Iter:            449
Improvement Count:    448
==============================
Solution tour: 
0 
3 
17 33 
16 
13 
19 
7 
21 
22 29 
9 
5 
1 
18 
8 
12 
23 
25 
10 28 
20 31 
11 
14 
4 26 
15 
24 
6 
2 
==============================

====== Algorithm Status ======
Valor:                1245
Time:                 500
nIter:                890
Best Iter:            890
Improvement Count:    889
==============================
Solution tour: 
0 
3 
17 33 
16 
13 
19 
7 
21 
22 29 
9 
5 
1 
18 
8 
12 
23 
25 
10 28 
20 31 
11 
14 
4 26 
15 
24 
6 
2 
==============================

====== Algorithm Status ======
Valor:                1288
Time:                 1000
nIter:                1857
Best Iter:            1857
Improvement Count:    1856
==============================
Solution tour: 
0 
3 
9 
22 29 
21 
7 
19 
16 
13 
17 33 
5 
1 
18 
8 
12 
23 
25 
10 26 28 
20 31 
11 
14 
4 26 
15 
24 
6 
2 
==============================

====== Algorithm Status ======
Valor:                1292
Time:                 2000
nIter:                3500
Best Iter:            3500
Improvement Count:    3499
==============================
Solution tour: 
0 
2 
7 
19 
16 
13 
3 
17 33 
5 
9 
1 
18 
8 
12 
23 
25 
10 26 28 
22 29 
21 
20 31 
11 
14 
4 
15 
24 
6 
==============================

====== Algorithm Status ======
Valor:                1326
Time:                 4000
nIter:                6867
Best Iter:            6867
Improvement Count:    6866
==============================
Solution tour: 
0 
7 
19 
16 
13 
3 
17 33 
5 
9 
1 
18 
8 
12 
23 
25 
10 26 28 
22 29 
21 
20 31 
11 
14 
4 
6 
24 
15 
==============================

====== Algorithm Status ======
Valor:                1326
Time:                 8000
nIter:                13720
Best Iter:            13720
Improvement Count:    13719
==============================
Solution tour: 
0 
7 
19 
16 
13 
3 
17 33 
5 
9 
1 
18 
8 
12 
23 
25 
10 26 28 
22 29 
21 
20 31 
11 
14 
4 
6 
24 
15 
==============================

====== Algorithm Status ======
Valor:                1345
Time:                 16000
nIter:                27328
Best Iter:            27328
Improvement Count:    27327
==============================
Solution tour: 
0 
2 
8 
12 
23 
25 
10 26 28 
22 29 
21 
20 31 
11 
14 
4 
6 
24 27 
16 
13 
15 
3 
17 33 
5 
9 
1 
18 
19 
7 
==============================

====== Algorithm Status ======
Valor:                1526
Time:                 32000
nIter:                53877
Best Iter:            53877
Improvement Count:    53876
==============================
Solution tour: 
0 
6 
24 27 
16 
13 
15 
3 
17 33 
5 
7 
19 30 
18 
1 
2 
8 
23 
12 35 
25 
10 26 28 32 
21 
22 29 
9 
20 31 
11 
14 
4 
==============================

====== Algorithm Status ======
Valor:                1526
Time:                 64000
nIter:                104857
Best Iter:            104857
Improvement Count:    104856
==============================
Solution tour: 
0 
6 
24 27 
16 
13 
15 
3 
17 33 
5 
7 
19 30 
18 
1 
2 
8 
23 
12 35 
25 
10 26 28 32 
21 
22 29 
9 
20 31 
11 
14 
4 
==============================

====== Algorithm Status ======
Valor:                1546
Time:                 128000
nIter:                195456
Best Iter:            195456
Improvement Count:    195455
==============================
Solution tour: 
0 
9 
20 31 
11 
14 
4 
23 
12 35 
25 
10 26 28 32 
21 
22 29 
6 
24 27 
16 
13 
15 
3 
17 33 
5 
7 
19 
18 
1 
2 
==============================

====== Algorithm Status ======
Valor:                1546
Time:                 256000
nIter:                388865
Best Iter:            388865
Improvement Count:    388864
==============================
Solution tour: 
0 
9 
20 31 
11 
14 
4 
23 
12 35 
25 
10 26 28 32 
21 
22 29 
6 
24 27 
16 
13 
15 
3 
17 33 
5 
7 
19 
18 
1 
2 
==============================

====== Algorithm Status ======
Valor:                1546
Time:                 512000
nIter:                778515
Best Iter:            778515
Improvement Count:    778514
==============================
Solution tour: 
0 
9 
20 31 
11 
14 
4 
23 
12 35 
25 
10 26 28 32 
21 
22 29 
6 
24 27 
16 
13 
15 
3 
17 33 
5 
7 
19 
18 
1 
2 
==============================

====== Algorithm Status ======
Valor:                1546
Time:                 1024002
nIter:                1551391
Best Iter:            1551391
Improvement Count:    1551392
==============================
Solution tour: 
0 
9 
20 31 
11 
14 
4 
23 
12 35 
25 
10 26 28 32 
21 
22 29 
6 
24 27 
16 
13 
15 
3 
17 33 
5 
7 
19 
18 
1 
2 
==============================

====== Algorithm Status ======
Valor:                1546
Time:                 1024002
nIter:                1551391
Best Iter:            1551391
Improvement Count:    1551392
==============================
Solution tour: 
0 
9 
20 31 
11 
14 
4 
23 
12 35 
25 
10 26 28 32 
21 
22 29 
6 
24 27 
16 
13 
15 
3 
17 33 
5 
7 
19 
18 
1 
2 
==============================

