=========== Input ===========
File name:                ./instances/realistic-instances/20-25-1762875.cdop
Total node count:         46
Truck node count:         20
Drone node count:         25
=============================

========== Settings ==========
Settings file:        ./settings/Memetic-LS_MPX_1881515.config
Seed:                 1881515
Reduction method:     -
Max iter:             1024000
Population size:      13
Crossover:            MA-MPX
Local Search:         -
Warm Start:           -
==============================

====== Algorithm Status ======
Valor:                1451
Time:                 250
nIter:                217
Best Iter:            217
Improvement Count:    216
==============================
Solution tour: 
0 
2 
9 33 40 44 
7 
4 30 23 
16 38 28 42 
19 
12 
15 
3 
11 
5 
6 
10 
14 22 
17 36 
20 37 
8 
1 32 
13 
18 41 
==============================

====== Algorithm Status ======
Valor:                1495
Time:                 501
nIter:                469
Best Iter:            469
Improvement Count:    468
==============================
Solution tour: 
0 
11 
4 30 23 
20 37 
7 
9 33 40 44 
8 
6 
3 
10 
14 22 
17 36 
12 
2 
1 32 
13 
16 38 28 
18 41 
19 
15 
5 
==============================

====== Algorithm Status ======
Valor:                1560
Time:                 1004
nIter:                927
Best Iter:            927
Improvement Count:    926
==============================
Solution tour: 
0 
11 
6 
3 
5 
10 
14 22 
17 36 
12 
2 
1 32 
13 
16 38 28 
18 41 
19 
15 
4 30 23 
20 37 
9 33 40 44 
7 
8 
==============================

====== Algorithm Status ======
Valor:                1560
Time:                 2000
nIter:                1805
Best Iter:            1805
Improvement Count:    1804
==============================
Solution tour: 
0 
11 
6 
3 
5 
10 
14 22 
17 36 
12 
2 
1 32 
13 
16 38 28 
18 41 
19 
15 
4 30 23 
20 37 
9 33 40 44 
7 
8 
==============================

====== Algorithm Status ======
Valor:                1662
Time:                 4000
nIter:                3628
Best Iter:            3628
Improvement Count:    3627
==============================
Solution tour: 
0 
1 32 
13 
16 38 28 
18 41 
19 
6 
2 
3 25 
15 
17 36 
12 
4 30 37 23 
20 7 
9 33 40 44 
7 
8 
5 
10 
14 42 22 
11 
==============================

====== Algorithm Status ======
Valor:                1726
Time:                 8000
nIter:                7158
Best Iter:            7158
Improvement Count:    7157
==============================
Solution tour: 
0 
11 
6 
1 32 
13 
16 38 28 
18 41 
2 
3 25 
15 
17 36 
12 
10 
14 42 22 
19 
4 30 37 23 
20 7 
8 
7 
9 33 40 44 
5 
==============================

====== Algorithm Status ======
Valor:                1727
Time:                 16000
nIter:                14241
Best Iter:            14241
Improvement Count:    14240
==============================
Solution tour: 
0 
1 32 
13 
16 38 28 
18 41 
6 
2 
3 25 
15 
17 36 
12 
10 
14 42 22 
19 
4 30 37 23 
20 
5 
7 
8 
9 33 40 44 
11 
==============================

====== Algorithm Status ======
Valor:                1761
Time:                 32005
nIter:                28430
Best Iter:            28430
Improvement Count:    28429
==============================
Solution tour: 
0 
6 32 
13 
16 38 28 
18 41 
1 
2 
3 25 
15 
17 36 
12 
10 
14 43 42 22 
19 
4 30 37 23 
20 
5 
7 
8 
9 33 40 44 
11 
==============================

====== Algorithm Status ======
Valor:                1862
Time:                 64000
nIter:                57684
Best Iter:            57684
Improvement Count:    57683
==============================
Solution tour: 
0 
11 
6 45 32 
13 
16 38 28 
18 41 
2 
1 
4 30 37 23 
20 
5 
3 25 
15 
17 
8 
7 
12 
10 
14 43 22 
19 
9 33 40 44 
==============================

====== Algorithm Status ======
Valor:                1935
Time:                 128000
nIter:                122915
Best Iter:            122915
Improvement Count:    122914
==============================
Solution tour: 
0 
11 
6 45 26 32 
16 
13 35 38 28 
18 41 
2 
1 
4 22 37 23 
20 
19 
17 
15 
3 25 
5 
8 
7 
12 
10 
14 30 
9 33 40 44 
==============================

====== Algorithm Status ======
Valor:                2005
Time:                 256000
nIter:                238995
Best Iter:            238995
Improvement Count:    238994
==============================
Solution tour: 
0 
11 
6 45 26 32 
16 
13 35 25 38 28 
18 41 
2 
1 
4 37 22 36 23 
20 
19 
17 
15 
3 25 
5 
8 
7 
12 
10 
14 30 
9 33 40 44 
==============================

====== Algorithm Status ======
Valor:                2009
Time:                 512000
nIter:                481505
Best Iter:            481505
Improvement Count:    481504
==============================
Solution tour: 
0 
11 
6 45 31 26 32 
16 
13 35 25 38 28 
18 41 
2 
1 
4 37 22 36 23 
20 
19 
17 
15 
3 25 
5 
8 
7 
12 
10 
14 30 
9 33 40 44 
==============================

====== Algorithm Status ======
Valor:                2131
Time:                 1024001
nIter:                952947
Best Iter:            952947
Improvement Count:    952948
==============================
Solution tour: 
0 
11 
6 45 21 26 31 32 
16 
13 35 38 28 
18 41 
2 
1 
4 43 37 22 36 23 
20 
19 
17 
15 
3 25 
5 
8 
7 
12 
10 
14 30 29 
9 33 40 44 
==============================

====== Algorithm Status ======
Valor:                2131
Time:                 1024001
nIter:                952947
Best Iter:            952947
Improvement Count:    952948
==============================
Solution tour: 
0 
11 
6 45 21 26 31 32 
16 
13 35 38 28 
18 41 
2 
1 
4 43 37 22 36 23 
20 
19 
17 
15 
3 25 
5 
8 
7 
12 
10 
14 30 29 
9 33 40 44 
==============================

