=========== Input ===========
File name:                ./instances/realistic-instances/20-25-1767920.cdop
Total node count:         46
Truck node count:         20
Drone node count:         25
=============================

========== Settings ==========
Settings file:        ./settings/Memetic_MMX_1881515.config
Seed:                 1881515
Reduction method:     -
Max iter:             1024000
Population size:      13
Crossover:            MA-MMX
Local Search:         LS
Warm Start:           -
==============================

====== Algorithm Status ======
Valor:                2603
Time:                 251
nIter:                70
Best Iter:            70
Improvement Count:    69
==============================
Solution tour: 
0 23 42 23 33 
5 42 31 39 45 24 35 40 32 25 21 
10 27 37 38 26 34 28 41 20 
8 29 43 29 30 29 36 44 13 
==============================

====== Algorithm Status ======
Valor:                2626
Time:                 502
nIter:                143
Best Iter:            143
Improvement Count:    142
==============================
Solution tour: 
0 23 42 23 33 
5 42 31 39 17 45 41 28 41 32 24 35 44 40 44 35 32 25 21 
10 27 37 38 34 26 29 30 29 43 29 36 44 13 
==============================

====== Algorithm Status ======
Valor:                2626
Time:                 1001
nIter:                263
Best Iter:            263
Improvement Count:    262
==============================
Solution tour: 
0 23 42 23 33 
5 42 31 39 17 45 41 28 41 32 24 35 44 40 44 35 32 25 21 
10 27 37 38 34 26 29 30 29 43 29 36 44 13 
==============================

====== Algorithm Status ======
Valor:                2626
Time:                 2000
nIter:                500
Best Iter:            500
Improvement Count:    499
==============================
Solution tour: 
0 23 42 23 33 
5 42 31 39 17 45 41 28 41 32 24 35 44 40 44 35 32 25 21 
10 27 37 38 34 26 29 30 29 43 29 36 44 13 
==============================

====== Algorithm Status ======
Valor:                2640
Time:                 4000
nIter:                993
Best Iter:            993
Improvement Count:    992
==============================
Solution tour: 
0 23 42 23 33 
5 42 31 39 17 45 32 24 35 44 36 44 35 32 25 21 
10 27 37 38 34 26 28 41 29 30 29 43 44 40 44 13 
==============================

====== Algorithm Status ======
Valor:                2668
Time:                 8002
nIter:                1966
Best Iter:            1966
Improvement Count:    1965
==============================
Solution tour: 
0 23 42 23 33 
5 42 31 39 17 45 32 25 32 24 35 44 36 44 40 21 
10 27 37 38 34 26 28 41 29 30 29 43 40 13 
==============================

====== Algorithm Status ======
Valor:                2676
Time:                 16006
nIter:                3815
Best Iter:            3815
Improvement Count:    3814
==============================
Solution tour: 
0 23 42 23 33 
5 42 31 39 17 45 32 25 32 24 35 44 36 44 40 21 
10 27 37 38 26 34 28 41 29 30 29 43 44 13 
==============================

====== Algorithm Status ======
Valor:                2676
Time:                 32001
nIter:                7334
Best Iter:            7334
Improvement Count:    7333
==============================
Solution tour: 
0 23 42 23 33 
5 42 31 39 17 45 32 25 32 24 35 44 36 44 40 21 
10 27 37 38 26 34 28 41 29 30 29 43 44 13 
==============================

====== Algorithm Status ======
Valor:                2676
Time:                 64011
nIter:                13715
Best Iter:            13715
Improvement Count:    13714
==============================
Solution tour: 
0 23 42 23 33 
5 42 31 39 17 45 32 25 32 24 35 44 36 44 40 21 
10 27 37 38 26 34 28 41 29 30 29 43 44 13 
==============================

====== Algorithm Status ======
Valor:                2676
Time:                 128001
nIter:                26347
Best Iter:            26347
Improvement Count:    26346
==============================
Solution tour: 
0 23 42 23 33 
5 42 31 39 17 45 32 25 32 24 35 44 36 44 40 21 
10 27 37 38 26 34 28 41 29 30 29 43 44 13 
==============================

====== Algorithm Status ======
Valor:                2707
Time:                 256003
nIter:                50771
Best Iter:            50771
Improvement Count:    50770
==============================
Solution tour: 
0 23 33 
5 42 31 39 32 25 32 35 44 36 44 40 21 40 44 35 24 32 45 27 37 27 
10 26 38 34 28 41 29 30 29 43 44 13 3 13 
==============================

====== Algorithm Status ======
Valor:                2722
Time:                 512002
nIter:                95688
Best Iter:            95688
Improvement Count:    95687
==============================
Solution tour: 
0 23 33 
5 42 31 39 17 45 32 25 32 24 35 44 40 21 40 13 44 36 10 27 37 27 
10 26 34 38 28 41 29 30 29 43 44 13 3 13 
==============================

====== Algorithm Status ======
Valor:                2740
Time:                 1024002
nIter:                182350
Best Iter:            182350
Improvement Count:    182351
==============================
Solution tour: 
0 23 33 
5 42 31 39 17 45 32 25 32 24 35 44 36 6 36 10 27 37 27 
10 26 34 38 28 41 29 30 29 43 44 21 40 13 3 13 
==============================

====== Algorithm Status ======
Valor:                2740
Time:                 1024002
nIter:                182350
Best Iter:            182350
Improvement Count:    182351
==============================
Solution tour: 
0 23 33 
5 42 31 39 17 45 32 25 32 24 35 44 36 6 36 10 27 37 27 
10 26 34 38 28 41 29 30 29 43 44 21 40 13 3 13 
==============================

