=========== Input ===========
File name:                ./instances/realistic-instances/20-10-1917698.cdop
Total node count:         31
Truck node count:         20
Drone node count:         10
=============================

========== Settings ==========
Settings file:        ./settings/Memetic_MMX_1881515.config
Seed:                 1881515
Reduction method:     -
Max iter:             1024000
Population size:      13
Crossover:            MA-MMX
Local Search:         LS
Warm Start:           -
==============================

====== Algorithm Status ======
Valor:                1865
Time:                 251
nIter:                77
Best Iter:            77
Improvement Count:    76
==============================
Solution tour: 
0 30 7 30 21 16 26 2 24 2 5 
12 5 25 17 25 18 4 27 18 27 
4 23 14 8 14 23 22 28 30 
==============================

====== Algorithm Status ======
Valor:                1873
Time:                 502
nIter:                160
Best Iter:            160
Improvement Count:    159
==============================
Solution tour: 
0 30 7 30 10 16 21 16 3 26 2 24 2 26 5 
12 5 25 17 25 18 4 27 
4 23 14 8 14 23 22 28 30 
==============================

====== Algorithm Status ======
Valor:                1886
Time:                 1002
nIter:                322
Best Iter:            322
Improvement Count:    321
==============================
Solution tour: 
0 30 7 30 28 22 16 21 16 3 26 2 24 2 26 5 
12 5 25 17 25 30 18 4 27 
4 23 14 8 14 23 22 28 30 
==============================

====== Algorithm Status ======
Valor:                1897
Time:                 2001
nIter:                626
Best Iter:            626
Improvement Count:    625
==============================
Solution tour: 
0 30 7 30 28 22 26 3 16 21 16 3 26 2 24 2 5 
12 5 25 17 25 18 27 
4 23 14 8 14 23 22 28 30 
==============================

====== Algorithm Status ======
Valor:                1899
Time:                 4002
nIter:                1280
Best Iter:            1280
Improvement Count:    1279
==============================
Solution tour: 
0 30 7 30 28 22 26 3 16 21 16 3 26 2 24 2 5 
12 5 25 17 25 18 4 27 
4 14 23 14 8 14 22 28 30 
==============================

====== Algorithm Status ======
Valor:                1899
Time:                 8000
nIter:                2550
Best Iter:            2550
Improvement Count:    2549
==============================
Solution tour: 
0 30 7 30 28 22 26 3 16 21 16 3 26 2 24 2 5 
12 5 25 17 25 18 4 27 
4 14 23 14 8 14 22 28 30 
==============================

====== Algorithm Status ======
Valor:                1899
Time:                 16001
nIter:                5060
Best Iter:            5060
Improvement Count:    5059
==============================
Solution tour: 
0 30 7 30 28 22 26 3 16 21 16 3 26 2 24 2 5 
12 5 25 17 25 18 4 27 
4 14 23 14 8 14 22 28 30 
==============================

====== Algorithm Status ======
Valor:                1903
Time:                 32000
nIter:                10328
Best Iter:            10328
Improvement Count:    10327
==============================
Solution tour: 
0 30 7 30 28 22 28 30 14 23 14 26 3 16 21 24 2 24 19 
9 19 5 
12 5 25 17 25 18 27 
4 27 18 30 
==============================

====== Algorithm Status ======
Valor:                1906
Time:                 64000
nIter:                21704
Best Iter:            21704
Improvement Count:    21703
==============================
Solution tour: 
0 30 7 30 28 22 28 24 2 24 21 16 3 26 14 
8 14 23 14 25 5 25 17 26 17 25 18 27 
4 27 18 30 
==============================

====== Algorithm Status ======
Valor:                1917
Time:                 128001
nIter:                44280
Best Iter:            44280
Improvement Count:    44279
==============================
Solution tour: 
0 30 7 30 28 22 23 14 19 9 
19 24 2 24 21 16 3 26 14 
8 14 23 25 13 25 17 25 18 27 
4 27 18 30 
==============================

====== Algorithm Status ======
Valor:                1917
Time:                 256002
nIter:                83224
Best Iter:            83224
Improvement Count:    83223
==============================
Solution tour: 
0 30 7 30 28 22 23 14 19 9 
19 24 2 24 21 16 3 26 14 
8 14 23 25 13 25 17 25 18 27 
4 27 18 30 
==============================

====== Algorithm Status ======
Valor:                1922
Time:                 512002
nIter:                164183
Best Iter:            164183
Improvement Count:    164182
==============================
Solution tour: 
0 30 7 30 22 28 22 19 9 
19 26 2 24 21 24 2 26 3 26 17 25 17 26 14 
8 14 23 14 30 18 27 
4 27 18 30 
==============================

====== Algorithm Status ======
Valor:                1942
Time:                 1024001
nIter:                318983
Best Iter:            318983
Improvement Count:    318984
==============================
Solution tour: 
0 30 28 30 7 30 22 23 14 8 14 23 19 9 
19 26 2 24 21 24 2 26 3 26 17 25 5 
12 5 25 18 27 
4 27 18 30 
==============================

====== Algorithm Status ======
Valor:                1942
Time:                 1024001
nIter:                318983
Best Iter:            318983
Improvement Count:    318984
==============================
Solution tour: 
0 30 28 30 7 30 22 23 14 8 14 23 19 9 
19 26 2 24 21 24 2 26 3 26 17 25 5 
12 5 25 18 27 
4 27 18 30 
==============================

