=========== Input ===========
File name:                ./instances/realistic-instances/25-25-1767920.cdop
Total node count:         51
Truck node count:         25
Drone node count:         25
=============================

========== Settings ==========
Settings file:        ./settings/Memetic-LS_MPX_1099666.config
Seed:                 1099666
Reduction method:     -
Max iter:             1024000
Population size:      13
Crossover:            MA-MPX
Local Search:         -
Warm Start:           -
==============================

====== Algorithm Status ======
Valor:                1026
Time:                 250
nIter:                214
Best Iter:            214
Improvement Count:    213
==============================
Solution tour: 
0 44 36 28 39 43 
12 
14 
20 
4 
15 
11 
21 
3 
24 
7 
23 26 
25 
16 
18 
19 
17 
22 
10 
8 35 
13 
5 
9 
6 
1 
2 
==============================

====== Algorithm Status ======
Valor:                1026
Time:                 500
nIter:                424
Best Iter:            424
Improvement Count:    423
==============================
Solution tour: 
0 44 36 28 39 43 
12 
14 
20 
4 
15 
11 
21 
3 
24 
7 
23 26 
25 
16 
18 
19 
17 
22 
10 
8 35 
13 
5 
9 
6 
1 
2 
==============================

====== Algorithm Status ======
Valor:                1141
Time:                 1000
nIter:                845
Best Iter:            845
Improvement Count:    844
==============================
Solution tour: 
0 44 36 47 28 39 43 
5 
9 
6 
1 29 
21 
11 
15 
8 35 
10 
4 
20 
14 
12 26 
7 
23 
24 
2 
17 
3 
19 
18 
22 
16 
25 
13 
==============================

====== Algorithm Status ======
Valor:                1144
Time:                 2000
nIter:                1638
Best Iter:            1638
Improvement Count:    1637
==============================
Solution tour: 
0 44 36 47 28 39 43 
5 
9 
6 
1 29 
4 
10 
8 35 
15 
11 
21 
20 
14 
12 26 
7 
23 
24 
2 
17 
3 
19 
18 
22 
16 
25 
13 
==============================

====== Algorithm Status ======
Valor:                1179
Time:                 4003
nIter:                3281
Best Iter:            3281
Improvement Count:    3280
==============================
Solution tour: 
0 44 36 47 28 39 34 43 
5 
9 
6 
1 29 
4 
2 
8 35 
15 
11 
21 
20 
14 
12 26 
7 
23 
24 
10 
3 
17 
19 
18 
22 
16 
25 
13 
==============================

====== Algorithm Status ======
Valor:                1287
Time:                 8000
nIter:                6552
Best Iter:            6552
Improvement Count:    6551
==============================
Solution tour: 
0 44 36 47 28 39 34 43 29 
17 
19 
10 
3 
24 
23 
7 
9 
12 
14 
20 
21 
11 
15 
6 
8 35 
1 
4 
2 
5 
25 
16 
22 
18 
13 
==============================

====== Algorithm Status ======
Valor:                1359
Time:                 16000
nIter:                13325
Best Iter:            13325
Improvement Count:    13324
==============================
Solution tour: 
0 44 36 47 28 39 34 43 29 
14 
16 40 
22 50 
6 
12 
8 35 
9 
1 
3 
24 
23 
7 
2 
5 
10 
13 
19 
17 
25 
18 
4 
20 
21 
11 
15 
==============================

====== Algorithm Status ======
Valor:                1505
Time:                 32000
nIter:                27341
Best Iter:            27341
Improvement Count:    27340
==============================
Solution tour: 
0 44 36 47 28 39 34 43 29 
14 
22 
16 41 40 
6 
12 
5 
9 
2 
7 
23 
24 
3 
15 
11 
21 
20 
4 
18 
25 
13 
19 
17 
10 
8 35 
1 
==============================

====== Algorithm Status ======
Valor:                1534
Time:                 64000
nIter:                56760
Best Iter:            56760
Improvement Count:    56759
==============================
Solution tour: 
0 44 36 47 28 39 43 29 
14 
22 
16 41 40 
6 
12 
5 
9 
2 
7 
23 
24 
3 
15 
11 
21 
20 
4 
18 
25 
13 
19 
17 
10 
8 35 
1 26 
==============================

====== Algorithm Status ======
Valor:                1606
Time:                 128000
nIter:                111703
Best Iter:            111703
Improvement Count:    111702
==============================
Solution tour: 
0 44 50 36 47 28 39 43 29 
14 
22 
16 40 
6 
5 
12 
9 
2 
7 
23 
24 
3 
15 
11 
21 
20 
4 
18 37 
25 
13 
19 
17 
10 
8 35 
1 26 
==============================

====== Algorithm Status ======
Valor:                1653
Time:                 256000
nIter:                223019
Best Iter:            223019
Improvement Count:    223018
==============================
Solution tour: 
0 44 50 36 47 39 28 43 29 
25 
18 37 
7 
4 
20 
21 
11 
15 
3 
24 
23 
19 
17 
13 
10 
2 45 
8 35 
1 26 34 
14 
22 
16 40 
6 
5 
12 
==============================

====== Algorithm Status ======
Valor:                1739
Time:                 512001
nIter:                435920
Best Iter:            435920
Improvement Count:    435919
==============================
Solution tour: 
0 
15 
11 
21 
20 
4 
7 44 45 
5 
12 
14 
18 
22 
16 40 
6 
9 
8 35 
1 
2 50 36 47 48 39 28 43 29 
25 26 
10 
13 
17 
19 
23 27 
24 
3 
==============================

====== Algorithm Status ======
Valor:                1873
Time:                 1024001
nIter:                852155
Best Iter:            852155
Improvement Count:    852156
==============================
Solution tour: 
0 
2 50 36 47 41 48 39 28 34 43 29 
18 26 
10 
13 
17 
19 
23 27 
24 
3 
15 
11 
21 
20 
4 
7 44 45 
12 
14 
25 
16 
22 40 
6 
9 
5 
8 35 
1 
==============================

====== Algorithm Status ======
Valor:                1873
Time:                 1024001
nIter:                852155
Best Iter:            852155
Improvement Count:    852156
==============================
Solution tour: 
0 
2 50 36 47 41 48 39 28 34 43 29 
18 26 
10 
13 
17 
19 
23 27 
24 
3 
15 
11 
21 
20 
4 
7 44 45 
12 
14 
25 
16 
22 40 
6 
9 
5 
8 35 
1 
==============================

