=========== Input ===========
File name:                ./instances/realistic-instances/25-25-1917698.cdop
Total node count:         51
Truck node count:         25
Drone node count:         25
=============================

========== Settings ==========
Settings file:        ./settings/Memetic_MMX_1881515.config
Seed:                 1881515
Reduction method:     -
Max iter:             1024000
Population size:      13
Crossover:            MA-MMX
Local Search:         LS
Warm Start:           -
==============================

====== Algorithm Status ======
Valor:                2638
Time:                 250
nIter:                39
Best Iter:            39
Improvement Count:    38
==============================
Solution tour: 
0 48 26 25 30 32 35 32 37 32 
22 47 39 28 38 36 6 44 34 40 43 46 27 46 41 
17 41 29 41 50 11 50 49 31 49 21 0 13 
==============================

====== Algorithm Status ======
Valor:                2655
Time:                 504
nIter:                78
Best Iter:            78
Improvement Count:    77
==============================
Solution tour: 
0 48 26 25 30 32 35 32 37 32 
22 47 39 28 38 36 6 44 34 43 46 27 46 41 17 49 50 40 31 20 31 
17 41 29 16 21 
==============================

====== Algorithm Status ======
Valor:                2662
Time:                 1001
nIter:                155
Best Iter:            155
Improvement Count:    154
==============================
Solution tour: 
0 48 26 25 30 32 35 32 37 32 
22 47 39 45 28 38 36 6 44 34 43 46 27 46 41 29 17 40 31 20 31 
17 41 50 49 21 
==============================

====== Algorithm Status ======
Valor:                2691
Time:                 2001
nIter:                302
Best Iter:            302
Improvement Count:    301
==============================
Solution tour: 
0 48 41 17 26 25 30 42 30 32 35 32 37 32 
22 47 39 45 28 38 36 6 44 34 40 43 46 27 46 41 29 50 49 31 20 31 16 
8 2 
==============================

====== Algorithm Status ======
Valor:                2691
Time:                 4000
nIter:                606
Best Iter:            606
Improvement Count:    605
==============================
Solution tour: 
0 48 41 29 41 17 26 25 30 42 30 32 35 32 37 32 
22 47 39 45 28 38 36 6 44 34 40 43 46 27 46 41 50 49 31 20 31 16 
8 2 
==============================

====== Algorithm Status ======
Valor:                2691
Time:                 8000
nIter:                1204
Best Iter:            1204
Improvement Count:    1203
==============================
Solution tour: 
0 48 41 29 41 17 26 25 30 42 30 32 35 32 37 32 
22 47 39 45 28 38 36 6 44 34 40 43 46 27 46 41 50 49 31 20 31 16 
8 2 
==============================

====== Algorithm Status ======
Valor:                2691
Time:                 16002
nIter:                2407
Best Iter:            2407
Improvement Count:    2406
==============================
Solution tour: 
0 48 41 29 41 17 26 25 30 42 30 32 35 32 37 32 
22 47 39 45 28 38 36 6 44 34 40 43 46 27 46 41 50 49 31 20 31 16 
8 2 
==============================

====== Algorithm Status ======
Valor:                2703
Time:                 32000
nIter:                4903
Best Iter:            4903
Improvement Count:    4902
==============================
Solution tour: 
0 48 29 41 17 26 30 25 30 42 32 35 32 37 32 
22 47 39 45 28 38 36 6 44 34 40 43 46 27 46 41 50 31 20 31 49 16 
8 2 
==============================

====== Algorithm Status ======
Valor:                2703
Time:                 64000
nIter:                10052
Best Iter:            10052
Improvement Count:    10051
==============================
Solution tour: 
0 48 29 41 17 26 30 25 30 42 32 35 32 37 32 
22 47 39 45 28 38 36 6 44 34 40 43 46 27 46 41 50 31 20 31 49 16 
8 2 
==============================

====== Algorithm Status ======
Valor:                2703
Time:                 128001
nIter:                19543
Best Iter:            19543
Improvement Count:    19542
==============================
Solution tour: 
0 48 29 41 17 26 30 25 30 42 32 35 32 37 32 
22 47 39 45 28 38 36 6 44 34 40 43 46 27 46 41 50 31 20 31 49 16 
8 2 
==============================

====== Algorithm Status ======
Valor:                2703
Time:                 256004
nIter:                37095
Best Iter:            37095
Improvement Count:    37094
==============================
Solution tour: 
0 48 29 41 17 26 30 25 30 42 32 35 32 37 32 
22 47 39 45 28 38 36 6 44 34 40 43 46 27 46 41 50 31 20 31 49 16 
8 2 
==============================

====== Algorithm Status ======
Valor:                2712
Time:                 512004
nIter:                74583
Best Iter:            74583
Improvement Count:    74582
==============================
Solution tour: 
0 48 29 50 11 26 25 30 42 30 32 35 32 37 32 
22 47 39 45 28 38 36 6 44 34 40 43 46 27 46 41 31 20 31 49 16 
8 2 
==============================

====== Algorithm Status ======
Valor:                2724
Time:                 1024003
nIter:                148144
Best Iter:            148144
Improvement Count:    148145
==============================
Solution tour: 
0 48 29 41 31 50 11 26 25 30 42 30 32 35 32 37 32 30 
25 47 39 27 28 38 36 6 44 34 40 43 46 27 46 41 31 20 31 49 16 
8 2 
==============================

====== Algorithm Status ======
Valor:                2724
Time:                 1024003
nIter:                148144
Best Iter:            148144
Improvement Count:    148145
==============================
Solution tour: 
0 48 29 41 31 50 11 26 25 30 42 30 32 35 32 37 32 30 
25 47 39 27 28 38 36 6 44 34 40 43 46 27 46 41 31 20 31 49 16 
8 2 
==============================

