=========== Input ===========
File name:                ./instances/realistic-instances/20-10-1110588.cdop
Total node count:         31
Truck node count:         20
Drone node count:         10
=============================

========== Settings ==========
Settings file:        ./settings/Memetic-LS_MPX_1881515.config
Seed:                 1881515
Reduction method:     -
Max iter:             1024000
Population size:      13
Crossover:            MA-MPX
Local Search:         -
Warm Start:           -
==============================

====== Algorithm Status ======
Valor:                1164
Time:                 250
nIter:                502
Best Iter:            502
Improvement Count:    501
==============================
Solution tour: 
0 
20 
1 22 
18 
9 
11 26 21 
15 
10 23 
4 
14 
16 
7 
8 25 
2 30 29 24 
3 
5 28 
17 29 
19 
6 
13 
12 
==============================

====== Algorithm Status ======
Valor:                1231
Time:                 500
nIter:                975
Best Iter:            975
Improvement Count:    974
==============================
Solution tour: 
0 
20 
7 
1 22 
18 
9 
11 26 21 
15 
10 23 
4 
8 25 
16 
2 30 29 24 
3 
5 28 
17 29 
19 
14 
6 
13 
12 
==============================

====== Algorithm Status ======
Valor:                1231
Time:                 1000
nIter:                1928
Best Iter:            1928
Improvement Count:    1927
==============================
Solution tour: 
0 
20 
7 
1 22 
18 
9 
11 26 21 
15 
10 23 
4 
8 25 
16 
2 30 29 24 
3 
5 28 
17 29 
19 
14 
6 
13 
12 
==============================

====== Algorithm Status ======
Valor:                1285
Time:                 2000
nIter:                3701
Best Iter:            3701
Improvement Count:    3700
==============================
Solution tour: 
0 
20 
7 
1 22 
18 
9 
11 26 21 
15 
10 30 
4 23 25 
8 
16 
2 30 29 24 
3 
5 28 
17 29 
19 
14 
6 
13 
12 
==============================

====== Algorithm Status ======
Valor:                1372
Time:                 4000
nIter:                7566
Best Iter:            7566
Improvement Count:    7565
==============================
Solution tour: 
0 
9 
12 24 
11 26 21 
15 
10 30 
4 23 25 
16 
7 
1 22 
18 
2 29 24 
3 
5 28 
14 
8 
6 
13 
17 
19 
20 7 
==============================

====== Algorithm Status ======
Valor:                1412
Time:                 8000
nIter:                14988
Best Iter:            14988
Improvement Count:    14987
==============================
Solution tour: 
0 26 
1 22 
18 
9 
12 24 
11 21 
15 
10 30 
4 23 25 
6 
13 
17 
19 
20 7 
16 
7 
8 
2 29 24 
3 
5 28 
14 
==============================

====== Algorithm Status ======
Valor:                1412
Time:                 16000
nIter:                29773
Best Iter:            29773
Improvement Count:    29772
==============================
Solution tour: 
0 26 
1 22 
18 
9 
12 24 
11 21 
15 
10 30 
4 23 25 
6 
13 
17 
19 
20 7 
16 
7 
8 
2 29 24 
3 
5 28 
14 
==============================

====== Algorithm Status ======
Valor:                1412
Time:                 32000
nIter:                58377
Best Iter:            58377
Improvement Count:    58376
==============================
Solution tour: 
0 26 
1 22 
18 
9 
12 24 
11 21 
15 
10 30 
4 23 25 
6 
13 
17 
19 
20 7 
16 
7 
8 
2 29 24 
3 
5 28 
14 
==============================

====== Algorithm Status ======
Valor:                1415
Time:                 64000
nIter:                111635
Best Iter:            111635
Improvement Count:    111634
==============================
Solution tour: 
0 26 
5 28 
16 
7 
20 7 
8 
1 22 
18 
9 
12 24 
11 21 
15 
10 30 
4 23 25 
6 
14 
13 
17 
2 29 24 
3 
==============================

====== Algorithm Status ======
Valor:                1415
Time:                 128000
nIter:                214128
Best Iter:            214128
Improvement Count:    214127
==============================
Solution tour: 
0 26 
5 28 
16 
7 
20 7 
8 
1 22 
18 
9 
12 24 
11 21 
15 
10 30 
4 23 25 
6 
14 
13 
17 
2 29 24 
3 
==============================

====== Algorithm Status ======
Valor:                1415
Time:                 256000
nIter:                450852
Best Iter:            450852
Improvement Count:    450851
==============================
Solution tour: 
0 26 
5 28 
16 
7 
20 7 
8 
1 22 
18 
9 
12 24 
11 21 
15 
10 30 
4 23 25 
6 
14 
13 
17 
2 29 24 
3 
==============================

====== Algorithm Status ======
Valor:                1457
Time:                 512000
nIter:                901669
Best Iter:            901669
Improvement Count:    901668
==============================
Solution tour: 
0 26 
5 28 
16 
7 
20 7 
8 
1 22 
18 
9 
12 24 
11 21 
15 
10 30 
4 23 25 
14 
6 
13 
17 
2 29 24 
3 
==============================

====== Algorithm Status ======
Valor:                1507
Time:                 1024001
nIter:                1796595
Best Iter:            1796595
Improvement Count:    1796596
==============================
Solution tour: 
0 
12 3 24 
11 21 
15 
10 30 
4 23 25 
14 
8 
6 
13 
19 
17 
2 29 24 
3 
1 22 
18 1 
5 28 
16 
7 
20 7 
==============================

====== Algorithm Status ======
Valor:                1507
Time:                 1024001
nIter:                1796595
Best Iter:            1796595
Improvement Count:    1796596
==============================
Solution tour: 
0 
12 3 24 
11 21 
15 
10 30 
4 23 25 
14 
8 
6 
13 
19 
17 
2 29 24 
3 
1 22 
18 1 
5 28 
16 
7 
20 7 
==============================

