=========== Input ===========
File name:                ./instances/realistic-instances/20-10-1767920.cdop
Total node count:         31
Truck node count:         20
Drone node count:         10
=============================

========== Settings ==========
Settings file:        ./settings/Memetic_MPX_1881515.config
Seed:                 1881515
Reduction method:     -
Max iter:             1024000
Population size:      13
Crossover:            MA-MPX
Local Search:         LS
Warm Start:           -
==============================

====== Algorithm Status ======
Valor:                1698
Time:                 252
nIter:                110
Best Iter:            110
Improvement Count:    109
==============================
Solution tour: 
0 26 21 27 24 22 
16 7 16 
19 25 23 17 28 
17 29 0 
5 
7 
8 21 30 
11 
6 
9 6 16 
14 
13 
1 
2 
18 
4 7 
3 7 5 
10 18 10 
==============================

====== Algorithm Status ======
Valor:                1698
Time:                 501
nIter:                213
Best Iter:            213
Improvement Count:    212
==============================
Solution tour: 
0 26 21 27 24 22 
16 7 16 
19 25 23 17 28 
17 29 0 
5 
7 
8 21 30 
11 
6 
9 6 16 
14 
13 
1 
2 
18 
4 7 
3 7 5 
10 18 10 
==============================

====== Algorithm Status ======
Valor:                1698
Time:                 1001
nIter:                442
Best Iter:            442
Improvement Count:    441
==============================
Solution tour: 
0 26 21 27 24 22 
16 7 16 
19 25 23 17 28 
17 29 0 
5 
7 
8 21 30 
11 
6 
9 6 16 
14 
13 
1 
2 
18 
4 7 
3 7 5 
10 18 10 
==============================

====== Algorithm Status ======
Valor:                1698
Time:                 2000
nIter:                856
Best Iter:            856
Improvement Count:    855
==============================
Solution tour: 
0 26 21 27 24 22 
16 7 16 
19 25 23 17 28 
17 29 0 
5 
7 
8 21 30 
11 
6 
9 6 16 
14 
13 
1 
2 
18 
4 7 
3 7 5 
10 18 10 
==============================

====== Algorithm Status ======
Valor:                1788
Time:                 4000
nIter:                1774
Best Iter:            1774
Improvement Count:    1773
==============================
Solution tour: 
0 29 30 11 
6 
9 6 16 22 
14 
13 
1 
4 
2 
19 25 23 28 
17 29 15 
20 
15 
12 
5 
10 
18 21 27 21 26 21 
8 21 26 
==============================

====== Algorithm Status ======
Valor:                1788
Time:                 8000
nIter:                3528
Best Iter:            3528
Improvement Count:    3527
==============================
Solution tour: 
0 29 30 11 
6 
9 6 16 22 
14 
13 
1 
4 
2 
19 25 23 28 
17 29 15 
20 
15 
12 
5 
10 
18 21 27 21 26 21 
8 21 26 
==============================

====== Algorithm Status ======
Valor:                1788
Time:                 16000
nIter:                6932
Best Iter:            6932
Improvement Count:    6931
==============================
Solution tour: 
0 29 30 11 
6 
9 6 16 22 
14 
13 
1 
4 
2 
19 25 23 28 
17 29 15 
20 
15 
12 
5 
10 
18 21 27 21 26 21 
8 21 26 
==============================

====== Algorithm Status ======
Valor:                1877
Time:                 32001
nIter:                13475
Best Iter:            13475
Improvement Count:    13474
==============================
Solution tour: 
0 29 30 29 24 27 
13 
1 26 21 8 
7 
4 7 
16 7 
3 7 5 
10 5 
2 
6 
9 6 16 
14 16 22 16 
11 
19 25 23 17 28 29 
17 29 0 
8 21 
18 10 
20 
15 12 
==============================

====== Algorithm Status ======
Valor:                1877
Time:                 64000
nIter:                25097
Best Iter:            25097
Improvement Count:    25096
==============================
Solution tour: 
0 29 30 29 24 27 
13 
1 26 21 8 
7 
4 7 
16 7 
3 7 5 
10 5 
2 
6 
9 6 16 
14 16 22 16 
11 
19 25 23 17 28 29 
17 29 0 
8 21 
18 10 
20 
15 12 
==============================

====== Algorithm Status ======
Valor:                1909
Time:                 128000
nIter:                48183
Best Iter:            48183
Improvement Count:    48182
==============================
Solution tour: 
0 29 30 29 24 27 
13 
1 26 21 8 
7 
4 7 
16 7 
3 7 5 
10 5 
2 
6 
9 6 16 
14 16 22 16 
11 
19 25 23 17 28 29 
17 29 0 3 
8 21 
18 10 18 
==============================

====== Algorithm Status ======
Valor:                1909
Time:                 256002
nIter:                100006
Best Iter:            100006
Improvement Count:    100005
==============================
Solution tour: 
0 29 30 29 24 27 
13 
1 26 21 8 
7 
4 7 
16 7 
3 7 5 
10 5 
2 
6 
9 6 16 
14 16 22 16 
11 
19 25 23 17 28 29 
17 29 0 3 
8 21 
18 10 18 
==============================

====== Algorithm Status ======
Valor:                1909
Time:                 512001
nIter:                197837
Best Iter:            197837
Improvement Count:    197836
==============================
Solution tour: 
0 29 30 29 24 27 
13 
1 26 21 8 
7 
4 7 
16 7 
3 7 5 
10 5 
2 
6 
9 6 16 
14 16 22 16 
11 
19 25 23 17 28 29 
17 29 0 3 
8 21 
18 10 18 
==============================

====== Algorithm Status ======
Valor:                1909
Time:                 1024003
nIter:                393196
Best Iter:            393196
Improvement Count:    393197
==============================
Solution tour: 
0 29 30 29 24 27 
13 
1 26 21 8 
7 
4 7 
16 7 
3 7 5 
10 5 
2 
6 
9 6 16 
14 16 22 16 
11 
19 25 23 17 28 29 
17 29 0 3 
8 21 
18 10 18 
==============================

====== Algorithm Status ======
Valor:                1909
Time:                 1024003
nIter:                393196
Best Iter:            393196
Improvement Count:    393197
==============================
Solution tour: 
0 29 30 29 24 27 
13 
1 26 21 8 
7 
4 7 
16 7 
3 7 5 
10 5 
2 
6 
9 6 16 
14 16 22 16 
11 
19 25 23 17 28 29 
17 29 0 3 
8 21 
18 10 18 
==============================

