=========== Input ===========
File name:                ./instances/realistic-instances/25-25-1917698.cdop
Total node count:         51
Truck node count:         25
Drone node count:         25
=============================

========== Settings ==========
Settings file:        ./settings/Memetic_MPX_1881515.config
Seed:                 1881515
Reduction method:     -
Max iter:             1024000
Population size:      13
Crossover:            MA-MPX
Local Search:         LS
Warm Start:           -
==============================

====== Algorithm Status ======
Valor:                2088
Time:                 254
nIter:                39
Best Iter:            39
Improvement Count:    38
==============================
Solution tour: 
0 
22 
1 
11 47 
7 33 
17 41 46 27 28 
23 24 
9 
13 
4 5 33 
15 
6 
25 30 42 
12 36 38 48 
14 
19 29 45 47 26 
2 
21 16 
8 
16 49 31 50 
18 46 43 40 34 44 37 32 22 
3 
5 47 39 35 32 
==============================

====== Algorithm Status ======
Valor:                2117
Time:                 504
nIter:                72
Best Iter:            72
Improvement Count:    71
==============================
Solution tour: 
0 
5 39 35 
21 16 
8 
16 49 31 50 
18 46 43 40 34 44 37 32 22 32 
20 30 32 26 
11 47 
7 33 
10 17 31 41 
17 41 29 48 27 28 42 12 
1 
23 24 
9 
13 
4 5 33 
3 
15 
6 
25 30 
12 38 36 6 
2 
==============================

====== Algorithm Status ======
Valor:                2117
Time:                 1005
nIter:                139
Best Iter:            139
Improvement Count:    138
==============================
Solution tour: 
0 
5 39 35 
21 16 
8 
16 49 31 50 
18 46 43 40 34 44 37 32 22 32 
20 30 32 26 
11 47 
7 33 
10 17 31 41 
17 41 29 48 27 28 42 12 
1 
23 24 
9 
13 
4 5 33 
3 
15 
6 
25 30 
12 38 36 6 
2 
==============================

====== Algorithm Status ======
Valor:                2117
Time:                 2002
nIter:                265
Best Iter:            265
Improvement Count:    264
==============================
Solution tour: 
0 
5 39 35 
21 16 
8 
16 49 31 50 
18 46 43 40 34 44 37 32 22 32 
20 30 32 26 
11 47 
7 33 
10 17 31 41 
17 41 29 48 27 28 42 12 
1 
23 24 
9 
13 
4 5 33 
3 
15 
6 
25 30 
12 38 36 6 
2 
==============================

====== Algorithm Status ======
Valor:                2117
Time:                 4001
nIter:                523
Best Iter:            523
Improvement Count:    522
==============================
Solution tour: 
0 
5 39 35 
21 16 
8 
16 49 31 50 
18 46 43 40 34 44 37 32 22 32 
20 30 32 26 
11 47 
7 33 
10 17 31 41 
17 41 29 48 27 28 42 12 
1 
23 24 
9 
13 
4 5 33 
3 
15 
6 
25 30 
12 38 36 6 
2 
==============================

====== Algorithm Status ======
Valor:                2149
Time:                 8006
nIter:                1069
Best Iter:            1069
Improvement Count:    1068
==============================
Solution tour: 
0 
5 
14 29 35 39 
21 16 
8 
16 49 31 50 
18 46 43 40 34 44 37 32 22 32 
20 32 26 
11 47 
7 33 
10 
17 41 27 48 38 36 12 
1 
23 28 24 
9 
13 
4 
3 
15 
6 
25 30 25 
==============================

====== Algorithm Status ======
Valor:                2149
Time:                 16003
nIter:                2153
Best Iter:            2153
Improvement Count:    2152
==============================
Solution tour: 
0 
5 
14 29 35 39 
21 16 
8 
16 49 31 50 
18 46 43 40 34 44 37 32 22 32 
20 32 26 
11 47 
7 33 
10 
17 41 27 48 38 36 12 
1 
23 28 24 
9 
13 
4 
3 
15 
6 
25 30 25 
==============================

====== Algorithm Status ======
Valor:                2149
Time:                 32001
nIter:                4419
Best Iter:            4419
Improvement Count:    4418
==============================
Solution tour: 
0 
5 
14 29 35 39 
21 16 
8 
16 49 31 50 
18 46 43 40 34 44 37 32 22 32 
20 32 26 
11 47 
7 33 
10 
17 41 27 48 38 36 12 
1 
23 28 24 
9 
13 
4 
3 
15 
6 
25 30 25 
==============================

====== Algorithm Status ======
Valor:                2172
Time:                 64004
nIter:                9080
Best Iter:            9080
Improvement Count:    9079
==============================
Solution tour: 
0 
5 
14 29 35 39 47 
2 26 30 
12 
22 0 
21 16 
8 
16 49 31 50 
18 46 43 40 34 44 37 32 22 32 
20 26 
11 
7 
10 
17 41 27 48 38 36 12 
1 
23 24 28 
19 24 
9 
13 
4 
3 
==============================

====== Algorithm Status ======
Valor:                2172
Time:                 128002
nIter:                17688
Best Iter:            17688
Improvement Count:    17687
==============================
Solution tour: 
0 
5 
14 29 35 39 47 
2 26 30 
12 
22 0 
21 16 
8 
16 49 31 50 
18 46 43 40 34 44 37 32 22 32 
20 26 
11 
7 
10 
17 41 27 48 38 36 12 
1 
23 24 28 
19 24 
9 
13 
4 
3 
==============================

====== Algorithm Status ======
Valor:                2183
Time:                 256001
nIter:                33800
Best Iter:            33800
Improvement Count:    33799
==============================
Solution tour: 
0 48 0 
21 16 
8 
16 49 35 31 44 34 40 43 46 
18 50 37 32 22 
20 
11 47 39 
7 
10 
15 
17 41 29 27 28 38 36 12 
1 
23 
19 24 
9 
13 0 
6 5 
4 
2 26 30 42 
12 
22 0 
==============================

====== Algorithm Status ======
Valor:                2209
Time:                 512001
nIter:                67456
Best Iter:            67456
Improvement Count:    67455
==============================
Solution tour: 
0 
21 16 
8 
16 49 35 31 44 34 40 43 46 
18 50 37 32 22 26 30 
20 
11 50 47 39 
7 
10 
15 
17 41 29 27 28 38 36 12 48 
14 
5 
25 
1 
23 
19 24 
9 
13 0 
6 5 
4 5 
==============================

====== Algorithm Status ======
Valor:                2322
Time:                 1024002
nIter:                132924
Best Iter:            132924
Improvement Count:    132925
==============================
Solution tour: 
0 
21 16 
8 
7 8 
16 49 35 31 40 44 34 40 43 46 
18 50 37 32 22 26 30 
20 30 
25 
22 
4 
11 50 41 48 28 27 39 47 33 
10 
15 
17 41 27 29 
14 
5 
2 
1 
23 
19 38 36 
6 5 4 
9 
13 0 
==============================

====== Algorithm Status ======
Valor:                2322
Time:                 1024002
nIter:                132924
Best Iter:            132924
Improvement Count:    132925
==============================
Solution tour: 
0 
21 16 
8 
7 8 
16 49 35 31 40 44 34 40 43 46 
18 50 37 32 22 26 30 
20 30 
25 
22 
4 
11 50 41 48 28 27 39 47 33 
10 
15 
17 41 27 29 
14 
5 
2 
1 
23 
19 38 36 
6 5 4 
9 
13 0 
==============================

