=========== Input ===========
File name:                ./instances/realistic-instances/25-25-1767920.cdop
Total node count:         51
Truck node count:         25
Drone node count:         25
=============================

========== Settings ==========
Settings file:        ./settings/Memetic_MMX_1099666.config
Seed:                 1099666
Reduction method:     -
Max iter:             1024000
Population size:      13
Crossover:            MA-MMX
Local Search:         LS
Warm Start:           -
==============================

====== Algorithm Status ======
Valor:                2490
Time:                 251
nIter:                43
Best Iter:            43
Improvement Count:    42
==============================
Solution tour: 
0 26 41 29 43 29 49 27 50 44 48 31 46 42 45 32 45 40 27 
22 30 36 47 16 38 37 35 28 39 28 34 38 33 38 26 
==============================

====== Algorithm Status ======
Valor:                2490
Time:                 501
nIter:                86
Best Iter:            86
Improvement Count:    85
==============================
Solution tour: 
0 26 41 29 43 29 49 27 50 44 48 31 46 42 45 32 45 40 27 
22 30 36 47 16 38 37 35 28 39 28 34 38 33 38 26 
==============================

====== Algorithm Status ======
Valor:                2549
Time:                 1003
nIter:                188
Best Iter:            188
Improvement Count:    187
==============================
Solution tour: 
0 38 26 41 47 29 43 29 49 27 50 44 48 31 46 42 45 32 45 40 27 
22 30 36 33 38 37 34 28 39 28 35 1 35 10 8 1 
==============================

====== Algorithm Status ======
Valor:                2585
Time:                 2003
nIter:                364
Best Iter:            364
Improvement Count:    363
==============================
Solution tour: 
0 2 7 41 47 29 43 29 49 50 48 44 31 46 42 45 32 45 40 27 
22 30 36 33 38 26 37 34 28 39 28 35 1 35 10 8 1 
==============================

====== Algorithm Status ======
Valor:                2585
Time:                 4004
nIter:                711
Best Iter:            711
Improvement Count:    710
==============================
Solution tour: 
0 2 7 41 47 29 43 29 49 50 48 44 31 46 42 45 32 45 40 27 
22 30 36 33 38 26 37 34 28 39 28 35 1 35 10 8 1 
==============================

====== Algorithm Status ======
Valor:                2585
Time:                 8003
nIter:                1400
Best Iter:            1400
Improvement Count:    1399
==============================
Solution tour: 
0 2 7 41 47 29 43 29 49 50 48 44 31 46 42 45 32 45 40 27 
22 30 36 33 38 26 37 34 28 39 28 35 1 35 10 8 1 
==============================

====== Algorithm Status ======
Valor:                2585
Time:                 16002
nIter:                2765
Best Iter:            2765
Improvement Count:    2764
==============================
Solution tour: 
0 2 7 41 47 29 43 29 49 50 48 44 31 46 42 45 32 45 40 27 
22 30 36 33 38 26 37 34 28 39 28 35 1 35 10 8 1 
==============================

====== Algorithm Status ======
Valor:                2662
Time:                 32013
nIter:                5502
Best Iter:            5502
Improvement Count:    5501
==============================
Solution tour: 
0 38 26 41 
7 41 40 45 32 45 42 46 48 46 31 44 50 49 27 
22 27 47 36 30 36 47 29 43 37 34 28 39 28 35 1 
==============================

====== Algorithm Status ======
Valor:                2662
Time:                 64000
nIter:                11087
Best Iter:            11087
Improvement Count:    11086
==============================
Solution tour: 
0 38 26 41 
7 41 40 45 32 45 42 46 48 46 31 44 50 49 27 
22 27 47 36 30 36 47 29 43 37 34 28 39 28 35 1 
==============================

====== Algorithm Status ======
Valor:                2662
Time:                 128001
nIter:                21534
Best Iter:            21534
Improvement Count:    21533
==============================
Solution tour: 
0 38 26 41 
7 41 40 45 32 45 42 46 48 46 31 44 50 49 27 
22 27 47 36 30 36 47 29 43 37 34 28 39 28 35 1 
==============================

====== Algorithm Status ======
Valor:                2672
Time:                 256003
nIter:                43450
Best Iter:            43450
Improvement Count:    43449
==============================
Solution tour: 
0 26 38 37 43 29 41 
7 41 40 45 32 45 42 46 31 48 44 50 49 27 
22 27 47 36 30 36 47 29 43 34 28 39 28 35 1 
==============================

====== Algorithm Status ======
Valor:                2672
Time:                 512001
nIter:                86042
Best Iter:            86042
Improvement Count:    86041
==============================
Solution tour: 
0 26 38 37 43 29 41 
7 41 40 45 32 45 42 46 31 48 44 50 49 27 
22 27 47 36 30 36 47 29 43 34 28 39 28 35 1 
==============================

====== Algorithm Status ======
Valor:                2672
Time:                 1024005
nIter:                171566
Best Iter:            171566
Improvement Count:    171567
==============================
Solution tour: 
0 26 38 37 43 29 41 
7 41 40 45 32 45 42 46 31 48 44 50 49 27 
22 27 47 36 30 36 47 29 43 34 28 39 28 35 1 
==============================

====== Algorithm Status ======
Valor:                2672
Time:                 1024005
nIter:                171566
Best Iter:            171566
Improvement Count:    171567
==============================
Solution tour: 
0 26 38 37 43 29 41 
7 41 40 45 32 45 42 46 31 48 44 50 49 27 
22 27 47 36 30 36 47 29 43 34 28 39 28 35 1 
==============================

