=========== Input ===========
File name:                ./instances/realistic-instances/20-25-1891798.cdop
Total node count:         46
Truck node count:         20
Drone node count:         25
=============================

========== Settings ==========
Settings file:        ./settings/Memetic_MMX_1099666.config
Seed:                 1099666
Reduction method:     -
Max iter:             1024000
Population size:      13
Crossover:            MA-MMX
Local Search:         LS
Warm Start:           -
==============================

====== Algorithm Status ======
Valor:                2643
Time:                 250
nIter:                47
Best Iter:            47
Improvement Count:    46
==============================
Solution tour: 
0 25 24 43 30 34 45 38 23 
18 23 32 38 41 33 41 35 33 39 44 34 30 21 40 
9 40 31 27 22 29 26 
13 35 
8 11 
==============================

====== Algorithm Status ======
Valor:                2651
Time:                 502
nIter:                84
Best Iter:            84
Improvement Count:    83
==============================
Solution tour: 
0 25 24 43 30 34 45 38 23 
18 23 32 38 17 33 41 33 37 39 44 34 30 21 40 
9 40 31 28 27 22 29 26 
13 35 
8 11 
==============================

====== Algorithm Status ======
Valor:                2725
Time:                 1001
nIter:                171
Best Iter:            171
Improvement Count:    170
==============================
Solution tour: 
0 24 42 38 45 37 44 39 34 30 43 30 21 28 14 28 31 40 
9 40 27 22 29 25 35 
8 35 32 26 18 23 35 33 41 33 3 
==============================

====== Algorithm Status ======
Valor:                2823
Time:                 2004
nIter:                348
Best Iter:            348
Improvement Count:    347
==============================
Solution tour: 
0 45 38 45 44 39 34 30 43 30 27 22 29 21 40 
9 40 31 28 14 24 25 13 26 41 33 41 35 
8 35 23 38 32 2 
==============================

====== Algorithm Status ======
Valor:                2842
Time:                 4006
nIter:                701
Best Iter:            701
Improvement Count:    700
==============================
Solution tour: 
0 45 38 45 44 39 37 34 30 43 30 27 22 29 36 21 40 
9 40 31 28 14 24 13 26 41 33 41 35 
8 35 25 35 23 38 32 2 
==============================

====== Algorithm Status ======
Valor:                2855
Time:                 8004
nIter:                1335
Best Iter:            1335
Improvement Count:    1334
==============================
Solution tour: 
0 1 17 37 39 44 34 43 30 27 22 29 36 21 40 
9 40 31 28 14 24 13 26 41 33 41 35 
8 35 25 23 38 32 38 45 0 
11 
==============================

====== Algorithm Status ======
Valor:                2855
Time:                 16004
nIter:                2558
Best Iter:            2558
Improvement Count:    2557
==============================
Solution tour: 
0 1 17 37 39 44 34 43 30 27 22 29 36 21 40 
9 40 31 28 14 24 13 26 41 33 41 35 
8 35 25 23 38 32 38 45 0 
11 
==============================

====== Algorithm Status ======
Valor:                2855
Time:                 32003
nIter:                4965
Best Iter:            4965
Improvement Count:    4964
==============================
Solution tour: 
0 1 17 37 39 44 34 43 30 27 22 29 36 21 40 
9 40 31 28 14 24 13 26 41 33 41 35 
8 35 25 23 38 32 38 45 0 
11 
==============================

====== Algorithm Status ======
Valor:                2870
Time:                 64003
nIter:                9939
Best Iter:            9939
Improvement Count:    9938
==============================
Solution tour: 
0 1 17 37 39 44 34 30 43 30 27 22 29 36 21 40 
9 40 31 28 14 24 14 26 41 33 35 
8 35 23 25 38 32 38 45 
==============================

====== Algorithm Status ======
Valor:                2870
Time:                 128000
nIter:                21509
Best Iter:            21509
Improvement Count:    21508
==============================
Solution tour: 
0 1 17 37 39 44 34 30 43 30 27 22 29 36 21 40 
9 40 31 28 14 24 14 26 41 33 35 
8 35 23 25 38 32 38 45 
==============================

====== Algorithm Status ======
Valor:                2870
Time:                 256002
nIter:                45349
Best Iter:            45349
Improvement Count:    45348
==============================
Solution tour: 
0 1 17 37 39 44 34 30 43 30 27 22 29 36 21 40 
9 40 31 28 14 24 14 26 41 33 35 
8 35 23 25 38 32 38 45 
==============================

====== Algorithm Status ======
Valor:                2870
Time:                 512000
nIter:                91532
Best Iter:            91532
Improvement Count:    91531
==============================
Solution tour: 
0 1 17 37 39 44 34 30 43 30 27 22 29 36 21 40 
9 40 31 28 14 24 14 26 41 33 35 
8 35 23 25 38 32 38 45 
==============================

====== Algorithm Status ======
Valor:                2870
Time:                 1024002
nIter:                184230
Best Iter:            184230
Improvement Count:    184231
==============================
Solution tour: 
0 1 17 37 39 44 34 30 43 30 27 22 29 36 21 40 
9 40 31 28 14 24 14 26 41 33 35 
8 35 23 25 38 32 38 45 
==============================

====== Algorithm Status ======
Valor:                2870
Time:                 1024002
nIter:                184230
Best Iter:            184230
Improvement Count:    184231
==============================
Solution tour: 
0 1 17 37 39 44 34 30 43 30 27 22 29 36 21 40 
9 40 31 28 14 24 14 26 41 33 35 
8 35 23 25 38 32 38 45 
==============================

