=========== Input ===========
File name:                ./instances/realistic-instances/20-10-1767920.cdop
Total node count:         31
Truck node count:         20
Drone node count:         10
=============================

========== Settings ==========
Settings file:        ./settings/Memetic-LS_MMX_1099666.config
Seed:                 1099666
Reduction method:     -
Max iter:             1024000
Population size:      13
Crossover:            MA-MMX
Local Search:         -
Warm Start:           -
==============================

====== Algorithm Status ======
Valor:                793
Time:                 250
nIter:                495
Best Iter:            495
Improvement Count:    494
==============================
Solution tour: 
0 
13 
1 22 30 
11 
3 27 25 
5 
7 
4 
6 24 
16 
12 
19 
20 
14 29 
15 
9 
18 
10 
8 
2 23 
17 28 21 26 
==============================

====== Algorithm Status ======
Valor:                1310
Time:                 500
nIter:                1062
Best Iter:            1062
Improvement Count:    1061
==============================
Solution tour: 
0 29 30 
11 30 
2 
8 27 25 
5 
9 24 20 
19 
20 
14 
6 
15 29 13 23 21 26 
==============================

====== Algorithm Status ======
Valor:                1526
Time:                 1000
nIter:                2413
Best Iter:            2413
Improvement Count:    2412
==============================
Solution tour: 
0 29 
15 
12 30 
11 27 21 27 24 
9 24 20 
19 
20 23 25 
8 26 
6 
==============================

====== Algorithm Status ======
Valor:                1733
Time:                 2000
nIter:                4900
Best Iter:            4900
Improvement Count:    4899
==============================
Solution tour: 
0 29 
15 29 30 21 
8 21 27 28 24 
9 24 27 21 25 23 25 
5 
10 26 
==============================

====== Algorithm Status ======
Valor:                1803
Time:                 4000
nIter:                10133
Best Iter:            10133
Improvement Count:    10132
==============================
Solution tour: 
0 29 
15 29 30 29 27 21 
8 21 27 28 
9 24 27 25 23 25 
3 
7 
5 26 
==============================

====== Algorithm Status ======
Valor:                1869
Time:                 8000
nIter:                19977
Best Iter:            19977
Improvement Count:    19976
==============================
Solution tour: 
0 29 
15 29 30 29 27 21 
8 21 27 28 
6 
9 24 22 25 23 25 
3 
7 
16 29 
==============================

====== Algorithm Status ======
Valor:                1883
Time:                 16000
nIter:                38984
Best Iter:            38984
Improvement Count:    38983
==============================
Solution tour: 
0 29 
15 29 30 29 27 21 
8 21 27 28 
6 
9 24 22 25 23 25 
3 
7 
16 22 29 
==============================

====== Algorithm Status ======
Valor:                1883
Time:                 32000
nIter:                75878
Best Iter:            75878
Improvement Count:    75877
==============================
Solution tour: 
0 29 
15 29 30 29 27 21 
8 21 27 28 
6 
9 24 22 25 23 25 
3 
7 
16 22 29 
==============================

====== Algorithm Status ======
Valor:                1945
Time:                 64000
nIter:                145380
Best Iter:            145380
Improvement Count:    145379
==============================
Solution tour: 
0 29 
15 29 30 29 27 21 
8 21 26 21 27 28 
6 
9 24 22 25 23 25 
3 
7 
16 22 29 
==============================

====== Algorithm Status ======
Valor:                1956
Time:                 128000
nIter:                283164
Best Iter:            283164
Improvement Count:    283163
==============================
Solution tour: 
0 29 
15 29 30 
11 30 29 27 21 
8 21 26 21 27 28 
6 25 23 25 
3 
7 
16 22 29 
==============================

====== Algorithm Status ======
Valor:                1973
Time:                 256000
nIter:                593843
Best Iter:            593843
Improvement Count:    593842
==============================
Solution tour: 
0 29 
15 29 30 
11 30 29 27 21 
8 21 26 21 27 24 28 
6 25 23 25 
3 
7 
16 22 29 
==============================

====== Algorithm Status ======
Valor:                1973
Time:                 512000
nIter:                1183151
Best Iter:            1183151
Improvement Count:    1183150
==============================
Solution tour: 
0 29 
15 29 30 
11 30 29 27 21 
8 21 26 21 27 24 28 
6 25 23 25 
3 
7 
16 22 29 
==============================

====== Algorithm Status ======
Valor:                1973
Time:                 1024001
nIter:                2351443
Best Iter:            2351443
Improvement Count:    2351444
==============================
Solution tour: 
0 29 
15 29 30 
11 30 29 27 21 
8 21 26 21 27 24 28 
6 25 23 25 
3 
7 
16 22 29 
==============================

====== Algorithm Status ======
Valor:                1973
Time:                 1024001
nIter:                2351443
Best Iter:            2351443
Improvement Count:    2351444
==============================
Solution tour: 
0 29 
15 29 30 
11 30 29 27 21 
8 21 26 21 27 24 28 
6 25 23 25 
3 
7 
16 22 29 
==============================

