=========== Input ===========
File name:                ./instances/realistic-instances/25-25-1767920.cdop
Total node count:         51
Truck node count:         25
Drone node count:         25
=============================

========== Settings ==========
Settings file:        ./settings/Memetic-LS_MPX_1881515.config
Seed:                 1881515
Reduction method:     -
Max iter:             1024000
Population size:      13
Crossover:            MA-MPX
Local Search:         -
Warm Start:           -
==============================

====== Algorithm Status ======
Valor:                969
Time:                 253
nIter:                191
Best Iter:            191
Improvement Count:    190
==============================
Solution tour: 
0 
9 35 
14 
12 
2 
3 
24 26 41 
7 29 
13 38 
4 
20 
16 
25 
18 
6 36 
23 
11 
21 
22 
15 
19 
1 
8 
10 
17 
5 
==============================

====== Algorithm Status ======
Valor:                1007
Time:                 500
nIter:                398
Best Iter:            398
Improvement Count:    397
==============================
Solution tour: 
0 
16 
20 
4 
13 38 
6 36 
23 
11 
21 
22 
15 43 
10 
17 
19 
1 
5 
8 
9 35 
14 
12 
2 
3 
24 26 41 
7 29 
18 
25 
==============================

====== Algorithm Status ======
Valor:                1115
Time:                 1006
nIter:                813
Best Iter:            813
Improvement Count:    812
==============================
Solution tour: 
0 
3 
24 26 41 
7 29 
18 
4 
20 
13 38 
16 
25 
23 
22 
21 
11 
15 
10 
17 
19 
5 
1 
8 
9 35 
14 
12 
2 
6 40 
==============================

====== Algorithm Status ======
Valor:                1376
Time:                 2000
nIter:                1610
Best Iter:            1610
Improvement Count:    1609
==============================
Solution tour: 
0 28 
13 38 
16 
21 
11 
15 
2 
5 
6 40 
24 26 41 
7 
23 
19 
17 
18 
20 
22 
12 
14 43 29 
4 
3 
9 35 
10 
25 50 
8 
1 
==============================

====== Algorithm Status ======
Valor:                1395
Time:                 4000
nIter:                3304
Best Iter:            3304
Improvement Count:    3303
==============================
Solution tour: 
0 28 
13 38 
16 
21 
11 
15 
3 
2 
9 35 
10 
25 50 
5 
8 
1 
6 40 
24 26 41 
7 
23 
19 
17 
18 
20 
22 
12 
14 43 29 
4 
==============================

====== Algorithm Status ======
Valor:                1451
Time:                 8000
nIter:                6658
Best Iter:            6658
Improvement Count:    6657
==============================
Solution tour: 
0 
12 
14 43 29 
4 
13 38 
16 
20 
21 
11 
15 
3 
2 
9 35 
10 
25 50 
5 
8 
1 
6 40 
24 26 41 
7 
23 
18 
22 27 
19 
17 
==============================

====== Algorithm Status ======
Valor:                1480
Time:                 16002
nIter:                13272
Best Iter:            13272
Improvement Count:    13271
==============================
Solution tour: 
0 
5 
6 40 
24 26 41 
7 
23 
18 
22 27 
19 
17 
14 43 29 
4 
13 38 
16 
20 
21 
11 
15 
3 
2 
9 35 
1 
8 
10 
25 50 
12 
==============================

====== Algorithm Status ======
Valor:                1527
Time:                 32000
nIter:                26812
Best Iter:            26812
Improvement Count:    26811
==============================
Solution tour: 
0 
5 8 10 35 
1 
8 
3 
15 
6 40 
24 26 41 
7 
23 50 
10 
25 
18 
22 27 
19 
17 
12 
14 43 29 
16 
13 
2 46 
4 
20 
21 
11 
9 
==============================

====== Algorithm Status ======
Valor:                1643
Time:                 64004
nIter:                54922
Best Iter:            54922
Improvement Count:    54921
==============================
Solution tour: 
0 
3 
15 
6 44 40 
24 26 41 
7 
23 50 
4 
13 
20 
21 
11 
9 
12 
14 43 29 
16 38 
10 
25 
18 
22 27 
19 
17 
2 46 
5 8 35 
1 
8 
==============================

====== Algorithm Status ======
Valor:                1692
Time:                 128000
nIter:                107339
Best Iter:            107339
Improvement Count:    107338
==============================
Solution tour: 
0 
3 
15 
6 40 
24 26 41 
7 
23 44 50 
4 
13 
20 
21 
11 
9 
12 
14 43 29 
16 38 
10 
25 
18 
22 27 
19 
17 37 
2 46 
5 
1 35 
8 
==============================

====== Algorithm Status ======
Valor:                1796
Time:                 256001
nIter:                213122
Best Iter:            213122
Improvement Count:    213121
==============================
Solution tour: 
0 
3 
15 
6 40 
24 26 41 
7 
23 44 36 50 7 
4 
13 
20 
21 
11 
9 
5 
12 
8 35 
14 43 29 
18 38 
10 
25 
16 
22 27 
19 
17 37 28 
2 46 
1 35 1 
==============================

====== Algorithm Status ======
Valor:                1920
Time:                 512000
nIter:                412964
Best Iter:            412964
Improvement Count:    412963
==============================
Solution tour: 
0 
3 
15 
6 40 
24 26 41 
7 
23 44 36 50 
4 
13 
10 
25 
16 
22 27 
19 
17 37 28 
20 
21 
11 
9 
5 
2 46 48 31 
12 
8 35 
1 35 
14 43 29 47 
18 38 
==============================

====== Algorithm Status ======
Valor:                1947
Time:                 1024002
nIter:                814815
Best Iter:            814815
Improvement Count:    814816
==============================
Solution tour: 
0 
3 
15 
6 40 
24 26 41 
7 
4 
13 
10 
25 
18 38 
16 
22 27 
19 
17 37 28 
20 
21 
11 
9 
5 
2 31 46 48 45 
12 
8 35 
1 35 
14 43 29 47 
23 44 36 50 
==============================

====== Algorithm Status ======
Valor:                1947
Time:                 1024002
nIter:                814815
Best Iter:            814815
Improvement Count:    814816
==============================
Solution tour: 
0 
3 
15 
6 40 
24 26 41 
7 
4 
13 
10 
25 
18 38 
16 
22 27 
19 
17 37 28 
20 
21 
11 
9 
5 
2 31 46 48 45 
12 
8 35 
1 35 
14 43 29 47 
23 44 36 50 
==============================

