=========== Input ===========
File name:                ./instances/realistic-instances/25-25-1762875.cdop
Total node count:         51
Truck node count:         25
Drone node count:         25
=============================

========== Settings ==========
Settings file:        ./settings/Memetic-LS_MMX_1287823.config
Seed:                 1287823
Reduction method:     -
Max iter:             1024000
Population size:      13
Crossover:            MA-MMX
Local Search:         -
Warm Start:           -
==============================

====== Algorithm Status ======
Valor:                1468
Time:                 253
nIter:                308
Best Iter:            308
Improvement Count:    307
==============================
Solution tour: 
0 41 37 
24 
25 27 28 27 33 40 
13 44 48 
2 48 30 
23 40 
3 31 28 31 
21 
15 26 
==============================

====== Algorithm Status ======
Valor:                1727
Time:                 504
nIter:                605
Best Iter:            605
Improvement Count:    604
==============================
Solution tour: 
0 50 41 37 
24 
25 27 28 
19 27 43 28 27 49 40 
13 44 48 
2 48 30 
23 40 
3 28 31 28 
15 26 
==============================

====== Algorithm Status ======
Valor:                1917
Time:                 1000
nIter:                1207
Best Iter:            1207
Improvement Count:    1206
==============================
Solution tour: 
0 50 41 37 
24 
25 27 28 27 43 47 49 47 40 
13 44 48 
2 48 30 
23 40 
3 28 31 28 
15 26 
==============================

====== Algorithm Status ======
Valor:                2067
Time:                 2000
nIter:                2408
Best Iter:            2408
Improvement Count:    2407
==============================
Solution tour: 
0 
17 50 41 50 49 47 37 47 49 37 49 40 
13 44 48 
2 48 43 30 
23 40 
3 32 27 28 
15 26 
==============================

====== Algorithm Status ======
Valor:                2123
Time:                 4001
nIter:                4849
Best Iter:            4849
Improvement Count:    4848
==============================
Solution tour: 
0 41 50 49 47 37 47 49 37 49 40 
13 44 48 
2 48 43 30 
23 40 
3 32 28 27 28 40 26 
==============================

====== Algorithm Status ======
Valor:                2143
Time:                 8000
nIter:                9469
Best Iter:            9469
Improvement Count:    9468
==============================
Solution tour: 
0 41 50 38 49 50 49 47 37 47 49 37 49 40 
13 44 48 
2 48 43 30 
23 40 
3 28 27 28 40 26 
==============================

====== Algorithm Status ======
Valor:                2228
Time:                 16003
nIter:                18976
Best Iter:            18976
Improvement Count:    18975
==============================
Solution tour: 
0 41 30 38 50 29 43 49 47 37 47 49 37 49 40 
13 44 32 48 
2 40 
23 40 
3 27 28 40 26 
==============================

====== Algorithm Status ======
Valor:                2328
Time:                 32004
nIter:                37690
Best Iter:            37690
Improvement Count:    37689
==============================
Solution tour: 
0 41 42 50 29 38 30 43 49 47 37 47 49 37 36 37 49 40 
13 44 48 
2 40 
23 40 34 
3 27 28 40 26 
==============================

====== Algorithm Status ======
Valor:                2480
Time:                 64000
nIter:                72340
Best Iter:            72340
Improvement Count:    72339
==============================
Solution tour: 
0 48 50 29 38 30 43 49 47 37 47 49 37 46 36 37 49 
10 41 40 
23 40 34 
3 32 35 32 27 28 40 49 40 26 
==============================

====== Algorithm Status ======
Valor:                2480
Time:                 128000
nIter:                132200
Best Iter:            132200
Improvement Count:    132199
==============================
Solution tour: 
0 48 50 29 38 30 43 49 47 37 47 49 37 46 36 37 49 
10 41 40 
23 40 34 
3 32 35 32 27 28 40 49 40 26 
==============================

====== Algorithm Status ======
Valor:                2496
Time:                 256000
nIter:                258510
Best Iter:            258510
Improvement Count:    258509
==============================
Solution tour: 
0 48 31 50 29 38 30 43 49 47 37 47 49 37 46 37 36 37 49 
10 41 40 
23 40 34 
3 32 35 32 27 28 31 28 40 26 
==============================

====== Algorithm Status ======
Valor:                2558
Time:                 512000
nIter:                508627
Best Iter:            508627
Improvement Count:    508626
==============================
Solution tour: 
0 48 31 50 29 38 30 43 49 47 37 47 49 37 46 37 36 37 49 
10 41 40 
23 40 34 
19 31 27 28 31 28 27 32 35 26 
==============================

====== Algorithm Status ======
Valor:                2624
Time:                 1024001
nIter:                1002327
Best Iter:            1002327
Improvement Count:    1002328
==============================
Solution tour: 
0 48 31 50 29 38 30 43 49 47 37 47 49 37 46 33 36 44 41 
10 40 
23 40 34 
19 31 27 28 31 28 27 32 35 26 
==============================

====== Algorithm Status ======
Valor:                2624
Time:                 1024001
nIter:                1002327
Best Iter:            1002327
Improvement Count:    1002328
==============================
Solution tour: 
0 48 31 50 29 38 30 43 49 47 37 47 49 37 46 33 36 44 41 
10 40 
23 40 34 
19 31 27 28 31 28 27 32 35 26 
==============================

