=========== Input ===========
File name:                ./instances/realistic-instances/20-10-1110588.cdop
Total node count:         31
Truck node count:         20
Drone node count:         10
=============================

========== Settings ==========
Settings file:        ./settings/Memetic-LS_MMX_1287823.config
Seed:                 1287823
Reduction method:     -
Max iter:             1024000
Population size:      13
Crossover:            MA-MMX
Local Search:         -
Warm Start:           -
==============================

====== Algorithm Status ======
Valor:                1396
Time:                 250
nIter:                560
Best Iter:            560
Improvement Count:    559
==============================
Solution tour: 
0 
20 22 
18 
1 22 
16 24 
3 24 21 
2 
4 23 
5 28 25 
9 29 
7 
==============================

====== Algorithm Status ======
Valor:                1447
Time:                 500
nIter:                1226
Best Iter:            1226
Improvement Count:    1225
==============================
Solution tour: 
0 
20 22 
18 
1 22 
16 24 
3 24 21 
2 
4 23 
5 28 25 
9 29 26 
==============================

====== Algorithm Status ======
Valor:                1459
Time:                 1000
nIter:                2584
Best Iter:            2584
Improvement Count:    2583
==============================
Solution tour: 
0 
20 22 
18 
1 22 
16 24 
3 24 21 
2 
4 23 
5 28 25 29 
15 21 
==============================

====== Algorithm Status ======
Valor:                1599
Time:                 2000
nIter:                5223
Best Iter:            5223
Improvement Count:    5222
==============================
Solution tour: 
0 29 22 
20 22 
18 
1 22 
13 
16 24 
3 24 30 
4 23 
5 28 24 
11 25 
15 21 
==============================

====== Algorithm Status ======
Valor:                1599
Time:                 4000
nIter:                10225
Best Iter:            10225
Improvement Count:    10224
==============================
Solution tour: 
0 29 22 
20 22 
18 
1 22 
13 
16 24 
3 24 30 
4 23 
5 28 24 
11 25 
15 21 
==============================

====== Algorithm Status ======
Valor:                1633
Time:                 8000
nIter:                20205
Best Iter:            20205
Improvement Count:    20204
==============================
Solution tour: 
0 
20 22 29 22 
18 
1 22 
13 6 
16 24 
3 24 
4 23 
5 28 30 24 
11 25 
15 21 
==============================

====== Algorithm Status ======
Valor:                1649
Time:                 16000
nIter:                39252
Best Iter:            39252
Improvement Count:    39251
==============================
Solution tour: 
0 
20 22 29 22 
18 
1 22 
13 
16 24 
3 24 
4 23 
5 28 30 11 24 
11 25 
6 
10 
==============================

====== Algorithm Status ======
Valor:                1722
Time:                 32000
nIter:                75918
Best Iter:            75918
Improvement Count:    75917
==============================
Solution tour: 
0 
20 22 29 22 
13 22 
18 
1 22 
16 24 
3 24 
4 28 
5 23 25 11 24 
11 25 
6 
10 26 
==============================

====== Algorithm Status ======
Valor:                1722
Time:                 64000
nIter:                143525
Best Iter:            143525
Improvement Count:    143524
==============================
Solution tour: 
0 
20 22 29 22 
13 22 
18 
1 22 
16 24 
3 24 
4 28 
5 23 25 11 24 
11 25 
6 
10 26 
==============================

====== Algorithm Status ======
Valor:                1753
Time:                 128000
nIter:                278304
Best Iter:            278304
Improvement Count:    278303
==============================
Solution tour: 
0 7 
20 22 29 22 
18 
1 22 30 
16 24 
3 24 28 
5 23 25 11 24 
11 25 
6 
10 26 
==============================

====== Algorithm Status ======
Valor:                1792
Time:                 256000
nIter:                599446
Best Iter:            599446
Improvement Count:    599445
==============================
Solution tour: 
0 
20 22 
18 22 
1 22 29 24 
3 24 28 
5 23 25 11 24 
11 25 
6 
10 3 26 
==============================

====== Algorithm Status ======
Valor:                1792
Time:                 512000
nIter:                1211190
Best Iter:            1211190
Improvement Count:    1211189
==============================
Solution tour: 
0 
20 22 
18 22 
1 22 29 24 
3 24 28 
5 23 25 11 24 
11 25 
6 
10 3 26 
==============================

====== Algorithm Status ======
Valor:                1817
Time:                 1024001
nIter:                2390454
Best Iter:            2390454
Improvement Count:    2390455
==============================
Solution tour: 
0 
7 
20 22 
18 22 
1 22 29 24 
3 24 28 
5 23 25 11 24 
11 25 
6 
13 22 
4 30 
==============================

====== Algorithm Status ======
Valor:                1817
Time:                 1024001
nIter:                2390454
Best Iter:            2390454
Improvement Count:    2390455
==============================
Solution tour: 
0 
7 
20 22 
18 22 
1 22 29 24 
3 24 28 
5 23 25 11 24 
11 25 
6 
13 22 
4 30 
==============================

