=========== Input ===========
File name:                ./instances/realistic-instances/25-25-1891798.cdop
Total node count:         51
Truck node count:         25
Drone node count:         25
=============================

========== Settings ==========
Settings file:        ./settings/Memetic-LS_MMX_1881515.config
Seed:                 1881515
Reduction method:     -
Max iter:             1024000
Population size:      13
Crossover:            MA-MMX
Local Search:         -
Warm Start:           -
==============================

====== Algorithm Status ======
Valor:                1049
Time:                 250
nIter:                257
Best Iter:            257
Improvement Count:    256
==============================
Solution tour: 
0 32 35 
24 49 40 
11 43 
23 
13 
6 
19 
20 35 
3 30 44 
12 
14 
15 
1 41 
5 
25 
16 
==============================

====== Algorithm Status ======
Valor:                1649
Time:                 502
nIter:                572
Best Iter:            572
Improvement Count:    571
==============================
Solution tour: 
0 
24 
3 32 35 32 11 40 
11 43 
23 
19 
20 30 28 36 44 39 
15 41 
5 
16 48 
==============================

====== Algorithm Status ======
Valor:                1806
Time:                 1000
nIter:                1099
Best Iter:            1099
Improvement Count:    1098
==============================
Solution tour: 
0 
10 
24 
3 32 35 32 11 40 
11 43 
23 
19 
20 30 28 36 44 39 
16 39 40 39 41 
==============================

====== Algorithm Status ======
Valor:                2024
Time:                 2003
nIter:                2100
Best Iter:            2100
Improvement Count:    2099
==============================
Solution tour: 
0 34 
1 48 35 32 35 11 40 
11 23 43 
23 
19 
20 30 28 44 36 44 27 39 
16 39 41 
==============================

====== Algorithm Status ======
Valor:                2111
Time:                 4003
nIter:                4128
Best Iter:            4128
Improvement Count:    4127
==============================
Solution tour: 
0 34 
1 48 26 35 32 35 11 40 
11 23 43 
23 
19 
20 30 31 28 44 36 44 27 39 
16 39 41 
==============================

====== Algorithm Status ======
Valor:                2371
Time:                 8005
nIter:                8123
Best Iter:            8123
Improvement Count:    8122
==============================
Solution tour: 
0 28 
1 48 26 
22 32 35 11 40 
11 23 43 
23 
19 
20 30 33 31 44 36 27 46 27 
16 39 41 
==============================

====== Algorithm Status ======
Valor:                2399
Time:                 16004
nIter:                15887
Best Iter:            15887
Improvement Count:    15886
==============================
Solution tour: 
0 28 
1 48 35 26 
22 32 35 11 40 
11 23 43 
23 
19 
20 30 33 31 44 36 27 46 27 
16 39 41 
==============================

====== Algorithm Status ======
Valor:                2410
Time:                 32000
nIter:                31991
Best Iter:            31991
Improvement Count:    31990
==============================
Solution tour: 
0 28 
1 48 26 
22 32 35 40 
11 23 43 
23 
19 
20 30 33 31 44 36 31 33 27 46 
16 39 41 
==============================

====== Algorithm Status ======
Valor:                2561
Time:                 64000
nIter:                66794
Best Iter:            66794
Improvement Count:    66793
==============================
Solution tour: 
0 26 
22 32 35 48 34 40 
11 23 43 
23 30 
20 30 33 31 44 36 31 33 27 46 27 
16 39 41 
==============================

====== Algorithm Status ======
Valor:                2639
Time:                 128000
nIter:                142779
Best Iter:            142779
Improvement Count:    142778
==============================
Solution tour: 
0 26 
22 32 35 48 34 40 
11 23 43 
23 30 
20 30 33 31 44 36 31 33 27 46 27 45 
16 39 37 41 
==============================

====== Algorithm Status ======
Valor:                2639
Time:                 256000
nIter:                280783
Best Iter:            280783
Improvement Count:    280782
==============================
Solution tour: 
0 26 
22 32 35 48 34 40 
11 23 43 
23 30 
20 30 33 31 44 36 31 33 27 46 27 45 
16 39 37 41 
==============================

====== Algorithm Status ======
Valor:                2675
Time:                 512000
nIter:                559817
Best Iter:            559817
Improvement Count:    559816
==============================
Solution tour: 
0 26 
22 32 28 35 48 34 40 
11 47 23 43 
23 30 
20 30 33 31 44 31 33 27 46 27 45 37 36 39 
16 41 
==============================

====== Algorithm Status ======
Valor:                2707
Time:                 1024001
nIter:                1109717
Best Iter:            1109717
Improvement Count:    1109718
==============================
Solution tour: 
0 26 
22 32 
19 28 35 48 34 40 
11 47 29 23 43 
23 30 
20 30 33 31 44 31 33 27 46 27 45 37 36 39 
16 42 41 
==============================

====== Algorithm Status ======
Valor:                2707
Time:                 1024001
nIter:                1109717
Best Iter:            1109717
Improvement Count:    1109718
==============================
Solution tour: 
0 26 
22 32 
19 28 35 48 34 40 
11 47 29 23 43 
23 30 
20 30 33 31 44 31 33 27 46 27 45 37 36 39 
16 42 41 
==============================

