=========== Input ===========
File name:                ./instances/realistic-instances/25-25-1762875.cdop
Total node count:         51
Truck node count:         25
Drone node count:         25
=============================

========== Settings ==========
Settings file:        ./settings/Memetic-LS_MPX_1881515.config
Seed:                 1881515
Reduction method:     -
Max iter:             1024000
Population size:      13
Crossover:            MA-MPX
Local Search:         -
Warm Start:           -
==============================

====== Algorithm Status ======
Valor:                1116
Time:                 252
nIter:                265
Best Iter:            265
Improvement Count:    264
==============================
Solution tour: 
0 
1 
6 
5 
7 26 
23 47 
12 
13 
18 34 
2 50 
4 
19 30 
11 36 
16 
22 
17 
3 
8 
20 
21 
25 
9 
15 
24 49 40 
10 
14 
==============================

====== Algorithm Status ======
Valor:                1194
Time:                 500
nIter:                534
Best Iter:            534
Improvement Count:    533
==============================
Solution tour: 
0 
1 
6 
5 
7 
23 47 
12 
13 
18 34 
2 50 
4 
19 30 
22 
16 
11 
17 
3 
8 
20 
21 
25 
9 
15 
24 49 40 
10 
14 41 
==============================

====== Algorithm Status ======
Valor:                1264
Time:                 1004
nIter:                1005
Best Iter:            1005
Improvement Count:    1004
==============================
Solution tour: 
0 
1 
6 
5 
7 
23 47 
12 
13 
18 34 
2 50 
4 
19 38 30 
22 
16 
11 
17 
3 
8 
20 
21 
25 
9 
15 
24 49 40 
10 
14 41 
==============================

====== Algorithm Status ======
Valor:                1264
Time:                 2000
nIter:                1971
Best Iter:            1971
Improvement Count:    1970
==============================
Solution tour: 
0 
1 
6 
5 
7 
23 47 
12 
13 
18 34 
2 50 
4 
19 38 30 
22 
16 
11 
17 
3 
8 
20 
21 
25 
9 
15 
24 49 40 
10 
14 41 
==============================

====== Algorithm Status ======
Valor:                1264
Time:                 4001
nIter:                3840
Best Iter:            3840
Improvement Count:    3839
==============================
Solution tour: 
0 
1 
6 
5 
7 
23 47 
12 
13 
18 34 
2 50 
4 
19 38 30 
22 
16 
11 
17 
3 
8 
20 
21 
25 
9 
15 
24 49 40 
10 
14 41 
==============================

====== Algorithm Status ======
Valor:                1322
Time:                 8000
nIter:                7478
Best Iter:            7478
Improvement Count:    7477
==============================
Solution tour: 
0 
16 
11 
1 
21 
20 
8 
3 
17 
25 
9 
15 
12 
13 
18 34 
2 50 
6 
5 
7 
23 47 
24 49 40 
10 
14 41 
19 38 30 
22 37 
==============================

====== Algorithm Status ======
Valor:                1629
Time:                 16004
nIter:                14984
Best Iter:            14984
Improvement Count:    14983
==============================
Solution tour: 
0 
8 34 30 
22 37 36 38 
16 
20 
21 
19 
3 
17 
25 
10 
14 41 
15 
24 28 49 40 
23 47 
7 
5 
6 
9 
18 
13 
1 
2 
12 
11 50 
4 
==============================

====== Algorithm Status ======
Valor:                1686
Time:                 32005
nIter:                29721
Best Iter:            29721
Improvement Count:    29720
==============================
Solution tour: 
0 
11 50 
4 
8 34 30 
22 37 36 38 
16 
20 
21 
19 
3 
17 
25 
24 49 40 
23 
7 
5 
6 
9 
18 
13 
1 
10 
14 41 
15 
2 
12 28 
==============================

====== Algorithm Status ======
Valor:                1755
Time:                 64000
nIter:                57894
Best Iter:            57894
Improvement Count:    57893
==============================
Solution tour: 
0 
11 50 
4 
8 34 30 37 
22 26 36 38 
16 
20 
21 
19 
3 
17 
25 
24 49 40 
23 
7 
5 
6 
9 
18 
13 
1 
10 
14 41 
15 
2 
12 28 
==============================

====== Algorithm Status ======
Valor:                1921
Time:                 128000
nIter:                108214
Best Iter:            108214
Improvement Count:    108213
==============================
Solution tour: 
0 
2 
4 50 
11 
8 34 30 
22 37 26 36 38 
16 
20 
21 
19 47 
3 
17 
25 
24 49 40 
23 
7 
5 
6 
9 32 
18 
13 
1 
14 
10 41 
15 
12 28 
==============================

====== Algorithm Status ======
Valor:                2051
Time:                 256000
nIter:                211098
Best Iter:            211098
Improvement Count:    211097
==============================
Solution tour: 
0 27 
10 
14 41 
15 
12 28 
2 
8 34 
4 50 30 
11 39 36 
22 37 26 48 35 38 
16 
20 
21 
19 47 
3 
17 
25 
24 49 40 
23 
7 
5 
6 
9 32 
18 
13 
1 
==============================

====== Algorithm Status ======
Valor:                2123
Time:                 512004
nIter:                409495
Best Iter:            409495
Improvement Count:    409494
==============================
Solution tour: 
0 27 
10 
14 41 
15 
12 28 
2 
8 34 
4 50 36 44 
22 48 30 46 
11 37 26 39 38 
16 
20 
21 
19 47 
3 
17 
25 
24 49 40 
23 
7 
5 
6 
9 32 
18 
13 
1 
==============================

====== Algorithm Status ======
Valor:                2179
Time:                 1024001
nIter:                788676
Best Iter:            788676
Improvement Count:    788677
==============================
Solution tour: 
0 29 27 
10 
14 41 
15 
12 28 
2 
8 34 
4 50 36 44 
22 48 30 35 46 
11 37 26 39 31 38 
16 
19 
21 
20 41 
3 
17 
25 
24 49 47 40 
23 
7 
5 
6 
9 32 
18 
13 
1 
==============================

====== Algorithm Status ======
Valor:                2179
Time:                 1024001
nIter:                788676
Best Iter:            788676
Improvement Count:    788677
==============================
Solution tour: 
0 29 27 
10 
14 41 
15 
12 28 
2 
8 34 
4 50 36 44 
22 48 30 35 46 
11 37 26 39 31 38 
16 
19 
21 
20 41 
3 
17 
25 
24 49 47 40 
23 
7 
5 
6 
9 32 
18 
13 
1 
==============================

