=========== Input ===========
File name:                ./instances/realistic-instances/20-25-1891798.cdop
Total node count:         46
Truck node count:         20
Drone node count:         25
=============================

========== Settings ==========
Settings file:        ./settings/Memetic-LS_MPX_1099666.config
Seed:                 1099666
Reduction method:     -
Max iter:             1024000
Population size:      13
Crossover:            MA-MPX
Local Search:         -
Warm Start:           -
==============================

====== Algorithm Status ======
Valor:                1090
Time:                 250
nIter:                240
Best Iter:            240
Improvement Count:    239
==============================
Solution tour: 
0 
13 26 
11 
9 
2 29 
7 24 
12 
18 
14 28 
4 44 32 
15 
19 
16 
10 
6 
8 
5 
20 
1 
17 
3 
==============================

====== Algorithm Status ======
Valor:                1121
Time:                 504
nIter:                482
Best Iter:            482
Improvement Count:    481
==============================
Solution tour: 
0 25 
13 26 
11 
9 
5 29 
2 29 
12 
18 
14 28 
4 44 32 
15 
19 
16 
10 
6 
8 
7 24 
20 
1 
17 
3 
==============================

====== Algorithm Status ======
Valor:                1245
Time:                 1005
nIter:                996
Best Iter:            996
Improvement Count:    995
==============================
Solution tour: 
0 25 
13 26 
10 
16 
17 33 
19 
4 44 32 
15 
14 28 
20 
11 
9 
5 29 
7 24 
8 
6 
2 
3 
12 
18 
==============================

====== Algorithm Status ======
Valor:                1256
Time:                 2000
nIter:                1902
Best Iter:            1902
Improvement Count:    1901
==============================
Solution tour: 
0 25 
13 26 
10 
16 
1 
17 33 
19 
4 44 32 
15 
14 28 
20 
11 
9 
5 29 
7 24 
8 
6 
2 
3 
==============================

====== Algorithm Status ======
Valor:                1256
Time:                 4000
nIter:                3796
Best Iter:            3796
Improvement Count:    3795
==============================
Solution tour: 
0 25 
13 26 
10 
16 
1 
17 33 
19 
4 44 32 
15 
14 28 
20 
11 
9 
5 29 
7 24 
8 
6 
2 
3 
==============================

====== Algorithm Status ======
Valor:                1256
Time:                 8003
nIter:                7596
Best Iter:            7596
Improvement Count:    7595
==============================
Solution tour: 
0 25 
13 26 
10 
16 
1 
17 33 
19 
4 44 32 
15 
14 28 
20 
11 
9 
5 29 
7 24 
8 
6 
2 
3 
==============================

====== Algorithm Status ======
Valor:                1415
Time:                 16000
nIter:                15250
Best Iter:            15250
Improvement Count:    15249
==============================
Solution tour: 
0 25 
13 26 
10 
2 32 
15 
16 
12 
14 28 34 
20 
11 
9 
5 29 
7 24 40 
8 
6 
4 
3 
1 
17 33 
19 
18 
==============================

====== Algorithm Status ======
Valor:                1448
Time:                 32002
nIter:                30260
Best Iter:            30260
Improvement Count:    30259
==============================
Solution tour: 
0 40 
13 26 10 
2 32 
15 
16 
12 
14 28 34 
20 
11 
9 
5 29 
7 24 25 
8 
6 
4 
3 
1 
17 33 
19 
18 
==============================

====== Algorithm Status ======
Valor:                1585
Time:                 64000
nIter:                61582
Best Iter:            61582
Improvement Count:    61581
==============================
Solution tour: 
0 
4 40 
1 
17 33 
19 44 
11 
9 
5 45 
7 29 24 25 
10 
3 
13 26 
8 
6 
2 32 
15 
16 
12 
18 
14 28 34 
==============================

====== Algorithm Status ======
Valor:                1888
Time:                 128000
nIter:                129246
Best Iter:            129246
Improvement Count:    129245
==============================
Solution tour: 
0 
1 40 
9 
8 
6 
2 32 
20 21 
10 
16 
17 
19 33 44 
11 
15 
12 
18 
14 28 34 
13 26 
5 29 
7 35 
4 24 25 38 45 
==============================

====== Algorithm Status ======
Valor:                1888
Time:                 256000
nIter:                260110
Best Iter:            260110
Improvement Count:    260109
==============================
Solution tour: 
0 
1 40 
9 
8 
6 
2 32 
20 21 
10 
16 
17 
19 33 44 
11 
15 
12 
18 
14 28 34 
13 26 
5 29 
7 35 
4 24 25 38 45 
==============================

====== Algorithm Status ======
Valor:                2002
Time:                 512005
nIter:                521980
Best Iter:            521980
Improvement Count:    521979
==============================
Solution tour: 
0 
2 
4 24 25 38 45 34 40 
9 
8 
6 35 32 
20 30 21 42 
10 
16 
17 
19 33 44 
11 
15 
12 
18 
14 28 
1 
3 
13 26 
5 29 
7 
==============================

====== Algorithm Status ======
Valor:                2199
Time:                 1024001
nIter:                1005033
Best Iter:            1005033
Improvement Count:    1005034
==============================
Solution tour: 
0 
2 
4 24 25 38 45 37 34 39 43 40 
9 
6 35 
8 
5 
20 32 
15 
12 
18 
14 28 
1 
7 29 
3 
13 26 22 27 30 21 42 
10 
16 
17 
19 33 44 
11 
==============================

====== Algorithm Status ======
Valor:                2199
Time:                 1024001
nIter:                1005033
Best Iter:            1005033
Improvement Count:    1005034
==============================
Solution tour: 
0 
2 
4 24 25 38 45 37 34 39 43 40 
9 
6 35 
8 
5 
20 32 
15 
12 
18 
14 28 
1 
7 29 
3 
13 26 22 27 30 21 42 
10 
16 
17 
19 33 44 
11 
==============================

