=========== Input ===========
File name:                ./instances/realistic-instances/25-25-1891798.cdop
Total node count:         51
Truck node count:         25
Drone node count:         25
=============================

========== Settings ==========
Settings file:        ./settings/Memetic_MPX_1881515.config
Seed:                 1881515
Reduction method:     -
Max iter:             1024000
Population size:      13
Crossover:            MA-MPX
Local Search:         LS
Warm Start:           -
==============================

====== Algorithm Status ======
Valor:                1976
Time:                 250
nIter:                32
Best Iter:            32
Improvement Count:    31
==============================
Solution tour: 
0 41 
10 26 35 31 43 44 39 36 49 40 27 45 
4 
16 
18 
21 50 48 38 34 37 28 
8 15 30 
20 
17 42 
9 46 
22 46 29 30 
13 
3 42 
7 
24 9 12 
6 12 47 22 32 
25 5 
1 41 
14 
19 
23 29 47 33 
5 
11 
12 
15 
2 
==============================

====== Algorithm Status ======
Valor:                2013
Time:                 507
nIter:                62
Best Iter:            62
Improvement Count:    61
==============================
Solution tour: 
0 
1 
13 
2 37 34 26 
10 44 43 31 39 36 48 49 27 38 40 45 37 41 
6 33 47 29 47 
21 50 28 
8 30 
20 32 46 
22 47 29 
3 8 
15 12 
9 
7 
19 
23 19 
11 
5 14 42 
16 
18 
17 
24 
4 45 34 37 
25 35 
12 
14 
==============================

====== Algorithm Status ======
Valor:                2083
Time:                 1000
nIter:                121
Best Iter:            121
Improvement Count:    120
==============================
Solution tour: 
0 
1 35 
13 
2 37 34 26 
10 44 43 31 39 36 48 49 27 38 40 45 37 41 
6 33 47 29 47 
21 50 28 
8 30 
20 32 46 
22 47 29 
3 8 
15 12 
9 
7 
19 
23 19 
11 
5 14 42 17 
16 
18 
17 
24 
4 
25 35 
12 
14 
==============================

====== Algorithm Status ======
Valor:                2116
Time:                 2004
nIter:                239
Best Iter:            239
Improvement Count:    238
==============================
Solution tour: 
0 41 
5 
8 28 45 37 
13 26 35 
25 
19 47 29 33 30 
3 
6 8 
15 
1 44 36 48 36 39 
16 
24 
22 32 
20 
17 42 14 
11 34 40 38 50 
21 
18 
4 31 43 
23 46 27 
7 28 
14 
9 
12 
2 
==============================

====== Algorithm Status ======
Valor:                2116
Time:                 4006
nIter:                491
Best Iter:            491
Improvement Count:    490
==============================
Solution tour: 
0 41 
5 
8 28 45 37 
13 26 35 
25 
19 47 29 33 30 
3 
6 8 
15 
1 44 36 48 36 39 
16 
24 
22 32 
20 
17 42 14 
11 34 40 38 50 
21 
18 
4 31 43 
23 46 27 
7 28 
14 
9 
12 
2 
==============================

====== Algorithm Status ======
Valor:                2116
Time:                 8006
nIter:                977
Best Iter:            977
Improvement Count:    976
==============================
Solution tour: 
0 41 
5 
8 28 45 37 
13 26 35 
25 
19 47 29 33 30 
3 
6 8 
15 
1 44 36 48 36 39 
16 
24 
22 32 
20 
17 42 14 
11 34 40 38 50 
21 
18 
4 31 43 
23 46 27 
7 28 
14 
9 
12 
2 
==============================

====== Algorithm Status ======
Valor:                2116
Time:                 16004
nIter:                1940
Best Iter:            1940
Improvement Count:    1939
==============================
Solution tour: 
0 41 
5 
8 28 45 37 
13 26 35 
25 
19 47 29 33 30 
3 
6 8 
15 
1 44 36 48 36 39 
16 
24 
22 32 
20 
17 42 14 
11 34 40 38 50 
21 
18 
4 31 43 
23 46 27 
7 28 
14 
9 
12 
2 
==============================

====== Algorithm Status ======
Valor:                2249
Time:                 32006
nIter:                3879
Best Iter:            3879
Improvement Count:    3878
==============================
Solution tour: 
0 
1 26 31 44 36 48 39 
16 
24 
19 
22 32 
20 
17 42 14 41 
6 
12 
11 40 38 50 
21 
18 
25 35 
4 45 37 34 43 
23 46 27 45 
7 47 29 33 30 
8 
14 
9 12 
5 
3 8 
15 8 28 
13 
2 
==============================

====== Algorithm Status ======
Valor:                2249
Time:                 64001
nIter:                7945
Best Iter:            7945
Improvement Count:    7944
==============================
Solution tour: 
0 
1 26 31 44 36 48 39 
16 
24 
19 
22 32 
20 
17 42 14 41 
6 
12 
11 40 38 50 
21 
18 
25 35 
4 45 37 34 43 
23 46 27 45 
7 47 29 33 30 
8 
14 
9 12 
5 
3 8 
15 8 28 
13 
2 
==============================

====== Algorithm Status ======
Valor:                2249
Time:                 128007
nIter:                16673
Best Iter:            16673
Improvement Count:    16672
==============================
Solution tour: 
0 
1 26 31 44 36 48 39 
16 
24 
19 
22 32 
20 
17 42 14 41 
6 
12 
11 40 38 50 
21 
18 
25 35 
4 45 37 34 43 
23 46 27 45 
7 47 29 33 30 
8 
14 
9 12 
5 
3 8 
15 8 28 
13 
2 
==============================

====== Algorithm Status ======
Valor:                2292
Time:                 256009
nIter:                33414
Best Iter:            33414
Improvement Count:    33413
==============================
Solution tour: 
0 41 
1 26 31 44 36 48 39 
16 
24 
19 
22 32 
20 
17 42 14 8 
6 
12 
11 40 38 50 
21 50 
18 
25 35 
4 45 37 34 43 
23 46 27 45 
7 47 29 33 30 
8 
14 
9 12 
5 
3 8 
15 8 28 
13 
2 
==============================

====== Algorithm Status ======
Valor:                2319
Time:                 512006
nIter:                67571
Best Iter:            67571
Improvement Count:    67570
==============================
Solution tour: 
0 41 
1 26 31 44 36 48 39 
16 
24 
20 
22 32 
19 
17 42 14 8 
6 
12 
11 40 38 
21 50 
18 
25 35 
4 45 37 34 43 
23 46 27 45 
7 29 47 33 30 
8 
14 
9 12 
5 
3 8 
15 8 28 
13 
2 
==============================

====== Algorithm Status ======
Valor:                2331
Time:                 1024002
nIter:                134164
Best Iter:            134164
Improvement Count:    134165
==============================
Solution tour: 
0 41 
1 26 31 44 36 49 48 39 
16 
24 
20 30 29 47 46 
22 32 
19 
17 42 14 8 
6 15 
11 40 38 
21 50 
18 
25 35 34 28 
4 45 43 
23 33 27 
7 9 
12 
2 15 
8 
14 
9 
5 
3 
==============================

====== Algorithm Status ======
Valor:                2331
Time:                 1024002
nIter:                134164
Best Iter:            134164
Improvement Count:    134165
==============================
Solution tour: 
0 41 
1 26 31 44 36 49 48 39 
16 
24 
20 30 29 47 46 
22 32 
19 
17 42 14 8 
6 15 
11 40 38 
21 50 
18 
25 35 34 28 
4 45 43 
23 33 27 
7 9 
12 
2 15 
8 
14 
9 
5 
3 
==============================

