=========== Input ===========
File name:                ./instances/realistic-instances/5-10-1891798.cdop
Total node count:         16
Truck node count:         5
Drone node count:         10
=============================

========== Settings ==========
Settings file:        ./settings/Memetic-LS_MMX_1881515.config
Seed:                 1881515
Reduction method:     -
Max iter:             1024000
Population size:      13
Crossover:            MA-MMX
Local Search:         -
Warm Start:           -
==============================

====== Algorithm Status ======
Valor:                1695
Time:                 250
nIter:                1309
Best Iter:            1309
Improvement Count:    1308
==============================
Solution tour: 
0 8 9 6 
5 6 
3 10 6 9 14 12 
2 8 2 9 2 12 13 
1 13 3 13 7 
==============================

====== Algorithm Status ======
Valor:                1734
Time:                 500
nIter:                2650
Best Iter:            2650
Improvement Count:    2649
==============================
Solution tour: 
0 
4 12 6 
5 6 
3 6 9 14 12 
2 8 2 9 2 12 13 
1 13 3 13 7 10 11 
==============================

====== Algorithm Status ======
Valor:                1800
Time:                 1000
nIter:                5505
Best Iter:            5505
Improvement Count:    5504
==============================
Solution tour: 
0 12 
4 12 6 
5 6 9 6 14 12 
2 8 2 9 2 12 13 
1 13 3 13 7 10 11 
==============================

====== Algorithm Status ======
Valor:                1877
Time:                 2000
nIter:                11315
Best Iter:            11315
Improvement Count:    11314
==============================
Solution tour: 
0 8 12 
4 12 6 
5 6 14 12 
2 8 2 9 2 12 
1 13 3 13 1 10 7 10 11 
==============================

====== Algorithm Status ======
Valor:                1877
Time:                 4000
nIter:                22702
Best Iter:            22702
Improvement Count:    22701
==============================
Solution tour: 
0 8 12 
4 12 6 
5 6 14 12 
2 8 2 9 2 12 
1 13 3 13 1 10 7 10 11 
==============================

====== Algorithm Status ======
Valor:                1877
Time:                 8000
nIter:                45624
Best Iter:            45624
Improvement Count:    45623
==============================
Solution tour: 
0 8 12 
4 12 6 
5 6 14 12 
2 8 2 9 2 12 
1 13 3 13 1 10 7 10 11 
==============================

====== Algorithm Status ======
Valor:                1889
Time:                 16000
nIter:                90608
Best Iter:            90608
Improvement Count:    90607
==============================
Solution tour: 
0 14 12 
4 12 6 
5 6 12 
2 8 2 9 2 12 
1 13 3 13 1 12 10 7 10 11 
==============================

====== Algorithm Status ======
Valor:                1889
Time:                 32000
nIter:                177202
Best Iter:            177202
Improvement Count:    177201
==============================
Solution tour: 
0 14 12 
4 12 6 
5 6 12 
2 8 2 9 2 12 
1 13 3 13 1 12 10 7 10 11 
==============================

====== Algorithm Status ======
Valor:                1889
Time:                 64000
nIter:                350798
Best Iter:            350798
Improvement Count:    350797
==============================
Solution tour: 
0 14 12 
4 12 6 
5 6 12 
2 8 2 9 2 12 
1 13 3 13 1 12 10 7 10 11 
==============================

====== Algorithm Status ======
Valor:                1889
Time:                 128000
nIter:                733330
Best Iter:            733330
Improvement Count:    733329
==============================
Solution tour: 
0 14 12 
4 12 6 
5 6 12 
2 8 2 9 2 12 
1 13 3 13 1 12 10 7 10 11 
==============================

====== Algorithm Status ======
Valor:                1889
Time:                 256000
nIter:                1514962
Best Iter:            1514962
Improvement Count:    1514961
==============================
Solution tour: 
0 14 12 
4 12 6 
5 6 12 
2 8 2 9 2 12 
1 13 3 13 1 12 10 7 10 11 
==============================

====== Algorithm Status ======
Valor:                1923
Time:                 512000
nIter:                3032122
Best Iter:            3032122
Improvement Count:    3032121
==============================
Solution tour: 
0 1 12 
4 12 14 5 6 
5 11 8 
2 8 12 2 9 2 12 
1 13 3 13 1 10 7 10 
==============================

====== Algorithm Status ======
Valor:                1939
Time:                 1024001
nIter:                5838608
Best Iter:            5838608
Improvement Count:    5838609
==============================
Solution tour: 
0 1 12 
4 12 
2 8 11 5 6 
5 11 8 14 8 2 9 2 12 
1 13 3 13 1 10 7 10 
==============================

====== Algorithm Status ======
Valor:                1939
Time:                 1024001
nIter:                5838608
Best Iter:            5838608
Improvement Count:    5838609
==============================
Solution tour: 
0 1 12 
4 12 
2 8 11 5 6 
5 11 8 14 8 2 9 2 12 
1 13 3 13 1 10 7 10 
==============================

