=========== Input ===========
File name:                ./instances/realistic-instances/5-25-1767920.cdop
Total node count:         31
Truck node count:         5
Drone node count:         25
=============================

========== Settings ==========
Settings file:        ./settings/Memetic_MPX_1881515.config
Seed:                 1881515
Reduction method:     -
Max iter:             1024000
Population size:      13
Crossover:            MA-MPX
Local Search:         LS
Warm Start:           -
==============================

====== Algorithm Status ======
Valor:                2534
Time:                 250
nIter:                108
Best Iter:            108
Improvement Count:    107
==============================
Solution tour: 
0 11 8 14 26 27 26 21 26 
2 
1 30 16 17 14 12 28 24 
3 29 18 6 14 25 14 17 
4 19 4 10 
5 9 20 11 0 23 
==============================

====== Algorithm Status ======
Valor:                2576
Time:                 500
nIter:                229
Best Iter:            229
Improvement Count:    228
==============================
Solution tour: 
0 11 8 28 13 21 26 21 27 26 22 
5 9 20 11 0 23 0 
1 30 16 17 14 12 28 24 
3 29 18 5 10 14 25 14 17 
4 19 4 
2 
==============================

====== Algorithm Status ======
Valor:                2586
Time:                 1000
nIter:                458
Best Iter:            458
Improvement Count:    457
==============================
Solution tour: 
0 11 8 28 13 27 26 21 22 
2 
5 9 20 11 0 23 0 
1 30 16 17 14 12 24 
3 29 18 5 10 14 25 14 17 
4 19 4 
==============================

====== Algorithm Status ======
Valor:                2586
Time:                 2000
nIter:                913
Best Iter:            913
Improvement Count:    912
==============================
Solution tour: 
0 11 8 28 13 27 26 21 22 
2 
5 9 20 11 0 23 0 
1 30 16 17 14 12 24 
3 29 18 5 10 14 25 14 17 
4 19 4 
==============================

====== Algorithm Status ======
Valor:                2598
Time:                 4001
nIter:                1870
Best Iter:            1870
Improvement Count:    1869
==============================
Solution tour: 
0 11 8 28 13 27 21 26 22 3 
1 30 16 17 14 12 24 
3 29 18 6 10 14 25 14 17 
4 19 4 
5 9 20 11 0 23 0 
==============================

====== Algorithm Status ======
Valor:                2598
Time:                 8001
nIter:                3444
Best Iter:            3444
Improvement Count:    3443
==============================
Solution tour: 
0 11 8 28 13 27 21 26 22 3 
1 30 16 17 14 12 24 
3 29 18 6 10 14 25 14 17 
4 19 4 
5 9 20 11 0 23 0 
==============================

====== Algorithm Status ======
Valor:                2598
Time:                 16001
nIter:                6610
Best Iter:            6610
Improvement Count:    6609
==============================
Solution tour: 
0 11 8 28 13 27 21 26 22 3 
1 30 16 17 14 12 24 
3 29 18 6 10 14 25 14 17 
4 19 4 
5 9 20 11 0 23 0 
==============================

====== Algorithm Status ======
Valor:                2598
Time:                 32001
nIter:                13211
Best Iter:            13211
Improvement Count:    13210
==============================
Solution tour: 
0 11 8 28 13 27 21 26 22 3 
1 30 16 17 14 12 24 
3 29 18 6 10 14 25 14 17 
4 19 4 
5 9 20 11 0 23 0 
==============================

====== Algorithm Status ======
Valor:                2603
Time:                 64000
nIter:                26770
Best Iter:            26770
Improvement Count:    26769
==============================
Solution tour: 
0 11 8 28 13 27 26 21 22 3 
1 30 16 17 14 12 24 
3 29 18 10 14 25 14 17 
4 19 4 
5 9 20 11 0 23 
==============================

====== Algorithm Status ======
Valor:                2648
Time:                 128002
nIter:                52827
Best Iter:            52827
Improvement Count:    52826
==============================
Solution tour: 
0 11 20 9 
5 10 6 18 29 0 23 0 
1 30 16 17 14 12 28 13 27 26 21 26 22 
3 24 8 28 12 14 25 14 17 
4 19 4 
==============================

====== Algorithm Status ======
Valor:                2648
Time:                 256003
nIter:                100616
Best Iter:            100616
Improvement Count:    100615
==============================
Solution tour: 
0 11 20 9 
5 10 6 18 29 0 23 0 
1 30 16 17 14 12 28 13 27 26 21 26 22 
3 24 8 28 12 14 25 14 17 
4 19 4 
==============================

====== Algorithm Status ======
Valor:                2648
Time:                 512000
nIter:                199561
Best Iter:            199561
Improvement Count:    199560
==============================
Solution tour: 
0 11 20 9 
5 10 6 18 29 0 23 0 
1 30 16 17 14 12 28 13 27 26 21 26 22 
3 24 8 28 12 14 25 14 17 
4 19 4 
==============================

====== Algorithm Status ======
Valor:                2648
Time:                 1024003
nIter:                396479
Best Iter:            396479
Improvement Count:    396480
==============================
Solution tour: 
0 11 20 9 
5 10 6 18 29 0 23 0 
1 30 16 17 14 12 28 13 27 26 21 26 22 
3 24 8 28 12 14 25 14 17 
4 19 4 
==============================

====== Algorithm Status ======
Valor:                2648
Time:                 1024003
nIter:                396479
Best Iter:            396479
Improvement Count:    396480
==============================
Solution tour: 
0 11 20 9 
5 10 6 18 29 0 23 0 
1 30 16 17 14 12 28 13 27 26 21 26 22 
3 24 8 28 12 14 25 14 17 
4 19 4 
==============================

