=========== Input ===========
File name:                ./instances/realistic-instances/5-40-1767920.cdop
Total node count:         46
Truck node count:         5
Drone node count:         40
=============================

========== Settings ==========
Settings file:        ./settings/Memetic_MPX_1881515.config
Seed:                 1881515
Reduction method:     -
Max iter:             1024000
Population size:      13
Crossover:            MA-MPX
Local Search:         LS
Warm Start:           -
==============================

====== Algorithm Status ======
Valor:                2918
Time:                 255
nIter:                41
Best Iter:            41
Improvement Count:    40
==============================
Solution tour: 
0 
1 
4 16 44 7 43 13 17 
5 
2 11 18 33 12 41 9 22 19 15 23 28 6 14 39 30 20 30 10 
3 10 42 34 40 26 31 8 38 32 24 36 24 21 35 25 37 45 
==============================

====== Algorithm Status ======
Valor:                2918
Time:                 506
nIter:                75
Best Iter:            75
Improvement Count:    74
==============================
Solution tour: 
0 
1 
4 16 44 7 43 13 17 
5 
2 11 18 33 12 41 9 22 19 15 23 28 6 14 39 30 20 30 10 
3 10 42 34 40 26 31 8 38 32 24 36 24 21 35 25 37 45 
==============================

====== Algorithm Status ======
Valor:                3036
Time:                 1004
nIter:                159
Best Iter:            159
Improvement Count:    158
==============================
Solution tour: 
0 
1 
4 16 7 37 
5 
2 11 18 9 22 19 33 32 38 21 35 27 41 15 23 28 30 20 17 14 39 45 13 43 
3 10 42 12 34 40 26 31 8 24 36 24 44 14 6 
==============================

====== Algorithm Status ======
Valor:                3079
Time:                 2001
nIter:                315
Best Iter:            315
Improvement Count:    314
==============================
Solution tour: 
0 6 30 39 7 20 
5 
2 11 33 18 9 19 22 38 21 35 27 41 28 30 20 17 14 37 45 13 43 
3 10 42 12 34 40 26 31 8 32 24 36 24 44 16 
4 
1 
==============================

====== Algorithm Status ======
Valor:                3081
Time:                 4003
nIter:                637
Best Iter:            637
Improvement Count:    636
==============================
Solution tour: 
0 6 14 39 7 45 
5 
2 11 33 18 9 19 22 38 21 35 27 41 28 30 20 17 14 37 13 43 
3 10 42 12 34 40 26 31 8 32 24 36 24 44 16 
4 
1 
==============================

====== Algorithm Status ======
Valor:                3085
Time:                 8000
nIter:                1215
Best Iter:            1215
Improvement Count:    1214
==============================
Solution tour: 
0 6 39 7 45 
5 
2 11 33 18 33 9 19 22 38 21 35 27 41 28 30 20 17 14 37 13 43 
3 10 42 12 34 40 26 31 8 32 24 36 24 44 16 
1 
==============================

====== Algorithm Status ======
Valor:                3085
Time:                 16010
nIter:                2361
Best Iter:            2361
Improvement Count:    2360
==============================
Solution tour: 
0 6 39 7 45 
5 
2 11 33 18 33 9 19 22 38 21 35 27 41 28 30 20 17 14 37 13 43 
3 10 42 12 34 40 26 31 8 32 24 36 24 44 16 
1 
==============================

====== Algorithm Status ======
Valor:                3085
Time:                 32007
nIter:                4537
Best Iter:            4537
Improvement Count:    4536
==============================
Solution tour: 
0 6 39 7 45 
5 
2 11 33 18 33 9 19 22 38 21 35 27 41 28 30 20 17 14 37 13 43 
3 10 42 12 34 40 26 31 8 32 24 36 24 44 16 
1 
==============================

====== Algorithm Status ======
Valor:                3128
Time:                 64021
nIter:                8734
Best Iter:            8734
Improvement Count:    8733
==============================
Solution tour: 
0 6 39 
2 11 33 18 33 9 19 22 38 21 44 35 27 41 28 30 20 17 14 37 45 13 16 7 43 3 
1 
4 
3 10 15 23 42 12 34 40 26 31 8 32 24 36 6 
==============================

====== Algorithm Status ======
Valor:                3130
Time:                 128006
nIter:                17174
Best Iter:            17174
Improvement Count:    17173
==============================
Solution tour: 
0 6 14 39 
2 11 33 18 33 9 19 22 38 21 44 35 27 41 28 30 20 17 14 37 45 13 16 7 43 3 
1 
3 10 15 23 42 12 34 40 26 31 8 32 24 36 6 0 
==============================

====== Algorithm Status ======
Valor:                3130
Time:                 256006
nIter:                33469
Best Iter:            33469
Improvement Count:    33468
==============================
Solution tour: 
0 6 14 39 
2 11 33 18 33 9 19 22 38 21 44 35 27 41 28 30 20 17 14 37 45 13 16 7 43 3 
1 
3 10 15 23 42 12 34 40 26 31 8 32 24 36 6 0 
==============================

====== Algorithm Status ======
Valor:                3130
Time:                 512005
nIter:                65314
Best Iter:            65314
Improvement Count:    65313
==============================
Solution tour: 
0 6 14 39 
2 11 33 18 33 9 19 22 38 21 44 35 27 41 28 30 20 17 14 37 45 13 16 7 43 3 
1 
3 10 15 23 42 12 34 40 26 31 8 32 24 36 6 0 
==============================

====== Algorithm Status ======
Valor:                3138
Time:                 1024005
nIter:                128671
Best Iter:            128671
Improvement Count:    128672
==============================
Solution tour: 
0 6 14 39 
2 11 33 18 9 19 22 38 21 44 35 27 41 28 30 20 29 17 14 37 45 13 16 7 43 3 
4 
3 10 15 23 42 12 34 40 26 31 8 32 24 36 28 6 
==============================

====== Algorithm Status ======
Valor:                3138
Time:                 1024005
nIter:                128671
Best Iter:            128671
Improvement Count:    128672
==============================
Solution tour: 
0 6 14 39 
2 11 33 18 9 19 22 38 21 44 35 27 41 28 30 20 29 17 14 37 45 13 16 7 43 3 
4 
3 10 15 23 42 12 34 40 26 31 8 32 24 36 28 6 
==============================

