=========== Input ===========
File name:                ./instances/realistic-instances/5-10-1110588.cdop
Total node count:         16
Truck node count:         5
Drone node count:         10
=============================

========== Settings ==========
Settings file:        ./settings/Memetic_MMX_1099666.config
Seed:                 1099666
Reduction method:     -
Max iter:             1024000
Population size:      13
Crossover:            MA-MMX
Local Search:         LS
Warm Start:           -
==============================

====== Algorithm Status ======
Valor:                1949
Time:                 250
nIter:                291
Best Iter:            291
Improvement Count:    290
==============================
Solution tour: 
0 13 10 8 10 12 
5 9 7 2 6 2 7 9 5 
3 15 11 15 14 1 14 13 
==============================

====== Algorithm Status ======
Valor:                1949
Time:                 500
nIter:                573
Best Iter:            573
Improvement Count:    572
==============================
Solution tour: 
0 13 10 8 10 12 
5 9 7 2 6 2 7 9 5 
3 15 11 15 14 1 14 13 
==============================

====== Algorithm Status ======
Valor:                1949
Time:                 1000
nIter:                1138
Best Iter:            1138
Improvement Count:    1137
==============================
Solution tour: 
0 13 10 8 10 12 
5 9 7 2 6 2 7 9 5 
3 15 11 15 14 1 14 13 
==============================

====== Algorithm Status ======
Valor:                1949
Time:                 2002
nIter:                2271
Best Iter:            2271
Improvement Count:    2270
==============================
Solution tour: 
0 13 10 8 10 12 
5 9 7 2 6 2 7 9 5 
3 15 11 15 14 1 14 13 
==============================

====== Algorithm Status ======
Valor:                1949
Time:                 4000
nIter:                4634
Best Iter:            4634
Improvement Count:    4633
==============================
Solution tour: 
0 13 10 8 10 12 
5 9 7 2 6 2 7 9 5 
3 15 11 15 14 1 14 13 
==============================

====== Algorithm Status ======
Valor:                1949
Time:                 8000
nIter:                9343
Best Iter:            9343
Improvement Count:    9342
==============================
Solution tour: 
0 13 10 8 10 12 
5 9 7 2 6 2 7 9 5 
3 15 11 15 14 1 14 13 
==============================

====== Algorithm Status ======
Valor:                1952
Time:                 16000
nIter:                18659
Best Iter:            18659
Improvement Count:    18658
==============================
Solution tour: 
0 13 10 8 10 12 
5 9 5 8 2 6 2 7 14 
1 14 15 11 15 13 
==============================

====== Algorithm Status ======
Valor:                1962
Time:                 32000
nIter:                38139
Best Iter:            38139
Improvement Count:    38138
==============================
Solution tour: 
0 13 10 8 10 1 14 1 
5 9 7 
2 6 2 7 9 5 12 15 11 15 13 
==============================

====== Algorithm Status ======
Valor:                1962
Time:                 64000
nIter:                76390
Best Iter:            76390
Improvement Count:    76389
==============================
Solution tour: 
0 13 10 8 10 1 14 1 
5 9 7 
2 6 2 7 9 5 12 15 11 15 13 
==============================

====== Algorithm Status ======
Valor:                1962
Time:                 128002
nIter:                145384
Best Iter:            145384
Improvement Count:    145383
==============================
Solution tour: 
0 13 10 8 10 1 14 1 
5 9 7 
2 6 2 7 9 5 12 15 11 15 13 
==============================

====== Algorithm Status ======
Valor:                1962
Time:                 256000
nIter:                288779
Best Iter:            288779
Improvement Count:    288778
==============================
Solution tour: 
0 13 10 8 10 1 14 1 
5 9 7 
2 6 2 7 9 5 12 15 11 15 13 
==============================

====== Algorithm Status ======
Valor:                1962
Time:                 512002
nIter:                578134
Best Iter:            578134
Improvement Count:    578133
==============================
Solution tour: 
0 13 10 8 10 1 14 1 
5 9 7 
2 6 2 7 9 5 12 15 11 15 13 
==============================

====== Algorithm Status ======
Valor:                1962
Time:                 1024001
nIter:                1161364
Best Iter:            1161364
Improvement Count:    1161365
==============================
Solution tour: 
0 13 10 8 10 1 14 1 
5 9 7 
2 6 2 7 9 5 12 15 11 15 13 
==============================

====== Algorithm Status ======
Valor:                1962
Time:                 1024001
nIter:                1161364
Best Iter:            1161364
Improvement Count:    1161365
==============================
Solution tour: 
0 13 10 8 10 1 14 1 
5 9 7 
2 6 2 7 9 5 12 15 11 15 13 
==============================

