=========== Input ===========
File name:                ./instances/realistic-instances/5-25-1767920.cdop
Total node count:         31
Truck node count:         5
Drone node count:         25
=============================

========== Settings ==========
Settings file:        ./settings/Memetic-LS_MMX_1881515.config
Seed:                 1881515
Reduction method:     -
Max iter:             1024000
Population size:      13
Crossover:            MA-MMX
Local Search:         -
Warm Start:           -
==============================

====== Algorithm Status ======
Valor:                1974
Time:                 250
nIter:                500
Best Iter:            500
Improvement Count:    499
==============================
Solution tour: 
0 23 27 14 25 7 24 7 12 
5 8 28 8 14 17 14 12 18 11 20 9 20 13 15 13 21 
3 30 
1 
2 20 11 
==============================

====== Algorithm Status ======
Valor:                2067
Time:                 500
nIter:                1002
Best Iter:            1002
Improvement Count:    1001
==============================
Solution tour: 
0 23 27 14 25 7 24 7 12 
5 8 28 8 14 17 14 12 18 11 20 9 20 13 15 13 21 
3 30 16 29 10 26 21 
==============================

====== Algorithm Status ======
Valor:                2067
Time:                 1000
nIter:                1945
Best Iter:            1945
Improvement Count:    1944
==============================
Solution tour: 
0 23 27 14 25 7 24 7 12 
5 8 28 8 14 17 14 12 18 11 20 9 20 13 15 13 21 
3 30 16 29 10 26 21 
==============================

====== Algorithm Status ======
Valor:                2162
Time:                 2000
nIter:                3906
Best Iter:            3906
Improvement Count:    3905
==============================
Solution tour: 
0 23 27 14 25 14 24 7 12 
5 8 28 14 17 14 12 14 18 11 20 9 15 13 
3 30 16 29 
4 19 23 
==============================

====== Algorithm Status ======
Valor:                2363
Time:                 4000
nIter:                8101
Best Iter:            8101
Improvement Count:    8100
==============================
Solution tour: 
0 23 26 21 27 14 25 14 24 7 24 9 
5 28 8 14 17 14 12 14 11 10 11 18 
3 30 16 19 
4 19 11 20 11 
==============================

====== Algorithm Status ======
Valor:                2447
Time:                 8000
nIter:                16088
Best Iter:            16088
Improvement Count:    16087
==============================
Solution tour: 
0 23 22 21 27 14 25 14 7 24 9 26 9 
5 9 8 28 17 10 14 12 14 17 14 18 30 16 19 
4 19 20 11 
==============================

====== Algorithm Status ======
Valor:                2476
Time:                 16000
nIter:                30519
Best Iter:            30519
Improvement Count:    30518
==============================
Solution tour: 
0 23 22 21 27 14 25 14 7 24 9 26 9 
5 9 8 28 13 28 12 17 10 14 12 14 17 14 18 30 16 19 
4 19 20 11 
==============================

====== Algorithm Status ======
Valor:                2476
Time:                 32000
nIter:                59146
Best Iter:            59146
Improvement Count:    59145
==============================
Solution tour: 
0 23 22 21 27 14 25 14 7 24 9 26 9 
5 9 8 28 13 28 12 17 10 14 12 14 17 14 18 30 16 19 
4 19 20 11 
==============================

====== Algorithm Status ======
Valor:                2476
Time:                 64000
nIter:                117818
Best Iter:            117818
Improvement Count:    117817
==============================
Solution tour: 
0 23 22 21 27 14 25 14 7 24 9 26 9 
5 9 8 28 13 28 12 17 10 14 12 14 17 14 18 30 16 19 
4 19 20 11 
==============================

====== Algorithm Status ======
Valor:                2485
Time:                 128000
nIter:                245159
Best Iter:            245159
Improvement Count:    245158
==============================
Solution tour: 
0 23 26 21 27 26 14 25 14 7 24 9 26 9 
5 9 8 28 12 17 10 14 12 14 17 14 18 30 16 19 
4 19 20 11 
==============================

====== Algorithm Status ======
Valor:                2554
Time:                 256000
nIter:                508933
Best Iter:            508933
Improvement Count:    508932
==============================
Solution tour: 
0 23 27 21 26 14 25 14 22 24 7 9 26 9 
5 9 8 28 12 17 10 14 12 14 17 14 18 30 16 19 
4 19 11 20 11 
==============================

====== Algorithm Status ======
Valor:                2554
Time:                 512000
nIter:                999358
Best Iter:            999358
Improvement Count:    999357
==============================
Solution tour: 
0 23 27 21 26 14 25 14 22 24 7 9 26 9 
5 9 8 28 12 17 10 14 12 14 17 14 18 30 16 19 
4 19 11 20 11 
==============================

====== Algorithm Status ======
Valor:                2554
Time:                 1024001
nIter:                1998841
Best Iter:            1998841
Improvement Count:    1998842
==============================
Solution tour: 
0 23 27 21 26 14 25 14 22 24 7 9 26 9 
5 9 8 28 12 17 10 14 12 14 17 14 18 30 16 19 
4 19 11 20 11 
==============================

====== Algorithm Status ======
Valor:                2554
Time:                 1024001
nIter:                1998841
Best Iter:            1998841
Improvement Count:    1998842
==============================
Solution tour: 
0 23 27 21 26 14 25 14 22 24 7 9 26 9 
5 9 8 28 12 17 10 14 12 14 17 14 18 30 16 19 
4 19 11 20 11 
==============================

