=========== Input ===========
File name:                ./instances/realistic-instances/5-10-1767920.cdop
Total node count:         16
Truck node count:         5
Drone node count:         10
=============================

========== Settings ==========
Settings file:        ./settings/Memetic-LS_MMX_1881515.config
Seed:                 1881515
Reduction method:     -
Max iter:             1024000
Population size:      13
Crossover:            MA-MMX
Local Search:         -
Warm Start:           -
==============================

====== Algorithm Status ======
Valor:                1581
Time:                 250
nIter:                1609
Best Iter:            1609
Improvement Count:    1608
==============================
Solution tour: 
0 4 15 4 9 2 6 2 9 8 10 11 10 
1 
5 7 14 12 13 12 14 0 10 
==============================

====== Algorithm Status ======
Valor:                1583
Time:                 500
nIter:                3175
Best Iter:            3175
Improvement Count:    3174
==============================
Solution tour: 
0 4 15 4 11 6 2 9 8 10 
1 10 
5 7 12 14 12 13 0 10 
==============================

====== Algorithm Status ======
Valor:                1615
Time:                 1000
nIter:                6404
Best Iter:            6404
Improvement Count:    6403
==============================
Solution tour: 
0 4 15 4 11 2 6 2 9 8 6 13 10 
1 10 
5 7 12 14 12 0 10 
==============================

====== Algorithm Status ======
Valor:                1619
Time:                 2000
nIter:                12275
Best Iter:            12275
Improvement Count:    12274
==============================
Solution tour: 
0 4 15 4 11 2 6 2 9 8 6 13 10 
1 10 
5 7 6 12 14 12 0 10 
==============================

====== Algorithm Status ======
Valor:                1642
Time:                 4000
nIter:                25076
Best Iter:            25076
Improvement Count:    25075
==============================
Solution tour: 
0 4 15 4 11 9 8 6 13 6 2 6 10 
1 
5 7 6 12 14 12 
4 0 10 
==============================

====== Algorithm Status ======
Valor:                1672
Time:                 8000
nIter:                49314
Best Iter:            49314
Improvement Count:    49313
==============================
Solution tour: 
0 4 15 4 11 8 6 13 6 2 9 2 10 
1 10 
5 7 6 12 14 12 
4 0 10 
==============================

====== Algorithm Status ======
Valor:                1682
Time:                 16000
nIter:                95190
Best Iter:            95190
Improvement Count:    95189
==============================
Solution tour: 
0 4 15 4 11 10 8 6 13 6 2 9 10 
1 10 
5 7 5 6 12 14 12 
4 0 10 
==============================

====== Algorithm Status ======
Valor:                1682
Time:                 32000
nIter:                183238
Best Iter:            183238
Improvement Count:    183237
==============================
Solution tour: 
0 4 15 4 11 10 8 6 13 6 2 9 10 
1 10 
5 7 5 6 12 14 12 
4 0 10 
==============================

====== Algorithm Status ======
Valor:                1682
Time:                 64000
nIter:                348660
Best Iter:            348660
Improvement Count:    348659
==============================
Solution tour: 
0 4 15 4 11 10 8 6 13 6 2 9 10 
1 10 
5 7 5 6 12 14 12 
4 0 10 
==============================

====== Algorithm Status ======
Valor:                1713
Time:                 128000
nIter:                680898
Best Iter:            680898
Improvement Count:    680897
==============================
Solution tour: 
0 4 15 4 9 8 6 2 6 13 10 
1 10 
5 7 5 11 6 12 14 12 
4 0 10 
==============================

====== Algorithm Status ======
Valor:                1713
Time:                 256000
nIter:                1413808
Best Iter:            1413808
Improvement Count:    1413807
==============================
Solution tour: 
0 4 15 4 9 8 6 2 6 13 10 
1 10 
5 7 5 11 6 12 14 12 
4 0 10 
==============================

====== Algorithm Status ======
Valor:                1713
Time:                 512000
nIter:                2818472
Best Iter:            2818472
Improvement Count:    2818471
==============================
Solution tour: 
0 4 15 4 9 8 6 2 6 13 10 
1 10 
5 7 5 11 6 12 14 12 
4 0 10 
==============================

====== Algorithm Status ======
Valor:                1713
Time:                 1024001
nIter:                5623471
Best Iter:            5623471
Improvement Count:    5623472
==============================
Solution tour: 
0 4 15 4 9 8 6 2 6 13 10 
1 10 
5 7 5 11 6 12 14 12 
4 0 10 
==============================

====== Algorithm Status ======
Valor:                1713
Time:                 1024001
nIter:                5623471
Best Iter:            5623471
Improvement Count:    5623472
==============================
Solution tour: 
0 4 15 4 9 8 6 2 6 13 10 
1 10 
5 7 5 11 6 12 14 12 
4 0 10 
==============================

