=========== Input ===========
File name:                ./instances/realistic-instances/5-10-1917698.cdop
Total node count:         16
Truck node count:         5
Drone node count:         10
=============================

========== Settings ==========
Settings file:        ./settings/Memetic_MMX_1881515.config
Seed:                 1881515
Reduction method:     -
Max iter:             1024000
Population size:      13
Crossover:            MA-MMX
Local Search:         LS
Warm Start:           -
==============================

====== Algorithm Status ======
Valor:                1788
Time:                 250
nIter:                242
Best Iter:            242
Improvement Count:    241
==============================
Solution tour: 
0 
4 14 3 9 15 1 13 10 13 
1 15 3 12 3 14 6 7 6 4 
3 15 11 2 11 8 11 4 
==============================

====== Algorithm Status ======
Valor:                1809
Time:                 500
nIter:                466
Best Iter:            466
Improvement Count:    465
==============================
Solution tour: 
0 
4 14 3 9 15 1 13 
1 15 9 12 3 12 10 
2 11 2 8 11 6 7 6 14 4 
==============================

====== Algorithm Status ======
Valor:                1809
Time:                 1000
nIter:                966
Best Iter:            966
Improvement Count:    965
==============================
Solution tour: 
0 
4 14 3 9 15 1 13 
1 15 9 12 3 12 10 
2 11 2 8 11 6 7 6 14 4 
==============================

====== Algorithm Status ======
Valor:                1809
Time:                 2000
nIter:                1889
Best Iter:            1889
Improvement Count:    1888
==============================
Solution tour: 
0 
4 14 3 9 15 1 13 
1 15 9 12 3 12 10 
2 11 2 8 11 6 7 6 14 4 
==============================

====== Algorithm Status ======
Valor:                1809
Time:                 4000
nIter:                3735
Best Iter:            3735
Improvement Count:    3734
==============================
Solution tour: 
0 
4 14 3 9 15 1 13 
1 15 9 12 3 12 10 
2 11 2 8 11 6 7 6 14 4 
==============================

====== Algorithm Status ======
Valor:                1816
Time:                 8000
nIter:                7695
Best Iter:            7695
Improvement Count:    7694
==============================
Solution tour: 
0 4 3 12 3 9 15 1 13 
1 15 9 10 
2 11 8 11 2 7 6 7 5 14 4 
==============================

====== Algorithm Status ======
Valor:                1826
Time:                 16002
nIter:                15593
Best Iter:            15593
Improvement Count:    15592
==============================
Solution tour: 
0 4 14 5 7 6 7 10 12 
3 12 9 15 1 13 11 8 11 
2 11 13 
1 15 9 3 
4 
==============================

====== Algorithm Status ======
Valor:                1826
Time:                 32000
nIter:                30280
Best Iter:            30280
Improvement Count:    30279
==============================
Solution tour: 
0 4 14 5 7 6 7 10 12 
3 12 9 15 1 13 11 8 11 
2 11 13 
1 15 9 3 
4 
==============================

====== Algorithm Status ======
Valor:                1826
Time:                 64000
nIter:                59216
Best Iter:            59216
Improvement Count:    59215
==============================
Solution tour: 
0 4 14 5 7 6 7 10 12 
3 12 9 15 1 13 11 8 11 
2 11 13 
1 15 9 3 
4 
==============================

====== Algorithm Status ======
Valor:                1826
Time:                 128000
nIter:                112079
Best Iter:            112079
Improvement Count:    112078
==============================
Solution tour: 
0 4 14 5 7 6 7 10 12 
3 12 9 15 1 13 11 8 11 
2 11 13 
1 15 9 3 
4 
==============================

====== Algorithm Status ======
Valor:                1827
Time:                 256000
nIter:                222194
Best Iter:            222194
Improvement Count:    222193
==============================
Solution tour: 
0 4 15 3 12 10 12 3 9 15 1 13 11 8 11 
2 11 13 
1 15 9 3 4 14 6 7 6 14 
4 
==============================

====== Algorithm Status ======
Valor:                1827
Time:                 512000
nIter:                451316
Best Iter:            451316
Improvement Count:    451315
==============================
Solution tour: 
0 4 15 3 12 10 12 3 9 15 1 13 11 8 11 
2 11 13 
1 15 9 3 4 14 6 7 6 14 
4 
==============================

====== Algorithm Status ======
Valor:                1827
Time:                 1024002
nIter:                908197
Best Iter:            908197
Improvement Count:    908198
==============================
Solution tour: 
0 4 15 3 12 10 12 3 9 15 1 13 11 8 11 
2 11 13 
1 15 9 3 4 14 6 7 6 14 
4 
==============================

====== Algorithm Status ======
Valor:                1827
Time:                 1024002
nIter:                908197
Best Iter:            908197
Improvement Count:    908198
==============================
Solution tour: 
0 4 15 3 12 10 12 3 9 15 1 13 11 8 11 
2 11 13 
1 15 9 3 4 14 6 7 6 14 
4 
==============================

