=========== Input ===========
File name:                ./instances/realistic-instances/5-25-1762875.cdop
Total node count:         31
Truck node count:         5
Drone node count:         25
=============================

========== Settings ==========
Settings file:        ./settings/Memetic_MPX_1287823.config
Seed:                 1287823
Reduction method:     -
Max iter:             1024000
Population size:      13
Crossover:            MA-MPX
Local Search:         LS
Warm Start:           -
==============================

====== Algorithm Status ======
Valor:                2416
Time:                 252
nIter:                98
Best Iter:            98
Improvement Count:    97
==============================
Solution tour: 
0 23 18 13 16 17 24 8 19 26 30 
2 
1 15 9 10 28 10 
4 11 20 14 27 
3 21 22 
5 27 14 6 29 23 
==============================

====== Algorithm Status ======
Valor:                2416
Time:                 502
nIter:                204
Best Iter:            204
Improvement Count:    203
==============================
Solution tour: 
0 23 18 13 16 17 24 8 19 26 30 
2 
1 15 9 10 28 10 
4 11 20 14 27 
3 21 22 
5 27 14 6 29 23 
==============================

====== Algorithm Status ======
Valor:                2485
Time:                 1003
nIter:                416
Best Iter:            416
Improvement Count:    415
==============================
Solution tour: 
0 23 18 6 13 17 16 7 25 7 19 8 19 12 22 26 30 
2 1 
4 11 26 20 14 27 14 29 
1 15 9 10 28 10 24 1 
==============================

====== Algorithm Status ======
Valor:                2485
Time:                 2000
nIter:                742
Best Iter:            742
Improvement Count:    741
==============================
Solution tour: 
0 23 18 6 13 17 16 7 25 7 19 8 19 12 22 26 30 
2 1 
4 11 26 20 14 27 14 29 
1 15 9 10 28 10 24 1 
==============================

====== Algorithm Status ======
Valor:                2534
Time:                 4001
nIter:                1605
Best Iter:            1605
Improvement Count:    1604
==============================
Solution tour: 
0 23 18 6 13 17 16 7 25 7 19 8 19 26 30 
1 15 9 10 28 10 24 1 30 
5 22 12 11 20 14 27 14 29 1 
2 
3 
==============================

====== Algorithm Status ======
Valor:                2534
Time:                 8000
nIter:                3021
Best Iter:            3021
Improvement Count:    3020
==============================
Solution tour: 
0 23 18 6 13 17 16 7 25 7 19 8 19 26 30 
1 15 9 10 28 10 24 1 30 
5 22 12 11 20 14 27 14 29 1 
2 
3 
==============================

====== Algorithm Status ======
Valor:                2534
Time:                 16000
nIter:                5925
Best Iter:            5925
Improvement Count:    5924
==============================
Solution tour: 
0 23 18 6 13 17 16 7 25 7 19 8 19 26 30 
1 15 9 10 28 10 24 1 30 
5 22 12 11 20 14 27 14 29 1 
2 
3 
==============================

====== Algorithm Status ======
Valor:                2542
Time:                 32000
nIter:                11763
Best Iter:            11763
Improvement Count:    11762
==============================
Solution tour: 
0 23 18 6 13 17 16 7 25 7 19 8 19 26 30 
4 
1 15 9 10 28 10 24 1 30 
5 22 11 20 14 27 14 29 23 
==============================

====== Algorithm Status ======
Valor:                2553
Time:                 64001
nIter:                23735
Best Iter:            23735
Improvement Count:    23734
==============================
Solution tour: 
0 23 18 29 6 13 17 16 7 25 7 19 8 19 26 30 
4 
1 15 9 10 28 10 24 1 30 
5 22 12 11 20 14 27 14 23 
==============================

====== Algorithm Status ======
Valor:                2553
Time:                 128001
nIter:                50700
Best Iter:            50700
Improvement Count:    50699
==============================
Solution tour: 
0 23 18 29 6 13 17 16 7 25 7 19 8 19 26 30 
4 
1 15 9 10 28 10 24 1 30 
5 22 12 11 20 14 27 14 23 
==============================

====== Algorithm Status ======
Valor:                2553
Time:                 256000
nIter:                100116
Best Iter:            100116
Improvement Count:    100115
==============================
Solution tour: 
0 23 18 29 6 13 17 16 7 25 7 19 8 19 26 30 
4 
1 15 9 10 28 10 24 1 30 
5 22 12 11 20 14 27 14 23 
==============================

====== Algorithm Status ======
Valor:                2553
Time:                 512003
nIter:                199983
Best Iter:            199983
Improvement Count:    199982
==============================
Solution tour: 
0 23 18 29 6 13 17 16 7 25 7 19 8 19 26 30 
4 
1 15 9 10 28 10 24 1 30 
5 22 12 11 20 14 27 14 23 
==============================

====== Algorithm Status ======
Valor:                2562
Time:                 1024002
nIter:                394073
Best Iter:            394073
Improvement Count:    394074
==============================
Solution tour: 
0 23 18 29 6 13 17 16 7 25 7 19 8 19 26 30 
5 22 12 11 20 14 27 14 20 10 24 1 
3 21 15 9 15 1 
==============================

====== Algorithm Status ======
Valor:                2562
Time:                 1024002
nIter:                394073
Best Iter:            394073
Improvement Count:    394074
==============================
Solution tour: 
0 23 18 29 6 13 17 16 7 25 7 19 8 19 26 30 
5 22 12 11 20 14 27 14 20 10 24 1 
3 21 15 9 15 1 
==============================

