=========== Input ===========
File name:                ./instances/realistic-instances/5-25-1917698.cdop
Total node count:         31
Truck node count:         5
Drone node count:         25
=============================

========== Settings ==========
Settings file:        ./settings/Memetic_MPX_1099666.config
Seed:                 1099666
Reduction method:     -
Max iter:             1024000
Population size:      13
Crossover:            MA-MPX
Local Search:         LS
Warm Start:           -
==============================

====== Algorithm Status ======
Valor:                2696
Time:                 251
nIter:                88
Best Iter:            88
Improvement Count:    87
==============================
Solution tour: 
0 26 14 23 19 23 28 
5 29 12 24 12 15 22 17 13 27 16 21 9 
4 25 30 25 
2 25 20 24 6 24 11 18 10 8 7 27 7 
3 7 
1 
==============================

====== Algorithm Status ======
Valor:                2696
Time:                 500
nIter:                182
Best Iter:            182
Improvement Count:    181
==============================
Solution tour: 
0 26 14 23 19 23 28 
5 29 12 24 12 15 22 17 13 27 16 21 9 
4 25 30 25 
2 25 20 24 6 24 11 18 10 8 7 27 7 
3 7 
1 
==============================

====== Algorithm Status ======
Valor:                2714
Time:                 1000
nIter:                395
Best Iter:            395
Improvement Count:    394
==============================
Solution tour: 
0 26 
1 29 
5 17 15 12 24 12 22 13 27 16 21 9 30 25 
2 25 20 14 19 24 6 24 11 18 28 10 8 7 27 7 
3 23 28 
4 9 
==============================

====== Algorithm Status ======
Valor:                2743
Time:                 2001
nIter:                786
Best Iter:            786
Improvement Count:    785
==============================
Solution tour: 
0 26 
1 29 
5 12 24 12 15 22 17 13 27 16 21 9 30 25 
2 25 20 24 6 24 11 18 28 10 8 7 27 7 
3 7 14 19 23 28 
==============================

====== Algorithm Status ======
Valor:                2743
Time:                 4000
nIter:                1532
Best Iter:            1532
Improvement Count:    1531
==============================
Solution tour: 
0 26 
1 29 
5 12 24 12 15 22 17 13 27 16 21 9 30 25 
2 25 20 24 6 24 11 18 28 10 8 7 27 7 
3 7 14 19 23 28 
==============================

====== Algorithm Status ======
Valor:                2771
Time:                 8002
nIter:                2865
Best Iter:            2865
Improvement Count:    2864
==============================
Solution tour: 
0 26 
1 29 
5 12 24 12 15 22 17 13 27 16 21 9 30 25 
2 25 20 24 6 24 11 18 28 10 8 7 27 7 
3 7 8 23 19 14 16 
==============================

====== Algorithm Status ======
Valor:                2771
Time:                 16000
nIter:                5529
Best Iter:            5529
Improvement Count:    5528
==============================
Solution tour: 
0 26 
1 29 
5 12 24 12 15 22 17 13 27 16 21 9 30 25 
2 25 20 24 6 24 11 18 28 10 8 7 27 7 
3 7 8 23 19 14 16 
==============================

====== Algorithm Status ======
Valor:                2771
Time:                 32003
nIter:                10710
Best Iter:            10710
Improvement Count:    10709
==============================
Solution tour: 
0 26 
1 29 
5 12 24 12 15 22 17 13 27 16 21 9 30 25 
2 25 20 24 6 24 11 18 28 10 8 7 27 7 
3 7 8 23 19 14 16 
==============================

====== Algorithm Status ======
Valor:                2771
Time:                 64000
nIter:                20640
Best Iter:            20640
Improvement Count:    20639
==============================
Solution tour: 
0 26 
1 29 
5 12 24 12 15 22 17 13 27 16 21 9 30 25 
2 25 20 24 6 24 11 18 28 10 8 7 27 7 
3 7 8 23 19 14 16 
==============================

====== Algorithm Status ======
Valor:                2771
Time:                 128001
nIter:                40820
Best Iter:            40820
Improvement Count:    40819
==============================
Solution tour: 
0 26 
1 29 
5 12 24 12 15 22 17 13 27 16 21 9 30 25 
2 25 20 24 6 24 11 18 28 10 8 7 27 7 
3 7 8 23 19 14 16 
==============================

====== Algorithm Status ======
Valor:                2802
Time:                 256001
nIter:                87908
Best Iter:            87908
Improvement Count:    87907
==============================
Solution tour: 
0 26 
1 29 30 25 
2 25 20 24 6 24 11 18 28 10 8 7 27 7 
3 7 8 23 19 14 16 21 
5 12 24 12 15 22 17 13 
4 25 9 
==============================

====== Algorithm Status ======
Valor:                2802
Time:                 512000
nIter:                189370
Best Iter:            189370
Improvement Count:    189369
==============================
Solution tour: 
0 26 
1 29 30 25 
2 25 20 24 6 24 11 18 28 10 8 7 27 7 
3 7 8 23 19 14 16 21 
5 12 24 12 15 22 17 13 
4 25 9 
==============================

====== Algorithm Status ======
Valor:                2812
Time:                 1024003
nIter:                397005
Best Iter:            397005
Improvement Count:    397006
==============================
Solution tour: 
0 26 
1 29 9 30 25 
2 25 20 24 6 24 11 18 28 10 8 7 27 7 
3 19 23 8 14 16 21 
5 
4 13 17 15 22 12 24 12 
==============================

====== Algorithm Status ======
Valor:                2812
Time:                 1024003
nIter:                397005
Best Iter:            397005
Improvement Count:    397006
==============================
Solution tour: 
0 26 
1 29 9 30 25 
2 25 20 24 6 24 11 18 28 10 8 7 27 7 
3 19 23 8 14 16 21 
5 
4 13 17 15 22 12 24 12 
==============================

