=========== Input ===========
File name:                ./instances/realistic-instances/5-25-1891798.cdop
Total node count:         31
Truck node count:         5
Drone node count:         25
=============================

========== Settings ==========
Settings file:        ./settings/Memetic_MPX_1099666.config
Seed:                 1099666
Reduction method:     -
Max iter:             1024000
Population size:      13
Crossover:            MA-MPX
Local Search:         LS
Warm Start:           -
==============================

====== Algorithm Status ======
Valor:                2708
Time:                 250
nIter:                85
Best Iter:            85
Improvement Count:    84
==============================
Solution tour: 
0 9 19 24 11 12 11 13 
3 25 26 27 16 29 15 23 7 23 17 
4 
5 
2 6 30 21 10 22 14 8 14 20 28 18 
1 10 1 
==============================

====== Algorithm Status ======
Valor:                2716
Time:                 503
nIter:                172
Best Iter:            172
Improvement Count:    171
==============================
Solution tour: 
0 9 0 19 24 0 11 12 11 13 
3 25 26 27 16 29 15 23 7 23 17 
4 
1 2 6 30 21 10 22 14 8 14 20 28 18 1 
==============================

====== Algorithm Status ======
Valor:                2716
Time:                 1002
nIter:                337
Best Iter:            337
Improvement Count:    336
==============================
Solution tour: 
0 9 0 19 24 0 11 12 11 13 
3 25 26 27 16 29 15 23 7 23 17 
4 
1 2 6 30 21 10 22 14 8 14 20 28 18 1 
==============================

====== Algorithm Status ======
Valor:                2716
Time:                 2001
nIter:                664
Best Iter:            664
Improvement Count:    663
==============================
Solution tour: 
0 9 0 19 24 0 11 12 11 13 
3 25 26 27 16 29 15 23 7 23 17 
4 
1 2 6 30 21 10 22 14 8 14 20 28 18 1 
==============================

====== Algorithm Status ======
Valor:                2716
Time:                 4000
nIter:                1295
Best Iter:            1295
Improvement Count:    1294
==============================
Solution tour: 
0 9 0 19 24 0 11 12 11 13 
3 25 26 27 16 29 15 23 7 23 17 
4 
1 2 6 30 21 10 22 14 8 14 20 28 18 1 
==============================

====== Algorithm Status ======
Valor:                2725
Time:                 8003
nIter:                2600
Best Iter:            2600
Improvement Count:    2599
==============================
Solution tour: 
0 9 0 19 28 20 19 24 0 11 12 11 13 18 
1 2 8 25 26 27 16 29 15 23 7 23 17 
4 
5 
2 6 30 14 22 14 10 21 30 21 10 1 
==============================

====== Algorithm Status ======
Valor:                2732
Time:                 16001
nIter:                4863
Best Iter:            4863
Improvement Count:    4862
==============================
Solution tour: 
0 9 0 19 28 20 19 24 0 11 12 11 13 1 18 
1 2 1 10 22 14 8 25 26 27 16 29 15 23 7 23 17 4 
5 
4 1 
2 6 30 21 10 1 
==============================

====== Algorithm Status ======
Valor:                2776
Time:                 32001
nIter:                9440
Best Iter:            9440
Improvement Count:    9439
==============================
Solution tour: 
0 9 0 13 11 12 11 0 24 19 28 18 20 18 
1 2 1 10 22 14 8 25 26 27 16 29 15 23 7 23 17 4 
5 
2 6 30 21 10 1 
==============================

====== Algorithm Status ======
Valor:                2776
Time:                 64002
nIter:                18642
Best Iter:            18642
Improvement Count:    18641
==============================
Solution tour: 
0 9 0 13 11 12 11 0 24 19 28 18 20 18 
1 2 1 10 22 14 8 25 26 27 16 29 15 23 7 23 17 4 
5 
2 6 30 21 10 1 
==============================

====== Algorithm Status ======
Valor:                2776
Time:                 128000
nIter:                38107
Best Iter:            38107
Improvement Count:    38106
==============================
Solution tour: 
0 9 0 13 11 12 11 0 24 19 28 18 20 18 
1 2 1 10 22 14 8 25 26 27 16 29 15 23 7 23 17 4 
5 
2 6 30 21 10 1 
==============================

====== Algorithm Status ======
Valor:                2776
Time:                 256000
nIter:                78601
Best Iter:            78601
Improvement Count:    78600
==============================
Solution tour: 
0 9 0 13 11 12 11 0 24 19 28 18 20 18 
1 2 1 10 22 14 8 25 26 27 16 29 15 23 7 23 17 4 
5 
2 6 30 21 10 1 
==============================

====== Algorithm Status ======
Valor:                2788
Time:                 512002
nIter:                157179
Best Iter:            157179
Improvement Count:    157178
==============================
Solution tour: 
0 9 0 13 11 12 11 0 19 24 28 18 20 18 1 
2 6 30 21 10 
1 10 22 14 8 26 25 27 16 29 15 23 7 23 17 4 
==============================

====== Algorithm Status ======
Valor:                2798
Time:                 1024002
nIter:                321854
Best Iter:            321854
Improvement Count:    321855
==============================
Solution tour: 
0 9 0 13 11 12 11 0 19 24 19 28 18 20 18 
1 10 22 14 8 25 26 27 16 29 15 23 7 23 17 
4 
2 6 30 21 10 1 
==============================

====== Algorithm Status ======
Valor:                2798
Time:                 1024002
nIter:                321854
Best Iter:            321854
Improvement Count:    321855
==============================
Solution tour: 
0 9 0 13 11 12 11 0 19 24 19 28 18 20 18 
1 10 22 14 8 25 26 27 16 29 15 23 7 23 17 
4 
2 6 30 21 10 1 
==============================

