=========== Input ===========
File name:                ./instances/realistic-instances/5-10-1762875.cdop
Total node count:         16
Truck node count:         5
Drone node count:         10
=============================

========== Settings ==========
Settings file:        ./settings/Memetic-LS_MMX_1881515.config
Seed:                 1881515
Reduction method:     -
Max iter:             1024000
Population size:      13
Crossover:            MA-MMX
Local Search:         -
Warm Start:           -
==============================

====== Algorithm Status ======
Valor:                1702
Time:                 250
nIter:                1547
Best Iter:            1547
Improvement Count:    1546
==============================
Solution tour: 
0 14 12 8 10 8 12 7 8 
4 
1 15 
2 11 9 6 9 11 13 6 13 
3 14 
==============================

====== Algorithm Status ======
Valor:                1702
Time:                 500
nIter:                3151
Best Iter:            3151
Improvement Count:    3150
==============================
Solution tour: 
0 14 12 8 10 8 12 7 8 
4 
1 15 
2 11 9 6 9 11 13 6 13 
3 14 
==============================

====== Algorithm Status ======
Valor:                1706
Time:                 1000
nIter:                6348
Best Iter:            6348
Improvement Count:    6347
==============================
Solution tour: 
0 14 12 8 10 3 8 12 7 8 
4 
1 15 
2 11 9 6 9 11 13 6 13 
3 14 
==============================

====== Algorithm Status ======
Valor:                1786
Time:                 2000
nIter:                13126
Best Iter:            13126
Improvement Count:    13125
==============================
Solution tour: 
0 14 12 10 8 12 8 7 
4 
1 15 9 11 
2 11 9 6 13 
3 13 14 
==============================

====== Algorithm Status ======
Valor:                1804
Time:                 4000
nIter:                26484
Best Iter:            26484
Improvement Count:    26483
==============================
Solution tour: 
0 14 10 8 12 8 7 
4 
1 15 6 9 11 
2 11 9 6 13 
3 13 14 
==============================

====== Algorithm Status ======
Valor:                1808
Time:                 8000
nIter:                52220
Best Iter:            52220
Improvement Count:    52219
==============================
Solution tour: 
0 14 10 
3 8 12 8 7 
4 
1 15 6 9 11 
2 11 9 6 13 3 13 14 
==============================

====== Algorithm Status ======
Valor:                1808
Time:                 16000
nIter:                104829
Best Iter:            104829
Improvement Count:    104828
==============================
Solution tour: 
0 14 10 
3 8 12 8 7 
4 
1 15 6 9 11 
2 11 9 6 13 3 13 14 
==============================

====== Algorithm Status ======
Valor:                1820
Time:                 32000
nIter:                212319
Best Iter:            212319
Improvement Count:    212318
==============================
Solution tour: 
0 14 7 10 
3 10 8 12 8 
4 
1 15 9 11 
2 11 9 6 13 3 13 14 
==============================

====== Algorithm Status ======
Valor:                1820
Time:                 64000
nIter:                434117
Best Iter:            434117
Improvement Count:    434116
==============================
Solution tour: 
0 14 7 10 
3 10 8 12 8 
4 
1 15 9 11 
2 11 9 6 13 3 13 14 
==============================

====== Algorithm Status ======
Valor:                1875
Time:                 128000
nIter:                853341
Best Iter:            853341
Improvement Count:    853340
==============================
Solution tour: 
0 14 7 8 12 8 
4 
1 15 9 11 
2 11 10 13 
3 13 6 9 6 13 14 
==============================

====== Algorithm Status ======
Valor:                1875
Time:                 256000
nIter:                1609133
Best Iter:            1609133
Improvement Count:    1609132
==============================
Solution tour: 
0 14 7 8 12 8 
4 
1 15 9 11 
2 11 10 13 
3 13 6 9 6 13 14 
==============================

====== Algorithm Status ======
Valor:                1875
Time:                 512000
nIter:                3211325
Best Iter:            3211325
Improvement Count:    3211324
==============================
Solution tour: 
0 14 7 8 12 8 
4 
1 15 9 11 
2 11 10 13 
3 13 6 9 6 13 14 
==============================

====== Algorithm Status ======
Valor:                1875
Time:                 1024001
nIter:                6439682
Best Iter:            6439682
Improvement Count:    6439683
==============================
Solution tour: 
0 14 7 8 12 8 
4 
1 15 9 11 
2 11 10 13 
3 13 6 9 6 13 14 
==============================

====== Algorithm Status ======
Valor:                1875
Time:                 1024001
nIter:                6439682
Best Iter:            6439682
Improvement Count:    6439683
==============================
Solution tour: 
0 14 7 8 12 8 
4 
1 15 9 11 
2 11 10 13 
3 13 6 9 6 13 14 
==============================

