=========== Input ===========
File name:                ./instances/realistic-instances/5-10-1891798.cdop
Total node count:         16
Truck node count:         5
Drone node count:         10
=============================

========== Settings ==========
Settings file:        ./settings/Memetic_MMX_1287823.config
Seed:                 1287823
Reduction method:     -
Max iter:             1024000
Population size:      13
Crossover:            MA-MMX
Local Search:         LS
Warm Start:           -
==============================

====== Algorithm Status ======
Valor:                1927
Time:                 250
nIter:                227
Best Iter:            227
Improvement Count:    226
==============================
Solution tour: 
0 5 6 5 10 7 10 11 8 12 1 13 
3 13 
1 12 
4 12 14 12 8 2 9 2 12 2 8 
==============================

====== Algorithm Status ======
Valor:                1930
Time:                 500
nIter:                441
Best Iter:            441
Improvement Count:    440
==============================
Solution tour: 
0 10 7 10 14 12 
4 12 1 13 
1 12 2 8 2 9 2 12 8 11 8 5 6 
5 3 13 
3 
==============================

====== Algorithm Status ======
Valor:                1939
Time:                 1001
nIter:                836
Best Iter:            836
Improvement Count:    835
==============================
Solution tour: 
0 1 10 7 10 11 8 2 9 
2 12 14 12 
4 12 1 13 
1 12 2 8 11 
5 6 5 3 13 
3 
==============================

====== Algorithm Status ======
Valor:                1939
Time:                 2000
nIter:                1597
Best Iter:            1597
Improvement Count:    1596
==============================
Solution tour: 
0 1 10 7 10 11 8 2 9 
2 12 14 12 
4 12 1 13 
1 12 2 8 11 
5 6 5 3 13 
3 
==============================

====== Algorithm Status ======
Valor:                1939
Time:                 4000
nIter:                3223
Best Iter:            3223
Improvement Count:    3222
==============================
Solution tour: 
0 1 10 7 10 11 8 2 9 
2 12 14 12 
4 12 1 13 
1 12 2 8 11 
5 6 5 3 13 
3 
==============================

====== Algorithm Status ======
Valor:                1939
Time:                 8000
nIter:                6303
Best Iter:            6303
Improvement Count:    6302
==============================
Solution tour: 
0 1 10 7 10 11 8 2 9 
2 12 14 12 
4 12 1 13 
1 12 2 8 11 
5 6 5 3 13 
3 
==============================

====== Algorithm Status ======
Valor:                1939
Time:                 16000
nIter:                12263
Best Iter:            12263
Improvement Count:    12262
==============================
Solution tour: 
0 1 10 7 10 11 8 2 9 
2 12 14 12 
4 12 1 13 
1 12 2 8 11 
5 6 5 3 13 
3 
==============================

====== Algorithm Status ======
Valor:                1939
Time:                 32004
nIter:                24273
Best Iter:            24273
Improvement Count:    24272
==============================
Solution tour: 
0 1 10 7 10 11 8 2 9 
2 12 14 12 
4 12 1 13 
1 12 2 8 11 
5 6 5 3 13 
3 
==============================

====== Algorithm Status ======
Valor:                1939
Time:                 64001
nIter:                46680
Best Iter:            46680
Improvement Count:    46679
==============================
Solution tour: 
0 1 10 7 10 11 8 2 9 
2 12 14 12 
4 12 1 13 
1 12 2 8 11 
5 6 5 3 13 
3 
==============================

====== Algorithm Status ======
Valor:                1939
Time:                 128000
nIter:                87488
Best Iter:            87488
Improvement Count:    87487
==============================
Solution tour: 
0 1 10 7 10 11 8 2 9 
2 12 14 12 
4 12 1 13 
1 12 2 8 11 
5 6 5 3 13 
3 
==============================

====== Algorithm Status ======
Valor:                1939
Time:                 256001
nIter:                179928
Best Iter:            179928
Improvement Count:    179927
==============================
Solution tour: 
0 1 10 7 10 11 8 2 9 
2 12 14 12 
4 12 1 13 
1 12 2 8 11 
5 6 5 3 13 
3 
==============================

====== Algorithm Status ======
Valor:                1943
Time:                 512001
nIter:                366996
Best Iter:            366996
Improvement Count:    366995
==============================
Solution tour: 
0 8 14 10 7 10 11 8 2 12 
1 13 3 13 1 12 
4 12 2 9 2 8 11 5 6 5 
==============================

====== Algorithm Status ======
Valor:                1943
Time:                 1024001
nIter:                751526
Best Iter:            751526
Improvement Count:    751527
==============================
Solution tour: 
0 8 14 10 7 10 11 8 2 12 
1 13 3 13 1 12 
4 12 2 9 2 8 11 5 6 5 
==============================

====== Algorithm Status ======
Valor:                1943
Time:                 1024001
nIter:                751526
Best Iter:            751526
Improvement Count:    751527
==============================
Solution tour: 
0 8 14 10 7 10 11 8 2 12 
1 13 3 13 1 12 
4 12 2 9 2 8 11 5 6 5 
==============================

