=========== Input ===========
File name:                ./instances/realistic-instances/5-25-1110588.cdop
Total node count:         31
Truck node count:         5
Drone node count:         25
=============================

========== Settings ==========
Settings file:        ./settings/Memetic_MPX_1099666.config
Seed:                 1099666
Reduction method:     -
Max iter:             1024000
Population size:      13
Crossover:            MA-MPX
Local Search:         LS
Warm Start:           -
==============================

====== Algorithm Status ======
Valor:                2422
Time:                 251
nIter:                79
Best Iter:            79
Improvement Count:    78
==============================
Solution tour: 
0 27 29 10 8 16 28 7 30 17 26 17 9 23 19 22 19 6 15 12 24 18 25 18 
4 21 
1 
2 11 20 5 27 14 27 5 20 11 27 5 
==============================

====== Algorithm Status ======
Valor:                2422
Time:                 506
nIter:                146
Best Iter:            146
Improvement Count:    145
==============================
Solution tour: 
0 27 29 10 8 16 28 7 30 17 26 17 9 23 19 22 19 6 15 12 24 18 25 18 
4 21 
1 
2 11 20 5 27 14 27 5 20 11 27 5 
==============================

====== Algorithm Status ======
Valor:                2456
Time:                 1000
nIter:                298
Best Iter:            298
Improvement Count:    297
==============================
Solution tour: 
0 27 5 29 10 8 16 28 7 30 17 26 17 9 23 19 22 19 6 15 12 24 18 25 18 21 
3 
1 
2 11 20 5 27 14 27 11 27 5 3 21 
4 21 
==============================

====== Algorithm Status ======
Valor:                2456
Time:                 2001
nIter:                622
Best Iter:            622
Improvement Count:    621
==============================
Solution tour: 
0 5 29 10 8 16 28 7 30 17 26 9 23 19 22 19 6 15 24 12 18 25 18 21 
3 21 
4 21 3 
5 
2 11 20 5 27 14 27 11 27 5 
1 
==============================

====== Algorithm Status ======
Valor:                2478
Time:                 4000
nIter:                1318
Best Iter:            1318
Improvement Count:    1317
==============================
Solution tour: 
0 
1 12 24 18 25 29 10 8 16 13 15 17 26 23 9 30 7 28 19 22 19 6 
2 11 20 5 27 14 27 11 27 5 
3 21 
4 21 3 
5 
==============================

====== Algorithm Status ======
Valor:                2478
Time:                 8001
nIter:                2812
Best Iter:            2812
Improvement Count:    2811
==============================
Solution tour: 
0 
1 12 24 18 25 29 10 8 16 13 15 17 26 23 9 30 7 28 19 22 19 6 
2 11 20 5 27 14 27 11 27 5 
3 21 
4 21 3 
5 
==============================

====== Algorithm Status ======
Valor:                2478
Time:                 16002
nIter:                5771
Best Iter:            5771
Improvement Count:    5770
==============================
Solution tour: 
0 
1 12 24 18 25 29 10 8 16 13 15 17 26 23 9 30 7 28 19 22 19 6 
2 11 20 5 27 14 27 11 27 5 
3 21 
4 21 3 
5 
==============================

====== Algorithm Status ======
Valor:                2478
Time:                 32000
nIter:                11780
Best Iter:            11780
Improvement Count:    11779
==============================
Solution tour: 
0 
1 12 24 18 25 29 10 8 16 13 15 17 26 23 9 30 7 28 19 22 19 6 
2 11 20 5 27 14 27 11 27 5 
3 21 
4 21 3 
5 
==============================

====== Algorithm Status ======
Valor:                2478
Time:                 64000
nIter:                24576
Best Iter:            24576
Improvement Count:    24575
==============================
Solution tour: 
0 
1 12 24 18 25 29 10 8 16 13 15 17 26 23 9 30 7 28 19 22 19 6 
2 11 20 5 27 14 27 11 27 5 
3 21 
4 21 3 
5 
==============================

====== Algorithm Status ======
Valor:                2484
Time:                 128000
nIter:                52647
Best Iter:            52647
Improvement Count:    52646
==============================
Solution tour: 
0 
1 12 24 18 25 29 10 8 16 13 15 17 26 20 23 9 30 7 28 19 22 19 6 
2 11 27 14 27 11 20 5 
3 21 
4 21 3 
5 
==============================

====== Algorithm Status ======
Valor:                2484
Time:                 256004
nIter:                102017
Best Iter:            102017
Improvement Count:    102016
==============================
Solution tour: 
0 
1 12 24 18 25 29 10 8 16 13 15 17 26 20 23 9 30 7 28 19 22 19 6 
2 11 27 14 27 11 20 5 
3 21 
4 21 3 
5 
==============================

====== Algorithm Status ======
Valor:                2484
Time:                 512002
nIter:                204969
Best Iter:            204969
Improvement Count:    204968
==============================
Solution tour: 
0 
1 12 24 18 25 29 10 8 16 13 15 17 26 20 23 9 30 7 28 19 22 19 6 
2 11 27 14 27 11 20 5 
3 21 
4 21 3 
5 
==============================

====== Algorithm Status ======
Valor:                2484
Time:                 1024001
nIter:                412860
Best Iter:            412860
Improvement Count:    412861
==============================
Solution tour: 
0 
1 12 24 18 25 29 10 8 16 13 15 17 26 20 23 9 30 7 28 19 22 19 6 
2 11 27 14 27 11 20 5 
3 21 
4 21 3 
5 
==============================

====== Algorithm Status ======
Valor:                2484
Time:                 1024001
nIter:                412860
Best Iter:            412860
Improvement Count:    412861
==============================
Solution tour: 
0 
1 12 24 18 25 29 10 8 16 13 15 17 26 20 23 9 30 7 28 19 22 19 6 
2 11 27 14 27 11 20 5 
3 21 
4 21 3 
5 
==============================

