=========== Input ===========
File name:                ./instances/realistic-instances/5-25-1917698.cdop
Total node count:         31
Truck node count:         5
Drone node count:         25
=============================

========== Settings ==========
Settings file:        ./settings/Memetic_MMX_1287823.config
Seed:                 1287823
Reduction method:     -
Max iter:             1024000
Population size:      13
Crossover:            MA-MMX
Local Search:         LS
Warm Start:           -
==============================

====== Algorithm Status ======
Valor:                2704
Time:                 250
nIter:                73
Best Iter:            73
Improvement Count:    72
==============================
Solution tour: 
0 26 10 8 10 18 28 23 19 14 16 27 7 3 20 25 
2 25 30 29 17 15 22 13 24 6 24 12 24 1 9 1 
==============================

====== Algorithm Status ======
Valor:                2727
Time:                 500
nIter:                166
Best Iter:            166
Improvement Count:    165
==============================
Solution tour: 
0 26 10 8 10 18 28 23 19 14 16 27 7 3 20 25 
2 25 30 29 1 24 6 24 12 24 13 15 22 17 9 
==============================

====== Algorithm Status ======
Valor:                2737
Time:                 1001
nIter:                344
Best Iter:            344
Improvement Count:    343
==============================
Solution tour: 
0 26 10 8 10 18 10 28 23 19 14 16 27 7 3 20 25 
2 25 30 29 1 24 6 24 12 24 11 13 15 22 17 9 
==============================

====== Algorithm Status ======
Valor:                2737
Time:                 2000
nIter:                692
Best Iter:            692
Improvement Count:    691
==============================
Solution tour: 
0 26 10 8 10 18 10 28 23 19 14 16 27 7 3 20 25 
2 25 30 29 1 24 6 24 12 24 11 13 15 22 17 9 
==============================

====== Algorithm Status ======
Valor:                2747
Time:                 4000
nIter:                1383
Best Iter:            1383
Improvement Count:    1382
==============================
Solution tour: 
0 26 10 8 10 18 28 23 19 14 16 27 7 3 20 25 
2 25 29 1 24 6 24 12 22 15 17 13 27 16 21 9 30 9 
==============================

====== Algorithm Status ======
Valor:                2747
Time:                 8004
nIter:                2800
Best Iter:            2800
Improvement Count:    2799
==============================
Solution tour: 
0 26 10 8 10 18 28 23 19 14 16 27 7 3 20 25 
2 25 29 1 24 6 24 12 22 15 17 13 27 16 21 9 30 9 
==============================

====== Algorithm Status ======
Valor:                2756
Time:                 16002
nIter:                5662
Best Iter:            5662
Improvement Count:    5661
==============================
Solution tour: 
0 26 10 8 10 28 23 19 14 16 27 7 3 20 25 9 30 25 
2 25 29 1 24 6 24 12 17 22 15 12 24 11 13 18 28 
==============================

====== Algorithm Status ======
Valor:                2796
Time:                 32001
nIter:                10931
Best Iter:            10931
Improvement Count:    10930
==============================
Solution tour: 
0 26 10 8 10 28 23 19 14 16 27 7 3 20 25 
2 11 18 13 
4 25 9 25 30 6 24 12 15 22 17 12 24 6 29 1 
==============================

====== Algorithm Status ======
Valor:                2802
Time:                 64002
nIter:                21011
Best Iter:            21011
Improvement Count:    21010
==============================
Solution tour: 
0 26 10 8 10 28 23 19 14 16 21 16 27 7 3 20 25 
2 18 11 18 13 
4 9 30 6 24 12 15 22 17 12 24 6 29 1 
==============================

====== Algorithm Status ======
Valor:                2803
Time:                 128000
nIter:                41613
Best Iter:            41613
Improvement Count:    41612
==============================
Solution tour: 
0 26 10 8 10 28 23 19 14 16 27 7 3 20 25 
2 11 18 13 
4 29 6 24 12 22 15 17 12 24 6 30 9 21 9 
==============================

====== Algorithm Status ======
Valor:                2803
Time:                 256000
nIter:                85333
Best Iter:            85333
Improvement Count:    85332
==============================
Solution tour: 
0 26 10 8 10 28 23 19 14 16 27 7 3 20 25 
2 11 18 13 
4 29 6 24 12 22 15 17 12 24 6 30 9 21 9 
==============================

====== Algorithm Status ======
Valor:                2803
Time:                 512001
nIter:                170532
Best Iter:            170532
Improvement Count:    170531
==============================
Solution tour: 
0 26 10 8 10 28 23 19 14 16 27 7 3 20 25 
2 11 18 13 
4 29 6 24 12 22 15 17 12 24 6 30 9 21 9 
==============================

====== Algorithm Status ======
Valor:                2803
Time:                 1024002
nIter:                340681
Best Iter:            340681
Improvement Count:    340682
==============================
Solution tour: 
0 26 10 8 10 28 23 19 14 16 27 7 3 20 25 
2 11 18 13 
4 29 6 24 12 22 15 17 12 24 6 30 9 21 9 
==============================

====== Algorithm Status ======
Valor:                2803
Time:                 1024002
nIter:                340681
Best Iter:            340681
Improvement Count:    340682
==============================
Solution tour: 
0 26 10 8 10 28 23 19 14 16 27 7 3 20 25 
2 11 18 13 
4 29 6 24 12 22 15 17 12 24 6 30 9 21 9 
==============================

