=========== Input ===========
File name:                ./instances/realistic-instances/5-40-1917698.cdop
Total node count:         46
Truck node count:         5
Drone node count:         40
=============================

========== Settings ==========
Settings file:        ./settings/Memetic_MPX_1881515.config
Seed:                 1881515
Reduction method:     -
Max iter:             1024000
Population size:      13
Crossover:            MA-MPX
Local Search:         LS
Warm Start:           -
==============================

====== Algorithm Status ======
Valor:                3413
Time:                 253
nIter:                43
Best Iter:            43
Improvement Count:    42
==============================
Solution tour: 
0 
2 11 22 31 5 
4 5 13 9 26 24 9 20 19 20 28 18 21 23 45 23 29 
3 43 30 10 35 12 39 34 8 6 15 41 16 36 17 32 25 38 40 44 42 27 33 14 
1 37 
==============================

====== Algorithm Status ======
Valor:                3468
Time:                 506
nIter:                78
Best Iter:            78
Improvement Count:    77
==============================
Solution tour: 
0 
2 11 22 31 5 
4 5 13 9 26 15 24 15 9 20 19 20 28 18 21 23 45 23 29 
5 
3 43 23 30 10 35 12 39 34 8 6 15 37 41 16 36 17 32 25 38 40 44 42 27 33 14 
==============================

====== Algorithm Status ======
Valor:                3468
Time:                 1005
nIter:                148
Best Iter:            148
Improvement Count:    147
==============================
Solution tour: 
0 
2 11 22 31 5 
4 5 13 9 26 15 24 15 9 20 19 20 28 18 21 23 45 23 29 
5 
3 43 23 30 10 35 12 39 34 8 6 15 37 41 16 36 17 32 25 38 40 44 42 27 33 14 
==============================

====== Algorithm Status ======
Valor:                3468
Time:                 2006
nIter:                276
Best Iter:            276
Improvement Count:    275
==============================
Solution tour: 
0 
2 11 22 31 5 
4 5 13 9 26 15 24 15 9 20 19 20 28 18 21 23 45 23 29 
5 
3 43 23 30 10 35 12 39 34 8 6 15 37 41 16 36 17 32 25 38 40 44 42 27 33 14 
==============================

====== Algorithm Status ======
Valor:                3479
Time:                 4000
nIter:                558
Best Iter:            558
Improvement Count:    557
==============================
Solution tour: 
0 
2 11 22 31 5 
4 5 13 15 26 15 24 15 9 20 19 28 18 21 23 45 23 29 
3 43 23 30 10 35 12 39 34 6 8 6 15 37 41 16 36 17 32 25 38 40 44 42 27 33 14 
1 
==============================

====== Algorithm Status ======
Valor:                3479
Time:                 8003
nIter:                1058
Best Iter:            1058
Improvement Count:    1057
==============================
Solution tour: 
0 
2 11 22 31 5 
4 5 13 15 26 15 24 15 9 20 19 28 18 21 23 45 23 29 
3 43 23 30 10 35 12 39 34 6 8 6 15 37 41 16 36 17 32 25 38 40 44 42 27 33 14 
1 
==============================

====== Algorithm Status ======
Valor:                3479
Time:                 16004
nIter:                2108
Best Iter:            2108
Improvement Count:    2107
==============================
Solution tour: 
0 
2 11 22 31 5 
4 5 13 15 26 15 24 15 9 20 19 28 18 21 23 45 23 29 
3 43 23 30 10 35 12 39 34 6 8 6 15 37 41 16 36 17 32 25 38 40 44 42 27 33 14 
1 
==============================

====== Algorithm Status ======
Valor:                3514
Time:                 32001
nIter:                4318
Best Iter:            4318
Improvement Count:    4317
==============================
Solution tour: 
0 
1 37 36 41 
2 10 35 12 11 22 31 5 
4 39 24 6 13 9 15 26 6 8 6 34 19 20 28 18 21 16 14 33 45 23 29 23 43 
3 43 23 30 17 32 25 38 40 44 42 27 
==============================

====== Algorithm Status ======
Valor:                3560
Time:                 64000
nIter:                8600
Best Iter:            8600
Improvement Count:    8599
==============================
Solution tour: 
0 
2 10 35 12 11 22 31 5 
4 39 24 6 8 34 19 26 15 13 9 20 28 18 21 36 41 16 14 33 45 23 29 23 43 
3 43 23 37 12 35 10 30 17 32 25 38 40 44 0 
1 
==============================

====== Algorithm Status ======
Valor:                3573
Time:                 128018
nIter:                16840
Best Iter:            16840
Improvement Count:    16839
==============================
Solution tour: 
0 
2 1 11 22 31 5 
4 39 24 6 8 34 19 26 15 13 9 20 28 18 21 36 41 16 14 33 45 23 29 23 43 
3 43 23 37 12 35 10 30 17 32 25 38 40 44 0 
1 
==============================

====== Algorithm Status ======
Valor:                3582
Time:                 256005
nIter:                32947
Best Iter:            32947
Improvement Count:    32946
==============================
Solution tour: 
0 
2 1 11 22 31 5 
4 39 24 6 8 34 19 26 15 13 9 20 18 28 20 36 41 16 14 33 45 23 29 23 43 
3 43 23 21 37 12 35 10 30 17 32 25 38 40 44 0 
1 
==============================

====== Algorithm Status ======
Valor:                3590
Time:                 512011
nIter:                65713
Best Iter:            65713
Improvement Count:    65712
==============================
Solution tour: 
0 
2 1 11 22 31 5 
4 39 24 6 8 34 19 26 15 13 9 20 18 28 20 36 41 16 14 33 45 23 29 23 43 
3 43 23 21 37 10 12 35 30 17 32 25 38 40 44 42 44 
==============================

====== Algorithm Status ======
Valor:                3604
Time:                 1024007
nIter:                127859
Best Iter:            127859
Improvement Count:    127860
==============================
Solution tour: 
0 
2 1 11 22 31 8 34 6 24 39 5 
4 5 26 15 13 9 20 19 18 28 20 36 21 37 41 16 14 33 27 45 23 29 23 43 
3 43 23 12 35 10 30 17 32 25 38 40 44 42 
1 
==============================

====== Algorithm Status ======
Valor:                3604
Time:                 1024007
nIter:                127859
Best Iter:            127859
Improvement Count:    127860
==============================
Solution tour: 
0 
2 1 11 22 31 8 34 6 24 39 5 
4 5 26 15 13 9 20 19 18 28 20 36 21 37 41 16 14 33 27 45 23 29 23 43 
3 43 23 12 35 10 30 17 32 25 38 40 44 42 
1 
==============================

