=========== Input ===========
File name:                ./instances/realistic-instances/5-40-1762875.cdop
Total node count:         46
Truck node count:         5
Drone node count:         40
=============================

========== Settings ==========
Settings file:        ./settings/Memetic_MMX_1099666.config
Seed:                 1099666
Reduction method:     -
Max iter:             1024000
Population size:      13
Crossover:            MA-MMX
Local Search:         LS
Warm Start:           -
==============================

====== Algorithm Status ======
Valor:                3511
Time:                 255
nIter:                28
Best Iter:            28
Improvement Count:    27
==============================
Solution tour: 
0 21 8 42 41 12 13 30 36 31 26 29 27 
5 38 33 18 23 9 14 11 25 6 37 32 37 12 11 25 29 35 43 23 40 19 17 15 10 39 20 7 44 
2 24 28 34 28 16 
==============================

====== Algorithm Status ======
Valor:                3511
Time:                 505
nIter:                56
Best Iter:            56
Improvement Count:    55
==============================
Solution tour: 
0 21 8 42 41 12 13 30 36 31 26 29 27 
5 38 33 18 23 9 14 11 25 6 37 32 37 12 11 25 29 35 43 23 40 19 17 15 10 39 20 7 44 
2 24 28 34 28 16 
==============================

====== Algorithm Status ======
Valor:                3552
Time:                 1004
nIter:                110
Best Iter:            110
Improvement Count:    109
==============================
Solution tour: 
0 21 6 8 12 41 12 13 30 36 31 26 35 27 
5 38 33 18 9 23 40 19 14 11 25 37 32 37 22 43 17 15 10 39 20 42 7 44 
2 24 28 34 28 16 
==============================

====== Algorithm Status ======
Valor:                3560
Time:                 2006
nIter:                217
Best Iter:            217
Improvement Count:    216
==============================
Solution tour: 
0 21 6 25 11 8 12 41 12 13 30 36 31 26 35 27 43 23 40 19 9 14 38 
5 38 33 18 17 15 10 4 32 37 39 20 42 7 44 
2 24 28 34 28 16 
==============================

====== Algorithm Status ======
Valor:                3560
Time:                 4009
nIter:                430
Best Iter:            430
Improvement Count:    429
==============================
Solution tour: 
0 21 6 25 11 8 12 41 12 13 30 36 31 26 35 27 43 23 40 19 9 14 38 
5 38 33 18 17 15 10 4 32 37 39 20 42 7 44 
2 24 28 34 28 16 
==============================

====== Algorithm Status ======
Valor:                3654
Time:                 8000
nIter:                849
Best Iter:            849
Improvement Count:    848
==============================
Solution tour: 
0 21 6 8 25 11 12 41 36 31 26 35 27 22 43 23 40 19 9 14 38 
5 38 33 18 39 17 15 10 4 20 42 37 32 37 7 44 
2 24 28 34 28 30 13 16 
==============================

====== Algorithm Status ======
Valor:                3669
Time:                 16005
nIter:                1670
Best Iter:            1670
Improvement Count:    1669
==============================
Solution tour: 
0 21 6 12 41 36 31 26 35 40 19 43 23 18 9 14 33 38 
5 38 15 39 17 10 4 20 42 8 11 25 37 32 37 27 22 7 44 
2 24 28 34 28 30 13 16 
==============================

====== Algorithm Status ======
Valor:                3693
Time:                 32004
nIter:                3303
Best Iter:            3303
Improvement Count:    3302
==============================
Solution tour: 
0 21 13 12 41 36 31 26 35 40 19 23 43 18 33 14 9 38 
5 38 17 15 39 10 4 20 42 8 11 25 37 32 37 12 6 27 22 7 44 
2 24 28 34 28 30 13 16 
==============================

====== Algorithm Status ======
Valor:                3693
Time:                 64026
nIter:                6638
Best Iter:            6638
Improvement Count:    6637
==============================
Solution tour: 
0 21 13 12 41 36 31 26 35 40 19 23 43 18 33 14 9 38 
5 38 17 15 39 10 4 20 42 8 11 25 37 32 37 12 6 27 22 7 44 
2 24 28 34 28 30 13 16 
==============================

====== Algorithm Status ======
Valor:                3711
Time:                 128004
nIter:                14307
Best Iter:            14307
Improvement Count:    14306
==============================
Solution tour: 
0 21 13 8 6 37 32 37 25 11 12 41 36 31 26 29 27 35 14 33 18 38 
5 38 9 43 23 40 19 17 15 39 10 4 20 42 7 44 
2 24 28 34 28 30 13 16 
==============================

====== Algorithm Status ======
Valor:                3714
Time:                 256008
nIter:                29292
Best Iter:            29292
Improvement Count:    29291
==============================
Solution tour: 
0 21 13 8 6 37 32 37 25 11 12 41 36 42 29 27 35 26 14 18 33 38 
5 38 9 43 23 40 19 17 15 39 10 4 20 31 44 
2 24 28 34 28 30 16 13 21 
==============================

====== Algorithm Status ======
Valor:                3728
Time:                 512006
nIter:                58546
Best Iter:            58546
Improvement Count:    58545
==============================
Solution tour: 
0 21 13 8 37 32 37 6 25 11 12 41 42 29 27 22 27 35 26 14 18 33 38 
5 38 9 43 23 40 19 17 15 39 10 4 20 36 31 44 
2 24 28 34 28 30 16 13 21 
==============================

====== Algorithm Status ======
Valor:                3728
Time:                 1024005
nIter:                118044
Best Iter:            118044
Improvement Count:    118045
==============================
Solution tour: 
0 21 13 8 37 32 37 6 25 11 12 41 42 29 27 22 27 35 26 14 18 33 38 
5 38 9 43 23 40 19 17 15 39 10 4 20 36 31 44 
2 24 28 34 28 30 16 13 21 
==============================

====== Algorithm Status ======
Valor:                3728
Time:                 1024005
nIter:                118044
Best Iter:            118044
Improvement Count:    118045
==============================
Solution tour: 
0 21 13 8 37 32 37 6 25 11 12 41 42 29 27 22 27 35 26 14 18 33 38 
5 38 9 43 23 40 19 17 15 39 10 4 20 36 31 44 
2 24 28 34 28 30 16 13 21 
==============================

