=========== Input ===========
File name:                ./instances/realistic-instances/5-25-1767920.cdop
Total node count:         31
Truck node count:         5
Drone node count:         25
=============================

========== Settings ==========
Settings file:        ./settings/Memetic_MMX_1099666.config
Seed:                 1099666
Reduction method:     -
Max iter:             1024000
Population size:      13
Crossover:            MA-MMX
Local Search:         LS
Warm Start:           -
==============================

====== Algorithm Status ======
Valor:                2527
Time:                 251
nIter:                75
Best Iter:            75
Improvement Count:    74
==============================
Solution tour: 
0 23 0 15 20 9 
5 9 26 21 27 13 28 8 6 29 18 25 14 17 14 12 16 30 
1 
3 24 3 4 19 11 
==============================

====== Algorithm Status ======
Valor:                2527
Time:                 503
nIter:                147
Best Iter:            147
Improvement Count:    146
==============================
Solution tour: 
0 23 0 15 20 9 
5 9 26 21 27 13 28 8 6 29 18 25 14 17 14 12 16 30 
1 
3 24 3 4 19 11 
==============================

====== Algorithm Status ======
Valor:                2563
Time:                 1001
nIter:                304
Best Iter:            304
Improvement Count:    303
==============================
Solution tour: 
0 11 20 9 
5 9 26 21 27 13 28 8 10 18 25 14 17 14 12 19 16 30 
1 
3 24 3 22 23 0 15 
==============================

====== Algorithm Status ======
Valor:                2633
Time:                 2000
nIter:                597
Best Iter:            597
Improvement Count:    596
==============================
Solution tour: 
0 11 20 9 
5 10 22 26 21 26 27 13 28 8 14 25 14 17 14 12 4 19 16 30 18 29 
3 24 3 0 23 0 15 
==============================

====== Algorithm Status ======
Valor:                2643
Time:                 4002
nIter:                1175
Best Iter:            1175
Improvement Count:    1174
==============================
Solution tour: 
0 11 20 9 
5 10 22 27 26 21 26 27 13 28 8 14 25 14 17 14 12 19 4 16 30 18 29 
3 24 3 0 23 0 15 
==============================

====== Algorithm Status ======
Valor:                2643
Time:                 8004
nIter:                2297
Best Iter:            2297
Improvement Count:    2296
==============================
Solution tour: 
0 11 20 9 
5 10 22 27 26 21 26 27 13 28 8 14 25 14 17 14 12 19 4 16 30 18 29 
3 24 3 0 23 0 15 
==============================

====== Algorithm Status ======
Valor:                2643
Time:                 16002
nIter:                4508
Best Iter:            4508
Improvement Count:    4507
==============================
Solution tour: 
0 11 20 9 
5 10 22 27 26 21 26 27 13 28 8 14 25 14 17 14 12 19 4 16 30 18 29 
3 24 3 0 23 0 15 
==============================

====== Algorithm Status ======
Valor:                2651
Time:                 32001
nIter:                8858
Best Iter:            8858
Improvement Count:    8857
==============================
Solution tour: 
0 11 20 9 
5 10 22 27 26 21 26 27 13 28 8 28 12 14 25 14 17 14 12 19 16 30 18 29 
3 24 3 0 23 0 15 
==============================

====== Algorithm Status ======
Valor:                2651
Time:                 64004
nIter:                17710
Best Iter:            17710
Improvement Count:    17709
==============================
Solution tour: 
0 11 20 9 
5 10 22 27 26 21 26 27 13 28 8 28 12 14 25 14 17 14 12 19 16 30 18 29 
3 24 3 0 23 0 15 
==============================

====== Algorithm Status ======
Valor:                2675
Time:                 128000
nIter:                36011
Best Iter:            36011
Improvement Count:    36010
==============================
Solution tour: 
0 11 20 11 7 9 
5 10 22 26 21 26 27 13 28 8 28 12 14 25 14 17 14 12 16 30 18 29 
3 24 19 4 0 15 0 23 
==============================

====== Algorithm Status ======
Valor:                2675
Time:                 256001
nIter:                73636
Best Iter:            73636
Improvement Count:    73635
==============================
Solution tour: 
0 11 20 11 7 9 
5 10 22 26 21 26 27 13 28 8 28 12 14 25 14 17 14 12 16 30 18 29 
3 24 19 4 0 15 0 23 
==============================

====== Algorithm Status ======
Valor:                2675
Time:                 512002
nIter:                145813
Best Iter:            145813
Improvement Count:    145812
==============================
Solution tour: 
0 11 20 11 7 9 
5 10 22 26 21 26 27 13 28 8 28 12 14 25 14 17 14 12 16 30 18 29 
3 24 19 4 0 15 0 23 
==============================

====== Algorithm Status ======
Valor:                2675
Time:                 1024001
nIter:                292577
Best Iter:            292577
Improvement Count:    292578
==============================
Solution tour: 
0 11 20 11 7 9 
5 10 22 26 21 26 27 13 28 8 28 12 14 25 14 17 14 12 16 30 18 29 
3 24 19 4 0 15 0 23 
==============================

====== Algorithm Status ======
Valor:                2675
Time:                 1024001
nIter:                292577
Best Iter:            292577
Improvement Count:    292578
==============================
Solution tour: 
0 11 20 11 7 9 
5 10 22 26 21 26 27 13 28 8 28 12 14 25 14 17 14 12 16 30 18 29 
3 24 19 4 0 15 0 23 
==============================

