=========== Input ===========
File name:                ./instances/realistic-instances/5-40-1110588.cdop
Total node count:         46
Truck node count:         5
Drone node count:         40
=============================

========== Settings ==========
Settings file:        ./settings/Memetic_MMX_1099666.config
Seed:                 1099666
Reduction method:     -
Max iter:             1024000
Population size:      13
Crossover:            MA-MMX
Local Search:         LS
Warm Start:           -
==============================

====== Algorithm Status ======
Valor:                3313
Time:                 254
nIter:                38
Best Iter:            38
Improvement Count:    37
==============================
Solution tour: 
0 
4 13 38 42 31 35 7 29 45 9 27 43 11 15 28 41 14 41 14 23 30 39 33 12 25 20 
5 44 24 21 18 8 22 8 17 15 6 19 32 26 19 36 16 36 10 37 
==============================

====== Algorithm Status ======
Valor:                3339
Time:                 506
nIter:                72
Best Iter:            72
Improvement Count:    71
==============================
Solution tour: 
0 
4 13 34 38 42 31 35 7 10 29 45 9 27 43 11 15 28 41 14 23 14 39 33 12 25 20 
5 44 5 24 21 18 8 22 8 17 6 16 36 19 26 32 37 
==============================

====== Algorithm Status ======
Valor:                3342
Time:                 1002
nIter:                143
Best Iter:            143
Improvement Count:    142
==============================
Solution tour: 
0 34 38 42 31 35 7 10 29 45 9 27 43 11 15 28 41 14 23 14 39 13 33 12 25 20 
5 44 5 24 21 18 8 22 8 17 6 16 36 19 26 32 37 
==============================

====== Algorithm Status ======
Valor:                3358
Time:                 2005
nIter:                307
Best Iter:            307
Improvement Count:    306
==============================
Solution tour: 
0 34 38 42 31 35 7 10 29 45 9 27 43 11 43 28 41 14 23 14 39 13 33 12 25 20 
5 44 5 24 21 18 8 22 8 17 6 15 16 36 19 26 32 37 
==============================

====== Algorithm Status ======
Valor:                3358
Time:                 4008
nIter:                611
Best Iter:            611
Improvement Count:    610
==============================
Solution tour: 
0 34 38 42 31 35 7 10 29 45 9 27 43 11 43 28 41 14 23 14 39 13 33 12 25 20 
5 44 5 24 21 18 8 22 8 17 6 15 16 36 19 26 32 37 
==============================

====== Algorithm Status ======
Valor:                3358
Time:                 8016
nIter:                1232
Best Iter:            1232
Improvement Count:    1231
==============================
Solution tour: 
0 34 38 42 31 35 7 10 29 45 9 27 43 11 43 28 41 14 23 14 39 13 33 12 25 20 
5 44 5 24 21 18 8 22 8 17 6 15 16 36 19 26 32 37 
==============================

====== Algorithm Status ======
Valor:                3358
Time:                 16003
nIter:                2387
Best Iter:            2387
Improvement Count:    2386
==============================
Solution tour: 
0 34 38 42 31 35 7 10 29 45 9 27 43 11 43 28 41 14 23 14 39 13 33 12 25 20 
5 44 5 24 21 18 8 22 8 17 6 15 16 36 19 26 32 37 
==============================

====== Algorithm Status ======
Valor:                3368
Time:                 32002
nIter:                4594
Best Iter:            4594
Improvement Count:    4593
==============================
Solution tour: 
0 34 38 42 31 35 7 10 29 45 9 27 43 11 43 28 41 14 23 14 39 13 33 12 25 20 
5 44 5 40 24 21 18 30 36 16 36 19 26 32 17 6 15 8 22 37 5 
==============================

====== Algorithm Status ======
Valor:                3379
Time:                 64002
nIter:                9043
Best Iter:            9043
Improvement Count:    9042
==============================
Solution tour: 
0 34 38 42 31 35 7 10 29 45 9 27 43 11 43 14 23 14 41 39 13 33 12 25 20 
5 44 5 40 24 21 18 30 36 16 36 19 26 32 17 6 28 15 8 22 37 
==============================

====== Algorithm Status ======
Valor:                3379
Time:                 128006
nIter:                18285
Best Iter:            18285
Improvement Count:    18284
==============================
Solution tour: 
0 34 38 42 31 35 7 10 29 45 9 27 43 11 43 14 23 14 41 39 13 33 12 25 20 
5 44 5 40 24 21 18 30 36 16 36 19 26 32 17 6 28 15 8 22 37 
==============================

====== Algorithm Status ======
Valor:                3379
Time:                 256002
nIter:                38185
Best Iter:            38185
Improvement Count:    38184
==============================
Solution tour: 
0 34 38 42 31 35 7 10 29 45 9 27 43 11 43 14 23 14 41 39 13 33 12 25 20 
5 44 5 40 24 21 18 30 36 16 36 19 26 32 17 6 28 15 8 22 37 
==============================

====== Algorithm Status ======
Valor:                3379
Time:                 512006
nIter:                76318
Best Iter:            76318
Improvement Count:    76317
==============================
Solution tour: 
0 34 38 42 31 35 7 10 29 45 9 27 43 11 43 14 23 14 41 39 13 33 12 25 20 
5 44 5 40 24 21 18 30 36 16 36 19 26 32 17 6 28 15 8 22 37 
==============================

====== Algorithm Status ======
Valor:                3410
Time:                 1024005
nIter:                148226
Best Iter:            148226
Improvement Count:    148227
==============================
Solution tour: 
0 
1 4 29 7 10 45 9 27 43 11 43 14 23 14 41 39 38 31 42 35 4 13 33 25 20 44 
5 44 24 21 18 30 16 36 16 28 15 8 17 8 22 37 32 26 19 6 2 
==============================

====== Algorithm Status ======
Valor:                3410
Time:                 1024005
nIter:                148226
Best Iter:            148226
Improvement Count:    148227
==============================
Solution tour: 
0 
1 4 29 7 10 45 9 27 43 11 43 14 23 14 41 39 38 31 42 35 4 13 33 25 20 44 
5 44 24 21 18 30 16 36 16 28 15 8 17 8 22 37 32 26 19 6 2 
==============================

