=========== Input ===========
File name:                ./instances/realistic-instances/5-25-1762875.cdop
Total node count:         31
Truck node count:         5
Drone node count:         25
=============================

========== Settings ==========
Settings file:        ./settings/Memetic-LS_MMX_1287823.config
Seed:                 1287823
Reduction method:     -
Max iter:             1024000
Population size:      13
Crossover:            MA-MMX
Local Search:         -
Warm Start:           -
==============================

====== Algorithm Status ======
Valor:                2144
Time:                 250
nIter:                558
Best Iter:            558
Improvement Count:    557
==============================
Solution tour: 
0 
3 9 15 9 18 16 14 27 14 20 14 29 
1 29 25 26 25 11 
4 19 8 19 17 30 26 23 
==============================

====== Algorithm Status ======
Valor:                2217
Time:                 500
nIter:                1123
Best Iter:            1123
Improvement Count:    1122
==============================
Solution tour: 
0 
3 9 15 9 18 7 17 6 16 14 20 10 20 14 27 14 
1 29 26 25 11 
4 19 8 19 26 30 26 23 
==============================

====== Algorithm Status ======
Valor:                2217
Time:                 1000
nIter:                2253
Best Iter:            2253
Improvement Count:    2252
==============================
Solution tour: 
0 
3 9 15 9 18 7 17 6 16 14 20 10 20 14 27 14 
1 29 26 25 11 
4 19 8 19 26 30 26 23 
==============================

====== Algorithm Status ======
Valor:                2217
Time:                 2000
nIter:                4403
Best Iter:            4403
Improvement Count:    4402
==============================
Solution tour: 
0 
3 9 15 9 18 7 17 6 16 14 20 10 20 14 27 14 
1 29 26 25 11 
4 19 8 19 26 30 26 23 
==============================

====== Algorithm Status ======
Valor:                2312
Time:                 4000
nIter:                9103
Best Iter:            9103
Improvement Count:    9102
==============================
Solution tour: 
0 23 9 15 9 17 16 7 16 6 14 20 10 28 14 27 
1 29 25 26 25 11 
4 19 8 19 26 30 26 23 
==============================

====== Algorithm Status ======
Valor:                2440
Time:                 8000
nIter:                17676
Best Iter:            17676
Improvement Count:    17675
==============================
Solution tour: 
0 23 9 15 9 17 16 7 18 7 16 13 6 14 20 10 28 14 28 14 27 
1 29 25 26 25 11 25 19 8 19 26 30 26 22 23 
==============================

====== Algorithm Status ======
Valor:                2473
Time:                 16000
nIter:                34040
Best Iter:            34040
Improvement Count:    34039
==============================
Solution tour: 
0 23 9 15 9 24 17 16 7 12 18 7 16 13 6 14 20 10 28 14 27 
1 29 25 26 25 11 7 25 7 19 8 19 26 30 26 22 23 
==============================

====== Algorithm Status ======
Valor:                2473
Time:                 32000
nIter:                65537
Best Iter:            65537
Improvement Count:    65536
==============================
Solution tour: 
0 23 9 15 9 24 17 16 7 12 18 7 16 13 6 14 20 10 28 14 27 
1 29 25 26 25 11 7 25 7 19 8 19 26 30 26 22 23 
==============================

====== Algorithm Status ======
Valor:                2473
Time:                 64000
nIter:                124459
Best Iter:            124459
Improvement Count:    124458
==============================
Solution tour: 
0 23 9 15 9 24 17 16 7 12 18 7 16 13 6 14 20 10 28 14 27 
1 29 25 26 25 11 7 25 7 19 8 19 26 30 26 22 23 
==============================

====== Algorithm Status ======
Valor:                2486
Time:                 128000
nIter:                241047
Best Iter:            241047
Improvement Count:    241046
==============================
Solution tour: 
0 23 9 15 9 24 17 16 7 12 18 7 16 13 6 14 20 10 28 14 27 
1 29 25 7 25 11 25 26 19 8 19 26 30 26 22 21 
3 
==============================

====== Algorithm Status ======
Valor:                2486
Time:                 256000
nIter:                514239
Best Iter:            514239
Improvement Count:    514238
==============================
Solution tour: 
0 23 9 15 9 24 17 16 7 12 18 7 16 13 6 14 20 10 28 14 27 
1 29 25 7 25 11 25 26 19 8 19 26 30 26 22 21 
3 
==============================

====== Algorithm Status ======
Valor:                2486
Time:                 512000
nIter:                1038045
Best Iter:            1038045
Improvement Count:    1038044
==============================
Solution tour: 
0 23 9 15 9 24 17 16 7 12 18 7 16 13 6 14 20 10 28 14 27 
1 29 25 7 25 11 25 26 19 8 19 26 30 26 22 21 
3 
==============================

====== Algorithm Status ======
Valor:                2510
Time:                 1024001
nIter:                2088054
Best Iter:            2088054
Improvement Count:    2088055
==============================
Solution tour: 
0 23 9 15 9 24 17 16 7 18 7 16 13 14 27 14 20 10 
1 29 7 11 25 7 25 26 19 8 19 26 30 
5 22 6 23 
==============================

====== Algorithm Status ======
Valor:                2510
Time:                 1024001
nIter:                2088054
Best Iter:            2088054
Improvement Count:    2088055
==============================
Solution tour: 
0 23 9 15 9 24 17 16 7 18 7 16 13 14 27 14 20 10 
1 29 7 11 25 7 25 26 19 8 19 26 30 
5 22 6 23 
==============================

