=========== Input ===========
File name:                ./instances/realistic-instances/5-40-1917698.cdop
Total node count:         46
Truck node count:         5
Drone node count:         40
=============================

========== Settings ==========
Settings file:        ./settings/Memetic-LS_MPX_1287823.config
Seed:                 1287823
Reduction method:     -
Max iter:             1024000
Population size:      13
Crossover:            MA-MPX
Local Search:         -
Warm Start:           -
==============================

====== Algorithm Status ======
Valor:                2540
Time:                 251
nIter:                257
Best Iter:            257
Improvement Count:    256
==============================
Solution tour: 
0 24 25 44 23 45 15 20 9 20 18 19 
5 17 32 39 31 13 9 6 40 30 33 41 21 36 16 8 34 4 
3 
4 35 37 
1 11 29 
2 10 
==============================

====== Algorithm Status ======
Valor:                2583
Time:                 500
nIter:                475
Best Iter:            475
Improvement Count:    474
==============================
Solution tour: 
0 24 25 44 23 45 15 20 9 20 18 19 
2 10 
5 17 32 8 31 13 6 40 30 33 41 36 16 39 34 
3 
4 35 37 
1 11 29 
==============================

====== Algorithm Status ======
Valor:                2639
Time:                 1000
nIter:                939
Best Iter:            939
Improvement Count:    938
==============================
Solution tour: 
0 24 25 30 23 45 15 20 9 20 18 19 
5 17 32 8 31 13 6 40 44 33 41 36 16 39 34 
4 37 
1 11 29 
2 10 
==============================

====== Algorithm Status ======
Valor:                2704
Time:                 2000
nIter:                1784
Best Iter:            1784
Improvement Count:    1783
==============================
Solution tour: 
0 24 25 30 23 45 15 20 9 20 18 19 
4 37 
1 11 29 
5 17 32 8 31 13 6 40 44 33 41 36 16 39 34 
3 35 
2 12 10 
==============================

====== Algorithm Status ======
Valor:                3015
Time:                 4000
nIter:                3758
Best Iter:            3758
Improvement Count:    3757
==============================
Solution tour: 
0 24 18 21 30 23 45 25 22 9 15 13 
5 1 11 
1 37 12 
4 17 32 31 8 6 40 44 43 41 36 20 34 39 
3 35 29 
2 10 
==============================

====== Algorithm Status ======
Valor:                3032
Time:                 8000
nIter:                7724
Best Iter:            7724
Improvement Count:    7723
==============================
Solution tour: 
0 24 18 21 30 23 45 25 22 9 15 13 
5 1 37 
1 11 12 
3 29 
4 17 32 31 8 6 40 44 43 41 36 20 34 39 
2 14 16 
==============================

====== Algorithm Status ======
Valor:                3153
Time:                 16000
nIter:                15450
Best Iter:            15450
Improvement Count:    15449
==============================
Solution tour: 
0 10 24 18 21 30 23 45 25 22 9 15 13 
5 1 37 35 11 
1 
2 14 16 
4 
3 39 12 17 32 31 8 6 40 44 43 41 36 20 34 29 
==============================

====== Algorithm Status ======
Valor:                3161
Time:                 32000
nIter:                31532
Best Iter:            31532
Improvement Count:    31531
==============================
Solution tour: 
0 10 24 18 21 30 23 45 25 22 9 15 13 
5 1 37 35 11 
1 
2 16 14 42 
4 
3 39 12 17 32 31 8 6 40 44 43 41 36 20 34 29 
==============================

====== Algorithm Status ======
Valor:                3161
Time:                 64000
nIter:                63754
Best Iter:            63754
Improvement Count:    63753
==============================
Solution tour: 
0 10 24 18 21 30 23 45 25 22 9 15 13 
5 1 37 35 11 
1 
2 16 14 42 
4 
3 39 12 17 32 31 8 6 40 44 43 41 36 20 34 29 
==============================

====== Algorithm Status ======
Valor:                3256
Time:                 128000
nIter:                120777
Best Iter:            120777
Improvement Count:    120776
==============================
Solution tour: 
0 44 39 24 18 21 37 23 45 25 22 9 15 13 
5 1 30 35 11 
1 
2 14 16 14 
4 42 
3 10 12 17 32 31 8 6 40 44 27 43 41 36 20 19 34 29 
==============================

====== Algorithm Status ======
Valor:                3284
Time:                 256000
nIter:                231068
Best Iter:            231068
Improvement Count:    231067
==============================
Solution tour: 
0 33 39 34 18 21 37 23 45 25 22 9 15 13 
5 1 30 35 11 
1 
2 14 16 14 
4 42 
3 10 12 17 32 31 8 6 40 44 27 43 41 36 20 19 24 29 
==============================

====== Algorithm Status ======
Valor:                3391
Time:                 512000
nIter:                456711
Best Iter:            456711
Improvement Count:    456710
==============================
Solution tour: 
0 2 39 34 18 21 37 23 45 25 22 9 15 13 
5 
3 
4 12 30 17 32 31 8 6 40 44 42 43 41 36 20 19 26 24 29 
2 10 35 11 
1 38 14 16 14 33 
==============================

====== Algorithm Status ======
Valor:                3404
Time:                 1024001
nIter:                898365
Best Iter:            898365
Improvement Count:    898366
==============================
Solution tour: 
0 39 34 18 21 37 23 29 25 22 9 15 13 
5 42 
3 
4 39 12 30 17 32 31 8 6 40 44 43 41 36 20 19 26 24 
2 10 35 11 
1 38 14 16 14 33 
==============================

====== Algorithm Status ======
Valor:                3404
Time:                 1024001
nIter:                898365
Best Iter:            898365
Improvement Count:    898366
==============================
Solution tour: 
0 39 34 18 21 37 23 29 25 22 9 15 13 
5 42 
3 
4 39 12 30 17 32 31 8 6 40 44 43 41 36 20 19 26 24 
2 10 35 11 
1 38 14 16 14 33 
==============================

