=========== Input ===========
File name:                ./instances/realistic-instances/5-40-1917698.cdop
Total node count:         46
Truck node count:         5
Drone node count:         40
=============================

========== Settings ==========
Settings file:        ./settings/Memetic_MPX_1287823.config
Seed:                 1287823
Reduction method:     -
Max iter:             1024000
Population size:      13
Crossover:            MA-MPX
Local Search:         LS
Warm Start:           -
==============================

====== Algorithm Status ======
Valor:                3381
Time:                 257
nIter:                22
Best Iter:            22
Improvement Count:    21
==============================
Solution tour: 
0 2 10 41 16 21 36 20 
1 37 35 11 22 9 15 40 8 31 45 44 42 
4 5 13 6 34 18 28 19 24 39 12 14 33 7 38 25 32 17 30 23 29 23 43 
5 
2 0 44 
==============================

====== Algorithm Status ======
Valor:                3381
Time:                 503
nIter:                54
Best Iter:            54
Improvement Count:    53
==============================
Solution tour: 
0 2 10 41 16 21 36 20 
1 37 35 11 22 9 15 40 8 31 45 44 42 
4 5 13 6 34 18 28 19 24 39 12 14 33 7 38 25 32 17 30 23 29 23 43 
5 
2 0 44 
==============================

====== Algorithm Status ======
Valor:                3424
Time:                 1001
nIter:                136
Best Iter:            136
Improvement Count:    135
==============================
Solution tour: 
0 2 10 41 16 21 16 36 20 
1 37 35 11 22 9 15 6 40 6 8 31 45 44 42 
3 
4 5 13 34 18 28 19 26 15 24 39 12 0 33 14 38 25 32 17 30 23 29 23 43 
5 
2 
==============================

====== Algorithm Status ======
Valor:                3424
Time:                 2000
nIter:                282
Best Iter:            282
Improvement Count:    281
==============================
Solution tour: 
0 2 10 41 16 21 16 36 20 
1 37 35 11 22 9 15 6 40 6 8 31 45 44 42 
3 
4 5 13 34 18 28 19 26 15 24 39 12 0 33 14 38 25 32 17 30 23 29 23 43 
5 
2 
==============================

====== Algorithm Status ======
Valor:                3466
Time:                 4005
nIter:                584
Best Iter:            584
Improvement Count:    583
==============================
Solution tour: 
0 
2 
1 37 41 16 36 16 21 10 35 11 22 9 15 40 38 40 6 8 31 45 44 27 42 
3 
4 5 13 34 18 28 20 19 26 15 24 39 12 0 33 14 7 38 25 32 17 30 23 29 23 43 
5 
==============================

====== Algorithm Status ======
Valor:                3481
Time:                 8005
nIter:                1134
Best Iter:            1134
Improvement Count:    1133
==============================
Solution tour: 
0 
2 
1 37 41 16 36 21 16 21 10 35 11 22 9 15 40 38 40 6 8 31 45 44 42 
3 
4 5 13 34 18 28 20 19 26 15 24 39 12 0 33 14 38 25 32 17 30 23 29 23 43 
==============================

====== Algorithm Status ======
Valor:                3548
Time:                 16007
nIter:                2082
Best Iter:            2082
Improvement Count:    2081
==============================
Solution tour: 
0 
1 37 41 36 16 21 16 14 1 11 22 31 8 6 20 9 40 44 40 13 5 
4 5 13 34 18 28 19 26 15 6 24 39 12 35 10 2 0 33 7 38 25 32 17 30 23 29 23 43 
2 
==============================

====== Algorithm Status ======
Valor:                3563
Time:                 32011
nIter:                3985
Best Iter:            3985
Improvement Count:    3984
==============================
Solution tour: 
0 33 0 
1 37 41 36 16 21 16 14 11 22 31 8 28 19 20 9 15 26 6 40 44 40 13 5 
4 5 13 24 18 34 39 12 35 38 25 32 17 30 10 23 29 23 43 
3 
2 
==============================

====== Algorithm Status ======
Valor:                3620
Time:                 64000
nIter:                8156
Best Iter:            8156
Improvement Count:    8155
==============================
Solution tour: 
0 33 0 
1 37 41 36 16 21 16 14 11 22 31 8 18 28 19 20 9 15 26 24 6 40 44 40 13 5 
4 39 34 40 38 25 32 17 30 12 35 10 23 29 23 43 
3 42 45 44 0 
2 
==============================

====== Algorithm Status ======
Valor:                3620
Time:                 128008
nIter:                17167
Best Iter:            17167
Improvement Count:    17166
==============================
Solution tour: 
0 33 0 
1 37 41 36 16 21 16 14 11 22 31 8 18 28 19 20 9 15 26 24 6 40 44 40 13 5 
4 39 34 40 38 25 32 17 30 12 35 10 23 29 23 43 
3 42 45 44 0 
2 
==============================

====== Algorithm Status ======
Valor:                3620
Time:                 256002
nIter:                32968
Best Iter:            32968
Improvement Count:    32967
==============================
Solution tour: 
0 33 0 
1 37 41 36 16 21 16 14 11 22 31 8 18 28 19 20 9 15 26 24 6 40 44 40 13 5 
4 39 34 40 38 25 32 17 30 12 35 10 23 29 23 43 
3 42 45 44 0 
2 
==============================

====== Algorithm Status ======
Valor:                3622
Time:                 512004
nIter:                64484
Best Iter:            64484
Improvement Count:    64483
==============================
Solution tour: 
0 33 0 
1 37 41 36 16 21 16 14 11 22 31 8 18 28 19 20 9 15 26 24 6 40 44 40 13 5 43 
4 39 34 40 38 25 32 17 30 12 35 10 23 29 23 45 27 42 
3 
==============================

====== Algorithm Status ======
Valor:                3622
Time:                 1024019
nIter:                126320
Best Iter:            126320
Improvement Count:    126321
==============================
Solution tour: 
0 33 0 
1 37 41 36 16 21 16 14 11 22 31 8 18 28 19 20 9 15 26 24 6 40 44 40 13 5 43 
4 39 34 40 38 25 32 17 30 12 35 10 23 29 23 45 27 42 
3 
==============================

====== Algorithm Status ======
Valor:                3622
Time:                 1024019
nIter:                126320
Best Iter:            126320
Improvement Count:    126321
==============================
Solution tour: 
0 33 0 
1 37 41 36 16 21 16 14 11 22 31 8 18 28 19 20 9 15 26 24 6 40 44 40 13 5 43 
4 39 34 40 38 25 32 17 30 12 35 10 23 29 23 45 27 42 
3 
==============================

