=========== Input ===========
File name:                ./instances/realistic-instances/5-40-1762875.cdop
Total node count:         46
Truck node count:         5
Drone node count:         40
=============================

========== Settings ==========
Settings file:        ./settings/Memetic-LS_MPX_1099666.config
Seed:                 1099666
Reduction method:     -
Max iter:             1024000
Population size:      13
Crossover:            MA-MPX
Local Search:         -
Warm Start:           -
==============================

====== Algorithm Status ======
Valor:                2762
Time:                 250
nIter:                246
Best Iter:            246
Improvement Count:    245
==============================
Solution tour: 
0 21 6 8 42 28 31 37 8 18 19 27 44 27 29 11 33 9 23 30 41 12 42 35 27 24 
2 32 10 17 13 16 25 14 15 39 
5 38 36 
1 
3 20 
4 
==============================

====== Algorithm Status ======
Valor:                2762
Time:                 500
nIter:                472
Best Iter:            472
Improvement Count:    471
==============================
Solution tour: 
0 21 6 8 42 28 31 37 8 18 19 27 44 27 29 11 33 9 23 30 41 12 42 35 27 24 
2 32 10 17 13 16 25 14 15 39 
5 38 36 
1 
3 20 
4 
==============================

====== Algorithm Status ======
Valor:                2803
Time:                 1000
nIter:                884
Best Iter:            884
Improvement Count:    883
==============================
Solution tour: 
0 21 22 6 8 42 28 31 37 18 25 27 44 27 35 11 33 9 23 30 41 12 42 29 27 24 
2 32 10 17 13 16 19 14 15 39 
5 38 36 
1 
3 20 
4 
==============================

====== Algorithm Status ======
Valor:                2819
Time:                 2000
nIter:                1715
Best Iter:            1715
Improvement Count:    1714
==============================
Solution tour: 
0 21 6 8 42 28 31 37 9 30 27 44 27 35 11 33 18 23 25 41 12 42 29 27 24 
2 32 10 17 13 16 19 14 15 39 
5 38 22 36 
1 
3 20 
4 
==============================

====== Algorithm Status ======
Valor:                2941
Time:                 4000
nIter:                3467
Best Iter:            3467
Improvement Count:    3466
==============================
Solution tour: 
0 21 6 31 37 11 28 9 40 17 44 27 35 8 25 41 12 42 29 27 32 
2 24 10 30 13 16 19 23 14 18 15 39 
5 38 22 36 
1 
3 20 
4 
==============================

====== Algorithm Status ======
Valor:                3116
Time:                 8000
nIter:                7078
Best Iter:            7078
Improvement Count:    7077
==============================
Solution tour: 
0 21 6 26 31 44 17 23 19 25 11 27 35 8 41 12 42 29 37 32 
2 24 28 30 13 16 19 9 14 18 10 39 
5 38 15 36 
1 
3 20 
4 
==============================

====== Algorithm Status ======
Valor:                3160
Time:                 16000
nIter:                14857
Best Iter:            14857
Improvement Count:    14856
==============================
Solution tour: 
0 21 6 26 31 24 10 17 23 25 11 27 35 36 41 12 42 29 37 32 
2 44 28 30 13 16 19 9 14 39 18 
3 20 
4 
5 38 15 
1 
==============================

====== Algorithm Status ======
Valor:                3302
Time:                 32000
nIter:                30390
Best Iter:            30390
Improvement Count:    30389
==============================
Solution tour: 
0 21 6 26 31 24 10 17 19 25 11 27 22 6 21 12 41 36 42 29 37 32 
2 44 28 30 13 16 40 23 9 14 18 
3 39 20 
4 
1 
5 38 15 
==============================

====== Algorithm Status ======
Valor:                3377
Time:                 64003
nIter:                61584
Best Iter:            61584
Improvement Count:    61583
==============================
Solution tour: 
0 21 6 26 31 24 10 17 19 25 8 11 27 22 12 41 36 42 29 35 37 32 
2 44 28 30 13 16 40 23 9 14 33 18 
3 39 20 
4 
1 
5 38 15 
==============================

====== Algorithm Status ======
Valor:                3405
Time:                 128000
nIter:                116939
Best Iter:            116939
Improvement Count:    116938
==============================
Solution tour: 
0 21 6 26 31 24 10 17 19 25 8 11 12 41 36 42 29 35 27 37 32 
2 44 28 30 13 16 40 23 9 14 18 
3 39 20 
4 
1 
5 38 33 15 
==============================

====== Algorithm Status ======
Valor:                3419
Time:                 256004
nIter:                224034
Best Iter:            224034
Improvement Count:    224033
==============================
Solution tour: 
0 21 6 26 31 24 10 17 19 25 8 11 12 41 36 42 29 35 27 22 37 32 
2 44 28 30 13 16 40 23 9 14 18 
3 39 20 
4 
1 
5 38 33 15 
==============================

====== Algorithm Status ======
Valor:                3432
Time:                 512004
nIter:                439936
Best Iter:            439936
Improvement Count:    439935
==============================
Solution tour: 
0 21 6 26 31 24 
4 10 17 19 25 8 11 12 41 36 42 29 35 27 22 37 32 
2 44 28 30 13 16 40 43 23 9 14 18 
3 39 20 4 
1 
5 38 33 15 
==============================

====== Algorithm Status ======
Valor:                3480
Time:                 1024005
nIter:                787103
Best Iter:            787103
Improvement Count:    787104
==============================
Solution tour: 
0 21 6 26 31 24 
5 38 33 15 17 10 
4 10 17 43 25 8 11 12 41 36 42 29 35 27 22 37 32 
2 44 28 30 13 16 40 19 23 9 14 18 
3 39 20 4 
==============================

====== Algorithm Status ======
Valor:                3480
Time:                 1024005
nIter:                787103
Best Iter:            787103
Improvement Count:    787104
==============================
Solution tour: 
0 21 6 26 31 24 
5 38 33 15 17 10 
4 10 17 43 25 8 11 12 41 36 42 29 35 27 22 37 32 
2 44 28 30 13 16 40 19 23 9 14 18 
3 39 20 4 
==============================

