=========== Input ===========
File name:                ./instances/realistic-instances/5-40-1891798.cdop
Total node count:         46
Truck node count:         5
Drone node count:         40
=============================

========== Settings ==========
Settings file:        ./settings/Memetic_MPX_1881515.config
Seed:                 1881515
Reduction method:     -
Max iter:             1024000
Population size:      13
Crossover:            MA-MPX
Local Search:         LS
Warm Start:           -
==============================

====== Algorithm Status ======
Valor:                3088
Time:                 252
nIter:                30
Best Iter:            30
Improvement Count:    29
==============================
Solution tour: 
0 
2 19 34 23 20 25 22 12 33 36 10 7 18 8 14 15 35 17 13 16 9 42 11 
4 37 32 
1 39 28 27 28 45 31 30 29 21 43 24 41 26 40 6 
3 
==============================

====== Algorithm Status ======
Valor:                3245
Time:                 500
nIter:                73
Best Iter:            73
Improvement Count:    72
==============================
Solution tour: 
0 
1 39 28 27 28 38 45 31 30 29 14 21 11 42 44 9 43 24 12 41 26 40 6 
3 
4 37 4 
2 23 20 7 34 25 22 19 
5 32 17 13 18 21 35 15 8 30 33 
==============================

====== Algorithm Status ======
Valor:                3270
Time:                 1005
nIter:                157
Best Iter:            157
Improvement Count:    156
==============================
Solution tour: 
0 
1 39 28 27 28 45 31 30 29 14 41 17 11 42 9 43 24 43 44 26 40 6 
3 
4 37 4 
2 23 34 7 10 25 20 19 3 
5 36 32 17 13 18 21 35 15 8 30 33 12 22 
==============================

====== Algorithm Status ======
Valor:                3270
Time:                 2005
nIter:                287
Best Iter:            287
Improvement Count:    286
==============================
Solution tour: 
0 
1 39 28 27 28 45 31 30 29 14 41 17 11 42 9 43 24 43 44 26 40 6 
3 
4 37 4 
2 23 34 7 10 25 20 19 3 
5 36 32 17 13 18 21 35 15 8 30 33 12 22 
==============================

====== Algorithm Status ======
Valor:                3287
Time:                 4002
nIter:                559
Best Iter:            559
Improvement Count:    558
==============================
Solution tour: 
0 
1 39 28 27 28 38 45 31 30 29 14 41 26 11 42 9 43 24 43 44 40 6 
3 
4 37 4 
2 23 34 7 10 25 20 19 3 
5 36 32 17 13 18 21 35 15 8 30 33 30 12 22 
==============================

====== Algorithm Status ======
Valor:                3296
Time:                 8001
nIter:                1170
Best Iter:            1170
Improvement Count:    1169
==============================
Solution tour: 
0 
1 39 28 27 28 38 45 31 30 29 14 41 26 11 42 9 43 24 43 44 40 6 
3 
2 23 34 10 7 25 19 20 
4 37 4 
5 36 32 17 13 18 21 35 15 8 30 33 12 22 
==============================

====== Algorithm Status ======
Valor:                3296
Time:                 16000
nIter:                2370
Best Iter:            2370
Improvement Count:    2369
==============================
Solution tour: 
0 
1 39 28 27 28 38 45 31 30 29 14 41 26 11 42 9 43 24 43 44 40 6 
3 
2 23 34 10 7 25 19 20 
4 37 4 
5 36 32 17 13 18 21 35 15 8 30 33 12 22 
==============================

====== Algorithm Status ======
Valor:                3304
Time:                 32000
nIter:                4669
Best Iter:            4669
Improvement Count:    4668
==============================
Solution tour: 
0 
1 39 28 27 28 38 45 31 30 29 14 41 26 11 42 9 43 24 43 44 40 6 
3 
2 23 34 10 7 25 19 20 
4 37 4 
5 22 12 33 32 17 13 18 21 35 15 8 28 39 
==============================

====== Algorithm Status ======
Valor:                3323
Time:                 64011
nIter:                9183
Best Iter:            9183
Improvement Count:    9182
==============================
Solution tour: 
0 
1 39 28 10 28 38 45 31 30 29 14 41 26 11 42 9 43 24 43 44 40 6 
3 
2 23 34 27 7 25 19 20 
4 37 4 
5 3 22 12 33 32 17 13 18 21 35 15 8 28 39 
==============================

====== Algorithm Status ======
Valor:                3377
Time:                 128016
nIter:                18470
Best Iter:            18470
Improvement Count:    18469
==============================
Solution tour: 
0 
1 38 45 28 10 28 8 15 14 41 26 11 42 43 24 43 9 44 40 6 
3 
2 23 34 27 7 25 19 20 
4 37 4 
5 39 22 12 30 29 30 33 32 35 17 13 18 21 38 1 
==============================

====== Algorithm Status ======
Valor:                3377
Time:                 256001
nIter:                36155
Best Iter:            36155
Improvement Count:    36154
==============================
Solution tour: 
0 
1 38 45 28 10 28 8 15 14 41 26 11 42 43 24 43 9 44 40 6 
3 
2 23 34 27 7 25 19 20 
4 37 4 
5 39 22 12 30 29 30 33 32 35 17 13 18 21 38 1 
==============================

====== Algorithm Status ======
Valor:                3377
Time:                 512018
nIter:                71435
Best Iter:            71435
Improvement Count:    71434
==============================
Solution tour: 
0 
1 38 45 28 10 28 8 15 14 41 26 11 42 43 24 43 9 44 40 6 
3 
2 23 34 27 7 25 19 20 
4 37 4 
5 39 22 12 30 29 30 33 32 35 17 13 18 21 38 1 
==============================

====== Algorithm Status ======
Valor:                3377
Time:                 1024003
nIter:                142806
Best Iter:            142806
Improvement Count:    142807
==============================
Solution tour: 
0 
1 38 45 28 10 28 8 15 14 41 26 11 42 43 24 43 9 44 40 6 
3 
2 23 34 27 7 25 19 20 
4 37 4 
5 39 22 12 30 29 30 33 32 35 17 13 18 21 38 1 
==============================

====== Algorithm Status ======
Valor:                3377
Time:                 1024003
nIter:                142806
Best Iter:            142806
Improvement Count:    142807
==============================
Solution tour: 
0 
1 38 45 28 10 28 8 15 14 41 26 11 42 43 24 43 9 44 40 6 
3 
2 23 34 27 7 25 19 20 
4 37 4 
5 39 22 12 30 29 30 33 32 35 17 13 18 21 38 1 
==============================

