=========== Input ===========
File name:                ./instances/realistic-instances/5-10-1917698.cdop
Total node count:         16
Truck node count:         5
Drone node count:         10
=============================

========== Settings ==========
Settings file:        ./settings/Memetic_MMX_1099666.config
Seed:                 1099666
Reduction method:     -
Max iter:             1024000
Population size:      13
Crossover:            MA-MMX
Local Search:         LS
Warm Start:           -
==============================

====== Algorithm Status ======
Valor:                1816
Time:                 250
nIter:                235
Best Iter:            235
Improvement Count:    234
==============================
Solution tour: 
0 
4 3 12 
3 9 15 
1 13 1 15 9 10 2 11 8 11 
2 7 6 7 
5 14 4 
==============================

====== Algorithm Status ======
Valor:                1816
Time:                 500
nIter:                459
Best Iter:            459
Improvement Count:    458
==============================
Solution tour: 
0 
4 3 12 
3 9 15 
1 13 1 15 9 10 2 11 8 11 
2 7 6 7 
5 14 4 
==============================

====== Algorithm Status ======
Valor:                1816
Time:                 1000
nIter:                966
Best Iter:            966
Improvement Count:    965
==============================
Solution tour: 
0 
4 3 12 
3 9 15 
1 13 1 15 9 10 2 11 8 11 
2 7 6 7 
5 14 4 
==============================

====== Algorithm Status ======
Valor:                1816
Time:                 2000
nIter:                1914
Best Iter:            1914
Improvement Count:    1913
==============================
Solution tour: 
0 
4 3 12 
3 9 15 
1 13 1 15 9 10 2 11 8 11 
2 7 6 7 
5 14 4 
==============================

====== Algorithm Status ======
Valor:                1816
Time:                 4003
nIter:                3803
Best Iter:            3803
Improvement Count:    3802
==============================
Solution tour: 
0 
4 3 12 
3 9 15 
1 13 1 15 9 10 2 11 8 11 
2 7 6 7 
5 14 4 
==============================

====== Algorithm Status ======
Valor:                1816
Time:                 8000
nIter:                7501
Best Iter:            7501
Improvement Count:    7500
==============================
Solution tour: 
0 
4 3 12 
3 9 15 
1 13 1 15 9 10 2 11 8 11 
2 7 6 7 
5 14 4 
==============================

====== Algorithm Status ======
Valor:                1816
Time:                 16000
nIter:                15312
Best Iter:            15312
Improvement Count:    15311
==============================
Solution tour: 
0 
4 3 12 
3 9 15 
1 13 1 15 9 10 2 11 8 11 
2 7 6 7 
5 14 4 
==============================

====== Algorithm Status ======
Valor:                1816
Time:                 32001
nIter:                30608
Best Iter:            30608
Improvement Count:    30607
==============================
Solution tour: 
0 
4 3 12 
3 9 15 
1 13 1 15 9 10 2 11 8 11 
2 7 6 7 
5 14 4 
==============================

====== Algorithm Status ======
Valor:                1816
Time:                 64000
nIter:                60929
Best Iter:            60929
Improvement Count:    60928
==============================
Solution tour: 
0 
4 3 12 
3 9 15 
1 13 1 15 9 10 2 11 8 11 
2 7 6 7 
5 14 4 
==============================

====== Algorithm Status ======
Valor:                1816
Time:                 128000
nIter:                116847
Best Iter:            116847
Improvement Count:    116846
==============================
Solution tour: 
0 
4 3 12 
3 9 15 
1 13 1 15 9 10 2 11 8 11 
2 7 6 7 
5 14 4 
==============================

====== Algorithm Status ======
Valor:                1816
Time:                 256000
nIter:                230184
Best Iter:            230184
Improvement Count:    230183
==============================
Solution tour: 
0 
4 3 12 
3 9 15 
1 13 1 15 9 10 2 11 8 11 
2 7 6 7 
5 14 4 
==============================

====== Algorithm Status ======
Valor:                1816
Time:                 512000
nIter:                460740
Best Iter:            460740
Improvement Count:    460739
==============================
Solution tour: 
0 
4 3 12 
3 9 15 
1 13 1 15 9 10 2 11 8 11 
2 7 6 7 
5 14 4 
==============================

====== Algorithm Status ======
Valor:                1827
Time:                 1024001
nIter:                936276
Best Iter:            936276
Improvement Count:    936277
==============================
Solution tour: 
0 4 15 3 9 15 1 13 11 8 11 
2 11 13 
1 15 9 
3 12 10 12 3 4 14 6 7 6 14 4 
==============================

====== Algorithm Status ======
Valor:                1827
Time:                 1024001
nIter:                936276
Best Iter:            936276
Improvement Count:    936277
==============================
Solution tour: 
0 4 15 3 9 15 1 13 11 8 11 
2 11 13 
1 15 9 
3 12 10 12 3 4 14 6 7 6 14 4 
==============================

