=========== Input ===========
File name:                ./instances/realistic-instances/5-40-1110588.cdop
Total node count:         46
Truck node count:         5
Drone node count:         40
=============================

========== Settings ==========
Settings file:        ./settings/Memetic-LS_MPX_1881515.config
Seed:                 1881515
Reduction method:     -
Max iter:             1024000
Population size:      13
Crossover:            MA-MPX
Local Search:         -
Warm Start:           -
==============================

====== Algorithm Status ======
Valor:                2357
Time:                 251
nIter:                194
Best Iter:            194
Improvement Count:    193
==============================
Solution tour: 
0 45 32 41 13 17 6 
2 26 39 15 28 14 7 29 38 8 34 18 30 20 
5 16 36 31 43 12 21 9 22 8 35 
4 44 24 
1 
3 11 40 10 
==============================

====== Algorithm Status ======
Valor:                2357
Time:                 501
nIter:                398
Best Iter:            398
Improvement Count:    397
==============================
Solution tour: 
0 45 32 41 13 17 6 
2 26 39 15 28 14 7 29 38 8 34 18 30 20 
5 16 36 31 43 12 21 9 22 8 35 
4 44 24 
1 
3 11 40 10 
==============================

====== Algorithm Status ======
Valor:                2440
Time:                 1000
nIter:                817
Best Iter:            817
Improvement Count:    816
==============================
Solution tour: 
0 
1 32 41 13 17 6 
2 26 39 15 28 14 7 29 38 8 11 18 30 20 
5 16 36 31 43 12 21 9 22 8 35 
4 44 24 34 25 
3 45 10 
==============================

====== Algorithm Status ======
Valor:                2503
Time:                 2000
nIter:                1576
Best Iter:            1576
Improvement Count:    1575
==============================
Solution tour: 
0 
1 14 41 13 39 17 6 
2 26 39 15 28 32 7 29 38 8 11 18 30 20 
5 16 36 31 34 12 21 9 22 8 35 
4 44 24 43 25 
3 45 10 
==============================

====== Algorithm Status ======
Valor:                2630
Time:                 4006
nIter:                2996
Best Iter:            2996
Improvement Count:    2995
==============================
Solution tour: 
0 
1 14 41 43 39 17 6 
2 26 39 15 28 32 7 10 27 29 38 8 11 18 30 20 
5 16 36 31 42 34 12 21 9 22 8 35 
4 13 24 44 25 
3 45 10 
==============================

====== Algorithm Status ======
Valor:                2645
Time:                 8000
nIter:                5666
Best Iter:            5666
Improvement Count:    5665
==============================
Solution tour: 
0 
1 14 41 43 39 17 6 
2 26 39 15 28 18 32 7 45 27 29 38 8 11 18 30 20 
5 16 36 31 42 34 12 21 9 22 8 35 
4 13 24 44 25 
3 10 
==============================

====== Algorithm Status ======
Valor:                2682
Time:                 16000
nIter:                10988
Best Iter:            10988
Improvement Count:    10987
==============================
Solution tour: 
0 
1 14 43 39 17 6 
2 18 43 15 28 18 32 40 7 45 27 29 38 8 11 37 26 30 20 
5 41 16 36 31 42 34 12 21 22 8 35 
4 13 24 44 25 
3 10 
==============================

====== Algorithm Status ======
Valor:                2830
Time:                 32000
nIter:                21047
Best Iter:            21047
Improvement Count:    21046
==============================
Solution tour: 
0 
1 14 43 8 17 6 
2 18 43 30 41 28 11 32 40 7 45 27 29 38 39 22 37 26 15 20 44 
5 24 36 16 31 42 34 12 21 18 8 35 
4 13 25 
3 10 
==============================

====== Algorithm Status ======
Valor:                2927
Time:                 64000
nIter:                40749
Best Iter:            40749
Improvement Count:    40748
==============================
Solution tour: 
0 
1 14 28 8 17 6 
2 39 43 30 41 43 11 24 40 7 45 27 29 9 38 15 32 22 37 26 18 33 20 44 
5 32 36 16 31 42 34 12 21 8 35 
4 13 25 
3 10 
==============================

====== Algorithm Status ======
Valor:                3047
Time:                 128004
nIter:                81409
Best Iter:            81409
Improvement Count:    81408
==============================
Solution tour: 
0 
1 14 15 8 17 6 
2 39 41 14 43 11 33 24 40 7 45 29 27 9 31 28 8 22 37 26 18 21 20 44 
5 32 36 16 38 42 34 12 25 13 35 
4 13 34 
3 10 
==============================

====== Algorithm Status ======
Valor:                3083
Time:                 256001
nIter:                172535
Best Iter:            172535
Improvement Count:    172534
==============================
Solution tour: 
0 34 
3 27 
1 14 15 8 17 6 
2 39 41 11 43 11 33 24 40 7 45 10 29 9 38 28 8 22 37 18 21 20 44 
5 32 19 26 36 16 31 42 12 25 13 35 
4 
==============================

====== Algorithm Status ======
Valor:                3123
Time:                 512000
nIter:                347022
Best Iter:            347022
Improvement Count:    347021
==============================
Solution tour: 
0 34 
3 27 43 14 15 28 8 17 6 
2 30 39 41 11 43 11 33 
1 24 40 7 45 10 29 9 38 35 8 22 37 18 21 20 44 
5 32 26 36 16 31 34 12 25 13 
4 
==============================

====== Algorithm Status ======
Valor:                3145
Time:                 1024002
nIter:                701593
Best Iter:            701593
Improvement Count:    701594
==============================
Solution tour: 
0 34 
3 27 43 14 41 15 28 8 17 6 
2 
1 14 30 39 11 43 11 33 24 40 7 45 10 29 9 38 42 35 8 22 37 18 21 20 44 
5 32 26 19 36 16 31 12 25 13 
4 
==============================

====== Algorithm Status ======
Valor:                3145
Time:                 1024002
nIter:                701593
Best Iter:            701593
Improvement Count:    701594
==============================
Solution tour: 
0 34 
3 27 43 14 41 15 28 8 17 6 
2 
1 14 30 39 11 43 11 33 24 40 7 45 10 29 9 38 42 35 8 22 37 18 21 20 44 
5 32 26 19 36 16 31 12 25 13 
4 
==============================

