=========== Input ===========
File name:                ./instances/realistic-instances/5-40-1891798.cdop
Total node count:         46
Truck node count:         5
Drone node count:         40
=============================

========== Settings ==========
Settings file:        ./settings/Memetic-LS_MPX_1287823.config
Seed:                 1287823
Reduction method:     -
Max iter:             1024000
Population size:      13
Crossover:            MA-MPX
Local Search:         -
Warm Start:           -
==============================

====== Algorithm Status ======
Valor:                2336
Time:                 250
nIter:                251
Best Iter:            251
Improvement Count:    250
==============================
Solution tour: 
0 
5 35 15 10 20 34 25 19 
3 22 17 30 8 18 27 13 32 40 
2 33 23 43 24 11 
4 37 45 
1 12 
==============================

====== Algorithm Status ======
Valor:                2428
Time:                 504
nIter:                467
Best Iter:            467
Improvement Count:    466
==============================
Solution tour: 
0 
1 12 
5 35 15 10 23 34 25 19 
3 22 9 32 30 8 18 27 13 17 40 
2 20 43 24 11 
4 37 45 
==============================

====== Algorithm Status ======
Valor:                2481
Time:                 1000
nIter:                906
Best Iter:            906
Improvement Count:    905
==============================
Solution tour: 
0 
1 12 
5 35 15 33 23 34 25 19 
3 17 32 30 8 18 21 27 13 9 40 
2 20 43 24 11 
4 37 45 
==============================

====== Algorithm Status ======
Valor:                2655
Time:                 2000
nIter:                1831
Best Iter:            1831
Improvement Count:    1830
==============================
Solution tour: 
0 
1 39 22 12 
5 32 41 30 33 23 34 25 19 
3 17 35 15 8 18 21 27 13 9 40 
2 20 43 24 11 
4 37 45 
==============================

====== Algorithm Status ======
Valor:                2686
Time:                 4000
nIter:                3596
Best Iter:            3596
Improvement Count:    3595
==============================
Solution tour: 
0 
5 32 41 30 33 23 34 25 19 
3 22 17 35 15 8 18 21 27 18 13 9 40 
2 20 43 24 11 
4 37 45 
1 39 12 
==============================

====== Algorithm Status ======
Valor:                2780
Time:                 8000
nIter:                6850
Best Iter:            6850
Improvement Count:    6849
==============================
Solution tour: 
0 
5 3 32 41 30 33 23 34 25 19 
3 22 17 35 15 8 18 21 13 18 27 9 40 
2 20 24 43 42 11 
4 37 45 28 
1 39 12 
==============================

====== Algorithm Status ======
Valor:                2809
Time:                 16005
nIter:                13065
Best Iter:            13065
Improvement Count:    13064
==============================
Solution tour: 
0 3 
5 32 41 30 33 23 34 25 19 
3 22 17 35 15 8 18 21 13 18 27 36 9 40 
2 20 24 43 42 11 
4 37 45 28 
1 39 12 
==============================

====== Algorithm Status ======
Valor:                2882
Time:                 32000
nIter:                25237
Best Iter:            25237
Improvement Count:    25236
==============================
Solution tour: 
0 
1 39 12 38 
5 32 41 30 33 23 34 25 19 
3 22 17 35 15 8 18 21 18 13 27 36 9 40 6 
2 20 24 43 42 11 
4 37 45 28 
==============================

====== Algorithm Status ======
Valor:                3021
Time:                 64000
nIter:                50037
Best Iter:            50037
Improvement Count:    50036
==============================
Solution tour: 
0 
2 39 24 43 42 11 
4 37 45 28 8 38 
1 12 
5 20 32 41 29 30 33 23 34 7 25 19 
3 22 17 35 15 8 18 21 18 13 27 36 9 40 6 
==============================

====== Algorithm Status ======
Valor:                3072
Time:                 128000
nIter:                101278
Best Iter:            101278
Improvement Count:    101277
==============================
Solution tour: 
0 
2 39 24 43 11 32 20 42 17 41 14 29 30 33 23 34 7 25 19 
4 37 45 28 38 
1 12 
5 35 15 8 18 21 18 13 27 36 9 44 40 6 
3 22 
==============================

====== Algorithm Status ======
Valor:                3122
Time:                 256000
nIter:                196797
Best Iter:            196797
Improvement Count:    196796
==============================
Solution tour: 
0 
2 39 24 43 20 32 17 42 11 17 41 14 29 30 33 23 34 7 10 25 19 
5 22 25 35 15 8 38 21 18 13 27 36 9 44 40 6 
3 
4 37 45 28 38 
1 12 
==============================

====== Algorithm Status ======
Valor:                3139
Time:                 512000
nIter:                374794
Best Iter:            374794
Improvement Count:    374793
==============================
Solution tour: 
0 
2 39 24 43 20 32 17 42 11 26 41 14 29 30 33 23 34 7 27 25 19 
5 22 25 36 35 15 8 38 21 18 13 10 36 9 44 40 6 
3 
4 37 45 28 38 
1 12 
==============================

====== Algorithm Status ======
Valor:                3156
Time:                 1024001
nIter:                724770
Best Iter:            724770
Improvement Count:    724771
==============================
Solution tour: 
0 
2 39 24 43 20 32 36 42 11 26 41 14 29 30 33 23 34 7 27 25 19 
5 22 25 17 35 15 8 38 21 18 13 10 36 9 44 40 6 
3 
4 37 45 28 38 
1 12 
==============================

====== Algorithm Status ======
Valor:                3156
Time:                 1024001
nIter:                724770
Best Iter:            724770
Improvement Count:    724771
==============================
Solution tour: 
0 
2 39 24 43 20 32 36 42 11 26 41 14 29 30 33 23 34 7 27 25 19 
5 22 25 17 35 15 8 38 21 18 13 10 36 9 44 40 6 
3 
4 37 45 28 38 
1 12 
==============================

