=========== Input ===========
File name:                ./instances/realistic-instances/5-40-1110588.cdop
Total node count:         46
Truck node count:         5
Drone node count:         40
=============================

========== Settings ==========
Settings file:        ./settings/Memetic-LS_MPX_1099666.config
Seed:                 1099666
Reduction method:     -
Max iter:             1024000
Population size:      13
Crossover:            MA-MPX
Local Search:         -
Warm Start:           -
==============================

====== Algorithm Status ======
Valor:                2364
Time:                 251
nIter:                219
Best Iter:            219
Improvement Count:    218
==============================
Solution tour: 
0 45 26 6 42 18 31 8 17 22 
2 
3 29 21 
4 20 12 25 15 35 38 41 30 23 14 28 27 36 39 24 43 13 
1 10 11 44 
5 9 
==============================

====== Algorithm Status ======
Valor:                2600
Time:                 500
nIter:                487
Best Iter:            487
Improvement Count:    486
==============================
Solution tour: 
0 45 26 6 18 17 8 22 29 10 41 11 44 
5 9 
2 39 
1 21 
4 20 12 25 15 35 31 38 30 23 14 43 27 36 37 24 28 
3 
==============================

====== Algorithm Status ======
Valor:                2661
Time:                 1001
nIter:                1033
Best Iter:            1033
Improvement Count:    1032
==============================
Solution tour: 
0 45 26 6 18 17 8 22 29 10 41 11 44 
5 9 
4 20 12 25 13 15 35 31 38 30 23 14 43 27 36 24 
1 21 
2 39 
3 34 
==============================

====== Algorithm Status ======
Valor:                2747
Time:                 2000
nIter:                1992
Best Iter:            1992
Improvement Count:    1991
==============================
Solution tour: 
0 45 26 6 18 17 8 22 29 10 41 28 11 44 
5 36 
2 39 
4 20 12 25 13 35 15 35 31 38 30 23 14 43 27 9 24 
1 21 
3 34 
==============================

====== Algorithm Status ======
Valor:                2807
Time:                 4000
nIter:                3827
Best Iter:            3827
Improvement Count:    3826
==============================
Solution tour: 
0 45 26 19 6 41 18 17 8 22 29 10 7 28 11 44 
5 36 
2 39 33 
1 20 12 25 13 35 15 35 38 31 30 23 14 43 27 9 24 
4 21 
3 34 
==============================

====== Algorithm Status ======
Valor:                2928
Time:                 8000
nIter:                7454
Best Iter:            7454
Improvement Count:    7453
==============================
Solution tour: 
0 37 19 6 
2 39 17 8 22 29 
1 7 45 10 28 11 44 
5 36 26 41 18 33 20 24 25 13 35 15 38 31 30 23 14 43 27 9 
4 21 
3 34 
==============================

====== Algorithm Status ======
Valor:                3019
Time:                 16000
nIter:                14642
Best Iter:            14642
Improvement Count:    14641
==============================
Solution tour: 
0 37 19 6 
2 39 11 8 22 29 
4 45 10 28 17 44 
5 36 32 26 41 18 21 33 20 24 25 13 35 15 38 31 30 23 14 43 27 9 
1 
3 34 
==============================

====== Algorithm Status ======
Valor:                3038
Time:                 32002
nIter:                28034
Best Iter:            28034
Improvement Count:    28033
==============================
Solution tour: 
0 37 19 6 
2 39 16 11 8 22 29 
4 45 10 26 17 44 
5 36 32 28 41 18 21 33 20 24 25 13 35 38 31 42 15 30 23 14 43 27 9 
1 
3 34 
==============================

====== Algorithm Status ======
Valor:                3073
Time:                 64004
nIter:                54140
Best Iter:            54140
Improvement Count:    54139
==============================
Solution tour: 
0 37 19 6 
2 39 31 11 8 22 29 
4 45 10 26 17 44 
5 7 36 32 41 18 21 33 20 24 25 13 35 38 28 15 14 23 14 43 27 9 
1 
3 34 
==============================

====== Algorithm Status ======
Valor:                3073
Time:                 128000
nIter:                102758
Best Iter:            102758
Improvement Count:    102757
==============================
Solution tour: 
0 37 19 6 
2 39 31 11 8 22 29 
4 45 10 26 17 44 
5 7 36 32 41 18 21 33 20 24 25 13 35 38 28 15 14 23 14 43 27 9 
1 
3 34 
==============================

====== Algorithm Status ======
Valor:                3118
Time:                 256000
nIter:                207792
Best Iter:            207792
Improvement Count:    207791
==============================
Solution tour: 
0 37 19 6 
2 30 39 31 42 8 22 29 
1 
4 29 45 10 26 17 44 
5 7 36 32 41 18 21 33 24 20 25 13 35 38 11 28 15 14 23 14 43 27 
3 34 
==============================

====== Algorithm Status ======
Valor:                3126
Time:                 512000
nIter:                388093
Best Iter:            388093
Improvement Count:    388092
==============================
Solution tour: 
0 37 19 6 
2 30 39 31 42 8 22 29 
4 29 45 10 26 17 44 
5 7 36 32 41 18 21 33 24 20 25 13 35 38 11 28 15 14 23 14 43 27 
3 34 
==============================

====== Algorithm Status ======
Valor:                3126
Time:                 1024001
nIter:                738587
Best Iter:            738587
Improvement Count:    738588
==============================
Solution tour: 
0 37 19 6 
2 30 39 31 42 8 22 29 
4 29 45 10 26 17 44 
5 7 36 32 41 18 21 33 24 20 25 13 35 38 11 28 15 14 23 14 43 27 
3 34 
==============================

====== Algorithm Status ======
Valor:                3126
Time:                 1024001
nIter:                738587
Best Iter:            738587
Improvement Count:    738588
==============================
Solution tour: 
0 37 19 6 
2 30 39 31 42 8 22 29 
4 29 45 10 26 17 44 
5 7 36 32 41 18 21 33 24 20 25 13 35 38 11 28 15 14 23 14 43 27 
3 34 
==============================

