=========== Input ===========
File name:                ./instances/realistic-instances/10-10-1762875.cdop
Total node count:         21
Truck node count:         10
Drone node count:         10
=============================

========== Settings ==========
Settings file:        ./settings/Memetic-LS_MMX_1287823.config
Seed:                 1287823
Reduction method:     -
Max iter:             1024000
Population size:      13
Crossover:            MA-MMX
Local Search:         -
Warm Start:           Mario_WS
==============================

====== Algorithm Status ======
Valor:                1920
Time:                 250
nIter:                998
Best Iter:            998
Improvement Count:    997
==============================
Solution tour: 
0 17 10 9 13 
9 
10 18 
7 14 16 20 12 20 1 11 
1 20 16 
==============================

====== Algorithm Status ======
Valor:                1984
Time:                 500
nIter:                2038
Best Iter:            2038
Improvement Count:    2037
==============================
Solution tour: 
0 19 17 10 9 13 
9 
10 18 
7 14 16 20 12 20 1 11 
1 20 16 
==============================

====== Algorithm Status ======
Valor:                1984
Time:                 1000
nIter:                4175
Best Iter:            4175
Improvement Count:    4174
==============================
Solution tour: 
0 19 17 10 9 13 
9 
10 18 
7 14 16 20 12 20 1 11 
1 20 16 
==============================

====== Algorithm Status ======
Valor:                1984
Time:                 2000
nIter:                8605
Best Iter:            8605
Improvement Count:    8604
==============================
Solution tour: 
0 19 17 10 9 13 
9 
10 18 
7 14 16 20 12 20 1 11 
1 20 16 
==============================

====== Algorithm Status ======
Valor:                1984
Time:                 4000
nIter:                17131
Best Iter:            17131
Improvement Count:    17130
==============================
Solution tour: 
0 19 17 10 9 13 
9 
10 18 
7 14 16 20 12 20 1 11 
1 20 16 
==============================

====== Algorithm Status ======
Valor:                1984
Time:                 8000
nIter:                34117
Best Iter:            34117
Improvement Count:    34116
==============================
Solution tour: 
0 19 17 10 9 13 
9 
10 18 
7 14 16 20 12 20 1 11 
1 20 16 
==============================

====== Algorithm Status ======
Valor:                1984
Time:                 16000
nIter:                68460
Best Iter:            68460
Improvement Count:    68459
==============================
Solution tour: 
0 19 17 10 9 13 
9 
10 18 
7 14 16 20 12 20 1 11 
1 20 16 
==============================

====== Algorithm Status ======
Valor:                1984
Time:                 32000
nIter:                137002
Best Iter:            137002
Improvement Count:    137001
==============================
Solution tour: 
0 19 17 10 9 13 
9 
10 18 
7 14 16 20 12 20 1 11 
1 20 16 
==============================

====== Algorithm Status ======
Valor:                1984
Time:                 64000
nIter:                277746
Best Iter:            277746
Improvement Count:    277745
==============================
Solution tour: 
0 19 17 10 9 13 
9 
10 18 
7 14 16 20 12 20 1 11 
1 20 16 
==============================

====== Algorithm Status ======
Valor:                2048
Time:                 128000
nIter:                586484
Best Iter:            586484
Improvement Count:    586483
==============================
Solution tour: 
0 19 17 10 15 10 9 13 
9 
10 18 
7 1 11 
1 20 16 20 12 20 1 
2 
==============================

====== Algorithm Status ======
Valor:                2050
Time:                 256000
nIter:                1136384
Best Iter:            1136384
Improvement Count:    1136383
==============================
Solution tour: 
0 19 17 10 15 10 9 13 
9 
10 17 
4 1 11 
1 20 16 20 12 20 1 
2 
==============================

====== Algorithm Status ======
Valor:                2055
Time:                 512000
nIter:                2254845
Best Iter:            2254845
Improvement Count:    2254844
==============================
Solution tour: 
0 19 17 10 9 13 
9 
10 17 2 1 11 
1 20 16 20 12 18 12 20 1 
2 
==============================

====== Algorithm Status ======
Valor:                2055
Time:                 1024001
nIter:                4498849
Best Iter:            4498849
Improvement Count:    4498850
==============================
Solution tour: 
0 19 17 10 9 13 
9 
10 17 2 1 11 
1 20 16 20 12 18 12 20 1 
2 
==============================

====== Algorithm Status ======
Valor:                2055
Time:                 1024001
nIter:                4498849
Best Iter:            4498849
Improvement Count:    4498850
==============================
Solution tour: 
0 19 17 10 9 13 
9 
10 17 2 1 11 
1 20 16 20 12 18 12 20 1 
2 
==============================

