=========== Input ===========
File name:                ./instances/realistic-instances/10-40-1110588.cdop
Total node count:         51
Truck node count:         10
Drone node count:         40
=============================

========== Settings ==========
Settings file:        ./settings/Memetic-LS_MMX_1881515.config
Seed:                 1881515
Reduction method:     -
Max iter:             1024000
Population size:      13
Crossover:            MA-MMX
Local Search:         -
Warm Start:           Mario_WS
==============================

====== Algorithm Status ======
Valor:                2736
Time:                 250
nIter:                180
Best Iter:            180
Improvement Count:    179
==============================
Solution tour: 
0 
3 
9 
8 37 43 
6 35 36 21 49 13 
5 20 25 24 16 44 22 40 32 45 18 19 29 15 
7 17 7 46 39 48 
1 
4 34 30 14 
2 
==============================

====== Algorithm Status ======
Valor:                2736
Time:                 507
nIter:                390
Best Iter:            390
Improvement Count:    389
==============================
Solution tour: 
0 
3 
9 
8 37 43 
6 35 36 21 49 13 
5 20 25 24 16 44 22 40 32 45 18 19 29 15 
7 17 7 46 39 48 
1 
4 34 30 14 
2 
==============================

====== Algorithm Status ======
Valor:                2760
Time:                 1000
nIter:                811
Best Iter:            811
Improvement Count:    810
==============================
Solution tour: 
0 
3 
8 37 43 
6 35 36 21 49 13 
5 20 25 24 16 44 22 40 32 45 18 19 29 15 
7 17 7 46 39 48 
1 
4 34 30 14 
2 
==============================

====== Algorithm Status ======
Valor:                2831
Time:                 2000
nIter:                1636
Best Iter:            1636
Improvement Count:    1635
==============================
Solution tour: 
0 
3 
8 37 43 
6 35 36 21 49 13 
5 20 25 24 16 44 22 40 32 45 18 19 29 15 
7 17 7 46 39 48 
4 34 30 14 
2 
==============================

====== Algorithm Status ======
Valor:                2831
Time:                 4000
nIter:                3245
Best Iter:            3245
Improvement Count:    3244
==============================
Solution tour: 
0 
3 
8 37 43 
6 35 36 21 49 13 
5 20 25 24 16 44 22 40 32 45 18 19 29 15 
7 17 7 46 39 48 
4 34 30 14 
2 
==============================

====== Algorithm Status ======
Valor:                2847
Time:                 8000
nIter:                6411
Best Iter:            6411
Improvement Count:    6410
==============================
Solution tour: 
0 
3 
8 37 43 
6 35 36 21 49 13 
5 20 25 24 16 44 22 40 32 45 18 19 29 15 23 
7 17 7 46 39 48 
4 34 30 14 
2 
==============================

====== Algorithm Status ======
Valor:                2847
Time:                 16000
nIter:                12996
Best Iter:            12996
Improvement Count:    12995
==============================
Solution tour: 
0 
3 
8 37 43 
6 35 36 21 49 13 
5 20 25 24 16 44 22 40 32 45 18 19 29 15 23 
7 17 7 46 39 48 
4 34 30 14 
2 
==============================

====== Algorithm Status ======
Valor:                2853
Time:                 32000
nIter:                26332
Best Iter:            26332
Improvement Count:    26331
==============================
Solution tour: 
0 
3 33 37 43 
6 35 36 21 49 13 
5 20 25 24 16 44 22 40 32 45 18 19 29 15 23 
7 17 7 46 39 48 
4 34 30 14 
2 
==============================

====== Algorithm Status ======
Valor:                2899
Time:                 64000
nIter:                54083
Best Iter:            54083
Improvement Count:    54082
==============================
Solution tour: 
0 26 37 33 41 43 35 36 21 49 13 
5 20 25 24 16 44 22 40 32 45 18 19 
10 29 15 23 
7 17 7 46 39 48 
4 34 30 14 
2 
==============================

====== Algorithm Status ======
Valor:                2909
Time:                 128000
nIter:                104359
Best Iter:            104359
Improvement Count:    104358
==============================
Solution tour: 
0 26 37 33 41 43 35 36 21 49 13 
5 20 25 24 16 44 22 40 32 45 50 18 19 
10 29 15 23 
7 17 7 46 39 48 
4 34 30 14 
2 
==============================

====== Algorithm Status ======
Valor:                2928
Time:                 256007
nIter:                199345
Best Iter:            199345
Improvement Count:    199344
==============================
Solution tour: 
0 26 37 33 41 43 35 36 21 49 13 
5 20 25 24 16 44 22 40 32 45 42 50 18 19 
10 29 15 23 
7 17 7 46 39 48 
4 34 30 14 
2 
==============================

====== Algorithm Status ======
Valor:                2954
Time:                 512000
nIter:                395302
Best Iter:            395302
Improvement Count:    395301
==============================
Solution tour: 
0 2 14 33 41 43 35 36 21 49 13 
5 20 25 24 16 44 22 40 32 45 42 50 18 19 
10 29 15 23 
7 17 7 46 39 48 
4 30 34 37 
2 
==============================

====== Algorithm Status ======
Valor:                2959
Time:                 1024002
nIter:                778839
Best Iter:            778839
Improvement Count:    778840
==============================
Solution tour: 
0 2 14 33 41 43 35 36 27 21 49 13 
5 20 25 24 16 44 22 40 32 45 42 18 19 
10 29 15 23 
7 17 7 46 39 48 
4 30 34 37 
2 
==============================

====== Algorithm Status ======
Valor:                2959
Time:                 1024002
nIter:                778839
Best Iter:            778839
Improvement Count:    778840
==============================
Solution tour: 
0 2 14 33 41 43 35 36 27 21 49 13 
5 20 25 24 16 44 22 40 32 45 42 18 19 
10 29 15 23 
7 17 7 46 39 48 
4 30 34 37 
2 
==============================

