=========== Input ===========
File name:                ./instances/realistic-instances/15-25-1917698.cdop
Total node count:         41
Truck node count:         15
Drone node count:         25
=============================

========== Settings ==========
Settings file:        ./settings/Memetic-LS_MMX_1287823.config
Seed:                 1287823
Reduction method:     -
Max iter:             1024000
Population size:      13
Crossover:            MA-MMX
Local Search:         -
Warm Start:           Mario_WS
==============================

====== Algorithm Status ======
Valor:                2168
Time:                 250
nIter:                285
Best Iter:            285
Improvement Count:    284
==============================
Solution tour: 
0 20 31 35 18 39 28 25 28 33 34 
13 17 36 24 37 19 32 27 32 
1 
3 
8 
11 26 40 30 20 
10 
14 38 16 
4 
9 7 29 
7 22 
6 
5 
2 
12 
==============================

====== Algorithm Status ======
Valor:                2179
Time:                 500
nIter:                629
Best Iter:            629
Improvement Count:    628
==============================
Solution tour: 
0 20 31 35 18 39 28 25 28 33 34 
13 17 36 24 37 19 32 27 32 
1 
3 
8 
11 26 40 30 20 
14 38 
9 7 29 
7 22 
6 
5 
2 
12 
==============================

====== Algorithm Status ======
Valor:                2183
Time:                 1000
nIter:                1239
Best Iter:            1239
Improvement Count:    1238
==============================
Solution tour: 
0 20 31 35 18 39 28 36 28 25 28 33 34 
13 17 36 24 37 19 32 27 32 
1 
3 
8 
11 26 40 30 20 
14 38 
9 7 29 
7 22 
6 
5 
2 
12 
==============================

====== Algorithm Status ======
Valor:                2193
Time:                 2000
nIter:                2498
Best Iter:            2498
Improvement Count:    2497
==============================
Solution tour: 
0 20 31 35 18 39 28 36 28 25 28 33 34 
13 17 36 24 37 19 32 27 32 
1 
3 
8 
11 26 40 30 20 
14 38 
9 7 29 
7 22 
6 
5 
4 
==============================

====== Algorithm Status ======
Valor:                2193
Time:                 4000
nIter:                5038
Best Iter:            5038
Improvement Count:    5037
==============================
Solution tour: 
0 20 31 35 18 39 28 36 28 25 28 33 34 
13 17 36 24 37 19 32 27 32 
1 
3 
8 
11 26 40 30 20 
14 38 
9 7 29 
7 22 
6 
5 
4 
==============================

====== Algorithm Status ======
Valor:                2202
Time:                 8000
nIter:                10057
Best Iter:            10057
Improvement Count:    10056
==============================
Solution tour: 
0 20 31 35 18 39 28 36 28 25 28 33 34 
13 17 24 37 19 32 27 32 
1 
3 
8 
11 26 40 30 
14 38 
9 7 29 
7 22 
6 17 
==============================

====== Algorithm Status ======
Valor:                2299
Time:                 16000
nIter:                20692
Best Iter:            20692
Improvement Count:    20691
==============================
Solution tour: 
0 20 31 35 39 18 39 36 28 25 28 33 28 34 28 34 24 37 32 19 32 27 32 
1 
3 26 40 30 
14 38 
9 7 29 
7 6 22 
6 17 
==============================

====== Algorithm Status ======
Valor:                2324
Time:                 32001
nIter:                42760
Best Iter:            42760
Improvement Count:    42759
==============================
Solution tour: 
0 20 31 35 39 18 39 36 28 25 28 33 28 34 28 24 37 32 19 32 27 32 29 
3 26 40 30 
14 38 
9 7 29 
7 6 22 
6 17 
==============================

====== Algorithm Status ======
Valor:                2328
Time:                 64000
nIter:                86548
Best Iter:            86548
Improvement Count:    86547
==============================
Solution tour: 
0 20 31 26 39 18 39 36 28 25 28 33 28 34 28 24 37 32 19 32 27 32 29 
3 35 40 30 
14 38 
9 7 29 
7 6 22 
6 17 
==============================

====== Algorithm Status ======
Valor:                2328
Time:                 128001
nIter:                165503
Best Iter:            165503
Improvement Count:    165502
==============================
Solution tour: 
0 20 31 26 39 18 39 36 28 25 28 33 28 34 28 24 37 32 19 32 27 32 29 
3 35 40 30 
14 38 
9 7 29 
7 6 22 
6 17 
==============================

====== Algorithm Status ======
Valor:                2328
Time:                 256001
nIter:                330862
Best Iter:            330862
Improvement Count:    330861
==============================
Solution tour: 
0 20 31 26 39 18 39 36 28 25 28 33 28 34 28 24 37 32 19 32 27 32 29 
3 35 40 30 
14 38 
9 7 29 
7 6 22 
6 17 
==============================

====== Algorithm Status ======
Valor:                2428
Time:                 512002
nIter:                655041
Best Iter:            655041
Improvement Count:    655040
==============================
Solution tour: 
0 20 31 26 39 18 39 36 28 25 28 33 28 34 37 32 19 32 27 32 24 29 24 29 
3 30 40 35 16 38 
14 38 
9 7 29 
7 
6 22 13 17 
==============================

====== Algorithm Status ======
Valor:                2442
Time:                 1024001
nIter:                1291003
Best Iter:            1291003
Improvement Count:    1291004
==============================
Solution tour: 
0 20 31 26 39 18 39 36 28 25 28 33 28 34 37 32 19 32 27 32 24 29 24 29 23 
13 30 40 35 16 38 
14 38 
9 7 29 
7 
6 22 13 17 
==============================

====== Algorithm Status ======
Valor:                2442
Time:                 1024001
nIter:                1291003
Best Iter:            1291003
Improvement Count:    1291004
==============================
Solution tour: 
0 20 31 26 39 18 39 36 28 25 28 33 28 34 37 32 19 32 27 32 24 29 24 29 23 
13 30 40 35 16 38 
14 38 
9 7 29 
7 
6 22 13 17 
==============================

