=========== Input ===========
File name:                ./instances/realistic-instances/10-25-1762875.cdop
Total node count:         36
Truck node count:         10
Drone node count:         25
=============================

========== Settings ==========
Settings file:        ./settings/Memetic_MPX_1099666.config
Seed:                 1099666
Reduction method:     -
Max iter:             1024000
Population size:      13
Crossover:            MA-MPX
Local Search:         LS
Warm Start:           Mario_WS
==============================

====== Algorithm Status ======
Valor:                2556
Time:                 253
nIter:                72
Best Iter:            72
Improvement Count:    71
==============================
Solution tour: 
0 
7 26 25 13 23 27 24 19 21 
6 
9 17 12 20 4 
3 10 
8 30 8 7 33 15 31 
2 
1 16 11 
5 11 29 18 29 34 22 
4 
10 1 
==============================

====== Algorithm Status ======
Valor:                2605
Time:                 503
nIter:                137
Best Iter:            137
Improvement Count:    136
==============================
Solution tour: 
0 
1 16 35 11 
5 11 23 18 29 34 22 
4 
10 1 
7 26 18 25 32 27 24 19 28 21 
6 
9 17 12 20 4 
3 10 
8 30 13 31 15 33 31 
2 
==============================

====== Algorithm Status ======
Valor:                2605
Time:                 1000
nIter:                284
Best Iter:            284
Improvement Count:    283
==============================
Solution tour: 
0 
1 16 35 11 
5 11 23 18 29 34 22 
4 
10 1 
7 26 18 25 32 27 24 19 28 21 
6 
9 17 12 20 4 
3 10 
8 30 13 31 15 33 31 
2 
==============================

====== Algorithm Status ======
Valor:                2661
Time:                 2002
nIter:                559
Best Iter:            559
Improvement Count:    558
==============================
Solution tour: 
0 
1 16 35 11 
5 11 23 13 23 18 29 34 29 22 30 
8 
7 26 30 26 18 25 32 27 24 19 28 21 15 33 31 
2 
6 
9 28 17 12 20 4 
3 
10 1 
==============================

====== Algorithm Status ======
Valor:                2661
Time:                 4000
nIter:                1064
Best Iter:            1064
Improvement Count:    1063
==============================
Solution tour: 
0 
1 16 35 11 
5 11 23 13 23 18 29 34 29 22 30 
8 
7 26 30 26 18 25 32 27 24 19 28 21 15 33 31 
2 
6 
9 28 17 12 20 4 
3 
10 1 
==============================

====== Algorithm Status ======
Valor:                2661
Time:                 8001
nIter:                2064
Best Iter:            2064
Improvement Count:    2063
==============================
Solution tour: 
0 
1 16 35 11 
5 11 23 13 23 18 29 34 29 22 30 
8 
7 26 30 26 18 25 32 27 24 19 28 21 15 33 31 
2 
6 
9 28 17 12 20 4 
3 
10 1 
==============================

====== Algorithm Status ======
Valor:                2677
Time:                 16000
nIter:                4039
Best Iter:            4039
Improvement Count:    4038
==============================
Solution tour: 
0 
1 16 35 11 
5 11 23 13 23 18 29 34 29 22 30 
8 
7 26 14 30 26 18 25 32 27 24 19 28 21 15 33 31 
2 
6 
9 28 17 12 20 4 
10 1 
==============================

====== Algorithm Status ======
Valor:                2677
Time:                 32011
nIter:                7896
Best Iter:            7896
Improvement Count:    7895
==============================
Solution tour: 
0 
1 16 35 11 
5 11 23 13 23 18 29 34 29 22 30 
8 
7 26 14 30 26 18 25 32 27 24 19 28 21 15 33 31 
2 
6 
9 28 17 12 20 4 
10 1 
==============================

====== Algorithm Status ======
Valor:                2701
Time:                 64002
nIter:                15141
Best Iter:            15141
Improvement Count:    15140
==============================
Solution tour: 
0 
1 16 35 11 
5 11 23 13 23 18 29 34 29 22 26 30 
8 21 
7 26 14 18 25 32 27 24 19 15 33 31 
2 9 
6 
9 28 17 12 20 4 
10 1 
==============================

====== Algorithm Status ======
Valor:                2721
Time:                 128001
nIter:                28931
Best Iter:            28931
Improvement Count:    28930
==============================
Solution tour: 
0 
1 8 35 16 11 
5 11 23 13 23 18 29 34 29 22 30 8 
6 
9 28 17 12 20 4 10 
8 
7 26 14 18 25 32 27 24 19 15 33 31 
2 
==============================

====== Algorithm Status ======
Valor:                2721
Time:                 256000
nIter:                58628
Best Iter:            58628
Improvement Count:    58627
==============================
Solution tour: 
0 
1 8 35 16 11 
5 11 23 13 23 18 29 34 29 22 30 8 
6 
9 28 17 12 20 4 10 
8 
7 26 14 18 25 32 27 24 19 15 33 31 
2 
==============================

====== Algorithm Status ======
Valor:                2741
Time:                 512010
nIter:                119510
Best Iter:            119510
Improvement Count:    119509
==============================
Solution tour: 
0 
8 30 26 
7 26 14 18 25 32 27 24 19 15 33 31 13 23 11 16 11 
5 
3 
4 22 29 34 30 8 
6 
9 28 17 12 20 4 
10 
1 
==============================

====== Algorithm Status ======
Valor:                2745
Time:                 1024002
nIter:                245543
Best Iter:            245543
Improvement Count:    245544
==============================
Solution tour: 
0 
8 30 14 30 26 
7 26 18 25 32 27 24 19 15 33 31 13 23 11 35 16 11 
5 
3 
4 22 29 34 30 8 
6 
9 28 17 12 20 4 
10 
1 
==============================

====== Algorithm Status ======
Valor:                2745
Time:                 1024002
nIter:                245543
Best Iter:            245543
Improvement Count:    245544
==============================
Solution tour: 
0 
8 30 14 30 26 
7 26 18 25 32 27 24 19 15 33 31 13 23 11 35 16 11 
5 
3 
4 22 29 34 30 8 
6 
9 28 17 12 20 4 
10 
1 
==============================

