=========== Input ===========
File name:                ./instances/realistic-instances/15-40-1891798.cdop
Total node count:         56
Truck node count:         15
Drone node count:         40
=============================

========== Settings ==========
Settings file:        ./settings/Memetic_MPX_1287823.config
Seed:                 1287823
Reduction method:     -
Max iter:             1024000
Population size:      13
Crossover:            MA-MPX
Local Search:         LS
Warm Start:           Mario_WS
==============================

====== Algorithm Status ======
Valor:                2801
Time:                 256
nIter:                28
Best Iter:            28
Improvement Count:    27
==============================
Solution tour: 
0 23 26 23 25 40 30 
2 
7 
3 47 3 51 46 16 
9 
10 55 43 21 
13 
5 
4 
1 41 20 36 44 50 31 
12 
14 19 32 
11 22 29 39 52 28 37 17 18 49 24 42 48 
8 35 
6 36 44 33 
==============================

====== Algorithm Status ======
Valor:                2801
Time:                 502
nIter:                55
Best Iter:            55
Improvement Count:    54
==============================
Solution tour: 
0 23 26 23 25 40 30 
2 
7 
3 47 3 51 46 16 
9 
10 55 43 21 
13 
5 
4 
1 41 20 36 44 50 31 
12 
14 19 32 
11 22 29 39 52 28 37 17 18 49 24 42 48 
8 35 
6 36 44 33 
==============================

====== Algorithm Status ======
Valor:                2801
Time:                 1006
nIter:                105
Best Iter:            105
Improvement Count:    104
==============================
Solution tour: 
0 23 26 23 25 40 30 
2 
7 
3 47 3 51 46 16 
9 
10 55 43 21 
13 
5 
4 
1 41 20 36 44 50 31 
12 
14 19 32 
11 22 29 39 52 28 37 17 18 49 24 42 48 
8 35 
6 36 44 33 
==============================

====== Algorithm Status ======
Valor:                2866
Time:                 2006
nIter:                218
Best Iter:            218
Improvement Count:    217
==============================
Solution tour: 
0 50 36 44 41 20 18 49 17 37 28 38 42 40 21 43 30 
2 33 24 25 48 
8 
1 
7 
10 
5 
4 27 23 26 
14 
15 35 16 
9 
3 47 22 32 
11 19 
6 46 52 39 
12 31 26 23 
13 
==============================

====== Algorithm Status ======
Valor:                2917
Time:                 4002
nIter:                426
Best Iter:            426
Improvement Count:    425
==============================
Solution tour: 
0 50 36 44 41 20 18 49 17 37 28 38 42 40 21 43 30 
13 55 4 
2 33 24 25 48 
8 41 
1 
7 
10 
5 
4 27 23 26 
14 
15 35 16 
9 
3 47 22 32 
11 19 
6 46 52 39 
12 31 26 23 
==============================

====== Algorithm Status ======
Valor:                2971
Time:                 8001
nIter:                897
Best Iter:            897
Improvement Count:    896
==============================
Solution tour: 
0 50 31 36 44 41 20 18 17 49 37 38 28 42 40 21 43 25 30 
13 55 
2 33 24 51 35 8 48 
8 35 
1 
7 
10 
5 
4 27 23 26 
14 
15 16 
9 
3 47 22 32 
11 19 
6 46 52 39 
12 50 
==============================

====== Algorithm Status ======
Valor:                2973
Time:                 16000
nIter:                1824
Best Iter:            1824
Improvement Count:    1823
==============================
Solution tour: 
0 50 31 36 44 41 20 18 17 49 37 38 28 42 40 21 30 25 43 
13 55 
2 33 24 51 35 8 48 
8 41 
1 
7 
10 
5 
4 27 23 26 
14 
15 16 
9 
3 47 22 32 
11 19 
6 46 52 39 
12 50 
==============================

====== Algorithm Status ======
Valor:                2975
Time:                 32006
nIter:                3599
Best Iter:            3599
Improvement Count:    3598
==============================
Solution tour: 
0 50 31 36 44 41 20 18 49 17 37 38 28 38 42 40 21 30 25 43 
13 55 4 
2 33 24 51 35 8 48 
8 41 
1 
7 
10 
5 
4 27 23 26 
14 
15 16 
9 
3 47 22 32 
11 19 
6 46 52 39 
12 50 
==============================

====== Algorithm Status ======
Valor:                2985
Time:                 64003
nIter:                6923
Best Iter:            6923
Improvement Count:    6922
==============================
Solution tour: 
0 50 31 45 36 44 41 20 18 17 49 17 37 38 42 28 30 40 25 43 21 
13 55 4 
2 7 33 24 51 35 8 48 
8 41 
1 
7 
10 
5 
4 27 23 26 
14 
6 
12 39 52 46 
15 16 
9 
3 47 22 32 
11 19 
==============================

====== Algorithm Status ======
Valor:                3001
Time:                 128008
nIter:                12948
Best Iter:            12948
Improvement Count:    12947
==============================
Solution tour: 
0 50 31 45 36 44 41 20 18 17 18 49 17 37 38 42 28 30 40 25 43 21 
13 55 4 
2 7 33 24 51 35 8 48 
8 35 
1 
7 
10 
5 
4 55 27 23 26 
12 39 52 46 
15 16 
9 
3 47 29 54 22 32 
11 19 
==============================

====== Algorithm Status ======
Valor:                3001
Time:                 256006
nIter:                25563
Best Iter:            25563
Improvement Count:    25562
==============================
Solution tour: 
0 50 31 45 36 44 41 20 18 17 18 49 17 37 38 42 28 30 40 25 43 21 
13 55 4 
2 7 33 24 51 35 8 48 
8 35 
1 
7 
10 
5 
4 55 27 23 26 
12 39 52 46 
15 16 
9 
3 47 29 54 22 32 
11 19 
==============================

====== Algorithm Status ======
Valor:                3001
Time:                 512034
nIter:                50476
Best Iter:            50476
Improvement Count:    50475
==============================
Solution tour: 
0 50 31 45 36 44 41 20 18 17 18 49 17 37 38 42 28 30 40 25 43 21 
13 55 4 
2 7 33 24 51 35 8 48 
8 35 
1 
7 
10 
5 
4 55 27 23 26 
12 39 52 46 
15 16 
9 
3 47 29 54 22 32 
11 19 
==============================

====== Algorithm Status ======
Valor:                3001
Time:                 1024022
nIter:                100741
Best Iter:            100741
Improvement Count:    100742
==============================
Solution tour: 
0 50 31 45 36 44 41 20 18 17 18 49 17 37 38 42 28 30 40 25 43 21 
13 55 4 
2 7 33 24 51 35 8 48 
8 35 
1 
7 
10 
5 
4 55 27 23 26 
12 39 52 46 
15 16 
9 
3 47 29 54 22 32 
11 19 
==============================

====== Algorithm Status ======
Valor:                3001
Time:                 1024022
nIter:                100741
Best Iter:            100741
Improvement Count:    100742
==============================
Solution tour: 
0 50 31 45 36 44 41 20 18 17 18 49 17 37 38 42 28 30 40 25 43 21 
13 55 4 
2 7 33 24 51 35 8 48 
8 35 
1 
7 
10 
5 
4 55 27 23 26 
12 39 52 46 
15 16 
9 
3 47 29 54 22 32 
11 19 
==============================

