=========== Input ===========
File name:                ./instances/realistic-instances/10-10-1767920.cdop
Total node count:         21
Truck node count:         10
Drone node count:         10
=============================

========== Settings ==========
Settings file:        ./settings/Memetic_MPX_1287823.config
Seed:                 1287823
Reduction method:     -
Max iter:             1024000
Population size:      13
Crossover:            MA-MPX
Local Search:         LS
Warm Start:           Mario_WS
==============================

====== Algorithm Status ======
Valor:                1666
Time:                 250
nIter:                185
Best Iter:            185
Improvement Count:    184
==============================
Solution tour: 
0 
8 11 16 13 
10 
9 6 3 6 10 6 19 
6 17 18 
7 18 
1 20 1 
4 15 12 
3 12 
==============================

====== Algorithm Status ======
Valor:                1666
Time:                 500
nIter:                406
Best Iter:            406
Improvement Count:    405
==============================
Solution tour: 
0 
8 11 16 13 
10 
9 6 3 6 10 6 19 
6 17 18 
7 18 
1 20 1 
4 15 12 
3 12 
==============================

====== Algorithm Status ======
Valor:                1666
Time:                 1000
nIter:                790
Best Iter:            790
Improvement Count:    789
==============================
Solution tour: 
0 
8 11 16 13 
10 
9 6 3 6 10 6 19 
6 17 18 
7 18 
1 20 1 
4 15 12 
3 12 
==============================

====== Algorithm Status ======
Valor:                1701
Time:                 2000
nIter:                1620
Best Iter:            1620
Improvement Count:    1619
==============================
Solution tour: 
0 
7 18 7 
1 20 1 
8 11 16 13 
10 
9 6 10 6 19 6 
3 12 3 17 
4 15 12 
5 14 15 2 
==============================

====== Algorithm Status ======
Valor:                1726
Time:                 4000
nIter:                3221
Best Iter:            3221
Improvement Count:    3220
==============================
Solution tour: 
0 
1 20 1 
3 12 17 4 
2 15 2 
4 18 
7 18 12 14 8 19 
6 10 6 19 
8 11 16 13 
==============================

====== Algorithm Status ======
Valor:                1726
Time:                 8000
nIter:                6322
Best Iter:            6322
Improvement Count:    6321
==============================
Solution tour: 
0 
1 20 1 
3 12 17 4 
2 15 2 
4 18 
7 18 12 14 8 19 
6 10 6 19 
8 11 16 13 
==============================

====== Algorithm Status ======
Valor:                1726
Time:                 16000
nIter:                12496
Best Iter:            12496
Improvement Count:    12495
==============================
Solution tour: 
0 
1 20 1 
3 12 17 4 
2 15 2 
4 18 
7 18 12 14 8 19 
6 10 6 19 
8 11 16 13 
==============================

====== Algorithm Status ======
Valor:                1734
Time:                 32000
nIter:                25145
Best Iter:            25145
Improvement Count:    25144
==============================
Solution tour: 
0 
1 20 1 11 
10 11 16 13 6 
3 12 3 17 4 
2 15 2 
4 18 
7 18 12 14 
5 19 
6 10 6 19 
8 
==============================

====== Algorithm Status ======
Valor:                1734
Time:                 64000
nIter:                50156
Best Iter:            50156
Improvement Count:    50155
==============================
Solution tour: 
0 
1 20 1 11 
10 11 16 13 6 
3 12 3 17 4 
2 15 2 
4 18 
7 18 12 14 
5 19 
6 10 6 19 
8 
==============================

====== Algorithm Status ======
Valor:                1736
Time:                 128000
nIter:                95182
Best Iter:            95182
Improvement Count:    95181
==============================
Solution tour: 
0 
1 20 1 8 11 
10 11 16 13 10 6 
9 6 19 6 
3 12 3 17 4 
2 15 2 
4 18 
7 18 12 14 8 
==============================

====== Algorithm Status ======
Valor:                1746
Time:                 256000
nIter:                177767
Best Iter:            177767
Improvement Count:    177766
==============================
Solution tour: 
0 
1 20 1 
4 12 18 
7 18 12 14 8 11 16 13 
9 6 10 6 19 6 
3 12 3 17 4 
2 15 2 
==============================

====== Algorithm Status ======
Valor:                1746
Time:                 512001
nIter:                349454
Best Iter:            349454
Improvement Count:    349453
==============================
Solution tour: 
0 
1 20 1 
4 12 18 
7 18 12 14 8 11 16 13 
9 6 10 6 19 6 
3 12 3 17 4 
2 15 2 
==============================

====== Algorithm Status ======
Valor:                1746
Time:                 1024001
nIter:                691242
Best Iter:            691242
Improvement Count:    691243
==============================
Solution tour: 
0 
1 20 1 
4 12 18 
7 18 12 14 8 11 16 13 
9 6 10 6 19 6 
3 12 3 17 4 
2 15 2 
==============================

====== Algorithm Status ======
Valor:                1746
Time:                 1024001
nIter:                691242
Best Iter:            691242
Improvement Count:    691243
==============================
Solution tour: 
0 
1 20 1 
4 12 18 
7 18 12 14 8 11 16 13 
9 6 10 6 19 6 
3 12 3 17 4 
2 15 2 
==============================

