=========== Input ===========
File name:                ./instances/realistic-instances/15-25-1917698.cdop
Total node count:         41
Truck node count:         15
Drone node count:         25
=============================

========== Settings ==========
Settings file:        ./settings/Memetic_MPX_1287823.config
Seed:                 1287823
Reduction method:     -
Max iter:             1024000
Population size:      13
Crossover:            MA-MPX
Local Search:         LS
Warm Start:           Mario_WS
==============================

====== Algorithm Status ======
Valor:                2368
Time:                 254
nIter:                57
Best Iter:            57
Improvement Count:    56
==============================
Solution tour: 
0 34 28 33 24 18 39 36 33 28 
11 26 16 35 40 25 15 25 23 
10 
14 38 34 20 
3 
13 17 27 32 37 32 19 30 22 
6 
7 
9 7 29 7 
5 
4 
==============================

====== Algorithm Status ======
Valor:                2368
Time:                 501
nIter:                105
Best Iter:            105
Improvement Count:    104
==============================
Solution tour: 
0 34 28 33 24 18 39 36 33 28 
11 26 16 35 40 25 15 25 23 
10 
14 38 34 20 
3 
13 17 27 32 37 32 19 30 22 
6 
7 
9 7 29 7 
5 
4 
==============================

====== Algorithm Status ======
Valor:                2368
Time:                 1002
nIter:                194
Best Iter:            194
Improvement Count:    193
==============================
Solution tour: 
0 34 28 33 24 18 39 36 33 28 
11 26 16 35 40 25 15 25 23 
10 
14 38 34 20 
3 
13 17 27 32 37 32 19 30 22 
6 
7 
9 7 29 7 
5 
4 
==============================

====== Algorithm Status ======
Valor:                2368
Time:                 2005
nIter:                370
Best Iter:            370
Improvement Count:    369
==============================
Solution tour: 
0 34 28 33 24 18 39 36 33 28 
11 26 16 35 40 25 15 25 23 
10 
14 38 34 20 
3 
13 17 27 32 37 32 19 30 22 
6 
7 
9 7 29 7 
5 
4 
==============================

====== Algorithm Status ======
Valor:                2368
Time:                 4002
nIter:                729
Best Iter:            729
Improvement Count:    728
==============================
Solution tour: 
0 34 28 33 24 18 39 36 33 28 
11 26 16 35 40 25 15 25 23 
10 
14 38 34 20 
3 
13 17 27 32 37 32 19 30 22 
6 
7 
9 7 29 7 
5 
4 
==============================

====== Algorithm Status ======
Valor:                2368
Time:                 8007
nIter:                1437
Best Iter:            1437
Improvement Count:    1436
==============================
Solution tour: 
0 34 28 33 24 18 39 36 33 28 
11 26 16 35 40 25 15 25 23 
10 
14 38 34 20 
3 
13 17 27 32 37 32 19 30 22 
6 
7 
9 7 29 7 
5 
4 
==============================

====== Algorithm Status ======
Valor:                2368
Time:                 16002
nIter:                2885
Best Iter:            2885
Improvement Count:    2884
==============================
Solution tour: 
0 34 28 33 24 18 39 36 33 28 
11 26 16 35 40 25 15 25 23 
10 
14 38 34 20 
3 
13 17 27 32 37 32 19 30 22 
6 
7 
9 7 29 7 
5 
4 
==============================

====== Algorithm Status ======
Valor:                2368
Time:                 32004
nIter:                5741
Best Iter:            5741
Improvement Count:    5740
==============================
Solution tour: 
0 34 28 33 24 18 39 36 33 28 
11 26 16 35 40 25 15 25 23 
10 
14 38 34 20 
3 
13 17 27 32 37 32 19 30 22 
6 
7 
9 7 29 7 
5 
4 
==============================

====== Algorithm Status ======
Valor:                2368
Time:                 64006
nIter:                11486
Best Iter:            11486
Improvement Count:    11485
==============================
Solution tour: 
0 34 28 33 24 18 39 36 33 28 
11 26 16 35 40 25 15 25 23 
10 
14 38 34 20 
3 
13 17 27 32 37 32 19 30 22 
6 
7 
9 7 29 7 
5 
4 
==============================

====== Algorithm Status ======
Valor:                2476
Time:                 128004
nIter:                24476
Best Iter:            24476
Improvement Count:    24475
==============================
Solution tour: 
0 
2 
12 
3 13 22 
13 17 
6 4 
5 4 20 31 20 39 18 24 29 7 
9 
7 29 
4 15 27 
10 11 
8 23 8 
11 26 15 25 
15 
14 38 16 35 33 36 28 34 19 30 40 32 37 
1 
==============================

====== Algorithm Status ======
Valor:                2489
Time:                 256003
nIter:                48427
Best Iter:            48427
Improvement Count:    48426
==============================
Solution tour: 
0 
2 
12 
3 
13 17 
6 4 
5 4 20 39 18 39 24 29 7 
9 
7 29 
4 15 27 
10 11 
8 23 8 
11 26 15 25 
15 
14 38 16 35 31 36 33 28 34 32 37 40 19 30 22 13 
==============================

====== Algorithm Status ======
Valor:                2497
Time:                 512001
nIter:                96912
Best Iter:            96912
Improvement Count:    96911
==============================
Solution tour: 
0 
3 
13 17 
6 4 
5 4 20 39 18 39 24 29 7 
9 
7 29 
4 15 27 
10 11 
8 23 8 
11 26 15 25 
15 
14 38 16 35 31 20 36 33 28 34 32 37 40 19 30 22 13 
1 
==============================

====== Algorithm Status ======
Valor:                2497
Time:                 1024002
nIter:                193014
Best Iter:            193014
Improvement Count:    193015
==============================
Solution tour: 
0 
3 
13 17 
6 4 
5 4 20 39 18 39 24 29 7 
9 
7 29 
4 15 27 
10 11 
8 23 8 
11 26 15 25 
15 
14 38 16 35 31 20 36 33 28 34 32 37 40 19 30 22 13 
1 
==============================

====== Algorithm Status ======
Valor:                2497
Time:                 1024002
nIter:                193014
Best Iter:            193014
Improvement Count:    193015
==============================
Solution tour: 
0 
3 
13 17 
6 4 
5 4 20 39 18 39 24 29 7 
9 
7 29 
4 15 27 
10 11 
8 23 8 
11 26 15 25 
15 
14 38 16 35 31 20 36 33 28 34 32 37 40 19 30 22 13 
1 
==============================

