=========== Input ===========
File name:                ./instances/realistic-instances/10-10-1767920.cdop
Total node count:         21
Truck node count:         10
Drone node count:         10
=============================

========== Settings ==========
Settings file:        ./settings/Memetic-LS_MPX_1881515.config
Seed:                 1881515
Reduction method:     -
Max iter:             1024000
Population size:      13
Crossover:            MA-MPX
Local Search:         -
Warm Start:           Mario_WS
==============================

====== Algorithm Status ======
Valor:                1401
Time:                 250
nIter:                880
Best Iter:            880
Improvement Count:    879
==============================
Solution tour: 
0 12 18 
7 
1 
10 
9 10 
6 
2 15 17 
3 
4 13 16 
8 19 5 20 
5 
==============================

====== Algorithm Status ======
Valor:                1440
Time:                 500
nIter:                1799
Best Iter:            1799
Improvement Count:    1798
==============================
Solution tour: 
0 12 18 
7 13 
10 
9 10 
6 
2 15 17 
3 
4 13 16 
8 19 5 20 
1 
5 
==============================

====== Algorithm Status ======
Valor:                1440
Time:                 1000
nIter:                3765
Best Iter:            3765
Improvement Count:    3764
==============================
Solution tour: 
0 12 18 
7 13 
10 
9 10 
6 
2 15 17 
3 
4 13 16 
8 19 5 20 
1 
5 
==============================

====== Algorithm Status ======
Valor:                1472
Time:                 2000
nIter:                7579
Best Iter:            7579
Improvement Count:    7578
==============================
Solution tour: 
0 12 18 
7 13 
10 
9 10 
6 
2 15 
4 
3 17 13 16 
8 19 5 20 
1 
5 
==============================

====== Algorithm Status ======
Valor:                1484
Time:                 4000
nIter:                15224
Best Iter:            15224
Improvement Count:    15223
==============================
Solution tour: 
0 12 18 
7 10 13 
10 
9 10 
6 
2 15 
4 
3 16 
8 19 5 20 
1 
5 
==============================

====== Algorithm Status ======
Valor:                1501
Time:                 8000
nIter:                30812
Best Iter:            30812
Improvement Count:    30811
==============================
Solution tour: 
0 12 18 
7 10 13 
10 6 10 
9 
6 
2 15 
4 
3 16 
8 19 5 20 
1 
5 
==============================

====== Algorithm Status ======
Valor:                1562
Time:                 16000
nIter:                60881
Best Iter:            60881
Improvement Count:    60880
==============================
Solution tour: 
0 
5 
1 20 
10 6 10 
9 
6 
2 15 
4 
8 11 16 19 6 
3 12 18 
7 18 13 
==============================

====== Algorithm Status ======
Valor:                1587
Time:                 32000
nIter:                121018
Best Iter:            121018
Improvement Count:    121017
==============================
Solution tour: 
0 
5 
1 20 
10 6 10 
9 
6 
2 15 
4 16 11 
8 19 6 
3 12 18 
7 18 13 
==============================

====== Algorithm Status ======
Valor:                1609
Time:                 64000
nIter:                238265
Best Iter:            238265
Improvement Count:    238264
==============================
Solution tour: 
0 
1 20 
5 17 19 
8 19 6 
3 12 18 
7 18 13 
10 6 10 
9 
6 
2 15 
4 16 11 
==============================

====== Algorithm Status ======
Valor:                1649
Time:                 128000
nIter:                445225
Best Iter:            445225
Improvement Count:    445224
==============================
Solution tour: 
0 
1 20 1 
5 14 
8 19 6 
3 12 18 
7 18 13 
10 6 10 
9 
6 
2 15 
4 16 11 
==============================

====== Algorithm Status ======
Valor:                1649
Time:                 256000
nIter:                836347
Best Iter:            836347
Improvement Count:    836346
==============================
Solution tour: 
0 
1 20 1 
5 14 
8 19 6 
3 12 18 
7 18 13 
10 6 10 
9 
6 
2 15 
4 16 11 
==============================

====== Algorithm Status ======
Valor:                1649
Time:                 512000
nIter:                1666704
Best Iter:            1666704
Improvement Count:    1666703
==============================
Solution tour: 
0 
1 20 1 
5 14 
8 19 6 
3 12 18 
7 18 13 
10 6 10 
9 
6 
2 15 
4 16 11 
==============================

====== Algorithm Status ======
Valor:                1649
Time:                 1024001
nIter:                3322823
Best Iter:            3322823
Improvement Count:    3322824
==============================
Solution tour: 
0 
1 20 1 
5 14 
8 19 6 
3 12 18 
7 18 13 
10 6 10 
9 
6 
2 15 
4 16 11 
==============================

====== Algorithm Status ======
Valor:                1649
Time:                 1024001
nIter:                3322823
Best Iter:            3322823
Improvement Count:    3322824
==============================
Solution tour: 
0 
1 20 1 
5 14 
8 19 6 
3 12 18 
7 18 13 
10 6 10 
9 
6 
2 15 
4 16 11 
==============================

