=========== Input ===========
File name:                ./instances/realistic-instances/15-25-1917698.cdop
Total node count:         41
Truck node count:         15
Drone node count:         25
=============================

========== Settings ==========
Settings file:        ./settings/Memetic_MPX_1881515.config
Seed:                 1881515
Reduction method:     -
Max iter:             1024000
Population size:      13
Crossover:            MA-MPX
Local Search:         LS
Warm Start:           Mario_WS
==============================

====== Algorithm Status ======
Valor:                2266
Time:                 253
nIter:                52
Best Iter:            52
Improvement Count:    51
==============================
Solution tour: 
0 
12 
1 13 23 
8 23 
10 17 
13 34 28 33 36 24 18 39 
14 38 16 35 29 
4 
9 7 29 
7 20 37 32 22 
6 4 
5 
3 19 30 
11 26 27 17 
2 
==============================

====== Algorithm Status ======
Valor:                2399
Time:                 501
nIter:                108
Best Iter:            108
Improvement Count:    107
==============================
Solution tour: 
0 
2 
12 
1 13 23 
8 23 37 32 27 
15 25 40 30 19 31 35 16 26 
10 17 13 22 
13 34 28 33 36 24 18 39 20 
11 27 6 
14 38 14 
9 7 29 
7 
6 4 
5 4 
3 
==============================

====== Algorithm Status ======
Valor:                2464
Time:                 1004
nIter:                201
Best Iter:            201
Improvement Count:    200
==============================
Solution tour: 
0 
2 
12 
3 
1 13 23 
8 23 37 32 27 
15 25 40 30 19 31 35 16 26 
10 17 13 22 
13 34 28 33 36 24 18 39 20 31 
11 8 
14 38 14 
9 7 29 
7 17 
6 
5 4 
==============================

====== Algorithm Status ======
Valor:                2464
Time:                 2009
nIter:                388
Best Iter:            388
Improvement Count:    387
==============================
Solution tour: 
0 
2 
12 
3 
1 13 23 
8 23 37 32 27 
15 25 40 30 19 31 35 16 26 
10 17 13 22 
13 34 28 33 36 24 18 39 20 31 
11 8 
14 38 14 
9 7 29 
7 17 
6 
5 4 
==============================

====== Algorithm Status ======
Valor:                2464
Time:                 4003
nIter:                773
Best Iter:            773
Improvement Count:    772
==============================
Solution tour: 
0 
2 
12 
3 
1 13 23 
8 23 37 32 27 
15 25 40 30 19 31 35 16 26 
10 17 13 22 
13 34 28 33 36 24 18 39 20 31 
11 8 
14 38 14 
9 7 29 
7 17 
6 
5 4 
==============================

====== Algorithm Status ======
Valor:                2464
Time:                 8003
nIter:                1560
Best Iter:            1560
Improvement Count:    1559
==============================
Solution tour: 
0 
2 
12 
3 
1 13 23 
8 23 37 32 27 
15 25 40 30 19 31 35 16 26 
10 17 13 22 
13 34 28 33 36 24 18 39 20 31 
11 8 
14 38 14 
9 7 29 
7 17 
6 
5 4 
==============================

====== Algorithm Status ======
Valor:                2464
Time:                 16001
nIter:                3129
Best Iter:            3129
Improvement Count:    3128
==============================
Solution tour: 
0 
2 
12 
3 
1 13 23 
8 23 37 32 27 
15 25 40 30 19 31 35 16 26 
10 17 13 22 
13 34 28 33 36 24 18 39 20 31 
11 8 
14 38 14 
9 7 29 
7 17 
6 
5 4 
==============================

====== Algorithm Status ======
Valor:                2464
Time:                 32000
nIter:                6259
Best Iter:            6259
Improvement Count:    6258
==============================
Solution tour: 
0 
2 
12 
3 
1 13 23 
8 23 37 32 27 
15 25 40 30 19 31 35 16 26 
10 17 13 22 
13 34 28 33 36 24 18 39 20 31 
11 8 
14 38 14 
9 7 29 
7 17 
6 
5 4 
==============================

====== Algorithm Status ======
Valor:                2464
Time:                 64002
nIter:                12494
Best Iter:            12494
Improvement Count:    12493
==============================
Solution tour: 
0 
2 
12 
3 
1 13 23 
8 23 37 32 27 
15 25 40 30 19 31 35 16 26 
10 17 13 22 
13 34 28 33 36 24 18 39 20 31 
11 8 
14 38 14 
9 7 29 
7 17 
6 
5 4 
==============================

====== Algorithm Status ======
Valor:                2473
Time:                 128000
nIter:                23854
Best Iter:            23854
Improvement Count:    23853
==============================
Solution tour: 
0 
3 
1 13 23 
8 23 37 32 27 
15 25 28 40 30 19 31 35 16 26 
10 17 13 22 
13 34 28 33 36 24 18 39 20 31 
11 8 
14 38 14 
9 7 29 
7 17 
6 
4 
==============================

====== Algorithm Status ======
Valor:                2473
Time:                 256003
nIter:                47443
Best Iter:            47443
Improvement Count:    47442
==============================
Solution tour: 
0 
3 
1 13 23 
8 23 37 32 27 
15 25 28 40 30 19 31 35 16 26 
10 17 13 22 
13 34 28 33 36 24 18 39 20 31 
11 8 
14 38 14 
9 7 29 
7 17 
6 
4 
==============================

====== Algorithm Status ======
Valor:                2473
Time:                 512003
nIter:                94253
Best Iter:            94253
Improvement Count:    94252
==============================
Solution tour: 
0 
3 
1 13 23 
8 23 37 32 27 
15 25 28 40 30 19 31 35 16 26 
10 17 13 22 
13 34 28 33 36 24 18 39 20 31 
11 8 
14 38 14 
9 7 29 
7 17 
6 
4 
==============================

====== Algorithm Status ======
Valor:                2473
Time:                 1024002
nIter:                187208
Best Iter:            187208
Improvement Count:    187209
==============================
Solution tour: 
0 
3 
1 13 23 
8 23 37 32 27 
15 25 28 40 30 19 31 35 16 26 
10 17 13 22 
13 34 28 33 36 24 18 39 20 31 
11 8 
14 38 14 
9 7 29 
7 17 
6 
4 
==============================

====== Algorithm Status ======
Valor:                2473
Time:                 1024002
nIter:                187208
Best Iter:            187208
Improvement Count:    187209
==============================
Solution tour: 
0 
3 
1 13 23 
8 23 37 32 27 
15 25 28 40 30 19 31 35 16 26 
10 17 13 22 
13 34 28 33 36 24 18 39 20 31 
11 8 
14 38 14 
9 7 29 
7 17 
6 
4 
==============================

