=========== Input ===========
File name:                ./instances/realistic-instances/15-40-1762875.cdop
Total node count:         56
Truck node count:         15
Drone node count:         40
=============================

========== Settings ==========
Settings file:        ./settings/Memetic-LS_MPX_1881515.config
Seed:                 1881515
Reduction method:     -
Max iter:             1024000
Population size:      13
Crossover:            MA-MPX
Local Search:         -
Warm Start:           Mario_WS
==============================

====== Algorithm Status ======
Valor:                2721
Time:                 255
nIter:                165
Best Iter:            165
Improvement Count:    164
==============================
Solution tour: 
0 51 40 
14 17 
12 
6 
10 
13 22 28 36 43 37 20 
11 
9 
5 50 53 
4 35 44 
3 
2 48 47 27 34 29 52 
8 
7 32 7 41 38 55 21 49 39 
1 
==============================

====== Algorithm Status ======
Valor:                2721
Time:                 507
nIter:                330
Best Iter:            330
Improvement Count:    329
==============================
Solution tour: 
0 51 40 
14 17 
12 
6 
10 
13 22 28 36 43 37 20 
11 
9 
5 50 53 
4 35 44 
3 
2 48 47 27 34 29 52 
8 
7 32 7 41 38 55 21 49 39 
1 
==============================

====== Algorithm Status ======
Valor:                2721
Time:                 1005
nIter:                660
Best Iter:            660
Improvement Count:    659
==============================
Solution tour: 
0 51 40 
14 17 
12 
6 
10 
13 22 28 36 43 37 20 
11 
9 
5 50 53 
4 35 44 
3 
2 48 47 27 34 29 52 
8 
7 32 7 41 38 55 21 49 39 
1 
==============================

====== Algorithm Status ======
Valor:                2721
Time:                 2000
nIter:                1341
Best Iter:            1341
Improvement Count:    1340
==============================
Solution tour: 
0 51 40 
14 17 
12 
6 
10 
13 22 28 36 43 37 20 
11 
9 
5 50 53 
4 35 44 
3 
2 48 47 27 34 29 52 
8 
7 32 7 41 38 55 21 49 39 
1 
==============================

====== Algorithm Status ======
Valor:                2721
Time:                 4004
nIter:                2685
Best Iter:            2685
Improvement Count:    2684
==============================
Solution tour: 
0 51 40 
14 17 
12 
6 
10 
13 22 28 36 43 37 20 
11 
9 
5 50 53 
4 35 44 
3 
2 48 47 27 34 29 52 
8 
7 32 7 41 38 55 21 49 39 
1 
==============================

====== Algorithm Status ======
Valor:                2721
Time:                 8000
nIter:                5394
Best Iter:            5394
Improvement Count:    5393
==============================
Solution tour: 
0 51 40 
14 17 
12 
6 
10 
13 22 28 36 43 37 20 
11 
9 
5 50 53 
4 35 44 
3 
2 48 47 27 34 29 52 
8 
7 32 7 41 38 55 21 49 39 
1 
==============================

====== Algorithm Status ======
Valor:                2721
Time:                 16001
nIter:                10620
Best Iter:            10620
Improvement Count:    10619
==============================
Solution tour: 
0 51 40 
14 17 
12 
6 
10 
13 22 28 36 43 37 20 
11 
9 
5 50 53 
4 35 44 
3 
2 48 47 27 34 29 52 
8 
7 32 7 41 38 55 21 49 39 
1 
==============================

====== Algorithm Status ======
Valor:                2721
Time:                 32000
nIter:                20925
Best Iter:            20925
Improvement Count:    20924
==============================
Solution tour: 
0 51 40 
14 17 
12 
6 
10 
13 22 28 36 43 37 20 
11 
9 
5 50 53 
4 35 44 
3 
2 48 47 27 34 29 52 
8 
7 32 7 41 38 55 21 49 39 
1 
==============================

====== Algorithm Status ======
Valor:                2721
Time:                 64000
nIter:                40446
Best Iter:            40446
Improvement Count:    40445
==============================
Solution tour: 
0 51 40 
14 17 
12 
6 
10 
13 22 28 36 43 37 20 
11 
9 
5 50 53 
4 35 44 
3 
2 48 47 27 34 29 52 
8 
7 32 7 41 38 55 21 49 39 
1 
==============================

====== Algorithm Status ======
Valor:                2721
Time:                 128008
nIter:                78075
Best Iter:            78075
Improvement Count:    78074
==============================
Solution tour: 
0 51 40 
14 17 
12 
6 
10 
13 22 28 36 43 37 20 
11 
9 
5 50 53 
4 35 44 
3 
2 48 47 27 34 29 52 
8 
7 32 7 41 38 55 21 49 39 
1 
==============================

====== Algorithm Status ======
Valor:                2721
Time:                 256005
nIter:                156780
Best Iter:            156780
Improvement Count:    156779
==============================
Solution tour: 
0 51 40 
14 17 
12 
6 
10 
13 22 28 36 43 37 20 
11 
9 
5 50 53 
4 35 44 
3 
2 48 47 27 34 29 52 
8 
7 32 7 41 38 55 21 49 39 
1 
==============================

====== Algorithm Status ======
Valor:                2822
Time:                 512000
nIter:                312991
Best Iter:            312991
Improvement Count:    312990
==============================
Solution tour: 
0 51 40 
14 17 
12 
6 
10 55 22 28 36 43 37 20 
11 
9 
5 50 53 
8 
7 32 7 41 38 
4 35 44 
3 
2 48 47 27 34 29 52 
15 
13 21 49 39 
1 
==============================

====== Algorithm Status ======
Valor:                2877
Time:                 1024002
nIter:                629865
Best Iter:            629865
Improvement Count:    629866
==============================
Solution tour: 
0 51 40 24 27 42 17 
12 
14 
6 
10 19 55 22 28 36 43 37 20 
11 
9 
5 50 53 
8 
7 32 7 41 38 
4 35 44 
3 
2 48 47 27 34 29 52 
15 
13 21 49 39 
1 
==============================

====== Algorithm Status ======
Valor:                2877
Time:                 1024002
nIter:                629865
Best Iter:            629865
Improvement Count:    629866
==============================
Solution tour: 
0 51 40 24 27 42 17 
12 
14 
6 
10 19 55 22 28 36 43 37 20 
11 
9 
5 50 53 
8 
7 32 7 41 38 
4 35 44 
3 
2 48 47 27 34 29 52 
15 
13 21 49 39 
1 
==============================

