=========== Input ===========
File name:                ./instances/realistic-instances/15-25-1767920.cdop
Total node count:         41
Truck node count:         15
Drone node count:         25
=============================

========== Settings ==========
Settings file:        ./settings/Memetic_MPX_1881515.config
Seed:                 1881515
Reduction method:     -
Max iter:             1024000
Population size:      13
Crossover:            MA-MPX
Local Search:         LS
Warm Start:           Mario_WS
==============================

====== Algorithm Status ======
Valor:                2523
Time:                 253
nIter:                57
Best Iter:            57
Improvement Count:    56
==============================
Solution tour: 
0 35 19 17 40 30 18 
10 
12 38 24 
5 0 33 
4 3 26 27 20 37 34 23 16 21 22 31 29 
6 28 
8 
7 
13 
2 27 
14 
11 3 
9 
3 
1 39 25 32 33 
==============================

====== Algorithm Status ======
Valor:                2523
Time:                 504
nIter:                105
Best Iter:            105
Improvement Count:    104
==============================
Solution tour: 
0 35 19 17 40 30 18 
10 
12 38 24 
5 0 33 
4 3 26 27 20 37 34 23 16 21 22 31 29 
6 28 
8 
7 
13 
2 27 
14 
11 3 
9 
3 
1 39 25 32 33 
==============================

====== Algorithm Status ======
Valor:                2523
Time:                 1000
nIter:                197
Best Iter:            197
Improvement Count:    196
==============================
Solution tour: 
0 35 19 17 40 30 18 
10 
12 38 24 
5 0 33 
4 3 26 27 20 37 34 23 16 21 22 31 29 
6 28 
8 
7 
13 
2 27 
14 
11 3 
9 
3 
1 39 25 32 33 
==============================

====== Algorithm Status ======
Valor:                2565
Time:                 2002
nIter:                399
Best Iter:            399
Improvement Count:    398
==============================
Solution tour: 
0 35 17 19 32 25 40 36 39 30 18 
10 
12 38 12 24 
14 
11 3 
9 3 2 
6 28 
8 2 
3 
4 3 26 27 20 37 34 23 16 21 22 31 34 29 
7 
1 
5 0 33 
15 
13 
2 27 33 
==============================

====== Algorithm Status ======
Valor:                2608
Time:                 4003
nIter:                796
Best Iter:            796
Improvement Count:    795
==============================
Solution tour: 
0 35 17 19 35 32 25 40 36 39 30 18 
10 
12 38 12 24 
14 
11 3 
9 3 2 
6 28 
8 2 
3 
4 3 26 27 20 37 34 23 16 21 22 31 34 29 
7 
1 
5 0 33 
15 33 
==============================

====== Algorithm Status ======
Valor:                2608
Time:                 8005
nIter:                1565
Best Iter:            1565
Improvement Count:    1564
==============================
Solution tour: 
0 35 17 19 35 32 25 40 36 39 30 18 
10 
12 38 12 24 
14 
11 3 
9 3 2 
6 28 
8 2 
3 
4 3 26 27 20 37 34 23 16 21 22 31 34 29 
7 
1 
5 0 33 
15 33 
==============================

====== Algorithm Status ======
Valor:                2608
Time:                 16004
nIter:                3038
Best Iter:            3038
Improvement Count:    3037
==============================
Solution tour: 
0 35 17 19 35 32 25 40 36 39 30 18 
10 
12 38 12 24 
14 
11 3 
9 3 2 
6 28 
8 2 
3 
4 3 26 27 20 37 34 23 16 21 22 31 34 29 
7 
1 
5 0 33 
15 33 
==============================

====== Algorithm Status ======
Valor:                2641
Time:                 32002
nIter:                6007
Best Iter:            6007
Improvement Count:    6006
==============================
Solution tour: 
0 35 17 19 35 32 25 40 36 39 30 18 
10 
12 38 12 24 29 24 
14 
11 3 
9 3 2 
6 28 
8 
15 33 0 4 
3 
1 
2 
5 0 33 
4 3 26 27 20 37 22 31 37 34 23 16 21 
7 
==============================

====== Algorithm Status ======
Valor:                2641
Time:                 64000
nIter:                12015
Best Iter:            12015
Improvement Count:    12014
==============================
Solution tour: 
0 35 17 19 35 32 25 40 36 39 30 18 
10 
12 38 12 24 29 24 
14 
11 3 
9 3 2 
6 28 
8 
15 33 0 4 
3 
1 
2 
5 0 33 
4 3 26 27 20 37 22 31 37 34 23 16 21 
7 
==============================

====== Algorithm Status ======
Valor:                2652
Time:                 128004
nIter:                24652
Best Iter:            24652
Improvement Count:    24651
==============================
Solution tour: 
0 35 17 19 35 32 25 40 36 30 39 18 
10 
12 24 12 38 24 29 24 
14 
11 3 
9 3 27 2 
3 
2 
5 0 
4 3 26 27 20 37 31 22 37 34 23 16 21 
7 
6 28 
8 
13 
15 33 4 
==============================

====== Algorithm Status ======
Valor:                2714
Time:                 256002
nIter:                51999
Best Iter:            51999
Improvement Count:    51998
==============================
Solution tour: 
0 35 17 19 33 32 25 40 36 39 30 18 
10 
12 38 28 
8 29 24 
14 
11 3 
9 3 27 
2 27 
3 2 
5 0 
4 3 26 27 20 37 22 31 34 23 16 21 
7 
6 
1 4 0 33 
==============================

====== Algorithm Status ======
Valor:                2714
Time:                 512003
nIter:                103464
Best Iter:            103464
Improvement Count:    103463
==============================
Solution tour: 
0 35 17 19 33 32 25 40 36 39 30 18 
10 
12 38 28 
8 29 24 
14 
11 3 
9 3 27 
2 27 
3 2 
5 0 
4 3 26 27 20 37 22 31 34 23 16 21 
7 
6 
1 4 0 33 
==============================

====== Algorithm Status ======
Valor:                2714
Time:                 1024002
nIter:                206996
Best Iter:            206996
Improvement Count:    206997
==============================
Solution tour: 
0 35 17 19 33 32 25 40 36 39 30 18 
10 
12 38 28 
8 29 24 
14 
11 3 
9 3 27 
2 27 
3 2 
5 0 
4 3 26 27 20 37 22 31 34 23 16 21 
7 
6 
1 4 0 33 
==============================

====== Algorithm Status ======
Valor:                2714
Time:                 1024002
nIter:                206996
Best Iter:            206996
Improvement Count:    206997
==============================
Solution tour: 
0 35 17 19 33 32 25 40 36 39 30 18 
10 
12 38 28 
8 29 24 
14 
11 3 
9 3 27 
2 27 
3 2 
5 0 
4 3 26 27 20 37 22 31 34 23 16 21 
7 
6 
1 4 0 33 
==============================

