=========== Input ===========
File name:                ./instances/realistic-instances/15-25-1891798.cdop
Total node count:         41
Truck node count:         15
Drone node count:         25
=============================

========== Settings ==========
Settings file:        ./settings/Memetic-LS_MMX_1881515.config
Seed:                 1881515
Reduction method:     -
Max iter:             1024000
Population size:      13
Crossover:            MA-MMX
Local Search:         -
Warm Start:           Mario_WS
==============================

====== Algorithm Status ======
Valor:                2009
Time:                 250
nIter:                343
Best Iter:            343
Improvement Count:    342
==============================
Solution tour: 
0 15 
1 
11 
4 
8 
9 
12 29 24 30 
13 
14 31 21 23 17 6 22 
6 18 19 33 34 36 25 38 
2 40 37 27 
10 
7 
5 
3 15 
==============================

====== Algorithm Status ======
Valor:                2077
Time:                 500
nIter:                699
Best Iter:            699
Improvement Count:    698
==============================
Solution tour: 
0 15 26 
12 29 24 30 
13 
14 31 21 23 17 6 22 
6 18 19 33 34 36 25 38 
2 40 37 40 37 27 
10 
7 
5 
3 15 
==============================

====== Algorithm Status ======
Valor:                2117
Time:                 1002
nIter:                1457
Best Iter:            1457
Improvement Count:    1456
==============================
Solution tour: 
0 15 26 
12 29 24 30 
13 
14 31 21 23 17 6 22 
6 18 19 33 36 25 38 
2 40 16 40 37 27 
10 
7 
5 
3 15 
==============================

====== Algorithm Status ======
Valor:                2117
Time:                 2000
nIter:                2899
Best Iter:            2899
Improvement Count:    2898
==============================
Solution tour: 
0 15 26 
12 29 24 30 
13 
14 31 21 23 17 6 22 
6 18 19 33 36 25 38 
2 40 16 40 37 27 
10 
7 
5 
3 15 
==============================

====== Algorithm Status ======
Valor:                2117
Time:                 4000
nIter:                5851
Best Iter:            5851
Improvement Count:    5850
==============================
Solution tour: 
0 15 26 
12 29 24 30 
13 
14 31 21 23 17 6 22 
6 18 19 33 36 25 38 
2 40 16 40 37 27 
10 
7 
5 
3 15 
==============================

====== Algorithm Status ======
Valor:                2127
Time:                 8000
nIter:                11743
Best Iter:            11743
Improvement Count:    11742
==============================
Solution tour: 
0 15 26 
12 29 24 30 
13 
14 31 21 23 17 6 22 
6 18 19 33 36 25 38 
2 40 16 27 37 27 
3 15 
==============================

====== Algorithm Status ======
Valor:                2192
Time:                 16000
nIter:                23472
Best Iter:            23472
Improvement Count:    23471
==============================
Solution tour: 
0 15 26 
12 29 24 30 18 
14 31 21 17 6 22 
6 19 40 16 27 37 27 
13 33 36 20 38 
3 15 
==============================

====== Algorithm Status ======
Valor:                2199
Time:                 32000
nIter:                46968
Best Iter:            46968
Improvement Count:    46967
==============================
Solution tour: 
0 15 26 
12 29 24 30 18 
14 31 21 17 6 22 
6 19 40 16 27 37 27 
13 33 36 38 2 
3 15 
==============================

====== Algorithm Status ======
Valor:                2227
Time:                 64000
nIter:                92523
Best Iter:            92523
Improvement Count:    92522
==============================
Solution tour: 
0 15 26 
12 29 24 30 18 
14 31 21 17 6 22 
6 19 40 16 27 37 27 
13 33 34 36 38 2 
3 15 
==============================

====== Algorithm Status ======
Valor:                2252
Time:                 128001
nIter:                174053
Best Iter:            174053
Improvement Count:    174052
==============================
Solution tour: 
0 15 
12 26 29 24 30 18 
14 31 21 17 6 22 
6 19 40 16 27 37 27 
13 33 34 36 38 2 38 25 
3 15 
==============================

====== Algorithm Status ======
Valor:                2273
Time:                 256000
nIter:                358624
Best Iter:            358624
Improvement Count:    358623
==============================
Solution tour: 
0 15 
12 26 39 29 24 33 18 
14 31 21 17 6 22 
6 19 40 16 27 37 27 
13 30 34 36 38 2 38 25 
3 15 
==============================

====== Algorithm Status ======
Valor:                2287
Time:                 512000
nIter:                711516
Best Iter:            711516
Improvement Count:    711515
==============================
Solution tour: 
0 15 
12 26 39 29 24 35 18 
14 31 21 23 17 6 22 
6 19 40 16 27 37 27 
13 30 34 36 38 2 
3 15 
==============================

====== Algorithm Status ======
Valor:                2287
Time:                 1024001
nIter:                1411979
Best Iter:            1411979
Improvement Count:    1411980
==============================
Solution tour: 
0 15 
12 26 39 29 24 35 18 
14 31 21 23 17 6 22 
6 19 40 16 27 37 27 
13 30 34 36 38 2 
3 15 
==============================

====== Algorithm Status ======
Valor:                2287
Time:                 1024001
nIter:                1411979
Best Iter:            1411979
Improvement Count:    1411980
==============================
Solution tour: 
0 15 
12 26 39 29 24 35 18 
14 31 21 23 17 6 22 
6 19 40 16 27 37 27 
13 30 34 36 38 2 
3 15 
==============================

