=========== Input ===========
File name:                ./instances/realistic-instances/10-40-1891798.cdop
Total node count:         51
Truck node count:         10
Drone node count:         40
=============================

========== Settings ==========
Settings file:        ./settings/Memetic-LS_MMX_1287823.config
Seed:                 1287823
Reduction method:     -
Max iter:             1024000
Population size:      13
Crossover:            MA-MMX
Local Search:         -
Warm Start:           Mario_WS
==============================

====== Algorithm Status ======
Valor:                2965
Time:                 257
nIter:                165
Best Iter:            165
Improvement Count:    164
==============================
Solution tour: 
0 35 
9 32 49 17 
5 
2 16 47 48 40 44 38 25 30 
3 31 13 18 45 39 12 36 21 50 
7 20 37 46 
8 41 
6 43 
1 34 19 23 42 29 15 
4 
==============================

====== Algorithm Status ======
Valor:                2965
Time:                 500
nIter:                353
Best Iter:            353
Improvement Count:    352
==============================
Solution tour: 
0 35 
9 32 49 17 
5 
2 16 47 48 40 44 38 25 30 
3 31 13 18 45 39 12 36 21 50 
7 20 37 46 
8 41 
6 43 
1 34 19 23 42 29 15 
4 
==============================

====== Algorithm Status ======
Valor:                2965
Time:                 1007
nIter:                720
Best Iter:            720
Improvement Count:    719
==============================
Solution tour: 
0 35 
9 32 49 17 
5 
2 16 47 48 40 44 38 25 30 
3 31 13 18 45 39 12 36 21 50 
7 20 37 46 
8 41 
6 43 
1 34 19 23 42 29 15 
4 
==============================

====== Algorithm Status ======
Valor:                2965
Time:                 2004
nIter:                1425
Best Iter:            1425
Improvement Count:    1424
==============================
Solution tour: 
0 35 
9 32 49 17 
5 
2 16 47 48 40 44 38 25 30 
3 31 13 18 45 39 12 36 21 50 
7 20 37 46 
8 41 
6 43 
1 34 19 23 42 29 15 
4 
==============================

====== Algorithm Status ======
Valor:                2965
Time:                 4007
nIter:                2880
Best Iter:            2880
Improvement Count:    2879
==============================
Solution tour: 
0 35 
9 32 49 17 
5 
2 16 47 48 40 44 38 25 30 
3 31 13 18 45 39 12 36 21 50 
7 20 37 46 
8 41 
6 43 
1 34 19 23 42 29 15 
4 
==============================

====== Algorithm Status ======
Valor:                2965
Time:                 8000
nIter:                5720
Best Iter:            5720
Improvement Count:    5719
==============================
Solution tour: 
0 35 
9 32 49 17 
5 
2 16 47 48 40 44 38 25 30 
3 31 13 18 45 39 12 36 21 50 
7 20 37 46 
8 41 
6 43 
1 34 19 23 42 29 15 
4 
==============================

====== Algorithm Status ======
Valor:                2979
Time:                 16000
nIter:                11538
Best Iter:            11538
Improvement Count:    11537
==============================
Solution tour: 
0 35 
9 32 49 17 
5 
2 16 47 48 40 44 38 25 30 
3 31 13 18 45 39 12 36 21 50 
7 20 37 46 
8 41 
6 43 
1 34 19 23 42 29 15 27 
==============================

====== Algorithm Status ======
Valor:                2979
Time:                 32000
nIter:                23347
Best Iter:            23347
Improvement Count:    23346
==============================
Solution tour: 
0 35 
9 32 49 17 
5 
2 16 47 48 40 44 38 25 30 
3 31 13 18 45 39 12 36 21 50 
7 20 37 46 
8 41 
6 43 
1 34 19 23 42 29 15 27 
==============================

====== Algorithm Status ======
Valor:                2979
Time:                 64000
nIter:                47002
Best Iter:            47002
Improvement Count:    47001
==============================
Solution tour: 
0 35 
9 32 49 17 
5 
2 16 47 48 40 44 38 25 30 
3 31 13 18 45 39 12 36 21 50 
7 20 37 46 
8 41 
6 43 
1 34 19 23 42 29 15 27 
==============================

====== Algorithm Status ======
Valor:                2995
Time:                 128000
nIter:                98855
Best Iter:            98855
Improvement Count:    98854
==============================
Solution tour: 
0 35 
9 32 49 17 
5 16 47 48 40 44 38 25 30 
3 31 13 18 45 39 12 36 21 50 
7 20 37 46 
8 41 43 
1 34 19 23 42 29 15 27 
==============================

====== Algorithm Status ======
Valor:                3059
Time:                 256003
nIter:                196108
Best Iter:            196108
Improvement Count:    196107
==============================
Solution tour: 
0 35 32 49 17 
5 16 47 48 40 44 38 25 30 
3 31 13 18 45 39 12 36 21 50 
7 
8 46 20 41 43 
1 34 19 24 42 23 15 27 
==============================

====== Algorithm Status ======
Valor:                3094
Time:                 512000
nIter:                399436
Best Iter:            399436
Improvement Count:    399435
==============================
Solution tour: 
0 35 32 49 17 
5 16 47 48 40 44 38 25 30 
3 31 13 18 45 39 12 36 21 50 
7 
8 46 37 20 31 33 41 43 
1 34 19 24 42 23 15 27 
==============================

====== Algorithm Status ======
Valor:                3098
Time:                 1024002
nIter:                789930
Best Iter:            789930
Improvement Count:    789931
==============================
Solution tour: 
0 35 32 49 17 41 16 47 48 40 44 38 25 30 
3 31 13 18 45 39 12 36 21 36 21 50 
7 
8 46 37 20 31 33 
5 43 
1 34 19 24 42 23 15 27 
==============================

====== Algorithm Status ======
Valor:                3098
Time:                 1024002
nIter:                789930
Best Iter:            789930
Improvement Count:    789931
==============================
Solution tour: 
0 35 32 49 17 41 16 47 48 40 44 38 25 30 
3 31 13 18 45 39 12 36 21 36 21 50 
7 
8 46 37 20 31 33 
5 43 
1 34 19 24 42 23 15 27 
==============================

