=========== Input ===========
File name:                ./instances/realistic-instances/10-10-1891798.cdop
Total node count:         21
Truck node count:         10
Drone node count:         10
=============================

========== Settings ==========
Settings file:        ./settings/Memetic-LS_MMX_1287823.config
Seed:                 1287823
Reduction method:     -
Max iter:             1024000
Population size:      13
Crossover:            MA-MMX
Local Search:         -
Warm Start:           Mario_WS
==============================

====== Algorithm Status ======
Valor:                1981
Time:                 250
nIter:                934
Best Iter:            934
Improvement Count:    933
==============================
Solution tour: 
0 
7 15 
9 2 11 12 11 
2 13 
1 20 14 16 19 16 
10 16 14 18 
==============================

====== Algorithm Status ======
Valor:                1990
Time:                 500
nIter:                1884
Best Iter:            1884
Improvement Count:    1883
==============================
Solution tour: 
0 
7 15 
9 2 11 12 11 
2 13 
1 20 13 14 16 19 16 
10 16 14 18 
==============================

====== Algorithm Status ======
Valor:                1993
Time:                 1000
nIter:                4051
Best Iter:            4051
Improvement Count:    4050
==============================
Solution tour: 
0 
7 15 13 2 11 12 11 
2 13 
1 20 14 16 19 16 
10 16 14 18 
==============================

====== Algorithm Status ======
Valor:                2068
Time:                 2000
nIter:                7888
Best Iter:            7888
Improvement Count:    7887
==============================
Solution tour: 
0 
9 15 13 2 11 12 11 
2 13 
1 20 14 16 19 16 14 
10 17 
5 18 
==============================

====== Algorithm Status ======
Valor:                2068
Time:                 4000
nIter:                16371
Best Iter:            16371
Improvement Count:    16370
==============================
Solution tour: 
0 
9 15 13 2 11 12 11 
2 13 
1 20 14 16 19 16 14 
10 17 
5 18 
==============================

====== Algorithm Status ======
Valor:                2073
Time:                 8000
nIter:                32299
Best Iter:            32299
Improvement Count:    32298
==============================
Solution tour: 
0 
9 15 13 2 11 12 11 
2 13 
1 20 14 16 19 16 14 
10 17 18 
5 18 
==============================

====== Algorithm Status ======
Valor:                2075
Time:                 16000
nIter:                62649
Best Iter:            62649
Improvement Count:    62648
==============================
Solution tour: 
0 
9 15 13 2 11 12 11 
2 13 
1 13 20 14 16 19 16 14 
10 17 18 
5 18 
==============================

====== Algorithm Status ======
Valor:                2075
Time:                 32000
nIter:                121438
Best Iter:            121438
Improvement Count:    121437
==============================
Solution tour: 
0 
9 15 13 2 11 12 11 
2 13 
1 13 20 14 16 19 16 14 
10 17 18 
5 18 
==============================

====== Algorithm Status ======
Valor:                2087
Time:                 64000
nIter:                235199
Best Iter:            235199
Improvement Count:    235198
==============================
Solution tour: 
0 
9 15 13 2 11 12 11 
2 13 
1 20 18 14 16 19 16 
10 17 5 18 
==============================

====== Algorithm Status ======
Valor:                2112
Time:                 128000
nIter:                488105
Best Iter:            488105
Improvement Count:    488104
==============================
Solution tour: 
0 4 
9 15 13 1 13 2 11 12 11 
2 13 20 14 16 19 16 
10 17 18 5 18 
==============================

====== Algorithm Status ======
Valor:                2112
Time:                 256000
nIter:                1040813
Best Iter:            1040813
Improvement Count:    1040812
==============================
Solution tour: 
0 4 
9 15 13 1 13 2 11 12 11 
2 13 20 14 16 19 16 
10 17 18 5 18 
==============================

====== Algorithm Status ======
Valor:                2112
Time:                 512000
nIter:                2081138
Best Iter:            2081138
Improvement Count:    2081137
==============================
Solution tour: 
0 4 
9 15 13 1 13 2 11 12 11 
2 13 20 14 16 19 16 
10 17 18 5 18 
==============================

====== Algorithm Status ======
Valor:                2112
Time:                 1024001
nIter:                4161413
Best Iter:            4161413
Improvement Count:    4161414
==============================
Solution tour: 
0 4 
9 15 13 1 13 2 11 12 11 
2 13 20 14 16 19 16 
10 17 18 5 18 
==============================

====== Algorithm Status ======
Valor:                2112
Time:                 1024001
nIter:                4161413
Best Iter:            4161413
Improvement Count:    4161414
==============================
Solution tour: 
0 4 
9 15 13 1 13 2 11 12 11 
2 13 20 14 16 19 16 
10 17 18 5 18 
==============================

