=========== Input ===========
File name:                ./instances/realistic-instances/10-10-1110588.cdop
Total node count:         21
Truck node count:         10
Drone node count:         10
=============================

========== Settings ==========
Settings file:        ./settings/Memetic-LS_MPX_1099666.config
Seed:                 1099666
Reduction method:     -
Max iter:             1024000
Population size:      13
Crossover:            MA-MPX
Local Search:         -
Warm Start:           Mario_WS
==============================

====== Algorithm Status ======
Valor:                1593
Time:                 250
nIter:                700
Best Iter:            700
Improvement Count:    699
==============================
Solution tour: 
0 
4 2 12 
2 4 
8 16 
1 14 13 4 11 
6 
9 
7 
5 10 5 19 15 18 20 
10 
3 
==============================

====== Algorithm Status ======
Valor:                1623
Time:                 500
nIter:                1495
Best Iter:            1495
Improvement Count:    1494
==============================
Solution tour: 
0 
6 
9 
7 
5 10 5 19 15 18 20 
10 
8 16 
3 
1 14 13 4 11 
4 2 12 
2 4 
==============================

====== Algorithm Status ======
Valor:                1623
Time:                 1000
nIter:                3052
Best Iter:            3052
Improvement Count:    3051
==============================
Solution tour: 
0 
6 
9 
7 
5 10 5 19 15 18 20 
10 
8 16 
3 
1 14 13 4 11 
4 2 12 
2 4 
==============================

====== Algorithm Status ======
Valor:                1635
Time:                 2000
nIter:                5978
Best Iter:            5978
Improvement Count:    5977
==============================
Solution tour: 
0 1 
9 
7 
6 
5 10 5 19 15 18 20 
10 
8 16 
3 
1 14 13 4 11 
4 2 12 
2 4 
==============================

====== Algorithm Status ======
Valor:                1656
Time:                 4000
nIter:                12035
Best Iter:            12035
Improvement Count:    12034
==============================
Solution tour: 
0 
6 17 
9 
7 
5 10 5 19 15 18 20 
10 
8 16 
3 
1 14 13 4 11 
4 2 12 
2 4 
==============================

====== Algorithm Status ======
Valor:                1656
Time:                 8000
nIter:                23606
Best Iter:            23606
Improvement Count:    23605
==============================
Solution tour: 
0 
6 17 
9 
7 
5 10 5 19 15 18 20 
10 
8 16 
3 
1 14 13 4 11 
4 2 12 
2 4 
==============================

====== Algorithm Status ======
Valor:                1656
Time:                 16000
nIter:                47463
Best Iter:            47463
Improvement Count:    47462
==============================
Solution tour: 
0 
6 17 
9 
7 
5 10 5 19 15 18 20 
10 
8 16 
3 
1 14 13 4 11 
4 2 12 
2 4 
==============================

====== Algorithm Status ======
Valor:                1656
Time:                 32000
nIter:                96178
Best Iter:            96178
Improvement Count:    96177
==============================
Solution tour: 
0 
6 17 
9 
7 
5 10 5 19 15 18 20 
10 
8 16 
3 
1 14 13 4 11 
4 2 12 
2 4 
==============================

====== Algorithm Status ======
Valor:                1663
Time:                 64000
nIter:                188887
Best Iter:            188887
Improvement Count:    188886
==============================
Solution tour: 
0 19 14 
6 17 
9 
7 
5 10 5 19 15 18 20 11 
8 16 
3 
1 14 13 4 11 
4 2 12 
2 4 
==============================

====== Algorithm Status ======
Valor:                1663
Time:                 128000
nIter:                347936
Best Iter:            347936
Improvement Count:    347935
==============================
Solution tour: 
0 19 14 
6 17 
9 
7 
5 10 5 19 15 18 20 11 
8 16 
3 
1 14 13 4 11 
4 2 12 
2 4 
==============================

====== Algorithm Status ======
Valor:                1664
Time:                 256000
nIter:                683653
Best Iter:            683653
Improvement Count:    683652
==============================
Solution tour: 
0 19 14 6 17 
9 
7 
5 10 5 14 15 18 20 11 
8 16 
3 
10 
1 14 13 4 11 
4 2 12 
2 4 
==============================

====== Algorithm Status ======
Valor:                1664
Time:                 512000
nIter:                1323770
Best Iter:            1323770
Improvement Count:    1323769
==============================
Solution tour: 
0 19 14 6 17 
9 
7 
5 10 5 14 15 18 20 11 
8 16 
3 
10 
1 14 13 4 11 
4 2 12 
2 4 
==============================

====== Algorithm Status ======
Valor:                1689
Time:                 1024001
nIter:                2637968
Best Iter:            2637968
Improvement Count:    2637969
==============================
Solution tour: 
0 19 14 
1 14 13 4 11 
6 11 18 15 
9 
7 
5 10 5 14 15 18 20 
10 
8 16 
3 
2 
4 2 12 13 
==============================

====== Algorithm Status ======
Valor:                1689
Time:                 1024001
nIter:                2637968
Best Iter:            2637968
Improvement Count:    2637969
==============================
Solution tour: 
0 19 14 
1 14 13 4 11 
6 11 18 15 
9 
7 
5 10 5 14 15 18 20 
10 
8 16 
3 
2 
4 2 12 13 
==============================

