=========== Input ===========
File name:                ./instances/realistic-instances/10-10-1891798.cdop
Total node count:         21
Truck node count:         10
Drone node count:         10
=============================

========== Settings ==========
Settings file:        ./settings/Memetic-LS_MMX_1099666.config
Seed:                 1099666
Reduction method:     -
Max iter:             1024000
Population size:      13
Crossover:            MA-MMX
Local Search:         -
Warm Start:           Mario_WS
==============================

====== Algorithm Status ======
Valor:                1998
Time:                 250
nIter:                840
Best Iter:            840
Improvement Count:    839
==============================
Solution tour: 
0 
7 9 15 
9 2 12 11 
2 13 
1 20 14 16 19 16 14 18 
5 18 14 10 
8 
10 17 
==============================

====== Algorithm Status ======
Valor:                2040
Time:                 500
nIter:                1916
Best Iter:            1916
Improvement Count:    1915
==============================
Solution tour: 
0 
7 9 15 
9 2 12 2 11 
2 13 
1 20 14 16 19 16 14 18 
5 14 10 17 
==============================

====== Algorithm Status ======
Valor:                2040
Time:                 1000
nIter:                4060
Best Iter:            4060
Improvement Count:    4059
==============================
Solution tour: 
0 
7 9 15 
9 2 12 2 11 
2 13 
1 20 14 16 19 16 14 18 
5 14 10 17 
==============================

====== Algorithm Status ======
Valor:                2040
Time:                 2000
nIter:                7865
Best Iter:            7865
Improvement Count:    7864
==============================
Solution tour: 
0 
7 9 15 
9 2 12 2 11 
2 13 
1 20 14 16 19 16 14 18 
5 14 10 17 
==============================

====== Algorithm Status ======
Valor:                2040
Time:                 4000
nIter:                16142
Best Iter:            16142
Improvement Count:    16141
==============================
Solution tour: 
0 
7 9 15 
9 2 12 2 11 
2 13 
1 20 14 16 19 16 14 18 
5 14 10 17 
==============================

====== Algorithm Status ======
Valor:                2040
Time:                 8000
nIter:                31475
Best Iter:            31475
Improvement Count:    31474
==============================
Solution tour: 
0 
7 9 15 
9 2 12 2 11 
2 13 
1 20 14 16 19 16 14 18 
5 14 10 17 
==============================

====== Algorithm Status ======
Valor:                2084
Time:                 16000
nIter:                62046
Best Iter:            62046
Improvement Count:    62045
==============================
Solution tour: 
0 9 15 
9 2 13 2 11 
2 12 
1 20 14 16 19 16 14 18 
5 17 10 17 
==============================

====== Algorithm Status ======
Valor:                2093
Time:                 32000
nIter:                123467
Best Iter:            123467
Improvement Count:    123466
==============================
Solution tour: 
0 9 15 
9 2 13 2 11 
2 12 
1 20 14 16 19 16 14 18 
5 18 14 10 17 
==============================

====== Algorithm Status ======
Valor:                2093
Time:                 64000
nIter:                243579
Best Iter:            243579
Improvement Count:    243578
==============================
Solution tour: 
0 9 15 
9 2 13 2 11 
2 12 
1 20 14 16 19 16 14 18 
5 18 14 10 17 
==============================

====== Algorithm Status ======
Valor:                2093
Time:                 128000
nIter:                504353
Best Iter:            504353
Improvement Count:    504352
==============================
Solution tour: 
0 9 15 
9 2 13 2 11 
2 12 
1 20 14 16 19 16 14 18 
5 18 14 10 17 
==============================

====== Algorithm Status ======
Valor:                2093
Time:                 256000
nIter:                1067266
Best Iter:            1067266
Improvement Count:    1067265
==============================
Solution tour: 
0 9 15 
9 2 13 2 11 
2 12 
1 20 14 16 19 16 14 18 
5 18 14 10 17 
==============================

====== Algorithm Status ======
Valor:                2097
Time:                 512000
nIter:                2130935
Best Iter:            2130935
Improvement Count:    2130934
==============================
Solution tour: 
0 15 
9 2 13 2 11 12 11 
2 12 
1 20 14 16 19 16 14 18 
5 18 17 
==============================

====== Algorithm Status ======
Valor:                2107
Time:                 1024001
nIter:                4194828
Best Iter:            4194828
Improvement Count:    4194829
==============================
Solution tour: 
0 4 
9 2 13 2 11 12 11 
2 12 
1 13 20 14 16 19 16 14 18 
5 18 15 17 
==============================

====== Algorithm Status ======
Valor:                2107
Time:                 1024001
nIter:                4194828
Best Iter:            4194828
Improvement Count:    4194829
==============================
Solution tour: 
0 4 
9 2 13 2 11 12 11 
2 12 
1 13 20 14 16 19 16 14 18 
5 18 15 17 
==============================

