=========== Input ===========
File name:                ./instances/realistic-instances/15-25-1891798.cdop
Total node count:         41
Truck node count:         15
Drone node count:         25
=============================

========== Settings ==========
Settings file:        ./settings/Memetic_MPX_1099666.config
Seed:                 1099666
Reduction method:     -
Max iter:             1024000
Population size:      13
Crossover:            MA-MPX
Local Search:         LS
Warm Start:           Mario_WS
==============================

====== Algorithm Status ======
Valor:                2032
Time:                 254
nIter:                58
Best Iter:            58
Improvement Count:    57
==============================
Solution tour: 
0 40 16 35 37 24 33 19 18 
6 22 6 
4 
8 27 
13 
14 11 
1 
15 0 15 
3 28 25 31 23 21 36 32 34 
9 
12 29 24 30 39 
11 17 20 
7 38 
10 
5 
2 
==============================

====== Algorithm Status ======
Valor:                2039
Time:                 500
nIter:                121
Best Iter:            121
Improvement Count:    120
==============================
Solution tour: 
0 15 
3 
5 28 25 31 
14 11 17 
1 
11 29 30 24 39 36 23 38 
2 
7 
10 27 
13 
12 
9 
15 33 40 16 21 
4 
6 22 6 4 
8 18 15 
==============================

====== Algorithm Status ======
Valor:                2174
Time:                 1001
nIter:                254
Best Iter:            254
Improvement Count:    253
==============================
Solution tour: 
0 15 0 
2 38 17 
11 29 30 24 39 36 32 34 23 31 21 25 38 28 
1 
7 
3 
5 
10 27 
13 18 
15 33 19 40 37 26 35 16 
9 
12 
14 11 25 20 
8 4 
6 22 6 
==============================

====== Algorithm Status ======
Valor:                2197
Time:                 2001
nIter:                529
Best Iter:            529
Improvement Count:    528
==============================
Solution tour: 
0 15 0 
1 
11 29 30 24 39 36 32 34 23 31 21 25 38 
2 38 28 17 
7 
3 
5 
10 27 
13 18 
15 33 19 40 16 
9 
12 
14 11 20 
8 4 
6 22 6 
==============================

====== Algorithm Status ======
Valor:                2227
Time:                 4001
nIter:                1078
Best Iter:            1078
Improvement Count:    1077
==============================
Solution tour: 
0 15 0 17 
1 
11 29 30 24 39 36 32 34 23 31 21 25 38 
2 
7 28 
3 
5 
10 27 
13 18 
15 33 19 40 37 35 16 
9 
12 11 
14 11 20 
8 4 
6 22 6 
==============================

====== Algorithm Status ======
Valor:                2239
Time:                 8001
nIter:                2072
Best Iter:            2072
Improvement Count:    2071
==============================
Solution tour: 
0 15 0 17 
1 
11 29 30 24 39 36 32 34 23 31 21 25 38 
2 38 
7 28 
3 
5 
10 27 
13 18 
15 33 26 19 40 37 35 16 
9 
12 11 20 
8 4 
6 22 6 
==============================

====== Algorithm Status ======
Valor:                2239
Time:                 16000
nIter:                3968
Best Iter:            3968
Improvement Count:    3967
==============================
Solution tour: 
0 15 0 17 
1 
11 29 30 24 39 36 32 34 23 31 21 25 38 
2 38 
7 28 
3 
5 
10 27 
13 18 
15 33 26 19 40 37 35 16 
9 
12 11 20 
8 4 
6 22 6 
==============================

====== Algorithm Status ======
Valor:                2280
Time:                 32001
nIter:                7747
Best Iter:            7747
Improvement Count:    7746
==============================
Solution tour: 
0 15 0 17 
7 28 
3 
5 
10 27 
13 18 
14 
15 33 40 37 35 26 19 40 16 
9 
6 22 6 
12 34 23 20 
1 
11 29 30 24 39 36 32 36 34 23 31 21 25 38 
2 38 
==============================

====== Algorithm Status ======
Valor:                2304
Time:                 64003
nIter:                14977
Best Iter:            14977
Improvement Count:    14976
==============================
Solution tour: 
0 15 0 17 28 
7 
3 
5 
10 27 
13 18 
14 
15 33 27 37 26 19 40 16 
9 
6 22 6 
12 34 23 20 
1 
11 29 30 24 39 36 32 36 34 23 31 21 25 38 
2 38 
==============================

====== Algorithm Status ======
Valor:                2304
Time:                 128003
nIter:                28410
Best Iter:            28410
Improvement Count:    28409
==============================
Solution tour: 
0 15 0 17 28 
7 
3 
5 
10 27 
13 18 
14 
15 33 27 37 26 19 40 16 
9 
6 22 6 
12 34 23 20 
1 
11 29 30 24 39 36 32 36 34 23 31 21 25 38 
2 38 
==============================

====== Algorithm Status ======
Valor:                2307
Time:                 256003
nIter:                59021
Best Iter:            59021
Improvement Count:    59020
==============================
Solution tour: 
0 15 0 3 28 21 
7 31 38 
2 38 25 39 24 30 29 34 36 32 17 
1 
3 
5 
10 27 
13 18 
14 
15 33 27 37 26 19 40 16 
9 
6 22 6 
12 34 23 20 
==============================

====== Algorithm Status ======
Valor:                2307
Time:                 512000
nIter:                117035
Best Iter:            117035
Improvement Count:    117034
==============================
Solution tour: 
0 15 0 3 28 21 
7 31 38 
2 38 25 39 24 30 29 34 36 32 17 
1 
3 
5 
10 27 
13 18 
14 
15 33 27 37 26 19 40 16 
9 
6 22 6 
12 34 23 20 
==============================

====== Algorithm Status ======
Valor:                2344
Time:                 1024005
nIter:                231707
Best Iter:            231707
Improvement Count:    231708
==============================
Solution tour: 
0 
7 28 20 21 23 31 38 
2 38 25 39 24 30 29 32 34 17 32 36 32 33 
15 27 37 26 19 40 16 
9 
12 
6 22 6 
11 
1 15 0 
10 
5 
3 0 15 27 
13 18 
14 11 
==============================

====== Algorithm Status ======
Valor:                2344
Time:                 1024005
nIter:                231707
Best Iter:            231707
Improvement Count:    231708
==============================
Solution tour: 
0 
7 28 20 21 23 31 38 
2 38 25 39 24 30 29 32 34 17 32 36 32 33 
15 27 37 26 19 40 16 
9 
12 
6 22 6 
11 
1 15 0 
10 
5 
3 0 15 27 
13 18 
14 11 
==============================

