=========== Input ===========
File name:                ./instances/realistic-instances/10-40-1917698.cdop
Total node count:         51
Truck node count:         10
Drone node count:         40
=============================

========== Settings ==========
Settings file:        ./settings/Memetic_MPX_1099666.config
Seed:                 1099666
Reduction method:     -
Max iter:             1024000
Population size:      13
Crossover:            MA-MPX
Local Search:         LS
Warm Start:           Mario_WS
==============================

====== Algorithm Status ======
Valor:                3125
Time:                 250
nIter:                24
Best Iter:            24
Improvement Count:    23
==============================
Solution tour: 
0 48 41 34 32 29 35 25 49 40 17 16 28 45 
3 22 33 30 24 29 27 14 19 14 46 2 
10 
8 23 
9 39 18 20 42 15 13 15 50 21 31 21 
5 37 
4 8 11 38 
6 
7 30 16 19 46 43 44 47 44 
1 
==============================

====== Algorithm Status ======
Valor:                3283
Time:                 504
nIter:                53
Best Iter:            53
Improvement Count:    52
==============================
Solution tour: 
0 48 41 34 32 35 37 25 49 40 17 45 
3 22 33 30 19 50 20 24 29 27 14 46 2 47 44 
1 23 43 28 
9 11 12 39 18 20 42 15 13 15 50 27 31 27 21 
5 
4 8 11 38 
6 
7 26 38 35 25 16 
8 
2 
==============================

====== Algorithm Status ======
Valor:                3283
Time:                 1004
nIter:                98
Best Iter:            98
Improvement Count:    97
==============================
Solution tour: 
0 48 41 34 32 35 37 25 49 40 17 45 
3 22 33 30 19 50 20 24 29 27 14 46 2 47 44 
1 23 43 28 
9 11 12 39 18 20 42 15 13 15 50 27 31 27 21 
5 
4 8 11 38 
6 
7 26 38 35 25 16 
8 
2 
==============================

====== Algorithm Status ======
Valor:                3302
Time:                 2007
nIter:                195
Best Iter:            195
Improvement Count:    194
==============================
Solution tour: 
0 34 41 48 32 37 25 49 40 17 45 
3 22 33 30 19 50 15 24 29 31 27 14 46 2 47 44 
1 23 28 43 
9 12 39 18 20 42 15 13 15 21 
5 
4 8 11 38 
6 
7 26 38 35 25 16 
8 
2 
==============================

====== Algorithm Status ======
Valor:                3302
Time:                 4005
nIter:                384
Best Iter:            384
Improvement Count:    383
==============================
Solution tour: 
0 34 41 48 32 37 25 49 40 17 45 
3 22 33 30 19 50 15 24 29 31 27 14 46 2 47 44 
1 23 28 43 
9 12 39 18 20 42 15 13 15 21 
5 
4 8 11 38 
6 
7 26 38 35 25 16 
8 
2 
==============================

====== Algorithm Status ======
Valor:                3302
Time:                 8001
nIter:                760
Best Iter:            760
Improvement Count:    759
==============================
Solution tour: 
0 34 41 48 32 37 25 49 40 17 45 
3 22 33 30 19 50 15 24 29 31 27 14 46 2 47 44 
1 23 28 43 
9 12 39 18 20 42 15 13 15 21 
5 
4 8 11 38 
6 
7 26 38 35 25 16 
8 
2 
==============================

====== Algorithm Status ======
Valor:                3313
Time:                 16006
nIter:                1544
Best Iter:            1544
Improvement Count:    1543
==============================
Solution tour: 
0 34 41 48 32 37 25 49 40 17 45 
3 22 33 30 19 50 15 24 29 31 27 14 46 2 47 44 
1 23 28 43 44 
9 39 18 20 42 15 13 15 21 
5 
4 8 11 38 
6 
7 26 38 35 25 16 
8 
2 
==============================

====== Algorithm Status ======
Valor:                3313
Time:                 32009
nIter:                3103
Best Iter:            3103
Improvement Count:    3102
==============================
Solution tour: 
0 34 41 48 32 37 25 49 40 17 45 
3 22 33 30 19 50 15 24 29 31 27 14 46 2 47 44 
1 23 28 43 44 
9 39 18 20 42 15 13 15 21 
5 
4 8 11 38 
6 
7 26 38 35 25 16 
8 
2 
==============================

====== Algorithm Status ======
Valor:                3364
Time:                 64006
nIter:                6211
Best Iter:            6211
Improvement Count:    6210
==============================
Solution tour: 
0 48 41 34 32 49 40 17 45 
3 22 30 19 50 20 24 29 27 31 14 46 
2 47 44 
1 23 28 43 44 
9 39 18 20 42 15 13 15 21 
5 33 
4 8 11 12 38 
6 
7 38 35 37 25 16 
8 
10 
==============================

====== Algorithm Status ======
Valor:                3423
Time:                 128001
nIter:                12816
Best Iter:            12816
Improvement Count:    12815
==============================
Solution tour: 
0 48 34 32 49 40 17 45 28 43 44 
9 39 46 14 19 14 18 20 42 15 13 15 21 
5 33 30 
4 8 23 12 38 
6 
7 38 35 37 25 16 41 11 47 44 
1 
3 22 50 15 24 29 27 31 
8 
10 
2 
==============================

====== Algorithm Status ======
Valor:                3451
Time:                 256030
nIter:                25290
Best Iter:            25290
Improvement Count:    25289
==============================
Solution tour: 
0 48 34 32 49 40 17 45 28 43 44 
9 19 14 46 39 18 20 42 15 13 15 21 
5 30 33 
4 8 23 12 38 
7 38 35 37 25 16 41 11 44 47 44 
1 
3 22 50 15 24 29 27 31 
8 
10 
2 
==============================

====== Algorithm Status ======
Valor:                3451
Time:                 512005
nIter:                49786
Best Iter:            49786
Improvement Count:    49785
==============================
Solution tour: 
0 48 34 32 49 40 17 45 28 43 44 
9 19 14 46 39 18 20 42 15 13 15 21 
5 30 33 
4 8 23 12 38 
7 38 35 37 25 16 41 11 44 47 44 
1 
3 22 50 15 24 29 27 31 
8 
10 
2 
==============================

====== Algorithm Status ======
Valor:                3451
Time:                 1024004
nIter:                97920
Best Iter:            97920
Improvement Count:    97921
==============================
Solution tour: 
0 48 34 32 49 40 17 45 28 43 44 
9 19 14 46 39 18 20 42 15 13 15 21 
5 30 33 
4 8 23 12 38 
7 38 35 37 25 16 41 11 44 47 44 
1 
3 22 50 15 24 29 27 31 
8 
10 
2 
==============================

====== Algorithm Status ======
Valor:                3451
Time:                 1024004
nIter:                97920
Best Iter:            97920
Improvement Count:    97921
==============================
Solution tour: 
0 48 34 32 49 40 17 45 28 43 44 
9 19 14 46 39 18 20 42 15 13 15 21 
5 30 33 
4 8 23 12 38 
7 38 35 37 25 16 41 11 44 47 44 
1 
3 22 50 15 24 29 27 31 
8 
10 
2 
==============================

