=========== Input ===========
File name:                ./instances/realistic-instances/10-25-1767920.cdop
Total node count:         36
Truck node count:         10
Drone node count:         25
=============================

========== Settings ==========
Settings file:        ./settings/Memetic-LS_MPX_1881515.config
Seed:                 1881515
Reduction method:     -
Max iter:             1024000
Population size:      13
Crossover:            MA-MPX
Local Search:         -
Warm Start:           Mario_WS
==============================

====== Algorithm Status ======
Valor:                2067
Time:                 251
nIter:                270
Best Iter:            270
Improvement Count:    269
==============================
Solution tour: 
0 27 28 35 29 
4 13 
8 
5 32 31 18 15 20 26 19 
3 
7 
1 
6 17 11 34 30 33 23 
9 16 25 16 21 24 
2 
==============================

====== Algorithm Status ======
Valor:                2067
Time:                 500
nIter:                549
Best Iter:            549
Improvement Count:    548
==============================
Solution tour: 
0 27 28 35 29 
4 13 
8 
5 32 31 18 15 20 26 19 
3 
7 
1 
6 17 11 34 30 33 23 
9 16 25 16 21 24 
2 
==============================

====== Algorithm Status ======
Valor:                2067
Time:                 1000
nIter:                1098
Best Iter:            1098
Improvement Count:    1097
==============================
Solution tour: 
0 27 28 35 29 
4 13 
8 
5 32 31 18 15 20 26 19 
3 
7 
1 
6 17 11 34 30 33 23 
9 16 25 16 21 24 
2 
==============================

====== Algorithm Status ======
Valor:                2067
Time:                 2000
nIter:                2309
Best Iter:            2309
Improvement Count:    2308
==============================
Solution tour: 
0 27 28 35 29 
4 13 
8 
5 32 31 18 15 20 26 19 
3 
7 
1 
6 17 11 34 30 33 23 
9 16 25 16 21 24 
2 
==============================

====== Algorithm Status ======
Valor:                2067
Time:                 4000
nIter:                4592
Best Iter:            4592
Improvement Count:    4591
==============================
Solution tour: 
0 27 28 35 29 
4 13 
8 
5 32 31 18 15 20 26 19 
3 
7 
1 
6 17 11 34 30 33 23 
9 16 25 16 21 24 
2 
==============================

====== Algorithm Status ======
Valor:                2067
Time:                 8000
nIter:                9315
Best Iter:            9315
Improvement Count:    9314
==============================
Solution tour: 
0 27 28 35 29 
4 13 
8 
5 32 31 18 15 20 26 19 
3 
7 
1 
6 17 11 34 30 33 23 
9 16 25 16 21 24 
2 
==============================

====== Algorithm Status ======
Valor:                2067
Time:                 16000
nIter:                18578
Best Iter:            18578
Improvement Count:    18577
==============================
Solution tour: 
0 27 28 35 29 
4 13 
8 
5 32 31 18 15 20 26 19 
3 
7 
1 
6 17 11 34 30 33 23 
9 16 25 16 21 24 
2 
==============================

====== Algorithm Status ======
Valor:                2067
Time:                 32000
nIter:                37849
Best Iter:            37849
Improvement Count:    37848
==============================
Solution tour: 
0 27 28 35 29 
4 13 
8 
5 32 31 18 15 20 26 19 
3 
7 
1 
6 17 11 34 30 33 23 
9 16 25 16 21 24 
2 
==============================

====== Algorithm Status ======
Valor:                2090
Time:                 64000
nIter:                79390
Best Iter:            79390
Improvement Count:    79389
==============================
Solution tour: 
0 
6 17 11 34 30 33 23 
4 16 25 16 21 24 
2 27 
7 
1 
9 12 13 
8 
5 32 31 18 15 20 26 19 
3 
10 35 29 
==============================

====== Algorithm Status ======
Valor:                2157
Time:                 128000
nIter:                160117
Best Iter:            160117
Improvement Count:    160116
==============================
Solution tour: 
0 
6 27 
9 28 34 30 15 23 33 16 25 16 21 24 
2 17 
1 11 13 
8 
5 32 31 18 
4 20 26 19 
3 
10 35 29 
==============================

====== Algorithm Status ======
Valor:                2157
Time:                 256000
nIter:                309684
Best Iter:            309684
Improvement Count:    309683
==============================
Solution tour: 
0 
6 27 
9 28 34 30 15 23 33 16 25 16 21 24 
2 17 
1 11 13 
8 
5 32 31 18 
4 20 26 19 
3 
10 35 29 
==============================

====== Algorithm Status ======
Valor:                2193
Time:                 512000
nIter:                627718
Best Iter:            627718
Improvement Count:    627717
==============================
Solution tour: 
0 
9 27 28 33 23 15 34 16 25 16 21 24 
2 
7 17 
6 
1 11 13 
8 
5 32 31 18 
4 
10 19 
3 20 29 
==============================

====== Algorithm Status ======
Valor:                2246
Time:                 1024001
nIter:                1249100
Best Iter:            1249100
Improvement Count:    1249101
==============================
Solution tour: 
0 12 17 
6 
9 27 28 33 23 15 34 16 25 16 21 24 
2 
1 11 13 
8 
5 32 31 18 
4 13 19 
3 20 29 26 35 
10 
==============================

====== Algorithm Status ======
Valor:                2246
Time:                 1024001
nIter:                1249100
Best Iter:            1249100
Improvement Count:    1249101
==============================
Solution tour: 
0 12 17 
6 
9 27 28 33 23 15 34 16 25 16 21 24 
2 
1 11 13 
8 
5 32 31 18 
4 13 19 
3 20 29 26 35 
10 
==============================

