=========== Input ===========
File name:                ./instances/realistic-instances/10-40-1917698.cdop
Total node count:         51
Truck node count:         10
Drone node count:         40
=============================

========== Settings ==========
Settings file:        ./settings/Memetic_MMX_1287823.config
Seed:                 1287823
Reduction method:     -
Max iter:             1024000
Population size:      13
Crossover:            MA-MMX
Local Search:         LS
Warm Start:           Mario_WS
==============================

====== Algorithm Status ======
Valor:                3459
Time:                 254
nIter:                28
Best Iter:            28
Improvement Count:    27
==============================
Solution tour: 
0 34 32 41 48 39 46 19 14 27 31 27 29 24 15 13 15 42 15 50 28 43 23 45 44 
6 33 30 21 18 16 25 49 40 17 37 35 38 20 11 47 44 3 22 3 12 11 41 
==============================

====== Algorithm Status ======
Valor:                3475
Time:                 507
nIter:                70
Best Iter:            70
Improvement Count:    69
==============================
Solution tour: 
0 34 32 41 48 39 46 14 27 31 27 29 24 20 15 13 15 42 50 19 28 43 23 45 44 
6 33 30 21 18 16 25 49 40 17 37 35 38 11 47 44 3 22 3 12 11 41 11 
==============================

====== Algorithm Status ======
Valor:                3488
Time:                 1002
nIter:                131
Best Iter:            131
Improvement Count:    130
==============================
Solution tour: 
0 34 32 41 48 39 46 14 31 27 29 24 20 15 13 15 42 15 50 19 28 43 23 45 44 
6 33 30 21 18 16 25 49 40 17 37 35 38 11 47 44 3 22 3 12 11 41 11 
==============================

====== Algorithm Status ======
Valor:                3488
Time:                 2007
nIter:                238
Best Iter:            238
Improvement Count:    237
==============================
Solution tour: 
0 34 32 41 48 39 46 14 31 27 29 24 20 15 13 15 42 15 50 19 28 43 23 45 44 
6 33 30 21 18 16 25 49 40 17 37 35 38 11 47 44 3 22 3 12 11 41 11 
==============================

====== Algorithm Status ======
Valor:                3509
Time:                 4005
nIter:                484
Best Iter:            484
Improvement Count:    483
==============================
Solution tour: 
0 34 32 41 48 39 46 14 19 31 27 29 24 42 20 15 13 15 50 27 31 43 28 23 45 44 
6 33 30 21 14 18 16 25 49 40 17 37 35 38 11 47 44 3 22 3 12 11 41 11 
==============================

====== Algorithm Status ======
Valor:                3509
Time:                 8002
nIter:                950
Best Iter:            950
Improvement Count:    949
==============================
Solution tour: 
0 34 32 41 48 39 46 14 19 31 27 29 24 42 20 15 13 15 50 27 31 43 28 23 45 44 
6 33 30 21 14 18 16 25 49 40 17 37 35 38 11 47 44 3 22 3 12 11 41 11 
==============================

====== Algorithm Status ======
Valor:                3509
Time:                 16003
nIter:                1860
Best Iter:            1860
Improvement Count:    1859
==============================
Solution tour: 
0 34 32 41 48 39 46 14 19 31 27 29 24 42 20 15 13 15 50 27 31 43 28 23 45 44 
6 33 30 21 14 18 16 25 49 40 17 37 35 38 11 47 44 3 22 3 12 11 41 11 
==============================

====== Algorithm Status ======
Valor:                3509
Time:                 32026
nIter:                3689
Best Iter:            3689
Improvement Count:    3688
==============================
Solution tour: 
0 34 32 41 48 39 46 14 19 27 31 27 29 24 42 20 15 13 15 50 43 28 23 45 44 
6 33 30 21 18 16 25 49 40 17 37 35 38 35 36 10 47 44 3 22 3 12 11 41 11 
==============================

====== Algorithm Status ======
Valor:                3509
Time:                 64004
nIter:                7390
Best Iter:            7390
Improvement Count:    7389
==============================
Solution tour: 
0 34 32 41 48 39 46 14 19 27 31 27 29 24 42 20 15 13 15 50 43 28 23 45 44 
6 33 30 21 18 16 25 49 40 17 37 35 38 35 36 10 47 44 3 22 3 12 11 41 11 
==============================

====== Algorithm Status ======
Valor:                3509
Time:                 128008
nIter:                15227
Best Iter:            15227
Improvement Count:    15226
==============================
Solution tour: 
0 34 32 41 48 39 46 14 19 27 31 27 29 24 42 20 15 13 15 50 43 28 23 45 44 
6 33 30 21 18 16 25 49 40 17 37 35 38 35 36 10 47 44 3 22 3 12 11 41 11 
==============================

====== Algorithm Status ======
Valor:                3521
Time:                 256003
nIter:                29433
Best Iter:            29433
Improvement Count:    29432
==============================
Solution tour: 
0 34 32 48 39 46 14 27 29 24 42 20 15 13 15 50 43 28 23 45 44 
6 33 30 21 31 19 14 18 16 25 49 40 17 37 35 38 35 36 
10 47 44 3 22 3 12 11 41 11 
==============================

====== Algorithm Status ======
Valor:                3559
Time:                 512000
nIter:                55362
Best Iter:            55362
Improvement Count:    55361
==============================
Solution tour: 
0 34 32 29 27 50 15 13 15 20 42 24 15 21 31 14 46 39 48 39 46 43 28 23 45 44 
6 33 30 19 14 18 16 25 49 40 17 37 35 38 35 36 
10 47 44 3 22 3 12 11 41 11 
==============================

====== Algorithm Status ======
Valor:                3559
Time:                 1024011
nIter:                106472
Best Iter:            106472
Improvement Count:    106473
==============================
Solution tour: 
0 34 32 29 27 50 15 13 15 20 42 24 15 21 31 14 46 39 48 39 46 43 28 23 45 44 
6 33 30 19 14 18 16 25 49 40 17 37 35 38 35 36 
10 47 44 3 22 3 12 11 41 11 
==============================

====== Algorithm Status ======
Valor:                3559
Time:                 1024011
nIter:                106472
Best Iter:            106472
Improvement Count:    106473
==============================
Solution tour: 
0 34 32 29 27 50 15 13 15 20 42 24 15 21 31 14 46 39 48 39 46 43 28 23 45 44 
6 33 30 19 14 18 16 25 49 40 17 37 35 38 35 36 
10 47 44 3 22 3 12 11 41 11 
==============================

