=========== Input ===========
File name:                ./instances/realistic-instances/15-10-1767920.cdop
Total node count:         26
Truck node count:         15
Drone node count:         10
=============================

========== Settings ==========
Settings file:        ./settings/Memetic-LS_MPX_1287823.config
Seed:                 1287823
Reduction method:     -
Max iter:             1024000
Population size:      13
Crossover:            MA-MPX
Local Search:         -
Warm Start:           Mario_WS
==============================

====== Algorithm Status ======
Valor:                1741
Time:                 250
nIter:                539
Best Iter:            539
Improvement Count:    538
==============================
Solution tour: 
0 
15 
6 
5 
3 
1 
14 
12 
9 10 24 
10 23 21 17 
4 2 18 
2 25 9 7 16 7 19 
7 
11 
13 20 
8 
==============================

====== Algorithm Status ======
Valor:                1754
Time:                 500
nIter:                1186
Best Iter:            1186
Improvement Count:    1185
==============================
Solution tour: 
0 
5 
6 
15 
14 
1 
3 
12 
9 10 24 
10 23 21 17 
4 2 18 
2 25 9 7 16 7 19 
7 
11 
13 20 
8 
==============================

====== Algorithm Status ======
Valor:                1754
Time:                 1000
nIter:                2312
Best Iter:            2312
Improvement Count:    2311
==============================
Solution tour: 
0 
5 
6 
15 
14 
1 
3 
12 
9 10 24 
10 23 21 17 
4 2 18 
2 25 9 7 16 7 19 
7 
11 
13 20 
8 
==============================

====== Algorithm Status ======
Valor:                1754
Time:                 2000
nIter:                4846
Best Iter:            4846
Improvement Count:    4845
==============================
Solution tour: 
0 
5 
6 
15 
14 
1 
3 
12 
9 10 24 
10 23 21 17 
4 2 18 
2 25 9 7 16 7 19 
7 
11 
13 20 
8 
==============================

====== Algorithm Status ======
Valor:                1754
Time:                 4000
nIter:                9455
Best Iter:            9455
Improvement Count:    9454
==============================
Solution tour: 
0 
5 
6 
15 
14 
1 
3 
12 
9 10 24 
10 23 21 17 
4 2 18 
2 25 9 7 16 7 19 
7 
11 
13 20 
8 
==============================

====== Algorithm Status ======
Valor:                1754
Time:                 8000
nIter:                18765
Best Iter:            18765
Improvement Count:    18764
==============================
Solution tour: 
0 
5 
6 
15 
14 
1 
3 
12 
9 10 24 
10 23 21 17 
4 2 18 
2 25 9 7 16 7 19 
7 
11 
13 20 
8 
==============================

====== Algorithm Status ======
Valor:                1754
Time:                 16000
nIter:                36614
Best Iter:            36614
Improvement Count:    36613
==============================
Solution tour: 
0 
5 
6 
15 
14 
1 
3 
12 
9 10 24 
10 23 21 17 
4 2 18 
2 25 9 7 16 7 19 
7 
11 
13 20 
8 
==============================

====== Algorithm Status ======
Valor:                1754
Time:                 32000
nIter:                71260
Best Iter:            71260
Improvement Count:    71259
==============================
Solution tour: 
0 
5 
6 
15 
14 
1 
3 
12 
9 10 24 
10 23 21 17 
4 2 18 
2 25 9 7 16 7 19 
7 
11 
13 20 
8 
==============================

====== Algorithm Status ======
Valor:                1754
Time:                 64000
nIter:                139159
Best Iter:            139159
Improvement Count:    139158
==============================
Solution tour: 
0 
5 
6 
15 
14 
1 
3 
12 
9 10 24 
10 23 21 17 
4 2 18 
2 25 9 7 16 7 19 
7 
11 
13 20 
8 
==============================

====== Algorithm Status ======
Valor:                1773
Time:                 128000
nIter:                286382
Best Iter:            286382
Improvement Count:    286381
==============================
Solution tour: 
0 1 
3 
1 
14 
15 
6 
5 
4 
9 10 24 
10 23 17 21 
12 2 18 
2 25 9 7 16 7 19 
7 
11 
13 20 
8 
==============================

====== Algorithm Status ======
Valor:                1773
Time:                 256000
nIter:                607588
Best Iter:            607588
Improvement Count:    607587
==============================
Solution tour: 
0 1 
3 
1 
14 
15 
6 
5 
4 
9 10 24 
10 23 17 21 
12 2 18 
2 25 9 7 16 7 19 
7 
11 
13 20 
8 
==============================

====== Algorithm Status ======
Valor:                1838
Time:                 512000
nIter:                1208317
Best Iter:            1208317
Improvement Count:    1208316
==============================
Solution tour: 
0 
1 
14 
15 
6 15 
3 
5 
4 0 
10 24 21 17 21 25 2 18 
2 
12 23 
9 7 16 7 19 
7 
11 
13 20 
8 
==============================

====== Algorithm Status ======
Valor:                1889
Time:                 1024001
nIter:                2433061
Best Iter:            2433061
Improvement Count:    2433062
==============================
Solution tour: 
0 
10 24 17 21 25 2 18 
2 
12 23 
9 7 16 7 19 
7 
11 
8 20 
13 20 
15 
6 15 
14 
1 
3 
==============================

====== Algorithm Status ======
Valor:                1889
Time:                 1024001
nIter:                2433061
Best Iter:            2433061
Improvement Count:    2433062
==============================
Solution tour: 
0 
10 24 17 21 25 2 18 
2 
12 23 
9 7 16 7 19 
7 
11 
8 20 
13 20 
15 
6 15 
14 
1 
3 
==============================

