=========== Input ===========
File name:                ./instances/realistic-instances/10-10-1762875.cdop
Total node count:         21
Truck node count:         10
Drone node count:         10
=============================

========== Settings ==========
Settings file:        ./settings/Memetic-LS_MMX_1099666.config
Seed:                 1099666
Reduction method:     -
Max iter:             1024000
Population size:      13
Crossover:            MA-MMX
Local Search:         -
Warm Start:           Mario_WS
==============================

====== Algorithm Status ======
Valor:                1859
Time:                 250
nIter:                927
Best Iter:            927
Improvement Count:    926
==============================
Solution tour: 
0 19 10 9 13 
9 17 
8 
4 18 
7 16 20 12 20 1 11 
1 20 16 
==============================

====== Algorithm Status ======
Valor:                1918
Time:                 500
nIter:                1959
Best Iter:            1959
Improvement Count:    1958
==============================
Solution tour: 
0 19 13 9 
10 
9 14 17 15 
6 18 
7 16 20 12 20 1 11 
1 20 16 
==============================

====== Algorithm Status ======
Valor:                1918
Time:                 1000
nIter:                4109
Best Iter:            4109
Improvement Count:    4108
==============================
Solution tour: 
0 19 13 9 
10 
9 14 17 15 
6 18 
7 16 20 12 20 1 11 
1 20 16 
==============================

====== Algorithm Status ======
Valor:                1936
Time:                 2000
nIter:                8462
Best Iter:            8462
Improvement Count:    8461
==============================
Solution tour: 
0 19 13 9 13 17 
10 13 18 
7 16 20 12 20 1 11 
1 20 16 
==============================

====== Algorithm Status ======
Valor:                1959
Time:                 4000
nIter:                17093
Best Iter:            17093
Improvement Count:    17092
==============================
Solution tour: 
0 19 13 9 13 10 17 
10 15 18 
7 16 20 12 20 1 11 
1 20 16 
==============================

====== Algorithm Status ======
Valor:                1983
Time:                 8000
nIter:                34578
Best Iter:            34578
Improvement Count:    34577
==============================
Solution tour: 
0 19 9 13 9 10 17 
10 15 18 
7 16 20 12 20 1 11 
1 20 16 
==============================

====== Algorithm Status ======
Valor:                1983
Time:                 16000
nIter:                68873
Best Iter:            68873
Improvement Count:    68872
==============================
Solution tour: 
0 19 9 13 9 10 17 
10 15 18 
7 16 20 12 20 1 11 
1 20 16 
==============================

====== Algorithm Status ======
Valor:                1983
Time:                 32000
nIter:                138026
Best Iter:            138026
Improvement Count:    138025
==============================
Solution tour: 
0 19 9 13 9 10 17 
10 15 18 
7 16 20 12 20 1 11 
1 20 16 
==============================

====== Algorithm Status ======
Valor:                1983
Time:                 64000
nIter:                277619
Best Iter:            277619
Improvement Count:    277618
==============================
Solution tour: 
0 19 9 13 9 10 17 
10 15 18 
7 16 20 12 20 1 11 
1 20 16 
==============================

====== Algorithm Status ======
Valor:                1983
Time:                 128000
nIter:                577424
Best Iter:            577424
Improvement Count:    577423
==============================
Solution tour: 
0 19 9 13 9 10 17 
10 15 18 
7 16 20 12 20 1 11 
1 20 16 
==============================

====== Algorithm Status ======
Valor:                2021
Time:                 256000
nIter:                1146359
Best Iter:            1146359
Improvement Count:    1146358
==============================
Solution tour: 
0 19 
5 20 9 13 9 10 17 
10 
9 20 1 11 
1 20 16 20 12 18 12 14 
==============================

====== Algorithm Status ======
Valor:                2021
Time:                 512000
nIter:                2262779
Best Iter:            2262779
Improvement Count:    2262778
==============================
Solution tour: 
0 19 
5 20 9 13 9 10 17 
10 
9 20 1 11 
1 20 16 20 12 18 12 14 
==============================

====== Algorithm Status ======
Valor:                2021
Time:                 1024001
nIter:                4524189
Best Iter:            4524189
Improvement Count:    4524190
==============================
Solution tour: 
0 19 
5 20 9 13 9 10 17 
10 
9 20 1 11 
1 20 16 20 12 18 12 14 
==============================

====== Algorithm Status ======
Valor:                2021
Time:                 1024001
nIter:                4524189
Best Iter:            4524189
Improvement Count:    4524190
==============================
Solution tour: 
0 19 
5 20 9 13 9 10 17 
10 
9 20 1 11 
1 20 16 20 12 18 12 14 
==============================

