=========== Input ===========
File name:                ./instances/realistic-instances/15-40-1762875.cdop
Total node count:         56
Truck node count:         15
Drone node count:         40
=============================

========== Settings ==========
Settings file:        ./settings/Memetic_MPX_1287823.config
Seed:                 1287823
Reduction method:     -
Max iter:             1024000
Population size:      13
Crossover:            MA-MPX
Local Search:         LS
Warm Start:           Mario_WS
==============================

====== Algorithm Status ======
Valor:                2826
Time:                 251
nIter:                35
Best Iter:            35
Improvement Count:    34
==============================
Solution tour: 
0 51 40 37 36 43 28 38 41 17 23 50 53 
1 39 49 39 45 42 29 
14 
12 
5 
10 
13 22 34 20 
11 
9 
6 55 
4 35 44 
3 
8 
2 21 52 
15 47 27 46 19 
==============================

====== Algorithm Status ======
Valor:                2828
Time:                 502
nIter:                63
Best Iter:            63
Improvement Count:    62
==============================
Solution tour: 
0 53 50 17 
6 55 37 40 23 43 36 34 29 52 
10 22 21 
12 
14 
11 19 51 24 48 20 28 38 41 
7 32 30 
9 46 27 47 
15 
13 
3 44 35 
4 
2 
1 39 49 39 45 42 31 
5 1 
8 
==============================

====== Algorithm Status ======
Valor:                2956
Time:                 1012
nIter:                116
Best Iter:            116
Improvement Count:    115
==============================
Solution tour: 
0 50 
5 29 52 42 17 42 31 45 30 
10 
12 21 22 34 37 40 
14 53 
11 41 38 28 36 43 23 16 51 20 24 48 47 46 55 
7 32 30 
9 19 27 47 
15 
13 
3 44 35 
4 
8 
2 8 
1 39 49 
6 
==============================

====== Algorithm Status ======
Valor:                3056
Time:                 2001
nIter:                236
Best Iter:            236
Improvement Count:    235
==============================
Solution tour: 
0 
2 8 
1 39 49 
5 29 52 42 17 42 31 45 30 
10 
6 
12 21 22 34 37 40 
14 50 53 
11 17 41 38 28 36 43 18 33 23 16 51 20 24 48 47 27 46 19 55 
7 32 30 
9 52 
15 
13 
3 44 35 25 
4 
8 
==============================

====== Algorithm Status ======
Valor:                3100
Time:                 4003
nIter:                442
Best Iter:            442
Improvement Count:    441
==============================
Solution tour: 
0 1 
8 
3 44 35 25 
4 
2 8 
1 39 49 
5 29 52 42 17 42 31 45 30 
10 
6 
12 21 22 34 37 40 
14 50 53 
11 53 17 41 38 28 36 43 18 33 23 16 51 20 24 48 47 27 46 19 55 
7 32 30 
9 52 
15 13 
==============================

====== Algorithm Status ======
Valor:                3100
Time:                 8003
nIter:                843
Best Iter:            843
Improvement Count:    842
==============================
Solution tour: 
0 1 
8 
3 44 35 25 
4 
2 8 
1 39 49 
5 29 52 42 17 42 31 45 30 
10 
6 
12 21 22 34 37 40 
14 50 53 
11 53 17 41 38 28 36 43 18 33 23 16 51 20 24 48 47 27 46 19 55 
7 32 30 
9 52 
15 13 
==============================

====== Algorithm Status ======
Valor:                3100
Time:                 16007
nIter:                1618
Best Iter:            1618
Improvement Count:    1617
==============================
Solution tour: 
0 1 
8 
3 44 35 25 
4 
2 8 
1 39 49 
5 29 52 42 17 42 31 45 30 
10 
6 
12 21 22 34 37 40 
14 50 53 
11 53 17 41 38 28 36 43 18 33 23 16 51 20 24 48 47 27 46 19 55 
7 32 30 
9 52 
15 13 
==============================

====== Algorithm Status ======
Valor:                3100
Time:                 32003
nIter:                3130
Best Iter:            3130
Improvement Count:    3129
==============================
Solution tour: 
0 1 
8 
3 44 35 25 
4 
2 8 
1 39 49 
5 29 52 42 17 42 31 45 30 
10 
6 
12 21 22 34 37 40 
14 50 53 
11 53 17 41 38 28 36 43 18 33 23 16 51 20 24 48 47 27 46 19 55 
7 32 30 
9 52 
15 13 
==============================

====== Algorithm Status ======
Valor:                3100
Time:                 64031
nIter:                6025
Best Iter:            6025
Improvement Count:    6024
==============================
Solution tour: 
0 1 
8 
3 44 35 25 
4 
2 8 
1 39 49 
5 29 52 42 17 42 31 45 30 
10 
6 
12 21 22 34 37 40 
14 50 53 
11 53 17 41 38 28 36 43 18 33 23 16 51 20 24 48 47 27 46 19 55 
7 32 30 
9 52 
15 13 
==============================

====== Algorithm Status ======
Valor:                3100
Time:                 128000
nIter:                11629
Best Iter:            11629
Improvement Count:    11628
==============================
Solution tour: 
0 1 
8 
3 44 35 25 
4 
2 8 
1 39 49 
5 29 52 42 17 42 31 45 30 
10 
6 
12 21 22 34 37 40 
14 50 53 
11 53 17 41 38 28 36 43 18 33 23 16 51 20 24 48 47 27 46 19 55 
7 32 30 
9 52 
15 13 
==============================

====== Algorithm Status ======
Valor:                3140
Time:                 256008
nIter:                23264
Best Iter:            23264
Improvement Count:    23263
==============================
Solution tour: 
0 1 
8 
3 44 35 25 
4 
2 8 29 42 31 45 39 
1 39 49 
5 
14 50 53 11 
10 
6 
12 21 22 34 37 40 20 
11 53 17 41 38 28 36 43 18 33 18 23 16 51 20 24 48 47 27 46 19 55 
7 32 30 
9 52 15 13 
==============================

====== Algorithm Status ======
Valor:                3143
Time:                 512009
nIter:                47295
Best Iter:            47295
Improvement Count:    47294
==============================
Solution tour: 
0 
7 32 30 52 
15 
8 
3 44 35 25 
4 
2 8 29 52 42 31 45 26 39 
1 39 49 
5 
14 50 53 11 
9 
10 
6 
12 21 22 34 37 40 20 
11 53 17 41 38 28 36 43 23 18 33 18 23 16 51 20 24 48 47 27 46 19 55 13 
==============================

====== Algorithm Status ======
Valor:                3206
Time:                 1024004
nIter:                96831
Best Iter:            96831
Improvement Count:    96832
==============================
Solution tour: 
0 
7 32 30 52 
15 
13 0 1 
8 
3 44 35 25 
4 
2 8 29 42 17 42 31 45 26 39 
1 39 49 
12 
5 
6 
14 50 53 11 
9 
10 
11 53 17 41 38 28 36 43 23 18 33 41 37 40 16 51 20 24 47 48 47 27 46 19 55 34 22 21 
==============================

====== Algorithm Status ======
Valor:                3206
Time:                 1024004
nIter:                96831
Best Iter:            96831
Improvement Count:    96832
==============================
Solution tour: 
0 
7 32 30 52 
15 
13 0 1 
8 
3 44 35 25 
4 
2 8 29 42 17 42 31 45 26 39 
1 39 49 
12 
5 
6 
14 50 53 11 
9 
10 
11 53 17 41 38 28 36 43 23 18 33 41 37 40 16 51 20 24 47 48 47 27 46 19 55 34 22 21 
==============================

