=========== Input ===========
File name:                ./instances/realistic-instances/10-25-1917698.cdop
Total node count:         36
Truck node count:         10
Drone node count:         25
=============================

========== Settings ==========
Settings file:        ./settings/Memetic-LS_MMX_1881515.config
Seed:                 1881515
Reduction method:     -
Max iter:             1024000
Population size:      13
Crossover:            MA-MMX
Local Search:         -
Warm Start:           Mario_WS
==============================

====== Algorithm Status ======
Valor:                2377
Time:                 250
nIter:                261
Best Iter:            261
Improvement Count:    260
==============================
Solution tour: 
0 
3 22 28 
4 35 23 31 
1 34 30 18 26 14 20 24 25 11 
6 15 6 21 
7 21 13 19 32 16 
2 
5 
8 
9 29 12 33 17 27 
==============================

====== Algorithm Status ======
Valor:                2377
Time:                 500
nIter:                545
Best Iter:            545
Improvement Count:    544
==============================
Solution tour: 
0 
3 22 28 
4 35 23 31 
1 34 30 18 26 14 20 24 25 11 
6 15 6 21 
7 21 13 19 32 16 
2 
5 
8 
9 29 12 33 17 27 
==============================

====== Algorithm Status ======
Valor:                2377
Time:                 1000
nIter:                1098
Best Iter:            1098
Improvement Count:    1097
==============================
Solution tour: 
0 
3 22 28 
4 35 23 31 
1 34 30 18 26 14 20 24 25 11 
6 15 6 21 
7 21 13 19 32 16 
2 
5 
8 
9 29 12 33 17 27 
==============================

====== Algorithm Status ======
Valor:                2377
Time:                 2000
nIter:                2233
Best Iter:            2233
Improvement Count:    2232
==============================
Solution tour: 
0 
3 22 28 
4 35 23 31 
1 34 30 18 26 14 20 24 25 11 
6 15 6 21 
7 21 13 19 32 16 
2 
5 
8 
9 29 12 33 17 27 
==============================

====== Algorithm Status ======
Valor:                2377
Time:                 4000
nIter:                4517
Best Iter:            4517
Improvement Count:    4516
==============================
Solution tour: 
0 
3 22 28 
4 35 23 31 
1 34 30 18 26 14 20 24 25 11 
6 15 6 21 
7 21 13 19 32 16 
2 
5 
8 
9 29 12 33 17 27 
==============================

====== Algorithm Status ======
Valor:                2377
Time:                 8000
nIter:                9118
Best Iter:            9118
Improvement Count:    9117
==============================
Solution tour: 
0 
3 22 28 
4 35 23 31 
1 34 30 18 26 14 20 24 25 11 
6 15 6 21 
7 21 13 19 32 16 
2 
5 
8 
9 29 12 33 17 27 
==============================

====== Algorithm Status ======
Valor:                2377
Time:                 16000
nIter:                18882
Best Iter:            18882
Improvement Count:    18881
==============================
Solution tour: 
0 
3 22 28 
4 35 23 31 
1 34 30 18 26 14 20 24 25 11 
6 15 6 21 
7 21 13 19 32 16 
2 
5 
8 
9 29 12 33 17 27 
==============================

====== Algorithm Status ======
Valor:                2377
Time:                 32001
nIter:                38535
Best Iter:            38535
Improvement Count:    38534
==============================
Solution tour: 
0 
3 22 28 
4 35 23 31 
1 34 30 18 26 14 20 24 25 11 
6 15 6 21 
7 21 13 19 32 16 
2 
5 
8 
9 29 12 33 17 27 
==============================

====== Algorithm Status ======
Valor:                2404
Time:                 64000
nIter:                80460
Best Iter:            80460
Improvement Count:    80459
==============================
Solution tour: 
0 
3 22 28 
4 35 23 31 
1 34 30 18 26 14 20 24 18 24 25 11 
6 15 6 
7 21 13 19 32 16 
2 16 29 12 33 17 27 
==============================

====== Algorithm Status ======
Valor:                2463
Time:                 128000
nIter:                166863
Best Iter:            166863
Improvement Count:    166862
==============================
Solution tour: 
0 17 22 28 
4 35 23 31 34 30 18 26 14 20 24 18 24 25 11 
6 15 6 
7 21 13 23 19 32 16 
2 16 29 12 33 27 
==============================

====== Algorithm Status ======
Valor:                2505
Time:                 256000
nIter:                336203
Best Iter:            336203
Improvement Count:    336202
==============================
Solution tour: 
0 17 22 28 
4 35 24 34 30 18 26 14 20 24 25 24 18 11 
6 15 6 
7 21 13 23 19 32 16 
2 16 29 12 33 27 
==============================

====== Algorithm Status ======
Valor:                2507
Time:                 512000
nIter:                688037
Best Iter:            688037
Improvement Count:    688036
==============================
Solution tour: 
0 17 22 28 
4 35 24 34 30 18 26 14 20 24 25 24 18 11 
6 15 6 
7 21 13 23 19 32 16 
2 16 29 12 33 31 27 
==============================

====== Algorithm Status ======
Valor:                2507
Time:                 1024001
nIter:                1371597
Best Iter:            1371597
Improvement Count:    1371598
==============================
Solution tour: 
0 17 22 28 
4 35 24 34 30 18 26 14 20 24 25 24 18 11 
6 15 6 
7 21 13 23 19 32 16 
2 16 29 12 33 31 27 
==============================

====== Algorithm Status ======
Valor:                2507
Time:                 1024001
nIter:                1371597
Best Iter:            1371597
Improvement Count:    1371598
==============================
Solution tour: 
0 17 22 28 
4 35 24 34 30 18 26 14 20 24 25 24 18 11 
6 15 6 
7 21 13 23 19 32 16 
2 16 29 12 33 31 27 
==============================

