=========== Input ===========
File name:                ./instances/realistic-instances/15-40-1917698.cdop
Total node count:         56
Truck node count:         15
Drone node count:         40
=============================

========== Settings ==========
Settings file:        ./settings/Memetic_MMX_1881515.config
Seed:                 1881515
Reduction method:     -
Max iter:             1024000
Population size:      13
Crossover:            MA-MMX
Local Search:         LS
Warm Start:           Mario_WS
==============================

====== Algorithm Status ======
Valor:                2966
Time:                 268
nIter:                26
Best Iter:            26
Improvement Count:    25
==============================
Solution tour: 
0 17 33 47 46 42 36 28 51 22 25 32 
6 23 20 52 39 19 38 41 34 21 18 54 48 24 37 27 50 
8 35 53 35 42 25 
10 31 0 29 22 26 22 16 55 44 
==============================

====== Algorithm Status ======
Valor:                3099
Time:                 501
nIter:                56
Best Iter:            56
Improvement Count:    55
==============================
Solution tour: 
0 17 33 47 34 32 51 22 26 22 49 45 23 20 52 39 40 41 38 19 46 21 54 36 48 24 37 27 50 
8 35 53 35 25 42 25 43 42 
10 31 16 28 55 44 
==============================

====== Algorithm Status ======
Valor:                3118
Time:                 1001
nIter:                119
Best Iter:            119
Improvement Count:    118
==============================
Solution tour: 
0 17 33 47 34 32 25 29 51 22 26 22 26 22 49 45 23 20 52 39 40 38 41 38 19 46 21 54 36 48 24 37 27 50 
8 35 53 35 25 42 25 43 31 16 28 18 55 44 17 
==============================

====== Algorithm Status ======
Valor:                3142
Time:                 2006
nIter:                236
Best Iter:            236
Improvement Count:    235
==============================
Solution tour: 
0 17 39 19 38 41 47 34 46 21 30 15 26 22 49 45 20 23 54 36 52 48 32 24 33 24 37 27 50 
8 35 53 35 29 51 25 42 25 43 31 16 28 55 44 40 17 
==============================

====== Algorithm Status ======
Valor:                3164
Time:                 4009
nIter:                489
Best Iter:            489
Improvement Count:    488
==============================
Solution tour: 
0 17 39 19 38 41 47 34 46 21 54 36 18 15 26 22 26 51 29 49 45 23 20 52 48 37 24 33 24 32 27 50 
8 35 53 35 25 42 25 43 31 16 28 55 44 40 17 
==============================

====== Algorithm Status ======
Valor:                3164
Time:                 8023
nIter:                967
Best Iter:            967
Improvement Count:    966
==============================
Solution tour: 
0 17 39 19 38 41 47 34 46 21 54 36 18 15 26 22 26 51 29 49 45 23 20 52 48 37 24 33 24 32 27 50 
8 35 53 35 25 42 25 43 31 16 28 55 44 40 17 
==============================

====== Algorithm Status ======
Valor:                3168
Time:                 16001
nIter:                1912
Best Iter:            1912
Improvement Count:    1911
==============================
Solution tour: 
0 17 39 19 38 19 41 47 34 46 21 54 36 18 15 26 22 26 51 29 49 45 23 20 52 48 37 24 33 24 32 27 50 
8 35 53 35 25 42 25 43 31 16 15 28 55 44 40 17 
==============================

====== Algorithm Status ======
Valor:                3183
Time:                 32001
nIter:                3809
Best Iter:            3809
Improvement Count:    3808
==============================
Solution tour: 
0 17 39 19 38 41 47 34 46 21 54 36 53 51 26 22 29 49 45 23 20 52 48 37 24 33 24 32 27 50 
8 35 53 35 25 42 25 43 31 16 28 18 55 44 40 17 
==============================

====== Algorithm Status ======
Valor:                3186
Time:                 64004
nIter:                7552
Best Iter:            7552
Improvement Count:    7551
==============================
Solution tour: 
0 17 39 19 38 41 47 34 46 21 54 36 53 51 22 26 22 29 49 45 23 20 52 48 24 33 24 37 24 32 27 50 
8 35 53 35 25 42 25 43 31 16 28 18 55 44 40 17 
==============================

====== Algorithm Status ======
Valor:                3230
Time:                 128004
nIter:                16081
Best Iter:            16081
Improvement Count:    16080
==============================
Solution tour: 
0 29 49 51 22 26 22 23 20 52 48 36 54 21 46 34 47 38 41 19 24 33 24 37 24 32 27 50 
8 35 53 35 25 42 25 43 31 16 28 55 44 40 39 17 
==============================

====== Algorithm Status ======
Valor:                3269
Time:                 256001
nIter:                31931
Best Iter:            31931
Improvement Count:    31930
==============================
Solution tour: 
0 29 49 51 26 22 29 0 20 23 54 36 21 46 34 47 38 41 19 24 33 24 37 24 32 27 50 
8 35 53 35 25 42 43 44 31 30 18 28 16 55 48 52 39 17 
==============================

====== Algorithm Status ======
Valor:                3296
Time:                 512000
nIter:                64271
Best Iter:            64271
Improvement Count:    64270
==============================
Solution tour: 
0 29 45 49 22 26 22 51 4 20 23 54 21 46 34 47 38 41 19 24 33 24 32 24 37 27 50 
8 35 53 36 42 25 42 43 44 31 16 55 18 28 48 52 39 17 
==============================

====== Algorithm Status ======
Valor:                3274
Time:                 1024008
nIter:                130090
Best Iter:            130090
Improvement Count:    130091
==============================
Solution tour: 
0 29 45 49 22 26 22 51 4 20 23 54 21 46 34 47 38 41 19 24 33 24 32 24 37 27 50 
8 35 53 36 42 25 42 43 44 31 16 55 28 48 52 39 17 
==============================

====== Algorithm Status ======
Valor:                3274
Time:                 1024008
nIter:                130090
Best Iter:            130090
Improvement Count:    130091
==============================
Solution tour: 
0 29 45 49 22 26 22 51 4 20 23 54 21 46 34 47 38 41 19 24 33 24 32 24 37 27 50 
8 35 53 36 42 25 42 43 44 31 16 55 28 48 52 39 17 
==============================

