=========== Input ===========
File name:                ./instances/realistic-instances/15-40-1767920.cdop
Total node count:         56
Truck node count:         15
Drone node count:         40
=============================

========== Settings ==========
Settings file:        ./settings/Memetic_MMX_1099666.config
Seed:                 1099666
Reduction method:     -
Max iter:             1024000
Population size:      13
Crossover:            MA-MMX
Local Search:         LS
Warm Start:           Mario_WS
==============================

====== Algorithm Status ======
Valor:                3032
Time:                 266
nIter:                29
Best Iter:            29
Improvement Count:    28
==============================
Solution tour: 
0 17 42 28 33 45 55 18 26 30 50 25 35 12 21 
12 20 27 34 16 47 51 49 53 44 40 37 
15 32 31 54 36 41 36 38 29 22 
==============================

====== Algorithm Status ======
Valor:                3092
Time:                 502
nIter:                56
Best Iter:            56
Improvement Count:    55
==============================
Solution tour: 
0 17 42 28 33 45 55 18 26 30 50 25 35 12 21 
12 20 27 34 16 47 51 49 53 44 40 37 40 
15 32 43 18 32 31 54 36 41 36 34 52 48 29 22 
==============================

====== Algorithm Status ======
Valor:                3092
Time:                 1002
nIter:                114
Best Iter:            114
Improvement Count:    113
==============================
Solution tour: 
0 17 42 28 33 45 55 18 26 30 50 25 35 12 21 
12 20 27 34 16 47 51 49 53 44 40 37 40 
15 32 43 18 32 31 54 36 41 36 34 52 48 29 22 
==============================

====== Algorithm Status ======
Valor:                3138
Time:                 2011
nIter:                228
Best Iter:            228
Improvement Count:    227
==============================
Solution tour: 
0 48 42 28 19 33 45 43 18 55 26 39 22 50 30 35 25 
12 21 20 27 34 16 47 51 44 53 24 49 14 30 15 40 37 40 
15 32 31 54 36 41 23 17 29 22 
==============================

====== Algorithm Status ======
Valor:                3147
Time:                 4022
nIter:                437
Best Iter:            437
Improvement Count:    436
==============================
Solution tour: 
0 48 52 8 43 45 32 18 55 26 39 22 50 30 35 25 
12 21 46 20 27 20 34 16 47 51 44 53 24 49 14 30 40 37 40 
15 32 31 54 36 41 23 42 28 19 33 29 17 
==============================

====== Algorithm Status ======
Valor:                3147
Time:                 8000
nIter:                843
Best Iter:            843
Improvement Count:    842
==============================
Solution tour: 
0 48 52 8 43 45 32 18 55 26 39 22 50 30 35 25 
12 21 46 20 27 20 34 16 47 51 44 53 24 49 14 30 40 37 40 
15 32 31 54 36 41 23 42 28 19 33 29 17 
==============================

====== Algorithm Status ======
Valor:                3159
Time:                 16008
nIter:                1697
Best Iter:            1697
Improvement Count:    1696
==============================
Solution tour: 
0 48 29 22 50 35 25 
12 21 46 27 20 34 16 47 51 44 53 24 49 14 30 40 37 40 
15 32 43 26 55 18 32 31 21 54 36 41 23 42 28 19 33 45 33 17 
==============================

====== Algorithm Status ======
Valor:                3159
Time:                 32001
nIter:                3461
Best Iter:            3461
Improvement Count:    3460
==============================
Solution tour: 
0 48 29 22 50 35 25 
12 21 46 27 20 34 16 47 51 44 53 24 49 14 30 40 37 40 
15 32 43 26 55 18 32 31 21 54 36 41 23 42 28 19 33 45 33 17 
==============================

====== Algorithm Status ======
Valor:                3170
Time:                 64001
nIter:                6661
Best Iter:            6661
Improvement Count:    6660
==============================
Solution tour: 
0 48 52 29 22 50 35 25 
12 20 27 20 34 16 47 51 44 53 24 49 14 30 15 40 37 40 
15 32 43 26 55 18 32 31 21 54 36 41 23 42 28 19 33 45 33 17 
==============================

====== Algorithm Status ======
Valor:                3170
Time:                 128003
nIter:                12465
Best Iter:            12465
Improvement Count:    12464
==============================
Solution tour: 
0 48 52 29 22 50 35 25 
12 20 27 20 34 16 47 51 44 53 24 49 14 30 15 40 37 40 
15 32 43 26 55 18 32 31 21 54 36 41 23 42 28 19 33 45 33 17 
==============================

====== Algorithm Status ======
Valor:                3203
Time:                 256006
nIter:                25282
Best Iter:            25282
Improvement Count:    25281
==============================
Solution tour: 
0 48 29 22 50 30 25 35 
12 21 20 27 20 34 16 47 51 49 14 15 40 37 40 
15 32 18 32 31 54 36 41 23 17 42 28 19 33 45 53 44 55 26 43 8 
==============================

====== Algorithm Status ======
Valor:                3214
Time:                 512009
nIter:                49390
Best Iter:            49390
Improvement Count:    49389
==============================
Solution tour: 
0 48 29 22 50 25 35 
12 21 20 27 20 34 16 47 51 24 49 14 30 15 40 37 40 
15 32 18 32 31 54 36 41 23 17 42 28 33 45 53 44 55 26 43 8 
==============================

====== Algorithm Status ======
Valor:                3214
Time:                 1024003
nIter:                99502
Best Iter:            99502
Improvement Count:    99503
==============================
Solution tour: 
0 48 29 22 50 25 35 
12 21 20 27 20 34 16 47 51 24 49 14 30 15 40 37 40 
15 32 18 32 31 54 36 41 23 17 42 28 33 45 53 44 55 26 43 8 
==============================

====== Algorithm Status ======
Valor:                3214
Time:                 1024003
nIter:                99502
Best Iter:            99502
Improvement Count:    99503
==============================
Solution tour: 
0 48 29 22 50 25 35 
12 21 20 27 20 34 16 47 51 24 49 14 30 15 40 37 40 
15 32 18 32 31 54 36 41 23 17 42 28 33 45 53 44 55 26 43 8 
==============================

