=========== Input ===========
File name:                ./instances/realistic-instances/10-40-1767920.cdop
Total node count:         51
Truck node count:         10
Drone node count:         40
=============================

========== Settings ==========
Settings file:        ./settings/Memetic-LS_MMX_1099666.config
Seed:                 1099666
Reduction method:     -
Max iter:             1024000
Population size:      13
Crossover:            MA-MMX
Local Search:         -
Warm Start:           Mario_WS
==============================

====== Algorithm Status ======
Valor:                2836
Time:                 258
nIter:                180
Best Iter:            180
Improvement Count:    179
==============================
Solution tour: 
0 
3 21 31 22 46 23 20 42 24 36 38 45 40 44 
4 
6 32 50 19 35 27 26 29 
2 30 34 
1 
8 17 14 41 
7 28 12 
5 11 9 16 
9 39 
==============================

====== Algorithm Status ======
Valor:                2836
Time:                 500
nIter:                383
Best Iter:            383
Improvement Count:    382
==============================
Solution tour: 
0 
3 21 31 22 46 23 20 42 24 36 38 45 40 44 
4 
6 32 50 19 35 27 26 29 
2 30 34 
1 
8 17 14 41 
7 28 12 
5 11 9 16 
9 39 
==============================

====== Algorithm Status ======
Valor:                2862
Time:                 1000
nIter:                790
Best Iter:            790
Improvement Count:    789
==============================
Solution tour: 
0 
3 21 31 22 46 23 20 42 24 36 38 45 40 44 
4 
6 32 50 19 35 27 26 29 
2 30 34 17 14 41 
7 28 12 
5 11 9 11 9 16 
9 39 
==============================

====== Algorithm Status ======
Valor:                2862
Time:                 2000
nIter:                1550
Best Iter:            1550
Improvement Count:    1549
==============================
Solution tour: 
0 
3 21 31 22 46 23 20 42 24 36 38 45 40 44 
4 
6 32 50 19 35 27 26 29 
2 30 34 17 14 41 
7 28 12 
5 11 9 11 9 16 
9 39 
==============================

====== Algorithm Status ======
Valor:                2886
Time:                 4000
nIter:                3149
Best Iter:            3149
Improvement Count:    3148
==============================
Solution tour: 
0 
3 21 31 22 46 23 20 24 42 24 36 38 45 40 44 
4 
6 32 50 19 35 27 26 29 
2 30 34 17 14 41 
7 28 12 
5 11 9 11 9 16 
9 39 
==============================

====== Algorithm Status ======
Valor:                2898
Time:                 8000
nIter:                6368
Best Iter:            6368
Improvement Count:    6367
==============================
Solution tour: 
0 46 
3 21 31 22 46 23 20 24 42 24 36 38 45 40 44 
4 
6 32 50 19 35 27 26 29 
2 30 34 17 14 41 
7 28 12 
5 9 11 9 16 
9 39 
==============================

====== Algorithm Status ======
Valor:                2898
Time:                 16000
nIter:                12818
Best Iter:            12818
Improvement Count:    12817
==============================
Solution tour: 
0 46 
3 21 31 22 46 23 20 24 42 24 36 38 45 40 44 
4 
6 32 50 19 35 27 26 29 
2 30 34 17 14 41 
7 28 12 
5 9 11 9 16 
9 39 
==============================

====== Algorithm Status ======
Valor:                3033
Time:                 32005
nIter:                26048
Best Iter:            26048
Improvement Count:    26047
==============================
Solution tour: 
0 46 
3 31 18 31 22 34 23 20 24 42 24 36 38 45 40 44 32 50 19 35 19 27 26 29 
2 30 46 17 14 41 
7 28 21 12 
5 11 39 9 16 
9 39 
==============================

====== Algorithm Status ======
Valor:                3063
Time:                 64007
nIter:                52838
Best Iter:            52838
Improvement Count:    52837
==============================
Solution tour: 
0 49 31 18 31 22 34 23 20 42 24 36 38 25 40 44 32 50 19 35 19 27 26 29 
2 30 46 17 14 41 
7 28 21 12 
5 11 9 16 
9 39 
==============================

====== Algorithm Status ======
Valor:                3140
Time:                 128005
nIter:                106384
Best Iter:            106384
Improvement Count:    106383
==============================
Solution tour: 
0 31 18 31 22 34 28 23 20 42 24 36 38 47 25 40 44 32 50 19 35 19 27 26 29 
2 30 46 17 14 
6 41 
7 41 21 12 
5 11 9 16 
9 39 
==============================

====== Algorithm Status ======
Valor:                3148
Time:                 256000
nIter:                209434
Best Iter:            209434
Improvement Count:    209433
==============================
Solution tour: 
0 31 18 31 22 34 28 23 20 42 24 36 38 45 25 40 32 50 19 35 19 44 26 29 
2 30 46 17 14 
6 41 
7 41 21 12 
5 11 9 16 
9 39 
==============================

====== Algorithm Status ======
Valor:                3182
Time:                 512000
nIter:                410559
Best Iter:            410559
Improvement Count:    410558
==============================
Solution tour: 
0 31 18 31 22 15 34 28 23 20 42 24 36 38 45 25 40 32 50 19 
6 19 44 26 29 
2 30 46 17 43 14 49 19 35 41 
7 41 21 12 
5 11 9 16 
9 39 
==============================

====== Algorithm Status ======
Valor:                3182
Time:                 1024001
nIter:                769445
Best Iter:            769445
Improvement Count:    769446
==============================
Solution tour: 
0 31 18 31 22 15 34 28 23 20 42 24 36 38 45 25 40 32 50 19 
6 19 44 26 29 
2 30 46 17 43 14 49 19 35 41 
7 41 21 12 
5 11 9 16 
9 39 
==============================

====== Algorithm Status ======
Valor:                3182
Time:                 1024001
nIter:                769445
Best Iter:            769445
Improvement Count:    769446
==============================
Solution tour: 
0 31 18 31 22 15 34 28 23 20 42 24 36 38 45 25 40 32 50 19 
6 19 44 26 29 
2 30 46 17 43 14 49 19 35 41 
7 41 21 12 
5 11 9 16 
9 39 
==============================

