=========== Input ===========
File name:                ./instances/realistic-instances/10-40-1110588.cdop
Total node count:         51
Truck node count:         10
Drone node count:         40
=============================

========== Settings ==========
Settings file:        ./settings/Memetic_MPX_1099666.config
Seed:                 1099666
Reduction method:     -
Max iter:             1024000
Population size:      13
Crossover:            MA-MPX
Local Search:         LS
Warm Start:           Mario_WS
==============================

====== Algorithm Status ======
Valor:                2935
Time:                 255
nIter:                28
Best Iter:            28
Improvement Count:    27
==============================
Solution tour: 
0 34 37 30 
4 
3 
2 33 41 26 30 37 43 
9 
6 47 46 19 38 12 
8 
5 13 49 21 27 36 14 42 45 22 40 32 40 4 48 39 29 15 44 11 35 23 38 18 
7 17 31 24 
10 28 20 25 34 
1 
==============================

====== Algorithm Status ======
Valor:                2990
Time:                 518
nIter:                64
Best Iter:            64
Improvement Count:    63
==============================
Solution tour: 
0 43 34 37 30 12 38 23 38 47 19 46 
7 17 31 33 41 24 
10 35 28 11 16 25 20 
5 13 18 21 49 27 36 42 14 50 45 22 40 32 40 39 29 15 44 
8 
3 48 
9 
2 
4 
6 
1 
==============================

====== Algorithm Status ======
Valor:                3077
Time:                 1000
nIter:                132
Best Iter:            132
Improvement Count:    131
==============================
Solution tour: 
0 30 41 33 26 34 37 43 35 12 38 23 47 19 46 
7 17 31 24 
10 28 20 25 20 
5 13 18 21 49 27 36 42 14 50 45 22 40 32 40 48 39 29 15 44 
8 
3 8 
9 
6 
1 
4 
2 
==============================

====== Algorithm Status ======
Valor:                3120
Time:                 2006
nIter:                246
Best Iter:            246
Improvement Count:    245
==============================
Solution tour: 
0 
2 34 30 43 37 26 41 33 17 
7 17 31 24 
10 46 19 47 38 12 35 28 20 25 20 
5 13 18 21 49 27 36 42 14 50 45 22 40 32 40 48 39 29 15 44 
8 
3 8 
9 
6 
4 
==============================

====== Algorithm Status ======
Valor:                3120
Time:                 4001
nIter:                475
Best Iter:            475
Improvement Count:    474
==============================
Solution tour: 
0 
2 34 30 43 37 26 41 33 17 
7 17 31 24 
10 46 19 47 38 12 35 28 20 25 20 
5 13 18 21 49 27 36 42 14 50 45 22 40 32 40 48 39 29 15 44 
8 
3 8 
9 
6 
4 
==============================

====== Algorithm Status ======
Valor:                3133
Time:                 8002
nIter:                927
Best Iter:            927
Improvement Count:    926
==============================
Solution tour: 
0 
2 34 30 43 37 26 41 33 17 
7 17 31 24 
10 46 19 47 38 12 35 28 20 25 20 
5 13 18 49 21 27 36 45 50 14 42 22 40 32 40 48 39 29 15 11 44 
8 
3 8 
9 
6 
4 
==============================

====== Algorithm Status ======
Valor:                3133
Time:                 16000
nIter:                1852
Best Iter:            1852
Improvement Count:    1851
==============================
Solution tour: 
0 
2 34 30 43 37 26 41 33 17 
7 17 31 24 
10 46 19 47 38 12 35 28 20 25 20 
5 13 18 49 21 27 36 45 50 14 42 22 40 32 40 48 39 29 15 11 44 
8 
3 8 
9 
6 
4 
==============================

====== Algorithm Status ======
Valor:                3133
Time:                 32006
nIter:                3745
Best Iter:            3745
Improvement Count:    3744
==============================
Solution tour: 
0 
2 34 30 43 37 26 41 33 17 
7 17 31 24 
10 46 19 47 38 12 35 28 20 25 20 
5 13 18 49 21 27 36 45 50 14 42 22 40 32 40 48 39 29 15 11 44 
8 
3 8 
9 
6 
4 
==============================

====== Algorithm Status ======
Valor:                3156
Time:                 64012
nIter:                7585
Best Iter:            7585
Improvement Count:    7584
==============================
Solution tour: 
0 
4 
2 34 30 43 37 26 41 33 17 
7 17 31 24 
10 46 19 47 23 38 12 35 28 20 25 20 13 
5 13 18 49 21 27 36 45 50 14 42 22 40 32 40 48 39 29 15 11 44 
8 
9 8 
6 
3 
==============================

====== Algorithm Status ======
Valor:                3156
Time:                 128025
nIter:                14410
Best Iter:            14410
Improvement Count:    14409
==============================
Solution tour: 
0 
4 
2 34 30 43 37 26 41 33 17 
7 17 31 24 
10 46 19 47 23 38 12 35 28 20 25 20 13 
5 13 18 49 21 27 36 45 50 14 42 22 40 32 40 48 39 29 15 11 44 
8 
9 8 
6 
3 
==============================

====== Algorithm Status ======
Valor:                3179
Time:                 256028
nIter:                27805
Best Iter:            27805
Improvement Count:    27804
==============================
Solution tour: 
0 
2 34 30 43 37 26 41 33 17 
7 17 31 24 
10 39 46 19 47 38 23 38 12 35 28 20 25 20 5 
3 
6 
5 13 49 21 27 36 42 45 22 40 32 14 50 19 18 10 29 15 20 11 44 
8 
9 48 
4 
==============================

====== Algorithm Status ======
Valor:                3193
Time:                 512005
nIter:                54428
Best Iter:            54428
Improvement Count:    54427
==============================
Solution tour: 
0 
2 34 30 43 37 26 41 33 17 
7 17 31 24 
10 39 46 19 47 38 23 38 12 35 28 20 25 20 5 
3 
6 
5 13 18 49 21 27 36 42 45 22 40 32 14 50 19 10 29 15 20 11 20 44 
8 
9 48 4 
==============================

====== Algorithm Status ======
Valor:                3193
Time:                 1024010
nIter:                106223
Best Iter:            106223
Improvement Count:    106224
==============================
Solution tour: 
0 
2 34 30 43 37 26 41 33 17 
7 17 31 24 
10 39 46 19 47 38 23 38 12 35 28 20 25 20 5 
3 
6 
5 13 18 49 21 27 36 42 45 22 40 32 14 50 19 10 29 15 20 11 20 44 
8 
9 48 4 
==============================

====== Algorithm Status ======
Valor:                3193
Time:                 1024010
nIter:                106223
Best Iter:            106223
Improvement Count:    106224
==============================
Solution tour: 
0 
2 34 30 43 37 26 41 33 17 
7 17 31 24 
10 39 46 19 47 38 23 38 12 35 28 20 25 20 5 
3 
6 
5 13 18 49 21 27 36 42 45 22 40 32 14 50 19 10 29 15 20 11 20 44 
8 
9 48 4 
==============================

