=========== Input ===========
File name:                ./instances/realistic-instances/15-40-1110588.cdop
Total node count:         56
Truck node count:         15
Drone node count:         40
=============================

========== Settings ==========
Settings file:        ./settings/Memetic_MMX_1099666.config
Seed:                 1099666
Reduction method:     -
Max iter:             1024000
Population size:      13
Crossover:            MA-MMX
Local Search:         LS
Warm Start:           Mario_WS
==============================

====== Algorithm Status ======
Valor:                3198
Time:                 253
nIter:                20
Best Iter:            20
Improvement Count:    19
==============================
Solution tour: 
0 45 55 16 26 22 41 36 46 
7 20 35 52 35 17 54 51 53 33 27 42 25 34 25 
15 19 43 24 49 40 48 
14 39 47 32 47 18 38 21 50 16 28 29 23 37 44 33 
==============================

====== Algorithm Status ======
Valor:                3230
Time:                 510
nIter:                42
Best Iter:            42
Improvement Count:    41
==============================
Solution tour: 
0 45 55 32 16 28 41 22 52 35 21 
2 29 20 17 54 51 36 46 16 53 33 27 48 42 25 34 25 
15 19 43 24 49 40 39 47 18 38 50 23 37 26 44 33 
==============================

====== Algorithm Status ======
Valor:                3230
Time:                 1002
nIter:                81
Best Iter:            81
Improvement Count:    80
==============================
Solution tour: 
0 45 55 32 16 28 41 22 52 35 21 
2 29 20 17 54 51 36 46 16 53 33 27 48 42 25 34 25 
15 19 43 24 49 40 39 47 18 38 50 23 37 26 44 33 
==============================

====== Algorithm Status ======
Valor:                3230
Time:                 2011
nIter:                164
Best Iter:            164
Improvement Count:    163
==============================
Solution tour: 
0 45 55 32 16 28 41 22 52 35 21 
2 29 20 17 54 51 36 46 16 53 33 27 48 42 25 34 25 
15 19 43 24 49 40 39 47 18 38 50 23 37 26 44 33 
==============================

====== Algorithm Status ======
Valor:                3230
Time:                 4027
nIter:                320
Best Iter:            320
Improvement Count:    319
==============================
Solution tour: 
0 45 55 32 16 28 41 22 52 35 21 
2 29 20 17 54 51 36 46 16 53 33 27 42 25 34 25 
15 19 43 24 49 40 39 47 18 38 50 23 37 26 44 33 48 
==============================

====== Algorithm Status ======
Valor:                3278
Time:                 8010
nIter:                642
Best Iter:            642
Improvement Count:    641
==============================
Solution tour: 
0 45 32 55 16 53 16 28 41 22 52 35 21 
2 29 40 49 20 17 54 51 36 46 7 27 5 42 25 34 25 
15 19 43 24 51 50 38 18 47 23 37 26 44 33 48 39 
==============================

====== Algorithm Status ======
Valor:                3334
Time:                 16013
nIter:                1284
Best Iter:            1284
Improvement Count:    1283
==============================
Solution tour: 
0 45 32 47 18 38 47 32 16 53 16 28 41 22 52 35 21 
2 29 40 49 20 17 54 36 46 7 27 5 2 48 14 30 14 42 25 34 25 
15 55 43 19 43 24 54 51 50 23 37 26 44 33 39 
==============================

====== Algorithm Status ======
Valor:                3350
Time:                 32004
nIter:                2507
Best Iter:            2507
Improvement Count:    2506
==============================
Solution tour: 
0 45 32 47 18 38 47 32 16 53 16 28 41 22 52 35 21 
2 29 40 49 20 17 54 36 46 7 27 5 2 42 25 34 25 
15 55 43 19 43 24 54 51 50 23 37 26 44 33 48 14 39 
==============================

====== Algorithm Status ======
Valor:                3350
Time:                 64005
nIter:                5143
Best Iter:            5143
Improvement Count:    5142
==============================
Solution tour: 
0 45 32 47 18 38 47 32 16 53 16 28 41 22 52 35 21 
2 29 40 49 20 17 54 36 46 7 27 5 2 42 25 34 25 
15 55 43 19 43 24 54 51 50 23 37 26 44 33 48 14 39 
==============================

====== Algorithm Status ======
Valor:                3390
Time:                 128000
nIter:                10684
Best Iter:            10684
Improvement Count:    10683
==============================
Solution tour: 
0 45 32 47 18 38 47 32 16 28 41 22 52 35 21 
2 29 40 49 36 46 7 27 33 30 42 25 34 25 
15 55 43 19 43 24 43 20 17 54 51 50 23 37 26 44 26 44 33 53 33 48 39 
==============================

====== Algorithm Status ======
Valor:                3390
Time:                 256000
nIter:                20802
Best Iter:            20802
Improvement Count:    20801
==============================
Solution tour: 
0 45 32 47 18 38 47 32 16 28 41 22 52 35 21 
2 29 40 49 36 46 7 27 33 30 42 25 34 25 
15 55 43 19 43 24 43 20 17 54 51 50 23 37 26 44 26 44 33 53 33 48 39 
==============================

====== Algorithm Status ======
Valor:                3390
Time:                 512007
nIter:                41763
Best Iter:            41763
Improvement Count:    41762
==============================
Solution tour: 
0 45 32 47 18 38 47 32 16 28 41 22 52 35 21 
2 29 40 49 36 46 7 27 33 30 42 25 34 25 
15 55 43 19 43 24 43 20 17 54 51 50 23 37 26 44 26 44 33 53 33 48 39 
==============================

====== Algorithm Status ======
Valor:                3421
Time:                 1024035
nIter:                87921
Best Iter:            87921
Improvement Count:    87922
==============================
Solution tour: 
0 45 24 43 55 43 19 43 23 18 38 47 32 16 53 16 28 41 22 52 35 21 35 4 
2 29 40 49 36 46 7 27 33 30 14 42 25 34 49 20 17 54 51 50 37 26 44 33 53 33 48 39 
==============================

====== Algorithm Status ======
Valor:                3421
Time:                 1024035
nIter:                87921
Best Iter:            87921
Improvement Count:    87922
==============================
Solution tour: 
0 45 24 43 55 43 19 43 23 18 38 47 32 16 53 16 28 41 22 52 35 21 35 4 
2 29 40 49 36 46 7 27 33 30 14 42 25 34 49 20 17 54 51 50 37 26 44 33 53 33 48 39 
==============================

