=========== Input ===========
File name:                ./instances/realistic-instances/10-25-1917698.cdop
Total node count:         36
Truck node count:         10
Drone node count:         25
=============================

========== Settings ==========
Settings file:        ./settings/Memetic_MMX_1099666.config
Seed:                 1099666
Reduction method:     -
Max iter:             1024000
Population size:      13
Crossover:            MA-MMX
Local Search:         LS
Warm Start:           Mario_WS
==============================

====== Algorithm Status ======
Valor:                2556
Time:                 250
nIter:                51
Best Iter:            51
Improvement Count:    50
==============================
Solution tour: 
0 16 2 1 
3 22 28 
4 35 4 15 6 11 33 12 25 21 26 18 24 20 29 13 23 32 27 
1 34 30 31 17 19 17 27 32 16 
==============================

====== Algorithm Status ======
Valor:                2629
Time:                 502
nIter:                100
Best Iter:            100
Improvement Count:    99
==============================
Solution tour: 
0 22 32 27 31 23 19 17 33 12 29 13 20 14 26 21 18 24 34 30 25 24 11 
6 15 
4 35 4 28 0 16 2 16 
==============================

====== Algorithm Status ======
Valor:                2695
Time:                 1001
nIter:                210
Best Iter:            210
Improvement Count:    209
==============================
Solution tour: 
0 27 31 17 19 23 13 29 9 29 12 14 20 24 25 34 30 18 21 26 33 11 
6 15 
4 35 4 28 22 32 16 2 16 
==============================

====== Algorithm Status ======
Valor:                2695
Time:                 2002
nIter:                417
Best Iter:            417
Improvement Count:    416
==============================
Solution tour: 
0 27 31 17 19 23 13 29 9 29 12 14 20 24 25 34 30 18 21 26 33 11 
6 15 
4 35 4 28 22 32 16 2 16 
==============================

====== Algorithm Status ======
Valor:                2695
Time:                 4004
nIter:                874
Best Iter:            874
Improvement Count:    873
==============================
Solution tour: 
0 27 31 17 19 23 13 29 9 29 12 14 20 24 25 34 30 18 21 26 33 11 
6 15 
4 35 4 28 22 32 16 2 16 
==============================

====== Algorithm Status ======
Valor:                2695
Time:                 8003
nIter:                1748
Best Iter:            1748
Improvement Count:    1747
==============================
Solution tour: 
0 27 31 17 19 23 13 29 9 29 12 14 20 24 25 34 30 18 21 26 33 11 
6 15 
4 35 4 28 22 32 16 2 16 
==============================

====== Algorithm Status ======
Valor:                2695
Time:                 16003
nIter:                3528
Best Iter:            3528
Improvement Count:    3527
==============================
Solution tour: 
0 27 31 17 19 23 13 29 9 29 12 14 20 24 25 34 30 18 21 26 33 11 
6 15 
4 35 4 28 22 32 16 2 16 
==============================

====== Algorithm Status ======
Valor:                2695
Time:                 32003
nIter:                7227
Best Iter:            7227
Improvement Count:    7226
==============================
Solution tour: 
0 27 31 17 19 23 13 29 9 29 12 14 20 24 25 34 30 18 21 26 33 11 
6 15 
4 35 4 28 22 32 16 2 16 
==============================

====== Algorithm Status ======
Valor:                2695
Time:                 64000
nIter:                15112
Best Iter:            15112
Improvement Count:    15111
==============================
Solution tour: 
0 27 31 17 19 23 13 29 9 29 12 14 20 24 25 34 30 18 21 26 33 11 
6 15 
4 35 4 28 22 32 16 2 16 
==============================

====== Algorithm Status ======
Valor:                2700
Time:                 128002
nIter:                29972
Best Iter:            29972
Improvement Count:    29971
==============================
Solution tour: 
0 7 27 31 17 19 23 13 29 9 29 12 14 20 24 18 21 26 25 34 30 33 11 
6 15 
4 35 4 28 22 32 16 2 16 
==============================

====== Algorithm Status ======
Valor:                2700
Time:                 256002
nIter:                57960
Best Iter:            57960
Improvement Count:    57959
==============================
Solution tour: 
0 7 27 31 17 19 23 13 29 9 29 12 14 20 24 18 21 26 25 34 30 33 11 
6 15 
4 35 4 28 22 32 16 2 16 
==============================

====== Algorithm Status ======
Valor:                2713
Time:                 512004
nIter:                116911
Best Iter:            116911
Improvement Count:    116910
==============================
Solution tour: 
0 27 31 17 19 23 12 13 29 9 29 20 14 26 21 18 24 34 30 33 11 
6 15 
4 35 4 25 4 28 22 32 16 2 16 
==============================

====== Algorithm Status ======
Valor:                2713
Time:                 1024002
nIter:                231754
Best Iter:            231754
Improvement Count:    231755
==============================
Solution tour: 
0 27 31 17 19 23 12 13 29 9 29 20 14 26 21 18 24 34 30 33 11 
6 15 
4 35 4 25 4 28 22 32 16 2 16 
==============================

====== Algorithm Status ======
Valor:                2713
Time:                 1024002
nIter:                231754
Best Iter:            231754
Improvement Count:    231755
==============================
Solution tour: 
0 27 31 17 19 23 12 13 29 9 29 20 14 26 21 18 24 34 30 33 11 
6 15 
4 35 4 25 4 28 22 32 16 2 16 
==============================

