=========== Input ===========
File name:                ./instances/realistic-instances/15-25-1762875.cdop
Total node count:         41
Truck node count:         15
Drone node count:         25
=============================

========== Settings ==========
Settings file:        ./settings/Memetic_MMX_1881515.config
Seed:                 1881515
Reduction method:     -
Max iter:             1024000
Population size:      13
Crossover:            MA-MMX
Local Search:         LS
Warm Start:           Mario_WS
==============================

====== Algorithm Status ======
Valor:                2561
Time:                 253
nIter:                53
Best Iter:            53
Improvement Count:    52
==============================
Solution tour: 
0 17 27 26 20 25 31 34 1 16 
1 
7 29 39 37 39 38 22 30 23 12 37 
13 36 
4 36 19 40 33 28 23 32 18 24 35 10 
==============================

====== Algorithm Status ======
Valor:                2668
Time:                 504
nIter:                110
Best Iter:            110
Improvement Count:    109
==============================
Solution tour: 
0 29 19 22 28 19 40 27 20 25 26 17 31 34 1 16 
1 34 30 38 33 39 37 
13 37 12 24 18 36 
4 36 19 28 23 32 35 10 
==============================

====== Algorithm Status ======
Valor:                2699
Time:                 1001
nIter:                229
Best Iter:            229
Improvement Count:    228
==============================
Solution tour: 
0 29 40 27 20 25 26 17 31 34 1 16 
1 34 22 30 38 33 39 37 
13 37 12 24 18 36 
4 36 19 28 23 32 23 35 10 
==============================

====== Algorithm Status ======
Valor:                2699
Time:                 2003
nIter:                454
Best Iter:            454
Improvement Count:    453
==============================
Solution tour: 
0 29 40 27 20 25 26 17 31 34 1 16 
1 34 22 30 38 33 39 37 
13 37 12 24 18 36 
4 36 19 28 23 32 23 35 10 
==============================

====== Algorithm Status ======
Valor:                2699
Time:                 4004
nIter:                912
Best Iter:            912
Improvement Count:    911
==============================
Solution tour: 
0 29 40 27 20 25 26 17 31 34 1 16 
1 34 22 30 38 33 39 37 
13 37 12 24 18 36 
4 36 19 28 23 32 23 35 10 
==============================

====== Algorithm Status ======
Valor:                2699
Time:                 8002
nIter:                1825
Best Iter:            1825
Improvement Count:    1824
==============================
Solution tour: 
0 29 40 27 20 25 26 17 31 34 1 16 
1 34 22 30 38 33 39 37 
13 37 12 24 18 36 
4 36 19 28 23 32 23 35 10 
==============================

====== Algorithm Status ======
Valor:                2699
Time:                 16000
nIter:                3652
Best Iter:            3652
Improvement Count:    3651
==============================
Solution tour: 
0 29 40 27 20 25 26 17 31 34 1 16 
1 34 22 30 38 33 39 37 
13 37 12 24 18 36 
4 36 19 28 23 32 23 35 10 
==============================

====== Algorithm Status ======
Valor:                2699
Time:                 32005
nIter:                7194
Best Iter:            7194
Improvement Count:    7193
==============================
Solution tour: 
0 29 40 27 20 25 26 17 31 34 1 16 
1 34 22 30 38 33 39 37 
13 37 12 24 18 36 
4 36 19 28 23 32 23 35 10 
==============================

====== Algorithm Status ======
Valor:                2699
Time:                 64003
nIter:                13856
Best Iter:            13856
Improvement Count:    13855
==============================
Solution tour: 
0 29 40 27 20 25 26 17 31 34 1 16 
1 34 22 30 38 33 39 37 
13 37 12 24 18 36 
4 36 19 28 23 32 23 35 10 
==============================

====== Algorithm Status ======
Valor:                2699
Time:                 128001
nIter:                26320
Best Iter:            26320
Improvement Count:    26319
==============================
Solution tour: 
0 29 40 27 20 25 26 17 31 34 1 16 
1 34 22 30 38 33 39 37 
13 37 12 24 18 36 
4 36 19 28 23 32 23 35 10 
==============================

====== Algorithm Status ======
Valor:                2725
Time:                 256000
nIter:                54119
Best Iter:            54119
Improvement Count:    54118
==============================
Solution tour: 
0 31 29 40 27 40 22 34 1 16 21 30 33 38 39 37 
13 37 12 24 18 36 
4 36 19 28 23 32 23 35 10 3 25 20 26 17 6 
==============================

====== Algorithm Status ======
Valor:                2730
Time:                 512000
nIter:                108082
Best Iter:            108082
Improvement Count:    108081
==============================
Solution tour: 
0 31 29 40 27 40 22 34 1 16 21 30 33 38 39 37 
13 37 12 23 32 24 18 36 
4 36 19 28 23 12 35 10 3 25 20 26 17 6 
==============================

====== Algorithm Status ======
Valor:                2752
Time:                 1024001
nIter:                218442
Best Iter:            218442
Improvement Count:    218443
==============================
Solution tour: 
0 31 29 40 27 40 19 28 22 34 1 34 22 33 38 39 37 
13 37 16 21 30 23 32 36 
4 36 19 36 24 18 8 10 35 10 20 25 26 17 
==============================

====== Algorithm Status ======
Valor:                2752
Time:                 1024001
nIter:                218442
Best Iter:            218442
Improvement Count:    218443
==============================
Solution tour: 
0 31 29 40 27 40 19 28 22 34 1 34 22 33 38 39 37 
13 37 16 21 30 23 32 36 
4 36 19 36 24 18 8 10 35 10 20 25 26 17 
==============================

