=========== Input ===========
File name:                ./instances/realistic-instances/15-25-1762875.cdop
Total node count:         41
Truck node count:         15
Drone node count:         25
=============================

========== Settings ==========
Settings file:        ./settings/Memetic-LS_MMX_1881515.config
Seed:                 1881515
Reduction method:     -
Max iter:             1024000
Population size:      13
Crossover:            MA-MMX
Local Search:         -
Warm Start:           Mario_WS
==============================

====== Algorithm Status ======
Valor:                2284
Time:                 251
nIter:                364
Best Iter:            364
Improvement Count:    363
==============================
Solution tour: 
0 31 34 30 19 36 
4 
9 39 
12 23 32 18 38 40 27 
2 29 17 16 
1 
7 
13 24 35 
10 26 25 20 33 
11 
8 
3 
==============================

====== Algorithm Status ======
Valor:                2317
Time:                 500
nIter:                749
Best Iter:            749
Improvement Count:    748
==============================
Solution tour: 
0 31 34 30 19 36 
4 
9 39 
12 23 32 18 38 40 27 
2 29 17 16 
1 
7 
13 24 35 
10 26 25 20 33 28 29 40 
==============================

====== Algorithm Status ======
Valor:                2351
Time:                 1001
nIter:                1448
Best Iter:            1448
Improvement Count:    1447
==============================
Solution tour: 
0 31 34 30 34 30 19 36 
4 
9 39 
12 23 32 18 38 40 27 
2 29 17 16 
1 
7 
13 24 35 
10 26 25 20 33 29 33 28 19 
==============================

====== Algorithm Status ======
Valor:                2351
Time:                 2002
nIter:                2918
Best Iter:            2918
Improvement Count:    2917
==============================
Solution tour: 
0 31 34 30 34 30 19 36 
4 
9 39 
12 23 32 18 38 40 27 
2 29 17 16 
1 
7 
13 24 35 
10 26 25 20 33 29 33 28 19 
==============================

====== Algorithm Status ======
Valor:                2382
Time:                 4000
nIter:                5882
Best Iter:            5882
Improvement Count:    5881
==============================
Solution tour: 
0 31 34 30 19 36 
4 
9 39 
12 23 32 23 40 27 
2 29 17 16 
1 
7 
13 24 35 
10 26 25 20 33 28 18 
==============================

====== Algorithm Status ======
Valor:                2414
Time:                 8000
nIter:                11810
Best Iter:            11810
Improvement Count:    11809
==============================
Solution tour: 
0 31 34 30 19 36 
4 
9 39 
12 23 32 23 40 27 
2 29 17 16 
1 
7 
13 24 35 
10 26 25 20 33 28 38 
==============================

====== Algorithm Status ======
Valor:                2423
Time:                 16000
nIter:                23284
Best Iter:            23284
Improvement Count:    23283
==============================
Solution tour: 
0 31 34 22 30 22 19 36 
4 
9 39 
12 23 32 23 40 27 
2 29 17 16 
1 
7 
13 24 35 
10 26 25 20 33 28 38 
==============================

====== Algorithm Status ======
Valor:                2445
Time:                 32000
nIter:                45894
Best Iter:            45894
Improvement Count:    45893
==============================
Solution tour: 
0 31 34 22 30 22 19 36 
4 
9 39 
12 23 32 23 40 27 
2 29 17 16 
1 
8 24 35 
10 26 25 20 33 28 38 
==============================

====== Algorithm Status ======
Valor:                2453
Time:                 64000
nIter:                88954
Best Iter:            88954
Improvement Count:    88953
==============================
Solution tour: 
0 31 34 28 22 30 19 36 
4 
9 39 
12 23 32 23 40 27 
2 29 17 16 
1 
8 24 35 
10 26 25 20 33 38 
==============================

====== Algorithm Status ======
Valor:                2468
Time:                 128000
nIter:                168451
Best Iter:            168451
Improvement Count:    168450
==============================
Solution tour: 
0 31 34 30 34 28 19 36 
4 
9 39 
12 23 32 23 40 27 
2 29 17 16 
1 
8 24 35 
10 26 25 20 33 38 
==============================

====== Algorithm Status ======
Valor:                2526
Time:                 256001
nIter:                343089
Best Iter:            343089
Improvement Count:    343088
==============================
Solution tour: 
0 31 34 30 19 28 19 36 
9 39 37 
12 23 32 23 40 27 
2 29 17 16 
8 18 24 35 
10 26 25 20 33 38 
==============================

====== Algorithm Status ======
Valor:                2571
Time:                 512000
nIter:                687519
Best Iter:            687519
Improvement Count:    687518
==============================
Solution tour: 
0 31 34 30 28 19 36 
9 39 37 
12 23 32 23 40 27 40 22 40 29 
2 29 17 18 24 10 35 
10 26 25 20 33 38 
==============================

====== Algorithm Status ======
Valor:                2624
Time:                 1024001
nIter:                1382544
Best Iter:            1382544
Improvement Count:    1382545
==============================
Solution tour: 
0 31 34 30 28 19 36 
4 36 39 37 
12 23 32 23 40 27 40 29 
2 17 18 24 10 35 
10 21 26 25 20 33 38 
==============================

====== Algorithm Status ======
Valor:                2624
Time:                 1024001
nIter:                1382544
Best Iter:            1382544
Improvement Count:    1382545
==============================
Solution tour: 
0 31 34 30 28 19 36 
4 36 39 37 
12 23 32 23 40 27 40 29 
2 17 18 24 10 35 
10 21 26 25 20 33 38 
==============================

