=========== Input ===========
File name:                ./instances/realistic-instances/10-40-1917698.cdop
Total node count:         51
Truck node count:         10
Drone node count:         40
=============================

========== Settings ==========
Settings file:        ./settings/Memetic_MMX_1881515.config
Seed:                 1881515
Reduction method:     -
Max iter:             1024000
Population size:      13
Crossover:            MA-MMX
Local Search:         LS
Warm Start:           Mario_WS
==============================

====== Algorithm Status ======
Valor:                3328
Time:                 257
nIter:                26
Best Iter:            26
Improvement Count:    25
==============================
Solution tour: 
0 47 46 19 14 18 20 35 20 42 24 15 50 27 21 31 29 49 40 17 37 36 8 
4 13 16 41 11 38 12 45 44 47 23 28 43 19 14 22 
3 22 33 30 32 34 41 48 39 
==============================

====== Algorithm Status ======
Valor:                3370
Time:                 506
nIter:                53
Best Iter:            53
Improvement Count:    52
==============================
Solution tour: 
0 47 2 46 18 20 35 20 42 24 15 50 27 21 31 29 25 49 40 17 37 36 8 
4 13 16 41 11 38 12 45 44 47 23 28 43 19 14 22 
3 22 33 30 32 34 41 48 39 
==============================

====== Algorithm Status ======
Valor:                3370
Time:                 1001
nIter:                100
Best Iter:            100
Improvement Count:    99
==============================
Solution tour: 
0 47 2 46 18 20 35 20 42 24 15 50 27 21 31 29 25 49 40 17 37 36 8 
4 13 16 41 11 38 12 45 44 47 23 28 43 19 14 22 
3 22 33 30 32 34 41 48 39 
==============================

====== Algorithm Status ======
Valor:                3376
Time:                 2006
nIter:                191
Best Iter:            191
Improvement Count:    190
==============================
Solution tour: 
0 2 46 18 20 35 20 42 24 15 50 27 21 31 29 25 49 40 17 37 36 8 
4 5 13 16 41 11 38 12 45 44 47 23 28 43 19 14 22 
3 22 33 30 32 34 41 48 39 
==============================

====== Algorithm Status ======
Valor:                3452
Time:                 4009
nIter:                392
Best Iter:            392
Improvement Count:    391
==============================
Solution tour: 
0 34 32 49 40 17 16 31 29 27 50 30 19 18 14 19 37 
4 24 42 15 13 15 21 22 
3 22 33 46 43 28 45 47 44 23 11 38 35 20 39 48 41 34 
==============================

====== Algorithm Status ======
Valor:                3499
Time:                 8006
nIter:                825
Best Iter:            825
Improvement Count:    824
==============================
Solution tour: 
0 34 32 49 40 17 16 31 27 29 27 50 33 30 19 14 46 14 19 37 
4 42 24 15 13 15 21 22 
3 22 27 31 28 43 44 47 23 45 11 38 35 20 18 39 48 41 34 
==============================

====== Algorithm Status ======
Valor:                3516
Time:                 16018
nIter:                1634
Best Iter:            1634
Improvement Count:    1633
==============================
Solution tour: 
0 34 32 49 40 17 16 31 27 29 27 50 33 30 19 37 
4 42 24 15 13 15 21 22 
3 22 31 28 43 44 47 23 45 11 38 35 20 18 14 46 39 48 41 11 
==============================

====== Algorithm Status ======
Valor:                3521
Time:                 32011
nIter:                3314
Best Iter:            3314
Improvement Count:    3313
==============================
Solution tour: 
0 34 32 49 40 17 16 31 27 29 27 50 33 30 19 37 
4 42 24 15 13 15 21 22 
3 22 31 28 43 44 47 23 45 11 12 38 35 20 18 14 46 39 48 41 
==============================

====== Algorithm Status ======
Valor:                3594
Time:                 64003
nIter:                7209
Best Iter:            7209
Improvement Count:    7208
==============================
Solution tour: 
0 34 32 49 40 17 37 19 30 33 27 31 27 29 24 42 15 13 15 21 22 
3 22 50 14 43 28 23 45 47 44 47 11 12 38 35 20 18 46 39 48 41 16 41 
==============================

====== Algorithm Status ======
Valor:                3590
Time:                 128017
nIter:                15785
Best Iter:            15785
Improvement Count:    15784
==============================
Solution tour: 
0 34 32 49 25 40 17 37 19 30 33 31 27 29 24 42 15 13 15 21 22 
3 22 50 14 43 28 23 45 44 47 11 12 38 35 20 18 46 39 48 41 16 41 
==============================

====== Algorithm Status ======
Valor:                3593
Time:                 256014
nIter:                31145
Best Iter:            31145
Improvement Count:    31144
==============================
Solution tour: 
0 34 32 49 25 40 17 37 19 30 33 31 27 29 24 42 15 13 15 21 22 
3 22 50 27 31 14 43 28 23 45 44 47 11 12 38 35 20 18 46 39 48 41 16 41 
==============================

====== Algorithm Status ======
Valor:                3596
Time:                 512008
nIter:                63209
Best Iter:            63209
Improvement Count:    63208
==============================
Solution tour: 
0 34 32 49 25 40 17 37 19 31 27 29 24 42 15 13 15 21 5 33 30 22 
3 23 28 45 43 44 47 11 12 38 35 20 18 50 14 46 39 48 41 16 41 11 
==============================

====== Algorithm Status ======
Valor:                3596
Time:                 1024005
nIter:                126568
Best Iter:            126568
Improvement Count:    126569
==============================
Solution tour: 
0 34 32 49 25 40 17 37 19 31 27 29 24 42 15 13 15 21 5 33 30 22 
3 23 28 45 43 44 47 11 12 38 35 20 18 50 14 46 39 48 41 16 41 11 
==============================

====== Algorithm Status ======
Valor:                3596
Time:                 1024005
nIter:                126568
Best Iter:            126568
Improvement Count:    126569
==============================
Solution tour: 
0 34 32 49 25 40 17 37 19 31 27 29 24 42 15 13 15 21 5 33 30 22 
3 23 28 45 43 44 47 11 12 38 35 20 18 50 14 46 39 48 41 16 41 11 
==============================

