=========== Input ===========
File name:                ./instances/realistic-instances/15-25-1110588.cdop
Total node count:         41
Truck node count:         15
Drone node count:         25
=============================

========== Settings ==========
Settings file:        ./settings/Memetic-LS_MMX_1881515.config
Seed:                 1881515
Reduction method:     -
Max iter:             1024000
Population size:      13
Crossover:            MA-MMX
Local Search:         -
Warm Start:           Mario_WS
==============================

====== Algorithm Status ======
Valor:                2434
Time:                 250
nIter:                261
Best Iter:            261
Improvement Count:    260
==============================
Solution tour: 
0 29 40 18 28 1 23 
11 33 25 17 24 
13 21 
12 
7 
9 27 16 34 
5 39 
4 
3 
8 
14 22 
10 37 30 26 
6 32 35 31 
2 
1 
==============================

====== Algorithm Status ======
Valor:                2434
Time:                 501
nIter:                525
Best Iter:            525
Improvement Count:    524
==============================
Solution tour: 
0 29 40 18 28 1 23 
11 33 25 17 24 
13 21 
12 
7 
9 27 16 34 
5 39 
4 
3 
8 
14 22 
10 37 30 26 
6 32 35 31 
2 
1 
==============================

====== Algorithm Status ======
Valor:                2434
Time:                 1000
nIter:                1054
Best Iter:            1054
Improvement Count:    1053
==============================
Solution tour: 
0 29 40 18 28 1 23 
11 33 25 17 24 
13 21 
12 
7 
9 27 16 34 
5 39 
4 
3 
8 
14 22 
10 37 30 26 
6 32 35 31 
2 
1 
==============================

====== Algorithm Status ======
Valor:                2434
Time:                 2000
nIter:                2077
Best Iter:            2077
Improvement Count:    2076
==============================
Solution tour: 
0 29 40 18 28 1 23 
11 33 25 17 24 
13 21 
12 
7 
9 27 16 34 
5 39 
4 
3 
8 
14 22 
10 37 30 26 
6 32 35 31 
2 
1 
==============================

====== Algorithm Status ======
Valor:                2434
Time:                 4000
nIter:                4201
Best Iter:            4201
Improvement Count:    4200
==============================
Solution tour: 
0 29 40 18 28 1 23 
11 33 25 17 24 
13 21 
12 
7 
9 27 16 34 
5 39 
4 
3 
8 
14 22 
10 37 30 26 
6 32 35 31 
2 
1 
==============================

====== Algorithm Status ======
Valor:                2434
Time:                 8001
nIter:                8505
Best Iter:            8505
Improvement Count:    8504
==============================
Solution tour: 
0 29 40 18 28 1 23 
11 33 25 17 24 
13 21 
12 
7 
9 27 16 34 
5 39 
4 
3 
8 
14 22 
10 37 30 26 
6 32 35 31 
2 
1 
==============================

====== Algorithm Status ======
Valor:                2434
Time:                 16000
nIter:                16893
Best Iter:            16893
Improvement Count:    16892
==============================
Solution tour: 
0 29 40 18 28 1 23 
11 33 25 17 24 
13 21 
12 
7 
9 27 16 34 
5 39 
4 
3 
8 
14 22 
10 37 30 26 
6 32 35 31 
2 
1 
==============================

====== Algorithm Status ======
Valor:                2434
Time:                 32000
nIter:                34457
Best Iter:            34457
Improvement Count:    34456
==============================
Solution tour: 
0 29 40 18 28 1 23 
11 33 25 17 24 
13 21 
12 
7 
9 27 16 34 
5 39 
4 
3 
8 
14 22 
10 37 30 26 
6 32 35 31 
2 
1 
==============================

====== Algorithm Status ======
Valor:                2434
Time:                 64000
nIter:                71993
Best Iter:            71993
Improvement Count:    71992
==============================
Solution tour: 
0 29 40 18 28 1 23 
11 33 25 17 24 
13 21 
12 
7 
9 27 16 34 
5 39 
4 
3 
8 
14 22 
10 37 30 26 
6 32 35 31 
2 
1 
==============================

====== Algorithm Status ======
Valor:                2434
Time:                 128000
nIter:                153155
Best Iter:            153155
Improvement Count:    153154
==============================
Solution tour: 
0 29 40 18 28 1 23 
11 33 25 17 24 
13 21 
12 
7 
9 27 16 34 
5 39 
4 
3 
8 
14 22 
10 37 30 26 
6 32 35 31 
2 
1 
==============================

====== Algorithm Status ======
Valor:                2536
Time:                 256000
nIter:                308450
Best Iter:            308450
Improvement Count:    308449
==============================
Solution tour: 
0 29 40 18 28 23 1 23 
11 33 24 
13 21 32 27 16 34 
5 39 25 17 37 26 30 26 
6 25 35 31 
2 22 
==============================

====== Algorithm Status ======
Valor:                2744
Time:                 512001
nIter:                642873
Best Iter:            642873
Improvement Count:    642872
==============================
Solution tour: 
0 29 35 18 28 
10 23 1 23 
11 33 24 
13 21 36 16 27 32 27 34 25 39 25 30 26 37 26 30 
15 20 40 20 17 22 
==============================

====== Algorithm Status ======
Valor:                2824
Time:                 1024001
nIter:                1295271
Best Iter:            1295271
Improvement Count:    1295272
==============================
Solution tour: 
0 29 35 32 31 18 28 
10 23 1 23 
11 33 24 
13 21 36 16 27 20 40 20 27 34 25 39 25 30 26 37 26 30 
15 24 17 22 
==============================

====== Algorithm Status ======
Valor:                2824
Time:                 1024001
nIter:                1295271
Best Iter:            1295271
Improvement Count:    1295272
==============================
Solution tour: 
0 29 35 32 31 18 28 
10 23 1 23 
11 33 24 
13 21 36 16 27 20 40 20 27 34 25 39 25 30 26 37 26 30 
15 24 17 22 
==============================

