=========== Input ===========
File name:                ./instances/realistic-instances/10-25-1762875.cdop
Total node count:         36
Truck node count:         10
Drone node count:         25
=============================

========== Settings ==========
Settings file:        ./settings/Memetic-LS_MPX_1881515.config
Seed:                 1881515
Reduction method:     -
Max iter:             1024000
Population size:      13
Crossover:            MA-MPX
Local Search:         -
Warm Start:           Mario_WS
==============================

====== Algorithm Status ======
Valor:                2370
Time:                 250
nIter:                320
Best Iter:            320
Improvement Count:    319
==============================
Solution tour: 
0 15 32 25 13 31 
2 17 20 
5 11 23 18 34 29 22 
4 
3 12 
9 
6 
8 30 8 10 35 33 19 21 
7 26 24 27 16 
1 
==============================

====== Algorithm Status ======
Valor:                2386
Time:                 501
nIter:                639
Best Iter:            639
Improvement Count:    638
==============================
Solution tour: 
0 15 32 25 13 31 
9 
6 
8 30 8 10 33 19 21 
7 26 24 27 16 
2 17 20 
5 11 23 18 34 29 22 
4 
3 
10 
1 
==============================

====== Algorithm Status ======
Valor:                2386
Time:                 1000
nIter:                1322
Best Iter:            1322
Improvement Count:    1321
==============================
Solution tour: 
0 15 32 25 13 31 
9 
6 
8 30 8 10 33 19 21 
7 26 24 27 16 
2 17 20 
5 11 23 18 34 29 22 
4 
3 
10 
1 
==============================

====== Algorithm Status ======
Valor:                2386
Time:                 2002
nIter:                2589
Best Iter:            2589
Improvement Count:    2588
==============================
Solution tour: 
0 15 32 25 13 31 
9 
6 
8 30 8 10 33 19 21 
7 26 24 27 16 
2 17 20 
5 11 23 18 34 29 22 
4 
3 
10 
1 
==============================

====== Algorithm Status ======
Valor:                2386
Time:                 4000
nIter:                5212
Best Iter:            5212
Improvement Count:    5211
==============================
Solution tour: 
0 15 32 25 13 31 
9 
6 
8 30 8 10 33 19 21 
7 26 24 27 16 
2 17 20 
5 11 23 18 34 29 22 
4 
3 
10 
1 
==============================

====== Algorithm Status ======
Valor:                2390
Time:                 8002
nIter:                10419
Best Iter:            10419
Improvement Count:    10418
==============================
Solution tour: 
0 15 32 25 13 31 
9 
6 
8 30 8 10 33 19 
7 26 24 27 16 
2 12 20 
5 11 23 18 34 29 22 
4 
3 
10 
1 
==============================

====== Algorithm Status ======
Valor:                2440
Time:                 16000
nIter:                21036
Best Iter:            21036
Improvement Count:    21035
==============================
Solution tour: 
0 15 32 25 13 16 
9 
6 
8 30 8 10 33 19 
7 26 24 27 31 
2 12 20 
5 11 23 18 34 29 22 
4 
3 
10 
1 
==============================

====== Algorithm Status ======
Valor:                2440
Time:                 32000
nIter:                42166
Best Iter:            42166
Improvement Count:    42165
==============================
Solution tour: 
0 15 32 25 13 16 
9 
6 
8 30 8 10 33 19 
7 26 24 27 31 
2 12 20 
5 11 23 18 34 29 22 
4 
3 
10 
1 
==============================

====== Algorithm Status ======
Valor:                2452
Time:                 64000
nIter:                80688
Best Iter:            80688
Improvement Count:    80687
==============================
Solution tour: 
0 15 32 25 13 16 
9 
6 
8 30 8 10 33 19 21 
7 26 24 27 31 
2 17 12 20 
5 11 23 18 34 29 22 
4 
3 
10 
1 
==============================

====== Algorithm Status ======
Valor:                2452
Time:                 128000
nIter:                151006
Best Iter:            151006
Improvement Count:    151005
==============================
Solution tour: 
0 15 32 25 13 16 
9 
6 
8 30 8 10 33 19 21 
7 26 24 27 31 
2 17 12 20 
5 11 23 18 34 29 22 
4 
3 
10 
1 
==============================

====== Algorithm Status ======
Valor:                2452
Time:                 256000
nIter:                307698
Best Iter:            307698
Improvement Count:    307697
==============================
Solution tour: 
0 15 32 25 13 16 
9 
6 
8 30 8 10 33 19 21 
7 26 24 27 31 
2 17 12 20 
5 11 23 18 34 29 22 
4 
3 
10 
1 
==============================

====== Algorithm Status ======
Valor:                2462
Time:                 512002
nIter:                609194
Best Iter:            609194
Improvement Count:    609193
==============================
Solution tour: 
0 15 32 25 13 35 16 
9 
6 
8 30 8 10 33 19 21 
7 26 34 24 27 31 
2 17 12 20 
5 11 23 18 29 22 
4 
3 
10 
1 
==============================

====== Algorithm Status ======
Valor:                2462
Time:                 1024001
nIter:                1212266
Best Iter:            1212266
Improvement Count:    1212267
==============================
Solution tour: 
0 15 32 25 13 35 16 
9 
6 
8 30 8 10 33 19 21 
7 26 34 24 27 31 
2 17 12 20 
5 11 23 18 29 22 
4 
3 
10 
1 
==============================

====== Algorithm Status ======
Valor:                2462
Time:                 1024001
nIter:                1212266
Best Iter:            1212266
Improvement Count:    1212267
==============================
Solution tour: 
0 15 32 25 13 35 16 
9 
6 
8 30 8 10 33 19 21 
7 26 34 24 27 31 
2 17 12 20 
5 11 23 18 29 22 
4 
3 
10 
1 
==============================

