=========== Input ===========
File name:                ./instances/realistic-instances/15-10-1762875.cdop
Total node count:         26
Truck node count:         15
Drone node count:         10
=============================

========== Settings ==========
Settings file:        ./settings/Memetic-LS_MMX_1881515.config
Seed:                 1881515
Reduction method:     -
Max iter:             1024000
Population size:      13
Crossover:            MA-MMX
Local Search:         -
Warm Start:           Mario_WS
==============================

====== Algorithm Status ======
Valor:                1712
Time:                 250
nIter:                636
Best Iter:            636
Improvement Count:    635
==============================
Solution tour: 
0 
2 
9 
12 6 18 23 24 20 23 
5 25 
8 19 
10 
6 12 13 25 
13 21 11 10 
11 21 
14 22 
7 5 
1 17 
==============================

====== Algorithm Status ======
Valor:                1712
Time:                 500
nIter:                1269
Best Iter:            1269
Improvement Count:    1268
==============================
Solution tour: 
0 
2 
9 
12 6 18 23 24 20 23 
5 25 
8 19 
10 
6 12 13 25 
13 21 11 10 
11 21 
14 22 
7 5 
1 17 
==============================

====== Algorithm Status ======
Valor:                1754
Time:                 1000
nIter:                2899
Best Iter:            2899
Improvement Count:    2898
==============================
Solution tour: 
0 17 18 23 24 20 24 23 
5 
8 19 
10 
6 12 13 25 
13 21 11 10 
11 21 
14 22 
7 5 
1 17 
==============================

====== Algorithm Status ======
Valor:                1779
Time:                 2000
nIter:                6072
Best Iter:            6072
Improvement Count:    6071
==============================
Solution tour: 
0 17 18 23 24 23 
5 
8 19 
10 
6 12 13 25 
13 21 11 10 
11 21 
14 22 5 20 5 
1 17 
==============================

====== Algorithm Status ======
Valor:                1810
Time:                 4000
nIter:                12826
Best Iter:            12826
Improvement Count:    12825
==============================
Solution tour: 
0 17 12 17 24 23 
5 
8 19 
10 12 
6 12 13 25 
13 11 10 
11 21 
14 22 20 5 
1 17 
==============================

====== Algorithm Status ======
Valor:                1842
Time:                 8000
nIter:                25940
Best Iter:            25940
Improvement Count:    25939
==============================
Solution tour: 
0 17 12 17 24 23 18 19 
8 19 
10 12 
6 12 13 25 
13 11 10 
11 21 
14 22 20 5 
1 17 
==============================

====== Algorithm Status ======
Valor:                1877
Time:                 16000
nIter:                51572
Best Iter:            51572
Improvement Count:    51571
==============================
Solution tour: 
0 17 13 12 17 24 23 19 
8 19 
10 12 
6 12 13 25 
13 21 11 10 
11 21 
14 22 18 20 5 
1 17 
==============================

====== Algorithm Status ======
Valor:                1877
Time:                 32000
nIter:                101138
Best Iter:            101138
Improvement Count:    101137
==============================
Solution tour: 
0 17 13 12 17 24 23 19 
8 19 
10 12 
6 12 13 25 
13 21 11 10 
11 21 
14 22 18 20 5 
1 17 
==============================

====== Algorithm Status ======
Valor:                1886
Time:                 64000
nIter:                194344
Best Iter:            194344
Improvement Count:    194343
==============================
Solution tour: 
0 17 20 13 12 17 24 23 19 
8 19 
10 12 
6 12 13 25 
13 21 11 10 
11 21 
14 22 18 23 5 
1 17 
==============================

====== Algorithm Status ======
Valor:                1963
Time:                 128000
nIter:                378150
Best Iter:            378150
Improvement Count:    378149
==============================
Solution tour: 
0 17 24 20 16 20 
7 20 13 12 19 
10 19 
8 12 
6 12 13 25 
13 21 11 10 
11 21 
14 22 18 23 5 
1 17 
==============================

====== Algorithm Status ======
Valor:                1965
Time:                 256000
nIter:                773969
Best Iter:            773969
Improvement Count:    773968
==============================
Solution tour: 
0 17 24 20 
7 20 13 12 19 
10 19 
8 12 
6 12 13 25 
13 21 11 10 
11 21 
14 22 18 23 5 
1 16 17 
==============================

====== Algorithm Status ======
Valor:                2016
Time:                 512000
nIter:                1550092
Best Iter:            1550092
Improvement Count:    1550091
==============================
Solution tour: 
0 17 24 20 
7 20 22 19 
10 19 
8 12 
6 12 13 25 
13 21 11 10 
11 21 13 12 18 23 5 
1 16 1 17 
==============================

====== Algorithm Status ======
Valor:                2016
Time:                 1024001
nIter:                3112138
Best Iter:            3112138
Improvement Count:    3112139
==============================
Solution tour: 
0 17 24 20 
7 20 22 19 
10 19 
8 12 
6 12 13 25 
13 21 11 10 
11 21 13 12 18 23 5 
1 16 1 17 
==============================

====== Algorithm Status ======
Valor:                2016
Time:                 1024001
nIter:                3112138
Best Iter:            3112138
Improvement Count:    3112139
==============================
Solution tour: 
0 17 24 20 
7 20 22 19 
10 19 
8 12 
6 12 13 25 
13 21 11 10 
11 21 13 12 18 23 5 
1 16 1 17 
==============================

