=========== Input ===========
File name:                ./instances/realistic-instances/15-25-1767920.cdop
Total node count:         41
Truck node count:         15
Drone node count:         25
=============================

========== Settings ==========
Settings file:        ./settings/Memetic-LS_MPX_1881515.config
Seed:                 1881515
Reduction method:     -
Max iter:             1024000
Population size:      13
Crossover:            MA-MPX
Local Search:         -
Warm Start:           Mario_WS
==============================

====== Algorithm Status ======
Valor:                2253
Time:                 250
nIter:                252
Best Iter:            252
Improvement Count:    251
==============================
Solution tour: 
0 33 15 33 18 
10 23 34 37 22 31 
12 38 24 
14 
11 
13 
9 29 16 30 25 
8 
7 
6 
5 
2 
1 39 32 
4 3 26 27 26 
3 
==============================

====== Algorithm Status ======
Valor:                2253
Time:                 500
nIter:                523
Best Iter:            523
Improvement Count:    522
==============================
Solution tour: 
0 33 15 33 18 
10 23 34 37 22 31 
12 38 24 
14 
11 
13 
9 29 16 30 25 
8 
7 
6 
5 
2 
1 39 32 
4 3 26 27 26 
3 
==============================

====== Algorithm Status ======
Valor:                2253
Time:                 1000
nIter:                1037
Best Iter:            1037
Improvement Count:    1036
==============================
Solution tour: 
0 33 15 33 18 
10 23 34 37 22 31 
12 38 24 
14 
11 
13 
9 29 16 30 25 
8 
7 
6 
5 
2 
1 39 32 
4 3 26 27 26 
3 
==============================

====== Algorithm Status ======
Valor:                2253
Time:                 2000
nIter:                2081
Best Iter:            2081
Improvement Count:    2080
==============================
Solution tour: 
0 33 15 33 18 
10 23 34 37 22 31 
12 38 24 
14 
11 
13 
9 29 16 30 25 
8 
7 
6 
5 
2 
1 39 32 
4 3 26 27 26 
3 
==============================

====== Algorithm Status ======
Valor:                2253
Time:                 4002
nIter:                4245
Best Iter:            4245
Improvement Count:    4244
==============================
Solution tour: 
0 33 15 33 18 
10 23 34 37 22 31 
12 38 24 
14 
11 
13 
9 29 16 30 25 
8 
7 
6 
5 
2 
1 39 32 
4 3 26 27 26 
3 
==============================

====== Algorithm Status ======
Valor:                2253
Time:                 8003
nIter:                8310
Best Iter:            8310
Improvement Count:    8309
==============================
Solution tour: 
0 33 15 33 18 
10 23 34 37 22 31 
12 38 24 
14 
11 
13 
9 29 16 30 25 
8 
7 
6 
5 
2 
1 39 32 
4 3 26 27 26 
3 
==============================

====== Algorithm Status ======
Valor:                2253
Time:                 16000
nIter:                16465
Best Iter:            16465
Improvement Count:    16464
==============================
Solution tour: 
0 33 15 33 18 
10 23 34 37 22 31 
12 38 24 
14 
11 
13 
9 29 16 30 25 
8 
7 
6 
5 
2 
1 39 32 
4 3 26 27 26 
3 
==============================

====== Algorithm Status ======
Valor:                2253
Time:                 32000
nIter:                32995
Best Iter:            32995
Improvement Count:    32994
==============================
Solution tour: 
0 33 15 33 18 
10 23 34 37 22 31 
12 38 24 
14 
11 
13 
9 29 16 30 25 
8 
7 
6 
5 
2 
1 39 32 
4 3 26 27 26 
3 
==============================

====== Algorithm Status ======
Valor:                2253
Time:                 64000
nIter:                65935
Best Iter:            65935
Improvement Count:    65934
==============================
Solution tour: 
0 33 15 33 18 
10 23 34 37 22 31 
12 38 24 
14 
11 
13 
9 29 16 30 25 
8 
7 
6 
5 
2 
1 39 32 
4 3 26 27 26 
3 
==============================

====== Algorithm Status ======
Valor:                2253
Time:                 128000
nIter:                135712
Best Iter:            135712
Improvement Count:    135711
==============================
Solution tour: 
0 33 15 33 18 
10 23 34 37 22 31 
12 38 24 
14 
11 
13 
9 29 16 30 25 
8 
7 
6 
5 
2 
1 39 32 
4 3 26 27 26 
3 
==============================

====== Algorithm Status ======
Valor:                2253
Time:                 256001
nIter:                285945
Best Iter:            285945
Improvement Count:    285944
==============================
Solution tour: 
0 33 15 33 18 
10 23 34 37 22 31 
12 38 24 
14 
11 
13 
9 29 16 30 25 
8 
7 
6 
5 
2 
1 39 32 
4 3 26 27 26 
3 
==============================

====== Algorithm Status ======
Valor:                2253
Time:                 512002
nIter:                570450
Best Iter:            570450
Improvement Count:    570449
==============================
Solution tour: 
0 33 15 33 18 
10 23 34 37 22 31 
12 38 24 
14 
11 
13 
9 29 16 30 25 
8 
7 
6 
5 
2 
1 39 32 
4 3 26 27 26 
3 
==============================

====== Algorithm Status ======
Valor:                2253
Time:                 1024001
nIter:                1141089
Best Iter:            1141089
Improvement Count:    1141090
==============================
Solution tour: 
0 33 15 33 18 
10 23 34 37 22 31 
12 38 24 
14 
11 
13 
9 29 16 30 25 
8 
7 
6 
5 
2 
1 39 32 
4 3 26 27 26 
3 
==============================

====== Algorithm Status ======
Valor:                2253
Time:                 1024001
nIter:                1141089
Best Iter:            1141089
Improvement Count:    1141090
==============================
Solution tour: 
0 33 15 33 18 
10 23 34 37 22 31 
12 38 24 
14 
11 
13 
9 29 16 30 25 
8 
7 
6 
5 
2 
1 39 32 
4 3 26 27 26 
3 
==============================

