=========== Input ===========
File name:                ./instances/realistic-instances/10-25-1891798.cdop
Total node count:         36
Truck node count:         10
Drone node count:         25
=============================

========== Settings ==========
Settings file:        ./settings/Memetic-LS_MPX_1099666.config
Seed:                 1099666
Reduction method:     -
Max iter:             1024000
Population size:      13
Crossover:            MA-MPX
Local Search:         -
Warm Start:           Mario_WS
==============================

====== Algorithm Status ======
Valor:                2344
Time:                 250
nIter:                281
Best Iter:            281
Improvement Count:    280
==============================
Solution tour: 
0 29 28 
8 35 
5 24 9 26 
9 18 
3 
1 
4 30 33 25 21 23 21 16 34 15 11 12 
6 
2 31 
7 19 14 
==============================

====== Algorithm Status ======
Valor:                2344
Time:                 500
nIter:                605
Best Iter:            605
Improvement Count:    604
==============================
Solution tour: 
0 29 28 
8 35 
5 24 9 26 
9 18 
3 
1 
4 30 33 25 21 23 21 16 34 15 11 12 
6 
2 31 
7 19 14 
==============================

====== Algorithm Status ======
Valor:                2344
Time:                 1000
nIter:                1243
Best Iter:            1243
Improvement Count:    1242
==============================
Solution tour: 
0 29 28 
8 35 
5 24 9 26 
9 18 
3 
1 
4 30 33 25 21 23 21 16 34 15 11 12 
6 
2 31 
7 19 14 
==============================

====== Algorithm Status ======
Valor:                2344
Time:                 2000
nIter:                2352
Best Iter:            2352
Improvement Count:    2351
==============================
Solution tour: 
0 29 28 
8 35 
5 24 9 26 
9 18 
3 
1 
4 30 33 25 21 23 21 16 34 15 11 12 
6 
2 31 
7 19 14 
==============================

====== Algorithm Status ======
Valor:                2344
Time:                 4000
nIter:                4627
Best Iter:            4627
Improvement Count:    4626
==============================
Solution tour: 
0 29 28 
8 35 
5 24 9 26 
9 18 
3 
1 
4 30 33 25 21 23 21 16 34 15 11 12 
6 
2 31 
7 19 14 
==============================

====== Algorithm Status ======
Valor:                2344
Time:                 8000
nIter:                9225
Best Iter:            9225
Improvement Count:    9224
==============================
Solution tour: 
0 29 28 
8 35 
5 24 9 26 
9 18 
3 
1 
4 30 33 25 21 23 21 16 34 15 11 12 
6 
2 31 
7 19 14 
==============================

====== Algorithm Status ======
Valor:                2344
Time:                 16000
nIter:                18552
Best Iter:            18552
Improvement Count:    18551
==============================
Solution tour: 
0 29 28 
8 35 
5 24 9 26 
9 18 
3 
1 
4 30 33 25 21 23 21 16 34 15 11 12 
6 
2 31 
7 19 14 
==============================

====== Algorithm Status ======
Valor:                2344
Time:                 32000
nIter:                37842
Best Iter:            37842
Improvement Count:    37841
==============================
Solution tour: 
0 29 28 
8 35 
5 24 9 26 
9 18 
3 
1 
4 30 33 25 21 23 21 16 34 15 11 12 
6 
2 31 
7 19 14 
==============================

====== Algorithm Status ======
Valor:                2344
Time:                 64000
nIter:                79220
Best Iter:            79220
Improvement Count:    79219
==============================
Solution tour: 
0 29 28 
8 35 
5 24 9 26 
9 18 
3 
1 
4 30 33 25 21 23 21 16 34 15 11 12 
6 
2 31 
7 19 14 
==============================

====== Algorithm Status ======
Valor:                2344
Time:                 128002
nIter:                161655
Best Iter:            161655
Improvement Count:    161654
==============================
Solution tour: 
0 29 28 
8 35 
5 24 9 26 
9 18 
3 
1 
4 30 33 25 21 23 21 16 34 15 11 12 
6 
2 31 
7 19 14 
==============================

====== Algorithm Status ======
Valor:                2344
Time:                 256000
nIter:                308989
Best Iter:            308989
Improvement Count:    308988
==============================
Solution tour: 
0 29 28 
8 35 
5 24 9 26 
9 18 
3 
1 
4 30 33 25 21 23 21 16 34 15 11 12 
6 
2 31 
7 19 14 
==============================

====== Algorithm Status ======
Valor:                2344
Time:                 512000
nIter:                624120
Best Iter:            624120
Improvement Count:    624119
==============================
Solution tour: 
0 29 28 
8 35 
5 24 9 26 
9 18 
3 
1 
4 30 33 25 21 23 21 16 34 15 11 12 
6 
2 31 
7 19 14 
==============================

====== Algorithm Status ======
Valor:                2344
Time:                 1024002
nIter:                1230975
Best Iter:            1230975
Improvement Count:    1230976
==============================
Solution tour: 
0 29 28 
8 35 
5 24 9 26 
9 18 
3 
1 
4 30 33 25 21 23 21 16 34 15 11 12 
6 
2 31 
7 19 14 
==============================

====== Algorithm Status ======
Valor:                2344
Time:                 1024002
nIter:                1230975
Best Iter:            1230975
Improvement Count:    1230976
==============================
Solution tour: 
0 29 28 
8 35 
5 24 9 26 
9 18 
3 
1 
4 30 33 25 21 23 21 16 34 15 11 12 
6 
2 31 
7 19 14 
==============================

