=========== Input ===========
File name:                ./instances/realistic-instances/15-40-1110588.cdop
Total node count:         56
Truck node count:         15
Drone node count:         40
=============================

========== Settings ==========
Settings file:        ./settings/Memetic_MPX_1287823.config
Seed:                 1287823
Reduction method:     -
Max iter:             1024000
Population size:      13
Crossover:            MA-MPX
Local Search:         LS
Warm Start:           Mario_WS
==============================

====== Algorithm Status ======
Valor:                2945
Time:                 257
nIter:                23
Best Iter:            23
Improvement Count:    22
==============================
Solution tour: 
0 29 20 27 17 
2 21 35 40 49 34 37 44 33 48 
14 2 5 
11 24 32 47 18 38 41 47 39 
8 
7 
6 2 42 25 30 33 53 51 52 22 44 26 16 45 46 36 43 
15 19 
12 29 
1 
5 
3 
4 
13 21 38 41 50 21 23 54 28 55 
10 
9 
==============================

====== Algorithm Status ======
Valor:                3099
Time:                 505
nIter:                53
Best Iter:            53
Improvement Count:    52
==============================
Solution tour: 
0 29 
4 
3 
5 
11 43 24 32 47 18 38 41 47 39 
14 40 49 20 27 
8 
7 
6 2 42 25 34 25 48 30 48 33 53 51 23 37 50 21 35 52 22 44 26 16 45 46 36 43 
15 19 
12 4 
13 55 
10 55 
9 17 54 28 
1 
2 
==============================

====== Algorithm Status ======
Valor:                3099
Time:                 1006
nIter:                99
Best Iter:            99
Improvement Count:    98
==============================
Solution tour: 
0 29 
4 
3 
5 
11 43 24 32 47 18 38 41 47 39 
14 40 49 20 27 
8 
7 
6 2 42 25 34 25 48 30 48 33 53 51 23 37 50 21 35 52 22 44 26 16 45 46 36 43 
15 19 
12 4 
13 55 
10 55 
9 17 54 28 
1 
2 
==============================

====== Algorithm Status ======
Valor:                3126
Time:                 2002
nIter:                194
Best Iter:            194
Improvement Count:    193
==============================
Solution tour: 
0 29 
8 27 
7 
6 2 25 34 25 42 30 33 53 51 22 37 18 47 21 35 52 23 50 38 41 28 16 24 43 
15 19 
12 4 
13 49 55 
10 55 40 
9 20 17 54 
1 29 
4 
3 
2 
5 
11 36 46 32 45 26 44 33 48 
14 39 
==============================

====== Algorithm Status ======
Valor:                3126
Time:                 4008
nIter:                385
Best Iter:            385
Improvement Count:    384
==============================
Solution tour: 
0 29 
8 27 
7 
6 2 25 34 25 42 30 33 53 51 22 37 18 47 21 35 52 23 50 38 41 28 16 24 43 
15 19 
12 4 
13 49 55 
10 55 40 
9 20 17 54 
1 29 
4 
3 
2 
5 
11 36 46 32 45 26 44 33 48 
14 39 
==============================

====== Algorithm Status ======
Valor:                3126
Time:                 8003
nIter:                744
Best Iter:            744
Improvement Count:    743
==============================
Solution tour: 
0 29 
8 27 
7 
6 2 25 34 25 42 30 33 53 51 22 37 18 47 21 35 52 23 50 38 41 28 16 24 43 
15 19 
12 4 
13 49 55 
10 55 40 
9 20 17 54 
1 29 
4 
3 
2 
5 
11 36 46 32 45 26 44 33 48 
14 39 
==============================

====== Algorithm Status ======
Valor:                3126
Time:                 16000
nIter:                1456
Best Iter:            1456
Improvement Count:    1455
==============================
Solution tour: 
0 29 
8 27 
7 
6 2 25 34 25 42 30 33 53 51 22 37 18 47 21 35 52 23 50 38 41 28 16 24 43 
15 19 
12 4 
13 49 55 
10 55 40 
9 20 17 54 
1 29 
4 
3 
2 
5 
11 36 46 32 45 26 44 33 48 
14 39 
==============================

====== Algorithm Status ======
Valor:                3126
Time:                 32007
nIter:                2841
Best Iter:            2841
Improvement Count:    2840
==============================
Solution tour: 
0 29 
8 27 
7 
6 2 25 34 25 42 30 33 53 51 22 37 18 47 21 35 52 23 50 38 41 28 16 24 43 
15 19 
12 4 
13 49 55 
10 55 40 
9 20 17 54 
1 29 
4 
3 
2 
5 
11 36 46 32 45 26 44 33 48 
14 39 
==============================

====== Algorithm Status ======
Valor:                3182
Time:                 64007
nIter:                5614
Best Iter:            5614
Improvement Count:    5613
==============================
Solution tour: 
0 45 32 46 36 49 20 
8 27 
7 
6 2 25 34 25 42 48 30 33 53 39 51 22 37 26 44 18 47 21 35 52 23 50 38 41 28 16 24 43 
15 19 
12 
3 
4 
1 29 
13 49 55 
10 55 40 
9 20 17 54 17 
11 
5 
2 
==============================

====== Algorithm Status ======
Valor:                3182
Time:                 128022
nIter:                11281
Best Iter:            11281
Improvement Count:    11280
==============================
Solution tour: 
0 45 32 46 36 49 20 
8 27 
7 
6 2 25 34 25 42 48 30 33 53 39 51 22 37 26 44 18 47 21 35 52 23 50 38 41 28 16 24 43 
15 19 
12 
3 
4 
1 29 
13 49 55 
10 55 40 
9 20 17 54 17 
11 
5 
2 
==============================

====== Algorithm Status ======
Valor:                3182
Time:                 256021
nIter:                23326
Best Iter:            23326
Improvement Count:    23325
==============================
Solution tour: 
0 45 32 46 36 49 20 
8 27 
7 
6 2 25 34 25 42 48 30 33 53 39 51 22 37 26 44 18 47 21 35 52 23 50 38 41 28 16 24 43 
15 19 
12 
3 
4 
1 29 
13 49 55 
10 55 40 
9 20 17 54 17 
11 
5 
2 
==============================

====== Algorithm Status ======
Valor:                3213
Time:                 512030
nIter:                46386
Best Iter:            46386
Improvement Count:    46385
==============================
Solution tour: 
0 45 32 47 32 46 36 49 40 20 
8 27 
7 
6 2 25 34 25 42 
14 30 33 53 33 48 39 51 22 37 26 44 18 47 21 35 52 23 50 38 41 28 16 24 43 
15 43 19 
12 
3 
4 
1 29 4 35 
13 
9 17 54 17 
11 55 
10 
5 
2 
==============================

====== Algorithm Status ======
Valor:                3227
Time:                 1024010
nIter:                90452
Best Iter:            90452
Improvement Count:    90453
==============================
Solution tour: 
0 45 32 47 32 46 36 49 40 20 
8 27 
7 
6 2 25 34 25 42 
14 30 33 53 33 30 48 39 51 22 37 26 44 18 47 21 35 52 23 50 38 41 28 16 24 43 
15 43 19 
12 
3 
4 
1 29 4 35 4 
13 
9 17 54 17 
11 55 45 
==============================

====== Algorithm Status ======
Valor:                3227
Time:                 1024010
nIter:                90452
Best Iter:            90452
Improvement Count:    90453
==============================
Solution tour: 
0 45 32 47 32 46 36 49 40 20 
8 27 
7 
6 2 25 34 25 42 
14 30 33 53 33 30 48 39 51 22 37 26 44 18 47 21 35 52 23 50 38 41 28 16 24 43 
15 43 19 
12 
3 
4 
1 29 4 35 4 
13 
9 17 54 17 
11 55 45 
==============================

