=========== Input ===========
File name:                ./instances/realistic-instances/10-10-1917698.cdop
Total node count:         21
Truck node count:         10
Drone node count:         10
=============================

========== Settings ==========
Settings file:        ./settings/Memetic-LS_MMX_1287823.config
Seed:                 1287823
Reduction method:     -
Max iter:             1024000
Population size:      13
Crossover:            MA-MMX
Local Search:         -
Warm Start:           Mario_WS
==============================

====== Algorithm Status ======
Valor:                1675
Time:                 250
nIter:                894
Best Iter:            894
Improvement Count:    893
==============================
Solution tour: 
0 11 13 19 14 
5 11 
4 
3 10 
6 20 
1 10 17 10 
2 10 12 10 18 0 16 15 16 
==============================

====== Algorithm Status ======
Valor:                1705
Time:                 500
nIter:                1850
Best Iter:            1850
Improvement Count:    1849
==============================
Solution tour: 
0 11 13 19 14 
5 11 
4 
3 10 
6 20 10 17 10 
2 10 12 15 0 18 0 16 15 16 
==============================

====== Algorithm Status ======
Valor:                1785
Time:                 1000
nIter:                3835
Best Iter:            3835
Improvement Count:    3834
==============================
Solution tour: 
0 15 14 13 19 14 6 11 
4 
3 10 
6 20 10 17 10 
2 10 12 15 0 16 15 16 
==============================

====== Algorithm Status ======
Valor:                1785
Time:                 2000
nIter:                7586
Best Iter:            7586
Improvement Count:    7585
==============================
Solution tour: 
0 15 14 13 19 14 6 11 
4 
3 10 
6 20 10 17 10 
2 10 12 15 0 16 15 16 
==============================

====== Algorithm Status ======
Valor:                1785
Time:                 4000
nIter:                15205
Best Iter:            15205
Improvement Count:    15204
==============================
Solution tour: 
0 15 14 13 19 14 6 11 
4 
3 10 
6 20 10 17 10 
2 10 12 15 0 16 15 16 
==============================

====== Algorithm Status ======
Valor:                1785
Time:                 8000
nIter:                30968
Best Iter:            30968
Improvement Count:    30967
==============================
Solution tour: 
0 15 14 13 19 14 6 11 
4 
3 10 
6 20 10 17 10 
2 10 12 15 0 16 15 16 
==============================

====== Algorithm Status ======
Valor:                1844
Time:                 16000
nIter:                61686
Best Iter:            61686
Improvement Count:    61685
==============================
Solution tour: 
0 18 13 19 14 6 11 
4 
3 10 
6 20 12 20 6 10 17 10 
2 10 0 16 15 0 15 16 
==============================

====== Algorithm Status ======
Valor:                1844
Time:                 32000
nIter:                124060
Best Iter:            124060
Improvement Count:    124059
==============================
Solution tour: 
0 18 13 19 14 6 11 
4 
3 10 
6 20 12 20 6 10 17 10 
2 10 0 16 15 0 15 16 
==============================

====== Algorithm Status ======
Valor:                1844
Time:                 64000
nIter:                254378
Best Iter:            254378
Improvement Count:    254377
==============================
Solution tour: 
0 18 13 19 14 6 11 
4 
3 10 
6 20 12 20 6 10 17 10 
2 10 0 16 15 0 15 16 
==============================

====== Algorithm Status ======
Valor:                1844
Time:                 128000
nIter:                495612
Best Iter:            495612
Improvement Count:    495611
==============================
Solution tour: 
0 18 13 19 14 6 11 
4 
3 10 
6 20 12 20 6 10 17 10 
2 10 0 16 15 0 15 16 
==============================

====== Algorithm Status ======
Valor:                1871
Time:                 256000
nIter:                1003886
Best Iter:            1003886
Improvement Count:    1003885
==============================
Solution tour: 
0 18 13 19 14 12 20 6 11 6 10 
3 10 17 10 
2 0 16 15 0 
9 0 15 16 
==============================

====== Algorithm Status ======
Valor:                1915
Time:                 512000
nIter:                1972603
Best Iter:            1972603
Improvement Count:    1972602
==============================
Solution tour: 
0 18 13 19 12 14 6 20 6 11 6 10 
3 10 17 10 
2 0 16 15 0 
9 0 15 16 
==============================

====== Algorithm Status ======
Valor:                1915
Time:                 1024001
nIter:                3912057
Best Iter:            3912057
Improvement Count:    3912058
==============================
Solution tour: 
0 18 13 19 12 14 6 20 6 11 6 10 
3 10 17 10 
2 0 16 15 0 
9 0 15 16 
==============================

====== Algorithm Status ======
Valor:                1915
Time:                 1024001
nIter:                3912057
Best Iter:            3912057
Improvement Count:    3912058
==============================
Solution tour: 
0 18 13 19 12 14 6 20 6 11 6 10 
3 10 17 10 
2 0 16 15 0 
9 0 15 16 
==============================

