=========== Input ===========
File name:                ./instances/realistic-instances/15-10-1891798.cdop
Total node count:         26
Truck node count:         15
Drone node count:         10
=============================

========== Settings ==========
Settings file:        ./settings/Memetic_MMX_1099666.config
Seed:                 1099666
Reduction method:     -
Max iter:             1024000
Population size:      13
Crossover:            MA-MMX
Local Search:         LS
Warm Start:           Mario_WS
==============================

====== Algorithm Status ======
Valor:                1979
Time:                 251
nIter:                144
Best Iter:            144
Improvement Count:    143
==============================
Solution tour: 
0 5 0 17 
1 10 1 17 23 3 8 
11 8 7 8 24 12 25 19 21 16 20 22 18 22 17 
==============================

====== Algorithm Status ======
Valor:                1979
Time:                 500
nIter:                307
Best Iter:            307
Improvement Count:    306
==============================
Solution tour: 
0 5 0 17 
1 10 1 17 23 3 8 
11 8 7 8 24 12 25 19 21 16 20 22 18 22 17 
==============================

====== Algorithm Status ======
Valor:                2014
Time:                 1000
nIter:                644
Best Iter:            644
Improvement Count:    643
==============================
Solution tour: 
0 5 0 17 5 17 23 10 
1 10 12 8 
11 8 7 8 24 12 25 12 16 21 16 19 20 22 18 22 17 
==============================

====== Algorithm Status ======
Valor:                2014
Time:                 2000
nIter:                1278
Best Iter:            1278
Improvement Count:    1277
==============================
Solution tour: 
0 5 0 17 5 17 23 10 
1 10 12 8 
11 8 7 8 24 12 25 12 16 21 16 19 20 22 18 22 17 
==============================

====== Algorithm Status ======
Valor:                2016
Time:                 4001
nIter:                2493
Best Iter:            2493
Improvement Count:    2492
==============================
Solution tour: 
0 17 5 0 5 17 23 10 
1 10 12 24 8 
11 8 7 8 24 12 25 12 16 21 16 20 22 18 19 18 22 17 
==============================

====== Algorithm Status ======
Valor:                2016
Time:                 8001
nIter:                5062
Best Iter:            5062
Improvement Count:    5061
==============================
Solution tour: 
0 17 5 0 5 17 23 10 
1 10 12 24 8 
11 8 7 8 24 12 25 12 16 21 16 20 22 18 19 18 22 17 
==============================

====== Algorithm Status ======
Valor:                2016
Time:                 16000
nIter:                10190
Best Iter:            10190
Improvement Count:    10189
==============================
Solution tour: 
0 17 5 0 5 17 23 10 
1 10 12 24 8 
11 8 7 8 24 12 25 12 16 21 16 20 22 18 19 18 22 17 
==============================

====== Algorithm Status ======
Valor:                2016
Time:                 32001
nIter:                20585
Best Iter:            20585
Improvement Count:    20584
==============================
Solution tour: 
0 17 5 0 5 17 23 10 
1 10 12 24 8 
11 8 7 8 24 12 25 12 16 21 16 20 22 18 19 18 22 17 
==============================

====== Algorithm Status ======
Valor:                2016
Time:                 64001
nIter:                40397
Best Iter:            40397
Improvement Count:    40396
==============================
Solution tour: 
0 17 5 0 5 17 23 10 
1 10 12 24 8 
11 8 7 8 24 12 25 12 16 21 16 20 22 18 19 18 22 17 
==============================

====== Algorithm Status ======
Valor:                2016
Time:                 128001
nIter:                76345
Best Iter:            76345
Improvement Count:    76344
==============================
Solution tour: 
0 17 5 0 5 17 23 10 
1 10 12 24 8 
11 8 7 8 24 12 25 12 16 21 16 20 22 18 19 18 22 17 
==============================

====== Algorithm Status ======
Valor:                2016
Time:                 256000
nIter:                151202
Best Iter:            151202
Improvement Count:    151201
==============================
Solution tour: 
0 17 5 0 5 17 23 10 
1 10 12 24 8 
11 8 7 8 24 12 25 12 16 21 16 20 22 18 19 18 22 17 
==============================

====== Algorithm Status ======
Valor:                2029
Time:                 512001
nIter:                299239
Best Iter:            299239
Improvement Count:    299238
==============================
Solution tour: 
0 17 5 0 5 17 23 10 
1 10 12 24 12 25 12 16 21 7 8 
11 8 7 19 18 21 16 20 22 18 22 17 
==============================

====== Algorithm Status ======
Valor:                2029
Time:                 1024001
nIter:                581570
Best Iter:            581570
Improvement Count:    581571
==============================
Solution tour: 
0 17 5 0 5 17 23 10 
1 10 12 24 12 25 12 16 21 7 8 
11 8 7 19 18 21 16 20 22 18 22 17 
==============================

====== Algorithm Status ======
Valor:                2029
Time:                 1024001
nIter:                581570
Best Iter:            581570
Improvement Count:    581571
==============================
Solution tour: 
0 17 5 0 5 17 23 10 
1 10 12 24 12 25 12 16 21 7 8 
11 8 7 19 18 21 16 20 22 18 22 17 
==============================

