=========== Input ===========
File name:                ./instances/realistic-instances/15-10-1767920.cdop
Total node count:         26
Truck node count:         15
Drone node count:         10
=============================

========== Settings ==========
Settings file:        ./settings/Memetic-LS_MMX_1287823.config
Seed:                 1287823
Reduction method:     -
Max iter:             1024000
Population size:      13
Crossover:            MA-MMX
Local Search:         -
Warm Start:           Mario_WS
==============================

====== Algorithm Status ======
Valor:                1769
Time:                 250
nIter:                673
Best Iter:            673
Improvement Count:    672
==============================
Solution tour: 
0 10 24 
10 23 21 17 
4 2 18 
2 25 2 7 9 7 16 7 19 
7 
11 
13 20 13 
8 
==============================

====== Algorithm Status ======
Valor:                1780
Time:                 500
nIter:                1481
Best Iter:            1481
Improvement Count:    1480
==============================
Solution tour: 
0 10 24 
10 23 21 17 
4 2 18 
2 25 2 7 9 7 16 7 19 
7 
11 
13 20 13 22 
==============================

====== Algorithm Status ======
Valor:                1780
Time:                 1000
nIter:                3037
Best Iter:            3037
Improvement Count:    3036
==============================
Solution tour: 
0 10 24 
10 23 21 17 
4 2 18 
2 25 2 7 9 7 16 7 19 
7 
11 
13 20 13 22 
==============================

====== Algorithm Status ======
Valor:                1780
Time:                 2000
nIter:                6236
Best Iter:            6236
Improvement Count:    6235
==============================
Solution tour: 
0 10 24 
10 23 21 17 
4 2 18 
2 25 2 7 9 7 16 7 19 
7 
11 
13 20 13 22 
==============================

====== Algorithm Status ======
Valor:                1780
Time:                 4000
nIter:                12765
Best Iter:            12765
Improvement Count:    12764
==============================
Solution tour: 
0 10 24 
10 23 21 17 
4 2 18 
2 25 2 7 9 7 16 7 19 
7 
11 
13 20 13 22 
==============================

====== Algorithm Status ======
Valor:                1780
Time:                 8000
nIter:                25674
Best Iter:            25674
Improvement Count:    25673
==============================
Solution tour: 
0 10 24 
10 23 21 17 
4 2 18 
2 25 2 7 9 7 16 7 19 
7 
11 
13 20 13 22 
==============================

====== Algorithm Status ======
Valor:                1780
Time:                 16000
nIter:                52376
Best Iter:            52376
Improvement Count:    52375
==============================
Solution tour: 
0 10 24 
10 23 21 17 
4 2 18 
2 25 2 7 9 7 16 7 19 
7 
11 
13 20 13 22 
==============================

====== Algorithm Status ======
Valor:                1876
Time:                 32000
nIter:                105389
Best Iter:            105389
Improvement Count:    105388
==============================
Solution tour: 
0 10 24 
10 21 17 21 25 2 18 
2 
12 9 7 16 7 19 
7 
9 20 23 20 13 20 
8 
==============================

====== Algorithm Status ======
Valor:                1900
Time:                 64000
nIter:                215070
Best Iter:            215070
Improvement Count:    215069
==============================
Solution tour: 
0 10 24 
10 2 25 21 17 21 25 2 18 
2 
12 9 7 16 7 19 
7 
9 23 20 13 20 
8 
==============================

====== Algorithm Status ======
Valor:                1900
Time:                 128000
nIter:                443248
Best Iter:            443248
Improvement Count:    443247
==============================
Solution tour: 
0 10 24 
10 2 25 21 17 21 25 2 18 
2 
12 9 7 16 7 19 
7 
9 23 20 13 20 
8 
==============================

====== Algorithm Status ======
Valor:                1942
Time:                 256000
nIter:                839250
Best Iter:            839250
Improvement Count:    839249
==============================
Solution tour: 
0 10 24 17 21 17 21 25 2 18 
4 18 
2 
12 9 7 16 7 19 
7 
9 23 20 13 20 
8 
==============================

====== Algorithm Status ======
Valor:                1951
Time:                 512000
nIter:                1686950
Best Iter:            1686950
Improvement Count:    1686949
==============================
Solution tour: 
0 8 17 21 17 24 25 2 18 
4 18 
2 
12 9 7 16 7 19 
7 
9 23 20 13 20 
8 
==============================

====== Algorithm Status ======
Valor:                1951
Time:                 1024001
nIter:                3404763
Best Iter:            3404763
Improvement Count:    3404764
==============================
Solution tour: 
0 8 17 21 17 24 25 2 18 
4 18 
2 
12 9 7 16 7 19 
7 
9 23 20 13 20 
8 
==============================

====== Algorithm Status ======
Valor:                1951
Time:                 1024001
nIter:                3404763
Best Iter:            3404763
Improvement Count:    3404764
==============================
Solution tour: 
0 8 17 21 17 24 25 2 18 
4 18 
2 
12 9 7 16 7 19 
7 
9 23 20 13 20 
8 
==============================

