=========== Input ===========
File name:                ./instances/realistic-instances/10-25-1767920.cdop
Total node count:         36
Truck node count:         10
Drone node count:         25
=============================

========== Settings ==========
Settings file:        ./settings/Memetic_MMX_1099666.config
Seed:                 1099666
Reduction method:     -
Max iter:             1024000
Population size:      13
Crossover:            MA-MMX
Local Search:         LS
Warm Start:           Mario_WS
==============================

====== Algorithm Status ======
Valor:                2364
Time:                 250
nIter:                61
Best Iter:            61
Improvement Count:    60
==============================
Solution tour: 
0 23 33 11 32 31 32 34 30 23 15 13 19 13 
3 19 3 20 26 35 28 12 27 17 
9 27 25 16 21 24 
2 24 18 4 29 
==============================

====== Algorithm Status ======
Valor:                2387
Time:                 502
nIter:                117
Best Iter:            117
Improvement Count:    116
==============================
Solution tour: 
0 17 27 28 11 32 31 32 34 30 33 23 15 13 19 10 19 13 
3 19 3 20 29 26 35 25 12 27 25 16 21 24 
2 24 18 4 29 
==============================

====== Algorithm Status ======
Valor:                2393
Time:                 1003
nIter:                249
Best Iter:            249
Improvement Count:    248
==============================
Solution tour: 
0 17 27 28 11 32 31 32 34 30 33 23 15 13 19 10 19 13 
3 19 3 20 26 35 25 12 25 16 21 24 
2 24 18 4 29 
==============================

====== Algorithm Status ======
Valor:                2399
Time:                 2000
nIter:                487
Best Iter:            487
Improvement Count:    486
==============================
Solution tour: 
0 17 27 25 11 32 31 32 34 30 33 23 33 28 15 13 19 13 10 19 
3 20 26 35 25 12 25 16 21 16 24 
2 24 18 4 29 
==============================

====== Algorithm Status ======
Valor:                2417
Time:                 4003
nIter:                988
Best Iter:            988
Improvement Count:    987
==============================
Solution tour: 
0 17 27 25 11 33 28 15 34 32 31 32 13 19 13 10 19 
3 20 26 35 19 12 25 16 21 16 30 23 24 
2 24 18 4 29 
==============================

====== Algorithm Status ======
Valor:                2417
Time:                 8002
nIter:                1969
Best Iter:            1969
Improvement Count:    1968
==============================
Solution tour: 
0 17 27 25 11 33 28 15 34 32 31 32 13 19 13 10 19 
3 20 26 35 19 12 25 16 21 16 30 23 24 
2 24 18 4 29 
==============================

====== Algorithm Status ======
Valor:                2417
Time:                 16001
nIter:                3903
Best Iter:            3903
Improvement Count:    3902
==============================
Solution tour: 
0 17 27 25 11 33 28 15 34 32 31 32 13 19 13 10 19 
3 20 26 35 19 12 25 16 21 16 30 23 24 
2 24 18 4 29 
==============================

====== Algorithm Status ======
Valor:                2479
Time:                 32000
nIter:                7791
Best Iter:            7791
Improvement Count:    7790
==============================
Solution tour: 
0 11 13 
8 13 19 10 19 13 28 35 26 19 
3 19 12 27 12 17 25 16 30 33 23 15 34 32 31 18 24 
2 24 21 16 21 20 29 
==============================

====== Algorithm Status ======
Valor:                2485
Time:                 64002
nIter:                15327
Best Iter:            15327
Improvement Count:    15326
==============================
Solution tour: 
0 11 10 19 13 
8 13 19 10 28 35 26 19 
3 19 12 27 17 12 25 16 30 33 23 15 34 32 31 18 24 
2 24 21 16 21 20 29 
==============================

====== Algorithm Status ======
Valor:                2493
Time:                 128008
nIter:                31407
Best Iter:            31407
Improvement Count:    31406
==============================
Solution tour: 
0 11 10 19 13 
8 13 19 10 28 35 26 19 
3 19 12 17 27 25 16 30 23 33 23 15 34 32 31 32 18 24 
2 24 21 16 21 20 29 
==============================

====== Algorithm Status ======
Valor:                2509
Time:                 256003
nIter:                62385
Best Iter:            62385
Improvement Count:    62384
==============================
Solution tour: 
0 29 20 26 35 28 32 31 32 11 10 19 13 
8 13 19 
3 19 12 17 27 25 16 30 23 33 23 15 34 18 24 
2 24 21 16 25 11 
==============================

====== Algorithm Status ======
Valor:                2509
Time:                 512001
nIter:                126764
Best Iter:            126764
Improvement Count:    126763
==============================
Solution tour: 
0 29 20 26 35 28 32 31 32 11 10 19 13 
8 13 19 
3 19 12 17 27 25 16 30 23 33 23 15 34 18 24 
2 24 21 16 25 11 
==============================

====== Algorithm Status ======
Valor:                2509
Time:                 1024004
nIter:                254647
Best Iter:            254647
Improvement Count:    254648
==============================
Solution tour: 
0 29 20 26 35 28 32 31 32 11 10 19 13 
8 13 19 
3 19 12 17 27 25 16 30 23 33 23 15 34 18 24 
2 24 21 16 25 11 
==============================

====== Algorithm Status ======
Valor:                2509
Time:                 1024004
nIter:                254647
Best Iter:            254647
Improvement Count:    254648
==============================
Solution tour: 
0 29 20 26 35 28 32 31 32 11 10 19 13 
8 13 19 
3 19 12 17 27 25 16 30 23 33 23 15 34 18 24 
2 24 21 16 25 11 
==============================

