=========== Input ===========
File name:                ./instances/realistic-instances/10-25-1110588.cdop
Total node count:         36
Truck node count:         10
Drone node count:         25
=============================

========== Settings ==========
Settings file:        ./settings/Memetic_MPX_1881515.config
Seed:                 1881515
Reduction method:     -
Max iter:             1024000
Population size:      13
Crossover:            MA-MPX
Local Search:         LS
Warm Start:           Mario_WS
==============================

====== Algorithm Status ======
Valor:                2691
Time:                 250
nIter:                67
Best Iter:            67
Improvement Count:    66
==============================
Solution tour: 
0 
1 31 
3 16 27 13 19 29 
4 
7 26 33 10 
8 
10 33 14 34 32 30 
2 5 12 
5 2 11 24 11 18 
6 18 22 18 26 35 15 25 28 17 20 23 
9 1 
==============================

====== Algorithm Status ======
Valor:                2691
Time:                 500
nIter:                127
Best Iter:            127
Improvement Count:    126
==============================
Solution tour: 
0 
1 31 
3 16 27 13 19 29 
4 
7 26 33 10 
8 
10 33 14 34 32 30 
2 5 12 
5 2 11 24 11 18 
6 18 22 18 26 35 15 25 28 17 20 23 
9 1 
==============================

====== Algorithm Status ======
Valor:                2699
Time:                 1002
nIter:                244
Best Iter:            244
Improvement Count:    243
==============================
Solution tour: 
0 
1 31 
3 16 27 13 19 29 
4 
7 26 33 10 
8 
10 33 14 34 32 30 
2 5 12 
5 2 11 24 11 18 22 18 
6 15 25 35 28 17 20 23 
9 1 
==============================

====== Algorithm Status ======
Valor:                2699
Time:                 2003
nIter:                480
Best Iter:            480
Improvement Count:    479
==============================
Solution tour: 
0 
1 31 
3 16 27 13 19 29 
4 
7 26 33 10 
8 
10 33 14 34 32 30 
2 5 12 
5 2 11 24 11 18 22 18 
6 15 25 35 28 17 20 23 
9 1 
==============================

====== Algorithm Status ======
Valor:                2708
Time:                 4001
nIter:                969
Best Iter:            969
Improvement Count:    968
==============================
Solution tour: 
0 
1 31 
3 16 27 13 24 19 29 
4 
7 26 33 10 
8 
10 33 34 32 
2 5 12 
5 30 11 24 11 22 18 
6 15 25 28 17 20 23 
9 1 
==============================

====== Algorithm Status ======
Valor:                2708
Time:                 8004
nIter:                1940
Best Iter:            1940
Improvement Count:    1939
==============================
Solution tour: 
0 
1 31 
3 16 27 13 24 19 29 
4 
7 26 33 10 
8 
10 33 34 32 
2 5 12 
5 30 11 24 11 22 18 
6 15 25 28 17 20 23 
9 1 
==============================

====== Algorithm Status ======
Valor:                2734
Time:                 16000
nIter:                3980
Best Iter:            3980
Improvement Count:    3979
==============================
Solution tour: 
0 22 18 
6 15 25 35 28 17 20 23 
9 
1 31 
3 16 27 13 24 11 24 19 29 
4 
7 26 33 
10 
8 10 33 14 34 32 30 
2 5 12 5 
==============================

====== Algorithm Status ======
Valor:                2734
Time:                 32000
nIter:                8133
Best Iter:            8133
Improvement Count:    8132
==============================
Solution tour: 
0 22 18 
6 15 25 35 28 17 20 23 
9 
1 31 
3 16 27 13 24 11 24 19 29 
4 
7 26 33 
10 
8 10 33 14 34 32 30 
2 5 12 5 
==============================

====== Algorithm Status ======
Valor:                2742
Time:                 64002
nIter:                16543
Best Iter:            16543
Improvement Count:    16542
==============================
Solution tour: 
0 
6 15 25 28 17 20 23 
9 
1 31 
3 16 27 13 24 11 24 19 29 
4 
7 26 33 
10 
8 10 33 35 21 34 32 30 
2 5 12 5 18 22 
==============================

====== Algorithm Status ======
Valor:                2742
Time:                 128003
nIter:                32307
Best Iter:            32307
Improvement Count:    32306
==============================
Solution tour: 
0 
6 15 25 28 17 20 23 
9 
1 31 
3 16 27 13 24 11 24 19 29 
4 
7 26 33 
10 
8 10 33 35 21 34 32 30 
2 5 12 5 18 22 
==============================

====== Algorithm Status ======
Valor:                2742
Time:                 256003
nIter:                61940
Best Iter:            61940
Improvement Count:    61939
==============================
Solution tour: 
0 
6 15 25 28 17 20 23 
9 
1 31 
3 16 27 13 24 11 24 19 29 
4 
7 26 33 
10 
8 10 33 35 21 34 32 30 
2 5 12 5 18 22 
==============================

====== Algorithm Status ======
Valor:                2742
Time:                 512000
nIter:                124195
Best Iter:            124195
Improvement Count:    124194
==============================
Solution tour: 
0 
6 15 25 28 17 20 23 
9 
1 31 
3 16 27 13 24 11 24 19 29 
4 
7 26 33 
10 
8 10 33 35 21 34 32 30 
2 5 12 5 18 22 
==============================

====== Algorithm Status ======
Valor:                2747
Time:                 1024005
nIter:                243547
Best Iter:            243547
Improvement Count:    243548
==============================
Solution tour: 
0 
1 31 
3 16 27 13 24 11 24 19 29 
7 26 33 
10 
8 10 33 17 28 35 34 32 30 
5 
2 5 12 5 18 22 
6 15 25 20 23 
9 1 
==============================

====== Algorithm Status ======
Valor:                2747
Time:                 1024005
nIter:                243547
Best Iter:            243547
Improvement Count:    243548
==============================
Solution tour: 
0 
1 31 
3 16 27 13 24 11 24 19 29 
7 26 33 
10 
8 10 33 17 28 35 34 32 30 
5 
2 5 12 5 18 22 
6 15 25 20 23 
9 1 
==============================

