=========== Input ===========
File name:                ./instances/realistic-instances/15-10-1762875.cdop
Total node count:         26
Truck node count:         15
Drone node count:         10
=============================

========== Settings ==========
Settings file:        ./settings/Memetic-LS_MMX_1099666.config
Seed:                 1099666
Reduction method:     -
Max iter:             1024000
Population size:      13
Crossover:            MA-MMX
Local Search:         -
Warm Start:           Mario_WS
==============================

====== Algorithm Status ======
Valor:                1722
Time:                 250
nIter:                592
Best Iter:            592
Improvement Count:    591
==============================
Solution tour: 
0 20 23 
9 
12 6 18 24 23 
5 
8 19 
10 
6 12 13 25 
13 21 11 10 
11 21 
14 22 
7 5 
1 17 
==============================

====== Algorithm Status ======
Valor:                1722
Time:                 500
nIter:                1379
Best Iter:            1379
Improvement Count:    1378
==============================
Solution tour: 
0 20 23 
9 
12 6 18 24 23 
5 
8 19 
10 
6 12 13 25 
13 21 11 10 
11 21 
14 22 
7 5 
1 17 
==============================

====== Algorithm Status ======
Valor:                1763
Time:                 1000
nIter:                2761
Best Iter:            2761
Improvement Count:    2760
==============================
Solution tour: 
0 23 
9 
12 6 18 24 23 
5 
8 19 
10 
6 12 13 25 
13 21 11 10 
11 21 
14 22 20 
7 5 
1 17 
==============================

====== Algorithm Status ======
Valor:                1843
Time:                 2000
nIter:                5975
Best Iter:            5975
Improvement Count:    5974
==============================
Solution tour: 
0 17 24 23 
5 25 
8 19 
10 19 
6 12 
2 12 13 25 
13 21 11 10 
11 21 
14 22 20 5 
1 16 17 
==============================

====== Algorithm Status ======
Valor:                1843
Time:                 4000
nIter:                12190
Best Iter:            12190
Improvement Count:    12189
==============================
Solution tour: 
0 17 24 23 
5 25 
8 19 
10 19 
6 12 
2 12 13 25 
13 21 11 10 
11 21 
14 22 20 5 
1 16 17 
==============================

====== Algorithm Status ======
Valor:                1859
Time:                 8000
nIter:                24354
Best Iter:            24354
Improvement Count:    24353
==============================
Solution tour: 
0 17 24 23 
5 25 
8 19 
10 12 
6 12 
2 12 13 25 
13 21 11 10 
11 21 
14 22 18 20 5 
1 16 17 
==============================

====== Algorithm Status ======
Valor:                1874
Time:                 16000
nIter:                47846
Best Iter:            47846
Improvement Count:    47845
==============================
Solution tour: 
0 17 24 23 
5 25 
8 19 
10 12 
6 12 
2 12 13 25 
13 21 11 10 
11 21 
14 22 18 20 7 5 
1 17 
==============================

====== Algorithm Status ======
Valor:                1874
Time:                 32000
nIter:                94175
Best Iter:            94175
Improvement Count:    94174
==============================
Solution tour: 
0 17 24 23 
5 25 
8 19 
10 12 
6 12 
2 12 13 25 
13 21 11 10 
11 21 
14 22 18 20 7 5 
1 17 
==============================

====== Algorithm Status ======
Valor:                1918
Time:                 64000
nIter:                182846
Best Iter:            182846
Improvement Count:    182845
==============================
Solution tour: 
0 17 24 23 
5 25 
8 19 
10 18 12 
6 12 
2 12 13 25 
13 21 11 10 
11 21 
14 22 20 7 20 16 
1 17 
==============================

====== Algorithm Status ======
Valor:                1918
Time:                 128000
nIter:                356674
Best Iter:            356674
Improvement Count:    356673
==============================
Solution tour: 
0 17 24 23 
5 25 
8 19 
10 18 12 
6 12 
2 12 13 25 
13 21 11 10 
11 21 
14 22 20 7 20 16 
1 17 
==============================

====== Algorithm Status ======
Valor:                1918
Time:                 256000
nIter:                744279
Best Iter:            744279
Improvement Count:    744278
==============================
Solution tour: 
0 17 24 23 
5 25 
8 19 
10 18 12 
6 12 
2 12 13 25 
13 21 11 10 
11 21 
14 22 20 7 20 16 
1 17 
==============================

====== Algorithm Status ======
Valor:                1918
Time:                 512000
nIter:                1483020
Best Iter:            1483020
Improvement Count:    1483019
==============================
Solution tour: 
0 17 24 23 
5 25 
8 19 
10 18 12 
6 12 
2 12 13 25 
13 21 11 10 
11 21 
14 22 20 7 20 16 
1 17 
==============================

====== Algorithm Status ======
Valor:                1962
Time:                 1024001
nIter:                3087624
Best Iter:            3087624
Improvement Count:    3087625
==============================
Solution tour: 
0 17 24 23 20 13 12 
8 19 
10 19 12 
6 12 13 25 
13 21 
11 10 11 21 
14 22 17 1 16 
1 17 
==============================

====== Algorithm Status ======
Valor:                1962
Time:                 1024001
nIter:                3087624
Best Iter:            3087624
Improvement Count:    3087625
==============================
Solution tour: 
0 17 24 23 20 13 12 
8 19 
10 19 12 
6 12 13 25 
13 21 
11 10 11 21 
14 22 17 1 16 
1 17 
==============================

