=========== Input ===========
File name:                ./instances/realistic-instances/10-40-1767920.cdop
Total node count:         51
Truck node count:         10
Drone node count:         40
=============================

========== Settings ==========
Settings file:        ./settings/Memetic_MMX_1099666.config
Seed:                 1099666
Reduction method:     -
Max iter:             1024000
Population size:      13
Crossover:            MA-MMX
Local Search:         LS
Warm Start:           Mario_WS
==============================

====== Algorithm Status ======
Valor:                3248
Time:                 251
nIter:                28
Best Iter:            28
Improvement Count:    27
==============================
Solution tour: 
0 34 15 17 26 29 37 43 47 18 31 22 31 18 12 48 49 42 21 35 41 23 36 38 
4 14 45 46 27 25 40 50 32 19 28 30 11 9 16 
9 39 50 40 44 46 
==============================

====== Algorithm Status ======
Valor:                3459
Time:                 502
nIter:                68
Best Iter:            68
Improvement Count:    67
==============================
Solution tour: 
0 11 34 15 17 26 29 43 37 47 18 31 22 31 49 42 32 50 44 19 35 41 21 28 23 20 42 24 48 12 
5 34 11 9 16 
9 39 30 25 13 40 14 27 15 36 38 45 46 
==============================

====== Algorithm Status ======
Valor:                3459
Time:                 1003
nIter:                124
Best Iter:            124
Improvement Count:    123
==============================
Solution tour: 
0 11 34 15 17 26 29 43 37 47 18 31 22 31 49 42 32 50 44 19 35 41 21 28 23 20 42 24 48 12 
5 34 11 9 16 
9 39 30 25 13 40 14 27 15 36 38 45 46 
==============================

====== Algorithm Status ======
Valor:                3459
Time:                 2006
nIter:                229
Best Iter:            229
Improvement Count:    228
==============================
Solution tour: 
0 11 34 15 17 26 29 43 37 47 18 31 22 31 49 42 32 50 44 19 35 41 21 28 23 20 42 24 48 12 
5 34 11 9 16 
9 39 30 25 13 40 14 27 15 36 38 45 46 
==============================

====== Algorithm Status ======
Valor:                3483
Time:                 4001
nIter:                468
Best Iter:            468
Improvement Count:    467
==============================
Solution tour: 
0 34 17 26 29 43 37 47 18 31 22 31 49 42 32 50 44 19 35 21 41 28 23 20 24 48 12 
5 11 9 16 
9 39 30 25 13 40 14 27 15 36 38 45 46 
==============================

====== Algorithm Status ======
Valor:                3483
Time:                 8016
nIter:                933
Best Iter:            933
Improvement Count:    932
==============================
Solution tour: 
0 34 17 26 29 43 37 47 18 31 22 31 49 42 32 50 44 19 35 21 41 28 23 20 24 48 12 
5 11 9 16 
9 39 30 25 13 40 14 27 15 36 38 45 46 
==============================

====== Algorithm Status ======
Valor:                3498
Time:                 16005
nIter:                1852
Best Iter:            1852
Improvement Count:    1851
==============================
Solution tour: 
0 34 15 17 26 29 43 37 47 18 31 22 31 42 32 50 44 19 35 21 41 28 20 23 36 24 49 48 12 
5 11 9 16 
9 39 30 25 40 14 27 15 36 38 45 46 
==============================

====== Algorithm Status ======
Valor:                3498
Time:                 32001
nIter:                3778
Best Iter:            3778
Improvement Count:    3777
==============================
Solution tour: 
0 34 15 17 26 29 43 37 47 18 31 22 31 42 32 50 44 19 35 21 41 28 20 23 36 24 49 48 12 
5 11 9 16 
9 39 30 25 40 14 27 15 36 38 45 46 
==============================

====== Algorithm Status ======
Valor:                3570
Time:                 64000
nIter:                7583
Best Iter:            7583
Improvement Count:    7582
==============================
Solution tour: 
0 27 26 29 43 37 47 18 12 18 31 22 31 49 24 42 32 50 44 19 35 21 41 28 20 23 36 15 10 
5 34 11 9 16 
9 39 30 25 40 14 17 15 36 38 45 46 
==============================

====== Algorithm Status ======
Valor:                3570
Time:                 128001
nIter:                14425
Best Iter:            14425
Improvement Count:    14424
==============================
Solution tour: 
0 27 26 29 43 37 47 18 12 18 31 22 31 49 24 42 32 50 44 19 35 21 41 28 20 23 36 15 10 
5 34 11 9 16 
9 39 30 25 40 14 17 15 36 38 45 46 
==============================

====== Algorithm Status ======
Valor:                3570
Time:                 256005
nIter:                28562
Best Iter:            28562
Improvement Count:    28561
==============================
Solution tour: 
0 27 26 29 43 37 47 18 12 18 31 22 31 49 24 42 32 50 44 19 35 21 41 28 20 23 36 15 10 
5 34 11 9 16 
9 39 30 25 40 14 17 15 36 38 45 46 
==============================

====== Algorithm Status ======
Valor:                3570
Time:                 512008
nIter:                56674
Best Iter:            56674
Improvement Count:    56673
==============================
Solution tour: 
0 27 26 29 43 37 47 18 12 18 31 22 31 49 24 42 32 50 44 19 35 21 41 28 20 23 36 15 10 
5 34 11 9 16 
9 39 30 25 40 14 17 15 36 38 45 46 
==============================

====== Algorithm Status ======
Valor:                3584
Time:                 1024004
nIter:                111695
Best Iter:            111695
Improvement Count:    111696
==============================
Solution tour: 
0 27 26 29 43 37 47 18 12 18 31 22 31 24 49 42 32 50 19 35 21 41 28 20 23 36 15 
5 34 11 9 16 
9 39 30 25 40 32 44 14 17 15 36 38 45 46 
==============================

====== Algorithm Status ======
Valor:                3584
Time:                 1024004
nIter:                111695
Best Iter:            111695
Improvement Count:    111696
==============================
Solution tour: 
0 27 26 29 43 37 47 18 12 18 31 22 31 24 49 42 32 50 19 35 21 41 28 20 23 36 15 
5 34 11 9 16 
9 39 30 25 40 32 44 14 17 15 36 38 45 46 
==============================

