=========== Input ===========
File name:                ./instances/realistic-instances/15-40-1767920.cdop
Total node count:         56
Truck node count:         15
Drone node count:         40
=============================

========== Settings ==========
Settings file:        ./settings/Memetic_MMX_1881515.config
Seed:                 1881515
Reduction method:     -
Max iter:             1024000
Population size:      13
Crossover:            MA-MMX
Local Search:         LS
Warm Start:           Mario_WS
==============================

====== Algorithm Status ======
Valor:                2987
Time:                 255
nIter:                34
Best Iter:            34
Improvement Count:    33
==============================
Solution tour: 
0 17 33 45 33 28 22 29 48 52 46 27 50 25 35 30 9 44 53 37 36 54 31 24 49 55 18 26 43 
8 7 34 20 21 20 16 47 51 32 15 40 37 40 8 
==============================

====== Algorithm Status ======
Valor:                2987
Time:                 504
nIter:                63
Best Iter:            63
Improvement Count:    62
==============================
Solution tour: 
0 17 33 45 33 28 22 29 48 52 46 27 50 25 35 30 9 44 53 37 36 54 31 24 49 55 18 26 43 
8 7 34 20 21 20 16 47 51 32 15 40 37 40 8 
==============================

====== Algorithm Status ======
Valor:                3013
Time:                 1015
nIter:                132
Best Iter:            132
Improvement Count:    131
==============================
Solution tour: 
0 17 33 45 33 19 28 42 29 22 50 25 35 30 9 44 53 37 36 54 31 24 49 14 55 18 26 43 
8 7 34 20 21 20 27 16 47 51 32 15 40 37 40 8 
==============================

====== Algorithm Status ======
Valor:                3072
Time:                 2001
nIter:                257
Best Iter:            257
Improvement Count:    256
==============================
Solution tour: 
0 17 33 45 33 19 28 42 22 29 22 39 50 30 35 25 41 36 54 31 24 49 53 44 55 18 26 43 
8 7 34 20 21 20 27 16 47 51 32 15 40 37 40 8 
==============================

====== Algorithm Status ======
Valor:                3100
Time:                 4002
nIter:                510
Best Iter:            510
Improvement Count:    509
==============================
Solution tour: 
0 48 17 42 28 33 45 33 29 22 39 50 30 35 25 41 36 54 31 24 49 53 44 55 18 26 43 
8 7 34 20 21 20 27 16 47 51 32 15 40 37 40 8 
==============================

====== Algorithm Status ======
Valor:                3100
Time:                 8004
nIter:                1020
Best Iter:            1020
Improvement Count:    1019
==============================
Solution tour: 
0 48 17 42 28 33 45 33 29 22 39 50 30 35 25 41 36 54 31 24 49 53 44 55 18 26 43 
8 7 34 20 21 20 27 16 47 51 32 15 40 37 40 8 
==============================

====== Algorithm Status ======
Valor:                3100
Time:                 16005
nIter:                2023
Best Iter:            2023
Improvement Count:    2022
==============================
Solution tour: 
0 48 17 42 28 33 45 33 29 22 39 50 30 35 25 41 36 54 31 24 49 53 44 55 18 26 43 
8 7 34 20 21 20 27 16 47 51 32 15 40 37 40 8 
==============================

====== Algorithm Status ======
Valor:                3100
Time:                 32007
nIter:                3965
Best Iter:            3965
Improvement Count:    3964
==============================
Solution tour: 
0 48 17 42 28 33 45 33 29 22 39 50 30 35 25 41 36 54 31 24 49 53 44 55 18 26 43 
8 7 34 20 21 20 27 16 47 51 32 15 40 37 40 8 
==============================

====== Algorithm Status ======
Valor:                3100
Time:                 64005
nIter:                7744
Best Iter:            7744
Improvement Count:    7743
==============================
Solution tour: 
0 48 17 42 28 33 45 33 29 22 39 50 30 35 25 41 36 54 31 24 49 53 44 55 18 26 43 
8 7 34 20 21 20 27 16 47 51 32 15 40 37 40 8 
==============================

====== Algorithm Status ======
Valor:                3128
Time:                 128000
nIter:                14198
Best Iter:            14198
Improvement Count:    14197
==============================
Solution tour: 
0 17 42 28 19 33 45 33 29 22 39 50 30 35 25 41 36 54 21 31 24 49 53 44 55 18 26 43 
8 7 34 20 27 16 47 51 32 15 40 37 40 10 
2 22 48 
==============================

====== Algorithm Status ======
Valor:                3150
Time:                 256005
nIter:                26869
Best Iter:            26869
Improvement Count:    26868
==============================
Solution tour: 
0 17 42 28 33 45 33 29 22 50 30 35 25 41 36 54 27 20 21 46 24 53 44 55 18 26 43 
8 52 34 20 34 16 47 51 49 31 32 15 40 37 40 10 
2 22 48 
==============================

====== Algorithm Status ======
Valor:                3150
Time:                 512000
nIter:                51501
Best Iter:            51501
Improvement Count:    51500
==============================
Solution tour: 
0 17 42 28 33 45 33 29 22 50 30 35 25 41 36 54 27 20 21 46 24 53 44 55 18 26 43 
8 52 34 20 34 16 47 51 49 31 32 15 40 37 40 10 
2 22 48 
==============================

====== Algorithm Status ======
Valor:                3156
Time:                 1024001
nIter:                101803
Best Iter:            101803
Improvement Count:    101804
==============================
Solution tour: 
0 17 42 28 19 33 45 33 29 22 50 30 35 25 41 36 54 21 20 27 37 53 44 55 18 26 43 
8 7 34 16 47 51 49 24 31 32 15 40 37 40 10 
2 22 48 
==============================

====== Algorithm Status ======
Valor:                3156
Time:                 1024001
nIter:                101803
Best Iter:            101803
Improvement Count:    101804
==============================
Solution tour: 
0 17 42 28 19 33 45 33 29 22 50 30 35 25 41 36 54 21 20 27 37 53 44 55 18 26 43 
8 7 34 16 47 51 49 24 31 32 15 40 37 40 10 
2 22 48 
==============================

