=========== Input ===========
File name:                ./instances/realistic-instances/15-25-1762875.cdop
Total node count:         41
Truck node count:         15
Drone node count:         25
=============================

========== Settings ==========
Settings file:        ./settings/Memetic-LS_MMX_1287823.config
Seed:                 1287823
Reduction method:     -
Max iter:             1024000
Population size:      13
Crossover:            MA-MMX
Local Search:         -
Warm Start:           Mario_WS
==============================

====== Algorithm Status ======
Valor:                2240
Time:                 250
nIter:                320
Best Iter:            320
Improvement Count:    319
==============================
Solution tour: 
0 
14 
5 31 34 30 19 36 
4 
6 
9 39 
12 23 32 18 38 40 27 
2 29 17 16 
1 
7 
13 24 35 
10 26 25 20 33 
11 
8 
3 
==============================

====== Algorithm Status ======
Valor:                2240
Time:                 500
nIter:                669
Best Iter:            669
Improvement Count:    668
==============================
Solution tour: 
0 
14 
5 31 34 30 19 36 
4 
6 
9 39 
12 23 32 18 38 40 27 
2 29 17 16 
1 
7 
13 24 35 
10 26 25 20 33 
11 
8 
3 
==============================

====== Algorithm Status ======
Valor:                2240
Time:                 1000
nIter:                1350
Best Iter:            1350
Improvement Count:    1349
==============================
Solution tour: 
0 
14 
5 31 34 30 19 36 
4 
6 
9 39 
12 23 32 18 38 40 27 
2 29 17 16 
1 
7 
13 24 35 
10 26 25 20 33 
11 
8 
3 
==============================

====== Algorithm Status ======
Valor:                2240
Time:                 2002
nIter:                2610
Best Iter:            2610
Improvement Count:    2609
==============================
Solution tour: 
0 
14 
5 31 34 30 19 36 
4 
6 
9 39 
12 23 32 18 38 40 27 
2 29 17 16 
1 
7 
13 24 35 
10 26 25 20 33 
11 
8 
3 
==============================

====== Algorithm Status ======
Valor:                2345
Time:                 4000
nIter:                5378
Best Iter:            5378
Improvement Count:    5377
==============================
Solution tour: 
0 
8 31 34 30 19 36 
4 
9 39 
12 23 32 18 38 40 27 
2 29 17 16 
1 
7 
13 24 35 
10 26 25 20 33 28 
==============================

====== Algorithm Status ======
Valor:                2359
Time:                 8003
nIter:                11014
Best Iter:            11014
Improvement Count:    11013
==============================
Solution tour: 
0 
8 31 34 30 19 36 
4 
9 39 
12 23 32 18 38 40 27 
2 29 17 16 
1 
7 
13 24 35 
10 26 25 20 33 38 
==============================

====== Algorithm Status ======
Valor:                2377
Time:                 16000
nIter:                21961
Best Iter:            21961
Improvement Count:    21960
==============================
Solution tour: 
0 
8 31 34 30 19 36 
4 
9 39 
12 23 32 18 38 40 27 
2 29 17 16 
1 
7 
13 24 35 
10 26 25 20 33 28 19 
==============================

====== Algorithm Status ======
Valor:                2409
Time:                 32000
nIter:                43652
Best Iter:            43652
Improvement Count:    43651
==============================
Solution tour: 
0 
8 31 34 30 19 36 
4 
9 39 24 23 32 18 38 40 27 
2 29 17 16 
7 
13 37 
12 35 10 26 25 20 33 28 19 
==============================

====== Algorithm Status ======
Valor:                2535
Time:                 64000
nIter:                83696
Best Iter:            83696
Improvement Count:    83695
==============================
Solution tour: 
0 
8 1 34 30 19 36 
4 
9 39 22 23 32 18 24 38 40 27 
2 29 17 16 37 
13 37 
12 35 10 26 25 20 33 28 34 31 
==============================

====== Algorithm Status ======
Valor:                2543
Time:                 128000
nIter:                160058
Best Iter:            160058
Improvement Count:    160057
==============================
Solution tour: 
0 22 34 1 34 30 19 36 
4 
9 39 23 32 18 24 38 40 27 
2 29 17 16 37 
13 37 
12 35 10 26 25 20 33 28 34 31 
==============================

====== Algorithm Status ======
Valor:                2576
Time:                 256000
nIter:                325414
Best Iter:            325414
Improvement Count:    325413
==============================
Solution tour: 
0 38 30 34 1 34 22 19 36 
4 
9 39 23 32 18 24 38 40 27 29 
2 17 1 16 37 
13 37 
12 35 10 26 25 20 33 34 31 
==============================

====== Algorithm Status ======
Valor:                2594
Time:                 512000
nIter:                645697
Best Iter:            645697
Improvement Count:    645696
==============================
Solution tour: 
0 31 34 30 34 1 34 22 19 36 
4 
9 39 23 32 18 24 38 40 27 29 
2 17 1 16 37 
13 37 
12 35 10 26 25 20 33 28 19 
==============================

====== Algorithm Status ======
Valor:                2609
Time:                 1024001
nIter:                1296283
Best Iter:            1296283
Improvement Count:    1296284
==============================
Solution tour: 
0 31 34 30 34 1 34 22 19 36 
4 
9 39 23 32 18 24 40 27 29 
2 17 1 16 37 
13 37 
12 35 10 26 25 20 33 28 38 
==============================

====== Algorithm Status ======
Valor:                2609
Time:                 1024001
nIter:                1296283
Best Iter:            1296283
Improvement Count:    1296284
==============================
Solution tour: 
0 31 34 30 34 1 34 22 19 36 
4 
9 39 23 32 18 24 40 27 29 
2 17 1 16 37 
13 37 
12 35 10 26 25 20 33 28 38 
==============================

