=========== Input ===========
File name:                ./instances/realistic-instances/15-40-1917698.cdop
Total node count:         56
Truck node count:         15
Drone node count:         40
=============================

========== Settings ==========
Settings file:        ./settings/Memetic-LS_MPX_1287823.config
Seed:                 1287823
Reduction method:     -
Max iter:             1024000
Population size:      13
Crossover:            MA-MPX
Local Search:         -
Warm Start:           Mario_WS
==============================

====== Algorithm Status ======
Valor:                2216
Time:                 258
nIter:                150
Best Iter:            150
Improvement Count:    149
==============================
Solution tour: 
0 
12 
3 
4 
10 
13 28 
11 46 
14 
9 
2 
5 
7 50 
8 35 53 42 
6 32 34 19 39 52 20 52 36 
1 37 27 22 
==============================

====== Algorithm Status ======
Valor:                2216
Time:                 500
nIter:                316
Best Iter:            316
Improvement Count:    315
==============================
Solution tour: 
0 
12 
3 
4 
10 
13 28 
11 46 
14 
9 
2 
5 
7 50 
8 35 53 42 
6 32 34 19 39 52 20 52 36 
1 37 27 22 
==============================

====== Algorithm Status ======
Valor:                2216
Time:                 1000
nIter:                643
Best Iter:            643
Improvement Count:    642
==============================
Solution tour: 
0 
12 
3 
4 
10 
13 28 
11 46 
14 
9 
2 
5 
7 50 
8 35 53 42 
6 32 34 19 39 52 20 52 36 
1 37 27 22 
==============================

====== Algorithm Status ======
Valor:                2216
Time:                 2000
nIter:                1279
Best Iter:            1279
Improvement Count:    1278
==============================
Solution tour: 
0 
12 
3 
4 
10 
13 28 
11 46 
14 
9 
2 
5 
7 50 
8 35 53 42 
6 32 34 19 39 52 20 52 36 
1 37 27 22 
==============================

====== Algorithm Status ======
Valor:                2216
Time:                 4000
nIter:                2568
Best Iter:            2568
Improvement Count:    2567
==============================
Solution tour: 
0 
12 
3 
4 
10 
13 28 
11 46 
14 
9 
2 
5 
7 50 
8 35 53 42 
6 32 34 19 39 52 20 52 36 
1 37 27 22 
==============================

====== Algorithm Status ======
Valor:                2216
Time:                 8008
nIter:                5250
Best Iter:            5250
Improvement Count:    5249
==============================
Solution tour: 
0 
12 
3 
4 
10 
13 28 
11 46 
14 
9 
2 
5 
7 50 
8 35 53 42 
6 32 34 19 39 52 20 52 36 
1 37 27 22 
==============================

====== Algorithm Status ======
Valor:                2275
Time:                 16005
nIter:                10290
Best Iter:            10290
Improvement Count:    10289
==============================
Solution tour: 
0 
1 37 27 22 
10 
11 46 
14 
13 28 
15 26 
9 
4 
2 
5 
7 50 
8 35 53 42 
6 32 34 19 39 52 20 52 36 
12 
3 
==============================

====== Algorithm Status ======
Valor:                2275
Time:                 32000
nIter:                20400
Best Iter:            20400
Improvement Count:    20399
==============================
Solution tour: 
0 
1 37 27 22 
10 
11 46 
14 
13 28 
15 26 
9 
4 
2 
5 
7 50 
8 35 53 42 
6 32 34 19 39 52 20 52 36 
12 
3 
==============================

====== Algorithm Status ======
Valor:                2275
Time:                 64007
nIter:                41100
Best Iter:            41100
Improvement Count:    41099
==============================
Solution tour: 
0 
1 37 27 22 
10 
11 46 
14 
13 28 
15 26 
9 
4 
2 
5 
7 50 
8 35 53 42 
6 32 34 19 39 52 20 52 36 
12 
3 
==============================

====== Algorithm Status ======
Valor:                2313
Time:                 128007
nIter:                87053
Best Iter:            87053
Improvement Count:    87052
==============================
Solution tour: 
0 
1 37 27 22 
10 
9 46 
14 
15 26 
13 28 
11 
4 
2 
5 
7 50 
8 35 53 42 
6 32 34 19 39 52 20 52 36 55 
12 
==============================

====== Algorithm Status ======
Valor:                2313
Time:                 256000
nIter:                172110
Best Iter:            172110
Improvement Count:    172109
==============================
Solution tour: 
0 
1 37 27 22 
10 
9 46 
14 
15 26 
13 28 
11 
4 
2 
5 
7 50 
8 35 53 42 
6 32 34 19 39 52 20 52 36 55 
12 
==============================

====== Algorithm Status ======
Valor:                2373
Time:                 512002
nIter:                344637
Best Iter:            344637
Improvement Count:    344636
==============================
Solution tour: 
0 1 37 27 22 
15 26 
13 28 
11 
4 
3 
12 
2 
5 
7 23 50 
8 35 53 42 
6 32 34 19 39 52 20 52 36 55 
10 
9 45 
14 
==============================

====== Algorithm Status ======
Valor:                2510
Time:                 1024004
nIter:                684521
Best Iter:            684521
Improvement Count:    684522
==============================
Solution tour: 
0 1 37 27 
15 26 22 28 
13 33 
3 12 
7 
5 23 
2 50 
1 
8 35 53 42 
6 32 34 19 39 52 20 52 36 55 
10 
9 16 45 
14 51 
4 
==============================

====== Algorithm Status ======
Valor:                2510
Time:                 1024004
nIter:                684521
Best Iter:            684521
Improvement Count:    684522
==============================
Solution tour: 
0 1 37 27 
15 26 22 28 
13 33 
3 12 
7 
5 23 
2 50 
1 
8 35 53 42 
6 32 34 19 39 52 20 52 36 55 
10 
9 16 45 
14 51 
4 
==============================

