=========== Input ===========
File name:                ./instances/realistic-instances/10-25-1917698.cdop
Total node count:         36
Truck node count:         10
Drone node count:         25
=============================

========== Settings ==========
Settings file:        ./settings/Memetic-LS_MMX_1287823.config
Seed:                 1287823
Reduction method:     -
Max iter:             1024000
Population size:      13
Crossover:            MA-MMX
Local Search:         -
Warm Start:           Mario_WS
==============================

====== Algorithm Status ======
Valor:                2377
Time:                 250
nIter:                328
Best Iter:            328
Improvement Count:    327
==============================
Solution tour: 
0 
3 22 28 
4 35 23 31 
1 34 30 18 26 14 20 24 25 11 
6 15 6 21 
7 21 13 19 32 16 
2 
5 
8 
9 29 12 33 17 27 
==============================

====== Algorithm Status ======
Valor:                2377
Time:                 500
nIter:                618
Best Iter:            618
Improvement Count:    617
==============================
Solution tour: 
0 
3 22 28 
4 35 23 31 
1 34 30 18 26 14 20 24 25 11 
6 15 6 21 
7 21 13 19 32 16 
2 
5 
8 
9 29 12 33 17 27 
==============================

====== Algorithm Status ======
Valor:                2377
Time:                 1000
nIter:                1238
Best Iter:            1238
Improvement Count:    1237
==============================
Solution tour: 
0 
3 22 28 
4 35 23 31 
1 34 30 18 26 14 20 24 25 11 
6 15 6 21 
7 21 13 19 32 16 
2 
5 
8 
9 29 12 33 17 27 
==============================

====== Algorithm Status ======
Valor:                2377
Time:                 2000
nIter:                2340
Best Iter:            2340
Improvement Count:    2339
==============================
Solution tour: 
0 
3 22 28 
4 35 23 31 
1 34 30 18 26 14 20 24 25 11 
6 15 6 21 
7 21 13 19 32 16 
2 
5 
8 
9 29 12 33 17 27 
==============================

====== Algorithm Status ======
Valor:                2377
Time:                 4000
nIter:                4636
Best Iter:            4636
Improvement Count:    4635
==============================
Solution tour: 
0 
3 22 28 
4 35 23 31 
1 34 30 18 26 14 20 24 25 11 
6 15 6 21 
7 21 13 19 32 16 
2 
5 
8 
9 29 12 33 17 27 
==============================

====== Algorithm Status ======
Valor:                2377
Time:                 8001
nIter:                9390
Best Iter:            9390
Improvement Count:    9389
==============================
Solution tour: 
0 
3 22 28 
4 35 23 31 
1 34 30 18 26 14 20 24 25 11 
6 15 6 21 
7 21 13 19 32 16 
2 
5 
8 
9 29 12 33 17 27 
==============================

====== Algorithm Status ======
Valor:                2377
Time:                 16000
nIter:                18848
Best Iter:            18848
Improvement Count:    18847
==============================
Solution tour: 
0 
3 22 28 
4 35 23 31 
1 34 30 18 26 14 20 24 25 11 
6 15 6 21 
7 21 13 19 32 16 
2 
5 
8 
9 29 12 33 17 27 
==============================

====== Algorithm Status ======
Valor:                2377
Time:                 32000
nIter:                38443
Best Iter:            38443
Improvement Count:    38442
==============================
Solution tour: 
0 
3 22 28 
4 35 23 31 
1 34 30 18 26 14 20 24 25 11 
6 15 6 21 
7 21 13 19 32 16 
2 
5 
8 
9 29 12 33 17 27 
==============================

====== Algorithm Status ======
Valor:                2377
Time:                 64000
nIter:                79643
Best Iter:            79643
Improvement Count:    79642
==============================
Solution tour: 
0 
3 22 28 
4 35 23 31 
1 34 30 18 26 14 20 24 25 11 
6 15 6 21 
7 21 13 19 32 16 
2 
5 
8 
9 29 12 33 17 27 
==============================

====== Algorithm Status ======
Valor:                2377
Time:                 128000
nIter:                158907
Best Iter:            158907
Improvement Count:    158906
==============================
Solution tour: 
0 
3 22 28 
4 35 23 31 
1 34 30 18 26 14 20 24 25 11 
6 15 6 21 
7 21 13 19 32 16 
2 
5 
8 
9 29 12 33 17 27 
==============================

====== Algorithm Status ======
Valor:                2530
Time:                 256001
nIter:                321215
Best Iter:            321215
Improvement Count:    321214
==============================
Solution tour: 
0 17 22 28 
4 35 13 29 34 30 18 26 14 20 24 25 24 12 11 
6 15 6 
7 21 23 19 23 32 16 
2 16 32 27 
==============================

====== Algorithm Status ======
Valor:                2562
Time:                 512000
nIter:                656617
Best Iter:            656617
Improvement Count:    656616
==============================
Solution tour: 
0 22 28 
4 35 13 29 11 33 34 30 18 26 14 20 24 25 24 12 11 
6 15 6 
7 21 32 23 19 23 32 16 
2 16 32 27 
==============================

====== Algorithm Status ======
Valor:                2562
Time:                 1024001
nIter:                1305296
Best Iter:            1305296
Improvement Count:    1305297
==============================
Solution tour: 
0 22 28 
4 35 13 29 11 33 34 30 18 26 14 20 24 25 24 12 11 
6 15 6 
7 21 32 23 19 23 32 16 
2 16 32 27 
==============================

====== Algorithm Status ======
Valor:                2562
Time:                 1024001
nIter:                1305296
Best Iter:            1305296
Improvement Count:    1305297
==============================
Solution tour: 
0 22 28 
4 35 13 29 11 33 34 30 18 26 14 20 24 25 24 12 11 
6 15 6 
7 21 32 23 19 23 32 16 
2 16 32 27 
==============================

