=========== Input ===========
File name:                ./instances/realistic-instances/15-25-1110588.cdop
Total node count:         41
Truck node count:         15
Drone node count:         25
=============================

========== Settings ==========
Settings file:        ./settings/Memetic_MMX_1881515.config
Seed:                 1881515
Reduction method:     -
Max iter:             1024000
Population size:      13
Crossover:            MA-MMX
Local Search:         LS
Warm Start:           Mario_WS
==============================

====== Algorithm Status ======
Valor:                2889
Time:                 250
nIter:                44
Best Iter:            44
Improvement Count:    43
==============================
Solution tour: 
0 29 40 35 32 27 20 18 31 26 37 11 33 24 17 24 
13 21 16 38 23 1 22 28 1 23 34 25 39 
4 36 26 30 26 
==============================

====== Algorithm Status ======
Valor:                2907
Time:                 508
nIter:                100
Best Iter:            100
Improvement Count:    99
==============================
Solution tour: 
0 29 35 40 32 27 20 31 18 7 13 24 17 24 
13 21 16 38 23 1 23 34 25 39 
4 36 26 30 26 37 28 22 
==============================

====== Algorithm Status ======
Valor:                2918
Time:                 1001
nIter:                211
Best Iter:            211
Improvement Count:    210
==============================
Solution tour: 
0 29 35 32 27 20 40 31 18 7 13 24 17 24 
13 21 16 38 23 1 23 34 25 39 
4 36 26 30 26 37 28 22 
==============================

====== Algorithm Status ======
Valor:                2918
Time:                 2001
nIter:                421
Best Iter:            421
Improvement Count:    420
==============================
Solution tour: 
0 29 35 32 27 20 40 31 18 7 13 24 17 24 
13 21 16 38 23 1 23 34 25 39 
4 36 26 30 26 37 28 22 
==============================

====== Algorithm Status ======
Valor:                2959
Time:                 4004
nIter:                876
Best Iter:            876
Improvement Count:    875
==============================
Solution tour: 
0 29 35 32 40 20 27 38 16 21 36 21 34 17 24 25 39 25 24 3 
4 36 26 30 26 37 11 33 11 23 1 28 22 2 31 18 7 
==============================

====== Algorithm Status ======
Valor:                2959
Time:                 8005
nIter:                1730
Best Iter:            1730
Improvement Count:    1729
==============================
Solution tour: 
0 29 35 32 40 20 27 38 16 21 36 21 34 17 24 25 39 25 24 3 
4 36 26 30 26 37 11 33 11 23 1 28 22 2 31 18 7 
==============================

====== Algorithm Status ======
Valor:                2979
Time:                 16002
nIter:                3437
Best Iter:            3437
Improvement Count:    3436
==============================
Solution tour: 
0 29 32 35 40 20 27 16 38 1 23 38 23 21 34 17 24 25 39 25 3 
4 36 26 30 26 37 11 33 11 23 1 28 22 2 31 18 7 
==============================

====== Algorithm Status ======
Valor:                2985
Time:                 32003
nIter:                6752
Best Iter:            6752
Improvement Count:    6751
==============================
Solution tour: 
0 29 35 32 40 20 27 16 38 1 23 21 36 25 34 17 24 25 39 25 3 
4 36 26 30 26 37 11 33 11 23 1 28 22 2 31 18 7 
==============================

====== Algorithm Status ======
Valor:                2992
Time:                 64001
nIter:                13063
Best Iter:            13063
Improvement Count:    13062
==============================
Solution tour: 
0 29 35 32 40 20 27 38 16 21 34 17 24 13 24 25 39 
4 36 26 30 26 37 11 33 11 23 1 28 22 2 31 18 7 
==============================

====== Algorithm Status ======
Valor:                2992
Time:                 128003
nIter:                25554
Best Iter:            25554
Improvement Count:    25553
==============================
Solution tour: 
0 29 35 32 40 20 27 38 16 21 34 17 24 13 24 25 39 
4 36 26 30 26 37 11 33 11 23 1 28 22 2 31 18 7 
==============================

====== Algorithm Status ======
Valor:                3012
Time:                 256004
nIter:                53998
Best Iter:            53998
Improvement Count:    53997
==============================
Solution tour: 
0 29 32 35 32 40 20 27 38 16 21 34 17 24 13 24 25 39 
4 36 26 30 26 37 26 31 18 7 11 33 11 10 11 23 1 22 28 
==============================

====== Algorithm Status ======
Valor:                3026
Time:                 512002
nIter:                105283
Best Iter:            105283
Improvement Count:    105282
==============================
Solution tour: 
0 29 32 35 40 20 27 16 38 23 1 23 21 34 17 24 
13 24 25 39 25 3 
4 36 6 26 30 26 37 26 31 18 11 33 11 10 22 28 
==============================

====== Algorithm Status ======
Valor:                3026
Time:                 1024002
nIter:                205890
Best Iter:            205890
Improvement Count:    205891
==============================
Solution tour: 
0 29 32 35 40 20 27 16 38 23 1 23 21 34 17 24 
13 24 25 39 25 3 
4 36 6 26 30 26 37 26 31 18 11 33 11 10 22 28 
==============================

====== Algorithm Status ======
Valor:                3026
Time:                 1024002
nIter:                205890
Best Iter:            205890
Improvement Count:    205891
==============================
Solution tour: 
0 29 32 35 40 20 27 16 38 23 1 23 21 34 17 24 
13 24 25 39 25 3 
4 36 6 26 30 26 37 26 31 18 11 33 11 10 22 28 
==============================

