=========== Input ===========
File name:                ./instances/realistic-instances/10-40-1762875.cdop
Total node count:         51
Truck node count:         10
Drone node count:         40
=============================

========== Settings ==========
Settings file:        ./settings/Memetic_MPX_1099666.config
Seed:                 1099666
Reduction method:     -
Max iter:             1024000
Population size:      13
Crossover:            MA-MPX
Local Search:         LS
Warm Start:           Mario_WS
==============================

====== Algorithm Status ======
Valor:                3149
Time:                 250
nIter:                28
Best Iter:            28
Improvement Count:    27
==============================
Solution tour: 
0 14 25 12 50 30 41 39 30 36 
5 
9 
8 
6 
4 
1 34 24 13 44 20 29 49 45 18 42 43 42 15 23 
7 35 17 19 11 47 
3 
10 21 40 31 16 26 32 22 33 
2 37 28 42 
==============================

====== Algorithm Status ======
Valor:                3270
Time:                 510
nIter:                67
Best Iter:            67
Improvement Count:    66
==============================
Solution tour: 
0 14 23 25 20 12 50 30 41 39 30 36 
5 
4 
9 11 47 
10 48 27 21 40 31 16 26 32 22 33 
2 3 37 28 45 15 42 0 
6 
8 
3 
1 34 14 24 13 29 49 18 43 46 19 17 28 35 14 
==============================

====== Algorithm Status ======
Valor:                3364
Time:                 1001
nIter:                123
Best Iter:            123
Improvement Count:    122
==============================
Solution tour: 
0 14 25 12 50 30 41 39 30 36 
5 
3 
4 
1 34 14 24 13 29 49 18 44 18 15 42 43 46 19 17 28 35 23 
7 38 28 45 28 37 3 
9 11 47 
10 48 27 21 40 31 16 26 32 22 33 29 
8 
6 
==============================

====== Algorithm Status ======
Valor:                3364
Time:                 2000
nIter:                229
Best Iter:            229
Improvement Count:    228
==============================
Solution tour: 
0 14 25 12 50 30 41 39 30 36 
5 
3 
4 
1 34 14 24 13 29 49 18 44 18 15 42 43 46 19 17 28 35 23 
7 38 28 45 28 37 3 
9 11 47 
10 48 27 21 40 31 16 26 32 22 33 29 
8 
6 
==============================

====== Algorithm Status ======
Valor:                3364
Time:                 4010
nIter:                439
Best Iter:            439
Improvement Count:    438
==============================
Solution tour: 
0 14 25 12 50 30 41 39 30 36 
5 
3 
4 
1 34 14 24 13 29 49 18 44 18 15 42 43 46 19 17 28 35 23 
7 38 28 45 28 37 3 
9 11 47 
10 48 27 21 40 31 16 26 32 22 33 29 
8 
6 
==============================

====== Algorithm Status ======
Valor:                3377
Time:                 8005
nIter:                886
Best Iter:            886
Improvement Count:    885
==============================
Solution tour: 
0 14 35 25 20 12 39 30 41 30 50 36 
5 
3 
4 
1 34 14 24 13 49 18 44 18 15 42 43 46 19 17 23 
7 38 28 45 28 37 3 
9 11 47 
10 48 27 21 40 31 16 26 32 22 33 29 
8 
6 
2 
==============================

====== Algorithm Status ======
Valor:                3399
Time:                 16009
nIter:                1752
Best Iter:            1752
Improvement Count:    1751
==============================
Solution tour: 
0 14 35 25 20 12 39 41 30 50 36 
5 
3 
4 
1 34 14 24 13 49 18 44 18 15 42 43 46 19 17 23 
7 23 28 45 28 37 3 
9 47 11 
10 48 27 21 40 31 16 26 32 22 33 29 
8 
6 
==============================

====== Algorithm Status ======
Valor:                3399
Time:                 32010
nIter:                3476
Best Iter:            3476
Improvement Count:    3475
==============================
Solution tour: 
0 14 35 25 20 12 39 41 30 50 36 
5 
3 
4 
1 34 14 24 13 49 18 44 18 15 42 43 46 19 17 23 
7 23 28 45 28 37 3 
9 47 11 
10 48 27 21 40 31 16 26 32 22 33 29 
8 
6 
==============================

====== Algorithm Status ======
Valor:                3414
Time:                 64012
nIter:                6804
Best Iter:            6804
Improvement Count:    6803
==============================
Solution tour: 
0 14 35 25 20 12 39 41 30 50 36 
5 
3 
4 
1 34 38 14 24 13 49 18 44 18 15 42 43 46 19 17 23 
7 23 28 45 28 37 3 
9 47 11 
10 48 27 21 40 31 26 16 26 32 22 33 29 8 
2 
==============================

====== Algorithm Status ======
Valor:                3414
Time:                 128004
nIter:                12613
Best Iter:            12613
Improvement Count:    12612
==============================
Solution tour: 
0 14 35 25 20 12 39 41 30 50 36 
5 
3 
4 
1 34 38 14 24 13 49 18 44 18 15 42 43 46 19 17 23 
7 23 28 45 28 37 3 
9 47 11 
10 48 27 21 40 31 26 16 26 32 22 33 29 8 
2 
==============================

====== Algorithm Status ======
Valor:                3414
Time:                 256001
nIter:                24769
Best Iter:            24769
Improvement Count:    24768
==============================
Solution tour: 
0 14 35 25 20 12 39 41 30 50 36 
5 
3 
4 
1 34 38 14 24 13 49 18 44 18 15 42 43 46 19 17 23 
7 23 28 45 28 37 3 
9 47 11 
10 48 27 21 40 31 26 16 26 32 22 33 29 8 
2 
==============================

====== Algorithm Status ======
Valor:                3414
Time:                 512006
nIter:                48754
Best Iter:            48754
Improvement Count:    48753
==============================
Solution tour: 
0 14 35 25 20 12 39 41 30 50 36 
5 
3 
4 
1 34 38 14 24 13 49 18 44 18 15 42 43 46 19 17 23 
7 23 28 45 28 37 3 
9 47 11 
10 48 27 21 40 31 26 16 26 32 22 33 29 8 
2 
==============================

====== Algorithm Status ======
Valor:                3414
Time:                 1024001
nIter:                97078
Best Iter:            97078
Improvement Count:    97079
==============================
Solution tour: 
0 14 35 25 20 12 39 41 30 50 36 
5 
3 
4 
1 34 38 14 24 13 49 18 44 18 15 42 43 46 19 17 23 
7 23 28 45 28 37 3 
9 47 11 
10 48 27 21 40 31 26 16 26 32 22 33 29 8 
2 
==============================

====== Algorithm Status ======
Valor:                3414
Time:                 1024001
nIter:                97078
Best Iter:            97078
Improvement Count:    97079
==============================
Solution tour: 
0 14 35 25 20 12 39 41 30 50 36 
5 
3 
4 
1 34 38 14 24 13 49 18 44 18 15 42 43 46 19 17 23 
7 23 28 45 28 37 3 
9 47 11 
10 48 27 21 40 31 26 16 26 32 22 33 29 8 
2 
==============================

