=========== Input ===========
File name:                ./instances/realistic-instances/10-25-1110588.cdop
Total node count:         36
Truck node count:         10
Drone node count:         25
=============================

========== Settings ==========
Settings file:        ./settings/Memetic_MPX_1287823.config
Seed:                 1287823
Reduction method:     -
Max iter:             1024000
Population size:      13
Crossover:            MA-MPX
Local Search:         LS
Warm Start:           Mario_WS
==============================

====== Algorithm Status ======
Valor:                2680
Time:                 252
nIter:                64
Best Iter:            64
Improvement Count:    63
==============================
Solution tour: 
0 32 34 21 15 25 35 
8 27 31 
3 16 
10 11 24 17 28 20 23 19 29 
4 
7 26 33 10 30 
9 1 9 13 12 
5 24 11 22 18 22 
6 
2 
==============================

====== Algorithm Status ======
Valor:                2680
Time:                 501
nIter:                124
Best Iter:            124
Improvement Count:    123
==============================
Solution tour: 
0 32 34 21 15 25 35 
8 27 31 
3 16 
10 11 24 17 28 20 23 19 29 
4 
7 26 33 10 30 
9 1 9 13 12 
5 24 11 22 18 22 
6 
2 
==============================

====== Algorithm Status ======
Valor:                2680
Time:                 1005
nIter:                241
Best Iter:            241
Improvement Count:    240
==============================
Solution tour: 
0 32 34 21 15 25 35 
8 27 31 
3 16 
10 11 24 17 28 20 23 19 29 
4 
7 26 33 10 30 
9 1 9 13 12 
5 24 11 22 18 22 
6 
2 
==============================

====== Algorithm Status ======
Valor:                2680
Time:                 2001
nIter:                457
Best Iter:            457
Improvement Count:    456
==============================
Solution tour: 
0 32 34 21 15 25 35 
8 27 31 
3 16 
10 11 24 17 28 20 23 19 29 
4 
7 26 33 10 30 
9 1 9 13 12 
5 24 11 22 18 22 
6 
2 
==============================

====== Algorithm Status ======
Valor:                2680
Time:                 4001
nIter:                890
Best Iter:            890
Improvement Count:    889
==============================
Solution tour: 
0 32 34 21 15 25 35 
8 27 31 
3 16 
10 11 24 17 28 20 23 19 29 
4 
7 26 33 10 30 
9 1 9 13 12 
5 24 11 22 18 22 
6 
2 
==============================

====== Algorithm Status ======
Valor:                2720
Time:                 8003
nIter:                1782
Best Iter:            1782
Improvement Count:    1781
==============================
Solution tour: 
0 
1 31 22 18 32 34 32 30 
9 1 9 13 12 
5 
2 26 10 
8 27 31 
3 16 
10 11 24 17 28 35 25 20 23 19 29 
4 
7 26 7 33 10 15 6 
==============================

====== Algorithm Status ======
Valor:                2735
Time:                 16001
nIter:                3619
Best Iter:            3619
Improvement Count:    3618
==============================
Solution tour: 
0 
1 31 22 18 32 34 32 30 
9 1 9 13 12 
5 
2 26 33 10 
8 27 31 
3 16 
10 11 24 17 28 15 35 25 20 23 19 29 
4 
7 26 7 33 26 18 22 
==============================

====== Algorithm Status ======
Valor:                2735
Time:                 32001
nIter:                7406
Best Iter:            7406
Improvement Count:    7405
==============================
Solution tour: 
0 
1 31 22 18 32 34 32 30 
9 1 9 13 12 
5 
2 26 33 10 
8 27 31 
3 16 
10 11 24 17 28 15 35 25 20 23 19 29 
4 
7 26 7 33 26 18 22 
==============================

====== Algorithm Status ======
Valor:                2750
Time:                 64003
nIter:                15391
Best Iter:            15391
Improvement Count:    15390
==============================
Solution tour: 
0 
1 31 22 18 32 34 32 30 
9 1 9 13 12 
5 
2 26 33 10 
8 27 
3 16 
10 11 24 17 28 35 15 21 25 20 23 19 29 
4 
7 26 7 33 26 
==============================

====== Algorithm Status ======
Valor:                2750
Time:                 128000
nIter:                31592
Best Iter:            31592
Improvement Count:    31591
==============================
Solution tour: 
0 
1 31 22 18 32 34 32 30 
9 1 9 13 12 
5 
2 26 33 10 
8 27 
3 16 
10 11 24 17 28 35 15 21 25 20 23 19 29 
4 
7 26 7 33 26 
==============================

====== Algorithm Status ======
Valor:                2750
Time:                 256002
nIter:                60467
Best Iter:            60467
Improvement Count:    60466
==============================
Solution tour: 
0 
1 31 22 18 32 34 32 30 
9 1 9 13 12 
5 
2 26 33 10 
8 27 
3 16 
10 11 24 17 28 35 15 21 25 20 23 19 29 
4 
7 26 7 33 26 
==============================

====== Algorithm Status ======
Valor:                2750
Time:                 512003
nIter:                120780
Best Iter:            120780
Improvement Count:    120779
==============================
Solution tour: 
0 
1 31 22 18 32 34 32 30 
9 1 9 13 12 
5 
2 26 33 10 
8 27 
3 16 
10 11 24 17 28 35 15 21 25 20 23 19 29 
4 
7 26 7 33 26 
==============================

====== Algorithm Status ======
Valor:                2750
Time:                 1024001
nIter:                240116
Best Iter:            240116
Improvement Count:    240117
==============================
Solution tour: 
0 
1 31 22 18 32 34 32 30 
9 1 9 13 12 
5 
2 26 33 10 
8 27 
3 16 
10 11 24 17 28 35 15 21 25 20 23 19 29 
4 
7 26 7 33 26 
==============================

====== Algorithm Status ======
Valor:                2750
Time:                 1024001
nIter:                240116
Best Iter:            240116
Improvement Count:    240117
==============================
Solution tour: 
0 
1 31 22 18 32 34 32 30 
9 1 9 13 12 
5 
2 26 33 10 
8 27 
3 16 
10 11 24 17 28 35 15 21 25 20 23 19 29 
4 
7 26 7 33 26 
==============================

