=========== Input ===========
File name:                ./instances/realistic-instances/15-10-1110588.cdop
Total node count:         26
Truck node count:         15
Drone node count:         10
=============================

========== Settings ==========
Settings file:        ./settings/Memetic_MPX_1099666.config
Seed:                 1099666
Reduction method:     -
Max iter:             1024000
Population size:      13
Crossover:            MA-MPX
Local Search:         LS
Warm Start:           Mario_WS
==============================

====== Algorithm Status ======
Valor:                1804
Time:                 252
nIter:                124
Best Iter:            124
Improvement Count:    123
==============================
Solution tour: 
0 10 21 25 17 18 
12 
3 
5 
2 5 7 21 
10 0 8 14 19 14 
13 
11 
9 3 
8 0 
6 20 6 
7 
4 1 
15 24 15 1 
==============================

====== Algorithm Status ======
Valor:                1804
Time:                 501
nIter:                227
Best Iter:            227
Improvement Count:    226
==============================
Solution tour: 
0 10 21 25 17 18 
12 
3 
5 
2 5 7 21 
10 0 8 14 19 14 
13 
11 
9 3 
8 0 
6 20 6 
7 
4 1 
15 24 15 1 
==============================

====== Algorithm Status ======
Valor:                1804
Time:                 1001
nIter:                456
Best Iter:            456
Improvement Count:    455
==============================
Solution tour: 
0 10 21 25 17 18 
12 
3 
5 
2 5 7 21 
10 0 8 14 19 14 
13 
11 
9 3 
8 0 
6 20 6 
7 
4 1 
15 24 15 1 
==============================

====== Algorithm Status ======
Valor:                1842
Time:                 2000
nIter:                892
Best Iter:            892
Improvement Count:    891
==============================
Solution tour: 
0 
8 0 
6 20 6 
4 18 17 25 
12 
3 
5 2 14 
2 5 16 7 21 
7 0 
9 0 
10 0 
1 
15 24 15 1 19 
14 19 4 
==============================

====== Algorithm Status ======
Valor:                1842
Time:                 4005
nIter:                1822
Best Iter:            1822
Improvement Count:    1821
==============================
Solution tour: 
0 
8 0 
6 20 6 
4 18 17 25 
12 
3 
5 2 14 
2 5 16 7 21 
7 0 
9 0 
10 0 
1 
15 24 15 1 19 
14 19 4 
==============================

====== Algorithm Status ======
Valor:                1842
Time:                 8000
nIter:                3604
Best Iter:            3604
Improvement Count:    3603
==============================
Solution tour: 
0 
8 0 
6 20 6 
4 18 17 25 
12 
3 
5 2 14 
2 5 16 7 21 
7 0 
9 0 
10 0 
1 
15 24 15 1 19 
14 19 4 
==============================

====== Algorithm Status ======
Valor:                1842
Time:                 16000
nIter:                7142
Best Iter:            7142
Improvement Count:    7141
==============================
Solution tour: 
0 
8 0 
6 20 6 
4 18 17 25 
12 
3 
5 2 14 
2 5 16 7 21 
7 0 
9 0 
10 0 
1 
15 24 15 1 19 
14 19 4 
==============================

====== Algorithm Status ======
Valor:                1842
Time:                 32001
nIter:                14371
Best Iter:            14371
Improvement Count:    14370
==============================
Solution tour: 
0 
8 0 
6 20 6 
4 18 17 25 
12 
3 
5 2 14 
2 5 16 7 21 
7 0 
9 0 
10 0 
1 
15 24 15 1 19 
14 19 4 
==============================

====== Algorithm Status ======
Valor:                1842
Time:                 64002
nIter:                28581
Best Iter:            28581
Improvement Count:    28580
==============================
Solution tour: 
0 
8 0 
6 20 6 
4 18 17 25 
12 
3 
5 2 14 
2 5 16 7 21 
7 0 
9 0 
10 0 
1 
15 24 15 1 19 
14 19 4 
==============================

====== Algorithm Status ======
Valor:                1869
Time:                 128001
nIter:                58531
Best Iter:            58531
Improvement Count:    58530
==============================
Solution tour: 
0 8 0 
6 20 6 
2 
5 3 
1 
15 1 0 
10 0 7 16 7 21 
7 
4 18 17 25 19 
14 23 
11 
13 24 12 3 
9 0 
==============================

====== Algorithm Status ======
Valor:                1869
Time:                 256001
nIter:                117294
Best Iter:            117294
Improvement Count:    117293
==============================
Solution tour: 
0 8 0 
6 20 6 
2 
5 3 
1 
15 1 0 
10 0 7 16 7 21 
7 
4 18 17 25 19 
14 23 
11 
13 24 12 3 
9 0 
==============================

====== Algorithm Status ======
Valor:                1932
Time:                 512001
nIter:                233230
Best Iter:            233230
Improvement Count:    233229
==============================
Solution tour: 
0 
10 0 7 21 
7 6 
1 15 
9 
3 
5 
2 5 16 
12 24 
6 20 6 17 18 25 19 14 23 
14 
13 
15 1 0 
4 0 
8 0 
==============================

====== Algorithm Status ======
Valor:                1932
Time:                 1024002
nIter:                459298
Best Iter:            459298
Improvement Count:    459299
==============================
Solution tour: 
0 
10 0 7 21 
7 6 
1 15 
9 
3 
5 
2 5 16 
12 24 
6 20 6 17 18 25 19 14 23 
14 
13 
15 1 0 
4 0 
8 0 
==============================

====== Algorithm Status ======
Valor:                1932
Time:                 1024002
nIter:                459298
Best Iter:            459298
Improvement Count:    459299
==============================
Solution tour: 
0 
10 0 7 21 
7 6 
1 15 
9 
3 
5 
2 5 16 
12 24 
6 20 6 17 18 25 19 14 23 
14 
13 
15 1 0 
4 0 
8 0 
==============================

