=========== Input ===========
File name:                ./instances/realistic-instances/25-10-1110588.cdop
Total node count:         36
Truck node count:         25
Drone node count:         10
=============================

========== Settings ==========
Settings file:        ./settings/Memetic-LS_MPX_1287823.config
Seed:                 1287823
Reduction method:     -
Max iter:             1024000
Population size:      13
Crossover:            MA-MPX
Local Search:         -
Warm Start:           Mario_WS
==============================

====== Algorithm Status ======
Valor:                1467
Time:                 250
nIter:                349
Best Iter:            349
Improvement Count:    348
==============================
Solution tour: 
0 32 27 26 28 
1 
4 
17 
7 
11 
13 
23 
18 
14 33 
9 
16 2 7 
2 6 35 
6 
15 29 22 17 
22 
21 30 
20 34 
24 
10 
5 31 
19 
12 
3 
8 
==============================

====== Algorithm Status ======
Valor:                1467
Time:                 500
nIter:                727
Best Iter:            727
Improvement Count:    726
==============================
Solution tour: 
0 32 27 26 28 
1 
4 
17 
7 
11 
13 
23 
18 
14 33 
9 
16 2 7 
2 6 35 
6 
15 29 22 17 
22 
21 30 
20 34 
24 
10 
5 31 
19 
12 
3 
8 
==============================

====== Algorithm Status ======
Valor:                1499
Time:                 1000
nIter:                1562
Best Iter:            1562
Improvement Count:    1561
==============================
Solution tour: 
0 32 27 26 28 
1 
4 
17 
7 
11 
13 
23 
18 
25 
14 33 
9 
16 2 7 
2 6 35 
6 
15 29 22 17 
22 
21 30 
20 34 
24 
10 
5 31 
==============================

====== Algorithm Status ======
Valor:                1499
Time:                 2001
nIter:                3202
Best Iter:            3202
Improvement Count:    3201
==============================
Solution tour: 
0 32 27 26 28 
1 
4 
17 
7 
11 
13 
23 
18 
25 
14 33 
9 
16 2 7 
2 6 35 
6 
15 29 22 17 
22 
21 30 
20 34 
24 
10 
5 31 
==============================

====== Algorithm Status ======
Valor:                1499
Time:                 4000
nIter:                6540
Best Iter:            6540
Improvement Count:    6539
==============================
Solution tour: 
0 32 27 26 28 
1 
4 
17 
7 
11 
13 
23 
18 
25 
14 33 
9 
16 2 7 
2 6 35 
6 
15 29 22 17 
22 
21 30 
20 34 
24 
10 
5 31 
==============================

====== Algorithm Status ======
Valor:                1499
Time:                 8001
nIter:                13102
Best Iter:            13102
Improvement Count:    13101
==============================
Solution tour: 
0 32 27 26 28 
1 
4 
17 
7 
11 
13 
23 
18 
25 
14 33 
9 
16 2 7 
2 6 35 
6 
15 29 22 17 
22 
21 30 
20 34 
24 
10 
5 31 
==============================

====== Algorithm Status ======
Valor:                1499
Time:                 16000
nIter:                26635
Best Iter:            26635
Improvement Count:    26634
==============================
Solution tour: 
0 32 27 26 28 
1 
4 
17 
7 
11 
13 
23 
18 
25 
14 33 
9 
16 2 7 
2 6 35 
6 
15 29 22 17 
22 
21 30 
20 34 
24 
10 
5 31 
==============================

====== Algorithm Status ======
Valor:                1499
Time:                 32000
nIter:                53968
Best Iter:            53968
Improvement Count:    53967
==============================
Solution tour: 
0 32 27 26 28 
1 
4 
17 
7 
11 
13 
23 
18 
25 
14 33 
9 
16 2 7 
2 6 35 
6 
15 29 22 17 
22 
21 30 
20 34 
24 
10 
5 31 
==============================

====== Algorithm Status ======
Valor:                1499
Time:                 64000
nIter:                109762
Best Iter:            109762
Improvement Count:    109761
==============================
Solution tour: 
0 32 27 26 28 
1 
4 
17 
7 
11 
13 
23 
18 
25 
14 33 
9 
16 2 7 
2 6 35 
6 
15 29 22 17 
22 
21 30 
20 34 
24 
10 
5 31 
==============================

====== Algorithm Status ======
Valor:                1499
Time:                 128001
nIter:                212527
Best Iter:            212527
Improvement Count:    212526
==============================
Solution tour: 
0 32 27 26 28 
1 
4 
17 
7 
11 
13 
23 
18 
25 
14 33 
9 
16 2 7 
2 6 35 
6 
15 29 22 17 
22 
21 30 
20 34 
24 
10 
5 31 
==============================

====== Algorithm Status ======
Valor:                1500
Time:                 256000
nIter:                405997
Best Iter:            405997
Improvement Count:    405996
==============================
Solution tour: 
0 32 27 26 28 
1 
12 
4 
7 
17 
11 
13 
23 
18 
25 
14 33 
9 
16 2 7 
2 6 35 
6 
15 29 22 17 
22 
21 30 
20 34 
24 
19 
3 
==============================

====== Algorithm Status ======
Valor:                1500
Time:                 512000
nIter:                815548
Best Iter:            815548
Improvement Count:    815547
==============================
Solution tour: 
0 32 27 26 28 
1 
12 
4 
7 
17 
11 
13 
23 
18 
25 
14 33 
9 
16 2 7 
2 6 35 
6 
15 29 22 17 
22 
21 30 
20 34 
24 
19 
3 
==============================

====== Algorithm Status ======
Valor:                1500
Time:                 1024001
nIter:                1633221
Best Iter:            1633221
Improvement Count:    1633222
==============================
Solution tour: 
0 32 27 26 28 
1 
12 
4 
7 
17 
11 
13 
23 
18 
25 
14 33 
9 
16 2 7 
2 6 35 
6 
15 29 22 17 
22 
21 30 
20 34 
24 
19 
3 
==============================

====== Algorithm Status ======
Valor:                1500
Time:                 1024001
nIter:                1633221
Best Iter:            1633221
Improvement Count:    1633222
==============================
Solution tour: 
0 32 27 26 28 
1 
12 
4 
7 
17 
11 
13 
23 
18 
25 
14 33 
9 
16 2 7 
2 6 35 
6 
15 29 22 17 
22 
21 30 
20 34 
24 
19 
3 
==============================

