=========== Input ===========
File name:                ./instances/realistic-instances/25-25-1917698.cdop
Total node count:         51
Truck node count:         25
Drone node count:         25
=============================

========== Settings ==========
Settings file:        ./settings/Memetic-LS_MPX_1881515.config
Seed:                 1881515
Reduction method:     -
Max iter:             1024000
Population size:      13
Crossover:            MA-MPX
Local Search:         -
Warm Start:           Mario_WS
==============================

====== Algorithm Status ======
Valor:                2126
Time:                 253
nIter:                180
Best Iter:            180
Improvement Count:    179
==============================
Solution tour: 
0 
22 
4 26 45 27 29 35 41 46 43 
18 
24 
23 
19 
14 48 30 32 20 31 
20 
12 1 50 
11 
13 47 39 28 24 
9 
1 
5 
2 
7 
8 
15 
16 
17 
21 
10 11 42 36 
6 33 49 37 34 44 
3 
==============================

====== Algorithm Status ======
Valor:                2126
Time:                 500
nIter:                359
Best Iter:            359
Improvement Count:    358
==============================
Solution tour: 
0 
22 
4 26 45 27 29 35 41 46 43 
18 
24 
23 
19 
14 48 30 32 20 31 
20 
12 1 50 
11 
13 47 39 28 24 
9 
1 
5 
2 
7 
8 
15 
16 
17 
21 
10 11 42 36 
6 33 49 37 34 44 
3 
==============================

====== Algorithm Status ======
Valor:                2126
Time:                 1001
nIter:                735
Best Iter:            735
Improvement Count:    734
==============================
Solution tour: 
0 
22 
4 26 45 27 29 35 41 46 43 
18 
24 
23 
19 
14 48 30 32 20 31 
20 
12 1 50 
11 
13 47 39 28 24 
9 
1 
5 
2 
7 
8 
15 
16 
17 
21 
10 11 42 36 
6 33 49 37 34 44 
3 
==============================

====== Algorithm Status ======
Valor:                2126
Time:                 2000
nIter:                1508
Best Iter:            1508
Improvement Count:    1507
==============================
Solution tour: 
0 
22 
4 26 45 27 29 35 41 46 43 
18 
24 
23 
19 
14 48 30 32 20 31 
20 
12 1 50 
11 
13 47 39 28 24 
9 
1 
5 
2 
7 
8 
15 
16 
17 
21 
10 11 42 36 
6 33 49 37 34 44 
3 
==============================

====== Algorithm Status ======
Valor:                2126
Time:                 4005
nIter:                3015
Best Iter:            3015
Improvement Count:    3014
==============================
Solution tour: 
0 
22 
4 26 45 27 29 35 41 46 43 
18 
24 
23 
19 
14 48 30 32 20 31 
20 
12 1 50 
11 
13 47 39 28 24 
9 
1 
5 
2 
7 
8 
15 
16 
17 
21 
10 11 42 36 
6 33 49 37 34 44 
3 
==============================

====== Algorithm Status ======
Valor:                2126
Time:                 8000
nIter:                6033
Best Iter:            6033
Improvement Count:    6032
==============================
Solution tour: 
0 
22 
4 26 45 27 29 35 41 46 43 
18 
24 
23 
19 
14 48 30 32 20 31 
20 
12 1 50 
11 
13 47 39 28 24 
9 
1 
5 
2 
7 
8 
15 
16 
17 
21 
10 11 42 36 
6 33 49 37 34 44 
3 
==============================

====== Algorithm Status ======
Valor:                2126
Time:                 16000
nIter:                12037
Best Iter:            12037
Improvement Count:    12036
==============================
Solution tour: 
0 
22 
4 26 45 27 29 35 41 46 43 
18 
24 
23 
19 
14 48 30 32 20 31 
20 
12 1 50 
11 
13 47 39 28 24 
9 
1 
5 
2 
7 
8 
15 
16 
17 
21 
10 11 42 36 
6 33 49 37 34 44 
3 
==============================

====== Algorithm Status ======
Valor:                2126
Time:                 32005
nIter:                24510
Best Iter:            24510
Improvement Count:    24509
==============================
Solution tour: 
0 
22 
4 26 45 27 29 35 41 46 43 
18 
24 
23 
19 
14 48 30 32 20 31 
20 
12 1 50 
11 
13 47 39 28 24 
9 
1 
5 
2 
7 
8 
15 
16 
17 
21 
10 11 42 36 
6 33 49 37 34 44 
3 
==============================

====== Algorithm Status ======
Valor:                2126
Time:                 64000
nIter:                51000
Best Iter:            51000
Improvement Count:    50999
==============================
Solution tour: 
0 
22 
4 26 45 27 29 35 41 46 43 
18 
24 
23 
19 
14 48 30 32 20 31 
20 
12 1 50 
11 
13 47 39 28 24 
9 
1 
5 
2 
7 
8 
15 
16 
17 
21 
10 11 42 36 
6 33 49 37 34 44 
3 
==============================

====== Algorithm Status ======
Valor:                2133
Time:                 128000
nIter:                105356
Best Iter:            105356
Improvement Count:    105355
==============================
Solution tour: 
0 
22 
4 26 45 27 29 35 41 46 43 
18 
24 
23 
19 
14 48 30 32 20 31 
20 
12 1 50 
11 
13 47 39 28 24 
9 
1 
5 
2 
7 
8 
15 
16 
17 
10 11 42 36 
6 33 49 37 34 44 
21 
==============================

====== Algorithm Status ======
Valor:                2164
Time:                 256000
nIter:                202322
Best Iter:            202322
Improvement Count:    202321
==============================
Solution tour: 
0 
22 
4 26 45 27 29 35 41 46 43 
18 
24 
23 
19 
14 48 30 32 20 31 
20 
12 1 50 
11 
13 47 39 28 24 
9 
1 
5 
2 
8 
7 
15 
16 
17 
10 11 42 36 
6 33 49 37 34 44 
3 
==============================

====== Algorithm Status ======
Valor:                2164
Time:                 512000
nIter:                406161
Best Iter:            406161
Improvement Count:    406160
==============================
Solution tour: 
0 
22 
4 26 45 27 29 35 41 46 43 
18 
24 
23 
19 
14 48 30 32 20 31 
20 
12 1 50 
11 
13 47 39 28 24 
9 
1 
5 
2 
8 
7 
15 
16 
17 
10 11 42 36 
6 33 49 37 34 44 
3 
==============================

====== Algorithm Status ======
Valor:                2164
Time:                 1024005
nIter:                810838
Best Iter:            810838
Improvement Count:    810839
==============================
Solution tour: 
0 
22 
4 26 45 27 29 35 41 46 43 
18 
24 
23 
19 
14 48 30 32 20 31 
20 
12 1 50 
11 
13 47 39 28 24 
9 
1 
5 
2 
8 
7 
15 
16 
17 
10 11 42 36 
6 33 49 37 34 44 
3 
==============================

====== Algorithm Status ======
Valor:                2164
Time:                 1024005
nIter:                810838
Best Iter:            810838
Improvement Count:    810839
==============================
Solution tour: 
0 
22 
4 26 45 27 29 35 41 46 43 
18 
24 
23 
19 
14 48 30 32 20 31 
20 
12 1 50 
11 
13 47 39 28 24 
9 
1 
5 
2 
8 
7 
15 
16 
17 
10 11 42 36 
6 33 49 37 34 44 
3 
==============================

