=========== Input ===========
File name:                ./instances/realistic-instances/25-25-1917698.cdop
Total node count:         51
Truck node count:         25
Drone node count:         25
=============================

========== Settings ==========
Settings file:        ./settings/Memetic_MMX_1881515.config
Seed:                 1881515
Reduction method:     -
Max iter:             1024000
Population size:      13
Crossover:            MA-MMX
Local Search:         LS
Warm Start:           Mario_WS
==============================

====== Algorithm Status ======
Valor:                2547
Time:                 254
nIter:                35
Best Iter:            35
Improvement Count:    34
==============================
Solution tour: 
0 
4 26 47 45 28 45 39 27 46 43 40 44 34 41 29 
14 38 36 32 35 32 37 32 30 20 31 
20 30 42 11 10 11 50 11 48 
==============================

====== Algorithm Status ======
Valor:                2634
Time:                 504
nIter:                72
Best Iter:            72
Improvement Count:    71
==============================
Solution tour: 
0 13 26 47 45 28 45 39 27 46 43 40 34 49 44 41 29 
14 38 36 42 32 35 32 37 32 30 20 31 
20 11 10 11 50 11 48 
==============================

====== Algorithm Status ======
Valor:                2668
Time:                 1011
nIter:                147
Best Iter:            147
Improvement Count:    146
==============================
Solution tour: 
0 47 45 28 27 39 27 46 43 40 34 49 44 41 29 
14 38 36 42 30 32 35 32 37 32 20 31 
20 11 50 11 10 11 26 48 
==============================

====== Algorithm Status ======
Valor:                2670
Time:                 2004
nIter:                292
Best Iter:            292
Improvement Count:    291
==============================
Solution tour: 
0 47 45 28 27 39 27 46 43 40 34 49 44 41 29 
14 38 36 12 32 35 32 37 32 30 20 31 
20 11 50 11 10 11 26 48 
==============================

====== Algorithm Status ======
Valor:                2693
Time:                 4002
nIter:                578
Best Iter:            578
Improvement Count:    577
==============================
Solution tour: 
0 47 39 27 46 41 46 43 40 34 40 49 44 29 
14 28 38 36 12 30 32 35 32 37 32 20 31 
20 11 50 11 10 11 26 48 
==============================

====== Algorithm Status ======
Valor:                2728
Time:                 8000
nIter:                1136
Best Iter:            1136
Improvement Count:    1135
==============================
Solution tour: 
0 48 41 46 27 46 43 40 34 44 49 
14 29 39 47 45 28 38 36 42 30 32 35 32 37 32 20 32 30 20 31 
20 26 11 50 11 10 11 13 
==============================

====== Algorithm Status ======
Valor:                2749
Time:                 16004
nIter:                2279
Best Iter:            2279
Improvement Count:    2278
==============================
Solution tour: 
0 48 41 46 27 46 43 40 34 44 49 
14 29 27 39 47 45 28 38 36 42 30 32 35 32 37 32 30 20 31 
20 26 11 50 11 10 11 13 
==============================

====== Algorithm Status ======
Valor:                2749
Time:                 32004
nIter:                4592
Best Iter:            4592
Improvement Count:    4591
==============================
Solution tour: 
0 48 41 46 27 46 43 40 34 44 49 
14 29 27 39 47 45 28 38 36 42 30 32 35 32 37 32 30 20 31 
20 26 11 50 11 10 11 13 
==============================

====== Algorithm Status ======
Valor:                2749
Time:                 64003
nIter:                9228
Best Iter:            9228
Improvement Count:    9227
==============================
Solution tour: 
0 48 41 46 27 46 43 40 34 44 49 
14 29 27 39 47 45 28 38 36 42 30 32 35 32 37 32 30 20 31 
20 26 11 50 11 10 11 13 
==============================

====== Algorithm Status ======
Valor:                2749
Time:                 128002
nIter:                19313
Best Iter:            19313
Improvement Count:    19312
==============================
Solution tour: 
0 48 41 46 27 46 43 40 34 44 49 
14 29 27 39 47 45 28 38 36 42 30 32 35 32 37 32 30 20 31 
20 26 11 50 11 10 11 13 
==============================

====== Algorithm Status ======
Valor:                2749
Time:                 256016
nIter:                37792
Best Iter:            37792
Improvement Count:    37791
==============================
Solution tour: 
0 48 41 46 27 46 43 40 34 44 49 
14 29 27 39 47 45 28 38 36 42 30 32 35 32 37 32 30 20 31 
20 26 11 50 11 10 11 13 
==============================

====== Algorithm Status ======
Valor:                2759
Time:                 512002
nIter:                75207
Best Iter:            75207
Improvement Count:    75206
==============================
Solution tour: 
0 48 29 16 49 44 34 40 43 46 41 17 41 46 27 39 47 45 28 38 36 
12 32 35 32 37 32 30 20 31 
20 26 11 50 11 10 11 13 
==============================

====== Algorithm Status ======
Valor:                2771
Time:                 1024002
nIter:                149017
Best Iter:            149017
Improvement Count:    149018
==============================
Solution tour: 
0 48 29 49 44 34 40 43 46 41 17 41 46 27 39 47 45 28 38 36 
12 32 35 32 37 32 30 42 30 20 31 
20 26 11 50 11 10 11 13 
==============================

====== Algorithm Status ======
Valor:                2771
Time:                 1024002
nIter:                149017
Best Iter:            149017
Improvement Count:    149018
==============================
Solution tour: 
0 48 29 49 44 34 40 43 46 41 17 41 46 27 39 47 45 28 38 36 
12 32 35 32 37 32 30 42 30 20 31 
20 26 11 50 11 10 11 13 
==============================

