=========== Input ===========
File name:                ./instances/realistic-instances/25-25-1767920.cdop
Total node count:         51
Truck node count:         25
Drone node count:         25
=============================

========== Settings ==========
Settings file:        ./settings/Memetic_MMX_1287823.config
Seed:                 1287823
Reduction method:     -
Max iter:             1024000
Population size:      13
Crossover:            MA-MMX
Local Search:         LS
Warm Start:           Mario_WS
==============================

====== Algorithm Status ======
Valor:                2496
Time:                 252
nIter:                38
Best Iter:            38
Improvement Count:    37
==============================
Solution tour: 
0 1 8 35 1 35 10 8 
10 43 29 43 37 34 28 39 28 
13 49 27 41 47 30 36 44 50 48 31 46 42 45 32 45 40 26 38 
==============================

====== Algorithm Status ======
Valor:                2509
Time:                 502
nIter:                74
Best Iter:            74
Improvement Count:    73
==============================
Solution tour: 
0 38 26 10 35 1 35 10 8 
10 43 29 43 37 32 34 28 39 28 
13 50 49 27 41 47 36 30 36 48 31 46 42 45 44 6 40 6 38 
==============================

====== Algorithm Status ======
Valor:                2531
Time:                 1003
nIter:                161
Best Iter:            161
Improvement Count:    160
==============================
Solution tour: 
0 26 38 10 35 1 35 10 8 
10 43 29 43 37 32 34 28 39 28 
13 50 49 27 41 47 36 30 36 42 45 46 48 46 31 44 6 40 6 
==============================

====== Algorithm Status ======
Valor:                2546
Time:                 2001
nIter:                319
Best Iter:            319
Improvement Count:    318
==============================
Solution tour: 
0 26 38 10 35 1 35 10 8 
10 43 29 43 37 32 34 28 39 28 
13 50 49 27 41 47 36 30 36 48 31 46 42 45 40 6 44 6 
==============================

====== Algorithm Status ======
Valor:                2546
Time:                 4002
nIter:                647
Best Iter:            647
Improvement Count:    646
==============================
Solution tour: 
0 26 38 10 35 1 35 10 8 
10 43 29 43 37 32 34 28 39 28 
13 50 49 27 41 47 36 30 36 48 31 46 42 45 40 6 44 6 
==============================

====== Algorithm Status ======
Valor:                2632
Time:                 8004
nIter:                1280
Best Iter:            1280
Improvement Count:    1279
==============================
Solution tour: 
0 1 35 1 8 
10 35 43 29 43 37 34 28 39 28 
13 22 27 49 40 45 32 45 42 46 31 48 44 50 36 30 36 47 41 26 38 
==============================

====== Algorithm Status ======
Valor:                2632
Time:                 16000
nIter:                2494
Best Iter:            2494
Improvement Count:    2493
==============================
Solution tour: 
0 1 35 1 8 
10 35 43 29 43 37 34 28 39 28 
13 22 27 49 40 45 32 45 42 46 31 48 44 50 36 30 36 47 41 26 38 
==============================

====== Algorithm Status ======
Valor:                2632
Time:                 32003
nIter:                4958
Best Iter:            4958
Improvement Count:    4957
==============================
Solution tour: 
0 1 35 1 8 
10 35 43 29 43 37 34 28 39 28 
13 22 27 49 40 45 32 45 42 46 31 48 44 50 36 30 36 47 41 7 26 38 
==============================

====== Algorithm Status ======
Valor:                2644
Time:                 64007
nIter:                9778
Best Iter:            9778
Improvement Count:    9777
==============================
Solution tour: 
0 1 35 10 8 
10 35 43 29 43 37 28 39 28 34 32 21 
11 21 22 27 49 50 40 45 42 46 31 48 44 36 30 36 47 41 7 26 38 
==============================

====== Algorithm Status ======
Valor:                2686
Time:                 128000
nIter:                19853
Best Iter:            19853
Improvement Count:    19852
==============================
Solution tour: 
0 1 35 
10 35 43 29 43 37 28 39 28 34 32 21 
11 21 22 27 49 40 45 42 46 31 48 44 50 36 30 36 47 41 7 41 26 38 
==============================

====== Algorithm Status ======
Valor:                2686
Time:                 256004
nIter:                40782
Best Iter:            40782
Improvement Count:    40781
==============================
Solution tour: 
0 1 35 
10 35 43 29 43 37 28 39 28 34 32 21 
11 21 22 27 49 40 45 42 46 31 48 44 50 36 30 36 47 41 7 41 26 38 
==============================

====== Algorithm Status ======
Valor:                2686
Time:                 512004
nIter:                82664
Best Iter:            82664
Improvement Count:    82663
==============================
Solution tour: 
0 1 35 
10 35 43 29 43 37 28 39 28 34 32 21 
11 21 22 27 49 40 45 42 46 31 48 44 50 36 30 36 47 41 7 41 26 38 
==============================

====== Algorithm Status ======
Valor:                2686
Time:                 1024003
nIter:                165975
Best Iter:            165975
Improvement Count:    165976
==============================
Solution tour: 
0 1 35 
10 35 43 29 43 37 28 39 28 34 32 21 
11 21 22 27 49 40 45 42 46 31 48 44 50 36 30 36 47 41 7 41 26 38 
==============================

====== Algorithm Status ======
Valor:                2686
Time:                 1024003
nIter:                165975
Best Iter:            165975
Improvement Count:    165976
==============================
Solution tour: 
0 1 35 
10 35 43 29 43 37 28 39 28 34 32 21 
11 21 22 27 49 40 45 42 46 31 48 44 50 36 30 36 47 41 7 41 26 38 
==============================

