=========== Input ===========
File name:                ./instances/realistic-instances/20-10-1891798.cdop
Total node count:         31
Truck node count:         20
Drone node count:         10
=============================

========== Settings ==========
Settings file:        ./settings/Memetic-LS_MMX_1287823.config
Seed:                 1287823
Reduction method:     -
Max iter:             1024000
Population size:      13
Crossover:            MA-MMX
Local Search:         -
Warm Start:           Mario_WS
==============================

====== Algorithm Status ======
Valor:                1760
Time:                 250
nIter:                494
Best Iter:            494
Improvement Count:    493
==============================
Solution tour: 
0 
1 
8 24 
7 
5 30 5 16 22 
4 
11 9 28 
9 26 
18 
17 
16 
10 25 
3 
12 23 27 21 
13 29 
6 
15 
==============================

====== Algorithm Status ======
Valor:                1806
Time:                 500
nIter:                991
Best Iter:            991
Improvement Count:    990
==============================
Solution tour: 
0 
1 
8 24 
7 
5 30 5 16 22 
4 
11 9 28 
9 26 
18 
17 
16 
10 25 
3 
12 23 27 21 
13 29 
6 
==============================

====== Algorithm Status ======
Valor:                1806
Time:                 1000
nIter:                1901
Best Iter:            1901
Improvement Count:    1900
==============================
Solution tour: 
0 
1 
8 24 
7 
5 30 5 16 22 
4 
11 9 28 
9 26 
18 
17 
16 
10 25 
3 
12 23 27 21 
13 29 
6 
==============================

====== Algorithm Status ======
Valor:                1806
Time:                 2000
nIter:                3945
Best Iter:            3945
Improvement Count:    3944
==============================
Solution tour: 
0 
1 
8 24 
7 
5 30 5 16 22 
4 
11 9 28 
9 26 
18 
17 
16 
10 25 
3 
12 23 27 21 
13 29 
6 
==============================

====== Algorithm Status ======
Valor:                1806
Time:                 4000
nIter:                8057
Best Iter:            8057
Improvement Count:    8056
==============================
Solution tour: 
0 
1 
8 24 
7 
5 30 5 16 22 
4 
11 9 28 
9 26 
18 
17 
16 
10 25 
3 
12 23 27 21 
13 29 
6 
==============================

====== Algorithm Status ======
Valor:                1839
Time:                 8000
nIter:                16145
Best Iter:            16145
Improvement Count:    16144
==============================
Solution tour: 
0 
1 
8 24 
7 
5 30 5 22 
4 
11 9 28 
9 26 
18 
17 
3 25 23 27 23 
13 29 
6 
==============================

====== Algorithm Status ======
Valor:                1856
Time:                 16000
nIter:                33786
Best Iter:            33786
Improvement Count:    33785
==============================
Solution tour: 
0 
1 
8 24 
7 
5 30 5 22 
4 
11 9 28 
9 26 
18 
17 
3 25 23 27 23 29 
6 
12 
==============================

====== Algorithm Status ======
Valor:                1856
Time:                 32000
nIter:                69202
Best Iter:            69202
Improvement Count:    69201
==============================
Solution tour: 
0 
1 
8 24 
7 
5 30 5 22 
4 
11 9 28 
9 26 
18 
17 
3 25 23 27 23 29 
6 
12 
==============================

====== Algorithm Status ======
Valor:                1946
Time:                 64000
nIter:                142774
Best Iter:            142774
Improvement Count:    142773
==============================
Solution tour: 
0 
6 29 5 30 5 22 
4 
11 9 28 
9 18 26 
18 21 
3 25 23 27 23 24 0 
12 
==============================

====== Algorithm Status ======
Valor:                1946
Time:                 128000
nIter:                282840
Best Iter:            282840
Improvement Count:    282839
==============================
Solution tour: 
0 
6 29 5 30 5 22 
4 
11 9 28 
9 18 26 
18 21 
3 25 23 27 23 24 0 
12 
==============================

====== Algorithm Status ======
Valor:                2039
Time:                 256000
nIter:                562294
Best Iter:            562294
Improvement Count:    562293
==============================
Solution tour: 
0 
6 29 6 30 5 30 22 9 28 
9 18 26 
18 
20 25 23 27 23 24 
8 0 
12 
==============================

====== Algorithm Status ======
Valor:                2145
Time:                 512000
nIter:                1156753
Best Iter:            1156753
Improvement Count:    1156752
==============================
Solution tour: 
0 
6 29 6 30 5 30 21 9 28 
9 18 26 
18 22 27 23 24 7 24 25 6 0 
12 
==============================

====== Algorithm Status ======
Valor:                2145
Time:                 1024001
nIter:                2322010
Best Iter:            2322010
Improvement Count:    2322011
==============================
Solution tour: 
0 
6 29 6 30 5 30 21 9 28 
9 18 26 
18 22 27 23 24 7 24 25 6 0 
12 
==============================

====== Algorithm Status ======
Valor:                2145
Time:                 1024001
nIter:                2322010
Best Iter:            2322010
Improvement Count:    2322011
==============================
Solution tour: 
0 
6 29 6 30 5 30 21 9 28 
9 18 26 
18 22 27 23 24 7 24 25 6 0 
12 
==============================

