=========== Input ===========
File name:                ./instances/realistic-instances/25-10-1762875.cdop
Total node count:         36
Truck node count:         25
Drone node count:         10
=============================

========== Settings ==========
Settings file:        ./settings/Memetic-LS_MPX_1287823.config
Seed:                 1287823
Reduction method:     -
Max iter:             1024000
Population size:      13
Crossover:            MA-MPX
Local Search:         -
Warm Start:           Mario_WS
==============================

====== Algorithm Status ======
Valor:                1275
Time:                 250
nIter:                398
Best Iter:            398
Improvement Count:    397
==============================
Solution tour: 
0 
21 
24 15 26 28 35 29 
22 
6 
2 
8 
7 
1 
9 
13 
19 
17 
20 
15 
18 
16 
12 32 25 10 
23 25 31 
11 
10 
14 5 27 
5 
4 
3 
==============================

====== Algorithm Status ======
Valor:                1275
Time:                 500
nIter:                775
Best Iter:            775
Improvement Count:    774
==============================
Solution tour: 
0 
21 
24 15 26 28 35 29 
22 
6 
2 
8 
7 
1 
9 
13 
19 
17 
20 
15 
18 
16 
12 32 25 10 
23 25 31 
11 
10 
14 5 27 
5 
4 
3 
==============================

====== Algorithm Status ======
Valor:                1275
Time:                 1000
nIter:                1527
Best Iter:            1527
Improvement Count:    1526
==============================
Solution tour: 
0 
21 
24 15 26 28 35 29 
22 
6 
2 
8 
7 
1 
9 
13 
19 
17 
20 
15 
18 
16 
12 32 25 10 
23 25 31 
11 
10 
14 5 27 
5 
4 
3 
==============================

====== Algorithm Status ======
Valor:                1275
Time:                 2000
nIter:                3014
Best Iter:            3014
Improvement Count:    3013
==============================
Solution tour: 
0 
21 
24 15 26 28 35 29 
22 
6 
2 
8 
7 
1 
9 
13 
19 
17 
20 
15 
18 
16 
12 32 25 10 
23 25 31 
11 
10 
14 5 27 
5 
4 
3 
==============================

====== Algorithm Status ======
Valor:                1275
Time:                 4000
nIter:                6164
Best Iter:            6164
Improvement Count:    6163
==============================
Solution tour: 
0 
21 
24 15 26 28 35 29 
22 
6 
2 
8 
7 
1 
9 
13 
19 
17 
20 
15 
18 
16 
12 32 25 10 
23 25 31 
11 
10 
14 5 27 
5 
4 
3 
==============================

====== Algorithm Status ======
Valor:                1275
Time:                 8000
nIter:                12359
Best Iter:            12359
Improvement Count:    12358
==============================
Solution tour: 
0 
21 
24 15 26 28 35 29 
22 
6 
2 
8 
7 
1 
9 
13 
19 
17 
20 
15 
18 
16 
12 32 25 10 
23 25 31 
11 
10 
14 5 27 
5 
4 
3 
==============================

====== Algorithm Status ======
Valor:                1275
Time:                 16000
nIter:                24706
Best Iter:            24706
Improvement Count:    24705
==============================
Solution tour: 
0 
21 
24 15 26 28 35 29 
22 
6 
2 
8 
7 
1 
9 
13 
19 
17 
20 
15 
18 
16 
12 32 25 10 
23 25 31 
11 
10 
14 5 27 
5 
4 
3 
==============================

====== Algorithm Status ======
Valor:                1314
Time:                 32000
nIter:                48436
Best Iter:            48436
Improvement Count:    48435
==============================
Solution tour: 
0 
2 
8 
7 
1 
9 
13 
18 
15 
20 
17 
19 
16 
11 
10 
14 5 27 
5 
4 
3 
21 
25 
24 15 26 28 29 
22 
12 32 25 10 
23 25 31 
6 
==============================

====== Algorithm Status ======
Valor:                1425
Time:                 64000
nIter:                93488
Best Iter:            93488
Improvement Count:    93487
==============================
Solution tour: 
0 
9 
13 
18 
17 
20 
15 
19 
16 
11 
10 
25 
21 
3 
4 
14 5 27 
24 15 26 28 29 
22 
1 
8 
7 
5 
12 32 25 
23 25 31 
6 
==============================

====== Algorithm Status ======
Valor:                1489
Time:                 128001
nIter:                182074
Best Iter:            182074
Improvement Count:    182073
==============================
Solution tour: 
0 
2 
8 
7 
5 
12 32 25 
23 25 34 31 
6 
1 
9 
13 
18 
20 
17 
19 
16 
11 
10 
25 
21 
3 
4 
14 5 27 
24 
15 26 28 29 
22 
==============================

====== Algorithm Status ======
Valor:                1489
Time:                 256000
nIter:                376307
Best Iter:            376307
Improvement Count:    376306
==============================
Solution tour: 
0 
2 
8 
7 
5 
12 32 25 
23 25 34 31 
6 
1 
9 
13 
18 
20 
17 
19 
16 
11 
10 
25 
21 
3 
4 
14 5 27 
24 
15 26 28 29 
22 
==============================

====== Algorithm Status ======
Valor:                1513
Time:                 512000
nIter:                737737
Best Iter:            737737
Improvement Count:    737736
==============================
Solution tour: 
0 
2 
8 
7 
5 
12 32 25 
23 25 34 31 
6 
1 
3 
13 
18 
20 
17 30 
19 
16 
11 
10 
25 33 
21 
9 
4 
14 5 27 
24 
15 26 28 29 
22 
==============================

====== Algorithm Status ======
Valor:                1522
Time:                 1024001
nIter:                1479593
Best Iter:            1479593
Improvement Count:    1479594
==============================
Solution tour: 
0 
7 
5 
12 32 25 
23 25 34 31 
6 
3 
18 
13 
20 
17 
19 
16 
11 
10 
25 33 
21 
9 
4 
14 5 27 
24 
15 26 28 29 
22 
1 
2 
==============================

====== Algorithm Status ======
Valor:                1522
Time:                 1024001
nIter:                1479593
Best Iter:            1479593
Improvement Count:    1479594
==============================
Solution tour: 
0 
7 
5 
12 32 25 
23 25 34 31 
6 
3 
18 
13 
20 
17 
19 
16 
11 
10 
25 33 
21 
9 
4 
14 5 27 
24 
15 26 28 29 
22 
1 
2 
==============================

