=========== Input ===========
File name:                ./instances/realistic-instances/25-25-1762875.cdop
Total node count:         51
Truck node count:         25
Drone node count:         25
=============================

========== Settings ==========
Settings file:        ./settings/Memetic-LS_MMX_1099666.config
Seed:                 1099666
Reduction method:     -
Max iter:             1024000
Population size:      13
Crossover:            MA-MMX
Local Search:         -
Warm Start:           Mario_WS
==============================

====== Algorithm Status ======
Valor:                2306
Time:                 250
nIter:                263
Best Iter:            263
Improvement Count:    262
==============================
Solution tour: 
0 
1 
4 50 36 26 40 
23 46 33 35 30 31 48 44 
22 
17 
11 34 
8 
3 
7 
20 
21 
19 38 
16 28 27 49 47 37 
9 
6 
14 41 
15 
12 24 45 
24 
13 
2 
==============================

====== Algorithm Status ======
Valor:                2306
Time:                 501
nIter:                535
Best Iter:            535
Improvement Count:    534
==============================
Solution tour: 
0 
1 
4 50 36 26 40 
23 46 33 35 30 31 48 44 
22 
17 
11 34 
8 
3 
7 
20 
21 
19 38 
16 28 27 49 47 37 
9 
6 
14 41 
15 
12 24 45 
24 
13 
2 
==============================

====== Algorithm Status ======
Valor:                2356
Time:                 1003
nIter:                1051
Best Iter:            1051
Improvement Count:    1050
==============================
Solution tour: 
0 
1 
4 50 36 26 40 
23 46 33 35 30 31 48 44 
22 
17 
11 34 
8 
3 
7 38 
16 28 27 49 47 37 
9 
6 
14 41 
15 
12 24 45 
24 32 
==============================

====== Algorithm Status ======
Valor:                2356
Time:                 2000
nIter:                2151
Best Iter:            2151
Improvement Count:    2150
==============================
Solution tour: 
0 
1 
4 50 36 26 40 
23 46 33 35 30 31 48 44 
22 
17 
11 34 
8 
3 
7 38 
16 28 27 49 47 37 
9 
6 
14 41 
15 
12 24 45 
24 32 
==============================

====== Algorithm Status ======
Valor:                2382
Time:                 4000
nIter:                4322
Best Iter:            4322
Improvement Count:    4321
==============================
Solution tour: 
0 
1 
4 50 36 26 36 26 40 
23 46 33 30 48 29 44 38 
16 28 27 28 35 49 47 37 
9 
6 
14 41 
15 
12 24 45 
24 32 
==============================

====== Algorithm Status ======
Valor:                2393
Time:                 8000
nIter:                8832
Best Iter:            8832
Improvement Count:    8831
==============================
Solution tour: 
0 
1 
4 50 36 26 35 49 40 
23 46 33 30 48 39 44 38 
16 28 27 28 35 49 47 37 
9 
6 
14 41 
15 
12 24 45 
24 32 
==============================

====== Algorithm Status ======
Valor:                2460
Time:                 16001
nIter:                17848
Best Iter:            17848
Improvement Count:    17847
==============================
Solution tour: 
0 
1 34 
4 50 36 26 43 49 40 
23 33 30 48 38 
16 28 27 28 35 49 47 37 
9 
14 41 
15 24 45 
24 32 
==============================

====== Algorithm Status ======
Valor:                2551
Time:                 32003
nIter:                35338
Best Iter:            35338
Improvement Count:    35337
==============================
Solution tour: 
0 
1 34 
4 50 36 26 43 49 40 
23 33 30 31 30 48 35 38 27 28 27 44 37 47 49 47 37 
9 41 
15 24 45 
24 32 
==============================

====== Algorithm Status ======
Valor:                2551
Time:                 64001
nIter:                68428
Best Iter:            68428
Improvement Count:    68427
==============================
Solution tour: 
0 
1 34 
4 50 36 26 43 49 40 
23 33 30 31 30 48 35 38 27 28 27 44 37 47 49 47 37 
9 41 
15 24 45 
24 32 
==============================

====== Algorithm Status ======
Valor:                2626
Time:                 128000
nIter:                129428
Best Iter:            129428
Improvement Count:    129427
==============================
Solution tour: 
0 
1 34 29 50 36 26 43 49 40 
23 46 33 30 38 48 27 28 27 
9 37 47 49 47 37 44 
4 41 
15 
24 45 24 32 
==============================

====== Algorithm Status ======
Valor:                2626
Time:                 256001
nIter:                261608
Best Iter:            261608
Improvement Count:    261607
==============================
Solution tour: 
0 
1 34 29 50 36 26 43 49 40 
23 46 33 30 38 48 27 28 27 
9 37 47 49 47 37 44 
4 41 
15 
24 45 24 32 
==============================

====== Algorithm Status ======
Valor:                2626
Time:                 512000
nIter:                518421
Best Iter:            518421
Improvement Count:    518420
==============================
Solution tour: 
0 
1 34 29 50 36 26 43 49 40 
23 46 33 30 38 48 27 28 27 
9 37 47 49 47 37 44 
4 41 
15 
24 45 24 32 
==============================

====== Algorithm Status ======
Valor:                2630
Time:                 1024005
nIter:                1026951
Best Iter:            1026951
Improvement Count:    1026952
==============================
Solution tour: 
0 
1 34 29 50 36 26 43 49 40 
23 46 33 30 38 31 48 27 28 27 
9 37 47 49 47 37 44 
4 41 
15 
24 45 24 32 
==============================

====== Algorithm Status ======
Valor:                2630
Time:                 1024005
nIter:                1026951
Best Iter:            1026951
Improvement Count:    1026952
==============================
Solution tour: 
0 
1 34 29 50 36 26 43 49 40 
23 46 33 30 38 31 48 27 28 27 
9 37 47 49 47 37 44 
4 41 
15 
24 45 24 32 
==============================

