=========== Input ===========
File name:                ./instances/realistic-instances/25-10-1110588.cdop
Total node count:         36
Truck node count:         25
Drone node count:         10
=============================

========== Settings ==========
Settings file:        ./settings/Memetic-LS_MPX_1099666.config
Seed:                 1099666
Reduction method:     -
Max iter:             1024000
Population size:      13
Crossover:            MA-MPX
Local Search:         -
Warm Start:           Mario_WS
==============================

====== Algorithm Status ======
Valor:                1467
Time:                 250
nIter:                354
Best Iter:            354
Improvement Count:    353
==============================
Solution tour: 
0 32 27 26 28 
1 
4 
17 
7 
11 
13 
23 
18 
14 33 
9 
16 2 7 
2 6 35 
6 
15 29 22 17 
22 
21 30 
20 34 
24 
10 
5 31 
19 
12 
3 
8 
==============================

====== Algorithm Status ======
Valor:                1467
Time:                 500
nIter:                780
Best Iter:            780
Improvement Count:    779
==============================
Solution tour: 
0 32 27 26 28 
1 
4 
17 
7 
11 
13 
23 
18 
14 33 
9 
16 2 7 
2 6 35 
6 
15 29 22 17 
22 
21 30 
20 34 
24 
10 
5 31 
19 
12 
3 
8 
==============================

====== Algorithm Status ======
Valor:                1499
Time:                 1000
nIter:                1581
Best Iter:            1581
Improvement Count:    1580
==============================
Solution tour: 
0 32 27 26 28 
1 
4 
17 
7 
11 
13 
23 
18 
25 
14 33 
9 
16 2 7 
2 6 35 
6 
15 29 22 17 
22 
21 30 
20 34 
24 
10 
5 31 
19 
==============================

====== Algorithm Status ======
Valor:                1499
Time:                 2000
nIter:                3189
Best Iter:            3189
Improvement Count:    3188
==============================
Solution tour: 
0 32 27 26 28 
1 
4 
17 
7 
11 
13 
23 
18 
25 
14 33 
9 
16 2 7 
2 6 35 
6 
15 29 22 17 
22 
21 30 
20 34 
24 
10 
5 31 
19 
==============================

====== Algorithm Status ======
Valor:                1499
Time:                 4000
nIter:                6546
Best Iter:            6546
Improvement Count:    6545
==============================
Solution tour: 
0 32 27 26 28 
1 
4 
17 
7 
11 
13 
23 
18 
25 
14 33 
9 
16 2 7 
2 6 35 
6 
15 29 22 17 
22 
21 30 
20 34 
24 
10 
5 31 
19 
==============================

====== Algorithm Status ======
Valor:                1499
Time:                 8000
nIter:                13368
Best Iter:            13368
Improvement Count:    13367
==============================
Solution tour: 
0 32 27 26 28 
1 
4 
17 
7 
11 
13 
23 
18 
25 
14 33 
9 
16 2 7 
2 6 35 
6 
15 29 22 17 
22 
21 30 
20 34 
24 
10 
5 31 
19 
==============================

====== Algorithm Status ======
Valor:                1499
Time:                 16000
nIter:                26674
Best Iter:            26674
Improvement Count:    26673
==============================
Solution tour: 
0 32 27 26 28 
1 
4 
17 
7 
11 
13 
23 
18 
25 
14 33 
9 
16 2 7 
2 6 35 
6 
15 29 22 17 
22 
21 30 
20 34 
24 
10 
5 31 
19 
==============================

====== Algorithm Status ======
Valor:                1545
Time:                 32000
nIter:                53666
Best Iter:            53666
Improvement Count:    53665
==============================
Solution tour: 
0 32 27 26 28 
1 
4 
17 
7 
11 
13 
23 
18 
25 
14 33 
9 
16 2 7 
2 6 35 
6 
15 29 22 17 
22 
21 30 
20 34 
24 
10 
5 31 
19 
12 
==============================

====== Algorithm Status ======
Valor:                1545
Time:                 64000
nIter:                108653
Best Iter:            108653
Improvement Count:    108652
==============================
Solution tour: 
0 32 27 26 28 
1 
4 
17 
7 
11 
13 
23 
18 
25 
14 33 
9 
16 2 7 
2 6 35 
6 
15 29 22 17 
22 
21 30 
20 34 
24 
10 
5 31 
19 
12 
==============================

====== Algorithm Status ======
Valor:                1545
Time:                 128000
nIter:                209787
Best Iter:            209787
Improvement Count:    209786
==============================
Solution tour: 
0 32 27 26 28 
1 
4 
17 
7 
11 
13 
23 
18 
25 
14 33 
9 
16 2 7 
2 6 35 
6 
15 29 22 17 
22 
21 30 
20 34 
24 
10 
5 31 
19 
12 
==============================

====== Algorithm Status ======
Valor:                1545
Time:                 256000
nIter:                399353
Best Iter:            399353
Improvement Count:    399352
==============================
Solution tour: 
0 32 27 26 28 
1 
4 
17 
7 
11 
13 
23 
18 
25 
14 33 
9 
16 2 7 
2 6 35 
6 
15 29 22 17 
22 
21 30 
20 34 
24 
10 
5 31 
19 
12 
==============================

====== Algorithm Status ======
Valor:                1545
Time:                 512000
nIter:                799812
Best Iter:            799812
Improvement Count:    799811
==============================
Solution tour: 
0 32 27 26 28 
1 
4 
17 
7 
11 
13 
23 
18 
25 
14 33 
9 
16 2 7 
2 6 35 
6 
15 29 22 17 
22 
21 30 
20 34 
24 
10 
5 31 
19 
12 
==============================

====== Algorithm Status ======
Valor:                1545
Time:                 1024001
nIter:                1601132
Best Iter:            1601132
Improvement Count:    1601133
==============================
Solution tour: 
0 32 27 26 28 
1 
4 
17 
7 
11 
13 
23 
18 
25 
14 33 
9 
16 2 7 
2 6 35 
6 
15 29 22 17 
22 
21 30 
20 34 
24 
10 
5 31 
19 
12 
==============================

====== Algorithm Status ======
Valor:                1545
Time:                 1024001
nIter:                1601132
Best Iter:            1601132
Improvement Count:    1601133
==============================
Solution tour: 
0 32 27 26 28 
1 
4 
17 
7 
11 
13 
23 
18 
25 
14 33 
9 
16 2 7 
2 6 35 
6 
15 29 22 17 
22 
21 30 
20 34 
24 
10 
5 31 
19 
12 
==============================

