=========== Input ===========
File name:                ./instances/realistic-instances/25-10-1891798.cdop
Total node count:         36
Truck node count:         25
Drone node count:         10
=============================

========== Settings ==========
Settings file:        ./settings/Memetic_MPX_1881515.config
Seed:                 1881515
Reduction method:     -
Max iter:             1024000
Population size:      13
Crossover:            MA-MPX
Local Search:         LS
Warm Start:           Mario_WS
==============================

====== Algorithm Status ======
Valor:                1434
Time:                 251
nIter:                69
Best Iter:            69
Improvement Count:    68
==============================
Solution tour: 
0 
3 
4 
10 29 12 
13 35 32 
21 
19 
8 
20 8 31 
14 17 11 
5 11 17 
18 
15 
16 
23 
11 
6 9 28 
9 
17 
12 
22 34 30 27 
25 27 33 
==============================

====== Algorithm Status ======
Valor:                1444
Time:                 507
nIter:                143
Best Iter:            143
Improvement Count:    142
==============================
Solution tour: 
0 
2 18 
17 
14 17 11 
24 
13 
9 
3 
7 30 31 35 32 
5 11 17 
18 32 
15 
25 27 
6 27 
19 32 
21 28 20 
8 
23 
16 0 
4 
22 26 34 33 
==============================

====== Algorithm Status ======
Valor:                1444
Time:                 1001
nIter:                291
Best Iter:            291
Improvement Count:    290
==============================
Solution tour: 
0 
2 18 
17 
14 17 11 
24 
13 
9 
3 
7 30 31 35 32 
5 11 17 
18 32 
15 
25 27 
6 27 
19 32 
21 28 20 
8 
23 
16 0 
4 
22 26 34 33 
==============================

====== Algorithm Status ======
Valor:                1444
Time:                 2005
nIter:                593
Best Iter:            593
Improvement Count:    592
==============================
Solution tour: 
0 
2 18 
17 
14 17 11 
24 
13 
9 
3 
7 30 31 35 32 
5 11 17 
18 32 
15 
25 27 
6 27 
19 32 
21 28 20 
8 
23 
16 0 
4 
22 26 34 33 
==============================

====== Algorithm Status ======
Valor:                1444
Time:                 4002
nIter:                1193
Best Iter:            1193
Improvement Count:    1192
==============================
Solution tour: 
0 
2 18 
17 
14 17 11 
24 
13 
9 
3 
7 30 31 35 32 
5 11 17 
18 32 
15 
25 27 
6 27 
19 32 
21 28 20 
8 
23 
16 0 
4 
22 26 34 33 
==============================

====== Algorithm Status ======
Valor:                1477
Time:                 8002
nIter:                2363
Best Iter:            2363
Improvement Count:    2362
==============================
Solution tour: 
0 
2 18 
17 
14 
24 
13 
9 
3 
7 30 31 35 32 
5 11 17 
18 32 
15 
25 27 
6 27 
19 32 
21 28 20 
8 
23 
16 0 
4 10 
22 34 26 34 33 
==============================

====== Algorithm Status ======
Valor:                1477
Time:                 16001
nIter:                4612
Best Iter:            4612
Improvement Count:    4611
==============================
Solution tour: 
0 
2 18 
17 
14 
24 
13 
9 
3 
7 30 31 35 32 
5 11 17 
18 32 
15 
25 27 
6 27 
19 32 
21 28 20 
8 
23 
16 0 
4 10 
22 34 26 34 33 
==============================

====== Algorithm Status ======
Valor:                1583
Time:                 32007
nIter:                9021
Best Iter:            9021
Improvement Count:    9020
==============================
Solution tour: 
0 33 31 35 
15 18 
2 18 
17 18 32 
21 
20 28 
9 
3 9 
14 26 30 34 
22 
12 
11 29 
24 
25 27 
6 27 
8 
23 8 33 
==============================

====== Algorithm Status ======
Valor:                1583
Time:                 64001
nIter:                17508
Best Iter:            17508
Improvement Count:    17507
==============================
Solution tour: 
0 33 31 35 
15 18 
2 18 
17 18 32 
21 
20 28 
9 
3 9 
14 26 30 34 
22 
12 
11 29 
24 
25 27 
6 27 
8 
23 8 33 
==============================

====== Algorithm Status ======
Valor:                1583
Time:                 128002
nIter:                34519
Best Iter:            34519
Improvement Count:    34518
==============================
Solution tour: 
0 33 31 35 
15 18 
2 18 
17 18 32 
21 
20 28 
9 
3 9 
14 26 30 34 
22 
12 
11 29 
24 
25 27 
6 27 
8 
23 8 33 
==============================

====== Algorithm Status ======
Valor:                1583
Time:                 256003
nIter:                70589
Best Iter:            70589
Improvement Count:    70588
==============================
Solution tour: 
0 33 31 35 
15 18 
2 18 
17 18 32 
21 
20 28 
9 
3 9 
14 26 30 34 
22 
12 
11 29 
24 
25 27 
6 27 
8 
23 8 33 
==============================

====== Algorithm Status ======
Valor:                1583
Time:                 512002
nIter:                142415
Best Iter:            142415
Improvement Count:    142414
==============================
Solution tour: 
0 33 31 35 
15 18 
2 18 
17 18 32 
21 
20 28 
9 
3 9 
14 26 30 34 
22 
12 
11 29 
24 
25 27 
6 27 
8 
23 8 33 
==============================

====== Algorithm Status ======
Valor:                1583
Time:                 1024001
nIter:                288509
Best Iter:            288509
Improvement Count:    288510
==============================
Solution tour: 
0 33 31 35 
15 18 
2 18 
17 18 32 
21 
20 28 
9 
3 9 
14 26 30 34 
22 
12 
11 29 
24 
25 27 
6 27 
8 
23 8 33 
==============================

====== Algorithm Status ======
Valor:                1583
Time:                 1024001
nIter:                288509
Best Iter:            288509
Improvement Count:    288510
==============================
Solution tour: 
0 33 31 35 
15 18 
2 18 
17 18 32 
21 
20 28 
9 
3 9 
14 26 30 34 
22 
12 
11 29 
24 
25 27 
6 27 
8 
23 8 33 
==============================

