=========== Input ===========
File name:                ./instances/realistic-instances/25-10-1767920.cdop
Total node count:         36
Truck node count:         25
Drone node count:         10
=============================

========== Settings ==========
Settings file:        ./settings/Memetic_MMX_1881515.config
Seed:                 1881515
Reduction method:     -
Max iter:             1024000
Population size:      13
Crossover:            MA-MMX
Local Search:         LS
Warm Start:           Mario_WS
==============================

====== Algorithm Status ======
Valor:                1982
Time:                 253
nIter:                81
Best Iter:            81
Improvement Count:    80
==============================
Solution tour: 
0 20 0 1 15 1 35 21 
18 21 29 2 29 31 27 30 
17 4 34 33 34 26 32 29 24 28 9 
==============================

====== Algorithm Status ======
Valor:                2015
Time:                 501
nIter:                162
Best Iter:            162
Improvement Count:    161
==============================
Solution tour: 
0 18 
21 30 15 1 15 35 20 0 
20 31 27 33 29 32 11 14 28 14 
11 
4 23 34 26 24 29 32 9 
==============================

====== Algorithm Status ======
Valor:                2057
Time:                 1002
nIter:                331
Best Iter:            331
Improvement Count:    330
==============================
Solution tour: 
0 1 15 1 35 20 0 
20 30 27 31 33 34 26 8 11 14 28 14 
11 
4 23 24 29 32 9 
==============================

====== Algorithm Status ======
Valor:                2148
Time:                 2000
nIter:                708
Best Iter:            708
Improvement Count:    707
==============================
Solution tour: 
0 20 35 27 33 22 8 26 34 32 9 11 14 28 24 
19 24 29 
2 29 31 15 1 15 30 20 
==============================

====== Algorithm Status ======
Valor:                2152
Time:                 4000
nIter:                1466
Best Iter:            1466
Improvement Count:    1465
==============================
Solution tour: 
0 20 35 17 4 23 26 34 32 9 11 14 28 24 
19 24 29 
2 29 31 15 1 15 30 27 20 
==============================

====== Algorithm Status ======
Valor:                2152
Time:                 8001
nIter:                3011
Best Iter:            3011
Improvement Count:    3010
==============================
Solution tour: 
0 20 35 17 4 23 26 34 32 9 11 14 28 24 
19 24 29 
2 29 31 15 1 15 30 27 20 
==============================

====== Algorithm Status ======
Valor:                2152
Time:                 16000
nIter:                6020
Best Iter:            6020
Improvement Count:    6019
==============================
Solution tour: 
0 20 35 17 4 23 26 34 32 9 11 14 28 24 
19 24 29 
2 29 31 15 1 15 30 27 20 
==============================

====== Algorithm Status ======
Valor:                2152
Time:                 32000
nIter:                11910
Best Iter:            11910
Improvement Count:    11909
==============================
Solution tour: 
0 20 35 17 4 23 26 34 32 9 11 14 28 24 
19 24 29 
2 29 31 15 1 15 30 27 20 
==============================

====== Algorithm Status ======
Valor:                2170
Time:                 64006
nIter:                24202
Best Iter:            24202
Improvement Count:    24201
==============================
Solution tour: 
0 8 26 34 28 14 11 14 28 24 
19 24 29 
2 29 32 31 15 1 15 30 27 30 35 20 
==============================

====== Algorithm Status ======
Valor:                2170
Time:                 128000
nIter:                50282
Best Iter:            50282
Improvement Count:    50281
==============================
Solution tour: 
0 8 26 34 28 14 11 14 28 24 
19 24 29 
2 29 32 31 15 1 15 30 27 30 35 20 
==============================

====== Algorithm Status ======
Valor:                2170
Time:                 256002
nIter:                104387
Best Iter:            104387
Improvement Count:    104386
==============================
Solution tour: 
0 8 26 34 28 14 11 14 28 24 
19 24 29 
2 29 32 31 15 1 15 30 27 30 35 20 
==============================

====== Algorithm Status ======
Valor:                2184
Time:                 512000
nIter:                204138
Best Iter:            204138
Improvement Count:    204137
==============================
Solution tour: 
0 3 13 
3 8 26 34 33 27 16 14 11 14 28 24 
19 24 29 
2 29 32 31 15 1 15 30 35 20 
==============================

====== Algorithm Status ======
Valor:                2184
Time:                 1024002
nIter:                396135
Best Iter:            396135
Improvement Count:    396136
==============================
Solution tour: 
0 3 13 
3 8 26 34 33 27 16 14 11 14 28 24 
19 24 29 
2 29 32 31 15 1 15 30 35 20 
==============================

====== Algorithm Status ======
Valor:                2184
Time:                 1024002
nIter:                396135
Best Iter:            396135
Improvement Count:    396136
==============================
Solution tour: 
0 3 13 
3 8 26 34 33 27 16 14 11 14 28 24 
19 24 29 
2 29 32 31 15 1 15 30 35 20 
==============================

