=========== Input ===========
File name:                ./instances/realistic-instances/20-25-1767920.cdop
Total node count:         46
Truck node count:         20
Drone node count:         25
=============================

========== Settings ==========
Settings file:        ./settings/Memetic-LS_MPX_1287823.config
Seed:                 1287823
Reduction method:     -
Max iter:             1024000
Population size:      13
Crossover:            MA-MPX
Local Search:         -
Warm Start:           Mario_WS
==============================

====== Algorithm Status ======
Valor:                2190
Time:                 252
nIter:                300
Best Iter:            300
Improvement Count:    299
==============================
Solution tour: 
0 
1 35 40 
3 
6 28 34 
12 
9 
15 31 37 39 
17 32 21 
10 27 45 38 29 
8 20 23 
14 
18 
11 
19 
16 
2 
4 24 30 33 
5 42 23 43 44 36 44 
13 
7 
==============================

====== Algorithm Status ======
Valor:                2190
Time:                 500
nIter:                556
Best Iter:            556
Improvement Count:    555
==============================
Solution tour: 
0 
1 35 40 
3 
6 28 34 
12 
9 
15 31 37 39 
17 32 21 
10 27 45 38 29 
8 20 23 
14 
18 
11 
19 
16 
2 
4 24 30 33 
5 42 23 43 44 36 44 
13 
7 
==============================

====== Algorithm Status ======
Valor:                2190
Time:                 1000
nIter:                1158
Best Iter:            1158
Improvement Count:    1157
==============================
Solution tour: 
0 
1 35 40 
3 
6 28 34 
12 
9 
15 31 37 39 
17 32 21 
10 27 45 38 29 
8 20 23 
14 
18 
11 
19 
16 
2 
4 24 30 33 
5 42 23 43 44 36 44 
13 
7 
==============================

====== Algorithm Status ======
Valor:                2190
Time:                 2000
nIter:                2418
Best Iter:            2418
Improvement Count:    2417
==============================
Solution tour: 
0 
1 35 40 
3 
6 28 34 
12 
9 
15 31 37 39 
17 32 21 
10 27 45 38 29 
8 20 23 
14 
18 
11 
19 
16 
2 
4 24 30 33 
5 42 23 43 44 36 44 
13 
7 
==============================

====== Algorithm Status ======
Valor:                2190
Time:                 4000
nIter:                4888
Best Iter:            4888
Improvement Count:    4887
==============================
Solution tour: 
0 
1 35 40 
3 
6 28 34 
12 
9 
15 31 37 39 
17 32 21 
10 27 45 38 29 
8 20 23 
14 
18 
11 
19 
16 
2 
4 24 30 33 
5 42 23 43 44 36 44 
13 
7 
==============================

====== Algorithm Status ======
Valor:                2190
Time:                 8000
nIter:                9858
Best Iter:            9858
Improvement Count:    9857
==============================
Solution tour: 
0 
1 35 40 
3 
6 28 34 
12 
9 
15 31 37 39 
17 32 21 
10 27 45 38 29 
8 20 23 
14 
18 
11 
19 
16 
2 
4 24 30 33 
5 42 23 43 44 36 44 
13 
7 
==============================

====== Algorithm Status ======
Valor:                2194
Time:                 16000
nIter:                19643
Best Iter:            19643
Improvement Count:    19642
==============================
Solution tour: 
0 
1 35 40 
13 
3 
6 28 34 
12 
9 
15 31 37 39 
20 
17 32 21 
10 27 45 38 29 
8 20 23 
14 
18 
11 
19 
16 
2 
4 24 30 33 
5 42 23 43 44 36 44 
==============================

====== Algorithm Status ======
Valor:                2194
Time:                 32000
nIter:                38722
Best Iter:            38722
Improvement Count:    38721
==============================
Solution tour: 
0 
1 35 40 
13 
3 
6 28 34 
12 
9 
15 31 37 39 
20 
17 32 21 
10 27 45 38 29 
8 20 23 
14 
18 
11 
19 
16 
2 
4 24 30 33 
5 42 23 43 44 36 44 
==============================

====== Algorithm Status ======
Valor:                2194
Time:                 64002
nIter:                72733
Best Iter:            72733
Improvement Count:    72732
==============================
Solution tour: 
0 
1 35 40 
13 
3 
6 28 34 
12 
9 
15 31 37 39 
20 
17 32 21 
10 27 45 38 29 
8 20 23 
14 
18 
11 
19 
16 
2 
4 24 30 33 
5 42 23 43 44 36 44 
==============================

====== Algorithm Status ======
Valor:                2194
Time:                 128000
nIter:                140705
Best Iter:            140705
Improvement Count:    140704
==============================
Solution tour: 
0 
1 35 40 
13 
3 
6 28 34 
12 
9 
15 31 37 39 
20 
17 32 21 
10 27 45 38 29 
8 20 23 
14 
18 
11 
19 
16 
2 
4 24 30 33 
5 42 23 43 44 36 44 
==============================

====== Algorithm Status ======
Valor:                2194
Time:                 256000
nIter:                277493
Best Iter:            277493
Improvement Count:    277492
==============================
Solution tour: 
0 
1 35 40 
13 
3 
6 28 34 
12 
9 
15 31 37 39 
20 
17 32 21 
10 27 45 38 29 
8 20 23 
14 
18 
11 
19 
16 
2 
4 24 30 33 
5 42 23 43 44 36 44 
==============================

====== Algorithm Status ======
Valor:                2214
Time:                 512000
nIter:                519323
Best Iter:            519323
Improvement Count:    519322
==============================
Solution tour: 
0 
1 35 40 
13 
3 
6 28 34 
12 
9 
15 31 37 39 
20 
17 32 21 
10 27 45 38 29 
8 20 23 
14 
18 
11 
16 
19 
2 
4 24 30 33 
5 42 23 43 44 36 44 
==============================

====== Algorithm Status ======
Valor:                2214
Time:                 1024001
nIter:                991132
Best Iter:            991132
Improvement Count:    991133
==============================
Solution tour: 
0 
1 35 40 
13 
3 
6 28 34 
12 
9 
15 31 37 39 
20 
17 32 21 
10 27 45 38 29 
8 20 23 
14 
18 
11 
16 
19 
2 
4 24 30 33 
5 42 23 43 44 36 44 
==============================

====== Algorithm Status ======
Valor:                2214
Time:                 1024001
nIter:                991132
Best Iter:            991132
Improvement Count:    991133
==============================
Solution tour: 
0 
1 35 40 
13 
3 
6 28 34 
12 
9 
15 31 37 39 
20 
17 32 21 
10 27 45 38 29 
8 20 23 
14 
18 
11 
16 
19 
2 
4 24 30 33 
5 42 23 43 44 36 44 
==============================

