=========== Input ===========
File name:                ./instances/realistic-instances/20-25-1762875.cdop
Total node count:         46
Truck node count:         20
Drone node count:         25
=============================

========== Settings ==========
Settings file:        ./settings/Memetic-LS_MMX_1099666.config
Seed:                 1099666
Reduction method:     -
Max iter:             1024000
Population size:      13
Crossover:            MA-MMX
Local Search:         -
Warm Start:           Mario_WS
==============================

====== Algorithm Status ======
Valor:                2047
Time:                 250
nIter:                240
Best Iter:            240
Improvement Count:    239
==============================
Solution tour: 
0 
1 
19 22 23 
17 30 29 44 26 41 26 44 40 33 
16 
15 42 34 37 21 32 36 16 
13 
18 
10 
12 
8 
4 
9 25 38 35 
11 0 45 24 
6 
3 
2 
==============================

====== Algorithm Status ======
Valor:                2047
Time:                 500
nIter:                478
Best Iter:            478
Improvement Count:    477
==============================
Solution tour: 
0 
1 
19 22 23 
17 30 29 44 26 41 26 44 40 33 
16 
15 42 34 37 21 32 36 16 
13 
18 
10 
12 
8 
4 
9 25 38 35 
11 0 45 24 
6 
3 
2 
==============================

====== Algorithm Status ======
Valor:                2074
Time:                 1000
nIter:                986
Best Iter:            986
Improvement Count:    985
==============================
Solution tour: 
0 
1 
19 22 23 
17 30 29 44 26 41 26 44 40 33 
16 
15 42 34 37 32 36 42 34 37 21 
4 
9 25 38 35 
11 0 45 24 
6 
3 
2 
==============================

====== Algorithm Status ======
Valor:                2136
Time:                 2000
nIter:                2033
Best Iter:            2033
Improvement Count:    2032
==============================
Solution tour: 
0 
1 
19 22 23 
17 30 29 44 26 41 26 44 33 40 33 
16 32 36 42 34 37 21 
4 
9 25 38 35 
11 0 45 24 
6 
3 
2 
==============================

====== Algorithm Status ======
Valor:                2136
Time:                 4000
nIter:                4221
Best Iter:            4221
Improvement Count:    4220
==============================
Solution tour: 
0 
1 
19 22 23 
17 30 29 44 26 41 26 44 33 40 33 
16 32 36 42 34 37 21 
4 
9 25 38 35 
11 0 45 24 
6 
3 
2 
==============================

====== Algorithm Status ======
Valor:                2136
Time:                 8000
nIter:                8489
Best Iter:            8489
Improvement Count:    8488
==============================
Solution tour: 
0 
1 
19 22 23 
17 30 29 44 26 41 26 44 33 40 33 
16 32 36 42 34 37 21 
4 
9 25 38 35 
11 0 45 24 
6 
3 
2 
==============================

====== Algorithm Status ======
Valor:                2136
Time:                 16000
nIter:                17083
Best Iter:            17083
Improvement Count:    17082
==============================
Solution tour: 
0 
1 
19 22 23 
17 30 29 44 26 41 26 44 33 40 33 
16 32 36 42 34 37 21 
4 
9 25 38 35 
11 0 45 24 
6 
3 
2 
==============================

====== Algorithm Status ======
Valor:                2192
Time:                 32001
nIter:                34744
Best Iter:            34744
Improvement Count:    34743
==============================
Solution tour: 
0 45 22 23 
17 30 29 44 26 41 26 44 33 40 33 
16 32 36 42 34 37 21 
4 
9 25 38 25 
5 25 45 
6 
2 
==============================

====== Algorithm Status ======
Valor:                2293
Time:                 64000
nIter:                73505
Best Iter:            73505
Improvement Count:    73504
==============================
Solution tour: 
0 45 22 23 
20 30 29 44 26 41 26 44 28 33 40 33 
16 32 36 42 21 37 33 
9 25 38 25 
5 25 45 
6 
2 
==============================

====== Algorithm Status ======
Valor:                2322
Time:                 128000
nIter:                144506
Best Iter:            144506
Improvement Count:    144505
==============================
Solution tour: 
0 45 22 23 
20 30 29 44 26 41 26 44 28 33 40 33 
16 32 36 42 21 37 33 
9 25 38 25 
5 25 24 
6 
11 
==============================

====== Algorithm Status ======
Valor:                2397
Time:                 256000
nIter:                287567
Best Iter:            287567
Improvement Count:    287566
==============================
Solution tour: 
0 45 22 23 
20 43 30 29 44 26 41 26 28 33 40 33 
16 32 42 36 21 37 32 37 32 33 
9 25 38 25 
5 25 35 24 
6 
11 
==============================

====== Algorithm Status ======
Valor:                2462
Time:                 512000
nIter:                565971
Best Iter:            565971
Improvement Count:    565970
==============================
Solution tour: 
0 45 34 22 23 
20 43 29 41 44 41 26 41 
18 28 30 33 40 33 
16 
17 42 36 21 37 32 33 
9 25 38 25 
5 25 35 24 
6 
11 
==============================

====== Algorithm Status ======
Valor:                2519
Time:                 1024003
nIter:                1122716
Best Iter:            1122716
Improvement Count:    1122717
==============================
Solution tour: 
0 45 34 26 22 23 
20 43 29 41 44 26 44 41 26 41 
18 28 30 33 40 33 
16 
17 42 24 36 21 37 32 33 
9 25 38 25 
5 
3 
==============================

====== Algorithm Status ======
Valor:                2519
Time:                 1024003
nIter:                1122716
Best Iter:            1122716
Improvement Count:    1122717
==============================
Solution tour: 
0 45 34 26 22 23 
20 43 29 41 44 26 44 41 26 41 
18 28 30 33 40 33 
16 
17 42 24 36 21 37 32 33 
9 25 38 25 
5 
3 
==============================

