=========== Input ===========
File name:                ./instances/realistic-instances/25-25-1917698.cdop
Total node count:         51
Truck node count:         25
Drone node count:         25
=============================

========== Settings ==========
Settings file:        ./settings/Memetic_MPX_1287823.config
Seed:                 1287823
Reduction method:     -
Max iter:             1024000
Population size:      13
Crossover:            MA-MPX
Local Search:         LS
Warm Start:           Mario_WS
==============================

====== Algorithm Status ======
Valor:                2126
Time:                 264
nIter:                30
Best Iter:            30
Improvement Count:    29
==============================
Solution tour: 
0 
22 
4 26 45 27 29 35 41 46 43 
18 
24 
23 
19 
14 48 30 32 20 31 
20 
12 1 50 
11 
13 47 39 28 24 
9 
1 
5 
2 
7 
8 
15 
16 
17 
21 
10 11 42 36 
6 33 49 37 34 44 
3 
==============================

====== Algorithm Status ======
Valor:                2126
Time:                 504
nIter:                59
Best Iter:            59
Improvement Count:    58
==============================
Solution tour: 
0 
22 
4 26 45 27 29 35 41 46 43 
18 
24 
23 
19 
14 48 30 32 20 31 
20 
12 1 50 
11 
13 47 39 28 24 
9 
1 
5 
2 
7 
8 
15 
16 
17 
21 
10 11 42 36 
6 33 49 37 34 44 
3 
==============================

====== Algorithm Status ======
Valor:                2126
Time:                 1018
nIter:                120
Best Iter:            120
Improvement Count:    119
==============================
Solution tour: 
0 
22 
4 26 45 27 29 35 41 46 43 
18 
24 
23 
19 
14 48 30 32 20 31 
20 
12 1 50 
11 
13 47 39 28 24 
9 
1 
5 
2 
7 
8 
15 
16 
17 
21 
10 11 42 36 
6 33 49 37 34 44 
3 
==============================

====== Algorithm Status ======
Valor:                2168
Time:                 2003
nIter:                241
Best Iter:            241
Improvement Count:    240
==============================
Solution tour: 
0 
22 
4 26 47 
25 28 48 
18 
24 
23 
19 
14 46 27 30 32 20 31 
20 
12 1 50 
11 
13 
9 11 
10 35 29 41 38 36 
6 33 49 37 44 34 40 43 23 
1 
5 
2 
7 
8 
16 
15 39 
==============================

====== Algorithm Status ======
Valor:                2207
Time:                 4008
nIter:                479
Best Iter:            479
Improvement Count:    478
==============================
Solution tour: 
0 
22 
4 26 47 
25 30 32 37 34 44 49 35 29 48 28 41 43 
18 
24 
23 11 42 36 38 
19 
14 46 27 20 31 
20 
12 1 50 
11 
13 
9 11 
10 33 
3 
1 
5 
2 
7 
8 
16 
15 39 
==============================

====== Algorithm Status ======
Valor:                2207
Time:                 8005
nIter:                944
Best Iter:            944
Improvement Count:    943
==============================
Solution tour: 
0 
22 
4 26 47 
25 30 32 37 34 44 49 35 29 48 28 41 43 
18 
24 
23 11 42 36 38 
19 
14 46 27 20 31 
20 
12 1 50 
11 
13 
9 11 
10 33 
3 
1 
5 
2 
7 
8 
16 
15 39 
==============================

====== Algorithm Status ======
Valor:                2256
Time:                 16006
nIter:                1902
Best Iter:            1902
Improvement Count:    1901
==============================
Solution tour: 
0 
22 
4 26 47 39 
25 30 32 37 34 44 49 35 29 48 28 41 43 
18 19 
24 
23 11 42 36 38 
19 
14 46 27 20 31 
20 
12 1 50 
17 50 
11 
13 
9 11 
10 11 
3 
1 
5 
6 
2 
7 
==============================

====== Algorithm Status ======
Valor:                2256
Time:                 32002
nIter:                3833
Best Iter:            3833
Improvement Count:    3832
==============================
Solution tour: 
0 
22 
4 26 47 39 
25 30 32 37 34 44 49 35 29 48 28 41 43 
18 19 
24 
23 11 42 36 38 
19 
14 46 27 20 31 
20 
12 1 50 
17 50 
11 
13 
9 11 
10 11 
3 
1 
5 
6 
2 
7 
==============================

====== Algorithm Status ======
Valor:                2256
Time:                 64001
nIter:                7931
Best Iter:            7931
Improvement Count:    7930
==============================
Solution tour: 
0 
22 
4 26 47 39 
25 30 32 37 34 44 49 35 29 48 28 41 43 
18 19 
24 
23 11 42 36 38 
19 
14 46 27 20 31 
20 
12 1 50 
17 50 
11 
13 
9 11 
10 11 
3 
1 
5 
6 
2 
7 
==============================

====== Algorithm Status ======
Valor:                2256
Time:                 128008
nIter:                16468
Best Iter:            16468
Improvement Count:    16467
==============================
Solution tour: 
0 
22 
4 26 47 39 
25 30 32 37 34 44 49 35 29 48 28 41 43 
18 19 
24 
23 11 42 36 38 
19 
14 46 27 20 31 
20 
12 1 50 
17 50 
11 
13 
9 11 
10 11 
3 
1 
5 
6 
2 
7 
==============================

====== Algorithm Status ======
Valor:                2287
Time:                 256003
nIter:                31520
Best Iter:            31520
Improvement Count:    31519
==============================
Solution tour: 
0 
22 
4 26 47 39 
25 30 32 37 34 44 49 35 29 48 28 41 46 43 
18 19 
24 
23 11 30 42 36 38 
19 
14 46 27 20 31 
20 
12 1 50 
17 
16 
15 
21 16 
8 2 
11 
13 
9 11 
10 11 
3 
==============================

====== Algorithm Status ======
Valor:                2287
Time:                 512005
nIter:                63638
Best Iter:            63638
Improvement Count:    63637
==============================
Solution tour: 
0 
22 
4 26 47 39 
25 30 32 37 34 44 49 35 29 48 28 41 46 43 
18 19 
24 
23 11 30 42 36 38 
19 
14 46 27 20 31 
20 
12 1 50 
17 
16 
15 
21 16 
8 2 
11 
13 
9 11 
10 11 
3 
==============================

====== Algorithm Status ======
Valor:                2287
Time:                 1024006
nIter:                127072
Best Iter:            127072
Improvement Count:    127073
==============================
Solution tour: 
0 
22 
4 26 47 39 
25 30 32 37 34 44 49 35 29 48 28 41 46 43 
18 19 
24 
23 11 30 42 36 38 
19 
14 46 27 20 31 
20 
12 1 50 
17 
16 
15 
21 16 
8 2 
11 
13 
9 11 
10 11 
3 
==============================

====== Algorithm Status ======
Valor:                2287
Time:                 1024006
nIter:                127072
Best Iter:            127072
Improvement Count:    127073
==============================
Solution tour: 
0 
22 
4 26 47 39 
25 30 32 37 34 44 49 35 29 48 28 41 46 43 
18 19 
24 
23 11 30 42 36 38 
19 
14 46 27 20 31 
20 
12 1 50 
17 
16 
15 
21 16 
8 2 
11 
13 
9 11 
10 11 
3 
==============================

