=========== Input ===========
File name:                ./instances/realistic-instances/20-25-1917698.cdop
Total node count:         46
Truck node count:         20
Drone node count:         25
=============================

========== Settings ==========
Settings file:        ./settings/Memetic-LS_MPX_1099666.config
Seed:                 1099666
Reduction method:     -
Max iter:             1024000
Population size:      13
Crossover:            MA-MPX
Local Search:         -
Warm Start:           Mario_WS
==============================

====== Algorithm Status ======
Valor:                2267
Time:                 254
nIter:                195
Best Iter:            195
Improvement Count:    194
==============================
Solution tour: 
0 
4 
1 
16 
13 
18 
6 
3 
2 19 12 
5 29 38 45 
7 
8 
9 
12 19 28 21 24 44 31 23 
15 41 42 
19 2 30 22 27 
17 37 33 14 43 
14 26 
10 
11 
==============================

====== Algorithm Status ======
Valor:                2267
Time:                 500
nIter:                397
Best Iter:            397
Improvement Count:    396
==============================
Solution tour: 
0 
4 
1 
16 
13 
18 
6 
3 
2 19 12 
5 29 38 45 
7 
8 
9 
12 19 28 21 24 44 31 23 
15 41 42 
19 2 30 22 27 
17 37 33 14 43 
14 26 
10 
11 
==============================

====== Algorithm Status ======
Valor:                2267
Time:                 1000
nIter:                813
Best Iter:            813
Improvement Count:    812
==============================
Solution tour: 
0 
4 
1 
16 
13 
18 
6 
3 
2 19 12 
5 29 38 45 
7 
8 
9 
12 19 28 21 24 44 31 23 
15 41 42 
19 2 30 22 27 
17 37 33 14 43 
14 26 
10 
11 
==============================

====== Algorithm Status ======
Valor:                2267
Time:                 2000
nIter:                1628
Best Iter:            1628
Improvement Count:    1627
==============================
Solution tour: 
0 
4 
1 
16 
13 
18 
6 
3 
2 19 12 
5 29 38 45 
7 
8 
9 
12 19 28 21 24 44 31 23 
15 41 42 
19 2 30 22 27 
17 37 33 14 43 
14 26 
10 
11 
==============================

====== Algorithm Status ======
Valor:                2267
Time:                 4000
nIter:                3304
Best Iter:            3304
Improvement Count:    3303
==============================
Solution tour: 
0 
4 
1 
16 
13 
18 
6 
3 
2 19 12 
5 29 38 45 
7 
8 
9 
12 19 28 21 24 44 31 23 
15 41 42 
19 2 30 22 27 
17 37 33 14 43 
14 26 
10 
11 
==============================

====== Algorithm Status ======
Valor:                2267
Time:                 8000
nIter:                6563
Best Iter:            6563
Improvement Count:    6562
==============================
Solution tour: 
0 
4 
1 
16 
13 
18 
6 
3 
2 19 12 
5 29 38 45 
7 
8 
9 
12 19 28 21 24 44 31 23 
15 41 42 
19 2 30 22 27 
17 37 33 14 43 
14 26 
10 
11 
==============================

====== Algorithm Status ======
Valor:                2267
Time:                 16000
nIter:                13111
Best Iter:            13111
Improvement Count:    13110
==============================
Solution tour: 
0 
4 
1 
16 
13 
18 
6 
3 
2 19 12 
5 29 38 45 
7 
8 
9 
12 19 28 21 24 44 31 23 
15 41 42 
19 2 30 22 27 
17 37 33 14 43 
14 26 
10 
11 
==============================

====== Algorithm Status ======
Valor:                2267
Time:                 32000
nIter:                26405
Best Iter:            26405
Improvement Count:    26404
==============================
Solution tour: 
0 
4 
1 
16 
13 
18 
6 
3 
2 19 12 
5 29 38 45 
7 
8 
9 
12 19 28 21 24 44 31 23 
15 41 42 
19 2 30 22 27 
17 37 33 14 43 
14 26 
10 
11 
==============================

====== Algorithm Status ======
Valor:                2267
Time:                 64000
nIter:                54671
Best Iter:            54671
Improvement Count:    54670
==============================
Solution tour: 
0 
4 
1 
16 
13 
18 
6 
3 
2 19 12 
5 29 38 45 
7 
8 
9 
12 19 28 21 24 44 31 23 
15 41 42 
19 2 30 22 27 
17 37 33 14 43 
14 26 
10 
11 
==============================

====== Algorithm Status ======
Valor:                2267
Time:                 128000
nIter:                112287
Best Iter:            112287
Improvement Count:    112286
==============================
Solution tour: 
0 
4 
1 
16 
13 
18 
6 
3 
2 19 12 
5 29 38 45 
7 
8 
9 
12 19 28 21 24 44 31 23 
15 41 42 
19 2 30 22 27 
17 37 33 14 43 
14 26 
10 
11 
==============================

====== Algorithm Status ======
Valor:                2267
Time:                 256002
nIter:                215250
Best Iter:            215250
Improvement Count:    215249
==============================
Solution tour: 
0 
4 
1 
16 
13 
18 
6 
3 
2 19 12 
5 29 38 45 
7 
8 
9 
12 19 28 21 24 44 31 23 
15 41 42 
19 2 30 22 27 
17 37 33 14 43 
14 26 
10 
11 
==============================

====== Algorithm Status ======
Valor:                2267
Time:                 512000
nIter:                432515
Best Iter:            432515
Improvement Count:    432514
==============================
Solution tour: 
0 
4 
1 
16 
13 
18 
6 
3 
2 19 12 
5 29 38 45 
7 
8 
9 
12 19 28 21 24 44 31 23 
15 41 42 
19 2 30 22 27 
17 37 33 14 43 
14 26 
10 
11 
==============================

====== Algorithm Status ======
Valor:                2267
Time:                 1024002
nIter:                859165
Best Iter:            859165
Improvement Count:    859166
==============================
Solution tour: 
0 
4 
1 
16 
13 
18 
6 
3 
2 19 12 
5 29 38 45 
7 
8 
9 
12 19 28 21 24 44 31 23 
15 41 42 
19 2 30 22 27 
17 37 33 14 43 
14 26 
10 
11 
==============================

====== Algorithm Status ======
Valor:                2267
Time:                 1024002
nIter:                859165
Best Iter:            859165
Improvement Count:    859166
==============================
Solution tour: 
0 
4 
1 
16 
13 
18 
6 
3 
2 19 12 
5 29 38 45 
7 
8 
9 
12 19 28 21 24 44 31 23 
15 41 42 
19 2 30 22 27 
17 37 33 14 43 
14 26 
10 
11 
==============================

