=========== Input ===========
File name:                ./instances/realistic-instances/25-25-1110588.cdop
Total node count:         51
Truck node count:         25
Drone node count:         25
=============================

========== Settings ==========
Settings file:        ./settings/Memetic_MPX_1881515.config
Seed:                 1881515
Reduction method:     -
Max iter:             1024000
Population size:      13
Crossover:            MA-MPX
Local Search:         LS
Warm Start:           Mario_WS
==============================

====== Algorithm Status ======
Valor:                2210
Time:                 253
nIter:                35
Best Iter:            35
Improvement Count:    34
==============================
Solution tour: 
0 
19 50 
24 
23 
21 28 
17 
20 16 31 
16 40 26 40 39 29 47 38 32 48 33 
12 41 46 45 34 
15 
14 
22 
18 
5 
6 
2 
3 
8 36 
13 
9 
11 
10 4 43 
4 
1 
7 
==============================

====== Algorithm Status ======
Valor:                2210
Time:                 511
nIter:                75
Best Iter:            75
Improvement Count:    74
==============================
Solution tour: 
0 
19 50 
24 
23 
21 28 
17 
20 16 31 
16 40 26 40 39 29 47 38 32 48 33 
12 41 46 45 34 
15 
14 
22 
18 
5 
6 
2 
3 
8 36 
13 
9 
11 
10 4 43 
4 
1 
7 
==============================

====== Algorithm Status ======
Valor:                2210
Time:                 1003
nIter:                162
Best Iter:            162
Improvement Count:    161
==============================
Solution tour: 
0 
19 50 
24 
23 
21 28 
17 
20 16 31 
16 40 26 40 39 29 47 38 32 48 33 
12 41 46 45 34 
15 
14 
22 
18 
5 
6 
2 
3 
8 36 
13 
9 
11 
10 4 43 
4 
1 
7 
==============================

====== Algorithm Status ======
Valor:                2210
Time:                 2004
nIter:                322
Best Iter:            322
Improvement Count:    321
==============================
Solution tour: 
0 
19 50 
24 
23 
21 28 
17 
20 16 31 
16 40 26 40 39 29 47 38 32 48 33 
12 41 46 45 34 
15 
14 
22 
18 
5 
6 
2 
3 
8 36 
13 
9 
11 
10 4 43 
4 
1 
7 
==============================

====== Algorithm Status ======
Valor:                2339
Time:                 4002
nIter:                646
Best Iter:            646
Improvement Count:    645
==============================
Solution tour: 
0 28 
19 50 44 37 
24 
23 
21 
17 
20 27 47 29 39 31 
16 40 26 40 30 38 32 34 48 33 48 
12 41 45 46 
15 
14 
22 
18 
5 
6 
2 
3 
8 36 
13 
9 
11 
10 4 43 
4 
1 
7 
==============================

====== Algorithm Status ======
Valor:                2339
Time:                 8005
nIter:                1283
Best Iter:            1283
Improvement Count:    1282
==============================
Solution tour: 
0 28 
19 50 44 37 
24 
23 
21 
17 
20 27 47 29 39 31 
16 40 26 40 30 38 32 34 48 33 48 
12 41 45 46 
15 
14 
22 
18 
5 
6 
2 
3 
8 36 
13 
9 
11 
10 4 43 
4 
1 
7 
==============================

====== Algorithm Status ======
Valor:                2339
Time:                 16003
nIter:                2593
Best Iter:            2593
Improvement Count:    2592
==============================
Solution tour: 
0 28 
19 50 44 37 
24 
23 
21 
17 
20 27 47 29 39 31 
16 40 26 40 30 38 32 34 48 33 48 
12 41 45 46 
15 
14 
22 
18 
5 
6 
2 
3 
8 36 
13 
9 
11 
10 4 43 
4 
1 
7 
==============================

====== Algorithm Status ======
Valor:                2339
Time:                 32008
nIter:                5145
Best Iter:            5145
Improvement Count:    5144
==============================
Solution tour: 
0 28 
19 50 44 37 
24 
23 
21 
17 
20 27 47 29 39 31 
16 40 26 40 30 38 32 34 48 33 48 
12 41 45 46 
15 
14 
22 
18 
5 
6 
2 
3 
8 36 
13 
9 
11 
10 4 43 
4 
1 
7 
==============================

====== Algorithm Status ======
Valor:                2339
Time:                 64004
nIter:                9943
Best Iter:            9943
Improvement Count:    9942
==============================
Solution tour: 
0 28 
19 50 44 37 
24 
23 
21 
17 
20 27 47 29 39 31 
16 40 26 40 30 38 32 34 48 33 48 
12 41 45 46 
15 
14 
22 
18 
5 
6 
2 
3 
8 36 
13 
9 
11 
10 4 43 
4 
1 
7 
==============================

====== Algorithm Status ======
Valor:                2365
Time:                 128002
nIter:                18917
Best Iter:            18917
Improvement Count:    18916
==============================
Solution tour: 
0 
5 
6 
2 
3 
1 
8 
13 
9 
11 
10 22 
7 36 18 
25 28 35 43 
4 43 37 44 50 
24 
23 
21 
17 
19 
20 27 47 29 39 31 
16 40 26 40 30 7 38 32 48 33 48 32 
12 41 45 46 34 
15 
14 
22 
==============================

====== Algorithm Status ======
Valor:                2365
Time:                 256005
nIter:                39313
Best Iter:            39313
Improvement Count:    39312
==============================
Solution tour: 
0 
5 
6 
2 
3 
1 
8 
13 
9 
11 
10 22 
7 36 18 
25 28 35 43 
4 43 37 44 50 
24 
23 
21 
17 
19 
20 27 47 29 39 31 
16 40 26 40 30 7 38 32 48 33 48 32 
12 41 45 46 34 
15 
14 
22 
==============================

====== Algorithm Status ======
Valor:                2452
Time:                 512005
nIter:                78972
Best Iter:            78972
Improvement Count:    78971
==============================
Solution tour: 
0 
7 18 
25 
18 
22 18 
5 
6 
2 
3 
1 
8 
4 43 37 49 44 50 
24 
23 
21 28 
17 
19 
20 27 35 47 36 29 39 31 
16 40 26 40 30 7 38 32 42 48 33 48 32 
12 41 45 46 34 
10 
13 
15 
14 
==============================

====== Algorithm Status ======
Valor:                2473
Time:                 1024002
nIter:                157099
Best Iter:            157099
Improvement Count:    157100
==============================
Solution tour: 
0 
7 18 
25 
18 
22 18 
5 
11 
9 6 
2 
3 
1 
8 
4 43 37 49 44 50 
24 
23 
21 28 
17 
19 
20 27 35 47 36 29 39 31 
16 40 26 40 30 7 38 32 42 48 33 48 32 
12 41 45 46 34 
==============================

====== Algorithm Status ======
Valor:                2473
Time:                 1024002
nIter:                157099
Best Iter:            157099
Improvement Count:    157100
==============================
Solution tour: 
0 
7 18 
25 
18 
22 18 
5 
11 
9 6 
2 
3 
1 
8 
4 43 37 49 44 50 
24 
23 
21 28 
17 
19 
20 27 35 47 36 29 39 31 
16 40 26 40 30 7 38 32 42 48 33 48 32 
12 41 45 46 34 
==============================

