=========== Input ===========
File name:                ./instances/realistic-instances/25-10-1762875.cdop
Total node count:         36
Truck node count:         25
Drone node count:         10
=============================

========== Settings ==========
Settings file:        ./settings/Memetic_MMX_1287823.config
Seed:                 1287823
Reduction method:     -
Max iter:             1024000
Population size:      13
Crossover:            MA-MMX
Local Search:         LS
Warm Start:           Mario_WS
==============================

====== Algorithm Status ======
Valor:                1979
Time:                 250
nIter:                79
Best Iter:            79
Improvement Count:    78
==============================
Solution tour: 
0 15 16 11 31 
11 16 27 34 35 34 33 5 29 22 29 14 
4 23 10 32 25 32 26 28 26 18 
3 15 24 15 
==============================

====== Algorithm Status ======
Valor:                1979
Time:                 500
nIter:                155
Best Iter:            155
Improvement Count:    154
==============================
Solution tour: 
0 15 16 11 31 
11 16 27 34 35 34 33 5 29 22 29 14 
4 23 10 32 25 32 26 28 26 18 
3 15 24 15 
==============================

====== Algorithm Status ======
Valor:                1979
Time:                 1000
nIter:                311
Best Iter:            311
Improvement Count:    310
==============================
Solution tour: 
0 15 16 11 31 
11 16 27 34 35 34 33 5 29 22 29 14 
4 23 10 32 25 32 26 28 26 18 
3 15 24 15 
==============================

====== Algorithm Status ======
Valor:                1984
Time:                 2001
nIter:                645
Best Iter:            645
Improvement Count:    644
==============================
Solution tour: 
0 15 16 11 31 
11 16 27 34 35 34 33 5 29 22 29 
4 23 10 32 25 32 26 28 26 15 18 
3 15 24 15 
==============================

====== Algorithm Status ======
Valor:                2009
Time:                 4001
nIter:                1278
Best Iter:            1278
Improvement Count:    1277
==============================
Solution tour: 
0 15 16 27 34 35 34 33 31 33 5 29 22 29 23 
4 23 10 32 25 32 28 26 15 3 18 20 18 1 18 
3 15 24 15 
==============================

====== Algorithm Status ======
Valor:                2014
Time:                 8001
nIter:                2512
Best Iter:            2512
Improvement Count:    2511
==============================
Solution tour: 
0 15 16 27 34 35 34 33 31 6 24 6 22 29 23 
4 23 10 32 25 32 26 28 26 15 3 18 20 18 1 18 
3 15 24 15 
==============================

====== Algorithm Status ======
Valor:                2014
Time:                 16000
nIter:                4854
Best Iter:            4854
Improvement Count:    4853
==============================
Solution tour: 
0 15 16 27 34 35 34 33 31 6 24 6 22 29 23 
4 23 10 32 25 32 26 28 26 15 3 18 20 18 1 18 
3 15 24 15 
==============================

====== Algorithm Status ======
Valor:                2031
Time:                 32000
nIter:                9471
Best Iter:            9471
Improvement Count:    9470
==============================
Solution tour: 
0 6 31 33 16 27 34 35 34 33 31 6 24 6 22 29 22 
4 23 10 32 25 32 26 28 26 15 3 18 1 18 
3 15 24 15 
==============================

====== Algorithm Status ======
Valor:                2055
Time:                 64001
nIter:                18196
Best Iter:            18196
Improvement Count:    18195
==============================
Solution tour: 
0 3 6 31 33 16 11 16 27 34 35 34 24 6 22 29 22 0 
15 26 32 25 32 26 28 26 15 3 18 1 18 
3 15 24 15 
==============================

====== Algorithm Status ======
Valor:                2055
Time:                 128000
nIter:                35489
Best Iter:            35489
Improvement Count:    35488
==============================
Solution tour: 
0 3 6 31 33 16 11 16 27 34 35 34 24 6 22 29 22 0 
15 26 32 25 32 26 28 26 15 3 18 1 18 
3 15 24 15 
==============================

====== Algorithm Status ======
Valor:                2055
Time:                 256003
nIter:                73285
Best Iter:            73285
Improvement Count:    73284
==============================
Solution tour: 
0 3 6 31 33 16 11 16 27 34 35 34 24 6 22 29 22 0 
15 26 32 25 32 26 28 26 15 3 18 1 18 
3 15 24 15 
==============================

====== Algorithm Status ======
Valor:                2055
Time:                 512002
nIter:                145357
Best Iter:            145357
Improvement Count:    145356
==============================
Solution tour: 
0 3 6 31 33 16 11 16 27 34 35 34 24 6 22 29 22 0 
15 26 32 25 32 26 28 26 15 3 18 1 18 
3 15 24 15 
==============================

====== Algorithm Status ======
Valor:                2055
Time:                 1024002
nIter:                291758
Best Iter:            291758
Improvement Count:    291759
==============================
Solution tour: 
0 3 6 31 33 16 11 16 27 34 35 34 24 6 22 29 22 0 
15 26 32 25 32 26 28 26 15 3 18 1 18 
3 15 24 15 
==============================

====== Algorithm Status ======
Valor:                2055
Time:                 1024002
nIter:                291758
Best Iter:            291758
Improvement Count:    291759
==============================
Solution tour: 
0 3 6 31 33 16 11 16 27 34 35 34 24 6 22 29 22 0 
15 26 32 25 32 26 28 26 15 3 18 1 18 
3 15 24 15 
==============================

