=========== Input ===========
File name:                ./instances/realistic-instances/20-10-1917698.cdop
Total node count:         31
Truck node count:         20
Drone node count:         10
=============================

========== Settings ==========
Settings file:        ./settings/Memetic-LS_MPX_1287823.config
Seed:                 1287823
Reduction method:     -
Max iter:             1024000
Population size:      13
Crossover:            MA-MPX
Local Search:         -
Warm Start:           Mario_WS
==============================

====== Algorithm Status ======
Valor:                1487
Time:                 250
nIter:                411
Best Iter:            411
Improvement Count:    410
==============================
Solution tour: 
0 
14 
5 2 24 
2 
6 
3 24 
19 
12 
8 
9 
13 
15 18 27 
18 16 21 
16 17 25 
17 26 
1 
11 
4 
10 29 28 23 22 30 
7 30 
==============================

====== Algorithm Status ======
Valor:                1487
Time:                 500
nIter:                848
Best Iter:            848
Improvement Count:    847
==============================
Solution tour: 
0 
14 
5 2 24 
2 
6 
3 24 
19 
12 
8 
9 
13 
15 18 27 
18 16 21 
16 17 25 
17 26 
1 
11 
4 
10 29 28 23 22 30 
7 30 
==============================

====== Algorithm Status ======
Valor:                1487
Time:                 1000
nIter:                1725
Best Iter:            1725
Improvement Count:    1724
==============================
Solution tour: 
0 
14 
5 2 24 
2 
6 
3 24 
19 
12 
8 
9 
13 
15 18 27 
18 16 21 
16 17 25 
17 26 
1 
11 
4 
10 29 28 23 22 30 
7 30 
==============================

====== Algorithm Status ======
Valor:                1487
Time:                 2000
nIter:                3433
Best Iter:            3433
Improvement Count:    3432
==============================
Solution tour: 
0 
14 
5 2 24 
2 
6 
3 24 
19 
12 
8 
9 
13 
15 18 27 
18 16 21 
16 17 25 
17 26 
1 
11 
4 
10 29 28 23 22 30 
7 30 
==============================

====== Algorithm Status ======
Valor:                1493
Time:                 4000
nIter:                6938
Best Iter:            6938
Improvement Count:    6937
==============================
Solution tour: 
0 
14 
5 2 24 
2 
6 
3 24 
20 
19 
9 
8 
12 
13 
15 18 27 
18 16 21 
16 17 25 
17 26 
1 
11 
4 
10 29 28 23 22 30 
7 30 
==============================

====== Algorithm Status ======
Valor:                1496
Time:                 8000
nIter:                13653
Best Iter:            13653
Improvement Count:    13652
==============================
Solution tour: 
0 
14 
5 2 24 
2 
6 
3 24 
20 22 
19 
9 
8 
12 
13 
15 18 27 
18 16 21 
16 17 25 
17 26 
1 
11 
4 
10 29 28 23 22 30 
7 30 
==============================

====== Algorithm Status ======
Valor:                1524
Time:                 16000
nIter:                28071
Best Iter:            28071
Improvement Count:    28070
==============================
Solution tour: 
0 
10 
5 2 24 
2 
6 
3 24 
20 
19 
9 
8 
12 
13 
15 18 27 
18 16 21 
16 17 25 
17 26 
1 
11 
4 
14 22 28 23 30 
7 30 
==============================

====== Algorithm Status ======
Valor:                1537
Time:                 32000
nIter:                56017
Best Iter:            56017
Improvement Count:    56016
==============================
Solution tour: 
0 
10 
5 2 24 
2 
6 
3 24 
20 
19 
9 
8 
12 
13 
15 18 27 
18 16 21 
16 17 25 
17 26 
1 
11 
4 
14 23 28 22 30 
7 30 
==============================

====== Algorithm Status ======
Valor:                1541
Time:                 64000
nIter:                108886
Best Iter:            108886
Improvement Count:    108885
==============================
Solution tour: 
0 
10 
5 2 24 
2 
6 
3 24 
20 30 
19 
9 
8 
12 
13 
15 18 27 
18 16 21 
16 17 25 
17 26 
11 
4 
1 
14 23 28 22 30 
7 30 
==============================

====== Algorithm Status ======
Valor:                1558
Time:                 128000
nIter:                205596
Best Iter:            205596
Improvement Count:    205595
==============================
Solution tour: 
0 
10 
5 2 24 
2 
6 
3 24 
20 30 
19 
9 
8 
12 
13 
15 18 27 
18 23 16 21 
16 17 25 
17 26 
11 
4 
1 
14 30 22 28 22 30 
7 30 
==============================

====== Algorithm Status ======
Valor:                1570
Time:                 256000
nIter:                404909
Best Iter:            404909
Improvement Count:    404908
==============================
Solution tour: 
0 
10 
1 
5 2 24 
2 
6 
3 24 
20 22 
19 
9 
8 
12 
13 
15 18 27 
18 23 16 21 
16 17 25 
17 26 
11 
4 
14 30 22 28 22 30 
7 30 
==============================

====== Algorithm Status ======
Valor:                1585
Time:                 512000
nIter:                792332
Best Iter:            792332
Improvement Count:    792331
==============================
Solution tour: 
0 
10 
1 
5 2 24 
2 
6 
3 24 29 
20 22 
19 
9 
8 
12 
13 
15 18 27 
18 23 16 21 
16 17 25 
17 26 
11 
4 
14 22 28 22 30 
7 30 
==============================

====== Algorithm Status ======
Valor:                1617
Time:                 1024001
nIter:                1596605
Best Iter:            1596605
Improvement Count:    1596606
==============================
Solution tour: 
0 
1 
5 2 24 
2 
10 
6 
3 26 
20 22 
19 
9 
8 
12 
13 
15 18 27 
18 16 21 
16 17 25 
17 26 
11 
4 
14 23 22 28 30 
7 30 
==============================

====== Algorithm Status ======
Valor:                1617
Time:                 1024001
nIter:                1596605
Best Iter:            1596605
Improvement Count:    1596606
==============================
Solution tour: 
0 
1 
5 2 24 
2 
10 
6 
3 26 
20 22 
19 
9 
8 
12 
13 
15 18 27 
18 16 21 
16 17 25 
17 26 
11 
4 
14 23 22 28 30 
7 30 
==============================

