=========== Input ===========
File name:                ./instances/realistic-instances/25-25-1917698.cdop
Total node count:         51
Truck node count:         25
Drone node count:         25
=============================

========== Settings ==========
Settings file:        ./settings/Memetic-LS_MMX_1881515.config
Seed:                 1881515
Reduction method:     -
Max iter:             1024000
Population size:      13
Crossover:            MA-MMX
Local Search:         -
Warm Start:           Mario_WS
==============================

====== Algorithm Status ======
Valor:                2126
Time:                 250
nIter:                187
Best Iter:            187
Improvement Count:    186
==============================
Solution tour: 
0 
22 
4 26 45 27 29 35 41 46 43 
18 
24 
23 
19 
14 48 30 32 20 31 
20 
12 1 50 
11 
13 47 39 28 24 
9 
1 
5 
2 
7 
8 
15 
16 
17 
21 
10 11 42 36 
6 33 49 37 34 44 
3 
==============================

====== Algorithm Status ======
Valor:                2171
Time:                 500
nIter:                404
Best Iter:            404
Improvement Count:    403
==============================
Solution tour: 
0 
22 
4 26 45 27 29 35 41 46 43 
18 
23 
19 
14 48 30 32 20 31 
20 
12 1 50 
11 
13 47 39 28 24 
9 
1 
10 11 42 36 
6 33 49 37 34 44 
3 
==============================

====== Algorithm Status ======
Valor:                2227
Time:                 1000
nIter:                839
Best Iter:            839
Improvement Count:    838
==============================
Solution tour: 
0 
22 
4 26 45 27 29 35 41 27 41 46 43 
18 
23 
19 
14 48 30 32 20 31 
20 
12 1 50 
11 
13 47 39 28 24 
9 
1 
10 11 42 36 
6 33 49 37 34 44 
3 
==============================

====== Algorithm Status ======
Valor:                2227
Time:                 2000
nIter:                1734
Best Iter:            1734
Improvement Count:    1733
==============================
Solution tour: 
0 
22 
4 26 45 27 29 35 41 27 41 46 43 
18 
23 
19 
14 48 30 32 20 31 
20 
12 1 50 
11 
13 47 39 28 24 
9 
1 
10 11 42 36 
6 33 49 37 34 44 
3 
==============================

====== Algorithm Status ======
Valor:                2282
Time:                 4000
nIter:                3538
Best Iter:            3538
Improvement Count:    3537
==============================
Solution tour: 
0 26 45 27 29 35 41 27 46 41 46 43 
19 
14 48 30 32 20 31 
20 
12 1 50 
11 
13 47 39 28 24 
9 
1 
10 11 42 36 
6 33 49 37 34 44 
3 
==============================

====== Algorithm Status ======
Valor:                2305
Time:                 8000
nIter:                7092
Best Iter:            7092
Improvement Count:    7091
==============================
Solution tour: 
0 26 45 27 29 35 41 27 46 41 46 43 41 48 30 32 20 31 
20 
12 1 50 
11 
13 47 39 28 24 
9 
1 
10 11 42 36 
6 33 49 37 34 44 
3 
==============================

====== Algorithm Status ======
Valor:                2312
Time:                 16000
nIter:                13955
Best Iter:            13955
Improvement Count:    13954
==============================
Solution tour: 
0 26 45 27 29 35 41 27 46 41 46 43 41 48 30 32 20 31 
20 
12 1 50 
11 1 
13 47 39 28 24 
9 33 49 37 34 36 
6 44 
3 
==============================

====== Algorithm Status ======
Valor:                2312
Time:                 32001
nIter:                28222
Best Iter:            28222
Improvement Count:    28221
==============================
Solution tour: 
0 26 45 27 29 35 41 27 46 41 46 43 41 48 30 32 20 31 
20 
12 1 50 
11 1 
13 47 39 28 24 
9 33 49 37 34 36 
6 44 
3 
==============================

====== Algorithm Status ======
Valor:                2352
Time:                 64000
nIter:                59023
Best Iter:            59023
Improvement Count:    59022
==============================
Solution tour: 
0 2 26 45 27 29 35 41 27 46 41 46 43 41 48 30 32 20 31 
20 
12 1 50 
11 47 39 28 24 
9 33 49 37 34 36 
6 44 
21 
==============================

====== Algorithm Status ======
Valor:                2380
Time:                 128003
nIter:                121975
Best Iter:            121975
Improvement Count:    121974
==============================
Solution tour: 
0 2 26 45 27 29 35 41 27 46 41 46 43 41 48 30 32 20 31 
20 
12 1 50 
11 47 39 28 24 
9 33 49 37 34 38 36 
6 44 
21 
==============================

====== Algorithm Status ======
Valor:                2383
Time:                 256000
nIter:                232905
Best Iter:            232905
Improvement Count:    232904
==============================
Solution tour: 
0 2 26 27 41 35 41 27 46 41 46 43 29 48 32 30 32 37 31 
20 
12 1 50 
11 47 39 28 24 
9 33 49 37 34 38 36 
6 44 
21 
==============================

====== Algorithm Status ======
Valor:                2466
Time:                 512000
nIter:                472960
Best Iter:            472960
Improvement Count:    472959
==============================
Solution tour: 
0 2 26 45 27 46 41 48 27 41 46 43 29 35 32 30 32 37 31 
20 
12 1 50 
11 47 39 28 24 
9 33 28 36 
6 44 49 
21 
==============================

====== Algorithm Status ======
Valor:                2561
Time:                 1024001
nIter:                935911
Best Iter:            935911
Improvement Count:    935912
==============================
Solution tour: 
0 2 26 45 27 46 41 46 43 46 27 29 35 32 30 32 37 49 31 37 32 
12 1 50 
11 47 39 27 28 24 
9 33 28 38 36 
6 2 3 44 34 40 48 
==============================

====== Algorithm Status ======
Valor:                2561
Time:                 1024001
nIter:                935911
Best Iter:            935911
Improvement Count:    935912
==============================
Solution tour: 
0 2 26 45 27 46 41 46 43 46 27 29 35 32 30 32 37 49 31 37 32 
12 1 50 
11 47 39 27 28 24 
9 33 28 38 36 
6 2 3 44 34 40 48 
==============================

