=========== Input ===========
File name:                ./instances/realistic-instances/25-10-1110588.cdop
Total node count:         36
Truck node count:         25
Drone node count:         10
=============================

========== Settings ==========
Settings file:        ./settings/Memetic-LS_MMX_1287823.config
Seed:                 1287823
Reduction method:     -
Max iter:             1024000
Population size:      13
Crossover:            MA-MMX
Local Search:         -
Warm Start:           Mario_WS
==============================

====== Algorithm Status ======
Valor:                1564
Time:                 250
nIter:                538
Best Iter:            538
Improvement Count:    537
==============================
Solution tour: 
0 32 27 26 28 
1 
4 
17 33 
9 
16 2 7 
2 6 35 
6 
15 29 22 29 22 17 
22 34 
24 
5 31 
8 
==============================

====== Algorithm Status ======
Valor:                1637
Time:                 500
nIter:                1097
Best Iter:            1097
Improvement Count:    1096
==============================
Solution tour: 
0 32 27 22 29 22 17 
22 34 26 28 
1 
4 
17 33 
9 
16 2 7 
2 6 35 
6 
24 
5 31 
8 
==============================

====== Algorithm Status ======
Valor:                1637
Time:                 1001
nIter:                2333
Best Iter:            2333
Improvement Count:    2332
==============================
Solution tour: 
0 32 27 22 29 22 17 
22 34 26 28 
1 
4 
17 33 
9 
16 2 7 
2 6 35 
6 
24 
5 31 
8 
==============================

====== Algorithm Status ======
Valor:                1727
Time:                 2000
nIter:                4619
Best Iter:            4619
Improvement Count:    4618
==============================
Solution tour: 
0 32 27 32 29 22 17 
22 34 26 34 26 28 
1 
11 
23 
3 2 7 
2 6 35 
6 
24 
5 31 
8 
==============================

====== Algorithm Status ======
Valor:                1831
Time:                 4000
nIter:                9276
Best Iter:            9276
Improvement Count:    9275
==============================
Solution tour: 
0 35 32 33 29 22 17 
22 26 34 26 28 
1 27 
23 
3 2 7 
2 6 35 
6 
24 
5 31 
8 
==============================

====== Algorithm Status ======
Valor:                1853
Time:                 8000
nIter:                18416
Best Iter:            18416
Improvement Count:    18415
==============================
Solution tour: 
0 35 32 35 33 29 22 17 
22 34 26 28 
1 28 27 
23 
3 2 7 
2 6 35 
6 
24 
5 31 
8 
==============================

====== Algorithm Status ======
Valor:                1861
Time:                 16000
nIter:                37039
Best Iter:            37039
Improvement Count:    37038
==============================
Solution tour: 
0 35 32 35 27 29 22 17 
22 34 26 28 
1 28 33 
23 
3 2 7 
2 6 35 
6 
24 
5 31 
8 
==============================

====== Algorithm Status ======
Valor:                1864
Time:                 32000
nIter:                74509
Best Iter:            74509
Improvement Count:    74508
==============================
Solution tour: 
0 35 32 35 27 30 22 17 
22 34 26 28 
1 28 29 33 
23 
3 2 7 
2 6 35 
6 
24 
5 31 
8 
==============================

====== Algorithm Status ======
Valor:                1866
Time:                 64000
nIter:                149349
Best Iter:            149349
Improvement Count:    149348
==============================
Solution tour: 
0 35 32 35 24 29 30 22 17 
22 34 26 28 
1 28 27 33 
23 
3 2 7 
2 6 35 
6 
24 
5 31 
8 
==============================

====== Algorithm Status ======
Valor:                1901
Time:                 128000
nIter:                287780
Best Iter:            287780
Improvement Count:    287779
==============================
Solution tour: 
0 27 32 35 24 29 30 22 17 
22 34 26 28 
1 28 27 33 
23 
3 2 7 
2 6 35 
6 
24 28 31 
8 
==============================

====== Algorithm Status ======
Valor:                1901
Time:                 256000
nIter:                542180
Best Iter:            542180
Improvement Count:    542179
==============================
Solution tour: 
0 27 32 35 24 29 30 22 17 
22 34 26 28 
1 28 27 33 
23 
3 2 7 
2 6 35 
6 
24 28 31 
8 
==============================

====== Algorithm Status ======
Valor:                1901
Time:                 512000
nIter:                1081192
Best Iter:            1081192
Improvement Count:    1081191
==============================
Solution tour: 
0 27 32 35 24 29 30 22 17 
22 34 26 28 
1 28 27 33 
23 
3 2 7 
2 6 35 
6 
24 28 31 
8 
==============================

====== Algorithm Status ======
Valor:                1901
Time:                 1024001
nIter:                2154843
Best Iter:            2154843
Improvement Count:    2154844
==============================
Solution tour: 
0 27 32 35 24 29 30 22 17 
22 34 26 28 
1 28 27 33 
23 
3 2 7 
2 6 35 
6 
24 28 31 
8 
==============================

====== Algorithm Status ======
Valor:                1901
Time:                 1024001
nIter:                2154843
Best Iter:            2154843
Improvement Count:    2154844
==============================
Solution tour: 
0 27 32 35 24 29 30 22 17 
22 34 26 28 
1 28 27 33 
23 
3 2 7 
2 6 35 
6 
24 28 31 
8 
==============================

