=========== Input ===========
File name:                ./instances/realistic-instances/20-10-1917698.cdop
Total node count:         31
Truck node count:         20
Drone node count:         10
=============================

========== Settings ==========
Settings file:        ./settings/Memetic_MPX_1287823.config
Seed:                 1287823
Reduction method:     -
Max iter:             1024000
Population size:      13
Crossover:            MA-MPX
Local Search:         LS
Warm Start:           Mario_WS
==============================

====== Algorithm Status ======
Valor:                1579
Time:                 251
nIter:                83
Best Iter:            83
Improvement Count:    82
==============================
Solution tour: 
0 22 23 
14 
5 2 24 
2 
6 
3 24 
19 9 
12 
8 
9 
13 
15 18 27 
18 16 21 
16 3 26 17 25 
17 26 
1 
11 
4 
10 
7 30 
==============================

====== Algorithm Status ======
Valor:                1579
Time:                 502
nIter:                165
Best Iter:            165
Improvement Count:    164
==============================
Solution tour: 
0 22 23 
14 
5 2 24 
2 
6 
3 24 
19 9 
12 
8 
9 
13 
15 18 27 
18 16 21 
16 3 26 17 25 
17 26 
1 
11 
4 
10 
7 30 
==============================

====== Algorithm Status ======
Valor:                1579
Time:                 1002
nIter:                346
Best Iter:            346
Improvement Count:    345
==============================
Solution tour: 
0 22 23 
14 
5 2 24 
2 
6 
3 24 
19 9 
12 
8 
9 
13 
15 18 27 
18 16 21 
16 3 26 17 25 
17 26 
1 
11 
4 
10 
7 30 
==============================

====== Algorithm Status ======
Valor:                1588
Time:                 2001
nIter:                689
Best Iter:            689
Improvement Count:    688
==============================
Solution tour: 
0 22 23 
14 
5 2 24 
2 
6 
3 24 
19 9 
12 
8 
9 
13 
15 18 4 27 
18 16 21 
16 3 26 17 25 
17 26 
1 
11 
4 
10 
7 30 
==============================

====== Algorithm Status ======
Valor:                1626
Time:                 4001
nIter:                1427
Best Iter:            1427
Improvement Count:    1426
==============================
Solution tour: 
0 30 22 23 
14 
5 2 24 
2 
6 
3 24 28 
20 29 
19 9 
8 
9 
13 
15 18 4 27 4 
18 16 21 
16 3 26 17 25 
17 26 
1 
11 
4 
10 
7 30 
==============================

====== Algorithm Status ======
Valor:                1626
Time:                 8000
nIter:                2801
Best Iter:            2801
Improvement Count:    2800
==============================
Solution tour: 
0 30 22 23 
14 
5 2 24 
2 
6 
3 24 28 
20 29 
19 9 
8 
9 
13 
15 18 4 27 4 
18 16 21 
16 3 26 17 25 
17 26 
1 
11 
4 
10 
7 30 
==============================

====== Algorithm Status ======
Valor:                1626
Time:                 16000
nIter:                5517
Best Iter:            5517
Improvement Count:    5516
==============================
Solution tour: 
0 30 22 23 
14 
5 2 24 
2 
6 
3 24 28 
20 29 
19 9 
8 
9 
13 
15 18 4 27 4 
18 16 21 
16 3 26 17 25 
17 26 
1 
11 
4 
10 
7 30 
==============================

====== Algorithm Status ======
Valor:                1694
Time:                 32000
nIter:                11221
Best Iter:            11221
Improvement Count:    11220
==============================
Solution tour: 
0 30 28 22 
19 
9 
12 
8 
6 
3 
16 3 26 17 25 
17 26 
1 
11 
4 
10 16 21 30 
7 30 23 
14 
5 2 24 
2 4 27 4 
18 25 
13 
15 29 30 
==============================

====== Algorithm Status ======
Valor:                1694
Time:                 64001
nIter:                22487
Best Iter:            22487
Improvement Count:    22486
==============================
Solution tour: 
0 30 28 22 
19 
9 
12 
8 
6 
3 
16 3 26 17 25 
17 26 
1 
11 
4 
10 16 21 30 
7 30 23 
14 
5 2 24 
2 4 27 4 
18 25 
13 
15 29 30 
==============================

====== Algorithm Status ======
Valor:                1703
Time:                 128002
nIter:                45650
Best Iter:            45650
Improvement Count:    45649
==============================
Solution tour: 
0 30 28 22 
5 2 24 
2 4 27 4 23 
19 
9 
12 
8 
6 
3 
16 3 26 17 25 
20 29 
15 13 25 
17 26 
1 
11 
4 
10 16 21 28 30 
7 30 
==============================

====== Algorithm Status ======
Valor:                1711
Time:                 256000
nIter:                90035
Best Iter:            90035
Improvement Count:    90034
==============================
Solution tour: 
0 30 28 22 30 
7 30 
5 2 24 
2 4 27 4 23 
19 
9 
12 
8 
6 
3 16 21 
16 26 17 25 29 
20 
18 
15 25 
17 26 
14 
1 5 25 
13 25 30 
==============================

====== Algorithm Status ======
Valor:                1711
Time:                 512005
nIter:                182519
Best Iter:            182519
Improvement Count:    182518
==============================
Solution tour: 
0 30 28 22 30 
7 30 
5 2 24 
2 4 27 4 23 
19 
9 
12 
8 
6 
3 16 21 
16 26 17 25 29 
20 
18 
15 25 
17 26 
14 
1 5 25 
13 25 30 
==============================

====== Algorithm Status ======
Valor:                1711
Time:                 1024004
nIter:                365424
Best Iter:            365424
Improvement Count:    365425
==============================
Solution tour: 
0 30 28 22 30 
7 30 
5 2 24 
2 4 27 4 23 
19 
9 
12 
8 
6 
3 16 21 
16 26 17 25 29 
20 
18 
15 25 
17 26 
14 
1 5 25 
13 25 30 
==============================

====== Algorithm Status ======
Valor:                1711
Time:                 1024004
nIter:                365424
Best Iter:            365424
Improvement Count:    365425
==============================
Solution tour: 
0 30 28 22 30 
7 30 
5 2 24 
2 4 27 4 23 
19 
9 
12 
8 
6 
3 16 21 
16 26 17 25 29 
20 
18 
15 25 
17 26 
14 
1 5 25 
13 25 30 
==============================

