=========== Input ===========
File name:                ./instances/realistic-instances/20-25-1767920.cdop
Total node count:         46
Truck node count:         20
Drone node count:         25
=============================

========== Settings ==========
Settings file:        ./settings/Memetic_MMX_1099666.config
Seed:                 1099666
Reduction method:     -
Max iter:             1024000
Population size:      13
Crossover:            MA-MMX
Local Search:         LS
Warm Start:           Mario_WS
==============================

====== Algorithm Status ======
Valor:                2616
Time:                 251
nIter:                60
Best Iter:            60
Improvement Count:    59
==============================
Solution tour: 
0 13 40 21 40 44 43 30 29 30 33 5 42 31 39 38 36 
6 45 17 28 41 29 41 28 26 34 
14 23 42 23 35 44 36 37 27 24 32 25 32 
==============================

====== Algorithm Status ======
Valor:                2616
Time:                 503
nIter:                99
Best Iter:            99
Improvement Count:    98
==============================
Solution tour: 
0 13 40 21 40 44 43 30 29 30 33 5 42 31 39 38 36 
6 45 17 28 41 29 41 28 26 34 
14 23 42 23 35 44 36 37 27 24 32 25 32 
==============================

====== Algorithm Status ======
Valor:                2638
Time:                 1006
nIter:                215
Best Iter:            215
Improvement Count:    214
==============================
Solution tour: 
0 13 44 40 21 40 44 43 30 29 30 33 5 42 31 39 38 6 36 
6 45 41 28 41 26 34 
14 23 42 23 35 44 36 37 27 24 32 25 32 23 
==============================

====== Algorithm Status ======
Valor:                2638
Time:                 2003
nIter:                463
Best Iter:            463
Improvement Count:    462
==============================
Solution tour: 
0 13 44 40 21 40 44 43 30 29 30 33 5 42 31 39 38 6 36 
6 45 41 28 41 26 34 
14 23 42 23 35 44 36 37 27 24 32 25 32 23 
==============================

====== Algorithm Status ======
Valor:                2642
Time:                 4001
nIter:                924
Best Iter:            924
Improvement Count:    923
==============================
Solution tour: 
0 13 40 21 43 30 29 30 33 5 42 31 39 38 6 36 
6 45 41 28 41 29 26 34 
14 23 42 23 35 44 36 37 27 24 32 25 32 23 
==============================

====== Algorithm Status ======
Valor:                2654
Time:                 8001
nIter:                1876
Best Iter:            1876
Improvement Count:    1875
==============================
Solution tour: 
0 13 44 43 30 29 30 33 5 42 31 39 10 27 37 38 6 36 
6 45 27 41 28 41 29 41 26 34 
14 23 35 44 40 21 44 35 24 32 25 32 23 
==============================

====== Algorithm Status ======
Valor:                2680
Time:                 16008
nIter:                3686
Best Iter:            3686
Improvement Count:    3685
==============================
Solution tour: 
0 13 40 21 43 30 29 30 33 5 42 39 31 11 3 6 36 
6 45 27 37 27 41 28 41 29 41 26 38 34 
14 23 35 44 35 32 25 32 24 
==============================

====== Algorithm Status ======
Valor:                2680
Time:                 32007
nIter:                7196
Best Iter:            7196
Improvement Count:    7195
==============================
Solution tour: 
0 13 40 21 43 30 29 30 33 5 42 39 31 11 3 6 36 
6 45 27 37 27 41 28 41 29 41 26 38 34 
14 23 35 44 35 32 25 32 24 
==============================

====== Algorithm Status ======
Valor:                2680
Time:                 64002
nIter:                13611
Best Iter:            13611
Improvement Count:    13610
==============================
Solution tour: 
0 13 40 21 43 30 29 30 33 5 42 39 31 11 3 6 36 
6 45 27 37 27 41 28 41 29 41 26 38 34 
14 23 35 44 35 32 25 32 24 
==============================

====== Algorithm Status ======
Valor:                2682
Time:                 128004
nIter:                26282
Best Iter:            26282
Improvement Count:    26281
==============================
Solution tour: 
0 13 40 21 40 44 43 30 29 30 33 5 42 39 31 11 3 6 36 
6 45 27 37 27 41 28 41 29 41 26 34 38 
14 23 35 44 35 32 25 32 24 
==============================

====== Algorithm Status ======
Valor:                2717
Time:                 256004
nIter:                51178
Best Iter:            51178
Improvement Count:    51177
==============================
Solution tour: 
0 23 33 30 29 30 43 44 40 21 40 44 35 44 13 3 6 36 
6 45 27 37 27 10 26 34 28 41 29 41 28 38 
14 23 42 31 39 32 25 32 24 
==============================

====== Algorithm Status ======
Valor:                2720
Time:                 512000
nIter:                95255
Best Iter:            95255
Improvement Count:    95254
==============================
Solution tour: 
0 5 33 30 29 30 43 21 40 35 44 13 3 6 36 
6 45 27 37 27 10 26 34 28 41 29 41 28 38 
14 23 42 31 39 32 25 32 24 
==============================

====== Algorithm Status ======
Valor:                2720
Time:                 1024001
nIter:                181260
Best Iter:            181260
Improvement Count:    181261
==============================
Solution tour: 
0 5 33 30 29 30 43 21 40 35 44 13 3 6 36 
6 45 27 37 27 10 26 34 28 41 29 41 28 38 
14 23 42 31 39 32 25 32 24 
==============================

====== Algorithm Status ======
Valor:                2720
Time:                 1024001
nIter:                181260
Best Iter:            181260
Improvement Count:    181261
==============================
Solution tour: 
0 5 33 30 29 30 43 21 40 35 44 13 3 6 36 
6 45 27 37 27 10 26 34 28 41 29 41 28 38 
14 23 42 31 39 32 25 32 24 
==============================

