=========== Input ===========
File name:                ./instances/realistic-instances/25-10-1762875.cdop
Total node count:         36
Truck node count:         25
Drone node count:         10
=============================

========== Settings ==========
Settings file:        ./settings/Memetic_MPX_1881515.config
Seed:                 1881515
Reduction method:     -
Max iter:             1024000
Population size:      13
Crossover:            MA-MPX
Local Search:         LS
Warm Start:           Mario_WS
==============================

====== Algorithm Status ======
Valor:                1542
Time:                 251
nIter:                71
Best Iter:            71
Improvement Count:    70
==============================
Solution tour: 
0 
1 
22 29 
5 
7 
2 
8 6 3 
17 31 33 34 
24 15 26 28 26 
16 
9 
20 
21 4 
14 5 27 
25 32 
10 
11 
23 
12 23 10 25 10 14 
4 
3 
18 
13 16 
19 35 
15 3 
6 
==============================

====== Algorithm Status ======
Valor:                1542
Time:                 504
nIter:                142
Best Iter:            142
Improvement Count:    141
==============================
Solution tour: 
0 
1 
22 29 
5 
7 
2 
8 6 3 
17 31 33 34 
24 15 26 28 26 
16 
9 
20 
21 4 
14 5 27 
25 32 
10 
11 
23 
12 23 10 25 10 14 
4 
3 
18 
13 16 
19 35 
15 3 
6 
==============================

====== Algorithm Status ======
Valor:                1625
Time:                 1003
nIter:                283
Best Iter:            283
Improvement Count:    282
==============================
Solution tour: 
0 
15 3 
1 
22 29 22 7 
5 
7 
2 
8 6 3 
17 31 33 34 
24 15 26 28 26 
16 
9 
20 
21 4 
14 5 27 
25 32 
10 
11 
23 
12 23 
4 
3 
18 
13 16 
19 35 34 24 6 
==============================

====== Algorithm Status ======
Valor:                1625
Time:                 2001
nIter:                559
Best Iter:            559
Improvement Count:    558
==============================
Solution tour: 
0 
15 3 
1 
22 29 22 7 
5 
7 
2 
8 6 3 
17 31 33 34 
24 15 26 28 26 
16 
9 
20 
21 4 
14 5 27 
25 32 
10 
11 
23 
12 23 
4 
3 
18 
13 16 
19 35 34 24 6 
==============================

====== Algorithm Status ======
Valor:                1625
Time:                 4000
nIter:                1125
Best Iter:            1125
Improvement Count:    1124
==============================
Solution tour: 
0 
15 3 
1 
22 29 22 7 
5 
7 
2 
8 6 3 
17 31 33 34 
24 15 26 28 26 
16 
9 
20 
21 4 
14 5 27 
25 32 
10 
11 
23 
12 23 
4 
3 
18 
13 16 
19 35 34 24 6 
==============================

====== Algorithm Status ======
Valor:                1660
Time:                 8000
nIter:                2248
Best Iter:            2248
Improvement Count:    2247
==============================
Solution tour: 
0 
15 3 
1 
22 29 22 7 
5 
7 
2 
8 6 3 
17 31 33 34 35 34 
24 15 26 28 26 
16 
9 
20 
21 4 
14 5 27 
25 32 
10 
11 
23 
12 23 
4 
3 
18 1 
==============================

====== Algorithm Status ======
Valor:                1660
Time:                 16000
nIter:                4444
Best Iter:            4444
Improvement Count:    4443
==============================
Solution tour: 
0 
15 3 
1 
22 29 22 7 
5 
7 
2 
8 6 3 
17 31 33 34 35 34 
24 15 26 28 26 
16 
9 
20 
21 4 
14 5 27 
25 32 
10 
11 
23 
12 23 
4 
3 
18 1 
==============================

====== Algorithm Status ======
Valor:                1672
Time:                 32000
nIter:                8777
Best Iter:            8777
Improvement Count:    8776
==============================
Solution tour: 
0 6 31 33 
17 30 34 35 34 
24 15 26 28 26 
13 
16 
9 
20 
19 16 33 
21 4 
14 5 27 
25 32 
10 
11 
23 
12 23 
4 3 
15 3 
6 
3 
18 
1 
22 29 
5 
7 
2 
==============================

====== Algorithm Status ======
Valor:                1714
Time:                 64004
nIter:                17072
Best Iter:            17072
Improvement Count:    17071
==============================
Solution tour: 
0 6 31 6 
24 15 26 28 26 32 
13 
16 
9 
20 
17 30 34 35 
19 16 33 
21 4 
14 5 27 
25 32 
10 
11 
23 
12 23 
4 3 
15 3 6 
2 
6 
3 
18 
1 
22 29 
5 
7 
==============================

====== Algorithm Status ======
Valor:                1718
Time:                 128002
nIter:                33503
Best Iter:            33503
Improvement Count:    33502
==============================
Solution tour: 
0 6 31 6 
24 15 26 28 
13 
16 
9 
20 
17 34 35 
19 16 33 
21 4 
14 5 27 
25 32 
10 
11 
23 
12 23 
4 3 
15 3 6 
2 
6 
3 
18 
1 
22 29 
5 
7 
==============================

====== Algorithm Status ======
Valor:                1718
Time:                 256001
nIter:                69390
Best Iter:            69390
Improvement Count:    69389
==============================
Solution tour: 
0 6 31 6 
24 15 26 28 
13 
16 
9 
20 
17 34 35 
19 16 33 
21 4 
14 5 27 
25 32 
10 
11 
23 
12 23 
4 3 
15 3 6 
2 
6 
3 
18 
1 
22 29 
5 
7 
==============================

====== Algorithm Status ======
Valor:                1718
Time:                 512001
nIter:                138386
Best Iter:            138386
Improvement Count:    138385
==============================
Solution tour: 
0 6 31 6 
24 15 26 28 
13 
16 
9 
20 
17 34 35 
19 16 33 
21 4 
14 5 27 
25 32 
10 
11 
23 
12 23 
4 3 
15 3 6 
2 
6 
3 
18 
1 
22 29 
5 
7 
==============================

====== Algorithm Status ======
Valor:                1760
Time:                 1024001
nIter:                276358
Best Iter:            276358
Improvement Count:    276359
==============================
Solution tour: 
0 6 31 
20 
17 35 34 35 
19 16 33 
21 4 
14 4 7 5 27 
25 32 
10 
11 
23 4 
6 
3 
18 
1 
2 
8 29 
22 29 
5 
7 6 
24 15 26 28 
13 
16 
9 
==============================

====== Algorithm Status ======
Valor:                1760
Time:                 1024001
nIter:                276358
Best Iter:            276358
Improvement Count:    276359
==============================
Solution tour: 
0 6 31 
20 
17 35 34 35 
19 16 33 
21 4 
14 4 7 5 27 
25 32 
10 
11 
23 4 
6 
3 
18 
1 
2 
8 29 
22 29 
5 
7 6 
24 15 26 28 
13 
16 
9 
==============================

