=========== Input ===========
File name:                ./instances/realistic-instances/20-25-1110588.cdop
Total node count:         46
Truck node count:         20
Drone node count:         25
=============================

========== Settings ==========
Settings file:        ./settings/Memetic_MPX_1099666.config
Seed:                 1099666
Reduction method:     -
Max iter:             1024000
Population size:      13
Crossover:            MA-MPX
Local Search:         LS
Warm Start:           Mario_WS
==============================

====== Algorithm Status ======
Valor:                1669
Time:                 252
nIter:                40
Best Iter:            40
Improvement Count:    39
==============================
Solution tour: 
0 40 38 27 
20 24 40 39 45 
1 41 26 34 
14 16 25 
16 
6 
4 36 21 42 0 
3 
9 33 23 30 
18 28 37 31 44 22 29 
2 
8 
7 41 43 
10 
11 35 
13 
==============================

====== Algorithm Status ======
Valor:                1669
Time:                 502
nIter:                79
Best Iter:            79
Improvement Count:    78
==============================
Solution tour: 
0 40 38 27 
20 24 40 39 45 
1 41 26 34 
14 16 25 
16 
6 
4 36 21 42 0 
3 
9 33 23 30 
18 28 37 31 44 22 29 
2 
8 
7 41 43 
10 
11 35 
13 
==============================

====== Algorithm Status ======
Valor:                1669
Time:                 1002
nIter:                157
Best Iter:            157
Improvement Count:    156
==============================
Solution tour: 
0 40 38 27 
20 24 40 39 45 
1 41 26 34 
14 16 25 
16 
6 
4 36 21 42 0 
3 
9 33 23 30 
18 28 37 31 44 22 29 
2 
8 
7 41 43 
10 
11 35 
13 
==============================

====== Algorithm Status ======
Valor:                1760
Time:                 2002
nIter:                311
Best Iter:            311
Improvement Count:    310
==============================
Solution tour: 
0 36 29 
2 
19 25 16 27 38 34 
18 23 10 
17 
7 35 
13 35 28 36 
4 
5 
6 32 
14 24 31 37 
1 42 12 40 
9 33 41 30 45 31 
16 44 43 
20 21 
15 3 
==============================

====== Algorithm Status ======
Valor:                1857
Time:                 4003
nIter:                630
Best Iter:            630
Improvement Count:    629
==============================
Solution tour: 
0 3 
5 34 
16 31 16 40 44 43 
10 23 21 42 
1 41 29 39 30 39 
19 25 
17 
7 35 
13 35 28 36 
4 38 27 
6 32 
9 33 30 45 
2 
8 
11 31 24 31 
15 3 
==============================

====== Algorithm Status ======
Valor:                1857
Time:                 8003
nIter:                1274
Best Iter:            1274
Improvement Count:    1273
==============================
Solution tour: 
0 3 
5 34 
16 31 16 40 44 43 
10 23 21 42 
1 41 29 39 30 39 
19 25 
17 
7 35 
13 35 28 36 
4 38 27 
6 32 
9 33 30 45 
2 
8 
11 31 24 31 
15 3 
==============================

====== Algorithm Status ======
Valor:                1877
Time:                 16019
nIter:                2536
Best Iter:            2536
Improvement Count:    2535
==============================
Solution tour: 
0 
18 
1 24 31 14 34 
5 34 38 27 
16 25 16 44 22 43 26 
20 
14 29 41 39 30 36 33 28 35 45 
12 21 23 10 
2 
10 
19 32 39 
17 40 
3 0 3 
15 21 12 42 12 
==============================

====== Algorithm Status ======
Valor:                1916
Time:                 32009
nIter:                5041
Best Iter:            5041
Improvement Count:    5040
==============================
Solution tour: 
0 
18 40 33 
9 33 
13 36 41 
1 24 31 14 34 
6 34 
5 34 38 27 
16 25 16 44 22 43 26 
20 
14 29 41 39 30 36 33 28 35 45 
11 42 
12 21 23 10 
2 
10 
19 32 39 32 3 
==============================

====== Algorithm Status ======
Valor:                1921
Time:                 64001
nIter:                10349
Best Iter:            10349
Improvement Count:    10348
==============================
Solution tour: 
0 42 21 23 22 43 44 27 38 36 30 
20 24 40 28 33 
9 
3 39 32 34 
14 34 
18 34 
5 16 31 
15 37 
6 
16 25 21 29 45 35 
11 
8 
17 25 
19 37 
1 41 
7 41 1 
==============================

====== Algorithm Status ======
Valor:                1947
Time:                 128001
nIter:                20365
Best Iter:            20365
Improvement Count:    20364
==============================
Solution tour: 
0 42 12 36 
4 
5 
15 37 
6 
16 25 21 29 45 35 
10 23 40 41 
8 
11 
2 35 
13 28 24 31 9 33 
9 
3 39 32 39 30 41 
7 41 22 44 43 26 27 38 16 31 
14 34 
18 42 
==============================

====== Algorithm Status ======
Valor:                1947
Time:                 256000
nIter:                40372
Best Iter:            40372
Improvement Count:    40371
==============================
Solution tour: 
0 42 12 36 
4 
5 
15 37 
6 
16 25 21 29 45 35 
10 23 40 41 
8 
11 
2 35 
13 28 24 31 9 33 
9 
3 39 32 39 30 41 
7 41 22 44 43 26 27 38 16 31 
14 34 
18 42 
==============================

====== Algorithm Status ======
Valor:                1947
Time:                 512004
nIter:                80623
Best Iter:            80623
Improvement Count:    80622
==============================
Solution tour: 
0 42 12 36 
4 
5 
15 37 
6 
16 25 21 29 45 35 
10 23 40 41 
8 
11 
2 35 
13 28 24 31 9 33 
9 
3 39 32 39 30 41 
7 41 22 44 43 26 27 38 16 31 
14 34 
18 42 
==============================

====== Algorithm Status ======
Valor:                1971
Time:                 1024006
nIter:                160612
Best Iter:            160612
Improvement Count:    160613
==============================
Solution tour: 
0 42 12 36 
4 
5 
15 37 
6 
16 25 21 29 45 35 
10 23 40 41 
8 
11 
2 35 
13 28 24 31 9 33 
9 
3 39 32 39 30 41 
7 41 22 44 43 26 27 38 6 16 31 
14 34 18 
1 
==============================

====== Algorithm Status ======
Valor:                1971
Time:                 1024006
nIter:                160612
Best Iter:            160612
Improvement Count:    160613
==============================
Solution tour: 
0 42 12 36 
4 
5 
15 37 
6 
16 25 21 29 45 35 
10 23 40 41 
8 
11 
2 35 
13 28 24 31 9 33 
9 
3 39 32 39 30 41 
7 41 22 44 43 26 27 38 6 16 31 
14 34 18 
1 
==============================

