=========== Input ===========
File name:                ./instances/realistic-instances/25-10-1891798.cdop
Total node count:         36
Truck node count:         25
Drone node count:         10
=============================

========== Settings ==========
Settings file:        ./settings/Memetic_MPX_1099666.config
Seed:                 1099666
Reduction method:     -
Max iter:             1024000
Population size:      13
Crossover:            MA-MPX
Local Search:         LS
Warm Start:           Mario_WS
==============================

====== Algorithm Status ======
Valor:                1435
Time:                 252
nIter:                61
Best Iter:            61
Improvement Count:    60
==============================
Solution tour: 
0 33 30 34 8 
4 29 
11 
10 
14 31 35 
13 
24 23 8 
20 
21 32 
25 27 
19 
8 
5 11 17 
18 
2 
3 
15 
16 
23 
6 9 28 
9 3 
==============================

====== Algorithm Status ======
Valor:                1435
Time:                 503
nIter:                123
Best Iter:            123
Improvement Count:    122
==============================
Solution tour: 
0 33 30 34 8 
4 29 
11 
10 
14 31 35 
13 
24 23 8 
20 
21 32 
25 27 
19 
8 
5 11 17 
18 
2 
3 
15 
16 
23 
6 9 28 
9 3 
==============================

====== Algorithm Status ======
Valor:                1435
Time:                 1000
nIter:                246
Best Iter:            246
Improvement Count:    245
==============================
Solution tour: 
0 33 30 34 8 
4 29 
11 
10 
14 31 35 
13 
24 23 8 
20 
21 32 
25 27 
19 
8 
5 11 17 
18 
2 
3 
15 
16 
23 
6 9 28 
9 3 
==============================

====== Algorithm Status ======
Valor:                1435
Time:                 2001
nIter:                515
Best Iter:            515
Improvement Count:    514
==============================
Solution tour: 
0 33 30 34 8 
4 29 
11 
10 
14 31 35 
13 
24 23 8 
20 
21 32 
25 27 
19 
8 
5 11 17 
18 
2 
3 
15 
16 
23 
6 9 28 
9 3 
==============================

====== Algorithm Status ======
Valor:                1435
Time:                 4000
nIter:                1041
Best Iter:            1041
Improvement Count:    1040
==============================
Solution tour: 
0 33 30 34 8 
4 29 
11 
10 
14 31 35 
13 
24 23 8 
20 
21 32 
25 27 
19 
8 
5 11 17 
18 
2 
3 
15 
16 
23 
6 9 28 
9 3 
==============================

====== Algorithm Status ======
Valor:                1441
Time:                 8000
nIter:                2130
Best Iter:            2130
Improvement Count:    2129
==============================
Solution tour: 
0 33 30 34 8 
4 29 
11 
10 
14 31 35 
13 
24 23 8 
20 
21 32 15 
25 27 
19 
8 
5 11 17 
18 2 
3 
15 
16 
23 24 
6 9 28 
9 3 
==============================

====== Algorithm Status ======
Valor:                1533
Time:                 16001
nIter:                4174
Best Iter:            4174
Improvement Count:    4173
==============================
Solution tour: 
0 33 26 
12 10 
4 3 9 28 
9 
10 34 30 31 
14 31 35 
13 
24 23 8 
20 
21 32 15 
25 27 
19 
8 32 
5 11 17 
18 2 
3 
1 0 
2 
7 
==============================

====== Algorithm Status ======
Valor:                1533
Time:                 32002
nIter:                8301
Best Iter:            8301
Improvement Count:    8300
==============================
Solution tour: 
0 33 26 
12 10 
4 3 9 28 
9 
10 34 30 31 
14 31 35 
13 
24 23 8 
20 
21 32 15 
25 27 
19 
8 32 
5 11 17 
18 2 
3 
1 0 
2 
7 
==============================

====== Algorithm Status ======
Valor:                1533
Time:                 64004
nIter:                16563
Best Iter:            16563
Improvement Count:    16562
==============================
Solution tour: 
0 33 26 
12 10 
4 3 9 28 
9 
10 34 30 31 
14 31 35 
13 
24 23 8 
20 
21 32 15 
25 27 
19 
8 32 
5 11 17 
18 2 
3 
1 0 
2 
7 
==============================

====== Algorithm Status ======
Valor:                1533
Time:                 128000
nIter:                34102
Best Iter:            34102
Improvement Count:    34101
==============================
Solution tour: 
0 33 26 
12 10 
4 3 9 28 
9 
10 34 30 31 
14 31 35 
13 
24 23 8 
20 
21 32 15 
25 27 
19 
8 32 
5 11 17 
18 2 
3 
1 0 
2 
7 
==============================

====== Algorithm Status ======
Valor:                1533
Time:                 256000
nIter:                69497
Best Iter:            69497
Improvement Count:    69496
==============================
Solution tour: 
0 33 26 
12 10 
4 3 9 28 
9 
10 34 30 31 
14 31 35 
13 
24 23 8 
20 
21 32 15 
25 27 
19 
8 32 
5 11 17 
18 2 
3 
1 0 
2 
7 
==============================

====== Algorithm Status ======
Valor:                1533
Time:                 512000
nIter:                139134
Best Iter:            139134
Improvement Count:    139133
==============================
Solution tour: 
0 33 26 
12 10 
4 3 9 28 
9 
10 34 30 31 
14 31 35 
13 
24 23 8 
20 
21 32 15 
25 27 
19 
8 32 
5 11 17 
18 2 
3 
1 0 
2 
7 
==============================

====== Algorithm Status ======
Valor:                1580
Time:                 1024002
nIter:                280638
Best Iter:            280638
Improvement Count:    280639
==============================
Solution tour: 
0 33 27 26 34 30 
7 
4 3 9 28 9 
3 
1 0 
2 18 26 
9 
10 
14 31 35 
13 35 32 15 
16 
24 23 8 
20 
21 8 
23 13 
12 29 10 
22 34 33 
==============================

====== Algorithm Status ======
Valor:                1580
Time:                 1024002
nIter:                280638
Best Iter:            280638
Improvement Count:    280639
==============================
Solution tour: 
0 33 27 26 34 30 
7 
4 3 9 28 9 
3 
1 0 
2 18 26 
9 
10 
14 31 35 
13 35 32 15 
16 
24 23 8 
20 
21 8 
23 13 
12 29 10 
22 34 33 
==============================

