=========== Input ===========
File name:                ./instances/realistic-instances/25-10-1110588.cdop
Total node count:         36
Truck node count:         25
Drone node count:         10
=============================

========== Settings ==========
Settings file:        ./settings/Memetic_MPX_1099666.config
Seed:                 1099666
Reduction method:     -
Max iter:             1024000
Population size:      13
Crossover:            MA-MPX
Local Search:         LS
Warm Start:           Mario_WS
==============================

====== Algorithm Status ======
Valor:                1542
Time:                 250
nIter:                82
Best Iter:            82
Improvement Count:    81
==============================
Solution tour: 
0 34 27 32 27 26 28 
1 
4 
17 
7 
11 
13 
23 
18 30 
21 
20 25 24 
16 2 7 
2 6 35 
6 
15 29 22 17 
22 
14 20 
25 33 
24 
10 
5 31 
19 
12 
3 
8 
==============================

====== Algorithm Status ======
Valor:                1542
Time:                 500
nIter:                180
Best Iter:            180
Improvement Count:    179
==============================
Solution tour: 
0 34 27 32 27 26 28 
1 
4 
17 
7 
11 
13 
23 
18 30 
21 
20 25 24 
16 2 7 
2 6 35 
6 
15 29 22 17 
22 
14 20 
25 33 
24 
10 
5 31 
19 
12 
3 
8 
==============================

====== Algorithm Status ======
Valor:                1562
Time:                 1000
nIter:                365
Best Iter:            365
Improvement Count:    364
==============================
Solution tour: 
0 26 32 27 28 
1 28 33 
18 
21 30 
20 34 24 
16 
4 
3 31 19 6 35 
6 
15 34 29 22 17 
22 
14 20 
25 
24 
10 
5 
19 
12 
17 
7 
11 
13 
23 3 
==============================

====== Algorithm Status ======
Valor:                1562
Time:                 2000
nIter:                707
Best Iter:            707
Improvement Count:    706
==============================
Solution tour: 
0 26 32 27 28 
1 28 33 
18 
21 30 
20 34 24 
16 
4 
3 31 19 6 35 
6 
15 34 29 22 17 
22 
14 20 
25 
24 
10 
5 
19 
12 
17 
7 
11 
13 
23 3 
==============================

====== Algorithm Status ======
Valor:                1562
Time:                 4001
nIter:                1457
Best Iter:            1457
Improvement Count:    1456
==============================
Solution tour: 
0 26 32 27 28 
1 28 33 
18 
21 30 
20 34 24 
16 
4 
3 31 19 6 35 
6 
15 34 29 22 17 
22 
14 20 
25 
24 
10 
5 
19 
12 
17 
7 
11 
13 
23 3 
==============================

====== Algorithm Status ======
Valor:                1602
Time:                 8002
nIter:                2969
Best Iter:            2969
Improvement Count:    2968
==============================
Solution tour: 
0 
12 
17 27 32 35 32 27 26 34 29 
25 24 35 
6 35 27 
3 
23 
18 
7 35 7 
2 3 
19 31 
5 4 
13 28 
1 28 
11 13 33 
10 
24 34 30 34 
8 
==============================

====== Algorithm Status ======
Valor:                1602
Time:                 16001
nIter:                5953
Best Iter:            5953
Improvement Count:    5952
==============================
Solution tour: 
0 
12 
17 27 32 35 32 27 26 34 29 
25 24 35 
6 35 27 
3 
23 
18 
7 35 7 
2 3 
19 31 
5 4 
13 28 
1 28 
11 13 33 
10 
24 34 30 34 
8 
==============================

====== Algorithm Status ======
Valor:                1602
Time:                 32004
nIter:                11980
Best Iter:            11980
Improvement Count:    11979
==============================
Solution tour: 
0 
12 
17 27 32 35 32 27 26 34 29 
25 24 35 
6 35 27 
3 
23 
18 
7 35 7 
2 3 
19 31 
5 4 
13 28 
1 28 
11 13 33 
10 
24 34 30 34 
8 
==============================

====== Algorithm Status ======
Valor:                1602
Time:                 64000
nIter:                23496
Best Iter:            23496
Improvement Count:    23495
==============================
Solution tour: 
0 
12 
17 27 32 35 32 27 26 34 29 
25 24 35 
6 35 27 
3 
23 
18 
7 35 7 
2 3 
19 31 
5 4 
13 28 
1 28 
11 13 33 
10 
24 34 30 34 
8 
==============================

====== Algorithm Status ======
Valor:                1602
Time:                 128000
nIter:                44167
Best Iter:            44167
Improvement Count:    44166
==============================
Solution tour: 
0 
12 
17 27 32 35 32 27 26 34 29 
25 24 35 
6 35 27 
3 
23 
18 
7 35 7 
2 3 
19 31 
5 4 
13 28 
1 28 
11 13 33 
10 
24 34 30 34 
8 
==============================

====== Algorithm Status ======
Valor:                1652
Time:                 256001
nIter:                86225
Best Iter:            86225
Improvement Count:    86224
==============================
Solution tour: 
0 
3 
23 
18 
21 
24 
15 34 28 
1 5 17 
22 
9 22 
17 32 27 29 33 27 33 
13 33 
11 
25 20 
14 20 30 
20 
10 28 26 27 32 35 
6 35 
4 
5 
7 
12 
==============================

====== Algorithm Status ======
Valor:                1756
Time:                 512004
nIter:                170960
Best Iter:            170960
Improvement Count:    170959
==============================
Solution tour: 
0 
12 
3 
2 7 35 32 27 26 34 
15 29 
22 
9 22 
17 35 
24 
10 27 28 
1 28 27 
5 35 
6 35 
4 
13 33 
11 
25 20 
14 
20 30 
==============================

====== Algorithm Status ======
Valor:                1756
Time:                 1024002
nIter:                345054
Best Iter:            345054
Improvement Count:    345055
==============================
Solution tour: 
0 
12 
3 
2 7 35 32 27 26 34 
15 29 
22 
9 22 
17 35 
24 
10 27 28 
1 28 27 
5 35 
6 35 
4 
13 33 
11 
25 20 
14 
20 30 
==============================

====== Algorithm Status ======
Valor:                1756
Time:                 1024002
nIter:                345054
Best Iter:            345054
Improvement Count:    345055
==============================
Solution tour: 
0 
12 
3 
2 7 35 32 27 26 34 
15 29 
22 
9 22 
17 35 
24 
10 27 28 
1 28 27 
5 35 
6 35 
4 
13 33 
11 
25 20 
14 
20 30 
==============================

