=========== Input ===========
File name:                ./instances/realistic-instances/20-25-1762875.cdop
Total node count:         46
Truck node count:         20
Drone node count:         25
=============================

========== Settings ==========
Settings file:        ./settings/Memetic-LS_MPX_1881515.config
Seed:                 1881515
Reduction method:     -
Max iter:             1024000
Population size:      13
Crossover:            MA-MPX
Local Search:         -
Warm Start:           Mario_WS
==============================

====== Algorithm Status ======
Valor:                2044
Time:                 252
nIter:                195
Best Iter:            195
Improvement Count:    194
==============================
Solution tour: 
0 
1 
19 22 23 
17 30 29 44 26 41 26 44 40 33 
16 
15 42 34 37 21 32 36 16 
13 
18 
10 
5 
7 
14 
12 
8 
4 
9 25 38 35 
11 0 45 24 
6 
3 
2 
==============================

====== Algorithm Status ======
Valor:                2044
Time:                 501
nIter:                405
Best Iter:            405
Improvement Count:    404
==============================
Solution tour: 
0 
1 
19 22 23 
17 30 29 44 26 41 26 44 40 33 
16 
15 42 34 37 21 32 36 16 
13 
18 
10 
5 
7 
14 
12 
8 
4 
9 25 38 35 
11 0 45 24 
6 
3 
2 
==============================

====== Algorithm Status ======
Valor:                2044
Time:                 1000
nIter:                836
Best Iter:            836
Improvement Count:    835
==============================
Solution tour: 
0 
1 
19 22 23 
17 30 29 44 26 41 26 44 40 33 
16 
15 42 34 37 21 32 36 16 
13 
18 
10 
5 
7 
14 
12 
8 
4 
9 25 38 35 
11 0 45 24 
6 
3 
2 
==============================

====== Algorithm Status ======
Valor:                2044
Time:                 2002
nIter:                1680
Best Iter:            1680
Improvement Count:    1679
==============================
Solution tour: 
0 
1 
19 22 23 
17 30 29 44 26 41 26 44 40 33 
16 
15 42 34 37 21 32 36 16 
13 
18 
10 
5 
7 
14 
12 
8 
4 
9 25 38 35 
11 0 45 24 
6 
3 
2 
==============================

====== Algorithm Status ======
Valor:                2044
Time:                 4000
nIter:                3430
Best Iter:            3430
Improvement Count:    3429
==============================
Solution tour: 
0 
1 
19 22 23 
17 30 29 44 26 41 26 44 40 33 
16 
15 42 34 37 21 32 36 16 
13 
18 
10 
5 
7 
14 
12 
8 
4 
9 25 38 35 
11 0 45 24 
6 
3 
2 
==============================

====== Algorithm Status ======
Valor:                2044
Time:                 8000
nIter:                6870
Best Iter:            6870
Improvement Count:    6869
==============================
Solution tour: 
0 
1 
19 22 23 
17 30 29 44 26 41 26 44 40 33 
16 
15 42 34 37 21 32 36 16 
13 
18 
10 
5 
7 
14 
12 
8 
4 
9 25 38 35 
11 0 45 24 
6 
3 
2 
==============================

====== Algorithm Status ======
Valor:                2044
Time:                 16000
nIter:                13870
Best Iter:            13870
Improvement Count:    13869
==============================
Solution tour: 
0 
1 
19 22 23 
17 30 29 44 26 41 26 44 40 33 
16 
15 42 34 37 21 32 36 16 
13 
18 
10 
5 
7 
14 
12 
8 
4 
9 25 38 35 
11 0 45 24 
6 
3 
2 
==============================

====== Algorithm Status ======
Valor:                2046
Time:                 32000
nIter:                27704
Best Iter:            27704
Improvement Count:    27703
==============================
Solution tour: 
0 
2 
3 
12 
8 
4 
9 25 38 35 
11 0 45 24 
17 30 29 44 26 41 26 44 40 33 
16 
15 42 34 37 21 32 36 16 
13 
10 
5 
7 
14 
19 22 23 
20 
1 
==============================

====== Algorithm Status ======
Valor:                2046
Time:                 64000
nIter:                55316
Best Iter:            55316
Improvement Count:    55315
==============================
Solution tour: 
0 
2 
3 
12 
8 
4 
9 25 38 35 
11 0 45 24 
17 30 29 44 26 41 26 44 40 33 
16 
15 42 34 37 21 32 36 16 
13 
10 
5 
7 
14 
19 22 23 
20 
1 
==============================

====== Algorithm Status ======
Valor:                2046
Time:                 128003
nIter:                105311
Best Iter:            105311
Improvement Count:    105310
==============================
Solution tour: 
0 
2 
3 
12 
8 
4 
9 25 38 35 
11 0 45 24 
17 30 29 44 26 41 26 44 40 33 
16 
15 42 34 37 21 32 36 16 
13 
10 
5 
7 
14 
19 22 23 
20 
1 
==============================

====== Algorithm Status ======
Valor:                2170
Time:                 256003
nIter:                212157
Best Iter:            212157
Improvement Count:    212156
==============================
Solution tour: 
0 
11 0 45 42 
17 30 29 44 26 41 26 44 40 33 
16 
15 36 21 32 37 
12 
7 
8 
14 
18 
19 22 23 
20 
10 
5 
4 
9 25 38 35 
13 
6 
3 
1 
2 
==============================

====== Algorithm Status ======
Valor:                2186
Time:                 512000
nIter:                435188
Best Iter:            435188
Improvement Count:    435187
==============================
Solution tour: 
0 
11 
6 45 42 
17 30 29 44 26 41 26 44 40 33 
16 
15 31 21 32 37 
12 
7 
8 
14 
18 
19 22 23 
20 
10 
5 
4 
9 25 38 36 35 
13 
3 
1 
2 
==============================

====== Algorithm Status ======
Valor:                2255
Time:                 1024001
nIter:                869043
Best Iter:            869043
Improvement Count:    869044
==============================
Solution tour: 
0 
11 
6 24 45 42 
17 30 29 44 26 41 26 44 40 33 
16 
15 31 21 32 37 43 
12 
7 
8 
14 
18 
19 22 23 
20 
10 
5 
4 
9 25 38 36 35 
13 
3 
1 
2 
==============================

====== Algorithm Status ======
Valor:                2255
Time:                 1024001
nIter:                869043
Best Iter:            869043
Improvement Count:    869044
==============================
Solution tour: 
0 
11 
6 24 45 42 
17 30 29 44 26 41 26 44 40 33 
16 
15 31 21 32 37 43 
12 
7 
8 
14 
18 
19 22 23 
20 
10 
5 
4 
9 25 38 36 35 
13 
3 
1 
2 
==============================

