=========== Input ===========
File name:                ./instances/realistic-instances/20-25-1110588.cdop
Total node count:         46
Truck node count:         20
Drone node count:         25
=============================

========== Settings ==========
Settings file:        ./settings/Memetic_MMX_1099666.config
Seed:                 1099666
Reduction method:     -
Max iter:             1024000
Population size:      13
Crossover:            MA-MMX
Local Search:         LS
Warm Start:           Mario_WS
==============================

====== Algorithm Status ======
Valor:                2118
Time:                 253
nIter:                37
Best Iter:            37
Improvement Count:    36
==============================
Solution tour: 
0 36 4 36 30 41 1 41 7 45 35 10 43 
10 23 21 24 31 16 31 37 6 16 25 19 32 39 32 44 
5 34 26 14 27 38 6 34 14 29 39 40 28 33 39 30 12 42 
==============================

====== Algorithm Status ======
Valor:                2193
Time:                 502
nIter:                79
Best Iter:            79
Improvement Count:    78
==============================
Solution tour: 
0 3 32 39 30 36 41 1 41 7 45 35 10 43 
10 23 21 23 40 24 31 16 6 37 6 16 25 16 44 43 
5 34 14 27 38 14 31 14 29 33 12 42 
==============================

====== Algorithm Status ======
Valor:                2205
Time:                 1000
nIter:                156
Best Iter:            156
Improvement Count:    155
==============================
Solution tour: 
0 3 32 39 30 36 41 1 41 7 45 13 35 10 43 
10 23 21 23 40 24 31 16 6 37 6 16 25 16 44 43 26 38 
5 34 14 27 14 31 14 29 28 33 12 42 
==============================

====== Algorithm Status ======
Valor:                2222
Time:                 2014
nIter:                285
Best Iter:            285
Improvement Count:    284
==============================
Solution tour: 
0 3 32 39 30 36 33 28 41 1 41 7 41 45 13 35 10 43 
10 23 21 23 40 44 22 24 31 16 6 37 6 16 25 16 
5 34 14 27 38 16 31 14 29 12 42 
==============================

====== Algorithm Status ======
Valor:                2222
Time:                 4002
nIter:                563
Best Iter:            563
Improvement Count:    562
==============================
Solution tour: 
0 3 32 39 30 36 33 28 41 1 41 7 41 45 13 35 10 43 
10 23 21 23 40 44 22 24 31 16 6 37 6 16 25 16 
5 34 14 27 38 16 31 14 29 12 42 
==============================

====== Algorithm Status ======
Valor:                2258
Time:                 8004
nIter:                1131
Best Iter:            1131
Improvement Count:    1130
==============================
Solution tour: 
0 3 32 39 30 36 41 1 41 7 41 45 35 13 35 10 43 
10 23 21 23 33 28 40 44 22 26 27 38 6 37 6 16 25 16 31 24 31 16 
5 34 14 29 12 42 
==============================

====== Algorithm Status ======
Valor:                2274
Time:                 16003
nIter:                2233
Best Iter:            2233
Improvement Count:    2232
==============================
Solution tour: 
0 3 32 39 30 36 41 1 41 7 41 45 35 10 43 
10 23 21 23 40 28 33 9 37 6 38 27 16 25 16 31 24 31 16 44 43 
5 34 14 29 12 42 
==============================

====== Algorithm Status ======
Valor:                2295
Time:                 32004
nIter:                4510
Best Iter:            4510
Improvement Count:    4509
==============================
Solution tour: 
0 1 41 45 7 41 39 32 39 30 36 4 36 41 7 35 10 43 
10 23 21 23 40 28 33 9 37 6 38 27 26 44 16 25 16 31 24 31 16 
5 34 14 29 12 42 
==============================

====== Algorithm Status ======
Valor:                2297
Time:                 64001
nIter:                9047
Best Iter:            9047
Improvement Count:    9046
==============================
Solution tour: 
0 1 41 7 41 39 32 39 30 36 4 36 45 13 35 10 43 
10 23 21 23 40 28 33 9 37 6 38 27 26 22 44 16 25 16 31 24 31 16 
5 34 14 29 12 42 
==============================

====== Algorithm Status ======
Valor:                2297
Time:                 128002
nIter:                18855
Best Iter:            18855
Improvement Count:    18854
==============================
Solution tour: 
0 1 41 7 41 39 32 39 30 36 4 36 45 13 35 10 43 
10 23 21 23 40 28 33 9 37 6 38 27 26 22 44 16 25 16 31 24 31 16 
5 34 14 29 12 42 
==============================

====== Algorithm Status ======
Valor:                2297
Time:                 256002
nIter:                39764
Best Iter:            39764
Improvement Count:    39763
==============================
Solution tour: 
0 1 41 7 41 39 32 39 30 36 4 36 45 13 35 10 43 
10 23 21 23 40 28 33 9 37 6 38 27 26 22 44 16 25 16 31 24 31 16 
5 34 14 29 12 42 
==============================

====== Algorithm Status ======
Valor:                2297
Time:                 512001
nIter:                78868
Best Iter:            78868
Improvement Count:    78867
==============================
Solution tour: 
0 1 41 7 41 39 32 39 30 36 4 36 45 13 35 10 43 
10 23 21 23 40 28 33 9 37 6 38 27 26 22 44 16 25 16 31 24 31 16 
5 34 14 29 12 42 
==============================

====== Algorithm Status ======
Valor:                2297
Time:                 1024001
nIter:                157094
Best Iter:            157094
Improvement Count:    157095
==============================
Solution tour: 
0 1 41 7 41 39 32 39 30 36 4 36 45 13 35 10 43 
10 23 21 23 40 28 33 9 37 6 38 27 26 22 44 16 25 16 31 24 31 16 
5 34 14 29 12 42 
==============================

====== Algorithm Status ======
Valor:                2297
Time:                 1024001
nIter:                157094
Best Iter:            157094
Improvement Count:    157095
==============================
Solution tour: 
0 1 41 7 41 39 32 39 30 36 4 36 45 13 35 10 43 
10 23 21 23 40 28 33 9 37 6 38 27 26 22 44 16 25 16 31 24 31 16 
5 34 14 29 12 42 
==============================

