=========== Input ===========
File name:                ./instances/realistic-instances/25-10-1891798.cdop
Total node count:         36
Truck node count:         25
Drone node count:         10
=============================

========== Settings ==========
Settings file:        ./settings/Memetic_MMX_1287823.config
Seed:                 1287823
Reduction method:     -
Max iter:             1024000
Population size:      13
Crossover:            MA-MMX
Local Search:         LS
Warm Start:           Mario_WS
==============================

====== Algorithm Status ======
Valor:                1843
Time:                 252
nIter:                104
Best Iter:            104
Improvement Count:    103
==============================
Solution tour: 
0 33 10 33 27 30 26 34 22 14 31 35 32 18 17 11 
5 11 17 18 
2 3 9 28 9 3 0 16 
==============================

====== Algorithm Status ======
Valor:                1866
Time:                 501
nIter:                202
Best Iter:            202
Improvement Count:    201
==============================
Solution tour: 
0 33 27 34 30 31 14 31 19 32 35 18 17 11 
5 11 17 18 
2 3 9 28 9 3 0 16 
==============================

====== Algorithm Status ======
Valor:                1869
Time:                 1001
nIter:                404
Best Iter:            404
Improvement Count:    403
==============================
Solution tour: 
0 33 27 26 34 22 34 30 31 14 31 32 35 18 17 29 11 
5 11 17 18 
2 3 9 28 9 3 0 16 
==============================

====== Algorithm Status ======
Valor:                1869
Time:                 2002
nIter:                751
Best Iter:            751
Improvement Count:    750
==============================
Solution tour: 
0 33 27 26 34 22 34 30 31 14 31 32 35 18 17 29 11 
5 11 17 18 
2 3 9 28 9 3 0 16 
==============================

====== Algorithm Status ======
Valor:                1869
Time:                 4001
nIter:                1457
Best Iter:            1457
Improvement Count:    1456
==============================
Solution tour: 
0 33 27 26 34 22 34 30 31 14 31 32 35 18 17 29 11 
5 11 17 18 
2 3 9 28 9 3 0 16 
==============================

====== Algorithm Status ======
Valor:                1869
Time:                 8001
nIter:                2985
Best Iter:            2985
Improvement Count:    2984
==============================
Solution tour: 
0 33 27 26 34 22 34 30 31 14 31 32 35 18 17 29 11 
5 11 17 18 
2 3 9 28 9 3 0 16 
==============================

====== Algorithm Status ======
Valor:                1869
Time:                 16001
nIter:                5908
Best Iter:            5908
Improvement Count:    5907
==============================
Solution tour: 
0 33 27 26 34 22 34 30 31 14 31 32 35 18 17 29 11 
5 11 17 18 
2 3 9 28 9 3 0 16 
==============================

====== Algorithm Status ======
Valor:                1869
Time:                 32003
nIter:                11538
Best Iter:            11538
Improvement Count:    11537
==============================
Solution tour: 
0 33 27 26 34 22 34 30 31 14 31 32 35 18 17 29 11 
5 11 17 18 
2 3 9 28 9 3 0 16 
==============================

====== Algorithm Status ======
Valor:                1890
Time:                 64001
nIter:                22132
Best Iter:            22132
Improvement Count:    22131
==============================
Solution tour: 
0 33 27 26 22 34 30 31 14 31 32 19 32 35 18 17 18 
2 3 9 28 20 8 
23 8 20 28 9 3 0 16 
==============================

====== Algorithm Status ======
Valor:                1890
Time:                 128000
nIter:                43694
Best Iter:            43694
Improvement Count:    43693
==============================
Solution tour: 
0 33 27 26 22 34 30 31 14 31 32 19 32 35 18 17 18 
2 3 9 28 20 8 
23 8 20 28 9 3 0 16 
==============================

====== Algorithm Status ======
Valor:                1900
Time:                 256000
nIter:                85910
Best Iter:            85910
Improvement Count:    85909
==============================
Solution tour: 
0 33 27 26 34 22 34 30 31 14 31 35 32 19 32 18 17 18 
2 3 9 28 20 8 
23 8 20 28 9 3 1 
17 11 17 29 10 33 
==============================

====== Algorithm Status ======
Valor:                1900
Time:                 512003
nIter:                165572
Best Iter:            165572
Improvement Count:    165571
==============================
Solution tour: 
0 33 27 26 34 22 34 30 31 14 31 35 32 19 32 18 17 18 
2 3 9 28 20 8 
23 8 20 28 9 3 1 
17 11 17 29 10 33 
==============================

====== Algorithm Status ======
Valor:                1900
Time:                 1024001
nIter:                326247
Best Iter:            326247
Improvement Count:    326248
==============================
Solution tour: 
0 33 27 26 34 22 34 30 31 14 31 35 32 19 32 18 17 18 
2 3 9 28 20 8 
23 8 20 28 9 3 1 
17 11 17 29 10 33 
==============================

====== Algorithm Status ======
Valor:                1900
Time:                 1024001
nIter:                326247
Best Iter:            326247
Improvement Count:    326248
==============================
Solution tour: 
0 33 27 26 34 22 34 30 31 14 31 35 32 19 32 18 17 18 
2 3 9 28 20 8 
23 8 20 28 9 3 1 
17 11 17 29 10 33 
==============================

