=========== Input ===========
File name:                ./instances/realistic-instances/25-25-1762875.cdop
Total node count:         51
Truck node count:         25
Drone node count:         25
=============================

========== Settings ==========
Settings file:        ./settings/Memetic-LS_MPX_1099666.config
Seed:                 1099666
Reduction method:     -
Max iter:             1024000
Population size:      13
Crossover:            MA-MPX
Local Search:         -
Warm Start:           Mario_WS
==============================

====== Algorithm Status ======
Valor:                2280
Time:                 250
nIter:                191
Best Iter:            191
Improvement Count:    190
==============================
Solution tour: 
0 
1 
4 50 36 26 40 
23 46 33 35 30 31 48 44 
22 
17 
11 34 
8 
3 
7 
20 
21 
19 38 
16 28 
5 
10 
18 32 27 49 47 37 
9 
6 
14 41 
15 
12 24 45 
24 
13 
2 
==============================

====== Algorithm Status ======
Valor:                2280
Time:                 501
nIter:                390
Best Iter:            390
Improvement Count:    389
==============================
Solution tour: 
0 
1 
4 50 36 26 40 
23 46 33 35 30 31 48 44 
22 
17 
11 34 
8 
3 
7 
20 
21 
19 38 
16 28 
5 
10 
18 32 27 49 47 37 
9 
6 
14 41 
15 
12 24 45 
24 
13 
2 
==============================

====== Algorithm Status ======
Valor:                2280
Time:                 1002
nIter:                810
Best Iter:            810
Improvement Count:    809
==============================
Solution tour: 
0 
1 
4 50 36 26 40 
23 46 33 35 30 31 48 44 
22 
17 
11 34 
8 
3 
7 
20 
21 
19 38 
16 28 
5 
10 
18 32 27 49 47 37 
9 
6 
14 41 
15 
12 24 45 
24 
13 
2 
==============================

====== Algorithm Status ======
Valor:                2280
Time:                 2000
nIter:                1647
Best Iter:            1647
Improvement Count:    1646
==============================
Solution tour: 
0 
1 
4 50 36 26 40 
23 46 33 35 30 31 48 44 
22 
17 
11 34 
8 
3 
7 
20 
21 
19 38 
16 28 
5 
10 
18 32 27 49 47 37 
9 
6 
14 41 
15 
12 24 45 
24 
13 
2 
==============================

====== Algorithm Status ======
Valor:                2280
Time:                 4000
nIter:                3313
Best Iter:            3313
Improvement Count:    3312
==============================
Solution tour: 
0 
1 
4 50 36 26 40 
23 46 33 35 30 31 48 44 
22 
17 
11 34 
8 
3 
7 
20 
21 
19 38 
16 28 
5 
10 
18 32 27 49 47 37 
9 
6 
14 41 
15 
12 24 45 
24 
13 
2 
==============================

====== Algorithm Status ======
Valor:                2280
Time:                 8000
nIter:                6630
Best Iter:            6630
Improvement Count:    6629
==============================
Solution tour: 
0 
1 
4 50 36 26 40 
23 46 33 35 30 31 48 44 
22 
17 
11 34 
8 
3 
7 
20 
21 
19 38 
16 28 
5 
10 
18 32 27 49 47 37 
9 
6 
14 41 
15 
12 24 45 
24 
13 
2 
==============================

====== Algorithm Status ======
Valor:                2280
Time:                 16000
nIter:                13314
Best Iter:            13314
Improvement Count:    13313
==============================
Solution tour: 
0 
1 
4 50 36 26 40 
23 46 33 35 30 31 48 44 
22 
17 
11 34 
8 
3 
7 
20 
21 
19 38 
16 28 
5 
10 
18 32 27 49 47 37 
9 
6 
14 41 
15 
12 24 45 
24 
13 
2 
==============================

====== Algorithm Status ======
Valor:                2280
Time:                 32000
nIter:                26842
Best Iter:            26842
Improvement Count:    26841
==============================
Solution tour: 
0 
1 
4 50 36 26 40 
23 46 33 35 30 31 48 44 
22 
17 
11 34 
8 
3 
7 
20 
21 
19 38 
16 28 
5 
10 
18 32 27 49 47 37 
9 
6 
14 41 
15 
12 24 45 
24 
13 
2 
==============================

====== Algorithm Status ======
Valor:                2280
Time:                 64000
nIter:                52460
Best Iter:            52460
Improvement Count:    52459
==============================
Solution tour: 
0 
1 
4 50 36 26 40 
23 46 33 35 30 31 48 44 
22 
17 
11 34 
8 
3 
7 
20 
21 
19 38 
16 28 
5 
10 
18 32 27 49 47 37 
9 
6 
14 41 
15 
12 24 45 
24 
13 
2 
==============================

====== Algorithm Status ======
Valor:                2280
Time:                 128000
nIter:                98776
Best Iter:            98776
Improvement Count:    98775
==============================
Solution tour: 
0 
1 
4 50 36 26 40 
23 46 33 35 30 31 48 44 
22 
17 
11 34 
8 
3 
7 
20 
21 
19 38 
16 28 
5 
10 
18 32 27 49 47 37 
9 
6 
14 41 
15 
12 24 45 
24 
13 
2 
==============================

====== Algorithm Status ======
Valor:                2280
Time:                 256005
nIter:                196365
Best Iter:            196365
Improvement Count:    196364
==============================
Solution tour: 
0 
1 
4 50 36 26 40 
23 46 33 35 30 31 48 44 
22 
17 
11 34 
8 
3 
7 
20 
21 
19 38 
16 28 
5 
10 
18 32 27 49 47 37 
9 
6 
14 41 
15 
12 24 45 
24 
13 
2 
==============================

====== Algorithm Status ======
Valor:                2280
Time:                 512000
nIter:                389175
Best Iter:            389175
Improvement Count:    389174
==============================
Solution tour: 
0 
1 
4 50 36 26 40 
23 46 33 35 30 31 48 44 
22 
17 
11 34 
8 
3 
7 
20 
21 
19 38 
16 28 
5 
10 
18 32 27 49 47 37 
9 
6 
14 41 
15 
12 24 45 
24 
13 
2 
==============================

====== Algorithm Status ======
Valor:                2280
Time:                 1024001
nIter:                775376
Best Iter:            775376
Improvement Count:    775377
==============================
Solution tour: 
0 
1 
4 50 36 26 40 
23 46 33 35 30 31 48 44 
22 
17 
11 34 
8 
3 
7 
20 
21 
19 38 
16 28 
5 
10 
18 32 27 49 47 37 
9 
6 
14 41 
15 
12 24 45 
24 
13 
2 
==============================

====== Algorithm Status ======
Valor:                2280
Time:                 1024001
nIter:                775376
Best Iter:            775376
Improvement Count:    775377
==============================
Solution tour: 
0 
1 
4 50 36 26 40 
23 46 33 35 30 31 48 44 
22 
17 
11 34 
8 
3 
7 
20 
21 
19 38 
16 28 
5 
10 
18 32 27 49 47 37 
9 
6 
14 41 
15 
12 24 45 
24 
13 
2 
==============================

