=========== Input ===========
File name:                ./instances/realistic-instances/25-25-1762875.cdop
Total node count:         51
Truck node count:         25
Drone node count:         25
=============================

========== Settings ==========
Settings file:        ./settings/Memetic-LS_MMX_1287823.config
Seed:                 1287823
Reduction method:     -
Max iter:             1024000
Population size:      13
Crossover:            MA-MMX
Local Search:         -
Warm Start:           Mario_WS
==============================

====== Algorithm Status ======
Valor:                2306
Time:                 250
nIter:                246
Best Iter:            246
Improvement Count:    245
==============================
Solution tour: 
0 
1 
4 50 36 26 40 
23 46 33 35 30 31 48 44 
22 
17 
11 34 
8 
3 
7 
20 
21 
19 38 
16 28 27 49 47 37 
9 
6 
14 41 
15 
12 24 45 
24 
13 
2 
==============================

====== Algorithm Status ======
Valor:                2420
Time:                 500
nIter:                500
Best Iter:            500
Improvement Count:    499
==============================
Solution tour: 
0 
1 
4 50 36 26 40 
23 46 33 35 30 31 48 44 
22 34 
8 
3 
7 
21 
19 31 38 
16 28 27 49 47 37 
9 
6 
14 41 
15 
12 24 45 
24 
13 
2 
==============================

====== Algorithm Status ======
Valor:                2420
Time:                 1000
nIter:                1025
Best Iter:            1025
Improvement Count:    1024
==============================
Solution tour: 
0 
1 
4 50 36 26 40 
23 46 33 35 30 31 48 44 
22 34 
8 
3 
7 
21 
19 31 38 
16 28 27 49 47 37 
9 
6 
14 41 
15 
12 24 45 
24 
13 
2 
==============================

====== Algorithm Status ======
Valor:                2420
Time:                 2004
nIter:                2111
Best Iter:            2111
Improvement Count:    2110
==============================
Solution tour: 
0 
1 
4 50 36 26 40 
23 46 33 35 30 31 48 44 
22 34 
8 
3 
7 
21 
19 31 38 
16 28 27 49 47 37 
9 
6 
14 41 
15 
12 24 45 
24 
13 
2 
==============================

====== Algorithm Status ======
Valor:                2420
Time:                 4000
nIter:                4150
Best Iter:            4150
Improvement Count:    4149
==============================
Solution tour: 
0 
1 
4 50 36 26 40 
23 46 33 35 30 31 48 44 
22 34 
8 
3 
7 
21 
19 31 38 
16 28 27 49 47 37 
9 
6 
14 41 
15 
12 24 45 
24 
13 
2 
==============================

====== Algorithm Status ======
Valor:                2420
Time:                 8004
nIter:                8306
Best Iter:            8306
Improvement Count:    8305
==============================
Solution tour: 
0 
1 
4 50 36 26 40 
23 46 33 35 30 31 48 44 
22 34 
8 
3 
7 
21 
19 31 38 
16 28 27 49 47 37 
9 
6 
14 41 
15 
12 24 45 
24 
13 
2 
==============================

====== Algorithm Status ======
Valor:                2420
Time:                 16000
nIter:                16606
Best Iter:            16606
Improvement Count:    16605
==============================
Solution tour: 
0 
1 
4 50 36 26 40 
23 46 33 35 30 31 48 44 
22 34 
8 
3 
7 
21 
19 31 38 
16 28 27 49 47 37 
9 
6 
14 41 
15 
12 24 45 
24 
13 
2 
==============================

====== Algorithm Status ======
Valor:                2489
Time:                 32000
nIter:                33378
Best Iter:            33378
Improvement Count:    33377
==============================
Solution tour: 
0 
1 
4 50 36 26 40 
23 46 33 35 30 31 48 31 
19 31 38 
16 28 27 49 47 37 
9 
6 
14 41 
15 
12 24 45 44 45 
24 
25 
==============================

====== Algorithm Status ======
Valor:                2489
Time:                 64000
nIter:                65842
Best Iter:            65842
Improvement Count:    65841
==============================
Solution tour: 
0 
1 
4 50 36 26 40 
23 46 33 35 30 31 48 31 
19 31 38 
16 28 27 49 47 37 
9 
6 
14 41 
15 
12 24 45 44 45 
24 
25 
==============================

====== Algorithm Status ======
Valor:                2507
Time:                 128000
nIter:                126236
Best Iter:            126236
Improvement Count:    126235
==============================
Solution tour: 
0 
1 
4 50 36 26 40 
23 46 33 30 35 30 48 31 
19 31 38 
16 28 27 49 47 37 
9 
6 
14 41 
15 
12 24 45 
24 34 
==============================

====== Algorithm Status ======
Valor:                2551
Time:                 256000
nIter:                258344
Best Iter:            258344
Improvement Count:    258343
==============================
Solution tour: 
0 
1 32 50 36 26 40 
23 46 33 43 30 35 48 31 
19 31 38 
16 28 27 49 47 37 
9 
6 
14 41 
15 
12 24 45 
24 34 
==============================

====== Algorithm Status ======
Valor:                2575
Time:                 512000
nIter:                520130
Best Iter:            520130
Improvement Count:    520129
==============================
Solution tour: 
0 32 50 36 26 40 
23 46 33 39 30 35 48 43 31 
19 31 38 
16 28 27 49 47 37 
9 37 41 
15 
12 24 45 
24 34 
==============================

====== Algorithm Status ======
Valor:                2628
Time:                 1024003
nIter:                1039981
Best Iter:            1039981
Improvement Count:    1039982
==============================
Solution tour: 
0 32 35 36 33 23 40 
23 46 26 39 43 50 38 30 48 31 
19 31 28 27 49 47 37 47 41 
15 
12 24 45 
24 34 
==============================

====== Algorithm Status ======
Valor:                2628
Time:                 1024003
nIter:                1039981
Best Iter:            1039981
Improvement Count:    1039982
==============================
Solution tour: 
0 32 35 36 33 23 40 
23 46 26 39 43 50 38 30 48 31 
19 31 28 27 49 47 37 47 41 
15 
12 24 45 
24 34 
==============================

