=========== Input ===========
File name:                ./instances/realistic-instances/20-10-1767920.cdop
Total node count:         31
Truck node count:         20
Drone node count:         10
=============================

========== Settings ==========
Settings file:        ./settings/Memetic_MPX_1287823.config
Seed:                 1287823
Reduction method:     -
Max iter:             1024000
Population size:      13
Crossover:            MA-MPX
Local Search:         LS
Warm Start:           Mario_WS
==============================

====== Algorithm Status ======
Valor:                1762
Time:                 251
nIter:                103
Best Iter:            103
Improvement Count:    102
==============================
Solution tour: 
0 5 
10 
5 
18 21 
8 21 27 24 22 
16 
7 16 
14 
11 
12 0 29 30 29 17 28 
17 29 6 9 
6 
2 
4 18 26 
9 
1 
15 1 
13 1 
20 
19 25 
==============================

====== Algorithm Status ======
Valor:                1774
Time:                 501
nIter:                214
Best Iter:            214
Improvement Count:    213
==============================
Solution tour: 
0 
1 18 
10 
15 1 
13 1 
18 26 21 
8 21 
20 
19 25 23 
16 
7 16 
14 
11 
3 0 
12 0 29 30 29 17 24 27 28 
17 29 22 6 9 
6 
2 
4 18 26 
9 
==============================

====== Algorithm Status ======
Valor:                1788
Time:                 1000
nIter:                409
Best Iter:            409
Improvement Count:    408
==============================
Solution tour: 
0 
1 18 
10 
15 1 
13 1 
4 18 26 
18 26 21 
8 21 
9 
20 
19 25 23 
16 
7 16 
14 
11 
3 0 
5 
12 0 29 30 29 17 24 27 28 
17 29 22 16 6 9 
6 
2 
==============================

====== Algorithm Status ======
Valor:                1795
Time:                 2000
nIter:                790
Best Iter:            790
Improvement Count:    789
==============================
Solution tour: 
0 
12 0 29 30 29 17 24 27 17 28 
17 29 22 16 6 9 
6 
1 18 
10 
15 1 
13 1 
4 
18 26 21 
8 21 
9 
20 
19 25 23 
16 
7 16 
14 
11 
3 0 
5 
==============================

====== Algorithm Status ======
Valor:                1797
Time:                 4000
nIter:                1587
Best Iter:            1587
Improvement Count:    1586
==============================
Solution tour: 
0 
12 0 29 30 29 17 24 27 28 
17 29 22 16 6 9 6 
5 
6 
1 18 
10 
15 12 1 
13 1 
4 
18 26 21 
8 21 
9 
20 
19 25 23 
16 
7 16 
14 
11 
2 
==============================

====== Algorithm Status ======
Valor:                1797
Time:                 8000
nIter:                3158
Best Iter:            3158
Improvement Count:    3157
==============================
Solution tour: 
0 
12 0 29 30 29 17 24 27 28 
17 29 22 16 6 9 6 
5 
6 
1 18 
10 
15 12 1 
13 1 
4 
18 26 21 
8 21 
9 
20 
19 25 23 
16 
7 16 
14 
11 
2 
==============================

====== Algorithm Status ======
Valor:                1797
Time:                 16004
nIter:                6181
Best Iter:            6181
Improvement Count:    6180
==============================
Solution tour: 
0 
12 0 29 30 29 17 24 27 28 
17 29 22 16 6 9 6 
5 
6 
1 18 
10 
15 12 1 
13 1 
4 
18 26 21 
8 21 
9 
20 
19 25 23 
16 
7 16 
14 
11 
2 
==============================

====== Algorithm Status ======
Valor:                1829
Time:                 32000
nIter:                12199
Best Iter:            12199
Improvement Count:    12198
==============================
Solution tour: 
0 
12 0 29 30 29 17 24 27 17 28 
17 29 22 16 6 9 6 
5 
6 
2 
1 18 
10 
15 12 1 
13 1 
4 
18 26 21 
8 21 
9 
20 
19 25 23 
16 
7 16 29 
==============================

====== Algorithm Status ======
Valor:                1829
Time:                 64000
nIter:                24156
Best Iter:            24156
Improvement Count:    24155
==============================
Solution tour: 
0 
12 0 29 30 29 17 24 27 17 28 
17 29 22 16 6 9 6 
5 
6 
2 
1 18 
10 
15 12 1 
13 1 
4 
18 26 21 
8 21 
9 
20 
19 25 23 
16 
7 16 29 
==============================

====== Algorithm Status ======
Valor:                1829
Time:                 128003
nIter:                49260
Best Iter:            49260
Improvement Count:    49259
==============================
Solution tour: 
0 
12 0 29 30 29 17 24 27 17 28 
17 29 22 16 6 9 6 
5 
6 
2 
1 18 
10 
15 12 1 
13 1 
4 
18 26 21 
8 21 
9 
20 
19 25 23 
16 
7 16 29 
==============================

====== Algorithm Status ======
Valor:                1829
Time:                 256003
nIter:                103215
Best Iter:            103215
Improvement Count:    103214
==============================
Solution tour: 
0 
12 0 29 30 29 17 24 27 17 28 
17 29 22 16 6 9 6 
5 
6 
2 
1 18 
10 
15 12 1 
13 1 
4 
18 26 21 
8 21 
9 
20 
19 25 23 
16 
7 16 29 
==============================

====== Algorithm Status ======
Valor:                1829
Time:                 512000
nIter:                205899
Best Iter:            205899
Improvement Count:    205898
==============================
Solution tour: 
0 
12 0 29 30 29 17 24 27 17 28 
17 29 22 16 6 9 6 
5 
6 
2 
1 18 
10 
15 12 1 
13 1 
4 
18 26 21 
8 21 
9 
20 
19 25 23 
16 
7 16 29 
==============================

====== Algorithm Status ======
Valor:                1829
Time:                 1024003
nIter:                411642
Best Iter:            411642
Improvement Count:    411643
==============================
Solution tour: 
0 
12 0 29 30 29 17 24 27 17 28 
17 29 22 16 6 9 6 
5 
6 
2 
1 18 
10 
15 12 1 
13 1 
4 
18 26 21 
8 21 
9 
20 
19 25 23 
16 
7 16 29 
==============================

====== Algorithm Status ======
Valor:                1829
Time:                 1024003
nIter:                411642
Best Iter:            411642
Improvement Count:    411643
==============================
Solution tour: 
0 
12 0 29 30 29 17 24 27 17 28 
17 29 22 16 6 9 6 
5 
6 
2 
1 18 
10 
15 12 1 
13 1 
4 
18 26 21 
8 21 
9 
20 
19 25 23 
16 
7 16 29 
==============================

