=========== Input ===========
File name:                ./instances/realistic-instances/20-25-1917698.cdop
Total node count:         46
Truck node count:         20
Drone node count:         25
=============================

========== Settings ==========
Settings file:        ./settings/Memetic-LS_MMX_1287823.config
Seed:                 1287823
Reduction method:     -
Max iter:             1024000
Population size:      13
Crossover:            MA-MMX
Local Search:         -
Warm Start:           Mario_WS
==============================

====== Algorithm Status ======
Valor:                2267
Time:                 252
nIter:                225
Best Iter:            225
Improvement Count:    224
==============================
Solution tour: 
0 
4 
1 
16 
13 
18 
6 
3 
2 19 12 
5 29 38 45 
7 
8 
9 
12 19 28 21 24 44 31 23 
15 41 42 
19 2 30 22 27 
17 37 33 14 43 
14 26 
10 
11 
==============================

====== Algorithm Status ======
Valor:                2267
Time:                 502
nIter:                465
Best Iter:            465
Improvement Count:    464
==============================
Solution tour: 
0 
4 
1 
16 
13 
18 
6 
3 
2 19 12 
5 29 38 45 
7 
8 
9 
12 19 28 21 24 44 31 23 
15 41 42 
19 2 30 22 27 
17 37 33 14 43 
14 26 
10 
11 
==============================

====== Algorithm Status ======
Valor:                2267
Time:                 1000
nIter:                953
Best Iter:            953
Improvement Count:    952
==============================
Solution tour: 
0 
4 
1 
16 
13 
18 
6 
3 
2 19 12 
5 29 38 45 
7 
8 
9 
12 19 28 21 24 44 31 23 
15 41 42 
19 2 30 22 27 
17 37 33 14 43 
14 26 
10 
11 
==============================

====== Algorithm Status ======
Valor:                2294
Time:                 2000
nIter:                1946
Best Iter:            1946
Improvement Count:    1945
==============================
Solution tour: 
0 
2 19 12 
5 29 38 45 
7 
8 
9 
12 19 28 44 21 24 31 44 27 23 
15 41 42 
19 2 30 22 27 
17 37 33 14 43 
14 26 
10 
11 
==============================

====== Algorithm Status ======
Valor:                2294
Time:                 4000
nIter:                3970
Best Iter:            3970
Improvement Count:    3969
==============================
Solution tour: 
0 
2 19 12 
5 29 38 45 
7 
8 
9 
12 19 28 44 21 24 31 44 27 23 
15 41 42 
19 2 30 22 27 
17 37 33 14 43 
14 26 
10 
11 
==============================

====== Algorithm Status ======
Valor:                2294
Time:                 8000
nIter:                7939
Best Iter:            7939
Improvement Count:    7938
==============================
Solution tour: 
0 
2 19 12 
5 29 38 45 
7 
8 
9 
12 19 28 44 21 24 31 44 27 23 
15 41 42 
19 2 30 22 27 
17 37 33 14 43 
14 26 
10 
11 
==============================

====== Algorithm Status ======
Valor:                2298
Time:                 16000
nIter:                16240
Best Iter:            16240
Improvement Count:    16239
==============================
Solution tour: 
0 
2 19 12 
5 29 38 45 
7 
8 
9 
12 19 28 44 21 24 31 44 27 23 41 42 
19 2 30 22 27 
17 14 43 
14 26 37 
==============================

====== Algorithm Status ======
Valor:                2316
Time:                 32000
nIter:                34122
Best Iter:            34122
Improvement Count:    34121
==============================
Solution tour: 
0 
2 19 12 
5 29 45 
7 28 44 21 24 31 23 27 44 27 41 27 41 42 
19 2 30 22 27 
17 14 43 
14 26 14 37 
==============================

====== Algorithm Status ======
Valor:                2364
Time:                 64000
nIter:                72132
Best Iter:            72132
Improvement Count:    72131
==============================
Solution tour: 
0 
2 19 12 19 29 45 
7 28 21 36 24 23 35 44 27 41 27 42 
19 2 30 22 27 
17 14 43 
14 26 31 37 
==============================

====== Algorithm Status ======
Valor:                2436
Time:                 128000
nIter:                150168
Best Iter:            150168
Improvement Count:    150167
==============================
Solution tour: 
0 
2 19 12 19 23 29 45 
7 28 39 24 44 21 35 23 41 42 
19 2 30 22 27 
17 14 43 
14 26 38 31 37 
==============================

====== Algorithm Status ======
Valor:                2436
Time:                 256002
nIter:                292082
Best Iter:            292082
Improvement Count:    292081
==============================
Solution tour: 
0 
2 19 12 19 23 29 45 
7 28 39 24 44 21 35 23 41 42 
19 2 30 22 27 
17 14 43 
14 26 38 31 37 
==============================

====== Algorithm Status ======
Valor:                2473
Time:                 512000
nIter:                588408
Best Iter:            588408
Improvement Count:    588407
==============================
Solution tour: 
0 
2 19 12 19 23 29 45 
7 28 39 24 44 21 35 23 41 42 
19 2 30 22 27 
17 33 14 43 
14 26 38 31 37 
==============================

====== Algorithm Status ======
Valor:                2486
Time:                 1024002
nIter:                1161821
Best Iter:            1161821
Improvement Count:    1161822
==============================
Solution tour: 
0 
2 19 12 19 23 29 45 
7 28 39 24 36 44 21 35 23 41 42 
19 2 30 22 27 
17 33 14 43 
14 26 38 31 37 
==============================

====== Algorithm Status ======
Valor:                2486
Time:                 1024002
nIter:                1161821
Best Iter:            1161821
Improvement Count:    1161822
==============================
Solution tour: 
0 
2 19 12 19 23 29 45 
7 28 39 24 36 44 21 35 23 41 42 
19 2 30 22 27 
17 33 14 43 
14 26 38 31 37 
==============================

