=========== Input ===========
File name:                ./instances/realistic-instances/25-10-1110588.cdop
Total node count:         36
Truck node count:         25
Drone node count:         10
=============================

========== Settings ==========
Settings file:        ./settings/Memetic_MMX_1099666.config
Seed:                 1099666
Reduction method:     -
Max iter:             1024000
Population size:      13
Crossover:            MA-MMX
Local Search:         LS
Warm Start:           Mario_WS
==============================

====== Algorithm Status ======
Valor:                2049
Time:                 252
nIter:                91
Best Iter:            91
Improvement Count:    90
==============================
Solution tour: 
0 28 1 28 31 28 29 33 13 
4 13 33 26 34 26 27 32 35 6 35 17 
22 17 7 2 7 31 8 0 12 
==============================

====== Algorithm Status ======
Valor:                2054
Time:                 501
nIter:                169
Best Iter:            169
Improvement Count:    168
==============================
Solution tour: 
0 1 28 30 20 29 33 13 
4 13 33 26 34 26 27 35 32 35 6 35 17 
22 17 7 2 7 8 31 8 0 12 
==============================

====== Algorithm Status ======
Valor:                2054
Time:                 1002
nIter:                340
Best Iter:            340
Improvement Count:    339
==============================
Solution tour: 
0 1 28 30 20 29 33 13 
4 13 33 26 34 26 27 35 32 35 6 35 17 
22 17 7 2 7 8 31 8 0 12 
==============================

====== Algorithm Status ======
Valor:                2085
Time:                 2000
nIter:                694
Best Iter:            694
Improvement Count:    693
==============================
Solution tour: 
0 12 31 28 1 28 26 34 29 34 26 33 13 
4 13 33 32 27 35 32 35 6 35 17 
22 17 7 2 7 8 31 12 
==============================

====== Algorithm Status ======
Valor:                2100
Time:                 4000
nIter:                1404
Best Iter:            1404
Improvement Count:    1403
==============================
Solution tour: 
0 12 31 8 31 28 1 28 26 34 30 34 29 33 13 
4 13 33 27 35 32 35 6 35 17 
22 17 3 23 3 12 
==============================

====== Algorithm Status ======
Valor:                2100
Time:                 8000
nIter:                2837
Best Iter:            2837
Improvement Count:    2836
==============================
Solution tour: 
0 12 31 8 31 28 1 28 26 34 30 34 29 33 13 
4 13 33 27 35 32 35 6 35 17 
22 17 3 23 3 12 
==============================

====== Algorithm Status ======
Valor:                2100
Time:                 16002
nIter:                5730
Best Iter:            5730
Improvement Count:    5729
==============================
Solution tour: 
0 12 31 8 31 28 1 28 26 34 30 34 29 33 13 
4 13 33 27 35 32 35 6 35 17 
22 17 3 23 3 12 
==============================

====== Algorithm Status ======
Valor:                2100
Time:                 32001
nIter:                11544
Best Iter:            11544
Improvement Count:    11543
==============================
Solution tour: 
0 12 31 8 31 28 1 28 26 34 30 34 29 33 13 
4 13 33 27 35 32 35 6 35 17 
22 17 3 23 3 12 
==============================

====== Algorithm Status ======
Valor:                2100
Time:                 64001
nIter:                23462
Best Iter:            23462
Improvement Count:    23461
==============================
Solution tour: 
0 12 31 8 31 28 1 28 26 34 30 34 29 33 13 
4 13 33 27 35 32 35 6 35 17 
22 17 3 23 3 12 
==============================

====== Algorithm Status ======
Valor:                2126
Time:                 128001
nIter:                44578
Best Iter:            44578
Improvement Count:    44577
==============================
Solution tour: 
0 12 31 8 31 28 1 28 26 34 29 34 30 34 26 33 13 
4 13 33 27 35 32 35 6 35 17 22 9 
22 17 23 3 12 
==============================

====== Algorithm Status ======
Valor:                2126
Time:                 256002
nIter:                83450
Best Iter:            83450
Improvement Count:    83449
==============================
Solution tour: 
0 12 31 8 31 28 1 28 26 34 29 34 30 34 26 33 13 
4 13 33 27 35 32 35 6 35 17 22 9 
22 17 23 3 12 
==============================

====== Algorithm Status ======
Valor:                2126
Time:                 512001
nIter:                165120
Best Iter:            165120
Improvement Count:    165119
==============================
Solution tour: 
0 12 31 8 31 28 1 28 26 34 29 34 30 34 26 33 13 
4 13 33 27 35 32 35 6 35 17 22 9 
22 17 23 3 12 
==============================

====== Algorithm Status ======
Valor:                2126
Time:                 1024003
nIter:                328859
Best Iter:            328859
Improvement Count:    328860
==============================
Solution tour: 
0 12 31 8 31 28 1 28 26 34 29 34 30 34 26 33 13 
4 13 33 27 35 32 35 6 35 17 22 9 
22 17 23 3 12 
==============================

====== Algorithm Status ======
Valor:                2126
Time:                 1024003
nIter:                328859
Best Iter:            328859
Improvement Count:    328860
==============================
Solution tour: 
0 12 31 8 31 28 1 28 26 34 29 34 30 34 26 33 13 
4 13 33 27 35 32 35 6 35 17 22 9 
22 17 23 3 12 
==============================

