=========== Input ===========
File name:                ./instances/realistic-instances/20-10-1110588.cdop
Total node count:         31
Truck node count:         20
Drone node count:         10
=============================

========== Settings ==========
Settings file:        ./settings/Memetic-LS_MPX_1287823.config
Seed:                 1287823
Reduction method:     -
Max iter:             1024000
Population size:      13
Crossover:            MA-MPX
Local Search:         -
Warm Start:           Mario_WS
==============================

====== Algorithm Status ======
Valor:                1423
Time:                 250
nIter:                414
Best Iter:            414
Improvement Count:    413
==============================
Solution tour: 
0 
12 3 24 
11 25 
9 29 22 
1 22 18 22 28 
5 23 26 
3 
10 
15 
7 
16 30 
4 
17 
19 22 
13 
14 
2 
8 
6 
18 
==============================

====== Algorithm Status ======
Valor:                1423
Time:                 500
nIter:                806
Best Iter:            806
Improvement Count:    805
==============================
Solution tour: 
0 
12 3 24 
11 25 
9 29 22 
1 22 18 22 28 
5 23 26 
3 
10 
15 
7 
16 30 
4 
17 
19 22 
13 
14 
2 
8 
6 
18 
==============================

====== Algorithm Status ======
Valor:                1480
Time:                 1000
nIter:                1658
Best Iter:            1658
Improvement Count:    1657
==============================
Solution tour: 
0 
12 3 24 
11 25 
9 29 22 
1 22 18 22 28 
5 23 26 
20 
3 
10 
15 
7 
16 30 
4 
17 
19 22 
13 
6 
14 
2 
8 
==============================

====== Algorithm Status ======
Valor:                1480
Time:                 2000
nIter:                3334
Best Iter:            3334
Improvement Count:    3333
==============================
Solution tour: 
0 
12 3 24 
11 25 
9 29 22 
1 22 18 22 28 
5 23 26 
20 
3 
10 
15 
7 
16 30 
4 
17 
19 22 
13 
6 
14 
2 
8 
==============================

====== Algorithm Status ======
Valor:                1480
Time:                 4000
nIter:                6816
Best Iter:            6816
Improvement Count:    6815
==============================
Solution tour: 
0 
12 3 24 
11 25 
9 29 22 
1 22 18 22 28 
5 23 26 
20 
3 
10 
15 
7 
16 30 
4 
17 
19 22 
13 
6 
14 
2 
8 
==============================

====== Algorithm Status ======
Valor:                1480
Time:                 8000
nIter:                13978
Best Iter:            13978
Improvement Count:    13977
==============================
Solution tour: 
0 
12 3 24 
11 25 
9 29 22 
1 22 18 22 28 
5 23 26 
20 
3 
10 
15 
7 
16 30 
4 
17 
19 22 
13 
6 
14 
2 
8 
==============================

====== Algorithm Status ======
Valor:                1480
Time:                 16000
nIter:                28753
Best Iter:            28753
Improvement Count:    28752
==============================
Solution tour: 
0 
12 3 24 
11 25 
9 29 22 
1 22 18 22 28 
5 23 26 
20 
3 
10 
15 
7 
16 30 
4 
17 
19 22 
13 
6 
14 
2 
8 
==============================

====== Algorithm Status ======
Valor:                1480
Time:                 32000
nIter:                57709
Best Iter:            57709
Improvement Count:    57708
==============================
Solution tour: 
0 
12 3 24 
11 25 
9 29 22 
1 22 18 22 28 
5 23 26 
20 
3 
10 
15 
7 
16 30 
4 
17 
19 22 
13 
6 
14 
2 
8 
==============================

====== Algorithm Status ======
Valor:                1480
Time:                 64000
nIter:                117125
Best Iter:            117125
Improvement Count:    117124
==============================
Solution tour: 
0 
12 3 24 
11 25 
9 29 22 
1 22 18 22 28 
5 23 26 
20 
3 
10 
15 
7 
16 30 
4 
17 
19 22 
13 
6 
14 
2 
8 
==============================

====== Algorithm Status ======
Valor:                1480
Time:                 128000
nIter:                227099
Best Iter:            227099
Improvement Count:    227098
==============================
Solution tour: 
0 
12 3 24 
11 25 
9 29 22 
1 22 18 22 28 
5 23 26 
20 
3 
10 
15 
7 
16 30 
4 
17 
19 22 
13 
6 
14 
2 
8 
==============================

====== Algorithm Status ======
Valor:                1555
Time:                 256000
nIter:                431242
Best Iter:            431242
Improvement Count:    431241
==============================
Solution tour: 
0 
14 
8 
2 
15 
20 
7 18 23 
5 
3 26 
10 
12 3 24 
11 25 
18 
1 22 18 22 28 
16 30 
4 
17 
19 27 
9 29 22 
13 
6 
==============================

====== Algorithm Status ======
Valor:                1696
Time:                 512000
nIter:                868671
Best Iter:            868671
Improvement Count:    868670
==============================
Solution tour: 
0 
12 3 24 
3 
5 26 
11 25 
18 
1 22 18 22 28 
14 
8 
2 
15 21 
9 
19 29 24 
16 30 
4 
17 
13 
6 
10 
20 
7 23 
==============================

====== Algorithm Status ======
Valor:                1719
Time:                 1024001
nIter:                1727849
Best Iter:            1727849
Improvement Count:    1727850
==============================
Solution tour: 
0 
12 3 24 
3 26 
5 
11 25 
18 
1 22 18 22 28 
14 
8 
2 
15 21 26 
9 
19 29 24 
16 30 
4 
17 
13 
6 
10 
20 
7 23 
==============================

====== Algorithm Status ======
Valor:                1719
Time:                 1024001
nIter:                1727849
Best Iter:            1727849
Improvement Count:    1727850
==============================
Solution tour: 
0 
12 3 24 
3 26 
5 
11 25 
18 
1 22 18 22 28 
14 
8 
2 
15 21 26 
9 
19 29 24 
16 30 
4 
17 
13 
6 
10 
20 
7 23 
==============================

