=========== Input ===========
File name:                ./instances/realistic-instances/20-25-1762875.cdop
Total node count:         46
Truck node count:         20
Drone node count:         25
=============================

========== Settings ==========
Settings file:        ./settings/Memetic-LS_MPX_1287823.config
Seed:                 1287823
Reduction method:     -
Max iter:             1024000
Population size:      13
Crossover:            MA-MPX
Local Search:         -
Warm Start:           Mario_WS
==============================

====== Algorithm Status ======
Valor:                2044
Time:                 250
nIter:                180
Best Iter:            180
Improvement Count:    179
==============================
Solution tour: 
0 
1 
19 22 23 
17 30 29 44 26 41 26 44 40 33 
16 
15 42 34 37 21 32 36 16 
13 
18 
10 
5 
7 
14 
12 
8 
4 
9 25 38 35 
11 0 45 24 
6 
3 
2 
==============================

====== Algorithm Status ======
Valor:                2044
Time:                 504
nIter:                405
Best Iter:            405
Improvement Count:    404
==============================
Solution tour: 
0 
1 
19 22 23 
17 30 29 44 26 41 26 44 40 33 
16 
15 42 34 37 21 32 36 16 
13 
18 
10 
5 
7 
14 
12 
8 
4 
9 25 38 35 
11 0 45 24 
6 
3 
2 
==============================

====== Algorithm Status ======
Valor:                2044
Time:                 1000
nIter:                815
Best Iter:            815
Improvement Count:    814
==============================
Solution tour: 
0 
1 
19 22 23 
17 30 29 44 26 41 26 44 40 33 
16 
15 42 34 37 21 32 36 16 
13 
18 
10 
5 
7 
14 
12 
8 
4 
9 25 38 35 
11 0 45 24 
6 
3 
2 
==============================

====== Algorithm Status ======
Valor:                2044
Time:                 2000
nIter:                1632
Best Iter:            1632
Improvement Count:    1631
==============================
Solution tour: 
0 
1 
19 22 23 
17 30 29 44 26 41 26 44 40 33 
16 
15 42 34 37 21 32 36 16 
13 
18 
10 
5 
7 
14 
12 
8 
4 
9 25 38 35 
11 0 45 24 
6 
3 
2 
==============================

====== Algorithm Status ======
Valor:                2044
Time:                 4000
nIter:                3330
Best Iter:            3330
Improvement Count:    3329
==============================
Solution tour: 
0 
1 
19 22 23 
17 30 29 44 26 41 26 44 40 33 
16 
15 42 34 37 21 32 36 16 
13 
18 
10 
5 
7 
14 
12 
8 
4 
9 25 38 35 
11 0 45 24 
6 
3 
2 
==============================

====== Algorithm Status ======
Valor:                2044
Time:                 8000
nIter:                6794
Best Iter:            6794
Improvement Count:    6793
==============================
Solution tour: 
0 
1 
19 22 23 
17 30 29 44 26 41 26 44 40 33 
16 
15 42 34 37 21 32 36 16 
13 
18 
10 
5 
7 
14 
12 
8 
4 
9 25 38 35 
11 0 45 24 
6 
3 
2 
==============================

====== Algorithm Status ======
Valor:                2044
Time:                 16000
nIter:                13675
Best Iter:            13675
Improvement Count:    13674
==============================
Solution tour: 
0 
1 
19 22 23 
17 30 29 44 26 41 26 44 40 33 
16 
15 42 34 37 21 32 36 16 
13 
18 
10 
5 
7 
14 
12 
8 
4 
9 25 38 35 
11 0 45 24 
6 
3 
2 
==============================

====== Algorithm Status ======
Valor:                2144
Time:                 32000
nIter:                27613
Best Iter:            27613
Improvement Count:    27612
==============================
Solution tour: 
0 
11 0 45 24 
6 
1 
9 25 38 35 
19 22 23 
20 
17 30 29 44 26 41 26 44 40 33 
16 
15 42 34 37 21 32 36 16 
13 
18 
10 
8 
5 
7 
14 
4 
3 
2 
==============================

====== Algorithm Status ======
Valor:                2176
Time:                 64000
nIter:                56044
Best Iter:            56044
Improvement Count:    56043
==============================
Solution tour: 
0 
11 0 45 24 
6 
1 
9 25 38 35 
19 22 23 
20 
17 30 29 44 26 41 26 44 40 33 
16 
15 42 34 37 21 32 36 16 
13 
18 
10 
14 
7 
12 
5 
8 
4 
==============================

====== Algorithm Status ======
Valor:                2176
Time:                 128000
nIter:                107471
Best Iter:            107471
Improvement Count:    107470
==============================
Solution tour: 
0 
11 0 45 24 
6 
1 
9 25 38 35 
19 22 23 
20 
17 30 29 44 26 41 26 44 40 33 
16 
15 42 34 37 21 32 36 16 
13 
18 
10 
14 
7 
12 
5 
8 
4 
==============================

====== Algorithm Status ======
Valor:                2176
Time:                 256000
nIter:                211804
Best Iter:            211804
Improvement Count:    211803
==============================
Solution tour: 
0 
11 0 45 24 
6 
1 
9 25 38 35 
19 22 23 
20 
17 30 29 44 26 41 26 44 40 33 
16 
15 42 34 37 21 32 36 16 
13 
18 
10 
14 
7 
12 
5 
8 
4 
==============================

====== Algorithm Status ======
Valor:                2176
Time:                 512000
nIter:                419501
Best Iter:            419501
Improvement Count:    419500
==============================
Solution tour: 
0 
11 0 45 24 
6 
1 
9 25 38 35 
19 22 23 
20 
17 30 29 44 26 41 26 44 40 33 
16 
15 42 34 37 21 32 36 16 
13 
18 
10 
14 
7 
12 
5 
8 
4 
==============================

====== Algorithm Status ======
Valor:                2176
Time:                 1024001
nIter:                835203
Best Iter:            835203
Improvement Count:    835204
==============================
Solution tour: 
0 
11 0 45 24 
6 
1 
9 25 38 35 
19 22 23 
20 
17 30 29 44 26 41 26 44 40 33 
16 
15 42 34 37 21 32 36 16 
13 
18 
10 
14 
7 
12 
5 
8 
4 
==============================

====== Algorithm Status ======
Valor:                2176
Time:                 1024001
nIter:                835203
Best Iter:            835203
Improvement Count:    835204
==============================
Solution tour: 
0 
11 0 45 24 
6 
1 
9 25 38 35 
19 22 23 
20 
17 30 29 44 26 41 26 44 40 33 
16 
15 42 34 37 21 32 36 16 
13 
18 
10 
14 
7 
12 
5 
8 
4 
==============================

