=========== Input ===========
File name:                ./instances/realistic-instances/20-25-1917698.cdop
Total node count:         46
Truck node count:         20
Drone node count:         25
=============================

========== Settings ==========
Settings file:        ./settings/Memetic_MMX_1099666.config
Seed:                 1099666
Reduction method:     -
Max iter:             1024000
Population size:      13
Crossover:            MA-MMX
Local Search:         LS
Warm Start:           Mario_WS
==============================

====== Algorithm Status ======
Valor:                2560
Time:                 252
nIter:                42
Best Iter:            42
Improvement Count:    41
==============================
Solution tour: 
0 20 33 41 23 29 38 35 21 28 32 42 32 24 36 26 31 44 27 
17 37 14 43 
14 17 27 22 30 2 19 12 
5 45 7 20 7 
==============================

====== Algorithm Status ======
Valor:                2648
Time:                 501
nIter:                88
Best Iter:            88
Improvement Count:    87
==============================
Solution tour: 
0 20 41 23 29 38 43 14 43 35 21 28 32 42 32 24 36 39 31 26 44 27 
17 33 37 14 12 32 22 30 2 19 12 
5 7 45 7 20 7 
==============================

====== Algorithm Status ======
Valor:                2648
Time:                 1002
nIter:                163
Best Iter:            163
Improvement Count:    162
==============================
Solution tour: 
0 20 41 23 29 38 43 14 43 35 21 28 32 42 32 24 36 39 31 26 44 27 
17 33 37 14 12 32 22 30 2 19 12 
5 7 45 7 20 7 
==============================

====== Algorithm Status ======
Valor:                2648
Time:                 2012
nIter:                303
Best Iter:            303
Improvement Count:    302
==============================
Solution tour: 
0 20 41 23 29 38 43 14 43 35 21 28 32 42 32 24 36 39 31 26 44 27 
17 33 37 14 12 32 22 30 2 19 12 
5 7 45 7 20 7 
==============================

====== Algorithm Status ======
Valor:                2648
Time:                 4006
nIter:                592
Best Iter:            592
Improvement Count:    591
==============================
Solution tour: 
0 20 41 23 29 38 43 14 43 35 21 28 32 42 32 24 36 39 31 26 44 27 
17 33 37 14 12 32 22 30 2 19 12 
5 7 45 7 20 7 
==============================

====== Algorithm Status ======
Valor:                2651
Time:                 8001
nIter:                1200
Best Iter:            1200
Improvement Count:    1199
==============================
Solution tour: 
0 20 41 27 23 29 38 43 14 43 35 21 28 32 42 32 24 36 39 26 31 44 27 
17 37 33 12 32 22 30 2 19 12 
5 7 45 7 20 7 
==============================

====== Algorithm Status ======
Valor:                2651
Time:                 16008
nIter:                2388
Best Iter:            2388
Improvement Count:    2387
==============================
Solution tour: 
0 20 41 27 23 29 38 43 14 43 35 21 28 32 42 32 24 36 39 26 31 44 27 
17 37 33 12 32 22 30 2 19 12 
5 7 45 7 20 7 
==============================

====== Algorithm Status ======
Valor:                2666
Time:                 32000
nIter:                4875
Best Iter:            4875
Improvement Count:    4874
==============================
Solution tour: 
0 20 41 27 23 29 26 31 38 43 14 43 35 21 28 32 42 32 24 39 36 44 27 
17 33 37 12 32 22 30 2 19 12 
5 7 45 7 20 7 
==============================

====== Algorithm Status ======
Valor:                2666
Time:                 64000
nIter:                10192
Best Iter:            10192
Improvement Count:    10191
==============================
Solution tour: 
0 20 41 27 23 29 26 31 38 43 14 43 35 21 28 32 42 32 24 39 36 44 27 
17 33 37 12 32 22 30 2 19 12 
5 7 45 7 20 7 
==============================

====== Algorithm Status ======
Valor:                2666
Time:                 128001
nIter:                21006
Best Iter:            21006
Improvement Count:    21005
==============================
Solution tour: 
0 20 41 27 23 29 26 31 38 43 14 43 35 21 28 32 42 32 24 39 36 44 27 
17 33 37 12 32 22 30 2 19 12 
5 7 45 7 20 7 
==============================

====== Algorithm Status ======
Valor:                2666
Time:                 256002
nIter:                40262
Best Iter:            40262
Improvement Count:    40261
==============================
Solution tour: 
0 20 41 27 23 29 26 31 38 43 14 43 35 21 28 32 42 32 24 39 36 44 27 
17 33 37 12 32 22 30 2 19 12 
5 7 45 7 20 7 
==============================

====== Algorithm Status ======
Valor:                2666
Time:                 512002
nIter:                80973
Best Iter:            80973
Improvement Count:    80972
==============================
Solution tour: 
0 20 41 27 23 29 26 31 38 43 14 43 35 21 28 32 42 32 24 39 36 44 27 
17 33 37 12 32 22 30 2 19 12 
5 7 45 7 20 7 
==============================

====== Algorithm Status ======
Valor:                2724
Time:                 1024008
nIter:                160514
Best Iter:            160514
Improvement Count:    160515
==============================
Solution tour: 
0 7 45 39 29 23 29 26 31 38 43 35 21 28 22 32 42 32 24 40 24 36 44 27 
17 37 33 41 33 12 32 12 19 2 30 2 
7 20 7 
==============================

====== Algorithm Status ======
Valor:                2724
Time:                 1024008
nIter:                160514
Best Iter:            160514
Improvement Count:    160515
==============================
Solution tour: 
0 7 45 39 29 23 29 26 31 38 43 35 21 28 22 32 42 32 24 40 24 36 44 27 
17 37 33 41 33 12 32 12 19 2 30 2 
7 20 7 
==============================

