=========== Input ===========
File name:                ./instances/realistic-instances/25-10-1891798.cdop
Total node count:         36
Truck node count:         25
Drone node count:         10
=============================

========== Settings ==========
Settings file:        ./settings/Memetic-LS_MPX_1881515.config
Seed:                 1881515
Reduction method:     -
Max iter:             1024000
Population size:      13
Crossover:            MA-MPX
Local Search:         -
Warm Start:           Mario_WS
==============================

====== Algorithm Status ======
Valor:                1306
Time:                 250
nIter:                370
Best Iter:            370
Improvement Count:    369
==============================
Solution tour: 
0 33 27 
25 
3 
4 29 
11 
10 
14 31 35 
23 
6 9 28 
9 3 
17 
12 
13 
24 30 8 
20 
21 
19 
8 32 
5 11 17 
18 
15 
16 
==============================

====== Algorithm Status ======
Valor:                1306
Time:                 500
nIter:                791
Best Iter:            791
Improvement Count:    790
==============================
Solution tour: 
0 33 27 
25 
3 
4 29 
11 
10 
14 31 35 
23 
6 9 28 
9 3 
17 
12 
13 
24 30 8 
20 
21 
19 
8 32 
5 11 17 
18 
15 
16 
==============================

====== Algorithm Status ======
Valor:                1306
Time:                 1000
nIter:                1592
Best Iter:            1592
Improvement Count:    1591
==============================
Solution tour: 
0 33 27 
25 
3 
4 29 
11 
10 
14 31 35 
23 
6 9 28 
9 3 
17 
12 
13 
24 30 8 
20 
21 
19 
8 32 
5 11 17 
18 
15 
16 
==============================

====== Algorithm Status ======
Valor:                1306
Time:                 2000
nIter:                3154
Best Iter:            3154
Improvement Count:    3153
==============================
Solution tour: 
0 33 27 
25 
3 
4 29 
11 
10 
14 31 35 
23 
6 9 28 
9 3 
17 
12 
13 
24 30 8 
20 
21 
19 
8 32 
5 11 17 
18 
15 
16 
==============================

====== Algorithm Status ======
Valor:                1306
Time:                 4000
nIter:                6448
Best Iter:            6448
Improvement Count:    6447
==============================
Solution tour: 
0 33 27 
25 
3 
4 29 
11 
10 
14 31 35 
23 
6 9 28 
9 3 
17 
12 
13 
24 30 8 
20 
21 
19 
8 32 
5 11 17 
18 
15 
16 
==============================

====== Algorithm Status ======
Valor:                1306
Time:                 8000
nIter:                12942
Best Iter:            12942
Improvement Count:    12941
==============================
Solution tour: 
0 33 27 
25 
3 
4 29 
11 
10 
14 31 35 
23 
6 9 28 
9 3 
17 
12 
13 
24 30 8 
20 
21 
19 
8 32 
5 11 17 
18 
15 
16 
==============================

====== Algorithm Status ======
Valor:                1306
Time:                 16000
nIter:                25727
Best Iter:            25727
Improvement Count:    25726
==============================
Solution tour: 
0 33 27 
25 
3 
4 29 
11 
10 
14 31 35 
23 
6 9 28 
9 3 
17 
12 
13 
24 30 8 
20 
21 
19 
8 32 
5 11 17 
18 
15 
16 
==============================

====== Algorithm Status ======
Valor:                1306
Time:                 32000
nIter:                50638
Best Iter:            50638
Improvement Count:    50637
==============================
Solution tour: 
0 33 27 
25 
3 
4 29 
11 
10 
14 31 35 
23 
6 9 28 
9 3 
17 
12 
13 
24 30 8 
20 
21 
19 
8 32 
5 11 17 
18 
15 
16 
==============================

====== Algorithm Status ======
Valor:                1306
Time:                 64000
nIter:                97591
Best Iter:            97591
Improvement Count:    97590
==============================
Solution tour: 
0 33 27 
25 
3 
4 29 
11 
10 
14 31 35 
23 
6 9 28 
9 3 
17 
12 
13 
24 30 8 
20 
21 
19 
8 32 
5 11 17 
18 
15 
16 
==============================

====== Algorithm Status ======
Valor:                1328
Time:                 128000
nIter:                193283
Best Iter:            193283
Improvement Count:    193282
==============================
Solution tour: 
0 33 27 
25 
13 
12 
3 
2 
1 
4 29 
17 
11 
7 
22 
10 
14 31 35 
24 30 8 
23 
8 
5 11 17 
18 
15 
6 9 28 
9 3 
==============================

====== Algorithm Status ======
Valor:                1328
Time:                 256000
nIter:                398568
Best Iter:            398568
Improvement Count:    398567
==============================
Solution tour: 
0 33 27 
25 
13 
12 
3 
2 
1 
4 29 
17 
11 
7 
22 
10 
14 31 35 
24 30 8 
23 
8 
5 11 17 
18 
15 
6 9 28 
9 3 
==============================

====== Algorithm Status ======
Valor:                1328
Time:                 512000
nIter:                806157
Best Iter:            806157
Improvement Count:    806156
==============================
Solution tour: 
0 33 27 
25 
13 
12 
3 
2 
1 
4 29 
17 
11 
7 
22 
10 
14 31 35 
24 30 8 
23 
8 
5 11 17 
18 
15 
6 9 28 
9 3 
==============================

====== Algorithm Status ======
Valor:                1379
Time:                 1024001
nIter:                1617620
Best Iter:            1617620
Improvement Count:    1617621
==============================
Solution tour: 
0 33 27 
25 
13 
12 
11 
17 
10 
22 
7 
3 
2 
1 
4 29 
14 31 35 
24 30 8 
23 
8 
20 32 
5 11 17 
18 
15 
16 
6 9 28 
9 3 
==============================

====== Algorithm Status ======
Valor:                1379
Time:                 1024001
nIter:                1617620
Best Iter:            1617620
Improvement Count:    1617621
==============================
Solution tour: 
0 33 27 
25 
13 
12 
11 
17 
10 
22 
7 
3 
2 
1 
4 29 
14 31 35 
24 30 8 
23 
8 
20 32 
5 11 17 
18 
15 
16 
6 9 28 
9 3 
==============================

