=========== Input ===========
File name:                ./instances/realistic-instances/20-25-1110588.cdop
Total node count:         46
Truck node count:         20
Drone node count:         25
=============================

========== Settings ==========
Settings file:        ./settings/Memetic-LS_MMX_1287823.config
Seed:                 1287823
Reduction method:     -
Max iter:             1024000
Population size:      13
Crossover:            MA-MMX
Local Search:         -
Warm Start:           Mario_WS
==============================

====== Algorithm Status ======
Valor:                1567
Time:                 255
nIter:                252
Best Iter:            252
Improvement Count:    251
==============================
Solution tour: 
0 
18 24 22 37 
1 16 27 38 
14 31 
16 
6 
5 
4 36 30 23 40 3 0 
3 
15 
9 33 
7 45 
8 29 21 
12 
11 35 28 34 
2 
==============================

====== Algorithm Status ======
Valor:                1567
Time:                 501
nIter:                537
Best Iter:            537
Improvement Count:    536
==============================
Solution tour: 
0 
18 24 22 37 
1 16 27 38 
14 31 
16 
6 
5 
4 36 30 23 40 3 0 
3 
15 
9 33 
7 45 
8 29 21 
12 
11 35 28 34 
2 
==============================

====== Algorithm Status ======
Valor:                1567
Time:                 1000
nIter:                1078
Best Iter:            1078
Improvement Count:    1077
==============================
Solution tour: 
0 
18 24 22 37 
1 16 27 38 
14 31 
16 
6 
5 
4 36 30 23 40 3 0 
3 
15 
9 33 
7 45 
8 29 21 
12 
11 35 28 34 
2 
==============================

====== Algorithm Status ======
Valor:                1597
Time:                 2001
nIter:                2143
Best Iter:            2143
Improvement Count:    2142
==============================
Solution tour: 
0 
18 23 40 24 22 
1 37 16 27 38 
14 31 
16 
6 
5 
4 36 30 40 3 0 
3 
15 
9 33 
7 45 
8 21 
12 
11 35 28 34 
2 
==============================

====== Algorithm Status ======
Valor:                1619
Time:                 4000
nIter:                4404
Best Iter:            4404
Improvement Count:    4403
==============================
Solution tour: 
0 
18 29 40 24 
1 37 16 27 38 
14 31 
16 
6 
5 
4 36 30 40 3 0 
3 
15 
9 33 
7 45 
8 21 
12 
11 35 28 34 
2 
==============================

====== Algorithm Status ======
Valor:                1654
Time:                 8000
nIter:                8880
Best Iter:            8880
Improvement Count:    8879
==============================
Solution tour: 
0 
18 29 40 24 
1 37 16 27 38 
14 31 
16 
6 
5 
4 36 30 40 3 0 
3 
15 
9 33 28 35 28 33 28 45 
8 21 
12 
11 28 34 
2 
==============================

====== Algorithm Status ======
Valor:                1831
Time:                 16001
nIter:                17647
Best Iter:            17647
Improvement Count:    17646
==============================
Solution tour: 
0 42 40 24 
1 37 6 44 16 44 27 38 
14 31 
16 
5 
4 36 41 30 40 3 0 
3 
9 33 28 35 28 45 29 
8 23 21 18 34 
2 
==============================

====== Algorithm Status ======
Valor:                1889
Time:                 32000
nIter:                35643
Best Iter:            35643
Improvement Count:    35642
==============================
Solution tour: 
0 42 24 
1 37 6 38 6 44 27 
14 31 
16 
5 
4 36 30 40 3 0 
3 
9 33 28 35 28 29 45 41 
8 21 23 21 18 34 
2 
==============================

====== Algorithm Status ======
Valor:                1893
Time:                 64000
nIter:                71023
Best Iter:            71023
Improvement Count:    71022
==============================
Solution tour: 
0 42 18 24 
1 37 6 38 6 44 27 
14 31 
16 
5 
4 36 30 40 3 0 
3 
9 33 28 35 28 29 45 41 
8 21 23 21 18 34 
2 
==============================

====== Algorithm Status ======
Valor:                1950
Time:                 128000
nIter:                147974
Best Iter:            147974
Improvement Count:    147973
==============================
Solution tour: 
0 40 24 
1 37 6 38 6 44 27 
14 31 
16 
5 
4 36 30 40 3 0 
3 
9 33 28 35 28 29 45 
7 41 23 21 23 21 18 34 18 42 
==============================

====== Algorithm Status ======
Valor:                1973
Time:                 256000
nIter:                311215
Best Iter:            311215
Improvement Count:    311214
==============================
Solution tour: 
0 40 24 
1 37 6 38 6 43 44 27 
14 31 
16 
5 
4 36 30 39 3 0 
3 
9 33 28 35 28 39 29 45 
7 41 23 21 18 34 18 42 
==============================

====== Algorithm Status ======
Valor:                2006
Time:                 512000
nIter:                612442
Best Iter:            612442
Improvement Count:    612441
==============================
Solution tour: 
0 40 24 
1 37 6 38 6 43 26 44 27 
14 31 
16 
5 
4 36 30 39 32 3 0 
3 
9 33 28 35 28 39 29 45 
7 41 23 21 18 34 18 42 
==============================

====== Algorithm Status ======
Valor:                2066
Time:                 1024001
nIter:                1202504
Best Iter:            1202504
Improvement Count:    1202505
==============================
Solution tour: 
0 
1 41 23 40 24 31 6 37 6 38 43 44 27 
14 31 
16 31 
4 36 30 39 32 3 0 
3 
9 33 28 35 28 39 29 45 
7 41 23 21 18 34 18 42 
==============================

====== Algorithm Status ======
Valor:                2066
Time:                 1024001
nIter:                1202504
Best Iter:            1202504
Improvement Count:    1202505
==============================
Solution tour: 
0 
1 41 23 40 24 31 6 37 6 38 43 44 27 
14 31 
16 31 
4 36 30 39 32 3 0 
3 
9 33 28 35 28 39 29 45 
7 41 23 21 18 34 18 42 
==============================

