=========== Input ===========
File name:                ./instances/realistic-instances/20-10-1891798.cdop
Total node count:         31
Truck node count:         20
Drone node count:         10
=============================

========== Settings ==========
Settings file:        ./settings/Memetic_MMX_1287823.config
Seed:                 1287823
Reduction method:     -
Max iter:             1024000
Population size:      13
Crossover:            MA-MMX
Local Search:         LS
Warm Start:           Mario_WS
==============================

====== Algorithm Status ======
Valor:                2148
Time:                 250
nIter:                127
Best Iter:            127
Improvement Count:    126
==============================
Solution tour: 
0 6 25 24 
7 24 23 27 22 20 22 21 28 13 26 18 26 13 
6 30 5 30 6 29 6 0 12 
==============================

====== Algorithm Status ======
Valor:                2178
Time:                 500
nIter:                239
Best Iter:            239
Improvement Count:    238
==============================
Solution tour: 
0 6 25 24 
7 24 23 27 22 20 15 3 21 28 9 28 13 26 13 
6 30 5 30 6 29 6 0 12 
==============================

====== Algorithm Status ======
Valor:                2178
Time:                 1000
nIter:                468
Best Iter:            468
Improvement Count:    467
==============================
Solution tour: 
0 6 25 24 
7 24 23 27 22 20 15 3 21 28 9 28 13 26 13 
6 30 5 30 6 29 6 0 12 
==============================

====== Algorithm Status ======
Valor:                2178
Time:                 2000
nIter:                941
Best Iter:            941
Improvement Count:    940
==============================
Solution tour: 
0 6 25 24 
7 24 23 27 22 20 15 3 21 28 9 28 13 26 13 
6 30 5 30 6 29 6 0 12 
==============================

====== Algorithm Status ======
Valor:                2192
Time:                 4001
nIter:                1868
Best Iter:            1868
Improvement Count:    1867
==============================
Solution tour: 
0 6 25 24 
7 24 23 26 18 22 27 22 20 3 21 28 9 28 13 26 13 
6 30 5 30 6 29 6 0 12 
==============================

====== Algorithm Status ======
Valor:                2192
Time:                 8001
nIter:                3705
Best Iter:            3705
Improvement Count:    3704
==============================
Solution tour: 
0 6 25 24 
7 24 23 26 18 22 27 22 20 3 21 28 9 28 13 26 13 
6 30 5 30 6 29 6 0 12 
==============================

====== Algorithm Status ======
Valor:                2212
Time:                 16000
nIter:                7314
Best Iter:            7314
Improvement Count:    7313
==============================
Solution tour: 
0 6 25 24 
7 24 23 26 13 26 18 20 22 27 22 20 3 28 9 28 
6 30 5 30 6 29 6 0 12 21 12 
==============================

====== Algorithm Status ======
Valor:                2213
Time:                 32001
nIter:                14355
Best Iter:            14355
Improvement Count:    14354
==============================
Solution tour: 
0 6 25 13 26 24 
7 24 23 27 22 18 26 13 28 9 28 
6 30 5 30 6 29 6 0 12 21 12 
==============================

====== Algorithm Status ======
Valor:                2217
Time:                 64000
nIter:                27745
Best Iter:            27745
Improvement Count:    27744
==============================
Solution tour: 
0 6 25 13 26 23 24 
7 24 26 18 27 22 18 26 13 28 9 28 
6 30 5 30 6 29 6 0 12 21 12 
==============================

====== Algorithm Status ======
Valor:                2217
Time:                 128000
nIter:                54186
Best Iter:            54186
Improvement Count:    54185
==============================
Solution tour: 
0 6 25 13 26 23 24 
7 24 26 18 27 22 18 26 13 28 9 28 
6 30 5 30 6 29 6 0 12 21 12 
==============================

====== Algorithm Status ======
Valor:                2219
Time:                 256000
nIter:                114732
Best Iter:            114732
Improvement Count:    114731
==============================
Solution tour: 
0 6 25 24 
7 24 23 26 18 9 28 9 20 22 27 22 18 26 13 
6 30 5 30 6 29 6 0 12 21 12 
==============================

====== Algorithm Status ======
Valor:                2219
Time:                 512000
nIter:                227496
Best Iter:            227496
Improvement Count:    227495
==============================
Solution tour: 
0 6 25 24 
7 24 23 26 18 9 28 9 20 22 27 22 18 26 13 
6 30 5 30 6 29 6 0 12 21 12 
==============================

====== Algorithm Status ======
Valor:                2219
Time:                 1024001
nIter:                453473
Best Iter:            453473
Improvement Count:    453474
==============================
Solution tour: 
0 6 25 24 
7 24 23 26 18 9 28 9 20 22 27 22 18 26 13 
6 30 5 30 6 29 6 0 12 21 12 
==============================

====== Algorithm Status ======
Valor:                2219
Time:                 1024001
nIter:                453473
Best Iter:            453473
Improvement Count:    453474
==============================
Solution tour: 
0 6 25 24 
7 24 23 26 18 9 28 9 20 22 27 22 18 26 13 
6 30 5 30 6 29 6 0 12 21 12 
==============================

