=========== Input ===========
File name:                ./instances/realistic-instances/5-40-1767920.cdop
Total node count:         46
Truck node count:         5
Drone node count:         40
=============================

========== Settings ==========
Settings file:        ./settings/Memetic-LS_MMX_1099666.config
Seed:                 1099666
Reduction method:     -
Max iter:             1024000
Population size:      13
Crossover:            MA-MMX
Local Search:         -
Warm Start:           Mario_WS
==============================

====== Algorithm Status ======
Valor:                2651
Time:                 250
nIter:                235
Best Iter:            235
Improvement Count:    234
==============================
Solution tour: 
0 13 16 43 34 12 9 2 11 
2 42 38 24 32 33 22 41 30 20 10 
3 26 31 8 31 
4 28 14 17 45 7 39 
1 6 
==============================

====== Algorithm Status ======
Valor:                2651
Time:                 505
nIter:                495
Best Iter:            495
Improvement Count:    494
==============================
Solution tour: 
0 13 16 43 34 12 9 2 11 
2 42 38 24 32 33 22 41 30 20 10 
3 26 31 8 31 
4 28 14 17 45 7 39 
1 6 
==============================

====== Algorithm Status ======
Valor:                2651
Time:                 1000
nIter:                1009
Best Iter:            1009
Improvement Count:    1008
==============================
Solution tour: 
0 13 16 43 34 12 9 2 11 
2 42 38 24 32 33 22 41 30 20 10 
3 26 31 8 31 
4 28 14 17 45 7 39 
1 6 
==============================

====== Algorithm Status ======
Valor:                2651
Time:                 2006
nIter:                1995
Best Iter:            1995
Improvement Count:    1994
==============================
Solution tour: 
0 13 16 43 34 12 9 2 11 
2 42 38 24 32 33 22 41 30 20 10 
3 26 31 8 31 
4 28 14 17 45 7 39 
1 6 
==============================

====== Algorithm Status ======
Valor:                2651
Time:                 4005
nIter:                4035
Best Iter:            4035
Improvement Count:    4034
==============================
Solution tour: 
0 13 16 43 34 12 9 2 11 
2 42 38 24 32 33 22 41 30 20 10 
3 26 31 8 31 
4 28 14 17 45 7 39 
1 6 
==============================

====== Algorithm Status ======
Valor:                2651
Time:                 8000
nIter:                8119
Best Iter:            8119
Improvement Count:    8118
==============================
Solution tour: 
0 13 16 43 34 12 9 2 11 
2 42 38 24 32 33 22 41 30 20 10 
3 26 31 8 31 
4 28 14 17 45 7 39 
1 6 
==============================

====== Algorithm Status ======
Valor:                2651
Time:                 16000
nIter:                16148
Best Iter:            16148
Improvement Count:    16147
==============================
Solution tour: 
0 13 16 43 34 12 9 2 11 
2 42 38 24 32 33 22 41 30 20 10 
3 26 31 8 31 
4 28 14 17 45 7 39 
1 6 
==============================

====== Algorithm Status ======
Valor:                2651
Time:                 32000
nIter:                31488
Best Iter:            31488
Improvement Count:    31487
==============================
Solution tour: 
0 13 16 43 34 12 9 2 11 
2 42 38 24 32 33 22 41 30 20 10 
3 26 31 8 31 
4 28 14 17 45 7 39 
1 6 
==============================

====== Algorithm Status ======
Valor:                2657
Time:                 64000
nIter:                61290
Best Iter:            61290
Improvement Count:    61289
==============================
Solution tour: 
0 13 16 43 34 12 9 2 11 
2 42 44 24 32 33 22 41 30 20 10 
3 26 31 8 31 
4 28 14 17 45 7 39 
1 6 
==============================

====== Algorithm Status ======
Valor:                2657
Time:                 128005
nIter:                121969
Best Iter:            121969
Improvement Count:    121968
==============================
Solution tour: 
0 13 16 43 34 12 9 2 11 
2 42 44 24 32 33 22 41 30 20 10 
3 26 31 8 31 
4 28 14 17 45 7 39 
1 6 
==============================

====== Algorithm Status ======
Valor:                2793
Time:                 256000
nIter:                249734
Best Iter:            249734
Improvement Count:    249733
==============================
Solution tour: 
0 16 39 13 43 34 12 9 23 11 
2 42 44 24 32 33 22 41 27 41 21 35 43 30 10 
3 26 31 8 31 
4 
1 28 14 17 45 7 6 
==============================

====== Algorithm Status ======
Valor:                2869
Time:                 512000
nIter:                486450
Best Iter:            486450
Improvement Count:    486449
==============================
Solution tour: 
0 16 39 13 43 34 12 9 33 11 
2 42 44 24 32 23 15 22 41 27 41 21 38 21 35 30 10 
3 26 31 8 31 
4 
1 28 14 17 45 7 6 
==============================

====== Algorithm Status ======
Valor:                2872
Time:                 1024006
nIter:                971164
Best Iter:            971164
Improvement Count:    971165
==============================
Solution tour: 
0 16 39 13 43 34 12 9 33 11 
2 42 44 24 32 23 19 22 41 27 41 21 38 21 35 30 10 
3 26 31 8 31 
4 
1 28 14 17 45 7 14 6 
==============================

====== Algorithm Status ======
Valor:                2872
Time:                 1024006
nIter:                971164
Best Iter:            971164
Improvement Count:    971165
==============================
Solution tour: 
0 16 39 13 43 34 12 9 33 11 
2 42 44 24 32 23 19 22 41 27 41 21 38 21 35 30 10 
3 26 31 8 31 
4 
1 28 14 17 45 7 14 6 
==============================

