=========== Input ===========
File name:                ./instances/realistic-instances/5-40-1110588.cdop
Total node count:         46
Truck node count:         5
Drone node count:         40
=============================

========== Settings ==========
Settings file:        ./settings/Memetic-LS_MMX_1099666.config
Seed:                 1099666
Reduction method:     -
Max iter:             1024000
Population size:      13
Crossover:            MA-MMX
Local Search:         -
Warm Start:           Mario_WS
==============================

====== Algorithm Status ======
Valor:                2887
Time:                 250
nIter:                217
Best Iter:            217
Improvement Count:    216
==============================
Solution tour: 
0 21 24 25 20 33 13 11 42 31 30 37 22 10 45 9 38 8 16 15 29 7 35 
4 14 23 14 
1 27 43 27 
3 32 26 6 28 
2 44 17 41 39 18 
==============================

====== Algorithm Status ======
Valor:                2887
Time:                 503
nIter:                465
Best Iter:            465
Improvement Count:    464
==============================
Solution tour: 
0 21 24 25 20 33 13 11 42 31 30 37 22 10 45 9 38 8 16 15 29 7 35 
4 14 23 14 
1 27 43 27 
3 32 26 6 28 
2 44 17 41 39 18 
==============================

====== Algorithm Status ======
Valor:                2887
Time:                 1004
nIter:                930
Best Iter:            930
Improvement Count:    929
==============================
Solution tour: 
0 21 24 25 20 33 13 11 42 31 30 37 22 10 45 9 38 8 16 15 29 7 35 
4 14 23 14 
1 27 43 27 
3 32 26 6 28 
2 44 17 41 39 18 
==============================

====== Algorithm Status ======
Valor:                2887
Time:                 2000
nIter:                1815
Best Iter:            1815
Improvement Count:    1814
==============================
Solution tour: 
0 21 24 25 20 33 13 11 42 31 30 37 22 10 45 9 38 8 16 15 29 7 35 
4 14 23 14 
1 27 43 27 
3 32 26 6 28 
2 44 17 41 39 18 
==============================

====== Algorithm Status ======
Valor:                2887
Time:                 4000
nIter:                3672
Best Iter:            3672
Improvement Count:    3671
==============================
Solution tour: 
0 21 24 25 20 33 13 11 42 31 30 37 22 10 45 9 38 8 16 15 29 7 35 
4 14 23 14 
1 27 43 27 
3 32 26 6 28 
2 44 17 41 39 18 
==============================

====== Algorithm Status ======
Valor:                2887
Time:                 8000
nIter:                7123
Best Iter:            7123
Improvement Count:    7122
==============================
Solution tour: 
0 21 24 25 20 33 13 11 42 31 30 37 22 10 45 9 38 8 16 15 29 7 35 
4 14 23 14 
1 27 43 27 
3 32 26 6 28 
2 44 17 41 39 18 
==============================

====== Algorithm Status ======
Valor:                2887
Time:                 16000
nIter:                13963
Best Iter:            13963
Improvement Count:    13962
==============================
Solution tour: 
0 21 24 25 20 33 13 11 42 31 30 37 22 10 45 9 38 8 16 15 29 7 35 
4 14 23 14 
1 27 43 27 
3 32 26 6 28 
2 44 17 41 39 18 
==============================

====== Algorithm Status ======
Valor:                2887
Time:                 32000
nIter:                27382
Best Iter:            27382
Improvement Count:    27381
==============================
Solution tour: 
0 21 24 25 20 33 13 11 42 31 30 37 22 10 45 9 38 8 16 15 29 7 35 
4 14 23 14 
1 27 43 27 
3 32 26 6 28 
2 44 17 41 39 18 
==============================

====== Algorithm Status ======
Valor:                2887
Time:                 64004
nIter:                54240
Best Iter:            54240
Improvement Count:    54239
==============================
Solution tour: 
0 21 24 25 20 33 13 11 42 31 30 37 22 10 45 9 38 8 16 15 29 7 35 
4 14 23 14 
1 27 43 27 
3 32 26 6 28 
2 44 17 41 39 18 
==============================

====== Algorithm Status ======
Valor:                2904
Time:                 128005
nIter:                106793
Best Iter:            106793
Improvement Count:    106792
==============================
Solution tour: 
0 21 24 20 25 13 11 42 31 30 37 22 10 45 9 38 8 16 15 29 7 35 
4 14 23 14 
1 27 43 27 
3 32 26 6 28 34 44 17 41 39 18 
==============================

====== Algorithm Status ======
Valor:                2904
Time:                 256000
nIter:                220952
Best Iter:            220952
Improvement Count:    220951
==============================
Solution tour: 
0 21 24 20 25 13 11 42 31 30 37 22 10 45 9 38 8 16 15 29 7 35 
4 14 23 14 
1 27 43 27 
3 32 26 6 28 34 44 17 41 39 18 
==============================

====== Algorithm Status ======
Valor:                2904
Time:                 512000
nIter:                439552
Best Iter:            439552
Improvement Count:    439551
==============================
Solution tour: 
0 21 24 20 25 13 11 42 31 30 37 22 10 45 9 38 8 16 15 29 7 35 
4 14 23 14 
1 27 43 27 
3 32 26 6 28 34 44 17 41 39 18 
==============================

====== Algorithm Status ======
Valor:                3037
Time:                 1024002
nIter:                879294
Best Iter:            879294
Improvement Count:    879295
==============================
Solution tour: 
0 21 24 20 25 13 11 42 31 16 36 37 22 10 45 9 38 8 16 15 29 7 35 
4 14 23 14 30 43 14 43 27 
3 32 26 6 28 34 12 44 17 41 39 18 
==============================

====== Algorithm Status ======
Valor:                3037
Time:                 1024002
nIter:                879294
Best Iter:            879294
Improvement Count:    879295
==============================
Solution tour: 
0 21 24 20 25 13 11 42 31 16 36 37 22 10 45 9 38 8 16 15 29 7 35 
4 14 23 14 30 43 14 43 27 
3 32 26 6 28 34 12 44 17 41 39 18 
==============================

