=========== Input ===========
File name:                ./instances/realistic-instances/5-40-1110588.cdop
Total node count:         46
Truck node count:         5
Drone node count:         40
=============================

========== Settings ==========
Settings file:        ./settings/Memetic-LS_MPX_1099666.config
Seed:                 1099666
Reduction method:     -
Max iter:             1024000
Population size:      13
Crossover:            MA-MPX
Local Search:         -
Warm Start:           Mario_WS
==============================

====== Algorithm Status ======
Valor:                2887
Time:                 250
nIter:                162
Best Iter:            162
Improvement Count:    161
==============================
Solution tour: 
0 21 24 25 20 33 13 11 42 31 30 37 22 10 45 9 38 8 16 15 29 7 35 
4 14 23 14 
1 27 43 27 
3 32 26 6 28 
2 44 17 41 39 18 
==============================

====== Algorithm Status ======
Valor:                2887
Time:                 500
nIter:                344
Best Iter:            344
Improvement Count:    343
==============================
Solution tour: 
0 21 24 25 20 33 13 11 42 31 30 37 22 10 45 9 38 8 16 15 29 7 35 
4 14 23 14 
1 27 43 27 
3 32 26 6 28 
2 44 17 41 39 18 
==============================

====== Algorithm Status ======
Valor:                2887
Time:                 1001
nIter:                713
Best Iter:            713
Improvement Count:    712
==============================
Solution tour: 
0 21 24 25 20 33 13 11 42 31 30 37 22 10 45 9 38 8 16 15 29 7 35 
4 14 23 14 
1 27 43 27 
3 32 26 6 28 
2 44 17 41 39 18 
==============================

====== Algorithm Status ======
Valor:                2887
Time:                 2003
nIter:                1425
Best Iter:            1425
Improvement Count:    1424
==============================
Solution tour: 
0 21 24 25 20 33 13 11 42 31 30 37 22 10 45 9 38 8 16 15 29 7 35 
4 14 23 14 
1 27 43 27 
3 32 26 6 28 
2 44 17 41 39 18 
==============================

====== Algorithm Status ======
Valor:                2887
Time:                 4003
nIter:                2820
Best Iter:            2820
Improvement Count:    2819
==============================
Solution tour: 
0 21 24 25 20 33 13 11 42 31 30 37 22 10 45 9 38 8 16 15 29 7 35 
4 14 23 14 
1 27 43 27 
3 32 26 6 28 
2 44 17 41 39 18 
==============================

====== Algorithm Status ======
Valor:                2887
Time:                 8003
nIter:                5565
Best Iter:            5565
Improvement Count:    5564
==============================
Solution tour: 
0 21 24 25 20 33 13 11 42 31 30 37 22 10 45 9 38 8 16 15 29 7 35 
4 14 23 14 
1 27 43 27 
3 32 26 6 28 
2 44 17 41 39 18 
==============================

====== Algorithm Status ======
Valor:                2887
Time:                 16000
nIter:                11197
Best Iter:            11197
Improvement Count:    11196
==============================
Solution tour: 
0 21 24 25 20 33 13 11 42 31 30 37 22 10 45 9 38 8 16 15 29 7 35 
4 14 23 14 
1 27 43 27 
3 32 26 6 28 
2 44 17 41 39 18 
==============================

====== Algorithm Status ======
Valor:                2887
Time:                 32000
nIter:                22662
Best Iter:            22662
Improvement Count:    22661
==============================
Solution tour: 
0 21 24 25 20 33 13 11 42 31 30 37 22 10 45 9 38 8 16 15 29 7 35 
4 14 23 14 
1 27 43 27 
3 32 26 6 28 
2 44 17 41 39 18 
==============================

====== Algorithm Status ======
Valor:                2887
Time:                 64000
nIter:                45496
Best Iter:            45496
Improvement Count:    45495
==============================
Solution tour: 
0 21 24 25 20 33 13 11 42 31 30 37 22 10 45 9 38 8 16 15 29 7 35 
4 14 23 14 
1 27 43 27 
3 32 26 6 28 
2 44 17 41 39 18 
==============================

====== Algorithm Status ======
Valor:                2887
Time:                 128005
nIter:                94800
Best Iter:            94800
Improvement Count:    94799
==============================
Solution tour: 
0 21 24 25 20 33 13 11 42 31 30 37 22 10 45 9 38 8 16 15 29 7 35 
4 14 23 14 
1 27 43 27 
3 32 26 6 28 
2 44 17 41 39 18 
==============================

====== Algorithm Status ======
Valor:                2887
Time:                 256002
nIter:                188340
Best Iter:            188340
Improvement Count:    188339
==============================
Solution tour: 
0 21 24 25 20 33 13 11 42 31 30 37 22 10 45 9 38 8 16 15 29 7 35 
4 14 23 14 
1 27 43 27 
3 32 26 6 28 
2 44 17 41 39 18 
==============================

====== Algorithm Status ======
Valor:                3072
Time:                 512001
nIter:                378895
Best Iter:            378895
Improvement Count:    378894
==============================
Solution tour: 
0 21 24 12 25 20 33 13 11 43 11 42 31 28 32 26 41 39 18 21 44 17 6 
2 
3 
4 29 22 10 45 9 38 8 15 16 35 7 37 36 30 23 14 
1 40 27 43 27 
5 
==============================

====== Algorithm Status ======
Valor:                3079
Time:                 1024001
nIter:                741252
Best Iter:            741252
Improvement Count:    741253
==============================
Solution tour: 
0 21 24 12 25 20 33 13 11 43 11 42 31 28 32 26 19 41 39 18 21 44 17 6 
2 
3 
4 29 22 37 45 9 38 8 15 16 35 7 10 36 30 23 14 
1 27 43 27 40 
5 
==============================

====== Algorithm Status ======
Valor:                3079
Time:                 1024001
nIter:                741252
Best Iter:            741252
Improvement Count:    741253
==============================
Solution tour: 
0 21 24 12 25 20 33 13 11 43 11 42 31 28 32 26 19 41 39 18 21 44 17 6 
2 
3 
4 29 22 37 45 9 38 8 15 16 35 7 10 36 30 23 14 
1 27 43 27 40 
5 
==============================

