=========== Input ===========
File name:                ./instances/realistic-instances/5-10-1762875.cdop
Total node count:         16
Truck node count:         5
Drone node count:         10
=============================

========== Settings ==========
Settings file:        ./settings/Memetic_MPX_1881515.config
Seed:                 1881515
Reduction method:     -
Max iter:             1024000
Population size:      13
Crossover:            MA-MPX
Local Search:         LS
Warm Start:           Mario_WS
==============================

====== Algorithm Status ======
Valor:                1847
Time:                 250
nIter:                236
Best Iter:            236
Improvement Count:    235
==============================
Solution tour: 
0 14 7 8 12 8 10 13 
3 13 6 9 6 15 
1 4 1 15 2 11 
2 1 
==============================

====== Algorithm Status ======
Valor:                1875
Time:                 500
nIter:                485
Best Iter:            485
Improvement Count:    484
==============================
Solution tour: 
0 14 7 
5 10 12 8 12 9 11 
2 11 13 
3 13 6 9 6 15 
4 1 15 1 4 14 
==============================

====== Algorithm Status ======
Valor:                1881
Time:                 1001
nIter:                1003
Best Iter:            1003
Improvement Count:    1002
==============================
Solution tour: 
0 14 7 
5 10 12 8 12 9 11 
2 11 13 
3 13 9 6 13 6 9 15 
1 4 1 
==============================

====== Algorithm Status ======
Valor:                1881
Time:                 2000
nIter:                2045
Best Iter:            2045
Improvement Count:    2044
==============================
Solution tour: 
0 14 7 
5 10 12 8 12 9 11 
2 11 13 
3 13 9 6 13 6 9 15 
1 4 1 
==============================

====== Algorithm Status ======
Valor:                1881
Time:                 4000
nIter:                4074
Best Iter:            4074
Improvement Count:    4073
==============================
Solution tour: 
0 14 7 
5 10 12 8 12 9 11 
2 11 13 
3 13 9 6 13 6 9 15 
1 4 1 
==============================

====== Algorithm Status ======
Valor:                1904
Time:                 8000
nIter:                7994
Best Iter:            7994
Improvement Count:    7993
==============================
Solution tour: 
0 1 
4 1 15 8 12 8 7 11 9 11 
2 11 10 
3 13 6 9 6 13 3 14 
==============================

====== Algorithm Status ======
Valor:                1904
Time:                 16000
nIter:                15573
Best Iter:            15573
Improvement Count:    15572
==============================
Solution tour: 
0 1 
4 1 15 8 12 8 7 11 9 11 
2 11 10 
3 13 6 9 6 13 3 14 
==============================

====== Algorithm Status ======
Valor:                1904
Time:                 32000
nIter:                31273
Best Iter:            31273
Improvement Count:    31272
==============================
Solution tour: 
0 1 
4 1 15 8 12 8 7 11 9 11 
2 11 10 
3 13 6 9 6 13 3 14 
==============================

====== Algorithm Status ======
Valor:                1904
Time:                 64000
nIter:                64723
Best Iter:            64723
Improvement Count:    64722
==============================
Solution tour: 
0 1 
4 1 15 8 12 8 7 11 9 11 
2 11 10 
3 13 6 9 6 13 3 14 
==============================

====== Algorithm Status ======
Valor:                1904
Time:                 128000
nIter:                135307
Best Iter:            135307
Improvement Count:    135306
==============================
Solution tour: 
0 1 
4 1 15 8 12 8 7 11 9 11 
2 11 10 
3 13 6 9 6 13 3 14 
==============================

====== Algorithm Status ======
Valor:                1904
Time:                 256001
nIter:                259411
Best Iter:            259411
Improvement Count:    259410
==============================
Solution tour: 
0 1 
4 1 15 8 12 8 7 11 9 11 
2 11 10 
3 13 6 9 6 13 3 14 
==============================

====== Algorithm Status ======
Valor:                1910
Time:                 512000
nIter:                527483
Best Iter:            527483
Improvement Count:    527482
==============================
Solution tour: 
0 14 
3 13 3 10 11 
2 11 9 6 9 15 
1 
4 1 15 8 12 8 6 7 14 
==============================

====== Algorithm Status ======
Valor:                1910
Time:                 1024003
nIter:                1109146
Best Iter:            1109146
Improvement Count:    1109147
==============================
Solution tour: 
0 14 
3 13 3 10 11 
2 11 9 6 9 15 
1 
4 1 15 8 12 8 6 7 14 
==============================

====== Algorithm Status ======
Valor:                1910
Time:                 1024003
nIter:                1109146
Best Iter:            1109146
Improvement Count:    1109147
==============================
Solution tour: 
0 14 
3 13 3 10 11 
2 11 9 6 9 15 
1 
4 1 15 8 12 8 6 7 14 
==============================

