=========== Input ===========
File name:                ./instances/realistic-instances/5-25-1767920.cdop
Total node count:         31
Truck node count:         5
Drone node count:         25
=============================

========== Settings ==========
Settings file:        ./settings/Memetic_MMX_1099666.config
Seed:                 1099666
Reduction method:     -
Max iter:             1024000
Population size:      13
Crossover:            MA-MMX
Local Search:         LS
Warm Start:           Mario_WS
==============================

====== Algorithm Status ======
Valor:                2564
Time:                 250
nIter:                80
Best Iter:            80
Improvement Count:    79
==============================
Solution tour: 
0 11 20 9 8 10 18 29 3 24 
3 22 26 27 21 26 6 30 16 28 12 14 17 14 25 14 19 
4 0 15 0 23 
==============================

====== Algorithm Status ======
Valor:                2609
Time:                 501
nIter:                161
Best Iter:            161
Improvement Count:    160
==============================
Solution tour: 
0 11 20 9 8 10 22 3 24 
3 22 26 27 26 21 26 5 18 30 16 13 28 12 14 17 14 25 14 12 19 
4 0 29 0 23 
==============================

====== Algorithm Status ======
Valor:                2606
Time:                 1001
nIter:                331
Best Iter:            331
Improvement Count:    330
==============================
Solution tour: 
0 11 20 9 5 3 24 
3 22 26 27 21 10 18 30 16 28 12 14 17 14 25 14 8 24 19 
4 0 15 0 23 
==============================

====== Algorithm Status ======
Valor:                2606
Time:                 2001
nIter:                660
Best Iter:            660
Improvement Count:    659
==============================
Solution tour: 
0 11 20 9 5 3 24 
3 22 26 27 21 10 18 30 16 28 12 14 17 14 25 14 8 24 19 
4 0 15 0 23 
==============================

====== Algorithm Status ======
Valor:                2677
Time:                 4000
nIter:                1281
Best Iter:            1281
Improvement Count:    1280
==============================
Solution tour: 
0 11 20 9 5 10 6 18 30 29 3 24 7 24 
3 22 26 21 26 27 13 28 8 14 17 16 17 14 25 14 12 19 
4 0 15 0 23 
==============================

====== Algorithm Status ======
Valor:                2677
Time:                 8002
nIter:                2523
Best Iter:            2523
Improvement Count:    2522
==============================
Solution tour: 
0 11 20 9 5 10 6 18 30 29 3 24 7 24 
3 22 26 21 26 27 13 28 8 14 17 16 17 14 25 14 12 19 
4 0 15 0 23 
==============================

====== Algorithm Status ======
Valor:                2677
Time:                 16001
nIter:                4988
Best Iter:            4988
Improvement Count:    4987
==============================
Solution tour: 
0 11 20 9 5 10 6 18 30 29 3 24 7 24 
3 22 26 21 26 27 13 28 8 14 17 16 17 14 25 14 12 19 
4 0 15 0 23 
==============================

====== Algorithm Status ======
Valor:                2677
Time:                 32003
nIter:                9975
Best Iter:            9975
Improvement Count:    9974
==============================
Solution tour: 
0 11 20 9 5 10 6 18 30 29 3 24 7 24 
3 22 26 21 26 27 13 28 8 14 17 16 17 14 25 14 12 19 
4 0 15 0 23 
==============================

====== Algorithm Status ======
Valor:                2684
Time:                 64002
nIter:                19292
Best Iter:            19292
Improvement Count:    19291
==============================
Solution tour: 
0 11 20 9 5 10 6 30 18 29 3 24 
3 22 21 26 27 13 28 8 28 12 14 17 16 17 14 25 14 12 19 
4 0 15 0 23 
==============================

====== Algorithm Status ======
Valor:                2684
Time:                 128000
nIter:                36952
Best Iter:            36952
Improvement Count:    36951
==============================
Solution tour: 
0 11 20 9 5 10 6 30 18 29 3 24 
3 22 21 26 27 13 28 8 28 12 14 17 16 17 14 25 14 12 19 
4 0 15 0 23 
==============================

====== Algorithm Status ======
Valor:                2684
Time:                 256002
nIter:                75943
Best Iter:            75943
Improvement Count:    75942
==============================
Solution tour: 
0 11 20 9 5 10 6 30 18 29 3 24 
3 22 21 26 27 13 28 8 28 12 14 17 16 17 14 25 14 12 19 
4 0 15 0 23 
==============================

====== Algorithm Status ======
Valor:                2684
Time:                 512002
nIter:                151656
Best Iter:            151656
Improvement Count:    151655
==============================
Solution tour: 
0 11 20 9 5 10 6 30 18 29 3 24 
3 22 21 26 27 13 28 8 28 12 14 17 16 17 14 25 14 12 19 
4 0 15 0 23 
==============================

====== Algorithm Status ======
Valor:                2684
Time:                 1024003
nIter:                302714
Best Iter:            302714
Improvement Count:    302715
==============================
Solution tour: 
0 11 20 9 5 10 6 30 18 29 3 24 
3 22 21 26 27 13 28 8 28 12 14 17 16 17 14 25 14 12 19 
4 0 15 0 23 
==============================

====== Algorithm Status ======
Valor:                2684
Time:                 1024003
nIter:                302714
Best Iter:            302714
Improvement Count:    302715
==============================
Solution tour: 
0 11 20 9 5 10 6 30 18 29 3 24 
3 22 21 26 27 13 28 8 28 12 14 17 16 17 14 25 14 12 19 
4 0 15 0 23 
==============================

