=========== Input ===========
File name:                ./instances/realistic-instances/5-40-1110588.cdop
Total node count:         46
Truck node count:         5
Drone node count:         40
=============================

========== Settings ==========
Settings file:        ./settings/Memetic_MMX_1287823.config
Seed:                 1287823
Reduction method:     -
Max iter:             1024000
Population size:      13
Crossover:            MA-MMX
Local Search:         LS
Warm Start:           Mario_WS
==============================

====== Algorithm Status ======
Valor:                3232
Time:                 251
nIter:                31
Best Iter:            31
Improvement Count:    30
==============================
Solution tour: 
0 34 42 31 38 39 41 6 32 26 19 36 45 29 7 35 16 11 43 27 43 11 13 33 20 25 12 44 
5 44 17 15 28 18 21 24 
1 14 23 14 8 22 37 10 40 9 
==============================

====== Algorithm Status ======
Valor:                3268
Time:                 500
nIter:                64
Best Iter:            64
Improvement Count:    63
==============================
Solution tour: 
0 39 30 37 10 29 45 7 35 42 31 38 11 43 27 43 11 13 25 20 24 12 44 
5 44 17 6 15 28 41 18 21 
1 14 23 14 32 26 19 36 16 8 22 40 9 
==============================

====== Algorithm Status ======
Valor:                3270
Time:                 1004
nIter:                131
Best Iter:            131
Improvement Count:    130
==============================
Solution tour: 
0 39 30 36 19 32 26 37 45 7 35 43 27 43 11 38 31 42 34 13 25 20 24 12 44 
5 44 17 6 15 28 41 18 21 
1 14 23 14 17 8 22 10 29 9 40 
==============================

====== Algorithm Status ======
Valor:                3291
Time:                 2005
nIter:                248
Best Iter:            248
Improvement Count:    247
==============================
Solution tour: 
0 30 39 13 16 36 19 32 26 37 10 29 45 7 35 11 43 27 43 11 38 31 42 34 33 25 20 24 44 
5 44 17 6 15 28 41 18 21 12 
1 14 23 14 17 8 22 40 5 
==============================

====== Algorithm Status ======
Valor:                3316
Time:                 4002
nIter:                515
Best Iter:            515
Improvement Count:    514
==============================
Solution tour: 
0 39 18 30 16 36 19 32 26 32 37 10 45 29 7 35 43 27 43 11 38 31 42 34 13 33 25 20 24 44 
5 44 17 6 15 28 18 21 12 
1 14 23 14 41 17 8 22 5 
==============================

====== Algorithm Status ======
Valor:                3316
Time:                 8003
nIter:                1007
Best Iter:            1007
Improvement Count:    1006
==============================
Solution tour: 
0 39 18 30 16 36 19 32 26 32 37 10 45 29 7 35 43 27 43 11 38 31 42 34 13 33 25 20 24 44 
5 44 17 6 15 28 18 21 12 
1 14 23 14 41 17 8 22 5 
==============================

====== Algorithm Status ======
Valor:                3321
Time:                 16002
nIter:                2025
Best Iter:            2025
Improvement Count:    2024
==============================
Solution tour: 
0 30 16 36 19 32 26 32 19 37 10 45 29 7 35 11 43 27 43 11 38 31 42 34 13 33 25 20 24 44 
5 44 17 6 15 28 39 18 21 12 
1 14 23 14 41 17 8 22 5 
==============================

====== Algorithm Status ======
Valor:                3370
Time:                 32006
nIter:                3947
Best Iter:            3947
Improvement Count:    3946
==============================
Solution tour: 
0 30 16 36 19 32 26 37 22 10 45 29 7 35 11 43 27 43 11 42 31 38 13 25 20 44 
5 44 17 41 15 28 39 18 21 33 12 24 
1 14 23 14 17 8 17 6 2 
==============================

====== Algorithm Status ======
Valor:                3387
Time:                 64023
nIter:                7684
Best Iter:            7684
Improvement Count:    7683
==============================
Solution tour: 
0 30 16 36 19 26 32 26 37 22 10 7 29 45 9 40 27 43 11 42 31 38 34 13 35 13 4 13 25 20 44 
5 44 17 41 15 28 39 18 21 33 12 24 
1 14 23 14 17 8 17 6 2 
==============================

====== Algorithm Status ======
Valor:                3390
Time:                 128008
nIter:                14754
Best Iter:            14754
Improvement Count:    14753
==============================
Solution tour: 
0 30 16 36 19 32 26 37 22 10 7 29 45 9 40 27 43 11 38 42 31 35 13 4 13 25 20 44 
5 44 17 41 15 28 39 18 21 33 34 12 24 
1 14 23 14 17 8 17 6 2 
==============================

====== Algorithm Status ======
Valor:                3410
Time:                 256000
nIter:                29614
Best Iter:            29614
Improvement Count:    29613
==============================
Solution tour: 
0 30 16 36 19 26 32 37 22 10 7 29 45 9 40 27 43 11 38 31 42 35 4 13 25 20 44 
5 44 17 41 15 28 39 18 21 24 12 34 3 
1 14 23 14 17 8 17 6 2 
==============================

====== Algorithm Status ======
Valor:                3410
Time:                 512004
nIter:                58338
Best Iter:            58338
Improvement Count:    58337
==============================
Solution tour: 
0 30 16 36 19 26 32 37 22 10 7 29 45 9 40 27 43 11 38 31 42 35 4 13 25 20 44 
5 44 17 41 15 28 39 18 21 24 12 34 3 
1 14 23 14 17 8 17 6 2 
==============================

====== Algorithm Status ======
Valor:                3417
Time:                 1024017
nIter:                115589
Best Iter:            115589
Improvement Count:    115590
==============================
Solution tour: 
0 30 16 36 19 26 32 37 22 10 7 29 45 9 40 27 43 11 38 31 42 35 13 4 13 25 20 44 
5 44 17 41 15 28 39 18 21 24 12 33 34 3 
1 14 23 14 17 8 17 6 2 
==============================

====== Algorithm Status ======
Valor:                3417
Time:                 1024017
nIter:                115589
Best Iter:            115589
Improvement Count:    115590
==============================
Solution tour: 
0 30 16 36 19 26 32 37 22 10 7 29 45 9 40 27 43 11 38 31 42 35 13 4 13 25 20 44 
5 44 17 41 15 28 39 18 21 24 12 33 34 3 
1 14 23 14 17 8 17 6 2 
==============================

