=========== Input ===========
File name:                ./instances/realistic-instances/5-25-1110588.cdop
Total node count:         31
Truck node count:         5
Drone node count:         25
=============================

========== Settings ==========
Settings file:        ./settings/Memetic-LS_MMX_1287823.config
Seed:                 1287823
Reduction method:     -
Max iter:             1024000
Population size:      13
Crossover:            MA-MMX
Local Search:         -
Warm Start:           Mario_WS
==============================

====== Algorithm Status ======
Valor:                2159
Time:                 250
nIter:                590
Best Iter:            590
Improvement Count:    589
==============================
Solution tour: 
0 23 19 22 19 7 28 26 17 
3 12 8 10 
1 18 25 18 
4 21 30 9 15 6 
2 24 20 11 
==============================

====== Algorithm Status ======
Valor:                2159
Time:                 500
nIter:                1145
Best Iter:            1145
Improvement Count:    1144
==============================
Solution tour: 
0 23 19 22 19 7 28 26 17 
3 12 8 10 
1 18 25 18 
4 21 30 9 15 6 
2 24 20 11 
==============================

====== Algorithm Status ======
Valor:                2159
Time:                 1000
nIter:                2289
Best Iter:            2289
Improvement Count:    2288
==============================
Solution tour: 
0 23 19 22 19 7 28 26 17 
3 12 8 10 
1 18 25 18 
4 21 30 9 15 6 
2 24 20 11 
==============================

====== Algorithm Status ======
Valor:                2196
Time:                 2000
nIter:                4662
Best Iter:            4662
Improvement Count:    4661
==============================
Solution tour: 
0 23 19 22 19 12 16 28 26 28 8 10 
1 18 25 18 
4 21 30 9 15 6 
2 24 20 11 
==============================

====== Algorithm Status ======
Valor:                2197
Time:                 4000
nIter:                9447
Best Iter:            9447
Improvement Count:    9446
==============================
Solution tour: 
0 12 11 19 22 19 23 19 16 28 26 28 8 10 
1 18 25 18 
4 21 30 9 15 6 
2 24 20 11 
==============================

====== Algorithm Status ======
Valor:                2291
Time:                 8000
nIter:                19270
Best Iter:            19270
Improvement Count:    19269
==============================
Solution tour: 
0 23 19 22 19 28 7 9 17 26 28 8 10 
1 18 25 18 
4 21 30 15 6 
2 12 24 20 11 
==============================

====== Algorithm Status ======
Valor:                2291
Time:                 16000
nIter:                38162
Best Iter:            38162
Improvement Count:    38161
==============================
Solution tour: 
0 23 19 22 19 28 7 9 17 26 28 8 10 
1 18 25 18 
4 21 30 15 6 
2 12 24 20 11 
==============================

====== Algorithm Status ======
Valor:                2312
Time:                 32000
nIter:                74928
Best Iter:            74928
Improvement Count:    74927
==============================
Solution tour: 
0 23 19 22 19 28 7 26 9 17 26 28 16 8 10 
1 18 25 18 
4 21 30 15 6 
2 12 24 20 11 
==============================

====== Algorithm Status ======
Valor:                2317
Time:                 64000
nIter:                144169
Best Iter:            144169
Improvement Count:    144168
==============================
Solution tour: 
0 23 19 22 19 28 7 17 9 26 28 16 8 10 
1 18 25 18 
4 21 30 15 6 
2 12 24 20 11 
==============================

====== Algorithm Status ======
Valor:                2346
Time:                 128000
nIter:                271381
Best Iter:            271381
Improvement Count:    271380
==============================
Solution tour: 
0 23 19 22 19 28 7 17 9 26 28 16 8 10 
1 12 18 25 18 
4 21 30 15 6 
2 11 20 24 
==============================

====== Algorithm Status ======
Valor:                2346
Time:                 256000
nIter:                547596
Best Iter:            547596
Improvement Count:    547595
==============================
Solution tour: 
0 23 19 22 19 28 7 17 9 26 28 16 8 10 
1 12 18 25 18 
4 21 30 15 6 
2 11 20 24 
==============================

====== Algorithm Status ======
Valor:                2346
Time:                 512000
nIter:                1082406
Best Iter:            1082406
Improvement Count:    1082405
==============================
Solution tour: 
0 23 19 22 19 28 7 17 9 26 28 16 8 10 
1 12 18 25 18 
4 21 30 15 6 
2 11 20 24 
==============================

====== Algorithm Status ======
Valor:                2346
Time:                 1024001
nIter:                2159356
Best Iter:            2159356
Improvement Count:    2159357
==============================
Solution tour: 
0 23 19 22 19 28 7 17 9 26 28 16 8 10 
1 12 18 25 18 
4 21 30 15 6 
2 11 20 24 
==============================

====== Algorithm Status ======
Valor:                2346
Time:                 1024001
nIter:                2159356
Best Iter:            2159356
Improvement Count:    2159357
==============================
Solution tour: 
0 23 19 22 19 28 7 17 9 26 28 16 8 10 
1 12 18 25 18 
4 21 30 15 6 
2 11 20 24 
==============================

