=========== Input ===========
File name:                ./instances/realistic-instances/5-40-1762875.cdop
Total node count:         46
Truck node count:         5
Drone node count:         40
=============================

========== Settings ==========
Settings file:        ./settings/Memetic_MMX_1099666.config
Seed:                 1099666
Reduction method:     -
Max iter:             1024000
Population size:      13
Crossover:            MA-MMX
Local Search:         LS
Warm Start:           Mario_WS
==============================

====== Algorithm Status ======
Valor:                3495
Time:                 250
nIter:                34
Best Iter:            34
Improvement Count:    33
==============================
Solution tour: 
0 21 6 11 12 41 44 
2 1 36 27 23 40 19 33 9 38 18 
3 17 15 39 14 35 37 32 37 25 22 30 13 8 42 20 
4 10 4 24 31 28 34 28 16 
==============================

====== Algorithm Status ======
Valor:                3521
Time:                 504
nIter:                62
Best Iter:            62
Improvement Count:    61
==============================
Solution tour: 
0 21 42 41 7 44 
2 1 36 7 22 27 23 19 40 38 9 14 33 18 
3 17 15 39 37 32 37 12 11 25 6 8 13 30 31 20 
4 10 4 24 28 34 28 16 
==============================

====== Algorithm Status ======
Valor:                3521
Time:                 1000
nIter:                110
Best Iter:            110
Improvement Count:    109
==============================
Solution tour: 
0 21 42 41 7 44 
2 1 36 7 22 27 23 19 40 38 9 14 33 18 
3 17 15 39 37 32 37 12 11 25 6 8 13 30 31 20 
4 10 4 24 28 34 28 16 
==============================

====== Algorithm Status ======
Valor:                3521
Time:                 2007
nIter:                211
Best Iter:            211
Improvement Count:    210
==============================
Solution tour: 
0 21 42 41 7 44 
2 1 36 7 22 27 23 19 40 38 9 14 33 18 
3 17 15 39 37 32 37 12 11 25 6 8 13 30 31 20 
4 10 4 24 28 34 28 16 
==============================

====== Algorithm Status ======
Valor:                3567
Time:                 4004
nIter:                424
Best Iter:            424
Improvement Count:    423
==============================
Solution tour: 
0 21 7 22 27 35 43 23 40 19 5 38 9 14 33 18 
3 18 17 15 39 37 32 37 25 11 12 41 6 8 13 30 36 20 
4 10 4 24 31 28 34 28 44 16 
==============================

====== Algorithm Status ======
Valor:                3621
Time:                 8001
nIter:                836
Best Iter:            836
Improvement Count:    835
==============================
Solution tour: 
0 21 13 8 11 25 43 23 19 5 38 9 14 33 18 
3 18 39 15 17 40 35 27 22 37 32 37 6 12 41 7 44 30 31 36 42 20 
4 10 4 24 28 34 28 16 
==============================

====== Algorithm Status ======
Valor:                3625
Time:                 16005
nIter:                1639
Best Iter:            1639
Improvement Count:    1638
==============================
Solution tour: 
0 21 13 8 11 25 43 23 19 5 38 9 14 33 18 
3 18 39 15 17 40 35 27 22 37 32 37 12 6 12 41 7 44 31 36 42 20 
4 10 4 24 28 34 28 30 16 
==============================

====== Algorithm Status ======
Valor:                3658
Time:                 32002
nIter:                3287
Best Iter:            3287
Improvement Count:    3286
==============================
Solution tour: 
0 16 5 38 9 14 33 18 
3 18 17 15 39 19 43 23 40 35 27 22 12 11 25 37 32 37 6 12 41 7 44 31 36 42 20 
4 10 4 24 28 34 28 30 13 8 13 21 
==============================

====== Algorithm Status ======
Valor:                3672
Time:                 64008
nIter:                6572
Best Iter:            6572
Improvement Count:    6571
==============================
Solution tour: 
0 5 38 9 14 33 18 
3 18 39 10 15 17 19 43 23 40 35 27 22 25 37 32 37 6 12 11 12 41 36 31 7 42 20 
4 24 2 44 28 34 28 30 13 16 13 8 13 21 
==============================

====== Algorithm Status ======
Valor:                3686
Time:                 128006
nIter:                13761
Best Iter:            13761
Improvement Count:    13760
==============================
Solution tour: 
0 5 38 9 14 33 18 
3 18 15 39 10 17 19 23 43 40 35 29 27 22 37 32 37 6 25 11 12 41 42 36 20 
4 24 2 44 31 28 34 28 30 13 16 13 8 13 21 
==============================

====== Algorithm Status ======
Valor:                3689
Time:                 256004
nIter:                29144
Best Iter:            29144
Improvement Count:    29143
==============================
Solution tour: 
0 5 38 9 14 33 18 
3 18 10 39 15 17 19 40 23 43 40 35 26 29 27 22 6 37 32 37 25 11 12 41 42 36 20 
4 24 2 44 31 28 34 28 30 13 16 13 8 13 21 
==============================

====== Algorithm Status ======
Valor:                3694
Time:                 512006
nIter:                58486
Best Iter:            58486
Improvement Count:    58485
==============================
Solution tour: 
0 5 38 9 14 33 18 
3 18 10 39 15 17 19 23 43 40 35 27 22 6 37 32 37 25 11 12 41 36 42 20 
4 24 2 44 31 28 34 28 30 13 16 13 8 21 13 21 
==============================

====== Algorithm Status ======
Valor:                3715
Time:                 1024003
nIter:                115780
Best Iter:            115780
Improvement Count:    115781
==============================
Solution tour: 
0 16 0 5 38 9 14 33 18 
3 4 10 39 10 39 15 17 19 23 43 40 35 27 22 6 37 32 37 25 11 12 41 36 42 29 42 20 
4 24 2 44 31 28 34 28 30 13 8 13 21 
==============================

====== Algorithm Status ======
Valor:                3715
Time:                 1024003
nIter:                115780
Best Iter:            115780
Improvement Count:    115781
==============================
Solution tour: 
0 16 0 5 38 9 14 33 18 
3 4 10 39 10 39 15 17 19 23 43 40 35 27 22 6 37 32 37 25 11 12 41 36 42 29 42 20 
4 24 2 44 31 28 34 28 30 13 8 13 21 
==============================

