=========== Input ===========
File name:                ./instances/realistic-instances/5-40-1917698.cdop
Total node count:         46
Truck node count:         5
Drone node count:         40
=============================

========== Settings ==========
Settings file:        ./settings/Memetic-LS_MPX_1099666.config
Seed:                 1099666
Reduction method:     -
Max iter:             1024000
Population size:      13
Crossover:            MA-MPX
Local Search:         -
Warm Start:           Mario_WS
==============================

====== Algorithm Status ======
Valor:                3152
Time:                 251
nIter:                166
Best Iter:            166
Improvement Count:    165
==============================
Solution tour: 
0 44 40 38 25 38 16 41 36 20 
1 37 13 24 39 8 34 6 26 21 23 29 23 10 
2 
4 12 35 11 22 31 19 18 9 15 14 43 
3 30 17 
==============================

====== Algorithm Status ======
Valor:                3152
Time:                 506
nIter:                345
Best Iter:            345
Improvement Count:    344
==============================
Solution tour: 
0 44 40 38 25 38 16 41 36 20 
1 37 13 24 39 8 34 6 26 21 23 29 23 10 
2 
4 12 35 11 22 31 19 18 9 15 14 43 
3 30 17 
==============================

====== Algorithm Status ======
Valor:                3152
Time:                 1002
nIter:                720
Best Iter:            720
Improvement Count:    719
==============================
Solution tour: 
0 44 40 38 25 38 16 41 36 20 
1 37 13 24 39 8 34 6 26 21 23 29 23 10 
2 
4 12 35 11 22 31 19 18 9 15 14 43 
3 30 17 
==============================

====== Algorithm Status ======
Valor:                3152
Time:                 2000
nIter:                1441
Best Iter:            1441
Improvement Count:    1440
==============================
Solution tour: 
0 44 40 38 25 38 16 41 36 20 
1 37 13 24 39 8 34 6 26 21 23 29 23 10 
2 
4 12 35 11 22 31 19 18 9 15 14 43 
3 30 17 
==============================

====== Algorithm Status ======
Valor:                3152
Time:                 4000
nIter:                2874
Best Iter:            2874
Improvement Count:    2873
==============================
Solution tour: 
0 44 40 38 25 38 16 41 36 20 
1 37 13 24 39 8 34 6 26 21 23 29 23 10 
2 
4 12 35 11 22 31 19 18 9 15 14 43 
3 30 17 
==============================

====== Algorithm Status ======
Valor:                3152
Time:                 8000
nIter:                5826
Best Iter:            5826
Improvement Count:    5825
==============================
Solution tour: 
0 44 40 38 25 38 16 41 36 20 
1 37 13 24 39 8 34 6 26 21 23 29 23 10 
2 
4 12 35 11 22 31 19 18 9 15 14 43 
3 30 17 
==============================

====== Algorithm Status ======
Valor:                3152
Time:                 16000
nIter:                11776
Best Iter:            11776
Improvement Count:    11775
==============================
Solution tour: 
0 44 40 38 25 38 16 41 36 20 
1 37 13 24 39 8 34 6 26 21 23 29 23 10 
2 
4 12 35 11 22 31 19 18 9 15 14 43 
3 30 17 
==============================

====== Algorithm Status ======
Valor:                3152
Time:                 32000
nIter:                23814
Best Iter:            23814
Improvement Count:    23813
==============================
Solution tour: 
0 44 40 38 25 38 16 41 36 20 
1 37 13 24 39 8 34 6 26 21 23 29 23 10 
2 
4 12 35 11 22 31 19 18 9 15 14 43 
3 30 17 
==============================

====== Algorithm Status ======
Valor:                3152
Time:                 64000
nIter:                49601
Best Iter:            49601
Improvement Count:    49600
==============================
Solution tour: 
0 44 40 38 25 38 16 41 36 20 
1 37 13 24 39 8 34 6 26 21 23 29 23 10 
2 
4 12 35 11 22 31 19 18 9 15 14 43 
3 30 17 
==============================

====== Algorithm Status ======
Valor:                3258
Time:                 128003
nIter:                103517
Best Iter:            103517
Improvement Count:    103516
==============================
Solution tour: 
0 44 40 38 25 14 16 41 36 20 
1 37 13 9 6 8 34 39 26 21 23 29 23 12 
2 10 35 11 22 31 19 18 24 15 14 43 
4 
5 
3 30 17 
==============================

====== Algorithm Status ======
Valor:                3333
Time:                 256000
nIter:                203303
Best Iter:            203303
Improvement Count:    203302
==============================
Solution tour: 
0 44 40 38 25 32 14 16 41 36 20 9 37 13 24 6 8 34 39 
1 21 23 29 23 12 
2 10 35 11 22 31 8 18 19 26 15 14 42 43 
4 
5 
3 30 17 
==============================

====== Algorithm Status ======
Valor:                3396
Time:                 512000
nIter:                426802
Best Iter:            426802
Improvement Count:    426801
==============================
Solution tour: 
0 44 40 38 25 32 33 14 16 21 41 36 20 9 13 15 24 6 34 39 
5 
2 10 
1 11 22 31 8 18 19 26 15 14 27 42 43 
4 
3 30 17 35 23 29 23 37 12 
==============================

====== Algorithm Status ======
Valor:                3462
Time:                 1024001
nIter:                881356
Best Iter:            881356
Improvement Count:    881357
==============================
Solution tour: 
0 44 40 38 25 32 27 14 16 21 16 41 36 20 9 13 15 24 6 34 39 
5 42 43 
4 
3 30 17 35 23 29 23 37 
1 
2 10 12 11 22 31 8 18 19 26 15 14 33 
==============================

====== Algorithm Status ======
Valor:                3462
Time:                 1024001
nIter:                881356
Best Iter:            881356
Improvement Count:    881357
==============================
Solution tour: 
0 44 40 38 25 32 27 14 16 21 16 41 36 20 9 13 15 24 6 34 39 
5 42 43 
4 
3 30 17 35 23 29 23 37 
1 
2 10 12 11 22 31 8 18 19 26 15 14 33 
==============================

