=========== Input ===========
File name:                ./instances/realistic-instances/5-10-1110588.cdop
Total node count:         16
Truck node count:         5
Drone node count:         10
=============================

========== Settings ==========
Settings file:        ./settings/Memetic_MPX_1099666.config
Seed:                 1099666
Reduction method:     -
Max iter:             1024000
Population size:      13
Crossover:            MA-MPX
Local Search:         LS
Warm Start:           Mario_WS
==============================

====== Algorithm Status ======
Valor:                1902
Time:                 250
nIter:                258
Best Iter:            258
Improvement Count:    257
==============================
Solution tour: 
0 13 7 
2 6 2 10 8 10 1 14 
1 
3 5 9 5 12 
5 11 15 11 13 
==============================

====== Algorithm Status ======
Valor:                1916
Time:                 500
nIter:                560
Best Iter:            560
Improvement Count:    559
==============================
Solution tour: 
0 13 7 
2 6 2 8 10 8 1 14 
1 
3 5 9 5 12 
5 11 15 11 10 13 
==============================

====== Algorithm Status ======
Valor:                1918
Time:                 1000
nIter:                1114
Best Iter:            1114
Improvement Count:    1113
==============================
Solution tour: 
0 13 0 
4 1 14 
1 
3 5 9 5 12 
5 11 15 10 12 10 8 10 13 7 
2 6 2 
==============================

====== Algorithm Status ======
Valor:                1918
Time:                 2000
nIter:                2304
Best Iter:            2304
Improvement Count:    2303
==============================
Solution tour: 
0 13 0 
4 1 14 
1 
3 5 9 5 12 
5 11 15 10 12 10 8 10 13 7 
2 6 2 
==============================

====== Algorithm Status ======
Valor:                1922
Time:                 4000
nIter:                4694
Best Iter:            4694
Improvement Count:    4693
==============================
Solution tour: 
0 13 0 
3 5 9 5 12 
5 3 11 15 10 12 10 8 10 14 
1 14 7 
2 6 2 
==============================

====== Algorithm Status ======
Valor:                1922
Time:                 8002
nIter:                8926
Best Iter:            8926
Improvement Count:    8925
==============================
Solution tour: 
0 13 0 
3 5 9 5 12 
5 3 11 15 10 12 10 8 10 14 
1 14 7 
2 6 2 
==============================

====== Algorithm Status ======
Valor:                1939
Time:                 16000
nIter:                17515
Best Iter:            17515
Improvement Count:    17514
==============================
Solution tour: 
0 13 10 8 10 
1 14 1 3 15 11 15 12 
5 9 5 
3 2 6 
2 7 13 
==============================

====== Algorithm Status ======
Valor:                1939
Time:                 32000
nIter:                35359
Best Iter:            35359
Improvement Count:    35358
==============================
Solution tour: 
0 13 10 8 10 
1 14 1 3 15 11 15 12 
5 9 5 
3 2 6 
2 7 13 
==============================

====== Algorithm Status ======
Valor:                1939
Time:                 64000
nIter:                72917
Best Iter:            72917
Improvement Count:    72916
==============================
Solution tour: 
0 13 10 8 10 
1 14 1 3 15 11 15 12 
5 9 5 
3 2 6 
2 7 13 
==============================

====== Algorithm Status ======
Valor:                1939
Time:                 128001
nIter:                157081
Best Iter:            157081
Improvement Count:    157080
==============================
Solution tour: 
0 13 10 8 10 
1 14 1 3 15 11 15 12 
5 9 5 
3 2 6 
2 7 13 
==============================

====== Algorithm Status ======
Valor:                1939
Time:                 256000
nIter:                307192
Best Iter:            307192
Improvement Count:    307191
==============================
Solution tour: 
0 13 10 8 10 
1 14 1 3 15 11 15 12 
5 9 5 
3 2 6 
2 7 13 
==============================

====== Algorithm Status ======
Valor:                1946
Time:                 512003
nIter:                612914
Best Iter:            612914
Improvement Count:    612913
==============================
Solution tour: 
0 2 6 
2 7 15 11 15 3 5 9 
5 12 10 1 14 
1 10 8 10 13 
==============================

====== Algorithm Status ======
Valor:                1948
Time:                 1024001
nIter:                1165934
Best Iter:            1165934
Improvement Count:    1165935
==============================
Solution tour: 
0 13 7 2 6 
2 7 14 1 14 15 11 15 
3 5 9 5 12 10 8 10 13 
==============================

====== Algorithm Status ======
Valor:                1948
Time:                 1024001
nIter:                1165934
Best Iter:            1165934
Improvement Count:    1165935
==============================
Solution tour: 
0 13 7 2 6 
2 7 14 1 14 15 11 15 
3 5 9 5 12 10 8 10 13 
==============================

