=========== Input ===========
File name:                ./instances/realistic-instances/5-10-1767920.cdop
Total node count:         16
Truck node count:         5
Drone node count:         10
=============================

========== Settings ==========
Settings file:        ./settings/Memetic-LS_MPX_1099666.config
Seed:                 1099666
Reduction method:     -
Max iter:             1024000
Population size:      13
Crossover:            MA-MPX
Local Search:         -
Warm Start:           Mario_WS
==============================

====== Algorithm Status ======
Valor:                1577
Time:                 250
nIter:                970
Best Iter:            970
Improvement Count:    969
==============================
Solution tour: 
0 10 1 13 7 14 12 14 2 9 8 6 2 
3 0 4 15 
4 0 
2 11 
1 10 
==============================

====== Algorithm Status ======
Valor:                1577
Time:                 500
nIter:                1983
Best Iter:            1983
Improvement Count:    1982
==============================
Solution tour: 
0 10 1 13 7 14 12 14 2 9 8 6 2 
3 0 4 15 
4 0 
2 11 
1 10 
==============================

====== Algorithm Status ======
Valor:                1577
Time:                 1000
nIter:                4081
Best Iter:            4081
Improvement Count:    4080
==============================
Solution tour: 
0 10 1 13 7 14 12 14 2 9 8 6 2 
3 0 4 15 
4 0 
2 11 
1 10 
==============================

====== Algorithm Status ======
Valor:                1638
Time:                 2000
nIter:                8432
Best Iter:            8432
Improvement Count:    8431
==============================
Solution tour: 
0 10 1 
5 7 14 12 14 2 9 8 6 13 
3 0 4 15 
4 0 
2 11 
1 10 
==============================

====== Algorithm Status ======
Valor:                1675
Time:                 4000
nIter:                18301
Best Iter:            18301
Improvement Count:    18300
==============================
Solution tour: 
0 10 1 
5 7 14 12 14 2 9 8 13 6 
2 11 
1 10 0 
3 0 4 15 
4 0 
==============================

====== Algorithm Status ======
Valor:                1675
Time:                 8000
nIter:                36704
Best Iter:            36704
Improvement Count:    36703
==============================
Solution tour: 
0 10 1 
5 7 14 12 14 2 9 8 13 6 
2 11 
1 10 0 
3 0 4 15 
4 0 
==============================

====== Algorithm Status ======
Valor:                1696
Time:                 16000
nIter:                72602
Best Iter:            72602
Improvement Count:    72601
==============================
Solution tour: 
0 10 1 
5 7 14 12 14 2 9 8 6 13 6 
2 11 
1 10 0 
3 0 4 15 
4 0 
==============================

====== Algorithm Status ======
Valor:                1696
Time:                 32000
nIter:                142109
Best Iter:            142109
Improvement Count:    142108
==============================
Solution tour: 
0 10 1 
5 7 14 12 14 2 9 8 6 13 6 
2 11 
1 10 0 
3 0 4 15 
4 0 
==============================

====== Algorithm Status ======
Valor:                1702
Time:                 64000
nIter:                275795
Best Iter:            275795
Improvement Count:    275794
==============================
Solution tour: 
0 10 1 5 7 
5 11 14 12 14 2 9 
2 6 13 6 8 11 
1 10 0 
3 0 4 15 
4 0 
==============================

====== Algorithm Status ======
Valor:                1702
Time:                 128000
nIter:                553917
Best Iter:            553917
Improvement Count:    553916
==============================
Solution tour: 
0 10 1 5 7 
5 11 14 12 14 2 9 
2 6 13 6 8 11 
1 10 0 
3 0 4 15 
4 0 
==============================

====== Algorithm Status ======
Valor:                1702
Time:                 256000
nIter:                1134896
Best Iter:            1134896
Improvement Count:    1134895
==============================
Solution tour: 
0 10 1 5 7 
5 11 14 12 14 2 9 
2 6 13 6 8 11 
1 10 0 
3 0 4 15 
4 0 
==============================

====== Algorithm Status ======
Valor:                1702
Time:                 512000
nIter:                2267261
Best Iter:            2267261
Improvement Count:    2267260
==============================
Solution tour: 
0 10 1 5 7 
5 11 14 12 14 2 9 
2 6 13 6 8 11 
1 10 0 
3 0 4 15 
4 0 
==============================

====== Algorithm Status ======
Valor:                1702
Time:                 1024001
nIter:                4533684
Best Iter:            4533684
Improvement Count:    4533685
==============================
Solution tour: 
0 10 1 5 7 
5 11 14 12 14 2 9 
2 6 13 6 8 11 
1 10 0 
3 0 4 15 
4 0 
==============================

====== Algorithm Status ======
Valor:                1702
Time:                 1024001
nIter:                4533684
Best Iter:            4533684
Improvement Count:    4533685
==============================
Solution tour: 
0 10 1 5 7 
5 11 14 12 14 2 9 
2 6 13 6 8 11 
1 10 0 
3 0 4 15 
4 0 
==============================

