=========== Input ===========
File name:                ./instances/realistic-instances/5-25-1767920.cdop
Total node count:         31
Truck node count:         5
Drone node count:         25
=============================

========== Settings ==========
Settings file:        ./settings/Memetic-LS_MMX_1881515.config
Seed:                 1881515
Reduction method:     -
Max iter:             1024000
Population size:      13
Crossover:            MA-MMX
Local Search:         -
Warm Start:           Mario_WS
==============================

====== Algorithm Status ======
Valor:                2219
Time:                 250
nIter:                562
Best Iter:            562
Improvement Count:    561
==============================
Solution tour: 
0 11 18 13 16 30 
1 10 14 8 9 20 11 21 27 3 24 
3 22 26 17 
2 28 12 19 
4 0 15 0 23 
==============================

====== Algorithm Status ======
Valor:                2219
Time:                 500
nIter:                1164
Best Iter:            1164
Improvement Count:    1163
==============================
Solution tour: 
0 11 18 13 16 30 
1 10 14 8 9 20 11 21 27 3 24 
3 22 26 17 
2 28 12 19 
4 0 15 0 23 
==============================

====== Algorithm Status ======
Valor:                2219
Time:                 1000
nIter:                2293
Best Iter:            2293
Improvement Count:    2292
==============================
Solution tour: 
0 11 18 13 16 30 
1 10 14 8 9 20 11 21 27 3 24 
3 22 26 17 
2 28 12 19 
4 0 15 0 23 
==============================

====== Algorithm Status ======
Valor:                2219
Time:                 2000
nIter:                4518
Best Iter:            4518
Improvement Count:    4517
==============================
Solution tour: 
0 11 18 13 16 30 
1 10 14 8 9 20 11 21 27 3 24 
3 22 26 17 
2 28 12 19 
4 0 15 0 23 
==============================

====== Algorithm Status ======
Valor:                2219
Time:                 4000
nIter:                9203
Best Iter:            9203
Improvement Count:    9202
==============================
Solution tour: 
0 11 18 13 16 30 
1 10 14 8 9 20 11 21 27 3 24 
3 22 26 17 
2 28 12 19 
4 0 15 0 23 
==============================

====== Algorithm Status ======
Valor:                2238
Time:                 8000
nIter:                18840
Best Iter:            18840
Improvement Count:    18839
==============================
Solution tour: 
0 13 18 30 16 30 
1 10 14 8 9 20 11 21 27 3 24 
3 14 17 
2 28 12 19 
4 0 15 0 23 
==============================

====== Algorithm Status ======
Valor:                2323
Time:                 16000
nIter:                37058
Best Iter:            37058
Improvement Count:    37057
==============================
Solution tour: 
0 13 18 30 16 30 
1 10 14 8 9 20 11 21 22 3 24 12 25 14 17 28 27 28 19 
4 0 15 0 23 
==============================

====== Algorithm Status ======
Valor:                2442
Time:                 32000
nIter:                72210
Best Iter:            72210
Improvement Count:    72209
==============================
Solution tour: 
0 13 18 30 16 30 
1 10 27 14 12 14 25 14 17 14 8 9 20 11 21 24 28 19 
4 0 15 0 23 
==============================

====== Algorithm Status ======
Valor:                2471
Time:                 64000
nIter:                136614
Best Iter:            136614
Improvement Count:    136613
==============================
Solution tour: 
0 13 18 30 16 30 
1 10 28 12 14 25 14 17 14 8 9 20 11 20 21 27 24 19 
4 0 15 0 23 
==============================

====== Algorithm Status ======
Valor:                2485
Time:                 128000
nIter:                259445
Best Iter:            259445
Improvement Count:    259444
==============================
Solution tour: 
0 13 18 30 16 30 
1 10 26 28 12 14 25 14 17 14 8 9 20 11 20 21 27 24 19 
4 0 15 0 23 
==============================

====== Algorithm Status ======
Valor:                2576
Time:                 256000
nIter:                526461
Best Iter:            526461
Improvement Count:    526460
==============================
Solution tour: 
0 29 18 30 16 30 
1 30 10 14 25 14 17 14 8 28 12 14 11 20 9 26 21 26 27 24 19 
4 0 15 0 23 
==============================

====== Algorithm Status ======
Valor:                2583
Time:                 512000
nIter:                1072612
Best Iter:            1072612
Improvement Count:    1072611
==============================
Solution tour: 
0 29 18 30 16 30 
1 30 10 14 25 14 17 14 12 14 11 20 9 8 28 13 21 26 27 24 19 
4 0 15 0 23 
==============================

====== Algorithm Status ======
Valor:                2583
Time:                 1024001
nIter:                2154240
Best Iter:            2154240
Improvement Count:    2154241
==============================
Solution tour: 
0 29 18 30 16 30 
1 30 10 14 25 14 17 14 12 14 11 20 9 8 28 13 21 26 27 24 19 
4 0 15 0 23 
==============================

====== Algorithm Status ======
Valor:                2583
Time:                 1024001
nIter:                2154240
Best Iter:            2154240
Improvement Count:    2154241
==============================
Solution tour: 
0 29 18 30 16 30 
1 30 10 14 25 14 17 14 12 14 11 20 9 8 28 13 21 26 27 24 19 
4 0 15 0 23 
==============================

