=========== Input ===========
File name:                ./instances/realistic-instances/5-40-1762875.cdop
Total node count:         46
Truck node count:         5
Drone node count:         40
=============================

========== Settings ==========
Settings file:        ./settings/Memetic_MMX_1287823.config
Seed:                 1287823
Reduction method:     -
Max iter:             1024000
Population size:      13
Crossover:            MA-MMX
Local Search:         LS
Warm Start:           Mario_WS
==============================

====== Algorithm Status ======
Valor:                3437
Time:                 251
nIter:                28
Best Iter:            28
Improvement Count:    27
==============================
Solution tour: 
0 16 21 41 7 30 28 34 28 24 31 26 35 25 12 13 11 6 27 22 44 
2 17 15 10 39 10 39 20 42 29 8 13 12 37 32 37 25 43 40 19 33 18 14 9 38 23 
1 36 41 7 21 
==============================

====== Algorithm Status ======
Valor:                3494
Time:                 510
nIter:                55
Best Iter:            55
Improvement Count:    54
==============================
Solution tour: 
0 16 13 30 44 36 41 12 8 13 11 25 6 22 27 37 32 37 
4 20 39 10 15 17 18 33 14 9 38 5 43 23 40 19 40 28 34 28 44 
2 24 31 36 7 28 21 
==============================

====== Algorithm Status ======
Valor:                3590
Time:                 1005
nIter:                123
Best Iter:            123
Improvement Count:    122
==============================
Solution tour: 
0 16 13 30 31 36 41 12 8 11 25 6 22 27 37 32 37 20 
4 20 39 10 15 17 18 33 14 9 38 5 38 43 23 19 40 35 42 44 
2 44 28 24 28 7 21 
==============================

====== Algorithm Status ======
Valor:                3598
Time:                 2003
nIter:                240
Best Iter:            240
Improvement Count:    239
==============================
Solution tour: 
0 16 13 30 31 36 41 12 8 11 25 6 22 27 37 32 37 42 20 
4 20 39 10 15 17 18 33 14 9 38 5 38 43 23 19 40 35 26 31 44 
2 44 28 24 7 21 
==============================

====== Algorithm Status ======
Valor:                3626
Time:                 4020
nIter:                466
Best Iter:            466
Improvement Count:    465
==============================
Solution tour: 
0 21 13 30 28 36 41 12 8 11 25 6 22 27 37 32 37 42 20 
4 20 39 10 15 17 18 33 14 9 38 5 38 43 23 19 40 19 40 35 26 31 44 
2 24 0 16 13 21 
==============================

====== Algorithm Status ======
Valor:                3627
Time:                 8003
nIter:                926
Best Iter:            926
Improvement Count:    925
==============================
Solution tour: 
0 21 13 30 28 36 41 12 8 11 25 6 22 27 35 37 32 37 42 20 
4 20 39 10 15 17 18 33 14 9 38 5 38 43 23 19 40 19 40 35 26 31 7 44 
2 24 16 13 21 
==============================

====== Algorithm Status ======
Valor:                3642
Time:                 16003
nIter:                1874
Best Iter:            1874
Improvement Count:    1873
==============================
Solution tour: 
0 16 13 21 13 30 28 36 41 12 8 11 25 6 37 32 37 22 42 20 
4 20 39 10 15 17 18 33 14 38 5 38 9 23 19 40 35 27 35 26 31 44 
2 24 28 7 21 
==============================

====== Algorithm Status ======
Valor:                3653
Time:                 32004
nIter:                3741
Best Iter:            3741
Improvement Count:    3740
==============================
Solution tour: 
0 16 13 8 13 21 13 30 7 36 41 12 11 25 37 32 37 6 21 42 20 
4 20 39 10 17 15 18 33 14 38 5 38 9 43 23 19 40 35 27 35 26 31 28 24 
2 44 7 21 
==============================

====== Algorithm Status ======
Valor:                3722
Time:                 64006
nIter:                7784
Best Iter:            7784
Improvement Count:    7783
==============================
Solution tour: 
0 21 13 8 13 30 31 36 41 12 11 6 25 37 32 37 35 27 29 42 20 
4 10 39 15 17 18 33 38 5 38 9 14 43 23 40 19 1 24 28 34 28 44 
2 44 16 
==============================

====== Algorithm Status ======
Valor:                3726
Time:                 128005
nIter:                15923
Best Iter:            15923
Improvement Count:    15922
==============================
Solution tour: 
0 21 13 8 13 30 31 36 41 12 6 37 32 37 11 25 35 27 29 42 20 
4 10 39 15 17 18 33 38 5 38 9 14 43 23 40 19 1 24 28 34 28 44 
2 44 16 
==============================

====== Algorithm Status ======
Valor:                3726
Time:                 256002
nIter:                30642
Best Iter:            30642
Improvement Count:    30641
==============================
Solution tour: 
0 21 13 8 13 30 31 36 41 12 6 37 32 37 11 25 35 27 29 42 20 
4 10 39 15 17 18 33 38 5 38 9 14 43 23 40 19 1 24 28 34 28 44 
2 44 16 
==============================

====== Algorithm Status ======
Valor:                3726
Time:                 512005
nIter:                61538
Best Iter:            61538
Improvement Count:    61537
==============================
Solution tour: 
0 21 13 8 13 30 31 36 41 12 6 37 32 37 11 25 35 27 29 42 20 
4 10 39 15 17 18 33 38 5 38 9 14 43 23 40 19 1 24 28 34 28 44 
2 44 16 
==============================

====== Algorithm Status ======
Valor:                3726
Time:                 1024004
nIter:                123648
Best Iter:            123648
Improvement Count:    123649
==============================
Solution tour: 
0 21 13 8 13 30 31 36 41 12 6 37 32 37 11 25 35 27 29 42 20 
4 10 39 15 17 18 33 38 5 38 9 14 43 23 40 19 1 24 28 34 28 44 
2 44 16 
==============================

====== Algorithm Status ======
Valor:                3726
Time:                 1024004
nIter:                123648
Best Iter:            123648
Improvement Count:    123649
==============================
Solution tour: 
0 21 13 8 13 30 31 36 41 12 6 37 32 37 11 25 35 27 29 42 20 
4 10 39 15 17 18 33 38 5 38 9 14 43 23 40 19 1 24 28 34 28 44 
2 44 16 
==============================

