=========== Input ===========
File name:                ./instances/realistic-instances/5-25-1110588.cdop
Total node count:         31
Truck node count:         5
Drone node count:         25
=============================

========== Settings ==========
Settings file:        ./settings/Memetic-LS_MMX_1099666.config
Seed:                 1099666
Reduction method:     -
Max iter:             1024000
Population size:      13
Crossover:            MA-MMX
Local Search:         -
Warm Start:           Mario_WS
==============================

====== Algorithm Status ======
Valor:                2159
Time:                 250
nIter:                539
Best Iter:            539
Improvement Count:    538
==============================
Solution tour: 
0 23 19 22 19 7 28 26 17 
3 12 8 10 
1 18 25 18 
4 21 30 9 15 6 
2 24 20 11 
==============================

====== Algorithm Status ======
Valor:                2159
Time:                 500
nIter:                1152
Best Iter:            1152
Improvement Count:    1151
==============================
Solution tour: 
0 23 19 22 19 7 28 26 17 
3 12 8 10 
1 18 25 18 
4 21 30 9 15 6 
2 24 20 11 
==============================

====== Algorithm Status ======
Valor:                2159
Time:                 1000
nIter:                2246
Best Iter:            2246
Improvement Count:    2245
==============================
Solution tour: 
0 23 19 22 19 7 28 26 17 
3 12 8 10 
1 18 25 18 
4 21 30 9 15 6 
2 24 20 11 
==============================

====== Algorithm Status ======
Valor:                2159
Time:                 2000
nIter:                4475
Best Iter:            4475
Improvement Count:    4474
==============================
Solution tour: 
0 23 19 22 19 7 28 26 17 
3 12 8 10 
1 18 25 18 
4 21 30 9 15 6 
2 24 20 11 
==============================

====== Algorithm Status ======
Valor:                2266
Time:                 4000
nIter:                9427
Best Iter:            9427
Improvement Count:    9426
==============================
Solution tour: 
0 23 19 22 19 7 19 28 26 28 8 10 
1 18 25 18 
4 21 11 20 9 30 15 6 12 24 20 
5 
==============================

====== Algorithm Status ======
Valor:                2271
Time:                 8000
nIter:                18771
Best Iter:            18771
Improvement Count:    18770
==============================
Solution tour: 
0 23 19 22 19 7 19 28 26 17 26 28 8 10 
1 18 25 18 
4 21 11 20 9 30 15 6 12 24 20 
5 
==============================

====== Algorithm Status ======
Valor:                2279
Time:                 16000
nIter:                35451
Best Iter:            35451
Improvement Count:    35450
==============================
Solution tour: 
0 23 19 22 19 7 28 26 17 26 20 26 28 8 10 
1 18 25 18 
4 21 11 20 9 30 15 6 12 24 12 24 20 
5 
==============================

====== Algorithm Status ======
Valor:                2360
Time:                 32000
nIter:                69194
Best Iter:            69194
Improvement Count:    69193
==============================
Solution tour: 
0 23 19 22 19 7 28 26 28 16 28 8 10 
1 18 25 18 
4 21 30 9 30 15 6 24 12 24 20 11 27 
==============================

====== Algorithm Status ======
Valor:                2360
Time:                 64000
nIter:                134618
Best Iter:            134618
Improvement Count:    134617
==============================
Solution tour: 
0 23 19 22 19 7 28 26 28 16 28 8 10 
1 18 25 18 
4 21 30 9 30 15 6 24 12 24 20 11 27 
==============================

====== Algorithm Status ======
Valor:                2360
Time:                 128000
nIter:                254638
Best Iter:            254638
Improvement Count:    254637
==============================
Solution tour: 
0 23 19 22 19 7 28 26 28 16 28 8 10 
1 18 25 18 
4 21 30 9 30 15 6 24 12 24 20 11 27 
==============================

====== Algorithm Status ======
Valor:                2371
Time:                 256000
nIter:                517973
Best Iter:            517973
Improvement Count:    517972
==============================
Solution tour: 
0 23 19 22 19 7 28 26 28 16 8 10 
1 18 25 18 21 
4 21 30 9 30 15 6 12 24 20 11 27 
==============================

====== Algorithm Status ======
Valor:                2371
Time:                 512000
nIter:                1032631
Best Iter:            1032631
Improvement Count:    1032630
==============================
Solution tour: 
0 23 19 22 19 7 28 26 28 16 8 10 
1 18 25 18 21 
4 21 30 9 30 15 6 12 24 20 11 27 
==============================

====== Algorithm Status ======
Valor:                2381
Time:                 1024001
nIter:                2033780
Best Iter:            2033780
Improvement Count:    2033781
==============================
Solution tour: 
0 23 19 22 19 28 26 17 26 28 16 8 10 
1 18 25 18 21 
4 21 30 9 15 6 12 24 20 11 7 14 27 
==============================

====== Algorithm Status ======
Valor:                2381
Time:                 1024001
nIter:                2033780
Best Iter:            2033780
Improvement Count:    2033781
==============================
Solution tour: 
0 23 19 22 19 28 26 17 26 28 16 8 10 
1 18 25 18 21 
4 21 30 9 15 6 12 24 20 11 7 14 27 
==============================

