=========== Input ===========
File name:                ./instances/realistic-instances/5-10-1767920.cdop
Total node count:         16
Truck node count:         5
Drone node count:         10
=============================

========== Settings ==========
Settings file:        ./settings/Memetic-LS_MPX_1287823.config
Seed:                 1287823
Reduction method:     -
Max iter:             1024000
Population size:      13
Crossover:            MA-MPX
Local Search:         -
Warm Start:           Mario_WS
==============================

====== Algorithm Status ======
Valor:                1577
Time:                 250
nIter:                1131
Best Iter:            1131
Improvement Count:    1130
==============================
Solution tour: 
0 10 1 13 7 14 12 14 2 9 8 6 2 
3 0 4 15 
4 0 
2 11 
1 10 
==============================

====== Algorithm Status ======
Valor:                1577
Time:                 500
nIter:                2316
Best Iter:            2316
Improvement Count:    2315
==============================
Solution tour: 
0 10 1 13 7 14 12 14 2 9 8 6 2 
3 0 4 15 
4 0 
2 11 
1 10 
==============================

====== Algorithm Status ======
Valor:                1638
Time:                 1000
nIter:                4797
Best Iter:            4797
Improvement Count:    4796
==============================
Solution tour: 
0 10 1 
5 7 14 12 14 2 9 8 6 13 
3 0 4 15 
4 0 
2 11 
1 10 
==============================

====== Algorithm Status ======
Valor:                1646
Time:                 2000
nIter:                10133
Best Iter:            10133
Improvement Count:    10132
==============================
Solution tour: 
0 10 1 
5 7 14 12 14 2 9 8 13 6 
2 11 
3 0 4 15 
4 0 
1 10 
==============================

====== Algorithm Status ======
Valor:                1675
Time:                 4000
nIter:                20822
Best Iter:            20822
Improvement Count:    20821
==============================
Solution tour: 
0 10 1 
5 7 14 12 14 2 9 8 13 6 
2 11 
1 10 0 
3 0 4 15 
4 0 
==============================

====== Algorithm Status ======
Valor:                1696
Time:                 8000
nIter:                40709
Best Iter:            40709
Improvement Count:    40708
==============================
Solution tour: 
0 10 1 
5 7 14 12 14 2 9 8 6 13 6 
2 11 
1 10 0 
3 0 4 15 
4 0 
==============================

====== Algorithm Status ======
Valor:                1696
Time:                 16000
nIter:                81571
Best Iter:            81571
Improvement Count:    81570
==============================
Solution tour: 
0 10 1 
5 7 14 12 14 2 9 8 6 13 6 
2 11 
1 10 0 
3 0 4 15 
4 0 
==============================

====== Algorithm Status ======
Valor:                1696
Time:                 32000
nIter:                162781
Best Iter:            162781
Improvement Count:    162780
==============================
Solution tour: 
0 10 1 
5 7 14 12 14 2 9 8 6 13 6 
2 11 
1 10 0 
3 0 4 15 
4 0 
==============================

====== Algorithm Status ======
Valor:                1698
Time:                 64000
nIter:                325182
Best Iter:            325182
Improvement Count:    325181
==============================
Solution tour: 
0 10 1 11 
5 7 14 12 14 2 9 
2 6 13 6 8 11 
1 10 0 
3 0 4 15 
4 
==============================

====== Algorithm Status ======
Valor:                1702
Time:                 128000
nIter:                609606
Best Iter:            609606
Improvement Count:    609605
==============================
Solution tour: 
0 10 1 5 7 
5 11 14 12 14 2 9 
2 6 13 6 8 11 
1 10 0 
3 0 4 15 
4 
==============================

====== Algorithm Status ======
Valor:                1702
Time:                 256000
nIter:                1206078
Best Iter:            1206078
Improvement Count:    1206077
==============================
Solution tour: 
0 10 1 5 7 
5 11 14 12 14 2 9 
2 6 13 6 8 11 
1 10 0 
3 0 4 15 
4 
==============================

====== Algorithm Status ======
Valor:                1702
Time:                 512000
nIter:                2384424
Best Iter:            2384424
Improvement Count:    2384423
==============================
Solution tour: 
0 10 1 5 7 
5 11 14 12 14 2 9 
2 6 13 6 8 11 
1 10 0 
3 0 4 15 
4 
==============================

====== Algorithm Status ======
Valor:                1702
Time:                 1024001
nIter:                4718531
Best Iter:            4718531
Improvement Count:    4718532
==============================
Solution tour: 
0 10 1 5 7 
5 11 14 12 14 2 9 
2 6 13 6 8 11 
1 10 0 
3 0 4 15 
4 
==============================

====== Algorithm Status ======
Valor:                1702
Time:                 1024001
nIter:                4718531
Best Iter:            4718531
Improvement Count:    4718532
==============================
Solution tour: 
0 10 1 5 7 
5 11 14 12 14 2 9 
2 6 13 6 8 11 
1 10 0 
3 0 4 15 
4 
==============================

