=========== Input ===========
File name:                ./instances/realistic-instances/5-10-1110588.cdop
Total node count:         16
Truck node count:         5
Drone node count:         10
=============================

========== Settings ==========
Settings file:        ./settings/Memetic-LS_MPX_1881515.config
Seed:                 1881515
Reduction method:     -
Max iter:             1024000
Population size:      13
Crossover:            MA-MPX
Local Search:         -
Warm Start:           Mario_WS
==============================

====== Algorithm Status ======
Valor:                1734
Time:                 250
nIter:                938
Best Iter:            938
Improvement Count:    937
==============================
Solution tour: 
0 13 0 2 7 8 10 1 14 
1 10 12 5 
3 15 11 
4 5 9 5 8 
2 
==============================

====== Algorithm Status ======
Valor:                1751
Time:                 500
nIter:                2101
Best Iter:            2101
Improvement Count:    2100
==============================
Solution tour: 
0 13 0 2 8 10 7 10 1 14 
1 10 12 5 
3 15 11 
4 5 9 
5 6 
2 
==============================

====== Algorithm Status ======
Valor:                1787
Time:                 1000
nIter:                4265
Best Iter:            4265
Improvement Count:    4264
==============================
Solution tour: 
0 13 0 2 8 10 13 10 1 14 
1 10 12 5 
3 15 11 
4 9 
5 9 7 
2 
==============================

====== Algorithm Status ======
Valor:                1810
Time:                 2000
nIter:                8837
Best Iter:            8837
Improvement Count:    8836
==============================
Solution tour: 
0 13 0 2 8 10 8 1 14 
1 10 12 5 
3 15 11 
4 9 
5 9 7 
2 
==============================

====== Algorithm Status ======
Valor:                1810
Time:                 4000
nIter:                18097
Best Iter:            18097
Improvement Count:    18096
==============================
Solution tour: 
0 13 0 2 8 10 8 1 14 
1 10 12 5 
3 15 11 
4 9 
5 9 7 
2 
==============================

====== Algorithm Status ======
Valor:                1810
Time:                 8000
nIter:                36847
Best Iter:            36847
Improvement Count:    36846
==============================
Solution tour: 
0 13 0 2 8 10 8 1 14 
1 10 12 5 
3 15 11 
4 9 
5 9 7 
2 
==============================

====== Algorithm Status ======
Valor:                1810
Time:                 16000
nIter:                74593
Best Iter:            74593
Improvement Count:    74592
==============================
Solution tour: 
0 13 0 2 8 10 8 1 14 
1 10 12 5 
3 15 11 
4 9 
5 9 7 
2 
==============================

====== Algorithm Status ======
Valor:                1810
Time:                 32000
nIter:                149577
Best Iter:            149577
Improvement Count:    149576
==============================
Solution tour: 
0 13 0 2 8 10 8 1 14 
1 10 12 5 
3 15 11 
4 9 
5 9 7 
2 
==============================

====== Algorithm Status ======
Valor:                1868
Time:                 64000
nIter:                303971
Best Iter:            303971
Improvement Count:    303970
==============================
Solution tour: 
0 13 0 2 8 10 8 1 14 
1 10 12 5 
3 15 11 
5 9 7 
2 6 2 
==============================

====== Algorithm Status ======
Valor:                1869
Time:                 128000
nIter:                627726
Best Iter:            627726
Improvement Count:    627725
==============================
Solution tour: 
0 13 0 10 8 10 1 14 
1 10 12 5 
3 15 11 
5 9 7 
2 6 2 
==============================

====== Algorithm Status ======
Valor:                1869
Time:                 256000
nIter:                1215938
Best Iter:            1215938
Improvement Count:    1215937
==============================
Solution tour: 
0 13 0 10 8 10 1 14 
1 10 12 5 
3 15 11 
5 9 7 
2 6 2 
==============================

====== Algorithm Status ======
Valor:                1869
Time:                 512000
nIter:                2423242
Best Iter:            2423242
Improvement Count:    2423241
==============================
Solution tour: 
0 13 0 10 8 10 1 14 
1 10 12 5 
3 15 11 
5 9 7 
2 6 2 
==============================

====== Algorithm Status ======
Valor:                1894
Time:                 1024001
nIter:                4885433
Best Iter:            4885433
Improvement Count:    4885434
==============================
Solution tour: 
0 13 10 8 10 1 14 
1 10 12 5 
3 15 11 
5 9 5 7 
2 6 2 
==============================

====== Algorithm Status ======
Valor:                1894
Time:                 1024001
nIter:                4885433
Best Iter:            4885433
Improvement Count:    4885434
==============================
Solution tour: 
0 13 10 8 10 1 14 
1 10 12 5 
3 15 11 
5 9 5 7 
2 6 2 
==============================

