=========== Input ===========
File name:                ./instances/realistic-instances/5-40-1917698.cdop
Total node count:         46
Truck node count:         5
Drone node count:         40
=============================

========== Settings ==========
Settings file:        ./settings/Memetic_MPX_1287823.config
Seed:                 1287823
Reduction method:     -
Max iter:             1024000
Population size:      13
Crossover:            MA-MPX
Local Search:         LS
Warm Start:           Mario_WS
==============================

====== Algorithm Status ======
Valor:                3397
Time:                 257
nIter:                39
Best Iter:            39
Improvement Count:    38
==============================
Solution tour: 
0 44 40 38 7 33 27 45 31 25 38 14 35 12 10 21 37 41 16 36 20 19 28 18 24 34 8 6 15 13 
5 42 32 17 30 10 
2 
1 23 29 23 43 
3 
4 1 11 22 9 26 39 12 
==============================

====== Algorithm Status ======
Valor:                3397
Time:                 507
nIter:                69
Best Iter:            69
Improvement Count:    68
==============================
Solution tour: 
0 44 40 38 7 33 27 45 31 25 38 14 35 12 10 21 37 41 16 36 20 19 28 18 24 34 8 6 15 13 
5 42 32 17 30 10 
2 
1 23 29 23 43 
3 
4 1 11 22 9 26 39 12 
==============================

====== Algorithm Status ======
Valor:                3520
Time:                 1001
nIter:                136
Best Iter:            136
Improvement Count:    135
==============================
Solution tour: 
0 
3 15 26 24 18 28 19 20 9 13 
5 42 44 25 32 17 30 10 
2 21 36 16 41 37 
1 0 33 45 23 29 23 43 
4 14 11 22 31 8 40 38 40 6 34 39 12 35 
==============================

====== Algorithm Status ======
Valor:                3524
Time:                 2000
nIter:                287
Best Iter:            287
Improvement Count:    286
==============================
Solution tour: 
0 
3 15 26 24 18 28 19 20 9 13 
5 42 44 25 32 17 30 10 
2 21 16 36 41 37 
1 14 33 45 23 29 23 43 
4 1 11 22 31 8 40 38 40 6 34 39 12 35 
==============================

====== Algorithm Status ======
Valor:                3524
Time:                 4000
nIter:                591
Best Iter:            591
Improvement Count:    590
==============================
Solution tour: 
0 
3 15 26 24 18 28 19 20 9 13 
5 42 44 25 32 17 30 10 
2 21 16 36 41 37 
1 14 33 45 23 29 23 43 
4 1 11 22 31 8 40 38 40 6 34 39 12 35 
==============================

====== Algorithm Status ======
Valor:                3524
Time:                 8008
nIter:                1196
Best Iter:            1196
Improvement Count:    1195
==============================
Solution tour: 
0 
3 15 26 24 18 28 19 20 9 13 
5 42 44 25 32 17 30 10 
2 21 16 36 41 37 
1 14 33 45 23 29 23 43 
4 1 11 22 31 8 40 38 40 6 34 39 12 35 
==============================

====== Algorithm Status ======
Valor:                3533
Time:                 16003
nIter:                2335
Best Iter:            2335
Improvement Count:    2334
==============================
Solution tour: 
0 
1 14 33 45 23 29 23 43 
3 15 26 24 18 28 19 20 36 21 16 41 37 9 13 
5 42 44 25 32 17 30 10 
4 1 11 22 31 8 40 38 40 6 34 39 12 35 
==============================

====== Algorithm Status ======
Valor:                3543
Time:                 32004
nIter:                4579
Best Iter:            4579
Improvement Count:    4578
==============================
Solution tour: 
0 
1 14 33 45 23 29 23 43 
3 15 26 24 18 28 19 20 36 21 16 41 37 9 13 5 
4 1 11 22 31 8 6 40 38 40 34 39 26 
5 42 44 25 32 17 30 12 35 10 
2 
==============================

====== Algorithm Status ======
Valor:                3554
Time:                 64017
nIter:                9311
Best Iter:            9311
Improvement Count:    9310
==============================
Solution tour: 
0 
1 14 33 0 44 45 23 29 23 43 
3 15 26 19 28 18 20 36 16 21 16 41 37 9 13 5 
4 1 11 22 31 8 6 40 38 40 34 24 39 
5 25 32 17 30 12 35 10 
==============================

====== Algorithm Status ======
Valor:                3554
Time:                 128006
nIter:                17469
Best Iter:            17469
Improvement Count:    17468
==============================
Solution tour: 
0 
1 14 33 0 44 45 23 29 23 43 
3 15 26 19 28 18 20 36 16 21 16 41 37 9 13 5 
4 1 11 22 31 8 6 40 38 40 34 24 39 
5 25 32 17 30 12 35 10 
==============================

====== Algorithm Status ======
Valor:                3564
Time:                 256001
nIter:                32398
Best Iter:            32398
Improvement Count:    32397
==============================
Solution tour: 
0 
1 14 33 0 44 32 25 45 23 29 23 43 
4 39 12 35 10 17 30 11 22 31 8 34 24 6 40 38 40 44 27 42 
3 15 26 19 28 18 20 36 16 21 16 41 37 9 13 5 
2 
==============================

====== Algorithm Status ======
Valor:                3613
Time:                 512005
nIter:                62203
Best Iter:            62203
Improvement Count:    62202
==============================
Solution tour: 
0 
1 0 33 0 44 32 25 45 23 29 23 43 
4 39 12 35 10 17 30 11 22 31 8 6 34 24 40 38 40 44 42 
3 14 16 21 16 36 41 37 15 26 19 28 18 20 9 13 5 
==============================

====== Algorithm Status ======
Valor:                3613
Time:                 1024004
nIter:                121436
Best Iter:            121436
Improvement Count:    121437
==============================
Solution tour: 
0 
1 0 33 0 44 32 25 45 23 29 23 43 
4 39 12 35 10 17 30 11 22 31 8 6 34 24 40 38 40 44 42 
3 14 16 21 16 36 41 37 15 26 19 28 18 20 9 13 5 
==============================

====== Algorithm Status ======
Valor:                3613
Time:                 1024004
nIter:                121436
Best Iter:            121436
Improvement Count:    121437
==============================
Solution tour: 
0 
1 0 33 0 44 32 25 45 23 29 23 43 
4 39 12 35 10 17 30 11 22 31 8 6 34 24 40 38 40 44 42 
3 14 16 21 16 36 41 37 15 26 19 28 18 20 9 13 5 
==============================

