=========== Input ===========
File name:                ./instances/realistic-instances/5-40-1762875.cdop
Total node count:         46
Truck node count:         5
Drone node count:         40
=============================

========== Settings ==========
Settings file:        ./settings/Memetic_MPX_1287823.config
Seed:                 1287823
Reduction method:     -
Max iter:             1024000
Population size:      13
Crossover:            MA-MPX
Local Search:         LS
Warm Start:           Mario_WS
==============================

====== Algorithm Status ======
Valor:                3448
Time:                 250
nIter:                32
Best Iter:            32
Improvement Count:    31
==============================
Solution tour: 
0 21 42 41 36 1 
3 18 33 38 23 27 22 6 25 37 32 37 12 8 13 11 35 43 40 9 14 19 17 15 39 20 
4 10 4 24 31 28 34 28 16 
5 
1 30 44 
2 
==============================

====== Algorithm Status ======
Valor:                3510
Time:                 513
nIter:                70
Best Iter:            70
Improvement Count:    69
==============================
Solution tour: 
0 16 31 7 21 6 12 41 36 42 8 13 11 25 35 26 9 14 33 38 
5 
3 18 23 43 27 22 37 32 37 40 19 17 15 39 20 
4 10 4 24 28 34 28 30 44 2 
==============================

====== Algorithm Status ======
Valor:                3510
Time:                 1008
nIter:                132
Best Iter:            132
Improvement Count:    131
==============================
Solution tour: 
0 16 31 7 21 6 12 41 36 42 8 13 11 25 35 26 9 14 33 38 
5 
3 18 23 43 27 22 37 32 37 40 19 17 15 39 20 
4 10 4 24 28 34 28 30 44 2 
==============================

====== Algorithm Status ======
Valor:                3515
Time:                 2005
nIter:                254
Best Iter:            254
Improvement Count:    253
==============================
Solution tour: 
0 16 30 31 41 36 42 21 13 8 12 11 14 9 38 
5 
1 
2 
3 18 23 43 27 6 37 32 37 25 19 40 17 15 39 20 
4 10 4 24 28 34 28 44 2 
==============================

====== Algorithm Status ======
Valor:                3585
Time:                 4007
nIter:                536
Best Iter:            536
Improvement Count:    535
==============================
Solution tour: 
0 16 30 31 7 41 36 42 21 13 8 12 25 11 14 33 9 38 
5 
1 
4 10 4 24 28 34 28 44 2 
3 18 23 43 27 22 6 37 32 37 35 40 19 17 15 39 20 4 
==============================

====== Algorithm Status ======
Valor:                3585
Time:                 8006
nIter:                1047
Best Iter:            1047
Improvement Count:    1046
==============================
Solution tour: 
0 16 30 31 7 41 36 42 21 13 8 12 25 11 14 33 9 38 
5 
1 
4 10 4 24 28 34 28 44 2 
3 18 23 43 27 22 6 37 32 37 35 40 19 17 15 39 20 4 
==============================

====== Algorithm Status ======
Valor:                3585
Time:                 16000
nIter:                2060
Best Iter:            2060
Improvement Count:    2059
==============================
Solution tour: 
0 16 30 31 7 41 36 42 21 13 8 12 25 11 14 33 9 38 
5 
1 
4 10 4 24 28 34 28 44 2 
3 18 23 43 27 22 6 37 32 37 35 40 19 17 15 39 20 4 
==============================

====== Algorithm Status ======
Valor:                3596
Time:                 32007
nIter:                4130
Best Iter:            4130
Improvement Count:    4129
==============================
Solution tour: 
0 16 30 31 7 36 42 41 21 13 8 12 11 14 9 38 
5 
1 
4 10 4 24 28 34 28 44 2 
3 18 33 23 43 27 22 6 37 32 37 25 35 40 19 17 15 39 20 4 
==============================

====== Algorithm Status ======
Valor:                3596
Time:                 64012
nIter:                8495
Best Iter:            8495
Improvement Count:    8494
==============================
Solution tour: 
0 16 30 31 7 36 42 41 21 13 8 12 11 14 9 38 
5 
1 
4 10 4 24 28 34 28 44 2 
3 18 33 23 43 27 22 6 37 32 37 25 35 40 19 17 15 39 20 4 
==============================

====== Algorithm Status ======
Valor:                3596
Time:                 128011
nIter:                17045
Best Iter:            17045
Improvement Count:    17044
==============================
Solution tour: 
0 16 30 31 7 36 42 41 21 13 8 12 11 14 9 38 
5 
1 
4 10 4 24 28 34 28 44 2 
3 18 33 23 43 27 22 6 37 32 37 25 35 40 19 17 15 39 20 4 
==============================

====== Algorithm Status ======
Valor:                3596
Time:                 256006
nIter:                32506
Best Iter:            32506
Improvement Count:    32505
==============================
Solution tour: 
0 16 30 31 7 36 42 41 21 13 8 12 11 14 9 38 
5 
1 
4 10 4 24 28 34 28 44 2 
3 18 33 23 43 27 22 6 37 32 37 25 35 40 19 17 15 39 20 4 
==============================

====== Algorithm Status ======
Valor:                3658
Time:                 512000
nIter:                65317
Best Iter:            65317
Improvement Count:    65316
==============================
Solution tour: 
0 16 13 8 13 21 7 30 28 34 28 31 36 41 12 11 14 9 38 
5 24 2 44 
2 
3 18 33 26 35 27 22 6 12 37 32 37 25 43 23 40 19 17 15 39 10 4 20 4 
==============================

====== Algorithm Status ======
Valor:                3681
Time:                 1024004
nIter:                128510
Best Iter:            128510
Improvement Count:    128511
==============================
Solution tour: 
0 16 13 8 13 21 42 7 30 28 34 28 31 36 41 12 11 14 9 38 
5 24 2 44 
2 
3 18 33 35 27 22 6 37 32 37 25 43 23 40 19 17 15 39 10 4 20 4 
==============================

====== Algorithm Status ======
Valor:                3681
Time:                 1024004
nIter:                128510
Best Iter:            128510
Improvement Count:    128511
==============================
Solution tour: 
0 16 13 8 13 21 42 7 30 28 34 28 31 36 41 12 11 14 9 38 
5 24 2 44 
2 
3 18 33 35 27 22 6 37 32 37 25 43 23 40 19 17 15 39 10 4 20 4 
==============================

