=========== Input ===========
File name:                ./instances/realistic-instances/5-25-1767920.cdop
Total node count:         31
Truck node count:         5
Drone node count:         25
=============================

========== Settings ==========
Settings file:        ./settings/Memetic_MMX_1881515.config
Seed:                 1881515
Reduction method:     -
Max iter:             1024000
Population size:      13
Crossover:            MA-MMX
Local Search:         LS
Warm Start:           Mario_WS
==============================

====== Algorithm Status ======
Valor:                2600
Time:                 250
nIter:                87
Best Iter:            87
Improvement Count:    86
==============================
Solution tour: 
0 23 14 25 14 17 14 12 13 28 19 4 21 27 26 9 
5 10 18 29 30 16 22 
3 24 8 24 7 11 20 11 0 15 23 
==============================

====== Algorithm Status ======
Valor:                2608
Time:                 500
nIter:                168
Best Iter:            168
Improvement Count:    167
==============================
Solution tour: 
0 23 14 25 14 17 14 12 13 28 8 19 4 21 27 26 9 
5 10 18 29 30 16 22 
3 24 7 11 20 11 0 15 23 
==============================

====== Algorithm Status ======
Valor:                2619
Time:                 1001
nIter:                339
Best Iter:            339
Improvement Count:    338
==============================
Solution tour: 
0 23 14 17 14 25 14 12 28 8 24 19 4 21 27 26 9 
5 10 18 29 30 16 22 
3 24 7 11 20 11 0 15 23 
==============================

====== Algorithm Status ======
Valor:                2641
Time:                 2001
nIter:                678
Best Iter:            678
Improvement Count:    677
==============================
Solution tour: 
0 23 14 17 14 25 14 12 13 21 26 21 27 26 22 10 5 9 
5 18 30 16 19 24 
3 24 7 24 28 8 11 20 11 0 15 
==============================

====== Algorithm Status ======
Valor:                2672
Time:                 4002
nIter:                1360
Best Iter:            1360
Improvement Count:    1359
==============================
Solution tour: 
0 23 8 14 17 14 25 14 12 28 13 27 21 26 22 10 5 9 
5 18 29 30 16 4 19 24 
3 24 7 11 20 11 0 15 
==============================

====== Algorithm Status ======
Valor:                2672
Time:                 8000
nIter:                2623
Best Iter:            2623
Improvement Count:    2622
==============================
Solution tour: 
0 23 8 14 17 14 25 14 12 28 13 27 21 26 22 10 5 9 
5 18 29 30 16 4 19 24 
3 24 7 11 20 11 0 15 
==============================

====== Algorithm Status ======
Valor:                2672
Time:                 16001
nIter:                5227
Best Iter:            5227
Improvement Count:    5226
==============================
Solution tour: 
0 23 8 14 17 14 25 14 12 28 13 27 21 26 22 10 5 9 
5 18 29 30 16 4 19 24 
3 24 7 11 20 11 0 15 
==============================

====== Algorithm Status ======
Valor:                2680
Time:                 32000
nIter:                10179
Best Iter:            10179
Improvement Count:    10178
==============================
Solution tour: 
0 23 8 28 12 14 17 14 25 14 12 28 13 27 21 26 22 10 5 9 
5 18 29 30 16 19 24 
3 24 7 11 20 11 0 15 
==============================

====== Algorithm Status ======
Valor:                2680
Time:                 64000
nIter:                19914
Best Iter:            19914
Improvement Count:    19913
==============================
Solution tour: 
0 23 8 28 12 14 17 14 25 14 12 28 13 27 21 26 22 10 5 9 
5 18 29 30 16 19 24 
3 24 7 11 20 11 0 15 
==============================

====== Algorithm Status ======
Valor:                2680
Time:                 128001
nIter:                37951
Best Iter:            37951
Improvement Count:    37950
==============================
Solution tour: 
0 23 8 28 12 14 17 14 25 14 12 28 13 27 21 26 22 10 5 9 
5 18 29 30 16 19 24 
3 24 7 11 20 11 0 15 
==============================

====== Algorithm Status ======
Valor:                2709
Time:                 256002
nIter:                78102
Best Iter:            78102
Improvement Count:    78101
==============================
Solution tour: 
0 23 8 28 12 14 17 14 25 14 26 27 26 21 26 22 10 5 9 
5 18 30 16 19 4 19 24 
3 24 7 11 20 11 0 29 
==============================

====== Algorithm Status ======
Valor:                2709
Time:                 512006
nIter:                156184
Best Iter:            156184
Improvement Count:    156183
==============================
Solution tour: 
0 23 8 28 12 14 17 14 25 14 26 27 26 21 26 22 10 5 9 
5 18 30 16 19 4 19 24 
3 24 7 11 20 11 0 29 
==============================

====== Algorithm Status ======
Valor:                2709
Time:                 1024003
nIter:                312645
Best Iter:            312645
Improvement Count:    312646
==============================
Solution tour: 
0 23 8 28 12 14 17 14 25 14 26 27 26 21 26 22 10 5 9 
5 18 30 16 19 4 19 24 
3 24 7 11 20 11 0 29 
==============================

====== Algorithm Status ======
Valor:                2709
Time:                 1024003
nIter:                312645
Best Iter:            312645
Improvement Count:    312646
==============================
Solution tour: 
0 23 8 28 12 14 17 14 25 14 26 27 26 21 26 22 10 5 9 
5 18 30 16 19 4 19 24 
3 24 7 11 20 11 0 29 
==============================

