=========== Input ===========
File name:                ./instances/created-instances/mm-10-40-1110588.cdop
Total node count:         51
Truck node count:         10
Drone node count:         40
=============================

========== Settings ==========
Settings file:        ./settings/Memetic_MMX_1287823.config
Seed:                 1287823
Reduction method:     -
Max iter:             1000
Population size:      13
Crossover:            MA-MMX
Local Search:         LS
==============================

====== Algorithm Status ======
Valor:                6412
Time:                 256
nIter:                13
Best Iter:            13
Improvement Count:    12
==============================
Solution tour: 
0 20 36 25 2 29 18 29 49 50 49 22 
6 35 38 21 38 43 17 43 5 48 5 44 39 13 
3 13 32 
10 32 7 32 42 14 
9 14 24 15 33 31 40 41 47 
7 47 26 37 36 45 36 19 36 37 27 34 46 27 12 39 30 49 2 49 29 2 30 39 24 28 27 37 20 
==============================

====== Algorithm Status ======
Valor:                6581
Time:                 507
nIter:                30
Best Iter:            30
Improvement Count:    29
==============================
Solution tour: 
0 20 18 22 6 5 48 5 44 39 13 
3 13 32 
10 32 7 32 42 14 
9 14 24 21 38 17 43 17 15 16 15 33 48 40 31 41 3 50 3 47 
7 47 48 26 0 36 37 36 45 36 19 36 37 27 34 46 27 12 35 39 30 49 2 25 2 29 49 50 49 29 2 49 30 39 24 20 
==============================

====== Algorithm Status ======
Valor:                6766
Time:                 1005
nIter:                60
Best Iter:            60
Improvement Count:    61
==============================
Solution tour: 
0 20 36 25 2 49 2 29 2 22 6 5 26 48 5 44 39 13 
3 49 50 49 29 37 13 33 15 16 15 33 3 22 3 13 39 44 32 
10 32 7 32 42 14 
9 14 24 21 38 17 43 17 16 15 41 31 40 7 47 7 3 36 45 36 19 36 37 35 34 46 27 12 30 39 30 18 20 
==============================

====== Algorithm Status ======
Valor:                6766
Time:                 1005
nIter:                60
Best Iter:            60
Improvement Count:    61
==============================
Solution tour: 
0 20 36 25 2 49 2 29 2 22 6 5 26 48 5 44 39 13 
3 49 50 49 29 37 13 33 15 16 15 33 3 22 3 13 39 44 32 
10 32 7 32 42 14 
9 14 24 21 38 17 43 17 16 15 41 31 40 7 47 7 3 36 45 36 19 36 37 35 34 46 27 12 30 39 30 18 20 
==============================

