=========== Input ===========
File name:                ./instances/created-instances/mm-15-40-1110588.cdop
Total node count:         56
Truck node count:         15
Drone node count:         40
=============================

========== Settings ==========
Settings file:        ./settings/Memetic-LS_MPX_1287823.config
Seed:                 1287823
Reduction method:     -
Max iter:             1000
Population size:      13
Crossover:            MA-MPX
Local Search:         -
==============================

====== Algorithm Status ======
Valor:                5711
Time:                 250
nIter:                132
Best Iter:            132
Improvement Count:    131
==============================
Solution tour: 
0 
13 32 19 52 39 25 38 22 31 
2 31 51 
6 21 20 27 50 54 49 45 37 41 4 34 54 
11 
10 14 3 21 39 21 3 35 54 
7 43 49 35 14 23 32 18 
12 40 12 55 29 16 48 36 28 
1 
8 13 47 22 53 34 44 
9 50 34 4 46 
4 
5 
14 35 
3 
==============================

====== Algorithm Status ======
Valor:                5711
Time:                 509
nIter:                270
Best Iter:            270
Improvement Count:    269
==============================
Solution tour: 
0 
13 32 19 52 39 25 38 22 31 
2 31 51 
6 21 20 27 50 54 49 45 37 41 4 34 54 
11 
10 14 3 21 39 21 3 35 54 
7 43 49 35 14 23 32 18 
12 40 12 55 29 16 48 36 28 
1 
8 13 47 22 53 34 44 
9 50 34 4 46 
4 
5 
14 35 
3 
==============================

====== Algorithm Status ======
Valor:                5711
Time:                 1002
nIter:                518
Best Iter:            518
Improvement Count:    519
==============================
Solution tour: 
0 
13 32 19 52 39 25 38 22 31 
2 31 51 
6 21 20 27 50 54 49 45 37 41 4 34 54 
11 
10 14 3 21 39 21 3 35 54 
7 43 49 35 14 23 32 18 
12 40 12 55 29 16 48 36 28 
1 
8 13 47 22 53 34 44 
9 50 34 4 46 
4 
5 
14 35 
3 
==============================

====== Algorithm Status ======
Valor:                5711
Time:                 1002
nIter:                518
Best Iter:            518
Improvement Count:    519
==============================
Solution tour: 
0 
13 32 19 52 39 25 38 22 31 
2 31 51 
6 21 20 27 50 54 49 45 37 41 4 34 54 
11 
10 14 3 21 39 21 3 35 54 
7 43 49 35 14 23 32 18 
12 40 12 55 29 16 48 36 28 
1 
8 13 47 22 53 34 44 
9 50 34 4 46 
4 
5 
14 35 
3 
==============================

