=========== Input ===========
File name:                ./instances/created-instances/mm-10-25-1891798.cdop
Total node count:         36
Truck node count:         10
Drone node count:         25
=============================

========== Settings ==========
Settings file:        ./settings/Memetic_MPX_1099666.config
Seed:                 1099666
Reduction method:     -
Max iter:             1000
Population size:      13
Crossover:            MA-MPX
Local Search:         LS
==============================

====== Algorithm Status ======
Valor:                5331
Time:                 254
nIter:                33
Best Iter:            33
Improvement Count:    32
==============================
Solution tour: 
0 35 7 18 33 
5 19 16 19 23 
6 11 
4 19 9 26 34 32 
8 20 29 32 
7 35 33 18 29 8 32 22 32 
2 20 8 27 15 25 15 24 15 24 12 21 12 13 17 
3 17 14 17 11 6 23 
1 23 9 19 2 
10 22 
==============================

====== Algorithm Status ======
Valor:                5797
Time:                 503
nIter:                71
Best Iter:            71
Improvement Count:    70
==============================
Solution tour: 
0 35 7 35 
7 35 7 18 33 5 33 18 29 8 32 22 32 
2 32 8 27 15 25 15 24 15 24 12 21 12 13 12 17 
3 17 14 17 11 6 11 4 23 
1 23 6 9 23 19 9 
6 23 
4 19 2 8 0 8 26 
9 19 
5 29 20 
8 20 0 22 34 10 16 19 
==============================

====== Algorithm Status ======
Valor:                5797
Time:                 1003
nIter:                136
Best Iter:            136
Improvement Count:    137
==============================
Solution tour: 
0 35 7 35 
7 35 7 18 33 5 33 18 29 8 32 22 32 
2 32 8 27 15 25 15 24 15 24 12 21 12 13 12 17 
3 17 14 17 11 6 11 4 23 
1 23 6 9 23 19 9 
6 23 
4 19 2 8 0 8 26 
9 19 
5 29 20 
8 20 0 22 34 10 16 19 
==============================

====== Algorithm Status ======
Valor:                5797
Time:                 1003
nIter:                136
Best Iter:            136
Improvement Count:    137
==============================
Solution tour: 
0 35 7 35 
7 35 7 18 33 5 33 18 29 8 32 22 32 
2 32 8 27 15 25 15 24 15 24 12 21 12 13 12 17 
3 17 14 17 11 6 11 4 23 
1 23 6 9 23 19 9 
6 23 
4 19 2 8 0 8 26 
9 19 
5 29 20 
8 20 0 22 34 10 16 19 
==============================

