=========== Input ===========
File name:                ./instances/created-instances/mm-15-25-1891798.cdop
Total node count:         41
Truck node count:         15
Drone node count:         25
=============================

========== Settings ==========
Settings file:        ./settings/Memetic-LS_MMX_1881515.config
Seed:                 1881515
Reduction method:     -
Max iter:             1000
Population size:      13
Crossover:            MA-MMX
Local Search:         -
==============================

====== Algorithm Status ======
Valor:                4355
Time:                 250
nIter:                337
Best Iter:            337
Improvement Count:    336
==============================
Solution tour: 
0 33 14 32 17 31 37 28 20 4 23 33 
7 22 7 
8 
12 39 
14 39 34 15 
5 
6 
11 24 
3 
1 4 11 
4 24 25 27 38 24 38 30 
9 40 13 19 35 
2 40 18 17 5 9 16 21 
10 0 
13 40 
==============================

====== Algorithm Status ======
Valor:                4355
Time:                 502
nIter:                675
Best Iter:            675
Improvement Count:    674
==============================
Solution tour: 
0 33 14 32 17 31 37 28 20 4 23 33 
7 22 7 
8 
12 39 
14 39 34 15 
5 
6 
11 24 
3 
1 4 11 
4 24 25 27 38 24 38 30 
9 40 13 19 35 
2 40 18 17 5 9 16 21 
10 0 
13 40 
==============================

====== Algorithm Status ======
Valor:                4355
Time:                 1001
nIter:                1362
Best Iter:            1362
Improvement Count:    1363
==============================
Solution tour: 
0 33 14 32 17 31 37 28 20 4 23 33 
7 22 7 
8 
12 39 
14 39 34 15 
5 
6 
11 24 
3 
1 4 11 
4 24 25 27 38 24 38 30 
9 40 13 19 35 
2 40 18 17 5 9 16 21 
10 0 
13 40 
==============================

====== Algorithm Status ======
Valor:                4355
Time:                 1001
nIter:                1362
Best Iter:            1362
Improvement Count:    1363
==============================
Solution tour: 
0 33 14 32 17 31 37 28 20 4 23 33 
7 22 7 
8 
12 39 
14 39 34 15 
5 
6 
11 24 
3 
1 4 11 
4 24 25 27 38 24 38 30 
9 40 13 19 35 
2 40 18 17 5 9 16 21 
10 0 
13 40 
==============================

