=========== Input ===========
File name:                ./instances/created-instances/mm-15-25-1762875.cdop
Total node count:         41
Truck node count:         15
Drone node count:         25
=============================

========== Settings ==========
Settings file:        ./settings/Memetic_MMX_1287823.config
Seed:                 1287823
Reduction method:     -
Max iter:             1000
Population size:      13
Crossover:            MA-MMX
Local Search:         LS
==============================

====== Algorithm Status ======
Valor:                5760
Time:                 254
nIter:                24
Best Iter:            24
Improvement Count:    23
==============================
Solution tour: 
0 13 21 34 21 24 40 1 40 36 10 14 29 7 29 30 38 30 19 37 31 37 19 25 13 
5 
14 5 13 
2 6 9 31 23 31 8 33 17 11 28 22 28 18 12 27 12 26 17 39 8 35 37 13 7 9 34 12 33 
8 39 17 33 12 32 12 31 9 7 13 
==============================

====== Algorithm Status ======
Valor:                5900
Time:                 511
nIter:                49
Best Iter:            49
Improvement Count:    48
==============================
Solution tour: 
0 13 10 21 34 21 24 40 1 40 36 10 14 5 16 29 7 29 30 38 30 23 31 19 37 19 25 20 13 
5 
14 13 20 33 17 18 28 22 39 26 33 32 12 27 12 8 33 26 17 39 33 8 35 12 34 12 32 12 33 38 39 
8 39 17 33 12 32 12 31 23 9 7 13 
==============================

====== Algorithm Status ======
Valor:                5908
Time:                 1005
nIter:                87
Best Iter:            87
Improvement Count:    88
==============================
Solution tour: 
0 13 10 21 34 21 24 40 1 40 24 36 10 14 5 16 29 7 29 30 38 30 23 31 19 37 19 25 20 13 
5 
14 5 13 20 33 17 18 28 22 39 26 33 32 12 27 12 8 33 26 17 39 33 8 35 12 34 12 32 12 33 38 39 
8 39 17 33 12 32 12 31 23 9 13 
==============================

====== Algorithm Status ======
Valor:                5908
Time:                 1005
nIter:                87
Best Iter:            87
Improvement Count:    88
==============================
Solution tour: 
0 13 10 21 34 21 24 40 1 40 24 36 10 14 5 16 29 7 29 30 38 30 23 31 19 37 19 25 20 13 
5 
14 5 13 20 33 17 18 28 22 39 26 33 32 12 27 12 8 33 26 17 39 33 8 35 12 34 12 32 12 33 38 39 
8 39 17 33 12 32 12 31 23 9 13 
==============================

