=========== Input ===========
File name:                ./instances/created-instances/mm-10-25-1762875.cdop
Total node count:         36
Truck node count:         10
Drone node count:         25
=============================

========== Settings ==========
Settings file:        ./settings/Memetic-LS_MPX_1287823.config
Seed:                 1287823
Reduction method:     -
Max iter:             1000
Population size:      13
Crossover:            MA-MPX
Local Search:         -
==============================

====== Algorithm Status ======
Valor:                4036
Time:                 250
nIter:                244
Best Iter:            244
Improvement Count:    243
==============================
Solution tour: 
0 6 27 32 
2 27 16 29 35 32 10 12 19 
1 22 33 
3 8 31 8 30 25 31 15 24 23 14 30 8 24 
8 21 28 
5 27 
9 
4 29 16 24 11 26 20 35 
7 34 15 18 17 
6 
==============================

====== Algorithm Status ======
Valor:                4036
Time:                 502
nIter:                480
Best Iter:            480
Improvement Count:    479
==============================
Solution tour: 
0 6 27 32 
2 27 16 29 35 32 10 12 19 
1 22 33 
3 8 31 8 30 25 31 15 24 23 14 30 8 24 
8 21 28 
5 27 
9 
4 29 16 24 11 26 20 35 
7 34 15 18 17 
6 
==============================

====== Algorithm Status ======
Valor:                4036
Time:                 1002
nIter:                977
Best Iter:            977
Improvement Count:    978
==============================
Solution tour: 
0 6 27 32 
2 27 16 29 35 32 10 12 19 
1 22 33 
3 8 31 8 30 25 31 15 24 23 14 30 8 24 
8 21 28 
5 27 
9 
4 29 16 24 11 26 20 35 
7 34 15 18 17 
6 
==============================

====== Algorithm Status ======
Valor:                4036
Time:                 1002
nIter:                977
Best Iter:            977
Improvement Count:    978
==============================
Solution tour: 
0 6 27 32 
2 27 16 29 35 32 10 12 19 
1 22 33 
3 8 31 8 30 25 31 15 24 23 14 30 8 24 
8 21 28 
5 27 
9 
4 29 16 24 11 26 20 35 
7 34 15 18 17 
6 
==============================

