=========== Input ===========
File name:                ./instances/created-instances/mm-10-25-1762875.cdop
Total node count:         36
Truck node count:         10
Drone node count:         25
=============================

========== Settings ==========
Settings file:        ./settings/Memetic_MMX_1287823.config
Seed:                 1287823
Reduction method:     -
Max iter:             1000
Population size:      13
Crossover:            MA-MMX
Local Search:         LS
==============================

====== Algorithm Status ======
Valor:                5107
Time:                 256
nIter:                31
Best Iter:            31
Improvement Count:    30
==============================
Solution tour: 
0 6 17 6 0 27 17 29 21 28 21 29 16 29 35 32 35 15 16 9 
4 9 21 8 31 15 24 8 25 33 30 25 30 8 24 18 11 26 20 26 10 32 10 1 22 
1 10 31 8 21 9 14 9 27 18 17 18 32 19 12 13 6 
==============================

====== Algorithm Status ======
Valor:                5225
Time:                 517
nIter:                65
Best Iter:            65
Improvement Count:    64
==============================
Solution tour: 
0 6 0 17 6 0 27 17 0 29 21 28 21 29 16 29 35 32 35 15 16 9 
4 9 21 8 31 15 31 24 8 25 8 30 33 30 25 30 8 24 18 11 26 20 26 10 32 10 1 22 
1 10 31 8 21 17 18 17 27 32 19 12 13 6 
==============================

====== Algorithm Status ======
Valor:                5289
Time:                 1009
nIter:                147
Best Iter:            147
Improvement Count:    148
==============================
Solution tour: 
0 6 9 14 9 21 29 21 12 21 8 33 21 28 21 29 16 29 35 32 10 32 35 15 35 9 
4 9 16 15 31 15 24 8 25 8 31 8 30 33 30 25 30 8 24 11 26 20 26 11 24 30 32 10 1 22 34 12 8 21 17 18 17 12 19 12 13 6 
==============================

====== Algorithm Status ======
Valor:                5289
Time:                 1009
nIter:                147
Best Iter:            147
Improvement Count:    148
==============================
Solution tour: 
0 6 9 14 9 21 29 21 12 21 8 33 21 28 21 29 16 29 35 32 10 32 35 15 35 9 
4 9 16 15 31 15 24 8 25 8 31 8 30 33 30 25 30 8 24 11 26 20 26 11 24 30 32 10 1 22 34 12 8 21 17 18 17 12 19 12 13 6 
==============================

