=========== Input ===========
File name:                ./instances/created-instances/mm-10-40-1110588.cdop
Total node count:         51
Truck node count:         10
Drone node count:         40
=============================

========== Settings ==========
Settings file:        ./settings/Memetic-LS_MPX_1287823.config
Seed:                 1287823
Reduction method:     -
Max iter:             1000
Population size:      13
Crossover:            MA-MPX
Local Search:         -
==============================

====== Algorithm Status ======
Valor:                4920
Time:                 250
nIter:                140
Best Iter:            140
Improvement Count:    139
==============================
Solution tour: 
0 20 35 30 49 
2 29 49 29 2 25 36 19 36 
6 
4 5 26 
5 
1 38 43 17 43 47 41 31 40 48 33 15 42 
8 1 21 46 34 27 12 50 49 50 3 13 39 44 
9 14 9 14 24 39 30 18 11 45 36 37 29 32 
7 
3 
==============================

====== Algorithm Status ======
Valor:                4920
Time:                 500
nIter:                261
Best Iter:            261
Improvement Count:    260
==============================
Solution tour: 
0 20 35 30 49 
2 29 49 29 2 25 36 19 36 
6 
4 5 26 
5 
1 38 43 17 43 47 41 31 40 48 33 15 42 
8 1 21 46 34 27 12 50 49 50 3 13 39 44 
9 14 9 14 24 39 30 18 11 45 36 37 29 32 
7 
3 
==============================

====== Algorithm Status ======
Valor:                4920
Time:                 1002
nIter:                551
Best Iter:            551
Improvement Count:    552
==============================
Solution tour: 
0 20 35 30 49 
2 29 49 29 2 25 36 19 36 
6 
4 5 26 
5 
1 38 43 17 43 47 41 31 40 48 33 15 42 
8 1 21 46 34 27 12 50 49 50 3 13 39 44 
9 14 9 14 24 39 30 18 11 45 36 37 29 32 
7 
3 
==============================

====== Algorithm Status ======
Valor:                4920
Time:                 1002
nIter:                551
Best Iter:            551
Improvement Count:    552
==============================
Solution tour: 
0 20 35 30 49 
2 29 49 29 2 25 36 19 36 
6 
4 5 26 
5 
1 38 43 17 43 47 41 31 40 48 33 15 42 
8 1 21 46 34 27 12 50 49 50 3 13 39 44 
9 14 9 14 24 39 30 18 11 45 36 37 29 32 
7 
3 
==============================

