=========== Input ===========
File name:                ./instances/created-instances/mm-10-25-1917698.cdop
Total node count:         36
Truck node count:         10
Drone node count:         25
=============================

========== Settings ==========
Settings file:        ./settings/Memetic_MPX_1287823.config
Seed:                 1287823
Reduction method:     -
Max iter:             1000
Population size:      13
Crossover:            MA-MPX
Local Search:         LS
==============================

====== Algorithm Status ======
Valor:                4863
Time:                 254
nIter:                39
Best Iter:            39
Improvement Count:    38
==============================
Solution tour: 
0 21 33 21 
4 17 4 21 0 32 24 16 30 27 30 9 30 16 26 
10 26 3 
1 15 35 19 6 14 6 19 12 19 29 28 25 28 23 34 23 27 
6 27 20 27 
2 24 13 24 
3 26 16 32 16 18 
8 
7 11 2 0 17 
==============================

====== Algorithm Status ======
Valor:                4863
Time:                 502
nIter:                75
Best Iter:            75
Improvement Count:    74
==============================
Solution tour: 
0 21 33 21 
4 17 4 21 0 32 24 16 30 27 30 9 30 16 26 
10 26 3 
1 15 35 19 6 14 6 19 12 19 29 28 25 28 23 34 23 27 
6 27 20 27 
2 24 13 24 
3 26 16 32 16 18 
8 
7 11 2 0 17 
==============================

====== Algorithm Status ======
Valor:                4863
Time:                 1001
nIter:                152
Best Iter:            152
Improvement Count:    153
==============================
Solution tour: 
0 21 33 21 
4 17 4 21 0 32 24 16 30 27 30 9 30 16 26 
10 26 3 
1 15 35 19 6 14 6 19 12 19 29 28 25 28 23 34 23 27 
6 27 20 27 
2 24 13 24 
3 26 16 32 16 18 
8 
7 11 2 0 17 
==============================

====== Algorithm Status ======
Valor:                4863
Time:                 1001
nIter:                152
Best Iter:            152
Improvement Count:    153
==============================
Solution tour: 
0 21 33 21 
4 17 4 21 0 32 24 16 30 27 30 9 30 16 26 
10 26 3 
1 15 35 19 6 14 6 19 12 19 29 28 25 28 23 34 23 27 
6 27 20 27 
2 24 13 24 
3 26 16 32 16 18 
8 
7 11 2 0 17 
==============================

