=========== Input ===========
File name:                ./instances/created-instances/mm-10-40-1917698.cdop
Total node count:         51
Truck node count:         10
Drone node count:         40
=============================

========== Settings ==========
Settings file:        ./settings/Memetic_MMX_1881515.config
Seed:                 1881515
Reduction method:     -
Max iter:             1000
Population size:      13
Crossover:            MA-MMX
Local Search:         LS
==============================

====== Algorithm Status ======
Valor:                6056
Time:                 265
nIter:                13
Best Iter:            13
Improvement Count:    12
==============================
Solution tour: 
0 42 26 39 33 24 33 13 24 3 15 19 35 12 6 40 14 40 43 9 41 23 11 2 38 47 38 
2 30 36 22 31 22 1 22 36 14 29 9 38 16 38 39 38 47 48 47 
3 43 17 42 17 4 50 32 28 29 28 27 
9 27 49 30 9 49 9 43 26 21 33 39 33 21 
==============================

====== Algorithm Status ======
Valor:                6390
Time:                 510
nIter:                28
Best Iter:            28
Improvement Count:    27
==============================
Solution tour: 
0 42 17 42 26 39 33 24 33 3 15 19 35 19 12 6 40 14 40 6 12 35 19 14 47 43 9 41 2 11 2 38 3 47 38 39 38 44 38 39 
2 16 13 36 22 1 22 31 10 37 50 32 28 29 28 27 48 27 23 27 28 46 29 
9 30 9 49 27 49 30 49 9 43 26 21 4 33 39 49 12 43 21 33 21 
==============================

====== Algorithm Status ======
Valor:                6623
Time:                 1039
nIter:                57
Best Iter:            57
Improvement Count:    58
==============================
Solution tour: 
0 17 0 42 26 39 33 24 33 13 3 15 19 35 36 22 31 22 1 22 36 12 14 40 14 29 9 38 16 38 39 38 47 41 46 48 47 3 1 
3 43 21 4 17 42 17 4 50 32 28 29 28 27 48 12 35 19 15 48 27 23 27 28 46 29 44 30 26 49 26 43 
9 27 49 30 47 9 49 9 43 26 21 33 39 33 21 
==============================

====== Algorithm Status ======
Valor:                6623
Time:                 1039
nIter:                57
Best Iter:            57
Improvement Count:    58
==============================
Solution tour: 
0 17 0 42 26 39 33 24 33 13 3 15 19 35 36 22 31 22 1 22 36 12 14 40 14 29 9 38 16 38 39 38 47 41 46 48 47 3 1 
3 43 21 4 17 42 17 4 50 32 28 29 28 27 48 12 35 19 15 48 27 23 27 28 46 29 44 30 26 49 26 43 
9 27 49 30 47 9 49 9 43 26 21 33 39 33 21 
==============================

