=========== Input ===========
File name:                ./instances/created-instances/mm-10-40-1110588.cdop
Total node count:         51
Truck node count:         10
Drone node count:         40
=============================

========== Settings ==========
Settings file:        ./settings/Memetic-LS_MMX_1881515.config
Seed:                 1881515
Reduction method:     -
Max iter:             1000
Population size:      13
Crossover:            MA-MMX
Local Search:         -
==============================

====== Algorithm Status ======
Valor:                5056
Time:                 251
nIter:                166
Best Iter:            166
Improvement Count:    165
==============================
Solution tour: 
0 20 35 30 49 
2 29 49 29 2 25 36 19 36 
6 
4 5 26 
5 38 43 17 43 47 41 31 41 31 40 48 33 15 42 
8 1 21 46 34 27 12 50 49 50 3 13 39 44 
9 14 9 14 24 39 30 18 11 45 36 37 29 32 
7 
3 
==============================

====== Algorithm Status ======
Valor:                5178
Time:                 500
nIter:                321
Best Iter:            321
Improvement Count:    320
==============================
Solution tour: 
0 20 35 30 49 
2 29 49 29 2 25 49 29 2 25 36 19 36 
6 5 26 
5 38 43 17 43 47 41 31 41 31 40 48 33 15 42 
8 1 21 46 34 27 12 50 49 50 3 13 39 44 
9 14 9 14 24 39 30 18 11 45 36 37 29 32 
7 
3 
==============================

====== Algorithm Status ======
Valor:                5196
Time:                 1001
nIter:                630
Best Iter:            630
Improvement Count:    631
==============================
Solution tour: 
0 20 35 30 49 
2 29 49 29 2 25 49 29 2 25 36 19 36 
6 5 26 
5 38 43 17 43 47 41 31 41 31 40 48 33 15 42 
8 1 21 46 34 27 12 50 49 50 3 13 39 44 
9 14 9 14 24 39 30 18 11 45 36 37 29 32 
7 48 
==============================

====== Algorithm Status ======
Valor:                5196
Time:                 1001
nIter:                630
Best Iter:            630
Improvement Count:    631
==============================
Solution tour: 
0 20 35 30 49 
2 29 49 29 2 25 49 29 2 25 36 19 36 
6 5 26 
5 38 43 17 43 47 41 31 41 31 40 48 33 15 42 
8 1 21 46 34 27 12 50 49 50 3 13 39 44 
9 14 9 14 24 39 30 18 11 45 36 37 29 32 
7 48 
==============================

