=========== Input ===========
File name:                ./instances/created-instances/mm-15-10-1110588.cdop
Total node count:         26
Truck node count:         15
Drone node count:         10
=============================

========== Settings ==========
Settings file:        ./settings/Memetic-LS_MMX_1287823.config
Seed:                 1287823
Reduction method:     -
Max iter:             1000
Population size:      13
Crossover:            MA-MMX
Local Search:         -
==============================

====== Algorithm Status ======
Valor:                2533
Time:                 250
nIter:                675
Best Iter:            675
Improvement Count:    674
==============================
Solution tour: 
0 
13 
2 21 
6 0 15 
11 15 
10 20 25 24 
7 22 0 5 
12 
1 10 13 24 13 21 18 3 21 3 
8 
9 12 5 23 19 18 
4 18 16 
5 
14 
3 
==============================

====== Algorithm Status ======
Valor:                2560
Time:                 500
nIter:                1351
Best Iter:            1351
Improvement Count:    1350
==============================
Solution tour: 
0 
13 
2 21 
6 0 15 
11 15 
10 20 25 24 
7 22 0 5 
12 10 13 24 13 21 18 3 21 3 
8 
9 12 5 23 19 18 
4 18 16 
5 
14 
3 
==============================

====== Algorithm Status ======
Valor:                2657
Time:                 1001
nIter:                2645
Best Iter:            2645
Improvement Count:    2646
==============================
Solution tour: 
0 
13 
2 21 
6 0 22 15 
11 15 
10 20 25 24 
7 22 0 5 
12 10 13 24 13 21 13 18 3 21 3 
8 
9 12 5 23 19 18 
4 18 16 
5 
14 
3 
==============================

====== Algorithm Status ======
Valor:                2657
Time:                 1001
nIter:                2645
Best Iter:            2645
Improvement Count:    2646
==============================
Solution tour: 
0 
13 
2 21 
6 0 22 15 
11 15 
10 20 25 24 
7 22 0 5 
12 10 13 24 13 21 13 18 3 21 3 
8 
9 12 5 23 19 18 
4 18 16 
5 
14 
3 
==============================

