=========== Input ===========
File name:                ./instances/created-instances/mm-10-40-1767920.cdop
Total node count:         51
Truck node count:         10
Drone node count:         40
=============================

========== Settings ==========
Settings file:        ./settings/Memetic-LS_MPX_1099666.config
Seed:                 1099666
Reduction method:     -
Max iter:             1000
Population size:      13
Crossover:            MA-MPX
Local Search:         -
==============================

====== Algorithm Status ======
Valor:                5196
Time:                 250
nIter:                134
Best Iter:            134
Improvement Count:    133
==============================
Solution tour: 
0 39 42 36 12 28 15 45 
8 30 21 32 9 26 23 11 23 13 18 20 7 47 
7 29 16 17 25 41 7 
4 
5 4 20 24 46 
2 34 35 43 35 19 41 
6 3 27 14 
9 14 31 
3 33 39 33 13 25 48 
1 49 0 37 
==============================

====== Algorithm Status ======
Valor:                5196
Time:                 505
nIter:                270
Best Iter:            270
Improvement Count:    269
==============================
Solution tour: 
0 39 42 36 12 28 15 45 
8 30 21 32 9 26 23 11 23 13 18 20 7 47 
7 29 16 17 25 41 7 
4 
5 4 20 24 46 
2 34 35 43 35 19 41 
6 3 27 14 
9 14 31 
3 33 39 33 13 25 48 
1 49 0 37 
==============================

====== Algorithm Status ======
Valor:                5196
Time:                 1002
nIter:                553
Best Iter:            553
Improvement Count:    554
==============================
Solution tour: 
0 39 42 36 12 28 15 45 
8 30 21 32 9 26 23 11 23 13 18 20 7 47 
7 29 16 17 25 41 7 
4 
5 4 20 24 46 
2 34 35 43 35 19 41 
6 3 27 14 
9 14 31 
3 33 39 33 13 25 48 
1 49 0 37 
==============================

====== Algorithm Status ======
Valor:                5196
Time:                 1002
nIter:                553
Best Iter:            553
Improvement Count:    554
==============================
Solution tour: 
0 39 42 36 12 28 15 45 
8 30 21 32 9 26 23 11 23 13 18 20 7 47 
7 29 16 17 25 41 7 
4 
5 4 20 24 46 
2 34 35 43 35 19 41 
6 3 27 14 
9 14 31 
3 33 39 33 13 25 48 
1 49 0 37 
==============================

