=========== Input ===========
File name:                ./instances/created-instances/mm-10-10-1767920.cdop
Total node count:         21
Truck node count:         10
Drone node count:         10
=============================

========== Settings ==========
Settings file:        ./settings/Memetic_MMX_1287823.config
Seed:                 1287823
Reduction method:     -
Max iter:             1000
Population size:      13
Crossover:            MA-MMX
Local Search:         LS
==============================

====== Algorithm Status ======
Valor:                3682
Time:                 253
nIter:                73
Best Iter:            73
Improvement Count:    72
==============================
Solution tour: 
0 8 15 8 1 7 0 12 8 19 8 11 
7 11 19 13 1 14 9 14 1 19 20 18 20 19 7 4 7 16 
2 16 4 20 17 20 4 16 17 20 13 3 13 18 13 
8 7 8 
==============================

====== Algorithm Status ======
Valor:                3796
Time:                 502
nIter:                139
Best Iter:            139
Improvement Count:    138
==============================
Solution tour: 
0 8 19 8 15 12 20 11 
7 11 19 13 1 14 9 14 1 13 19 20 18 20 19 1 19 7 4 7 16 
2 16 19 4 19 16 4 20 17 20 4 16 17 20 13 3 13 18 13 
8 7 8 
==============================

====== Algorithm Status ======
Valor:                3796
Time:                 1003
nIter:                282
Best Iter:            282
Improvement Count:    283
==============================
Solution tour: 
0 8 19 8 15 12 20 11 
7 11 19 13 1 14 9 14 1 13 19 20 18 20 19 1 19 7 4 7 16 
2 16 19 4 19 16 4 20 17 20 4 16 17 20 13 3 13 18 13 
8 7 8 
==============================

====== Algorithm Status ======
Valor:                3796
Time:                 1003
nIter:                282
Best Iter:            282
Improvement Count:    283
==============================
Solution tour: 
0 8 19 8 15 12 20 11 
7 11 19 13 1 14 9 14 1 13 19 20 18 20 19 1 19 7 4 7 16 
2 16 19 4 19 16 4 20 17 20 4 16 17 20 13 3 13 18 13 
8 7 8 
==============================

