=========== Input ===========
File name:                ./instances/created-instances/mm-10-25-1891798.cdop
Total node count:         36
Truck node count:         10
Drone node count:         25
=============================

========== Settings ==========
Settings file:        ./settings/Memetic_MPX_1287823.config
Seed:                 1287823
Reduction method:     -
Max iter:             1000
Population size:      13
Crossover:            MA-MPX
Local Search:         LS
==============================

====== Algorithm Status ======
Valor:                5647
Time:                 253
nIter:                42
Best Iter:            42
Improvement Count:    41
==============================
Solution tour: 
0 22 32 2 19 
2 6 11 6 12 17 14 17 3 17 4 23 6 23 1 14 1 
3 13 
1 23 
4 12 21 12 24 15 25 15 24 31 33 18 29 32 22 34 26 7 35 
7 19 23 
5 33 5 0 32 8 32 
10 16 19 9 19 6 
9 6 11 
6 2 20 8 
==============================

====== Algorithm Status ======
Valor:                5647
Time:                 503
nIter:                78
Best Iter:            78
Improvement Count:    77
==============================
Solution tour: 
0 22 32 2 19 
2 6 11 6 12 17 14 17 3 17 4 23 6 23 1 14 1 
3 13 
1 23 
4 12 21 12 24 15 25 15 24 31 33 18 29 32 22 34 26 7 35 
7 19 23 
5 33 5 0 32 8 32 
10 16 19 9 19 6 
9 6 11 
6 2 20 8 
==============================

====== Algorithm Status ======
Valor:                5647
Time:                 1008
nIter:                148
Best Iter:            148
Improvement Count:    149
==============================
Solution tour: 
0 22 32 2 19 
2 6 11 6 12 17 14 17 3 17 4 23 6 23 1 14 1 
3 13 
1 23 
4 12 21 12 24 15 25 15 24 31 33 18 29 32 22 34 26 7 35 
7 19 23 
5 33 5 0 32 8 32 
10 16 19 9 19 6 
9 6 11 
6 2 20 8 
==============================

====== Algorithm Status ======
Valor:                5647
Time:                 1008
nIter:                148
Best Iter:            148
Improvement Count:    149
==============================
Solution tour: 
0 22 32 2 19 
2 6 11 6 12 17 14 17 3 17 4 23 6 23 1 14 1 
3 13 
1 23 
4 12 21 12 24 15 25 15 24 31 33 18 29 32 22 34 26 7 35 
7 19 23 
5 33 5 0 32 8 32 
10 16 19 9 19 6 
9 6 11 
6 2 20 8 
==============================

