=========== Input ===========
File name:                ./instances/created-instances/mm-10-10-1762875.cdop
Total node count:         21
Truck node count:         10
Drone node count:         10
=============================

========== Settings ==========
Settings file:        ./settings/Memetic_MMX_1099666.config
Seed:                 1099666
Reduction method:     -
Max iter:             1000
Population size:      13
Crossover:            MA-MMX
Local Search:         LS
==============================

====== Algorithm Status ======
Valor:                2734
Time:                 251
nIter:                84
Best Iter:            84
Improvement Count:    83
==============================
Solution tour: 
0 10 19 8 11 8 15 19 10 
1 10 0 5 13 
6 17 6 13 5 0 16 12 16 15 3 15 
4 14 9 7 16 7 9 2 19 16 20 16 
==============================

====== Algorithm Status ======
Valor:                2818
Time:                 500
nIter:                193
Best Iter:            193
Improvement Count:    192
==============================
Solution tour: 
0 10 1 19 10 19 8 11 8 15 3 15 18 15 4 0 16 12 16 7 
9 2 9 7 14 7 16 0 5 13 6 17 6 13 
5 1 10 
==============================

====== Algorithm Status ======
Valor:                2831
Time:                 1002
nIter:                398
Best Iter:            398
Improvement Count:    399
==============================
Solution tour: 
0 10 1 12 10 19 10 8 11 8 16 15 3 15 19 13 0 16 12 16 7 
9 2 9 7 14 7 16 0 5 13 6 17 6 13 
5 1 10 
==============================

====== Algorithm Status ======
Valor:                2831
Time:                 1002
nIter:                398
Best Iter:            398
Improvement Count:    399
==============================
Solution tour: 
0 10 1 12 10 19 10 8 11 8 16 15 3 15 19 13 0 16 12 16 7 
9 2 9 7 14 7 16 0 5 13 6 17 6 13 
5 1 10 
==============================

