=========== Input ===========
File name:                ./instances/created-instances/mm-10-40-1110588.cdop
Total node count:         51
Truck node count:         10
Drone node count:         40
=============================

========== Settings ==========
Settings file:        ./settings/Memetic-LS_MMX_1099666.config
Seed:                 1099666
Reduction method:     -
Max iter:             1000
Population size:      13
Crossover:            MA-MMX
Local Search:         -
==============================

====== Algorithm Status ======
Valor:                4990
Time:                 250
nIter:                165
Best Iter:            165
Improvement Count:    164
==============================
Solution tour: 
0 35 30 49 
2 49 29 49 29 2 25 36 19 36 
6 5 26 
5 
1 38 43 38 43 17 43 47 31 40 48 33 15 42 
8 1 21 46 34 27 12 50 49 50 3 13 39 44 
9 14 9 14 24 39 30 18 11 45 36 37 36 37 29 32 
7 
3 
==============================

====== Algorithm Status ======
Valor:                5043
Time:                 500
nIter:                310
Best Iter:            310
Improvement Count:    309
==============================
Solution tour: 
0 35 30 49 
2 49 29 49 29 2 25 36 19 36 5 26 
5 
1 38 43 38 43 17 43 47 31 40 48 33 15 42 46 34 27 12 50 49 50 3 13 39 44 
9 14 9 14 24 39 30 18 11 45 36 37 36 37 29 32 
7 
3 
==============================

====== Algorithm Status ======
Valor:                5279
Time:                 1002
nIter:                574
Best Iter:            574
Improvement Count:    575
==============================
Solution tour: 
0 35 30 49 
2 49 29 49 29 2 29 49 29 2 25 36 19 36 5 26 
5 38 43 38 43 17 43 47 31 40 48 33 15 42 46 34 27 12 50 49 50 3 13 39 44 
9 14 9 14 24 39 30 18 11 45 36 37 45 36 37 36 37 29 32 
7 
3 
==============================

====== Algorithm Status ======
Valor:                5279
Time:                 1002
nIter:                574
Best Iter:            574
Improvement Count:    575
==============================
Solution tour: 
0 35 30 49 
2 49 29 49 29 2 29 49 29 2 25 36 19 36 5 26 
5 38 43 38 43 17 43 47 31 40 48 33 15 42 46 34 27 12 50 49 50 3 13 39 44 
9 14 9 14 24 39 30 18 11 45 36 37 45 36 37 36 37 29 32 
7 
3 
==============================

