=========== Input ===========
File name:                ./instances/created-instances/mm-15-25-1762875.cdop
Total node count:         41
Truck node count:         15
Drone node count:         25
=============================

========== Settings ==========
Settings file:        ./settings/Memetic_MPX_1287823.config
Seed:                 1287823
Reduction method:     -
Max iter:             1000
Population size:      13
Crossover:            MA-MPX
Local Search:         LS
==============================

====== Algorithm Status ======
Valor:                5238
Time:                 253
nIter:                35
Best Iter:            35
Improvement Count:    34
==============================
Solution tour: 
0 6 0 
5 14 5 16 29 
4 
15 25 38 30 38 20 17 39 8 33 
8 32 27 12 34 10 
14 10 34 21 24 40 1 
13 7 29 6 7 
6 29 7 
9 7 
2 13 37 19 37 31 26 39 17 33 17 18 28 
11 31 37 31 
3 31 23 31 
12 32 12 35 12 32 36 13 
==============================

====== Algorithm Status ======
Valor:                5448
Time:                 521
nIter:                63
Best Iter:            63
Improvement Count:    62
==============================
Solution tour: 
0 6 0 
5 14 5 16 29 
4 
15 25 38 30 38 39 17 39 33 8 33 12 
8 32 12 35 27 12 34 10 
14 10 34 21 24 40 1 
13 7 29 6 7 
6 29 7 
9 7 9 
2 13 37 19 37 8 39 17 33 17 26 18 28 
11 31 37 31 
3 31 23 31 
12 32 36 13 
==============================

====== Algorithm Status ======
Valor:                5488
Time:                 1002
nIter:                120
Best Iter:            120
Improvement Count:    121
==============================
Solution tour: 
0 14 
5 13 20 18 26 33 
8 33 12 23 
9 7 9 29 6 
2 16 
6 0 
13 5 
14 10 31 23 31 37 19 37 31 
11 28 22 39 17 39 8 35 
10 35 12 27 12 3 17 
3 33 32 24 36 
1 10 34 21 34 
12 32 12 33 17 33 38 30 38 25 
15 4 9 29 7 13 
==============================

====== Algorithm Status ======
Valor:                5488
Time:                 1002
nIter:                120
Best Iter:            120
Improvement Count:    121
==============================
Solution tour: 
0 14 
5 13 20 18 26 33 
8 33 12 23 
9 7 9 29 6 
2 16 
6 0 
13 5 
14 10 31 23 31 37 19 37 31 
11 28 22 39 17 39 8 35 
10 35 12 27 12 3 17 
3 33 32 24 36 
1 10 34 21 34 
12 32 12 33 17 33 38 30 38 25 
15 4 9 29 7 13 
==============================

