=========== Input ===========
File name:                ./instances/created-instances/mm-15-10-1767920.cdop
Total node count:         26
Truck node count:         15
Drone node count:         10
=============================

========== Settings ==========
Settings file:        ./settings/Memetic_MMX_1099666.config
Seed:                 1099666
Reduction method:     -
Max iter:             1000
Population size:      13
Crossover:            MA-MMX
Local Search:         LS
==============================

====== Algorithm Status ======
Valor:                4219
Time:                 251
nIter:                52
Best Iter:            52
Improvement Count:    51
==============================
Solution tour: 
0 20 17 9 15 1 17 10 17 19 12 13 3 17 3 15 16 9 16 3 12 11 14 11 8 17 
6 16 3 19 22 
3 
1 20 1 3 16 15 
9 15 3 22 19 17 
8 13 8 25 23 5 23 2 23 4 18 21 2 5 2 24 
==============================

====== Algorithm Status ======
Valor:                4415
Time:                 504
nIter:                108
Best Iter:            108
Improvement Count:    107
==============================
Solution tour: 
0 20 10 17 19 12 13 12 3 17 3 15 16 9 16 6 3 12 11 8 17 
6 16 3 19 22 
3 
1 20 1 3 16 15 
9 15 3 22 19 17 
8 13 8 1 23 25 23 5 23 2 23 4 18 4 21 2 5 2 24 
==============================

====== Algorithm Status ======
Valor:                4426
Time:                 1002
nIter:                212
Best Iter:            212
Improvement Count:    213
==============================
Solution tour: 
0 20 1 20 17 10 17 19 12 13 12 3 17 3 15 16 9 16 6 3 12 11 8 17 
6 16 3 19 22 3 1 3 16 15 
9 15 3 22 19 17 
8 13 8 1 23 25 23 5 23 2 23 4 18 4 21 2 5 2 24 
==============================

====== Algorithm Status ======
Valor:                4426
Time:                 1002
nIter:                212
Best Iter:            212
Improvement Count:    213
==============================
Solution tour: 
0 20 1 20 17 10 17 19 12 13 12 3 17 3 15 16 9 16 6 3 12 11 8 17 
6 16 3 19 22 3 1 3 16 15 
9 15 3 22 19 17 
8 13 8 1 23 25 23 5 23 2 23 4 18 4 21 2 5 2 24 
==============================

