=========== Input ===========
File name:                ./instances/created-instances/mm-15-40-1891798.cdop
Total node count:         56
Truck node count:         15
Drone node count:         40
=============================

========== Settings ==========
Settings file:        ./settings/Memetic-LS_MMX_1099666.config
Seed:                 1099666
Reduction method:     -
Max iter:             1000
Population size:      13
Crossover:            MA-MMX
Local Search:         -
==============================

====== Algorithm Status ======
Valor:                4560
Time:                 250
nIter:                181
Best Iter:            181
Improvement Count:    180
==============================
Solution tour: 
0 
7 33 35 10 41 21 41 55 40 42 
8 
12 
14 
5 39 54 27 15 52 20 29 24 
6 24 28 26 37 26 
11 45 
3 25 
1 45 53 17 34 
4 47 
9 
2 44 24 38 39 24 46 49 
10 43 29 51 
13 50 13 
==============================

====== Algorithm Status ======
Valor:                4560
Time:                 500
nIter:                388
Best Iter:            388
Improvement Count:    387
==============================
Solution tour: 
0 
7 33 35 10 41 21 41 55 40 42 
8 
12 
14 
5 39 54 27 15 52 20 29 24 
6 24 28 26 37 26 
11 45 
3 25 
1 45 53 17 34 
4 47 
9 
2 44 24 38 39 24 46 49 
10 43 29 51 
13 50 13 
==============================

====== Algorithm Status ======
Valor:                4588
Time:                 1005
nIter:                783
Best Iter:            783
Improvement Count:    784
==============================
Solution tour: 
0 
7 33 35 10 41 21 41 55 40 
12 
14 
5 39 54 27 15 52 20 29 24 
6 24 28 26 37 26 
11 45 
3 25 
1 45 53 17 34 47 
9 
2 44 24 38 39 24 46 49 
10 43 29 51 
13 50 13 
==============================

====== Algorithm Status ======
Valor:                4588
Time:                 1005
nIter:                783
Best Iter:            783
Improvement Count:    784
==============================
Solution tour: 
0 
7 33 35 10 41 21 41 55 40 
12 
14 
5 39 54 27 15 52 20 29 24 
6 24 28 26 37 26 
11 45 
3 25 
1 45 53 17 34 47 
9 
2 44 24 38 39 24 46 49 
10 43 29 51 
13 50 13 
==============================

