=========== Input ===========
File name:                ./instances/created-instances/mm-10-25-1767920.cdop
Total node count:         36
Truck node count:         10
Drone node count:         25
=============================

========== Settings ==========
Settings file:        ./settings/Memetic_MPX_1881515.config
Seed:                 1881515
Reduction method:     -
Max iter:             1000
Population size:      13
Crossover:            MA-MPX
Local Search:         LS
==============================

====== Algorithm Status ======
Valor:                5261
Time:                 262
nIter:                34
Best Iter:            34
Improvement Count:    33
==============================
Solution tour: 
0 25 10 25 
7 16 5 24 
5 2 16 34 19 17 13 18 33 18 31 1 27 26 9 
10 
3 10 
9 
6 20 16 22 24 22 
2 5 22 16 31 9 26 9 31 3 27 1 
8 23 20 12 15 28 
4 30 21 30 32 
1 31 14 31 3 25 
==============================

====== Algorithm Status ======
Valor:                5324
Time:                 503
nIter:                77
Best Iter:            77
Improvement Count:    76
==============================
Solution tour: 
0 25 10 25 
7 16 5 24 
5 2 16 34 19 17 13 18 33 18 1 31 1 27 26 9 
10 
3 10 
9 
6 20 16 22 24 22 
2 5 22 16 31 9 26 9 31 3 27 1 
8 23 20 12 15 28 
4 11 33 0 30 21 30 32 14 31 3 25 
==============================

====== Algorithm Status ======
Valor:                5324
Time:                 1022
nIter:                142
Best Iter:            142
Improvement Count:    143
==============================
Solution tour: 
0 25 10 25 
7 16 5 24 
5 2 16 34 19 17 13 18 33 18 1 31 1 27 26 9 
10 
3 10 
9 
6 20 16 22 24 22 
2 5 22 16 31 9 26 9 31 3 27 1 
8 23 20 12 15 28 
4 11 33 0 30 21 30 32 14 31 3 25 
==============================

====== Algorithm Status ======
Valor:                5324
Time:                 1022
nIter:                142
Best Iter:            142
Improvement Count:    143
==============================
Solution tour: 
0 25 10 25 
7 16 5 24 
5 2 16 34 19 17 13 18 33 18 1 31 1 27 26 9 
10 
3 10 
9 
6 20 16 22 24 22 
2 5 22 16 31 9 26 9 31 3 27 1 
8 23 20 12 15 28 
4 11 33 0 30 21 30 32 14 31 3 25 
==============================

