=========== Input ===========
File name:                ./instances/created-instances/mm-15-25-1767920.cdop
Total node count:         41
Truck node count:         15
Drone node count:         25
=============================

========== Settings ==========
Settings file:        ./settings/Memetic_MPX_1881515.config
Seed:                 1881515
Reduction method:     -
Max iter:             1000
Population size:      13
Crossover:            MA-MPX
Local Search:         LS
==============================

====== Algorithm Status ======
Valor:                4650
Time:                 258
nIter:                28
Best Iter:            28
Improvement Count:    27
==============================
Solution tour: 
0 31 0 20 26 20 1 10 
15 10 16 17 
1 28 16 
6 
13 24 
12 8 24 30 
9 27 9 1 20 17 
11 17 1 17 16 28 
10 19 22 33 22 38 34 40 29 35 36 35 
4 35 36 35 29 4 
2 
7 4 21 4 18 
3 32 16 32 17 
8 12 37 
==============================

====== Algorithm Status ======
Valor:                4650
Time:                 501
nIter:                59
Best Iter:            59
Improvement Count:    58
==============================
Solution tour: 
0 31 0 20 26 20 1 10 
15 10 16 17 
1 28 16 
6 
13 24 
12 8 24 30 
9 27 9 1 20 17 
11 17 1 17 16 28 
10 19 22 33 22 38 34 40 29 35 36 35 
4 35 36 35 29 4 
2 
7 4 21 4 18 
3 32 16 32 17 
8 12 37 
==============================

====== Algorithm Status ======
Valor:                5112
Time:                 1019
nIter:                117
Best Iter:            117
Improvement Count:    118
==============================
Solution tour: 
0 38 34 40 34 
13 17 26 20 33 19 22 1 20 26 32 16 17 
11 
8 24 30 7 
4 21 4 18 4 35 36 35 29 37 
14 13 26 17 1 20 3 9 27 9 
3 6 7 25 
5 25 7 23 7 
2 7 31 13 24 13 20 
1 17 16 28 16 32 28 
10 
15 10 28 
6 17 8 
==============================

====== Algorithm Status ======
Valor:                5112
Time:                 1019
nIter:                117
Best Iter:            117
Improvement Count:    118
==============================
Solution tour: 
0 38 34 40 34 
13 17 26 20 33 19 22 1 20 26 32 16 17 
11 
8 24 30 7 
4 21 4 18 4 35 36 35 29 37 
14 13 26 17 1 20 3 9 27 9 
3 6 7 25 
5 25 7 23 7 
2 7 31 13 24 13 20 
1 17 16 28 16 32 28 
10 
15 10 28 
6 17 8 
==============================

