=========== Input ===========
File name:                ./instances/created-instances/mm-10-40-1767920.cdop
Total node count:         51
Truck node count:         10
Drone node count:         40
=============================

========== Settings ==========
Settings file:        ./settings/Memetic_MMX_1287823.config
Seed:                 1287823
Reduction method:     -
Max iter:             1000
Population size:      13
Crossover:            MA-MMX
Local Search:         LS
==============================

====== Algorithm Status ======
Valor:                6267
Time:                 257
nIter:                15
Best Iter:            15
Improvement Count:    14
==============================
Solution tour: 
0 37 0 39 33 1 49 25 49 1 33 3 13 40 13 25 48 25 41 7 47 
7 16 17 45 42 22 46 24 31 14 9 26 9 14 31 3 31 44 3 27 3 25 23 11 23 30 50 37 50 18 20 43 34 35 34 43 35 15 28 12 19 12 36 42 45 39 
==============================

====== Algorithm Status ======
Valor:                6372
Time:                 503
nIter:                39
Best Iter:            39
Improvement Count:    38
==============================
Solution tour: 
0 37 0 37 0 39 33 1 49 25 1 49 1 48 33 25 3 49 1 25 49 1 33 3 13 40 13 25 48 25 8 41 7 47 
7 20 45 42 45 17 16 22 24 46 31 14 10 9 10 14 9 26 9 14 31 3 31 44 3 27 3 25 23 11 23 18 20 43 34 35 34 43 34 35 34 43 35 43 15 28 12 19 12 36 17 45 42 39 
==============================

====== Algorithm Status ======
Valor:                6863
Time:                 1018
nIter:                109
Best Iter:            109
Improvement Count:    110
==============================
Solution tour: 
0 37 0 39 33 1 44 49 1 49 25 41 8 25 49 1 33 39 13 40 13 23 25 1 25 48 25 8 41 8 45 22 24 22 16 7 47 38 24 46 29 
7 20 45 42 45 20 17 20 18 31 14 10 9 26 9 10 14 9 26 9 14 31 3 31 3 27 3 25 23 11 23 36 30 21 50 37 20 43 34 43 35 34 35 43 35 15 28 12 19 42 39 
==============================

====== Algorithm Status ======
Valor:                6863
Time:                 1018
nIter:                109
Best Iter:            109
Improvement Count:    110
==============================
Solution tour: 
0 37 0 39 33 1 44 49 1 49 25 41 8 25 49 1 33 39 13 40 13 23 25 1 25 48 25 8 41 8 45 22 24 22 16 7 47 38 24 46 29 
7 20 45 42 45 20 17 20 18 31 14 10 9 26 9 10 14 9 26 9 14 31 3 31 3 27 3 25 23 11 23 36 30 21 50 37 20 43 34 43 35 34 35 43 35 15 28 12 19 42 39 
==============================

