=========== Input ===========
File name:                ./instances/created-instances/mm-15-25-1762875.cdop
Total node count:         41
Truck node count:         15
Drone node count:         25
=============================

========== Settings ==========
Settings file:        ./settings/Memetic-LS_MMX_1881515.config
Seed:                 1881515
Reduction method:     -
Max iter:             1000
Population size:      13
Crossover:            MA-MMX
Local Search:         -
==============================

====== Algorithm Status ======
Valor:                4342
Time:                 250
nIter:                295
Best Iter:            295
Improvement Count:    294
==============================
Solution tour: 
0 
5 
14 5 
2 18 
1 
10 35 24 37 19 32 
12 31 
3 31 23 19 37 31 
11 30 38 30 23 31 37 8 33 17 33 
8 
13 27 12 32 12 33 26 33 12 34 21 36 1 13 
9 
4 
7 9 18 28 11 20 13 
6 
==============================

====== Algorithm Status ======
Valor:                4368
Time:                 500
nIter:                575
Best Iter:            575
Improvement Count:    574
==============================
Solution tour: 
0 
5 
14 5 
2 18 
1 
10 35 24 37 19 32 
12 31 
3 31 23 19 37 31 
11 30 38 30 23 31 37 8 33 17 33 
8 
13 27 12 32 12 33 26 33 12 34 21 36 1 13 
9 
7 9 18 28 11 20 13 
6 
==============================

====== Algorithm Status ======
Valor:                4435
Time:                 1001
nIter:                1117
Best Iter:            1117
Improvement Count:    1118
==============================
Solution tour: 
0 
5 
14 5 
2 18 
1 
10 35 24 37 19 32 
12 31 
3 31 23 19 37 31 
11 30 38 30 23 31 37 8 33 17 8 33 17 33 
8 
13 27 12 32 12 33 26 33 12 34 21 36 1 13 
9 
7 9 18 28 11 28 11 20 13 
6 
==============================

====== Algorithm Status ======
Valor:                4435
Time:                 1001
nIter:                1117
Best Iter:            1117
Improvement Count:    1118
==============================
Solution tour: 
0 
5 
14 5 
2 18 
1 
10 35 24 37 19 32 
12 31 
3 31 23 19 37 31 
11 30 38 30 23 31 37 8 33 17 8 33 17 33 
8 
13 27 12 32 12 33 26 33 12 34 21 36 1 13 
9 
7 9 18 28 11 28 11 20 13 
6 
==============================

