=========== Input ===========
File name:                ./instances/created-instances/mm-10-25-1767920.cdop
Total node count:         36
Truck node count:         10
Drone node count:         25
=============================

========== Settings ==========
Settings file:        ./settings/Memetic_MPX_1287823.config
Seed:                 1287823
Reduction method:     -
Max iter:             1000
Population size:      13
Crossover:            MA-MPX
Local Search:         LS
==============================

====== Algorithm Status ======
Valor:                5403
Time:                 256
nIter:                33
Best Iter:            33
Improvement Count:    32
==============================
Solution tour: 
0 33 13 33 0 30 0 28 12 20 23 8 
7 8 1 18 33 18 16 22 
6 33 18 31 
9 31 3 27 
3 10 26 10 9 
10 3 25 17 12 15 20 19 11 28 
4 22 24 5 
2 
5 24 22 16 20 17 13 17 8 23 18 
1 31 14 31 1 32 1 25 
==============================

====== Algorithm Status ======
Valor:                5403
Time:                 500
nIter:                62
Best Iter:            62
Improvement Count:    61
==============================
Solution tour: 
0 33 13 33 0 30 0 28 12 20 23 8 
7 8 1 18 33 18 16 22 
6 33 18 31 
9 31 3 27 
3 10 26 10 9 
10 3 25 17 12 15 20 19 11 28 
4 22 24 5 
2 
5 24 22 16 20 17 13 17 8 23 18 
1 31 14 31 1 32 1 25 
==============================

====== Algorithm Status ======
Valor:                5403
Time:                 1003
nIter:                123
Best Iter:            123
Improvement Count:    124
==============================
Solution tour: 
0 33 13 33 0 30 0 28 12 20 23 8 
7 8 1 18 33 18 16 22 
6 33 18 31 
9 31 3 27 
3 10 26 10 9 
10 3 25 17 12 15 20 19 11 28 
4 22 24 5 
2 
5 24 22 16 20 17 13 17 8 23 18 
1 31 14 31 1 32 1 25 
==============================

====== Algorithm Status ======
Valor:                5403
Time:                 1003
nIter:                123
Best Iter:            123
Improvement Count:    124
==============================
Solution tour: 
0 33 13 33 0 30 0 28 12 20 23 8 
7 8 1 18 33 18 16 22 
6 33 18 31 
9 31 3 27 
3 10 26 10 9 
10 3 25 17 12 15 20 19 11 28 
4 22 24 5 
2 
5 24 22 16 20 17 13 17 8 23 18 
1 31 14 31 1 32 1 25 
==============================

