=========== Input ===========
File name:                ./instances/created-instances/mm-10-40-1917698.cdop
Total node count:         51
Truck node count:         10
Drone node count:         40
=============================

========== Settings ==========
Settings file:        ./settings/Memetic_MPX_1099666.config
Seed:                 1099666
Reduction method:     -
Max iter:             1000
Population size:      13
Crossover:            MA-MPX
Local Search:         LS
==============================

====== Algorithm Status ======
Valor:                5974
Time:                 263
nIter:                21
Best Iter:            21
Improvement Count:    20
==============================
Solution tour: 
0 24 38 44 23 27 28 27 48 39 33 21 4 50 37 
10 37 33 39 48 14 40 14 47 3 43 
9 49 30 44 30 49 9 43 26 0 
7 11 
8 34 18 30 
4 22 1 15 3 38 
5 44 38 16 
2 17 42 17 4 3 
1 22 31 22 36 15 35 19 35 12 
6 41 44 29 28 44 30 38 
==============================

====== Algorithm Status ======
Valor:                5974
Time:                 507
nIter:                40
Best Iter:            40
Improvement Count:    39
==============================
Solution tour: 
0 24 38 44 23 27 28 27 48 39 33 21 4 50 37 
10 37 33 39 48 14 40 14 47 3 43 
9 49 30 44 30 49 9 43 26 0 
7 11 
8 34 18 30 
4 22 1 15 3 38 
5 44 38 16 
2 17 42 17 4 3 
1 22 31 22 36 15 35 19 35 12 
6 41 44 29 28 44 30 38 
==============================

====== Algorithm Status ======
Valor:                6232
Time:                 1006
nIter:                79
Best Iter:            79
Improvement Count:    80
==============================
Solution tour: 
0 21 33 39 38 44 30 47 38 2 
7 11 
8 42 26 49 12 35 19 35 12 41 12 
6 40 14 29 46 29 28 29 14 47 38 16 
5 44 38 16 
2 17 42 17 4 21 33 24 3 43 
9 27 48 36 1 22 31 22 
1 15 1 3 24 33 50 
10 37 10 50 
4 50 37 33 
3 43 9 49 26 24 
==============================

====== Algorithm Status ======
Valor:                6232
Time:                 1006
nIter:                79
Best Iter:            79
Improvement Count:    80
==============================
Solution tour: 
0 21 33 39 38 44 30 47 38 2 
7 11 
8 42 26 49 12 35 19 35 12 41 12 
6 40 14 29 46 29 28 29 14 47 38 16 
5 44 38 16 
2 17 42 17 4 21 33 24 3 43 
9 27 48 36 1 22 31 22 
1 15 1 3 24 33 50 
10 37 10 50 
4 50 37 33 
3 43 9 49 26 24 
==============================

