=========== Input ===========
File name:                ./instances/created-instances/mm-25-25-1762875.cdop
Total node count:         51
Truck node count:         25
Drone node count:         25
=============================

========== Settings ==========
Settings file:        ./settings/Memetic-LS_MPX_1099666.config
Seed:                 1099666
Reduction method:     -
Max iter:             1000
Population size:      13
Crossover:            MA-MPX
Local Search:         -
==============================

====== Algorithm Status ======
Valor:                3098
Time:                 250
nIter:                253
Best Iter:            253
Improvement Count:    252
==============================
Solution tour: 
0 7 0 
5 
16 
2 
14 41 35 8 37 38 
24 30 
13 24 
10 
1 40 44 27 
17 31 39 36 
12 
8 46 37 
3 34 42 49 29 50 22 
23 32 
11 
18 
22 
20 
19 
9 
21 
15 
4 28 
7 48 
6 47 
==============================

====== Algorithm Status ======
Valor:                3098
Time:                 501
nIter:                495
Best Iter:            495
Improvement Count:    494
==============================
Solution tour: 
0 7 0 
5 
16 
2 
14 41 35 8 37 38 
24 30 
13 24 
10 
1 40 44 27 
17 31 39 36 
12 
8 46 37 
3 34 42 49 29 50 22 
23 32 
11 
18 
22 
20 
19 
9 
21 
15 
4 28 
7 48 
6 47 
==============================

====== Algorithm Status ======
Valor:                3098
Time:                 1004
nIter:                1020
Best Iter:            1020
Improvement Count:    1021
==============================
Solution tour: 
0 7 0 
5 
16 
2 
14 41 35 8 37 38 
24 30 
13 24 
10 
1 40 44 27 
17 31 39 36 
12 
8 46 37 
3 34 42 49 29 50 22 
23 32 
11 
18 
22 
20 
19 
9 
21 
15 
4 28 
7 48 
6 47 
==============================

====== Algorithm Status ======
Valor:                3098
Time:                 1004
nIter:                1020
Best Iter:            1020
Improvement Count:    1021
==============================
Solution tour: 
0 7 0 
5 
16 
2 
14 41 35 8 37 38 
24 30 
13 24 
10 
1 40 44 27 
17 31 39 36 
12 
8 46 37 
3 34 42 49 29 50 22 
23 32 
11 
18 
22 
20 
19 
9 
21 
15 
4 28 
7 48 
6 47 
==============================

