=========== Input ===========
File name:                ./instances/created-instances/mm-20-25-1767920.cdop
Total node count:         46
Truck node count:         20
Drone node count:         25
=============================

========== Settings ==========
Settings file:        ./settings/Memetic-LS_MPX_1881515.config
Seed:                 1881515
Reduction method:     -
Max iter:             1000
Population size:      13
Crossover:            MA-MPX
Local Search:         -
==============================

====== Algorithm Status ======
Valor:                4107
Time:                 254
nIter:                255
Best Iter:            255
Improvement Count:    254
==============================
Solution tour: 
0 40 42 20 23 20 
13 36 
1 34 
3 44 29 44 45 44 3 30 9 10 
15 
10 
9 16 25 
16 
6 
12 
8 28 34 28 8 12 4 43 
19 
4 
2 
5 37 31 45 
18 
7 22 26 35 24 21 1 
11 39 
14 0 
17 
==============================

====== Algorithm Status ======
Valor:                4107
Time:                 500
nIter:                505
Best Iter:            505
Improvement Count:    504
==============================
Solution tour: 
0 40 42 20 23 20 
13 36 
1 34 
3 44 29 44 45 44 3 30 9 10 
15 
10 
9 16 25 
16 
6 
12 
8 28 34 28 8 12 4 43 
19 
4 
2 
5 37 31 45 
18 
7 22 26 35 24 21 1 
11 39 
14 0 
17 
==============================

====== Algorithm Status ======
Valor:                4107
Time:                 1001
nIter:                1017
Best Iter:            1017
Improvement Count:    1018
==============================
Solution tour: 
0 40 42 20 23 20 
13 36 
1 34 
3 44 29 44 45 44 3 30 9 10 
15 
10 
9 16 25 
16 
6 
12 
8 28 34 28 8 12 4 43 
19 
4 
2 
5 37 31 45 
18 
7 22 26 35 24 21 1 
11 39 
14 0 
17 
==============================

====== Algorithm Status ======
Valor:                4107
Time:                 1001
nIter:                1017
Best Iter:            1017
Improvement Count:    1018
==============================
Solution tour: 
0 40 42 20 23 20 
13 36 
1 34 
3 44 29 44 45 44 3 30 9 10 
15 
10 
9 16 25 
16 
6 
12 
8 28 34 28 8 12 4 43 
19 
4 
2 
5 37 31 45 
18 
7 22 26 35 24 21 1 
11 39 
14 0 
17 
==============================

