=========== Input ===========
File name:                ./instances/created-instances/mm-20-25-1762875.cdop
Total node count:         46
Truck node count:         20
Drone node count:         25
=============================

========== Settings ==========
Settings file:        ./settings/Memetic_MMX_1881515.config
Seed:                 1881515
Reduction method:     -
Max iter:             1000
Population size:      13
Crossover:            MA-MMX
Local Search:         LS
==============================

====== Algorithm Status ======
Valor:                5192
Time:                 259
nIter:                22
Best Iter:            22
Improvement Count:    21
==============================
Solution tour: 
0 24 23 19 23 35 44 25 34 37 12 37 36 10 38 28 6 9 8 11 30 27 4 9 6 45 6 13 9 22 13 22 21 22 
4 26 4 31 13 31 23 13 39 20 34 28 42 17 42 28 38 25 44 33 32 33 22 33 34 25 10 36 13 6 24 
==============================

====== Algorithm Status ======
Valor:                5366
Time:                 513
nIter:                41
Best Iter:            41
Improvement Count:    40
==============================
Solution tour: 
0 10 36 37 12 25 44 35 23 19 23 31 24 31 23 35 18 11 30 32 40 27 4 26 23 
20 39 20 34 28 38 25 12 37 34 25 36 
1 36 10 13 26 4 22 21 22 39 13 9 6 45 6 13 31 13 6 9 42 17 42 33 22 33 8 44 25 34 33 13 45 
==============================

====== Algorithm Status ======
Valor:                5519
Time:                 1010
nIter:                75
Best Iter:            75
Improvement Count:    76
==============================
Solution tour: 
0 24 31 23 26 23 
20 39 20 34 37 12 37 36 10 36 25 12 8 11 30 11 18 35 13 6 45 6 9 6 45 13 9 4 22 21 22 40 27 7 45 0 22 13 22 
4 26 4 31 13 31 39 36 1 42 17 42 28 38 25 44 35 18 33 22 33 44 25 34 33 32 22 
==============================

====== Algorithm Status ======
Valor:                5519
Time:                 1010
nIter:                75
Best Iter:            75
Improvement Count:    76
==============================
Solution tour: 
0 24 31 23 26 23 
20 39 20 34 37 12 37 36 10 36 25 12 8 11 30 11 18 35 13 6 45 6 9 6 45 13 9 4 22 21 22 40 27 7 45 0 22 13 22 
4 26 4 31 13 31 39 36 1 42 17 42 28 38 25 44 35 18 33 22 33 44 25 34 33 32 22 
==============================

