=========== Input ===========
File name:                ./instances/created-instances/mm-25-10-1917698.cdop
Total node count:         36
Truck node count:         25
Drone node count:         10
=============================

========== Settings ==========
Settings file:        ./settings/Memetic-LS_MPX_1099666.config
Seed:                 1099666
Reduction method:     -
Max iter:             1000
Population size:      13
Crossover:            MA-MPX
Local Search:         -
==============================

====== Algorithm Status ======
Valor:                2869
Time:                 252
nIter:                255
Best Iter:            255
Improvement Count:    254
==============================
Solution tour: 
0 29 0 
20 0 2 18 32 34 35 
4 
19 
17 35 
10 
13 
1 
22 23 
16 33 16 
23 
6 34 9 31 
14 
3 14 
15 
9 
12 9 32 
21 5 
24 
5 
18 
2 0 26 2 
8 30 8 
11 
7 2 26 
==============================

====== Algorithm Status ======
Valor:                2869
Time:                 500
nIter:                689
Best Iter:            689
Improvement Count:    688
==============================
Solution tour: 
0 29 0 
20 0 2 18 32 34 35 
4 
19 
17 35 
10 
13 
1 
22 23 
16 33 16 
23 
6 34 9 31 
14 
3 14 
15 
9 
12 9 32 
21 5 
24 
5 
18 
2 0 26 2 
8 30 8 
11 
7 2 26 
==============================

====== Algorithm Status ======
Valor:                2869
Time:                 1001
nIter:                1632
Best Iter:            1632
Improvement Count:    1633
==============================
Solution tour: 
0 29 0 
20 0 2 18 32 34 35 
4 
19 
17 35 
10 
13 
1 
22 23 
16 33 16 
23 
6 34 9 31 
14 
3 14 
15 
9 
12 9 32 
21 5 
24 
5 
18 
2 0 26 2 
8 30 8 
11 
7 2 26 
==============================

====== Algorithm Status ======
Valor:                2869
Time:                 1001
nIter:                1632
Best Iter:            1632
Improvement Count:    1633
==============================
Solution tour: 
0 29 0 
20 0 2 18 32 34 35 
4 
19 
17 35 
10 
13 
1 
22 23 
16 33 16 
23 
6 34 9 31 
14 
3 14 
15 
9 
12 9 32 
21 5 
24 
5 
18 
2 0 26 2 
8 30 8 
11 
7 2 26 
==============================

