=========== Input ===========
File name:                ./instances/created-instances/mm-25-25-1110588.cdop
Total node count:         51
Truck node count:         25
Drone node count:         25
=============================

========== Settings ==========
Settings file:        ./settings/Memetic_MPX_1099666.config
Seed:                 1099666
Reduction method:     -
Max iter:             1000
Population size:      13
Crossover:            MA-MPX
Local Search:         LS
==============================

====== Algorithm Status ======
Valor:                5055
Time:                 250
nIter:                26
Best Iter:            26
Improvement Count:    25
==============================
Solution tour: 
0 28 25 35 
15 
10 7 37 24 40 
13 24 26 
21 26 
23 24 41 4 
20 47 46 
17 5 44 
25 24 13 23 41 40 
24 45 36 
4 39 43 48 
18 47 18 
14 24 49 27 29 27 33 
2 33 40 
22 13 23 13 30 
3 5 34 38 50 38 31 39 43 
5 28 
==============================

====== Algorithm Status ======
Valor:                5218
Time:                 504
nIter:                53
Best Iter:            53
Improvement Count:    52
==============================
Solution tour: 
0 3 30 3 0 
22 40 41 23 13 
23 41 40 33 
2 33 27 29 27 49 27 33 34 31 
9 20 32 38 19 50 
14 24 40 24 
13 
24 45 36 20 
5 37 
7 10 
21 26 28 0 28 39 
4 39 43 48 18 
12 42 
8 
18 47 18 42 46 44 
25 35 25 44 15 
11 26 
==============================

====== Algorithm Status ======
Valor:                5619
Time:                 1006
nIter:                93
Best Iter:            93
Improvement Count:    94
==============================
Solution tour: 
0 3 0 41 
23 24 41 34 31 38 50 32 48 20 
9 
20 47 46 5 14 30 
3 30 26 25 35 25 44 10 7 
17 5 44 
25 30 24 13 23 41 40 
24 45 36 20 
4 39 43 48 
18 47 18 43 
14 24 49 27 29 27 33 
2 33 35 25 44 35 21 
22 40 13 23 13 30 
6 14 
5 37 24 30 
13 24 0 28 
==============================

====== Algorithm Status ======
Valor:                5619
Time:                 1006
nIter:                93
Best Iter:            93
Improvement Count:    94
==============================
Solution tour: 
0 3 0 41 
23 24 41 34 31 38 50 32 48 20 
9 
20 47 46 5 14 30 
3 30 26 25 35 25 44 10 7 
17 5 44 
25 30 24 13 23 41 40 
24 45 36 20 
4 39 43 48 
18 47 18 43 
14 24 49 27 29 27 33 
2 33 35 25 44 35 21 
22 40 13 23 13 30 
6 14 
5 37 24 30 
13 24 0 28 
==============================

