=========== Input ===========
File name:                ./instances/created-instances/mm-20-10-1891798.cdop
Total node count:         31
Truck node count:         20
Drone node count:         10
=============================

========== Settings ==========
Settings file:        ./settings/Memetic_MMX_1881515.config
Seed:                 1881515
Reduction method:     -
Max iter:             1000
Population size:      13
Crossover:            MA-MMX
Local Search:         LS
==============================

====== Algorithm Status ======
Valor:                4337
Time:                 255
nIter:                35
Best Iter:            35
Improvement Count:    34
==============================
Solution tour: 
0 12 5 12 8 5 8 12 14 15 29 21 26 27 29 15 14 12 28 7 23 7 28 6 25 11 18 3 18 1 16 20 9 
2 15 29 15 9 22 11 22 
1 18 4 16 4 9 20 13 0 24 5 25 6 30 6 9 24 
==============================

====== Algorithm Status ======
Valor:                4337
Time:                 501
nIter:                79
Best Iter:            79
Improvement Count:    78
==============================
Solution tour: 
0 12 5 12 8 5 8 12 14 15 29 21 26 27 29 15 14 12 28 7 23 7 28 6 25 11 18 3 18 1 16 20 9 
2 15 29 15 9 22 11 22 
1 18 4 16 4 9 20 13 0 24 5 25 6 30 6 9 24 
==============================

====== Algorithm Status ======
Valor:                4380
Time:                 1004
nIter:                157
Best Iter:            157
Improvement Count:    158
==============================
Solution tour: 
0 24 12 5 17 5 8 12 8 5 12 28 7 23 7 28 5 25 6 11 18 3 18 1 16 2 9 4 6 9 
2 15 29 15 9 22 11 22 
1 18 4 16 4 9 20 
13 20 9 6 25 21 26 27 6 30 22 9 24 
==============================

====== Algorithm Status ======
Valor:                4380
Time:                 1004
nIter:                157
Best Iter:            157
Improvement Count:    158
==============================
Solution tour: 
0 24 12 5 17 5 8 12 8 5 12 28 7 23 7 28 5 25 6 11 18 3 18 1 16 2 9 4 6 9 
2 15 29 15 9 22 11 22 
1 18 4 16 4 9 20 
13 20 9 6 25 21 26 27 6 30 22 9 24 
==============================

