=========== Input ===========
File name:                ./instances/created-instances/mm-20-25-1891798.cdop
Total node count:         46
Truck node count:         20
Drone node count:         25
=============================

========== Settings ==========
Settings file:        ./settings/Memetic-LS_MMX_1099666.config
Seed:                 1099666
Reduction method:     -
Max iter:             1000
Population size:      13
Crossover:            MA-MMX
Local Search:         -
==============================

====== Algorithm Status ======
Valor:                3628
Time:                 250
nIter:                312
Best Iter:            312
Improvement Count:    311
==============================
Solution tour: 
0 23 37 23 
7 23 19 29 
19 34 9 45 25 
8 40 
17 
15 
5 31 
6 15 35 28 43 21 26 27 38 
18 
1 26 39 4 11 
4 24 
9 
2 
16 
10 36 10 42 44 10 42 44 30 22 2 
13 
==============================

====== Algorithm Status ======
Valor:                3718
Time:                 500
nIter:                612
Best Iter:            612
Improvement Count:    611
==============================
Solution tour: 
0 23 37 23 
7 23 19 29 
19 34 9 45 25 
8 40 
17 
15 
5 31 41 
6 15 35 28 43 21 26 27 38 
18 
1 26 39 25 11 
4 24 
9 
2 
16 
10 36 10 42 10 44 42 30 22 
13 
==============================

====== Algorithm Status ======
Valor:                3767
Time:                 1004
nIter:                1230
Best Iter:            1230
Improvement Count:    1231
==============================
Solution tour: 
0 23 37 23 
7 23 19 29 
19 34 9 45 25 
8 
5 
17 
15 40 31 41 
6 15 35 28 43 21 26 27 38 
18 
1 26 39 25 11 
4 24 
9 
2 
16 
10 36 10 42 10 44 10 42 30 22 
13 
==============================

====== Algorithm Status ======
Valor:                3767
Time:                 1004
nIter:                1230
Best Iter:            1230
Improvement Count:    1231
==============================
Solution tour: 
0 23 37 23 
7 23 19 29 
19 34 9 45 25 
8 
5 
17 
15 40 31 41 
6 15 35 28 43 21 26 27 38 
18 
1 26 39 25 11 
4 24 
9 
2 
16 
10 36 10 42 10 44 10 42 30 22 
13 
==============================

