=========== Input ===========
File name:                ./instances/created-instances/mm-20-10-1762875.cdop
Total node count:         31
Truck node count:         20
Drone node count:         10
=============================

========== Settings ==========
Settings file:        ./settings/Memetic-LS_MPX_1099666.config
Seed:                 1099666
Reduction method:     -
Max iter:             1000
Population size:      13
Crossover:            MA-MPX
Local Search:         -
==============================

====== Algorithm Status ======
Valor:                1693
Time:                 250
nIter:                573
Best Iter:            573
Improvement Count:    572
==============================
Solution tour: 
0 
16 
5 
14 
2 
17 
1 25 
10 
12 21 
8 29 
3 22 12 
11 30 
18 
15 
13 
19 
9 8 
4 
7 
6 
==============================

====== Algorithm Status ======
Valor:                1693
Time:                 500
nIter:                1156
Best Iter:            1156
Improvement Count:    1155
==============================
Solution tour: 
0 
16 
5 
14 
2 
17 
1 25 
10 
12 21 
8 29 
3 22 12 
11 30 
18 
15 
13 
19 
9 8 
4 
7 
6 
==============================

====== Algorithm Status ======
Valor:                1693
Time:                 1001
nIter:                2332
Best Iter:            2332
Improvement Count:    2333
==============================
Solution tour: 
0 
16 
5 
14 
2 
17 
1 25 
10 
12 21 
8 29 
3 22 12 
11 30 
18 
15 
13 
19 
9 8 
4 
7 
6 
==============================

====== Algorithm Status ======
Valor:                1693
Time:                 1001
nIter:                2332
Best Iter:            2332
Improvement Count:    2333
==============================
Solution tour: 
0 
16 
5 
14 
2 
17 
1 25 
10 
12 21 
8 29 
3 22 12 
11 30 
18 
15 
13 
19 
9 8 
4 
7 
6 
==============================

