=========== Input ===========
File name:                ./instances/created-instances/mm-20-10-1767920.cdop
Total node count:         31
Truck node count:         20
Drone node count:         10
=============================

========== Settings ==========
Settings file:        ./settings/Memetic_MMX_1881515.config
Seed:                 1881515
Reduction method:     -
Max iter:             1000
Population size:      13
Crossover:            MA-MMX
Local Search:         LS
==============================

====== Algorithm Status ======
Valor:                4146
Time:                 252
nIter:                63
Best Iter:            63
Improvement Count:    62
==============================
Solution tour: 
0 22 7 22 26 18 19 2 6 28 11 22 11 28 3 30 10 29 15 29 10 30 29 30 24 21 13 1 10 
15 10 1 13 6 12 8 7 25 27 25 7 8 11 26 8 26 7 18 4 18 2 18 7 22 23 26 23 22 2 22 28 24 
==============================

====== Algorithm Status ======
Valor:                4331
Time:                 503
nIter:                114
Best Iter:            114
Improvement Count:    113
==============================
Solution tour: 
0 20 11 22 11 8 14 8 12 20 12 28 22 7 22 11 28 3 30 10 29 15 29 10 30 29 30 24 21 13 1 10 
15 10 1 13 6 13 12 8 7 25 27 25 7 8 11 26 8 26 7 18 4 18 2 18 7 22 23 26 23 22 2 22 28 24 
==============================

====== Algorithm Status ======
Valor:                4221
Time:                 1007
nIter:                214
Best Iter:            214
Improvement Count:    215
==============================
Solution tour: 
0 20 11 22 11 8 12 20 12 3 28 22 7 22 11 28 3 30 10 29 15 29 10 15 30 29 30 24 21 13 1 10 30 
15 10 1 13 6 13 12 8 7 25 27 25 7 8 11 7 26 8 26 7 18 19 4 18 2 18 7 23 26 23 22 23 22 28 1 
==============================

====== Algorithm Status ======
Valor:                4221
Time:                 1007
nIter:                214
Best Iter:            214
Improvement Count:    215
==============================
Solution tour: 
0 20 11 22 11 8 12 20 12 3 28 22 7 22 11 28 3 30 10 29 15 29 10 15 30 29 30 24 21 13 1 10 30 
15 10 1 13 6 13 12 8 7 25 27 25 7 8 11 7 26 8 26 7 18 19 4 18 2 18 7 23 26 23 22 23 22 28 1 
==============================

