=========== Input ===========
File name:                ./instances/created-instances/mm-25-10-1767920.cdop
Total node count:         36
Truck node count:         25
Drone node count:         10
=============================

========== Settings ==========
Settings file:        ./settings/Memetic_MPX_1287823.config
Seed:                 1287823
Reduction method:     -
Max iter:             1000
Population size:      13
Crossover:            MA-MPX
Local Search:         LS
==============================

====== Algorithm Status ======
Valor:                3409
Time:                 254
nIter:                49
Best Iter:            49
Improvement Count:    48
==============================
Solution tour: 
0 17 22 17 1 
3 1 16 10 
15 
10 6 18 
2 7 8 
12 27 8 24 11 27 11 27 8 
17 
13 6 
16 21 9 
21 25 17 0 
22 
20 11 27 
24 27 11 31 32 29 
14 20 13 20 24 8 
7 
18 30 
11 30 26 
6 1 22 33 35 33 
==============================

====== Algorithm Status ======
Valor:                3409
Time:                 503
nIter:                95
Best Iter:            95
Improvement Count:    94
==============================
Solution tour: 
0 17 22 17 1 
3 1 16 10 
15 
10 6 18 
2 7 8 
12 27 8 24 11 27 11 27 8 
17 
13 6 
16 21 9 
21 25 17 0 
22 
20 11 27 
24 27 11 31 32 29 
14 20 13 20 24 8 
7 
18 30 
11 30 26 
6 1 22 33 35 33 
==============================

====== Algorithm Status ======
Valor:                3579
Time:                 1005
nIter:                172
Best Iter:            172
Improvement Count:    173
==============================
Solution tour: 
0 17 14 
20 13 35 33 35 0 
17 25 17 21 16 
6 16 
21 
9 10 15 
10 
3 1 3 2 
7 30 11 27 11 
8 
24 27 24 29 17 
22 17 0 22 
1 8 7 2 28 
19 34 
18 7 34 
4 32 8 35 0 
14 
13 20 14 
==============================

====== Algorithm Status ======
Valor:                3579
Time:                 1005
nIter:                172
Best Iter:            172
Improvement Count:    173
==============================
Solution tour: 
0 17 14 
20 13 35 33 35 0 
17 25 17 21 16 
6 16 
21 
9 10 15 
10 
3 1 3 2 
7 30 11 27 11 
8 
24 27 24 29 17 
22 17 0 22 
1 8 7 2 28 
19 34 
18 7 34 
4 32 8 35 0 
14 
13 20 14 
==============================

