=========== Input ===========
File name:                ./instances/created-instances/mm-20-10-1767920.cdop
Total node count:         31
Truck node count:         20
Drone node count:         10
=============================

========== Settings ==========
Settings file:        ./settings/Memetic_MMX_1287823.config
Seed:                 1287823
Reduction method:     -
Max iter:             1000
Population size:      13
Crossover:            MA-MMX
Local Search:         LS
==============================

====== Algorithm Status ======
Valor:                4190
Time:                 250
nIter:                42
Best Iter:            42
Improvement Count:    41
==============================
Solution tour: 
0 17 26 23 22 23 26 20 13 21 24 21 10 1 13 6 
13 1 10 30 29 30 10 
9 15 29 
15 1 16 9 3 28 
11 22 11 8 14 8 12 8 26 8 7 22 11 20 12 20 26 27 25 7 26 7 
8 11 28 22 2 22 
==============================

====== Algorithm Status ======
Valor:                4226
Time:                 503
nIter:                85
Best Iter:            85
Improvement Count:    84
==============================
Solution tour: 
0 17 26 23 18 2 18 23 22 23 26 13 21 13 6 
13 1 10 30 29 30 10 
9 15 29 
15 1 16 9 3 28 
11 22 11 8 14 12 14 8 26 8 7 22 11 20 12 20 11 25 27 25 7 26 7 
8 2 22 
==============================

====== Algorithm Status ======
Valor:                4367
Time:                 1004
nIter:                164
Best Iter:            164
Improvement Count:    165
==============================
Solution tour: 
0 17 26 23 18 2 18 23 22 23 26 1 13 21 13 1 10 30 29 30 10 
9 15 29 
15 10 1 0 14 8 14 12 8 26 8 7 22 11 20 12 20 11 22 7 25 27 25 7 26 7 
8 11 28 22 2 22 
==============================

====== Algorithm Status ======
Valor:                4367
Time:                 1004
nIter:                164
Best Iter:            164
Improvement Count:    165
==============================
Solution tour: 
0 17 26 23 18 2 18 23 22 23 26 1 13 21 13 1 10 30 29 30 10 
9 15 29 
15 10 1 0 14 8 14 12 8 26 8 7 22 11 20 12 20 11 22 7 25 27 25 7 26 7 
8 11 28 22 2 22 
==============================

