=========== Input ===========
File name:                ./instances/created-instances/mm-20-10-1917698.cdop
Total node count:         31
Truck node count:         20
Drone node count:         10
=============================

========== Settings ==========
Settings file:        ./settings/Memetic-LS_MPX_1881515.config
Seed:                 1881515
Reduction method:     -
Max iter:             1000
Population size:      13
Crossover:            MA-MPX
Local Search:         -
==============================

====== Algorithm Status ======
Valor:                2424
Time:                 250
nIter:                457
Best Iter:            457
Improvement Count:    456
==============================
Solution tour: 
0 24 
4 21 14 
19 14 29 
17 
10 17 9 30 15 
13 15 3 
1 
6 
14 3 27 
3 
15 9 0 11 2 12 6 22 
16 22 25 12 
9 17 
12 
18 
20 
==============================

====== Algorithm Status ======
Valor:                2462
Time:                 500
nIter:                935
Best Iter:            935
Improvement Count:    934
==============================
Solution tour: 
0 24 
4 21 14 
19 14 29 
17 
10 17 9 30 15 
13 15 3 
1 
6 
14 3 27 
3 
15 9 0 11 2 12 6 
16 22 25 12 
9 17 
8 
7 27 
==============================

====== Algorithm Status ======
Valor:                2462
Time:                 1001
nIter:                1945
Best Iter:            1945
Improvement Count:    1946
==============================
Solution tour: 
0 24 
4 21 14 
19 14 29 
17 
10 17 9 30 15 
13 15 3 
1 
6 
14 3 27 
3 
15 9 0 11 2 12 6 
16 22 25 12 
9 17 
8 
7 27 
==============================

====== Algorithm Status ======
Valor:                2462
Time:                 1001
nIter:                1945
Best Iter:            1945
Improvement Count:    1946
==============================
Solution tour: 
0 24 
4 21 14 
19 14 29 
17 
10 17 9 30 15 
13 15 3 
1 
6 
14 3 27 
3 
15 9 0 11 2 12 6 
16 22 25 12 
9 17 
8 
7 27 
==============================

