=========== Input ===========
File name:                ./instances/created-instances/mm-25-25-1891798.cdop
Total node count:         51
Truck node count:         25
Drone node count:         25
=============================

========== Settings ==========
Settings file:        ./settings/Memetic-LS_MMX_1099666.config
Seed:                 1099666
Reduction method:     -
Max iter:             1000
Population size:      13
Crossover:            MA-MMX
Local Search:         -
==============================

====== Algorithm Status ======
Valor:                2291
Time:                 250
nIter:                326
Best Iter:            326
Improvement Count:    325
==============================
Solution tour: 
0 
7 27 
19 
8 
14 
24 30 
17 40 
11 48 
3 
18 46 
1 
4 47 
9 
22 42 28 42 28 
2 
23 
13 33 
==============================

====== Algorithm Status ======
Valor:                2387
Time:                 500
nIter:                670
Best Iter:            670
Improvement Count:    669
==============================
Solution tour: 
0 
7 27 
19 
8 
14 
24 30 
17 40 
11 48 
3 
18 46 
1 
4 47 
9 42 28 42 
20 31 35 
2 
23 
13 33 
==============================

====== Algorithm Status ======
Valor:                2465
Time:                 1001
nIter:                1312
Best Iter:            1312
Improvement Count:    1313
==============================
Solution tour: 
0 
7 27 
19 
24 30 29 
17 40 
11 48 
3 
18 46 
1 
4 47 
9 42 28 42 
20 31 35 
2 
23 
13 33 
==============================

====== Algorithm Status ======
Valor:                2465
Time:                 1001
nIter:                1312
Best Iter:            1312
Improvement Count:    1313
==============================
Solution tour: 
0 
7 27 
19 
24 30 29 
17 40 
11 48 
3 
18 46 
1 
4 47 
9 42 28 42 
20 31 35 
2 
23 
13 33 
==============================

