=========== Input ===========
File name:                ./instances/created-instances/mm-20-10-1762875.cdop
Total node count:         31
Truck node count:         20
Drone node count:         10
=============================

========== Settings ==========
Settings file:        ./settings/Memetic-LS_MMX_1287823.config
Seed:                 1287823
Reduction method:     -
Max iter:             1000
Population size:      13
Crossover:            MA-MMX
Local Search:         -
==============================

====== Algorithm Status ======
Valor:                2221
Time:                 250
nIter:                713
Best Iter:            713
Improvement Count:    712
==============================
Solution tour: 
0 
14 25 
17 25 
10 
12 21 
8 29 
3 22 12 22 12 
11 30 
18 8 
15 
13 
9 8 9 
6 
==============================

====== Algorithm Status ======
Valor:                2243
Time:                 500
nIter:                1429
Best Iter:            1429
Improvement Count:    1428
==============================
Solution tour: 
0 
14 25 
17 25 
10 
12 21 12 
8 29 
3 22 12 22 12 
11 30 
18 8 
15 
13 
9 8 9 
6 
==============================

====== Algorithm Status ======
Valor:                2267
Time:                 1001
nIter:                2870
Best Iter:            2870
Improvement Count:    2871
==============================
Solution tour: 
0 
14 25 
17 25 
10 
12 21 12 
8 29 
3 22 30 22 12 
11 30 
18 8 
15 
13 
9 8 9 
6 
==============================

====== Algorithm Status ======
Valor:                2267
Time:                 1001
nIter:                2870
Best Iter:            2870
Improvement Count:    2871
==============================
Solution tour: 
0 
14 25 
17 25 
10 
12 21 12 
8 29 
3 22 30 22 12 
11 30 
18 8 
15 
13 
9 8 9 
6 
==============================

