=========== Input ===========
File name:                ./instances/created-instances/mm-25-10-1917698.cdop
Total node count:         36
Truck node count:         25
Drone node count:         10
=============================

========== Settings ==========
Settings file:        ./settings/Memetic_MMX_1287823.config
Seed:                 1287823
Reduction method:     -
Max iter:             1000
Population size:      13
Crossover:            MA-MMX
Local Search:         LS
==============================

====== Algorithm Status ======
Valor:                4224
Time:                 253
nIter:                31
Best Iter:            31
Improvement Count:    30
==============================
Solution tour: 
0 2 29 18 2 26 
2 18 31 9 32 35 4 35 12 34 12 26 3 35 
17 
19 31 14 25 
3 14 3 25 32 9 31 29 0 8 0 29 0 
4 29 31 3 6 34 6 22 6 3 9 33 28 32 28 30 
5 30 
24 30 28 0 26 
==============================

====== Algorithm Status ======
Valor:                4507
Time:                 509
nIter:                55
Best Iter:            55
Improvement Count:    54
==============================
Solution tour: 
0 2 18 2 26 
2 0 9 33 32 24 5 33 28 33 32 33 32 9 3 25 3 
14 3 26 29 4 19 17 13 14 31 14 
13 10 13 31 29 31 3 6 34 6 23 22 9 22 6 3 31 9 32 33 28 5 28 32 28 30 
5 30 
24 30 28 0 26 
==============================

====== Algorithm Status ======
Valor:                4657
Time:                 1009
nIter:                106
Best Iter:            106
Improvement Count:    107
==============================
Solution tour: 
0 2 18 2 26 2 35 9 32 24 30 5 33 32 28 32 33 9 3 25 3 
14 3 26 0 29 4 19 17 13 14 31 14 
13 10 13 31 29 31 3 6 34 6 23 22 9 22 6 3 31 9 33 28 5 30 28 30 
24 32 9 31 29 0 26 
==============================

====== Algorithm Status ======
Valor:                4657
Time:                 1009
nIter:                106
Best Iter:            106
Improvement Count:    107
==============================
Solution tour: 
0 2 18 2 26 2 35 9 32 24 30 5 33 32 28 32 33 9 3 25 3 
14 3 26 0 29 4 19 17 13 14 31 14 
13 10 13 31 29 31 3 6 34 6 23 22 9 22 6 3 31 9 33 28 5 30 28 30 
24 32 9 31 29 0 26 
==============================

