=========== Input ===========
File name:                ./instances/created-instances/mm-20-10-1891798.cdop
Total node count:         31
Truck node count:         20
Drone node count:         10
=============================

========== Settings ==========
Settings file:        ./settings/Memetic_MPX_1287823.config
Seed:                 1287823
Reduction method:     -
Max iter:             1000
Population size:      13
Crossover:            MA-MPX
Local Search:         LS
==============================

====== Algorithm Status ======
Valor:                3962
Time:                 250
nIter:                53
Best Iter:            53
Improvement Count:    52
==============================
Solution tour: 
0 24 
19 24 9 
4 8 
5 28 6 30 6 25 11 4 
16 4 9 20 2 
10 20 
13 20 
2 20 9 22 
11 24 22 
1 
18 3 18 1 21 26 27 29 
15 29 5 8 28 
12 5 24 
7 23 7 28 7 19 
9 24 
==============================

====== Algorithm Status ======
Valor:                3987
Time:                 501
nIter:                105
Best Iter:            105
Improvement Count:    104
==============================
Solution tour: 
0 7 23 
7 28 8 5 24 19 9 2 20 
13 
20 9 6 25 11 16 20 
10 2 10 20 24 9 20 22 
4 9 22 11 
17 27 26 21 
9 4 
16 4 11 22 
1 18 
3 18 1 11 25 6 15 29 
15 
6 9 24 0 15 
==============================

====== Algorithm Status ======
Valor:                3987
Time:                 1006
nIter:                212
Best Iter:            212
Improvement Count:    213
==============================
Solution tour: 
0 7 23 
7 28 8 5 24 19 9 2 20 
13 
20 9 6 25 11 16 20 
10 2 10 20 24 9 20 22 
4 9 22 11 
17 27 26 21 
9 4 
16 4 11 22 
1 18 
3 18 1 11 25 6 15 29 
15 
6 9 24 0 15 
==============================

====== Algorithm Status ======
Valor:                3987
Time:                 1006
nIter:                212
Best Iter:            212
Improvement Count:    213
==============================
Solution tour: 
0 7 23 
7 28 8 5 24 19 9 2 20 
13 
20 9 6 25 11 16 20 
10 2 10 20 24 9 20 22 
4 9 22 11 
17 27 26 21 
9 4 
16 4 11 22 
1 18 
3 18 1 11 25 6 15 29 
15 
6 9 24 0 15 
==============================

