=========== Input ===========
File name:                ./instances/created-instances/mm-20-25-1110588.cdop
Total node count:         46
Truck node count:         20
Drone node count:         25
=============================

========== Settings ==========
Settings file:        ./settings/Memetic_MPX_1287823.config
Seed:                 1287823
Reduction method:     -
Max iter:             1000
Population size:      13
Crossover:            MA-MPX
Local Search:         LS
==============================

====== Algorithm Status ======
Valor:                4819
Time:                 257
nIter:                26
Best Iter:            26
Improvement Count:    25
==============================
Solution tour: 
0 36 
17 36 45 10 15 11 
15 11 15 10 45 36 37 14 
3 6 3 5 43 
18 43 
4 12 42 1 8 
1 30 38 16 19 34 25 37 
10 44 3 
14 34 19 
16 38 
6 25 34 25 31 
19 31 25 34 25 33 40 
2 
13 24 13 27 29 27 13 23 
7 28 
20 43 39 41 23 
==============================

====== Algorithm Status ======
Valor:                5138
Time:                 506
nIter:                50
Best Iter:            50
Improvement Count:    49
==============================
Solution tour: 
0 3 6 25 34 25 43 39 43 19 31 
19 31 39 31 4 
12 4 20 
9 4 20 28 7 10 15 
11 44 23 24 13 27 29 27 
13 24 2 40 2 41 3 33 40 41 
2 13 3 14 3 
5 36 45 37 45 
7 12 
1 
8 9 20 36 20 
17 45 11 
15 35 45 36 
==============================

====== Algorithm Status ======
Valor:                5138
Time:                 1015
nIter:                105
Best Iter:            105
Improvement Count:    106
==============================
Solution tour: 
0 3 6 25 34 25 43 39 43 19 31 
19 31 39 31 4 
12 4 20 
9 4 20 28 7 10 15 
11 44 23 24 13 27 29 27 
13 24 2 40 2 41 3 33 40 41 
2 13 3 14 3 
5 36 45 37 45 
7 12 
1 
8 9 20 36 20 
17 45 11 
15 35 45 36 
==============================

====== Algorithm Status ======
Valor:                5138
Time:                 1015
nIter:                105
Best Iter:            105
Improvement Count:    106
==============================
Solution tour: 
0 3 6 25 34 25 43 39 43 19 31 
19 31 39 31 4 
12 4 20 
9 4 20 28 7 10 15 
11 44 23 24 13 27 29 27 
13 24 2 40 2 41 3 33 40 41 
2 13 3 14 3 
5 36 45 37 45 
7 12 
1 
8 9 20 36 20 
17 45 11 
15 35 45 36 
==============================

