=========== Input ===========
File name:                ./instances/created-instances/mm-25-25-1891798.cdop
Total node count:         51
Truck node count:         25
Drone node count:         25
=============================

========== Settings ==========
Settings file:        ./settings/Memetic-LS_MPX_1287823.config
Seed:                 1287823
Reduction method:     -
Max iter:             1000
Population size:      13
Crossover:            MA-MPX
Local Search:         -
==============================

====== Algorithm Status ======
Valor:                2139
Time:                 250
nIter:                285
Best Iter:            285
Improvement Count:    284
==============================
Solution tour: 
0 
7 27 
19 
8 
12 
14 
24 30 
17 40 
21 
15 
5 
6 
11 48 
3 
18 46 
1 
4 47 
9 
22 42 28 
2 
16 
20 
23 
10 
13 33 
==============================

====== Algorithm Status ======
Valor:                2139
Time:                 501
nIter:                585
Best Iter:            585
Improvement Count:    584
==============================
Solution tour: 
0 
7 27 
19 
8 
12 
14 
24 30 
17 40 
21 
15 
5 
6 
11 48 
3 
18 46 
1 
4 47 
9 
22 42 28 
2 
16 
20 
23 
10 
13 33 
==============================

====== Algorithm Status ======
Valor:                2139
Time:                 1001
nIter:                1164
Best Iter:            1164
Improvement Count:    1165
==============================
Solution tour: 
0 
7 27 
19 
8 
12 
14 
24 30 
17 40 
21 
15 
5 
6 
11 48 
3 
18 46 
1 
4 47 
9 
22 42 28 
2 
16 
20 
23 
10 
13 33 
==============================

====== Algorithm Status ======
Valor:                2139
Time:                 1001
nIter:                1164
Best Iter:            1164
Improvement Count:    1165
==============================
Solution tour: 
0 
7 27 
19 
8 
12 
14 
24 30 
17 40 
21 
15 
5 
6 
11 48 
3 
18 46 
1 
4 47 
9 
22 42 28 
2 
16 
20 
23 
10 
13 33 
==============================

