=========== Input ===========
File name:                ./instances/created-instances/mm-25-10-1110588.cdop
Total node count:         36
Truck node count:         25
Drone node count:         10
=============================

========== Settings ==========
Settings file:        ./settings/Memetic_MMX_1099666.config
Seed:                 1099666
Reduction method:     -
Max iter:             1000
Population size:      13
Crossover:            MA-MMX
Local Search:         LS
==============================

====== Algorithm Status ======
Valor:                4375
Time:                 250
nIter:                36
Best Iter:            36
Improvement Count:    35
==============================
Solution tour: 
0 3 0 26 30 21 33 21 35 
21 25 17 25 15 25 21 30 29 4 20 9 20 4 28 33 34 19 32 
19 13 3 13 22 13 30 14 30 24 23 
5 28 5 18 31 34 33 29 30 0 13 
==============================

====== Algorithm Status ======
Valor:                4766
Time:                 500
nIter:                75
Best Iter:            75
Improvement Count:    74
==============================
Solution tour: 
0 3 0 26 0 30 21 33 21 35 
21 25 7 17 7 25 15 25 21 30 29 30 28 4 20 9 20 4 20 4 28 33 34 31 34 19 32 19 16 
19 34 14 3 13 3 14 30 14 34 33 28 22 13 22 
23 24 23 
13 0 13 2 33 29 27 
==============================

====== Algorithm Status ======
Valor:                4766
Time:                 1005
nIter:                148
Best Iter:            148
Improvement Count:    149
==============================
Solution tour: 
0 3 0 26 0 30 21 33 21 35 
21 25 7 17 7 25 15 25 21 30 29 30 28 4 20 9 20 4 20 4 28 33 34 31 34 19 32 19 16 
19 34 14 3 13 3 14 30 14 34 33 28 22 13 22 
23 24 23 
13 0 13 2 33 29 27 
==============================

====== Algorithm Status ======
Valor:                4766
Time:                 1005
nIter:                148
Best Iter:            148
Improvement Count:    149
==============================
Solution tour: 
0 3 0 26 0 30 21 33 21 35 
21 25 7 17 7 25 15 25 21 30 29 30 28 4 20 9 20 4 20 4 28 33 34 31 34 19 32 19 16 
19 34 14 3 13 3 14 30 14 34 33 28 22 13 22 
23 24 23 
13 0 13 2 33 29 27 
==============================

