=========== Input ===========
File name:                ./instances/created-instances/mm-5-25-1891798.cdop
Total node count:         31
Truck node count:         5
Drone node count:         25
=============================

========== Settings ==========
Settings file:        ./settings/Memetic-LS_MMX_1099666.config
Seed:                 1099666
Reduction method:     -
Max iter:             1000
Population size:      13
Crossover:            MA-MMX
Local Search:         -
==============================

====== Algorithm Status ======
Valor:                3719
Time:                 250
nIter:                424
Best Iter:            424
Improvement Count:    423
==============================
Solution tour: 
0 11 8 10 
4 15 
3 20 12 24 16 8 18 9 18 7 20 14 30 19 11 19 
1 13 1 28 19 27 6 22 26 23 
2 4 12 0 21 
==============================

====== Algorithm Status ======
Valor:                3719
Time:                 500
nIter:                836
Best Iter:            836
Improvement Count:    835
==============================
Solution tour: 
0 11 8 10 
4 15 
3 20 12 24 16 8 18 9 18 7 20 14 30 19 11 19 
1 13 1 28 19 27 6 22 26 23 
2 4 12 0 21 
==============================

====== Algorithm Status ======
Valor:                3719
Time:                 1001
nIter:                1672
Best Iter:            1672
Improvement Count:    1673
==============================
Solution tour: 
0 11 8 10 
4 15 
3 20 12 24 16 8 18 9 18 7 20 14 30 19 11 19 
1 13 1 28 19 27 6 22 26 23 
2 4 12 0 21 
==============================

====== Algorithm Status ======
Valor:                3719
Time:                 1001
nIter:                1672
Best Iter:            1672
Improvement Count:    1673
==============================
Solution tour: 
0 11 8 10 
4 15 
3 20 12 24 16 8 18 9 18 7 20 14 30 19 11 19 
1 13 1 28 19 27 6 22 26 23 
2 4 12 0 21 
==============================

