=========== Input ===========
File name:                ./instances/created-instances/mm-5-10-1762875.cdop
Total node count:         16
Truck node count:         5
Drone node count:         10
=============================

========== Settings ==========
Settings file:        ./settings/Memetic-LS_MPX_1099666.config
Seed:                 1099666
Reduction method:     -
Max iter:             1000
Population size:      13
Crossover:            MA-MPX
Local Search:         -
==============================

====== Algorithm Status ======
Valor:                1907
Time:                 250
nIter:                1317
Best Iter:            1317
Improvement Count:    1316
==============================
Solution tour: 
0 7 14 
4 14 7 
3 13 3 
2 1 8 
1 2 3 4 11 5 10 
5 15 6 
==============================

====== Algorithm Status ======
Valor:                1907
Time:                 500
nIter:                2798
Best Iter:            2798
Improvement Count:    2797
==============================
Solution tour: 
0 7 14 
4 14 7 
3 13 3 
2 1 8 
1 2 3 4 11 5 10 
5 15 6 
==============================

====== Algorithm Status ======
Valor:                1952
Time:                 1001
nIter:                5591
Best Iter:            5591
Improvement Count:    5592
==============================
Solution tour: 
0 7 14 
4 14 7 
3 13 3 8 
2 1 8 
1 2 3 12 4 15 
5 10 5 11 6 
==============================

====== Algorithm Status ======
Valor:                1952
Time:                 1001
nIter:                5591
Best Iter:            5591
Improvement Count:    5592
==============================
Solution tour: 
0 7 14 
4 14 7 
3 13 3 8 
2 1 8 
1 2 3 12 4 15 
5 10 5 11 6 
==============================

