=========== Input ===========
File name:                ./instances/created-instances/mm-5-40-1110588.cdop
Total node count:         46
Truck node count:         5
Drone node count:         40
=============================

========== Settings ==========
Settings file:        ./settings/Memetic_MMX_1099666.config
Seed:                 1099666
Reduction method:     -
Max iter:             1000
Population size:      13
Crossover:            MA-MMX
Local Search:         LS
==============================

====== Algorithm Status ======
Valor:                6203
Time:                 255
nIter:                24
Best Iter:            24
Improvement Count:    23
==============================
Solution tour: 
0 27 20 6 11 31 45 39 45 38 9 38 13 15 4 25 32 44 32 28 16 28 10 28 16 20 17 34 37 8 37 42 19 22 8 44 25 6 35 
3 25 44 26 33 15 41 36 41 15 5 35 34 17 20 6 20 35 23 21 43 34 24 30 13 30 31 18 34 3 24 3 35 20 27 18 31 30 15 4 15 
==============================

====== Algorithm Status ======
Valor:                6356
Time:                 500
nIter:                52
Best Iter:            52
Improvement Count:    51
==============================
Solution tour: 
0 27 2 6 11 31 45 39 38 9 38 30 13 15 33 37 15 40 42 37 33 42 36 22 32 44 32 28 16 28 10 28 33 37 42 15 5 
3 5 4 37 8 25 44 26 33 15 41 15 5 35 34 17 20 6 20 35 23 21 43 17 34 24 5 13 30 31 3 24 3 35 20 27 34 18 31 30 15 4 15 30 
==============================

====== Algorithm Status ======
Valor:                6327
Time:                 1003
nIter:                102
Best Iter:            102
Improvement Count:    103
==============================
Solution tour: 
0 27 20 6 11 31 45 39 45 38 9 30 26 44 32 28 20 16 28 10 28 16 20 17 34 37 8 37 42 19 22 44 25 28 6 35 
3 25 44 26 33 15 41 36 41 15 5 35 34 17 20 6 20 35 23 21 43 34 24 31 30 13 30 31 18 34 3 24 3 35 20 27 34 18 31 11 6 27 
==============================

====== Algorithm Status ======
Valor:                6327
Time:                 1003
nIter:                102
Best Iter:            102
Improvement Count:    103
==============================
Solution tour: 
0 27 20 6 11 31 45 39 45 38 9 30 26 44 32 28 20 16 28 10 28 16 20 17 34 37 8 37 42 19 22 44 25 28 6 35 
3 25 44 26 33 15 41 36 41 15 5 35 34 17 20 6 20 35 23 21 43 34 24 31 30 13 30 31 18 34 3 24 3 35 20 27 34 18 31 11 6 27 
==============================

