=========== Input ===========
File name:                ./instances/created-instances/mm-5-10-1767920.cdop
Total node count:         16
Truck node count:         5
Drone node count:         10
=============================

========== Settings ==========
Settings file:        ./settings/Memetic_MPX_1099666.config
Seed:                 1099666
Reduction method:     -
Max iter:             1000
Population size:      13
Crossover:            MA-MPX
Local Search:         LS
==============================

====== Algorithm Status ======
Valor:                2890
Time:                 251
nIter:                162
Best Iter:            162
Improvement Count:    161
==============================
Solution tour: 
0 13 15 7 14 7 15 8 1 
3 
1 3 4 5 4 
2 4 13 4 9 4 14 12 6 10 6 12 8 11 8 12 5 12 
==============================

====== Algorithm Status ======
Valor:                2907
Time:                 501
nIter:                316
Best Iter:            316
Improvement Count:    315
==============================
Solution tour: 
0 13 15 7 14 7 15 8 10 4 10 8 3 1 
3 4 
2 4 9 5 
4 5 12 8 11 8 12 6 10 6 12 
==============================

====== Algorithm Status ======
Valor:                2907
Time:                 1002
nIter:                612
Best Iter:            612
Improvement Count:    613
==============================
Solution tour: 
0 13 15 7 14 7 15 8 10 4 10 8 3 1 
3 4 
2 4 9 5 
4 5 12 8 11 8 12 6 10 6 12 
==============================

====== Algorithm Status ======
Valor:                2907
Time:                 1002
nIter:                612
Best Iter:            612
Improvement Count:    613
==============================
Solution tour: 
0 13 15 7 14 7 15 8 10 4 10 8 3 1 
3 4 
2 4 9 5 
4 5 12 8 11 8 12 6 10 6 12 
==============================

