=========== Input ===========
File name:                ./instances/created-instances/mm-5-40-1917698.cdop
Total node count:         46
Truck node count:         5
Drone node count:         40
=============================

========== Settings ==========
Settings file:        ./settings/Memetic_MPX_1881515.config
Seed:                 1881515
Reduction method:     -
Max iter:             1000
Population size:      13
Crossover:            MA-MPX
Local Search:         LS
==============================

====== Algorithm Status ======
Valor:                6422
Time:                 257
nIter:                17
Best Iter:            17
Improvement Count:    16
==============================
Solution tour: 
0 24 3 24 36 22 14 36 41 45 26 45 39 25 39 45 41 36 14 
2 7 18 5 14 22 11 3 11 29 19 
4 41 10 38 17 26 25 21 25 32 
5 40 7 40 37 45 8 45 37 11 37 24 31 24 15 24 28 44 6 27 12 27 6 38 33 13 34 20 
1 20 34 
3 0 30 
==============================

====== Algorithm Status ======
Valor:                6542
Time:                 500
nIter:                40
Best Iter:            40
Improvement Count:    39
==============================
Solution tour: 
0 30 24 3 24 22 14 36 41 45 26 45 39 25 39 45 41 36 14 32 
5 16 40 7 40 37 45 8 45 37 11 37 24 31 24 15 24 28 44 6 27 12 27 6 38 33 13 34 20 
1 20 34 
3 0 
4 41 10 38 17 38 12 42 14 7 
2 7 18 5 14 22 11 3 11 19 30 
==============================

====== Algorithm Status ======
Valor:                6645
Time:                 1011
nIter:                91
Best Iter:            91
Improvement Count:    92
==============================
Solution tour: 
0 30 19 24 3 11 3 24 22 14 36 41 45 26 45 41 39 25 39 41 36 14 22 7 18 
5 32 16 40 7 40 37 45 8 45 37 11 37 24 31 24 15 24 41 28 44 6 27 12 27 6 38 33 45 20 
1 20 34 
3 0 
4 41 10 38 17 38 25 21 42 14 
2 30 
==============================

====== Algorithm Status ======
Valor:                6645
Time:                 1011
nIter:                91
Best Iter:            91
Improvement Count:    92
==============================
Solution tour: 
0 30 19 24 3 11 3 24 22 14 36 41 45 26 45 41 39 25 39 41 36 14 22 7 18 
5 32 16 40 7 40 37 45 8 45 37 11 37 24 31 24 15 24 41 28 44 6 27 12 27 6 38 33 45 20 
1 20 34 
3 0 
4 41 10 38 17 38 25 21 42 14 
2 30 
==============================

