=========== Input ===========
File name:                ./instances/created-instances/mm-5-25-1767920.cdop
Total node count:         31
Truck node count:         5
Drone node count:         25
=============================

========== Settings ==========
Settings file:        ./settings/Memetic-LS_MMX_1099666.config
Seed:                 1099666
Reduction method:     -
Max iter:             1000
Population size:      13
Crossover:            MA-MMX
Local Search:         -
==============================

====== Algorithm Status ======
Valor:                4455
Time:                 250
nIter:                464
Best Iter:            464
Improvement Count:    463
==============================
Solution tour: 
0 18 7 9 20 22 20 
4 10 13 10 
2 14 17 21 15 21 23 
3 23 16 12 24 11 30 11 8 24 8 7 18 17 7 17 27 29 25 29 1 23 28 23 1 26 
1 19 
==============================

====== Algorithm Status ======
Valor:                4455
Time:                 500
nIter:                907
Best Iter:            907
Improvement Count:    906
==============================
Solution tour: 
0 18 7 9 20 22 20 
4 10 13 10 
2 14 17 21 15 21 23 
3 23 16 12 24 11 30 11 8 24 8 7 18 17 7 17 27 29 25 29 1 23 28 23 1 26 
1 19 
==============================

====== Algorithm Status ======
Valor:                4718
Time:                 1001
nIter:                1691
Best Iter:            1691
Improvement Count:    1692
==============================
Solution tour: 
0 18 7 9 20 22 20 22 20 
4 10 13 10 
2 14 17 21 15 21 17 16 15 21 17 15 23 
3 23 12 24 11 30 11 8 24 8 7 18 17 7 17 18 17 7 17 27 29 25 29 1 29 1 23 28 30 28 23 
1 19 
==============================

====== Algorithm Status ======
Valor:                4718
Time:                 1001
nIter:                1691
Best Iter:            1691
Improvement Count:    1692
==============================
Solution tour: 
0 18 7 9 20 22 20 22 20 
4 10 13 10 
2 14 17 21 15 21 17 16 15 21 17 15 23 
3 23 12 24 11 30 11 8 24 8 7 18 17 7 17 18 17 7 17 27 29 25 29 1 29 1 23 28 30 28 23 
1 19 
==============================

