=========== Input ===========
File name:                ./instances/created-instances/mm-5-25-1767920.cdop
Total node count:         31
Truck node count:         5
Drone node count:         25
=============================

========== Settings ==========
Settings file:        ./settings/Memetic-LS_MMX_1881515.config
Seed:                 1881515
Reduction method:     -
Max iter:             1000
Population size:      13
Crossover:            MA-MMX
Local Search:         -
==============================

====== Algorithm Status ======
Valor:                4455
Time:                 250
nIter:                452
Best Iter:            452
Improvement Count:    451
==============================
Solution tour: 
0 18 7 9 20 22 20 
4 10 13 10 
2 14 17 21 15 21 23 
3 23 16 12 24 11 30 11 8 24 8 7 18 17 7 17 27 29 25 29 1 23 28 23 1 26 
1 19 
==============================

====== Algorithm Status ======
Valor:                4451
Time:                 500
nIter:                892
Best Iter:            892
Improvement Count:    891
==============================
Solution tour: 
0 18 7 22 7 9 20 22 20 
4 10 13 10 
2 14 17 21 15 21 23 
3 23 16 12 24 11 30 11 8 24 8 7 18 17 7 17 27 29 25 29 1 23 29 1 29 25 29 1 23 28 23 
1 19 
==============================

====== Algorithm Status ======
Valor:                4639
Time:                 1003
nIter:                1523
Best Iter:            1523
Improvement Count:    1524
==============================
Solution tour: 
0 18 7 22 7 9 7 20 22 20 
4 10 13 10 
2 14 17 21 15 21 23 
3 23 16 12 24 11 30 11 8 24 8 7 18 17 7 17 18 17 27 29 1 29 25 29 28 
1 19 
==============================

====== Algorithm Status ======
Valor:                4639
Time:                 1003
nIter:                1523
Best Iter:            1523
Improvement Count:    1524
==============================
Solution tour: 
0 18 7 22 7 9 7 20 22 20 
4 10 13 10 
2 14 17 21 15 21 23 
3 23 16 12 24 11 30 11 8 24 8 7 18 17 7 17 18 17 27 29 1 29 25 29 28 
1 19 
==============================

