=========== Input ===========
File name:                ./instances/created-instances/mm-5-10-1767920.cdop
Total node count:         16
Truck node count:         5
Drone node count:         10
=============================

========== Settings ==========
Settings file:        ./settings/Memetic_MMX_1099666.config
Seed:                 1099666
Reduction method:     -
Max iter:             1000
Population size:      13
Crossover:            MA-MMX
Local Search:         LS
==============================

====== Algorithm Status ======
Valor:                2858
Time:                 250
nIter:                166
Best Iter:            166
Improvement Count:    165
==============================
Solution tour: 
0 13 15 8 1 3 
1 2 4 14 7 10 6 12 8 12 8 11 8 15 7 14 
4 13 4 5 4 9 12 6 10 7 15 13 
==============================

====== Algorithm Status ======
Valor:                2957
Time:                 500
nIter:                316
Best Iter:            316
Improvement Count:    315
==============================
Solution tour: 
0 13 15 7 14 4 9 4 5 
4 3 1 3 12 6 10 6 12 8 11 8 10 4 10 8 12 
2 4 13 4 14 7 15 13 
==============================

====== Algorithm Status ======
Valor:                2974
Time:                 1003
nIter:                656
Best Iter:            656
Improvement Count:    657
==============================
Solution tour: 
0 13 15 7 14 4 9 4 5 
4 10 8 3 1 3 12 5 12 6 10 6 12 8 11 8 12 
2 4 13 4 2 14 7 15 13 
==============================

====== Algorithm Status ======
Valor:                2974
Time:                 1003
nIter:                656
Best Iter:            656
Improvement Count:    657
==============================
Solution tour: 
0 13 15 7 14 4 9 4 5 
4 10 8 3 1 3 12 5 12 6 10 6 12 8 11 8 12 
2 4 13 4 2 14 7 15 13 
==============================

