=========== Input ===========
File name:                ./instances/created-instances/mm-5-25-1917698.cdop
Total node count:         31
Truck node count:         5
Drone node count:         25
=============================

========== Settings ==========
Settings file:        ./settings/Memetic_MPX_1099666.config
Seed:                 1099666
Reduction method:     -
Max iter:             1000
Population size:      13
Crossover:            MA-MPX
Local Search:         LS
==============================

====== Algorithm Status ======
Valor:                4498
Time:                 254
nIter:                54
Best Iter:            54
Improvement Count:    53
==============================
Solution tour: 
0 22 24 29 1 20 14 7 0 15 
4 29 13 
1 24 22 0 7 2 30 19 
3 15 0 24 27 10 8 12 6 12 17 6 17 12 3 11 3 19 30 14 28 8 10 27 26 
2 22 2 7 9 7 16 
5 21 27 21 25 26 27 24 
==============================

====== Algorithm Status ======
Valor:                4566
Time:                 503
nIter:                109
Best Iter:            109
Improvement Count:    108
==============================
Solution tour: 
0 15 7 5 18 23 28 
3 15 0 24 27 10 8 12 6 12 17 6 17 12 3 11 3 19 30 14 28 8 10 27 26 
2 22 2 7 9 7 16 
5 21 27 21 25 26 27 24 
4 13 29 13 
1 24 0 7 
==============================

====== Algorithm Status ======
Valor:                4682
Time:                 1003
nIter:                222
Best Iter:            222
Improvement Count:    223
==============================
Solution tour: 
0 15 19 30 19 
3 15 0 24 27 10 8 12 6 12 17 6 17 12 3 11 3 19 14 30 14 28 8 10 27 26 
2 22 2 7 9 7 16 5 18 
5 25 26 27 21 27 24 
4 13 29 13 
1 24 0 7 
==============================

====== Algorithm Status ======
Valor:                4682
Time:                 1003
nIter:                222
Best Iter:            222
Improvement Count:    223
==============================
Solution tour: 
0 15 19 30 19 
3 15 0 24 27 10 8 12 6 12 17 6 17 12 3 11 3 19 14 30 14 28 8 10 27 26 
2 22 2 7 9 7 16 5 18 
5 25 26 27 21 27 24 
4 13 29 13 
1 24 0 7 
==============================

