=========== Input ===========
File name:                ./instances/created-instances/mm-5-40-1767920.cdop
Total node count:         46
Truck node count:         5
Drone node count:         40
=============================

========== Settings ==========
Settings file:        ./settings/Memetic_MMX_1287823.config
Seed:                 1287823
Reduction method:     -
Max iter:             1000
Population size:      13
Crossover:            MA-MMX
Local Search:         LS
==============================

====== Algorithm Status ======
Valor:                6043
Time:                 254
nIter:                14
Best Iter:            14
Improvement Count:    13
==============================
Solution tour: 
0 11 42 12 42 1 29 8 24 8 29 1 15 18 21 17 20 22 20 22 5 36 45 20 43 17 18 15 9 40 43 40 7 39 31 24 25 24 31 37 34 13 26 13 
4 40 18 6 12 6 18 17 27 41 32 20 
2 6 10 39 7 20 45 36 44 22 20 17 37 16 23 31 0 28 
==============================

====== Algorithm Status ======
Valor:                6278
Time:                 509
nIter:                29
Best Iter:            29
Improvement Count:    28
==============================
Solution tour: 
0 30 11 42 12 3 42 1 29 8 24 8 29 1 29 1 23 31 37 34 15 18 17 20 22 20 45 36 5 2 6 10 30 19 23 39 10 39 7 14 22 44 
5 27 12 42 11 37 17 43 40 43 17 10 6 12 24 29 24 25 24 8 3 31 37 13 26 13 
4 9 40 9 4 20 7 39 31 0 28 0 31 16 21 18 35 
==============================

====== Algorithm Status ======
Valor:                6600
Time:                 1012
nIter:                60
Best Iter:            60
Improvement Count:    61
==============================
Solution tour: 
0 30 11 42 12 3 42 1 29 8 24 8 29 1 29 1 23 37 34 15 18 17 20 22 20 45 36 5 36 2 3 12 6 10 39 30 19 30 23 16 14 22 44 5 22 
5 27 12 42 11 37 17 43 40 43 17 18 21 39 10 6 12 29 3 8 24 25 24 8 3 31 37 13 26 13 4 9 40 7 39 31 0 28 0 31 16 21 18 15 18 35 
==============================

====== Algorithm Status ======
Valor:                6600
Time:                 1012
nIter:                60
Best Iter:            60
Improvement Count:    61
==============================
Solution tour: 
0 30 11 42 12 3 42 1 29 8 24 8 29 1 29 1 23 37 34 15 18 17 20 22 20 45 36 5 36 2 3 12 6 10 39 30 19 30 23 16 14 22 44 5 22 
5 27 12 42 11 37 17 43 40 43 17 18 21 39 10 6 12 29 3 8 24 25 24 8 3 31 37 13 26 13 4 9 40 7 39 31 0 28 0 31 16 21 18 15 18 35 
==============================

