=========== Input ===========
File name:                ./instances/created-instances/mm-5-40-1110588.cdop
Total node count:         46
Truck node count:         5
Drone node count:         40
=============================

========== Settings ==========
Settings file:        ./settings/Memetic_MPX_1287823.config
Seed:                 1287823
Reduction method:     -
Max iter:             1000
Population size:      13
Crossover:            MA-MPX
Local Search:         LS
==============================

====== Algorithm Status ======
Valor:                6254
Time:                 253
nIter:                13
Best Iter:            13
Improvement Count:    12
==============================
Solution tour: 
0 27 20 41 42 26 44 32 28 10 28 16 28 20 27 
2 27 0 38 9 38 45 39 45 30 13 15 42 37 33 22 4 36 
1 12 7 40 15 13 30 31 18 43 34 17 34 35 20 6 20 16 10 25 44 26 10 16 20 17 23 35 3 11 5 41 36 41 5 37 8 37 
3 5 
4 15 4 15 5 24 3 24 
==============================

====== Algorithm Status ======
Valor:                6510
Time:                 510
nIter:                26
Best Iter:            26
Improvement Count:    25
==============================
Solution tour: 
0 27 20 41 42 26 44 32 28 10 28 16 28 20 27 
2 27 0 38 9 38 45 39 45 31 30 13 15 42 37 33 19 22 4 36 
1 12 7 40 15 13 30 31 18 43 34 17 34 35 20 6 20 16 10 25 44 26 10 16 20 17 23 35 3 11 5 41 36 41 5 37 8 37 
4 15 5 3 24 
3 5 
==============================

====== Algorithm Status ======
Valor:                6680
Time:                 1016
nIter:                53
Best Iter:            53
Improvement Count:    54
==============================
Solution tour: 
0 27 17 34 3 5 4 41 42 26 44 32 28 10 28 16 28 20 27 
2 27 0 38 9 45 39 45 31 30 13 15 42 37 33 37 8 37 42 19 22 4 36 
1 12 7 40 15 13 30 31 18 43 3 35 34 35 20 6 20 16 10 25 44 26 10 16 20 35 23 35 6 11 5 41 36 
4 15 
5 3 24 3 
==============================

====== Algorithm Status ======
Valor:                6680
Time:                 1016
nIter:                53
Best Iter:            53
Improvement Count:    54
==============================
Solution tour: 
0 27 17 34 3 5 4 41 42 26 44 32 28 10 28 16 28 20 27 
2 27 0 38 9 45 39 45 31 30 13 15 42 37 33 37 8 37 42 19 22 4 36 
1 12 7 40 15 13 30 31 18 43 3 35 34 35 20 6 20 16 10 25 44 26 10 16 20 35 23 35 6 11 5 41 36 
4 15 
5 3 24 3 
==============================

