=========== Input ===========
File name:                ./instances/created-instances/mm-5-25-1110588.cdop
Total node count:         31
Truck node count:         5
Drone node count:         25
=============================

========== Settings ==========
Settings file:        ./settings/Memetic_MMX_1287823.config
Seed:                 1287823
Reduction method:     -
Max iter:             1000
Population size:      13
Crossover:            MA-MMX
Local Search:         LS
==============================

====== Algorithm Status ======
Valor:                4837
Time:                 254
nIter:                31
Best Iter:            31
Improvement Count:    30
==============================
Solution tour: 
0 11 27 17 6 27 6 17 27 20 27 17 0 24 27 11 20 23 27 17 24 3 11 3 26 28 26 30 
3 30 18 30 13 14 13 7 12 19 12 4 5 6 20 10 25 8 25 10 20 27 16 27 2 21 2 20 6 5 11 24 11 
==============================

====== Algorithm Status ======
Valor:                5180
Time:                 500
nIter:                100
Best Iter:            100
Improvement Count:    99
==============================
Solution tour: 
0 11 27 6 17 6 20 28 6 27 24 17 20 17 27 17 24 3 11 0 24 27 11 3 18 23 20 6 28 26 30 
3 30 13 7 14 5 13 14 13 14 13 14 7 12 19 1 19 22 4 5 6 20 10 25 8 25 10 20 27 16 27 2 21 2 27 0 24 11 24 
==============================

====== Algorithm Status ======
Valor:                5324
Time:                 1007
nIter:                189
Best Iter:            189
Improvement Count:    190
==============================
Solution tour: 
0 11 27 6 17 6 20 28 6 27 24 17 23 27 20 17 27 17 24 3 24 11 24 0 24 3 18 23 20 6 28 26 30 
3 30 13 5 13 30 14 13 7 14 13 14 7 12 19 1 19 22 19 12 7 15 4 5 6 20 10 25 8 25 10 20 27 2 21 
2 27 16 27 11 
==============================

====== Algorithm Status ======
Valor:                5324
Time:                 1007
nIter:                189
Best Iter:            189
Improvement Count:    190
==============================
Solution tour: 
0 11 27 6 17 6 20 28 6 27 24 17 23 27 20 17 27 17 24 3 24 11 24 0 24 3 18 23 20 6 28 26 30 
3 30 13 5 13 30 14 13 7 14 13 14 7 12 19 1 19 22 19 12 7 15 4 5 6 20 10 25 8 25 10 20 27 2 21 
2 27 16 27 11 
==============================

