=========== Input ===========
File name:                ./instances/created-instances/mm-5-25-1891798.cdop
Total node count:         31
Truck node count:         5
Drone node count:         25
=============================

========== Settings ==========
Settings file:        ./settings/Memetic-LS_MMX_1287823.config
Seed:                 1287823
Reduction method:     -
Max iter:             1000
Population size:      13
Crossover:            MA-MMX
Local Search:         -
==============================

====== Algorithm Status ======
Valor:                3709
Time:                 250
nIter:                432
Best Iter:            432
Improvement Count:    431
==============================
Solution tour: 
0 11 8 10 
4 15 
3 20 12 24 16 8 18 9 18 7 20 14 30 25 11 19 
1 13 1 28 19 27 6 22 26 23 
2 4 12 0 21 
==============================

====== Algorithm Status ======
Valor:                3709
Time:                 500
nIter:                827
Best Iter:            827
Improvement Count:    826
==============================
Solution tour: 
0 11 8 10 
4 15 
3 20 12 24 16 8 18 9 18 7 20 14 30 25 11 19 
1 13 1 28 19 27 6 22 26 23 
2 4 12 0 21 
==============================

====== Algorithm Status ======
Valor:                3709
Time:                 1002
nIter:                1650
Best Iter:            1650
Improvement Count:    1651
==============================
Solution tour: 
0 11 8 10 
4 15 
3 20 12 24 16 8 18 9 18 7 20 14 30 25 11 19 
1 13 1 28 19 27 6 22 26 23 
2 4 12 0 21 
==============================

====== Algorithm Status ======
Valor:                3709
Time:                 1002
nIter:                1650
Best Iter:            1650
Improvement Count:    1651
==============================
Solution tour: 
0 11 8 10 
4 15 
3 20 12 24 16 8 18 9 18 7 20 14 30 25 11 19 
1 13 1 28 19 27 6 22 26 23 
2 4 12 0 21 
==============================

