=========== Input ===========
File name:                ./instances/created-instances/mm-5-40-1767920.cdop
Total node count:         46
Truck node count:         5
Drone node count:         40
=============================

========== Settings ==========
Settings file:        ./settings/Memetic_MMX_1881515.config
Seed:                 1881515
Reduction method:     -
Max iter:             1000
Population size:      13
Crossover:            MA-MMX
Local Search:         LS
==============================

====== Algorithm Status ======
Valor:                6537
Time:                 253
nIter:                26
Best Iter:            26
Improvement Count:    25
==============================
Solution tour: 
0 21 18 35 31 27 31 39 31 11 42 12 42 16 21 39 7 39 10 30 
1 29 8 25 24 25 8 
3 42 10 39 3 8 24 8 24 12 6 18 15 18 17 43 40 43 9 4 20 45 20 22 20 14 6 12 3 12 23 31 15 18 21 16 31 37 34 13 26 13 4 9 40 7 17 37 31 0 28 
==============================

====== Algorithm Status ======
Valor:                6537
Time:                 506
nIter:                47
Best Iter:            47
Improvement Count:    46
==============================
Solution tour: 
0 21 18 35 31 27 31 39 31 11 42 12 42 16 21 39 7 39 10 30 
1 29 8 25 24 25 8 
3 42 10 39 3 8 24 8 24 12 6 18 15 18 17 43 40 43 9 4 20 45 20 22 20 14 6 12 3 12 23 31 15 18 21 16 31 37 34 13 26 13 4 9 40 7 17 37 31 0 28 
==============================

====== Algorithm Status ======
Valor:                6688
Time:                 1012
nIter:                90
Best Iter:            90
Improvement Count:    91
==============================
Solution tour: 
0 3 12 24 8 29 1 35 21 40 11 42 12 3 29 42 23 12 42 23 16 21 34 39 7 39 10 39 31 30 
1 29 8 25 24 25 8 
3 42 3 8 24 8 24 12 6 18 15 18 17 43 40 43 17 43 40 9 4 40 7 21 17 20 45 36 5 44 22 20 22 14 4 39 21 18 21 16 13 26 13 4 9 40 7 17 37 31 0 28 
==============================

====== Algorithm Status ======
Valor:                6688
Time:                 1012
nIter:                90
Best Iter:            90
Improvement Count:    91
==============================
Solution tour: 
0 3 12 24 8 29 1 35 21 40 11 42 12 3 29 42 23 12 42 23 16 21 34 39 7 39 10 39 31 30 
1 29 8 25 24 25 8 
3 42 3 8 24 8 24 12 6 18 15 18 17 43 40 43 17 43 40 9 4 40 7 21 17 20 45 36 5 44 22 20 22 14 4 39 21 18 21 16 13 26 13 4 9 40 7 17 37 31 0 28 
==============================

