=========== Input ===========
File name:                ./instances/created-instances/mm-5-40-1891798.cdop
Total node count:         46
Truck node count:         5
Drone node count:         40
=============================

========== Settings ==========
Settings file:        ./settings/Memetic_MMX_1287823.config
Seed:                 1287823
Reduction method:     -
Max iter:             1000
Population size:      13
Crossover:            MA-MMX
Local Search:         LS
==============================

====== Algorithm Status ======
Valor:                6460
Time:                 255
nIter:                16
Best Iter:            16
Improvement Count:    15
==============================
Solution tour: 
0 33 9 33 0 40 44 10 18 8 4 2 11 2 45 6 22 26 23 35 24 23 24 35 23 14 26 36 6 10 27 15 39 21 38 19 25 28 22 42 6 
4 13 16 7 20 23 20 7 16 43 22 6 45 8 2 8 18 2 38 21 33 38 2 18 8 4 14 29 14 32 30 37 17 25 40 38 9 41 11 44 40 
==============================

====== Algorithm Status ======
Valor:                6872
Time:                 514
nIter:                34
Best Iter:            34
Improvement Count:    33
==============================
Solution tour: 
0 33 9 33 0 18 10 18 8 4 43 3 7 
3 12 35 12 13 4 8 2 8 18 38 44 9 41 11 27 15 39 21 38 31 38 21 19 25 28 5 37 30 32 30 26 6 
4 13 16 7 20 23 24 23 20 7 16 1 43 22 6 22 36 30 37 17 37 5 42 10 6 31 0 40 
==============================

====== Algorithm Status ======
Valor:                6940
Time:                 1027
nIter:                66
Best Iter:            66
Improvement Count:    67
==============================
Solution tour: 
0 40 44 9 33 0 33 38 11 2 18 38 18 8 18 8 4 43 13 3 7 
3 12 35 12 13 4 8 2 8 18 2 38 2 44 9 41 11 9 15 39 21 38 31 38 21 19 25 28 5 37 30 32 30 26 36 6 
4 13 16 7 20 23 24 23 20 7 16 1 43 22 6 22 42 45 6 30 37 17 37 5 28 0 40 
==============================

====== Algorithm Status ======
Valor:                6940
Time:                 1027
nIter:                66
Best Iter:            66
Improvement Count:    67
==============================
Solution tour: 
0 40 44 9 33 0 33 38 11 2 18 38 18 8 18 8 4 43 13 3 7 
3 12 35 12 13 4 8 2 8 18 2 38 2 44 9 41 11 9 15 39 21 38 31 38 21 19 25 28 5 37 30 32 30 26 36 6 
4 13 16 7 20 23 24 23 20 7 16 1 43 22 6 22 42 45 6 30 37 17 37 5 28 0 40 
==============================

