=========== Input ===========
File name:                ./instances/created-instances/mm-15-25-1917698.cdop
Total node count:         41
Truck node count:         15
Drone node count:         25
=============================

========== Settings ==========
Settings file:        ./settings/Memetic_MPX_1099666.config
Seed:                 1099666
Reduction method:     -
Max iter:             100
Population size:      13
Crossover:            MA-MPX
Local Search:         LS
==============================

====== Random Pocket ======
Valor Pocket:         3618
0 17 28 3 37 22 18 23 2 
11 
7 11 
8 
14 26 23 24 8 11 19 39 
10 
13 33 
1 
6 21 
15 18 30 29 30 5 36 
5 9 3 38 
3 40 
2 35 4 34 
4 
12 32 40 
9 20 18 28 17 
====== Random Current =====
Valor Current:        3055
0 17 28 40 
9 40 28 4 34 
4 
1 
14 35 
2 36 
5 36 19 39 
10 
6 21 37 20 22 38 33 
13 2 8 
11 
8 40 
3 15 18 
15 9 32 
12 29 30 29 25 
====== Warm Start ======
Valor:                4302
Time(µs):             2103
0 17 28 3 37 22 18 23 2 
11 
7 11 
8 
14 26 23 24 8 11 19 39 
10 
13 33 
1 
6 21 
15 18 30 29 30 5 36 
5 9 3 38 
3 40 
2 35 4 34 
4 
12 32 40 
9 20 18 28 17 
==============================
