=========== Input ===========
File name:                ./instances/created-instances/mm-20-25-1110588.cdop
Total node count:         46
Truck node count:         20
Drone node count:         25
=============================

========== Settings ==========
Settings file:        ./settings/Memetic_MPX_1099666.config
Seed:                 1099666
Reduction method:     -
Max iter:             100
Population size:      13
Crossover:            MA-MPX
Local Search:         LS
==============================

====== Random Pocket ======
Valor Pocket:         1975
0 3 
5 42 
1 8 
9 4 43 38 
16 19 
4 20 
17 
12 
18 41 
13 23 40 24 33 34 
19 31 39 
3 
14 37 
20 15 11 
15 
10 
6 31 34 25 
====== Random Current =====
Valor Current:        1264
0 
18 
10 15 
11 
14 
16 
19 31 
4 
9 
12 
1 
5 
17 23 
6 
3 
13 
2 
7 
20 
====== Warm Start ======
Valor:                4126
Time(µs):             1555
0 3 
5 42 
1 8 
9 4 43 38 
16 19 
4 20 
17 
12 
18 41 
13 23 40 24 33 34 
19 31 39 
3 
14 37 
20 15 11 
15 
10 
6 31 34 25 
==============================
