=========== Input ===========
File name:                ./instances/created-instances/mm-25-25-1767920.cdop
Total node count:         51
Truck node count:         25
Drone node count:         25
=============================

========== Settings ==========
Settings file:        ./settings/Memetic_MPX_1287823.config
Seed:                 1287823
Reduction method:     -
Max iter:             100
Population size:      13
Crossover:            MA-MPX
Local Search:         LS
==============================

====== Random Pocket ======
Valor Pocket:         4016
0 13 46 27 46 
2 5 28 
5 30 11 27 11 
8 27 8 
12 6 22 49 
21 
10 9 
16 9 
22 
15 3 36 
3 35 44 
24 50 47 
4 34 
18 
20 29 33 
17 41 42 35 
25 37 22 
1 22 
9 
6 12 41 
14 41 17 
====== Random Current =====
Valor Current:        1508
0 
24 
16 
15 
10 
7 30 
23 36 
12 
1 
9 
21 
22 
3 46 
2 
4 
5 
6 26 
11 
8 
13 
20 47 
====== Warm Start ======
Valor:                4549
Time(µs):             2406
0 13 46 27 46 
2 5 28 
5 30 11 27 11 
8 27 8 
12 6 22 49 
21 
10 9 
16 9 
22 
15 3 36 
3 35 44 
24 50 47 
4 34 
18 
20 29 33 
17 41 42 35 
25 37 22 
1 22 
9 
6 12 41 
14 41 17 
==============================
