=========== Input ===========
File name:                ./instances/created-instances/mm-15-10-1917698.cdop
Total node count:         26
Truck node count:         15
Drone node count:         10
=============================

========== Settings ==========
Settings file:        ./settings/Memetic_MMX_1881515.config
Seed:                 1881515
Reduction method:     -
Max iter:             100
Population size:      13
Crossover:            MA-MMX
Local Search:         LS
==============================

====== Random Pocket ======
Valor Pocket:         477
0 
6 
5 
12 
2 
14 
10 
3 
8 
9 
15 
13 
1 
7 
4 17 
====== Random Current =====
Valor Current:        1264
0 
11 17 
8 
14 22 
3 18 
1 
2 12 
9 
13 
4 
15 
6 
5 9 
12 
10 
====== Warm Start ======
Valor:                2951
Time(µs):             540
0 
6 
5 
12 
2 
14 
10 
3 
8 
9 
15 
13 
1 
7 
4 17 
==============================
