=========== Input ===========
File name:                ./instances/created-instances/mm-15-25-1891798.cdop
Total node count:         41
Truck node count:         15
Drone node count:         25
=============================

========== Settings ==========
Settings file:        ./settings/Memetic_MPX_1287823.config
Seed:                 1287823
Reduction method:     -
Max iter:             100
Population size:      13
Crossover:            MA-MPX
Local Search:         LS
==============================

====== Random Pocket ======
Valor Pocket:         2530
0 33 18 30 
9 
1 20 23 33 
7 22 40 
13 40 11 38 28 17 25 26 29 
10 24 
11 
6 23 
8 
5 34 
15 
12 27 18 40 
2 
14 39 24 
4 
====== Random Current =====
Valor Current:        366
0 
15 
10 
7 
14 
13 
12 
1 
9 
3 
6 
2 
4 
11 
5 
8 30 
====== Warm Start ======
Valor:                4355
Time(µs):             1538
0 33 18 30 
9 
1 20 23 33 
7 22 40 
13 40 11 38 28 17 25 26 29 
10 24 
11 
6 23 
8 
5 34 
15 
12 27 18 40 
2 
14 39 24 
4 
==============================
