=========== Input ===========
File name:                ./instances/created-instances/mm-25-10-1110588.cdop
Total node count:         36
Truck node count:         25
Drone node count:         10
=============================

========== Settings ==========
Settings file:        ./settings/Memetic-LS_MPX_1287823.config
Seed:                 1287823
Reduction method:     -
Max iter:             100
Population size:      13
Crossover:            MA-MPX
Local Search:         -
==============================

====== Random Pocket ======
Valor Pocket:         333
0 
6 
4 
22 
2 
23 
13 
7 
11 
14 
16 
8 
12 
18 
20 28 
17 
5 
3 
24 
21 29 
====== Random Current =====
Valor Current:        532
0 
22 
6 
14 
16 
19 
13 
2 
24 
11 
25 
3 
18 
20 
17 
12 
1 
9 
5 
10 
15 31 
====== Warm Start ======
Valor:                3116
Time(µs):             623
0 
6 
4 
22 
2 
23 
13 
7 
11 
14 
16 
8 
12 
18 
20 28 
17 
5 
3 
24 
21 29 
==============================
