=========== Input ===========
File name:                ./instances/created-instances/mm-15-10-1762875.cdop
Total node count:         26
Truck node count:         15
Drone node count:         10
=============================

========== Settings ==========
Settings file:        ./settings/Memetic-LS_MPX_1099666.config
Seed:                 1099666
Reduction method:     -
Max iter:             100
Population size:      13
Crossover:            MA-MPX
Local Search:         -
==============================

====== Random Pocket ======
Valor Pocket:         663
0 18 
9 
4 
2 24 19 
10 
6 
5 
14 
3 21 17 
1 
13 
12 
11 
8 
7 
====== Random Current =====
Valor Current:        474
0 
10 
11 
14 
7 
4 
9 
15 
3 
12 
1 
6 
13 
8 
5 17 
====== Warm Start ======
Valor:                2770
Time(µs):             642
0 18 
9 
4 
2 24 19 
10 
6 
5 
14 
3 21 17 
1 
13 
12 
11 
8 
7 
==============================
