=========== Input ===========
File name:                ./instances/created-instances/mm-20-10-1767920.cdop
Total node count:         31
Truck node count:         20
Drone node count:         10
=============================

========== Settings ==========
Settings file:        ./settings/Memetic-LS_MMX_1099666.config
Seed:                 1099666
Reduction method:     -
Max iter:             100
Population size:      13
Crossover:            MA-MMX
Local Search:         -
==============================

====== Random Pocket ======
Valor Pocket:         589
0 
18 
19 21 
7 
8 
9 
1 
13 
14 
5 
4 
20 
12 
11 
3 
6 29 
====== Random Current =====
Valor Current:        402
0 
17 
4 
19 
18 
1 
14 
2 
12 
20 
7 
15 
10 
6 
13 
11 
8 
3 
====== Warm Start ======
Valor:                2972
Time(µs):             851
0 
18 
19 21 
7 
8 
9 
1 
13 
14 
5 
4 
20 
12 
11 
3 
6 29 
==============================
