=========== Input ===========
File name:                ./instances/created-instances/mm-10-40-1110588.cdop
Total node count:         51
Truck node count:         10
Drone node count:         40
=============================

========== Settings ==========
Settings file:        ./settings/Memetic-LS_MPX_1099666.config
Seed:                 1099666
Reduction method:     -
Max iter:             100
Population size:      13
Crossover:            MA-MPX
Local Search:         -
==============================

====== Random Pocket ======
Valor Pocket:         670
0 
1 
6 
10 
3 
9 
7 
5 
8 
4 31 28 44 
2 35 
====== Random Current =====
Valor Current:        719
0 
9 
4 
1 
2 21 
5 24 46 
10 
8 
3 
7 
6 15 
====== Warm Start ======
Valor:                4920
Time(µs):             2316
0 
1 
6 
10 
3 
9 
7 
5 
8 
4 31 28 44 
2 35 
==============================
