=========== Input ===========
File name:                ./instances/created-instances/mm-5-40-1762875.cdop
Total node count:         46
Truck node count:         5
Drone node count:         40
=============================

========== Settings ==========
Settings file:        ./settings/Memetic_MPX_1287823.config
Seed:                 1287823
Reduction method:     -
Max iter:             100
Population size:      13
Crossover:            MA-MPX
Local Search:         LS
==============================

====== Random Pocket ======
Valor Pocket:         789
0 
1 35 37 27 13 
3 
5 30 
2 22 9 33 
4 21 38 40 
====== Random Current =====
Valor Current:        3856
0 26 8 41 22 12 6 
4 43 35 27 7 23 15 30 39 28 45 40 10 31 29 14 25 14 36 17 8 
3 44 41 
1 42 
5 32 38 13 38 26 11 15 37 34 20 17 43 16 
2 
====== Warm Start ======
Valor:                5086
Time(µs):             1690
0 
1 35 37 27 13 
3 
5 30 
2 22 9 33 
4 21 38 40 
==============================
