=========== Input ===========
File name:                ./instances/created-instances/mm-20-10-1767920.cdop
Total node count:         31
Truck node count:         20
Drone node count:         10
=============================

========== Settings ==========
Settings file:        ./settings/Memetic-LS_MMX_1287823.config
Seed:                 1287823
Reduction method:     -
Max iter:             100
Population size:      13
Crossover:            MA-MMX
Local Search:         -
==============================

====== Random Pocket ======
Valor Pocket:         716
0 
9 
16 27 
14 
7 
8 
15 
6 
2 
18 
19 
12 
13 
4 
11 
20 
3 
17 
====== Random Current =====
Valor Current:        183
0 
20 
4 
16 
15 
10 
7 
14 
11 
13 
12 
1 
9 
8 
3 
6 
2 
17 
====== Warm Start ======
Valor:                2972
Time(µs):             823
0 
9 
16 27 
14 
7 
8 
15 
6 
2 
18 
19 
12 
13 
4 
11 
20 
3 
17 
==============================
