=========== Input ===========
File name:                ./instances/created-instances/mm-10-10-1767920.cdop
Total node count:         21
Truck node count:         10
Drone node count:         10
=============================

========== Settings ==========
Settings file:        ./settings/Memetic-LS_MPX_1099666.config
Seed:                 1099666
Reduction method:     -
Max iter:             100
Population size:      13
Crossover:            MA-MPX
Local Search:         -
==============================

====== Random Pocket ======
Valor Pocket:         817
0 
2 
1 18 
7 
10 11 20 13 12 
3 15 16 
8 17 19 14 
4 
6 
9 
====== Random Current =====
Valor Current:        1196
0 11 17 
9 
4 19 16 18 
1 14 
2 12 
5 
8 
6 20 
7 15 13 
3 
====== Warm Start ======
Valor:                3006
Time(µs):             430
0 
2 
1 18 
7 
10 11 20 13 12 
3 15 16 
8 17 19 14 
4 
6 
9 
==============================
