=========== Input ===========
File name:                ./instances/created-instances/mm-20-25-1762875.cdop
Total node count:         46
Truck node count:         20
Drone node count:         25
=============================

========== Settings ==========
Settings file:        ./settings/Memetic_MMX_1287823.config
Seed:                 1287823
Reduction method:     -
Max iter:             100
Population size:      13
Crossover:            MA-MMX
Local Search:         LS
==============================

====== Random Pocket ======
Valor Pocket:         853
0 
13 22 
11 
3 
17 
5 
2 
19 
6 
16 
9 
4 
7 
14 
20 
8 
10 35 40 
====== Random Current =====
Valor Current:        1768
0 45 
6 26 
4 
14 43 
16 24 31 23 
19 
13 
8 
3 35 
18 
20 39 34 
12 37 
1 
7 
5 23 13 22 32 40 
15 
11 35 44 25 
10 13 
9 22 21 
====== Warm Start ======
Valor:                2119
Time(µs):             427
0 
13 22 
11 
3 
17 
5 
2 
19 
6 
16 
9 
4 
7 
14 
20 
8 
10 35 40 
==============================
