=========== Input ===========
File name:                ./instances/created-instances/mm-5-25-1767920.cdop
Total node count:         31
Truck node count:         5
Drone node count:         25
=============================

========== Settings ==========
Settings file:        ./settings/Memetic_MPX_1287823.config
Seed:                 1287823
Reduction method:     -
Max iter:             100
Population size:      13
Crossover:            MA-MPX
Local Search:         LS
==============================

====== Random Pocket ======
Valor Pocket:         1988
0 
5 28 27 29 26 7 8 24 15 
2 18 
1 19 12 
4 10 11 
3 17 
====== Random Current =====
Valor Current:        2979
0 11 8 24 10 
4 12 29 25 29 27 26 13 14 11 30 11 13 29 
5 
1 29 24 8 22 20 23 
3 6 
2 14 17 7 17 18 15 16 
====== Warm Start ======
Valor:                4394.71
Time(µs):             1775
0 
5 28 27 29 26 7 8 24 15 
2 18 
1 19 12 
4 10 11 
3 17 
==============================
