=========== Input ===========
File name:                ./instances/created-instances/mm-5-25-1767920.cdop
Total node count:         31
Truck node count:         5
Drone node count:         25
=============================

========== Settings ==========
Settings file:        ./settings/Memetic_MMX_1099666.config
Seed:                 1099666
Reduction method:     -
Max iter:             100
Population size:      13
Crossover:            MA-MMX
Local Search:         LS
==============================

====== Random Pocket ======
Valor Pocket:         2312
0 27 18 19 7 8 9 22 
2 
1 10 13 23 15 
5 
4 12 30 24 11 
3 25 29 
====== Random Current =====
Valor Current:        3437
0 22 20 14 7 17 7 9 
4 19 0 16 18 17 
1 14 
2 14 21 23 12 
5 27 6 24 8 24 20 9 7 17 21 15 23 25 29 1 10 6 10 13 26 30 11 30 25 8 3 23 
3 
====== Warm Start ======
Valor:                4394.71
Time(µs):             1178
0 27 18 19 7 8 9 22 
2 
1 10 13 23 15 
5 
4 12 30 24 11 
3 25 29 
==============================
