=========== Input ===========
File name:                ./instances/created-instances/mm-15-40-1891798.cdop
Total node count:         56
Truck node count:         15
Drone node count:         40
=============================

========== Settings ==========
Settings file:        ./settings/Memetic-LS_MMX_1881515.config
Seed:                 1881515
Reduction method:     -
Max iter:             100
Population size:      13
Crossover:            MA-MMX
Local Search:         -
==============================

====== Random Pocket ======
Valor Pocket:         591
0 
12 
6 
9 
1 22 37 
2 
5 
11 
7 
14 
4 
13 
10 
8 
15 54 
====== Random Current =====
Valor Current:        584
0 
14 21 53 
4 
6 
12 
7 
13 
3 
1 
5 
10 
2 
15 
8 
9 35 
====== Warm Start ======
Valor:                4560
Time(µs):             2039
0 
12 
6 
9 
1 22 37 
2 
5 
11 
7 
14 
4 
13 
10 
8 
15 54 
==============================
