=========== Input ===========
File name:                ./instances/created-instances/mm-25-25-1917698.cdop
Total node count:         51
Truck node count:         25
Drone node count:         25
=============================

========== Settings ==========
Settings file:        ./settings/Memetic_MMX_1881515.config
Seed:                 1881515
Reduction method:     -
Max iter:             100
Population size:      13
Crossover:            MA-MMX
Local Search:         LS
==============================

====== Random Pocket ======
Valor Pocket:         429
0 
13 
15 
6 
21 
5 
9 
25 
3 
22 
16 
10 
19 
17 
2 
20 
8 
7 
12 33 
====== Random Current =====
Valor Current:        2791
0 29 
18 
19 
17 
10 17 41 
3 44 
20 
11 39 
24 28 32 49 35 
9 35 
14 46 33 
6 
22 
15 31 
25 
13 36 38 48 
12 35 
5 44 
4 37 0 
2 43 2 
====== Warm Start ======
Valor:                2367
Time(µs):             541
0 
13 
15 
6 
21 
5 
9 
25 
3 
22 
16 
10 
19 
17 
2 
20 
8 
7 
12 33 
==============================
