=========== Input ===========
File name:                ./instances/created-instances/mm-15-40-1767920.cdop
Total node count:         56
Truck node count:         15
Drone node count:         40
=============================

========== Settings ==========
Settings file:        ./settings/Memetic_MPX_1287823.config
Seed:                 1287823
Reduction method:     -
Max iter:             100
Population size:      13
Crossover:            MA-MPX
Local Search:         LS
==============================

====== Random Pocket ======
Valor Pocket:         3765
0 38 13 
12 43 46 43 41 18 
4 
13 40 37 
14 34 
1 
3 17 42 36 35 44 21 
6 3 50 20 49 33 22 51 31 53 54 46 
7 55 23 47 
5 
11 8 11 26 32 
15 
10 27 
9 28 
8 24 8 
2 52 5 48 
====== Random Current =====
Valor Current:        396
0 
6 
4 
14 
13 
8 
3 
12 
1 
15 
11 
10 
7 
2 
9 39 
====== Warm Start ======
Valor:                5235
Time(µs):             3559
0 38 13 
12 43 46 43 41 18 
4 
13 40 37 
14 34 
1 
3 17 42 36 35 44 21 
6 3 50 20 49 33 22 51 31 53 54 46 
7 55 23 47 
5 
11 8 11 26 32 
15 
10 27 
9 28 
8 24 8 
2 52 5 48 
==============================
