=========== Input ===========
File name:                ./instances/created-instances/mm-5-25-1891798.cdop
Total node count:         31
Truck node count:         5
Drone node count:         25
=============================

========== Settings ==========
Settings file:        ./settings/Memetic_MPX_1881515.config
Seed:                 1881515
Reduction method:     -
Max iter:             100
Population size:      13
Crossover:            MA-MPX
Local Search:         LS
==============================

====== Random Pocket ======
Valor Pocket:         3044
0 6 22 30 8 15 27 12 11 19 7 
3 22 6 5 25 0 21 0 19 6 
4 
2 4 13 1 13 
5 
1 20 14 26 28 18 3 20 23 17 29 24 16 
====== Random Current =====
Valor Current:        2639
0 11 26 11 0 21 27 16 13 1 22 8 18 29 12 
5 19 5 14 23 30 17 10 
2 15 
3 
4 20 7 
1 8 19 11 19 28 6 24 25 9 7 
====== Warm Start ======
Valor:                3709
Time(µs):             585
0 6 22 30 8 15 27 12 11 19 7 
3 22 6 5 25 0 21 0 19 6 
4 
2 4 13 1 13 
5 
1 20 14 26 28 18 3 20 23 17 29 24 16 
==============================
