=========== Input ===========
File name:                ./instances/created-instances/mm-5-40-1110588.cdop
Total node count:         46
Truck node count:         5
Drone node count:         40
=============================

========== Settings ==========
Settings file:        ./settings/Memetic_MPX_1099666.config
Seed:                 1099666
Reduction method:     -
Max iter:             100
Population size:      13
Crossover:            MA-MPX
Local Search:         LS
==============================

====== Random Pocket ======
Valor Pocket:         4059
0 42 36 22 44 32 
5 
2 
1 41 30 9 38 11 28 10 28 16 20 6 35 18 29 
4 41 7 42 37 33 26 44 25 6 20 27 37 8 19 36 4 5 
3 24 3 35 34 40 13 45 31 
====== Random Current =====
Valor Current:        4800
0 42 37 33 10 28 16 20 6 35 18 29 45 39 45 30 19 36 
4 25 4 15 13 30 9 38 14 12 
1 36 41 
5 
3 24 3 35 34 23 43 40 6 20 27 20 28 10 33 22 8 37 31 0 27 
2 11 7 26 44 32 20 17 34 
====== Warm Start ======
Valor:                5453
Time(µs):             2047
0 42 36 22 44 32 
5 
2 
1 41 30 9 38 11 28 10 28 16 20 6 35 18 29 
4 41 7 42 37 33 26 44 25 6 20 27 37 8 19 36 4 5 
3 24 3 35 34 40 13 45 31 
==============================
