=========== Input ===========
File name:                ./instances/created-instances/mm-10-40-1891798.cdop
Total node count:         51
Truck node count:         10
Drone node count:         40
=============================

========== Settings ==========
Settings file:        ./settings/Memetic_MPX_1287823.config
Seed:                 1287823
Reduction method:     -
Max iter:             100
Population size:      13
Crossover:            MA-MPX
Local Search:         LS
==============================

====== Random Pocket ======
Valor Pocket:         4664
0 41 29 27 15 24 25 36 13 12 23 4 
2 19 
5 32 
8 32 20 45 
10 16 31 39 48 40 42 19 11 1 14 
3 21 23 43 11 43 
4 43 23 17 50 49 34 22 
7 35 26 18 38 33 44 
1 
9 46 
6 23 1 44 14 2 39 
====== Random Current =====
Valor Current:        4163
0 41 27 15 24 25 24 36 30 39 48 
10 48 34 22 
7 35 37 21 17 44 
1 28 42 16 46 
9 14 
3 50 
2 4 23 43 
4 43 11 43 23 
5 19 
6 32 
8 29 38 36 13 33 20 45 40 
====== Warm Start ======
Valor:                5359
Time(µs):             2367
0 41 29 27 15 24 25 36 13 12 23 4 
2 19 
5 32 
8 32 20 45 
10 16 31 39 48 40 42 19 11 1 14 
3 21 23 43 11 43 
4 43 23 17 50 49 34 22 
7 35 26 18 38 33 44 
1 
9 46 
6 23 1 44 14 2 39 
==============================
