=========== Input ===========
File name:                ./instances/created-instances/mm-5-25-1767920.cdop
Total node count:         31
Truck node count:         5
Drone node count:         25
=============================

========== Settings ==========
Settings file:        ./settings/Memetic_MPX_1881515.config
Seed:                 1881515
Reduction method:     -
Max iter:             100
Population size:      13
Crossover:            MA-MPX
Local Search:         LS
==============================

====== Random Pocket ======
Valor Pocket:         3521
0 21 15 21 8 11 
3 23 17 7 29 25 29 12 
4 10 
2 14 13 9 20 22 
5 
1 14 6 24 8 24 11 30 11 19 18 23 28 15 26 1 29 1 16 
====== Random Current =====
Valor Current:        3482
0 27 26 13 7 9 20 22 20 16 1 29 25 8 
5 1 19 14 
2 14 17 21 15 
3 
4 10 
1 23 28 11 30 11 24 8 24 12 6 9 7 17 7 18 
====== Warm Start ======
Valor:                4394.71
Time(µs):             1124
0 21 15 21 8 11 
3 23 17 7 29 25 29 12 
4 10 
2 14 13 9 20 22 
5 
1 14 6 24 8 24 11 30 11 19 18 23 28 15 26 1 29 1 16 
==============================
