=========== Input ===========
File name:                ./instances/created-instances/mm-10-10-1891798.cdop
Total node count:         21
Truck node count:         10
Drone node count:         10
=============================

========== Settings ==========
Settings file:        ./settings/Memetic_MMX_1099666.config
Seed:                 1099666
Reduction method:     -
Max iter:             100
Population size:      13
Crossover:            MA-MMX
Local Search:         LS
==============================

====== Random Pocket ======
Valor Pocket:         1409
0 
2 
1 18 
7 
10 11 20 13 
5 12 
3 15 16 
8 17 19 14 
4 
6 
9 
====== Random Current =====
Valor Current:        1474
0 8 11 17 
9 
4 19 16 18 
1 14 
2 
10 12 
5 
8 
6 20 
7 8 15 13 
3 
====== Warm Start ======
Valor:                2712
Time(µs):             497
0 
2 
1 18 
7 
10 11 20 13 
5 12 
3 15 16 
8 17 19 14 
4 
6 
9 
==============================
