=========== Input ===========
File name:                ./instances/created-instances/mm-10-25-1767920.cdop
Total node count:         36
Truck node count:         10
Drone node count:         25
=============================

========== Settings ==========
Settings file:        ./settings/Memetic-LS_MPX_1099666.config
Seed:                 1099666
Reduction method:     -
Max iter:             100
Population size:      13
Crossover:            MA-MPX
Local Search:         -
==============================

====== Random Pocket ======
Valor Pocket:         367
0 24 
7 
3 
2 
9 
1 17 14 
4 
8 
6 
5 
10 
====== Random Current =====
Valor Current:        823
0 
10 11 14 
4 
9 28 
1 
8 
5 
6 
3 15 
2 
7 27 
====== Warm Start ======
Valor:                4545
Time(µs):             1428
0 24 
7 
3 
2 
9 
1 17 14 
4 
8 
6 
5 
10 
==============================
