=========== Input ===========
File name:                ./instances/created-instances/mm-20-10-1917698.cdop
Total node count:         31
Truck node count:         20
Drone node count:         10
=============================

========== Settings ==========
Settings file:        ./settings/Memetic_MMX_1881515.config
Seed:                 1881515
Reduction method:     -
Max iter:             100
Population size:      13
Crossover:            MA-MMX
Local Search:         LS
==============================

====== Random Pocket ======
Valor Pocket:         901
0 
6 
15 9 
12 
8 
11 
7 
10 
4 
2 
13 
1 
14 
19 
18 29 27 
20 24 
17 
9 
====== Random Current =====
Valor Current:        2024
0 
18 9 
12 26 28 21 5 21 23 
5 18 3 
19 
17 
10 17 13 17 24 4 
2 27 3 
15 
3 24 
4 
20 
8 
11 2 0 14 12 
6 12 
9 30 9 29 
14 
7 
====== Warm Start ======
Valor:                2360
Time(µs):             643
0 
6 
15 9 
12 
8 
11 
7 
10 
4 
2 
13 
1 
14 
19 
18 29 27 
20 24 
17 
9 
==============================
