=========== Input ===========
File name:                ./instances/created-instances/mm-15-25-1110588.cdop
Total node count:         41
Truck node count:         15
Drone node count:         25
=============================

========== Settings ==========
Settings file:        ./settings/Memetic_MMX_1881515.config
Seed:                 1881515
Reduction method:     -
Max iter:             100
Population size:      13
Crossover:            MA-MMX
Local Search:         LS
==============================

====== Random Pocket ======
Valor Pocket:         3577
0 
10 14 23 32 29 16 18 16 36 28 
1 
8 
14 39 38 21 22 21 
13 27 20 35 
5 34 15 
11 15 10 
7 31 
2 31 22 13 20 27 20 13 
6 37 40 
9 14 
3 35 
4 25 38 21 38 39 
====== Random Current =====
Valor Current:        2254
0 39 21 38 21 35 4 40 
12 
5 32 29 18 37 23 7 
10 31 
2 22 21 
3 14 
1 
9 
14 34 
7 
6 
4 
15 33 25 20 27 20 
13 
====== Warm Start ======
Valor:                3971
Time(µs):             1139
0 
10 14 23 32 29 16 18 16 36 28 
1 
8 
14 39 38 21 22 21 
13 27 20 35 
5 34 15 
11 15 10 
7 31 
2 31 22 13 20 27 20 13 
6 37 40 
9 14 
3 35 
4 25 38 21 38 39 
==============================
