=========== Input ===========
File name:                ./instances/created-instances/mm-5-40-1110588.cdop
Total node count:         46
Truck node count:         5
Drone node count:         40
=============================

========== Settings ==========
Settings file:        ./settings/Memetic-LS_MPX_1099666.config
Seed:                 1099666
Reduction method:     -
Max iter:             100
Population size:      13
Crossover:            MA-MPX
Local Search:         -
==============================

====== Random Pocket ======
Valor Pocket:         1298
0 36 32 
5 
2 
1 9 16 29 
4 7 44 27 19 
3 40 31 
====== Random Current =====
Valor Current:        1436
0 42 16 29 19 
4 25 9 
1 
5 
3 23 40 27 22 
2 7 44 20 
====== Warm Start ======
Valor:                5453
Time(µs):             2106
0 36 32 
5 
2 
1 9 16 29 
4 7 44 27 19 
3 40 31 
==============================
