=========== Input ===========
File name:                ./instances/created-instances/mm-5-25-1917698.cdop
Total node count:         31
Truck node count:         5
Drone node count:         25
=============================

========== Settings ==========
Settings file:        ./settings/Memetic_MPX_1287823.config
Seed:                 1287823
Reduction method:     -
Max iter:             100
Population size:      13
Crossover:            MA-MPX
Local Search:         LS
==============================

====== Random Pocket ======
Valor Pocket:         3017
0 15 9 7 2 22 2 
5 28 16 3 11 29 21 27 26 2 7 8 14 15 0 6 25 
2 18 5 16 20 
1 19 4 13 
4 11 
3 10 6 17 6 12 24 
====== Random Current =====
Valor Current:        3768
0 24 29 20 
4 30 14 23 18 25 15 0 14 26 27 10 27 13 6 27 21 
5 21 27 6 17 12 11 3 19 
1 24 0 7 9 
3 11 22 
2 14 28 8 12 17 6 
====== Warm Start ======
Valor:                3880
Time(µs):             896
0 15 9 7 2 22 2 
5 28 16 3 11 29 21 27 26 2 7 8 14 15 0 6 25 
2 18 5 16 20 
1 19 4 13 
4 11 
3 10 6 17 6 12 24 
==============================
