=========== Input ===========
File name:                ./instances/created-instances/mm-20-10-1917698.cdop
Total node count:         31
Truck node count:         20
Drone node count:         10
=============================

========== Settings ==========
Settings file:        ./settings/Memetic-LS_MMX_1881515.config
Seed:                 1881515
Reduction method:     -
Max iter:             100
Population size:      13
Crossover:            MA-MMX
Local Search:         -
==============================

====== Random Pocket ======
Valor Pocket:         476
0 
6 
15 
12 
8 
11 
7 
10 
4 
2 
13 
1 
14 
19 
18 
20 
17 
9 
====== Random Current =====
Valor Current:        482
0 
18 
12 
5 
19 
17 
10 
2 
15 
3 
4 
20 
8 
11 
6 
9 
14 
7 
====== Warm Start ======
Valor:                2360
Time(µs):             679
0 
6 
15 
12 
8 
11 
7 
10 
4 
2 
13 
1 
14 
19 
18 
20 
17 
9 
==============================
