=========== Input ===========
File name:                ./instances/created-instances/mm-15-25-1917698.cdop
Total node count:         41
Truck node count:         15
Drone node count:         25
=============================

========== Settings ==========
Settings file:        ./settings/Memetic_MPX_1287823.config
Seed:                 1287823
Reduction method:     -
Max iter:             100
Population size:      13
Crossover:            MA-MPX
Local Search:         LS
==============================

====== Random Pocket ======
Valor Pocket:         1555
0 22 
9 38 
1 26 17 
7 
13 
10 39 19 
11 
8 40 
3 28 
5 36 32 18 
15 18 9 
12 
2 35 
14 
4 34 
====== Random Current =====
Valor Current:        615
0 
15 
10 27 
14 
13 
12 
1 
9 21 
3 
6 
2 
4 
11 
5 
8 30 
====== Warm Start ======
Valor:                4302
Time(µs):             1831
0 22 
9 38 
1 26 17 
7 
13 
10 39 19 
11 
8 40 
3 28 
5 36 32 18 
15 18 9 
12 
2 35 
14 
4 34 
==============================
