=========== Input ===========
File name:                ./instances/created-instances/mm-15-10-1917698.cdop
Total node count:         26
Truck node count:         15
Drone node count:         10
=============================

========== Settings ==========
Settings file:        ./settings/Memetic_MMX_1099666.config
Seed:                 1099666
Reduction method:     -
Max iter:             100
Population size:      13
Crossover:            MA-MMX
Local Search:         LS
==============================

====== Random Pocket ======
Valor Pocket:         1029
0 22 
9 
4 17 
2 
10 
6 
15 
5 18 
14 
3 17 
1 
13 
12 
11 
8 
7 
====== Random Current =====
Valor Current:        2031
0 14 22 21 22 13 
10 
11 
7 
4 
9 12 
15 
3 23 
2 23 
12 9 18 
1 
6 9 18 14 
13 14 19 
8 
5 2 17 
====== Warm Start ======
Valor:                2951
Time(µs):             569
0 22 
9 
4 17 
2 
10 
6 
15 
5 18 
14 
3 17 
1 
13 
12 
11 
8 
7 
==============================
