=========== Input ===========
File name:                ./instances/created-instances/mm-25-25-1110588.cdop
Total node count:         51
Truck node count:         25
Drone node count:         25
=============================

========== Settings ==========
Settings file:        ./settings/Memetic_MPX_1099666.config
Seed:                 1099666
Reduction method:     -
Max iter:             100
Population size:      13
Crossover:            MA-MPX
Local Search:         LS
==============================

====== Random Pocket ======
Valor Pocket:         3037
0 43 
1 
12 
6 40 
13 
23 13 24 0 3 30 
3 
14 20 
9 46 47 
18 39 37 
7 
25 
5 
4 
15 
20 48 39 32 50 38 31 34 33 
2 33 41 25 44 35 25 28 
====== Random Current =====
Valor Current:        3381
0 3 36 
17 46 
9 20 
4 39 48 
18 47 18 
1 43 34 33 
2 
21 
5 
20 7 
10 
11 21 27 29 27 49 
3 30 3 0 24 13 
23 2 33 40 24 37 
7 44 
25 
14 
6 0 28 
====== Warm Start ======
Valor:                2709
Time(µs):             602
0 43 
1 
12 
6 40 
13 
23 13 24 0 3 30 
3 
14 20 
9 46 47 
18 39 37 
7 
25 
5 
4 
15 
20 48 39 32 50 38 31 34 33 
2 33 41 25 44 35 25 28 
==============================
