=========== Input ===========
File name:                ./instances/created-instances/mm-25-10-1767920.cdop
Total node count:         36
Truck node count:         25
Drone node count:         10
=============================

========== Settings ==========
Settings file:        ./settings/Memetic-LS_MMX_1287823.config
Seed:                 1287823
Reduction method:     -
Max iter:             100
Population size:      13
Crossover:            MA-MMX
Local Search:         -
==============================

====== Random Pocket ======
Valor Pocket:         412
0 
6 
9 
22 
10 
23 
13 
7 
11 
14 
25 
16 
8 
12 
18 
20 
1 
3 
15 
21 29 
====== Random Current =====
Valor Current:        651
0 
22 
6 
21 
14 
13 
24 
11 
8 
3 
18 
20 
17 
12 
1 
9 
23 
5 
10 
15 31 
====== Warm Start ======
Valor:                2247
Time(µs):             428
0 
6 
9 
22 
10 
23 
13 
7 
11 
14 
25 
16 
8 
12 
18 
20 
1 
3 
15 
21 29 
==============================
