=========== Input ===========
File name:                ./instances/created-instances/mm-25-25-1917698.cdop
Total node count:         51
Truck node count:         25
Drone node count:         25
=============================

========== Settings ==========
Settings file:        ./settings/Memetic_MPX_1099666.config
Seed:                 1099666
Reduction method:     -
Max iter:             100
Population size:      13
Crossover:            MA-MPX
Local Search:         LS
==============================

====== Random Pocket ======
Valor Pocket:         1494
0 29 44 31 15 
1 
12 
6 
16 41 
17 
13 
10 
3 
14 48 
9 43 
18 39 
24 
5 27 
8 47 37 
4 38 
22 
15 
19 
20 
2 49 35 49 
====== Random Current =====
Valor Current:        3308
0 
4 37 4 
19 38 29 26 
18 
2 43 9 35 49 46 33 32 33 28 
21 
5 24 5 39 
24 39 47 
20 44 
10 36 
13 
11 
8 2 18 44 
3 
12 48 
25 
14 38 17 41 
22 
6 45 40 
16 40 45 
15 31 18 
====== Warm Start ======
Valor:                2367
Time(µs):             611
0 29 44 31 15 
1 
12 
6 
16 41 
17 
13 
10 
3 
14 48 
9 43 
18 39 
24 
5 27 
8 47 37 
4 38 
22 
15 
19 
20 
2 49 35 49 
==============================
