=========== Input ===========
File name:                ./instances/created-instances/mm-5-25-1917698.cdop
Total node count:         31
Truck node count:         5
Drone node count:         25
=============================

========== Settings ==========
Settings file:        ./settings/Memetic_MPX_1881515.config
Seed:                 1881515
Reduction method:     -
Max iter:             100
Population size:      13
Crossover:            MA-MPX
Local Search:         LS
==============================

====== Random Pocket ======
Valor Pocket:         3254
0 6 17 8 14 0 15 
3 11 22 0 7 0 28 26 27 10 
4 30 22 
2 13 10 27 21 
5 25 
1 19 5 18 23 26 12 17 6 13 29 24 16 
====== Random Current =====
Valor Current:        3010
0 14 28 26 21 27 10 13 22 2 18 5 29 12 27 21 
5 16 14 30 19 6 17 6 0 15 0 
2 22 
3 
4 
1 10 8 10 3 11 3 6 24 25 26 2 7 9 7 
====== Warm Start ======
Valor:                3880
Time(µs):             880
0 6 17 8 14 0 15 
3 11 22 0 7 0 28 26 27 10 
4 30 22 
2 13 10 27 21 
5 25 
1 19 5 18 23 26 12 17 6 13 29 24 16 
==============================
