=========== Input ===========
File name:                ./instances/created-instances/mm-5-25-1891798.cdop
Total node count:         31
Truck node count:         5
Drone node count:         25
=============================

========== Settings ==========
Settings file:        ./settings/Memetic-LS_MPX_1881515.config
Seed:                 1881515
Reduction method:     -
Max iter:             100
Population size:      13
Crossover:            MA-MPX
Local Search:         -
==============================

====== Random Pocket ======
Valor Pocket:         1459
0 22 30 15 12 11 
3 25 21 
4 
2 13 
5 
1 14 18 20 17 29 16 
====== Random Current =====
Valor Current:        2055
0 26 21 27 16 13 22 18 29 12 
5 19 23 17 10 
2 15 
3 
4 20 
1 8 11 28 6 24 25 9 7 
====== Warm Start ======
Valor:                3709
Time(µs):             656
0 22 30 15 12 11 
3 25 21 
4 
2 13 
5 
1 14 18 20 17 29 16 
==============================
