=========== Input ===========
File name:                ./instances/created-instances/mm-20-10-1917698.cdop
Total node count:         31
Truck node count:         20
Drone node count:         10
=============================

========== Settings ==========
Settings file:        ./settings/Memetic_MMX_1287823.config
Seed:                 1287823
Reduction method:     -
Max iter:             100
Population size:      13
Crossover:            MA-MMX
Local Search:         LS
==============================

====== Random Pocket ======
Valor Pocket:         690
0 
9 
14 29 
7 
8 
15 
6 12 
2 
18 3 
1 
19 
13 
4 20 
11 
20 27 24 
3 
17 
====== Random Current =====
Valor Current:        1717
0 
20 
4 29 27 29 
18 
15 25 13 17 
10 
7 
11 5 21 
5 9 
12 9 3 
19 3 
1 3 15 
9 15 
3 
6 26 30 9 
2 10 
17 24 4 
====== Warm Start ======
Valor:                2360
Time(µs):             675
0 
9 
14 29 
7 
8 
15 
6 12 
2 
18 3 
1 
19 
13 
4 20 
11 
20 27 24 
3 
17 
==============================
