=========== Input ===========
File name:                ./instances/created-instances/mm-15-25-1110588.cdop
Total node count:         41
Truck node count:         15
Drone node count:         25
=============================

========== Settings ==========
Settings file:        ./settings/Memetic_MMX_1099666.config
Seed:                 1099666
Reduction method:     -
Max iter:             100
Population size:      13
Crossover:            MA-MMX
Local Search:         LS
==============================

====== Random Pocket ======
Valor Pocket:         3677
0 39 21 38 21 
11 10 
7 26 9 
8 40 
14 35 7 
10 11 33 25 
13 21 22 
6 33 11 
15 11 
5 34 5 14 
3 31 
2 23 37 
4 28 
12 40 
9 40 4 35 20 27 20 13 
====== Random Current =====
Valor Current:        4152
0 3 14 40 
9 
4 
1 28 36 32 23 
14 23 22 31 
2 27 20 27 20 13 21 
5 29 18 16 18 29 7 
10 7 35 37 
6 39 21 22 21 
13 33 
11 
15 11 
7 34 
12 32 19 39 38 25 38 21 38 39 
====== Warm Start ======
Valor:                3971
Time(µs):             1162
0 39 21 38 21 
11 10 
7 26 9 
8 40 
14 35 7 
10 11 33 25 
13 21 22 
6 33 11 
15 11 
5 34 5 14 
3 31 
2 23 37 
4 28 
12 40 
9 40 4 35 20 27 20 13 
==============================
