=========== Input ===========
File name:                ./instances/created-instances/mm-10-10-1762875.cdop
Total node count:         21
Truck node count:         10
Drone node count:         10
=============================

========== Settings ==========
Settings file:        ./settings/Memetic-LS_MMX_1287823.config
Seed:                 1287823
Reduction method:     -
Max iter:             100
Population size:      13
Crossover:            MA-MMX
Local Search:         -
==============================

====== Random Pocket ======
Valor Pocket:         778
0 
2 19 
7 16 20 
9 15 18 
5 
6 11 
4 
10 
1 17 14 12 
3 13 
8 
====== Random Current =====
Valor Current:        647
0 19 
6 20 
4 16 18 
8 15 
10 
7 
3 
1 14 
9 11 13 
2 
5 12 17 
====== Warm Start ======
Valor:                2075
Time(µs):             320
0 
2 19 
7 16 20 
9 15 18 
5 
6 11 
4 
10 
1 17 14 12 
3 13 
8 
==============================
