=========== Input ===========
File name:                ./instances/created-instances/mm-15-40-1917698.cdop
Total node count:         56
Truck node count:         15
Drone node count:         40
=============================

========== Settings ==========
Settings file:        ./settings/Memetic_MMX_1881515.config
Seed:                 1881515
Reduction method:     -
Max iter:             100
Population size:      13
Crossover:            MA-MMX
Local Search:         LS
==============================

====== Random Pocket ======
Valor Pocket:         3685
0 49 
12 43 50 55 
6 51 45 18 
9 
1 35 17 44 23 
2 36 
5 24 8 
11 
7 19 17 26 41 
14 41 28 
4 
13 
10 52 41 40 53 
8 
3 55 42 55 50 
15 38 33 54 39 
====== Random Current =====
Valor Current:        3912
0 
14 41 28 
4 
6 42 55 50 48 31 48 50 55 42 49 
12 46 
11 
7 19 
13 
3 
1 38 33 54 
10 52 53 
2 23 26 18 45 51 45 
15 45 18 53 44 
8 24 40 
9 40 41 26 17 35 34 
====== Warm Start ======
Valor:                5389
Time(µs):             2921
0 49 
12 43 50 55 
6 51 45 18 
9 
1 35 17 44 23 
2 36 
5 24 8 
11 
7 19 17 26 41 
14 41 28 
4 
13 
10 52 41 40 53 
8 
3 55 42 55 50 
15 38 33 54 39 
==============================
