=========== Input ===========
File name:                ./instances/created-instances/mm-15-25-1762875.cdop
Total node count:         41
Truck node count:         15
Drone node count:         25
=============================

========== Settings ==========
Settings file:        ./settings/Memetic_MPX_1287823.config
Seed:                 1287823
Reduction method:     -
Max iter:             100
Population size:      13
Crossover:            MA-MPX
Local Search:         LS
==============================

====== Random Pocket ======
Valor Pocket:         3686
0 
9 13 34 21 
1 13 29 
7 29 
13 
10 35 8 26 39 17 39 
11 28 18 8 33 
8 
3 31 23 31 19 37 19 13 
5 13 9 4 
15 25 38 30 38 20 23 33 17 33 12 32 
12 34 10 
2 
14 
4 9 7 6 
====== Random Current =====
Valor Current:        4129
0 13 11 28 
15 19 37 19 32 35 
10 
7 29 5 
14 5 
13 8 33 12 32 
12 34 21 34 
1 
9 7 
6 
2 29 7 9 
4 26 18 28 
11 39 17 39 33 
8 39 38 30 38 20 23 31 23 31 37 13 
====== Warm Start ======
Valor:                4342
Time(µs):             1591
0 
9 13 34 21 
1 13 29 
7 29 
13 
10 35 8 26 39 17 39 
11 28 18 8 33 
8 
3 31 23 31 19 37 19 13 
5 13 9 4 
15 25 38 30 38 20 23 33 17 33 12 32 
12 34 10 
2 
14 
4 9 7 6 
==============================
