=========== Input ===========
File name:                ./instances/created-instances/mm-15-25-1767920.cdop
Total node count:         41
Truck node count:         15
Drone node count:         25
=============================

========== Settings ==========
Settings file:        ./settings/Memetic-LS_MPX_1287823.config
Seed:                 1287823
Reduction method:     -
Max iter:             100
Population size:      13
Crossover:            MA-MPX
Local Search:         -
==============================

====== Random Pocket ======
Valor Pocket:         314
0 
9 
1 
7 
13 
10 
11 
6 
8 
3 
15 
12 
2 
14 
4 
====== Random Current =====
Valor Current:        663
0 18 
15 
10 
7 
14 
13 
12 
1 
9 
3 
6 
2 31 
4 
11 
5 
8 30 
====== Warm Start ======
Valor:                3752
Time(µs):             1532
0 
9 
1 
7 
13 
10 
11 
6 
8 
3 
15 
12 
2 
14 
4 
==============================
