=========== Input ===========
File name:                ./instances/created-instances/mm-5-25-1110588.cdop
Total node count:         31
Truck node count:         5
Drone node count:         25
=============================

========== Settings ==========
Settings file:        ./settings/Memetic-LS_MPX_1881515.config
Seed:                 1881515
Reduction method:     -
Max iter:             100
Population size:      13
Crossover:            MA-MPX
Local Search:         -
==============================

====== Random Pocket ======
Valor Pocket:         1307
0 22 6 12 
3 7 25 21 
4 
2 13 
5 
1 23 14 19 18 28 26 16 
====== Random Current =====
Valor Current:        1639
0 26 21 27 16 13 22 18 29 12 
5 19 23 17 10 
2 15 
3 
4 20 
1 8 11 28 6 24 25 9 30 14 7 
====== Warm Start ======
Valor:                3236
Time(µs):             751
0 22 6 12 
3 7 25 21 
4 
2 13 
5 
1 23 14 19 18 28 26 16 
==============================
