=========== Input ===========
File name:                ./instances/created-instances/mm-10-10-1762875.cdop
Total node count:         21
Truck node count:         10
Drone node count:         10
=============================

========== Settings ==========
Settings file:        ./settings/Memetic_MPX_1287823.config
Seed:                 1287823
Reduction method:     -
Max iter:             100
Population size:      13
Crossover:            MA-MPX
Local Search:         LS
==============================

====== Random Pocket ======
Valor Pocket:         1493
0 
2 19 9 
7 16 20 16 7 
9 3 15 18 13 
5 
6 13 6 11 
4 
10 
1 10 17 4 14 12 15 
3 13 19 
8 
====== Random Current =====
Valor Current:        1476
0 10 19 13 
6 17 20 
4 16 18 
8 15 
10 
7 16 
3 
1 10 14 7 
9 7 11 6 13 5 
2 
5 13 12 17 
====== Warm Start ======
Valor:                2075
Time(µs):             529
0 
2 19 9 
7 16 20 16 7 
9 3 15 18 13 
5 
6 13 6 11 
4 
10 
1 10 17 4 14 12 15 
3 13 19 
8 
==============================
