=========== Input ===========
File name:                ./instances/created-instances/mm-25-25-1891798.cdop
Total node count:         51
Truck node count:         25
Drone node count:         25
=============================

========== Settings ==========
Settings file:        ./settings/Memetic-LS_MMX_1099666.config
Seed:                 1099666
Reduction method:     -
Max iter:             100
Population size:      13
Crossover:            MA-MMX
Local Search:         -
==============================

====== Random Pocket ======
Valor Pocket:         647
0 
12 
6 
16 
11 
13 
23 
10 
3 
21 
9 
25 
5 
8 
4 
22 
15 
19 
20 
2 35 
====== Random Current =====
Valor Current:        538
0 
9 
4 
18 
1 
21 
5 
24 
20 
10 
13 
11 
8 
7 
12 
14 
22 
6 
16 
15 
====== Warm Start ======
Valor:                2139
Time(µs):             486
0 
12 
6 
16 
11 
13 
23 
10 
3 
21 
9 
25 
5 
8 
4 
22 
15 
19 
20 
2 35 
==============================
