=========== Input ===========
File name:                ./instances/created-instances/mm-25-25-1767920.cdop
Total node count:         51
Truck node count:         25
Drone node count:         25
=============================

========== Settings ==========
Settings file:        ./settings/Memetic-LS_MMX_1881515.config
Seed:                 1881515
Reduction method:     -
Max iter:             100
Population size:      13
Crossover:            MA-MMX
Local Search:         -
==============================

====== Random Pocket ======
Valor Pocket:         442
0 
13 
15 
6 
21 
1 
9 
25 
3 
22 
11 
18 
19 
17 
20 
8 
14 
7 
24 
12 33 
====== Random Current =====
Valor Current:        543
0 
18 
23 
10 
3 
1 
11 
24 
14 
7 
6 
22 
15 
16 
8 
13 
12 
5 
2 
21 43 
====== Warm Start ======
Valor:                4549
Time(µs):             2352
0 
13 
15 
6 
21 
1 
9 
25 
3 
22 
11 
18 
19 
17 
20 
8 
14 
7 
24 
12 33 
==============================
