=========== Input ===========
File name:                ./instances/created-instances/mm-5-40-1110588.cdop
Total node count:         46
Truck node count:         5
Drone node count:         40
=============================

========== Settings ==========
Settings file:        ./settings/Memetic_MPX_1881515.config
Seed:                 1881515
Reduction method:     -
Max iter:             100
Population size:      13
Crossover:            MA-MPX
Local Search:         LS
==============================

====== Random Pocket ======
Valor Pocket:         4497
0 38 9 18 25 12 41 
5 22 19 33 
3 20 16 28 10 26 42 31 45 39 10 28 20 27 
2 11 40 7 42 37 34 17 16 32 44 32 8 37 3 24 3 5 
1 36 
4 31 23 35 6 20 6 4 15 41 36 42 
====== Random Current =====
Valor Current:        3983
0 11 22 10 28 16 28 10 33 13 14 23 31 30 25 44 32 45 9 15 
4 35 34 40 42 37 31 45 38 8 7 41 5 3 24 
3 29 39 45 31 
1 
5 15 42 26 20 27 
2 17 
====== Warm Start ======
Valor:                5453
Time(µs):             2102
0 38 9 18 25 12 41 
5 22 19 33 
3 20 16 28 10 26 42 31 45 39 10 28 20 27 
2 11 40 7 42 37 34 17 16 32 44 32 8 37 3 24 3 5 
1 36 
4 31 23 35 6 20 6 4 15 41 36 42 
==============================
