=========== Input ===========
File name:                ./instances/created-instances/mm-5-10-1917698.cdop
Total node count:         16
Truck node count:         5
Drone node count:         10
=============================

========== Settings ==========
Settings file:        ./settings/Memetic_MMX_1287823.config
Seed:                 1287823
Reduction method:     -
Max iter:             100
Population size:      13
Crossover:            MA-MMX
Local Search:         LS
==============================

====== Random Pocket ======
Valor Pocket:         2353
0 8 0 15 13 12 10 
5 0 15 
3 14 15 14 8 6 8 3 11 3 11 
1 
4 2 7 
2 3 2 9 3 8 10 12 13 14 
====== Random Current =====
Valor Current:        2433
0 9 
3 2 9 6 12 
5 14 15 
4 2 14 11 
1 11 3 12 2 7 13 12 9 
2 3 8 6 8 10 12 10 8 3 11 14 
====== Warm Start ======
Valor:                2576.8
Time(µs):             253
0 8 0 15 13 12 10 
5 0 15 
3 14 15 14 8 6 8 3 11 3 11 
1 
4 2 7 
2 3 2 9 3 8 10 12 13 14 
==============================
