=========== Input ===========
File name:                ./instances/created-instances/mm-5-40-1917698.cdop
Total node count:         46
Truck node count:         5
Drone node count:         40
=============================

========== Settings ==========
Settings file:        ./settings/Memetic-LS_MMX_1099666.config
Seed:                 1099666
Reduction method:     -
Max iter:             100
Population size:      13
Crossover:            MA-MMX
Local Search:         -
==============================

====== Random Pocket ======
Valor Pocket:         1340
0 
5 37 
2 
1 9 35 16 
4 12 24 18 13 27 19 
3 23 40 6 31 
====== Random Current =====
Valor Current:        1324
0 16 
4 25 9 35 32 
1 26 34 
5 
3 13 
2 8 7 20 
====== Warm Start ======
Valor:                5637
Time(µs):             2919
0 
5 37 
2 
1 9 35 16 
4 12 24 18 13 27 19 
3 23 40 6 31 
==============================
