=========== Input ===========
File name:                ./instances/created-instances/mm-20-10-1110588.cdop
Total node count:         31
Truck node count:         20
Drone node count:         10
=============================

========== Settings ==========
Settings file:        ./settings/Memetic-LS_MPX_1881515.config
Seed:                 1881515
Reduction method:     -
Max iter:             100
Population size:      13
Crossover:            MA-MPX
Local Search:         -
==============================

====== Random Pocket ======
Valor Pocket:         449
0 
6 
12 
8 
3 
7 
10 
4 
2 
13 
5 
14 
19 
18 
20 
17 
9 
====== Random Current =====
Valor Current:        317
0 
13 
18 
12 
5 
19 
17 
10 
15 
3 
4 
20 
1 
8 
11 
6 
14 
7 
====== Warm Start ======
Valor:                2496
Time(µs):             457
0 
6 
12 
8 
3 
7 
10 
4 
2 
13 
5 
14 
19 
18 
20 
17 
9 
==============================
