=========== Input ===========
File name:                ./instances/created-instances/mm-5-25-1767920.cdop
Total node count:         31
Truck node count:         5
Drone node count:         25
=============================

========== Settings ==========
Settings file:        ./settings/Memetic-LS_MMX_1287823.config
Seed:                 1287823
Reduction method:     -
Max iter:             1024000
Population size:      13
Crossover:            MA-MMX
Local Search:         -
Warm Start:           -
==============================

====== Algorithm Status ======
Valor:                3500
Time:                 250
nIter:                452
Best Iter:            452
Improvement Count:    451
==============================
Solution tour: 
0 7 20 10 17 23 30 18 20 
3 23 18 17 18 8 24 8 24 8 24 8 29 8 24 8 7 17 7 30 11 30 28 30 28 10 13 10 
1 29 16 15 17 21 17 21 15 19 
==============================

====== Algorithm Status ======
Valor:                3817
Time:                 500
nIter:                856
Best Iter:            856
Improvement Count:    855
==============================
Solution tour: 
0 7 20 10 17 23 18 20 
3 23 17 7 18 7 17 18 17 7 18 7 8 24 8 24 8 29 7 17 30 11 30 28 30 10 13 10 
1 29 16 15 21 17 15 17 21 17 19 
==============================

====== Algorithm Status ======
Valor:                4229
Time:                 1000
nIter:                1549
Best Iter:            1549
Improvement Count:    1548
==============================
Solution tour: 
0 7 20 17 23 6 25 11 24 8 24 6 25 
3 23 17 7 18 7 17 18 7 17 18 17 7 8 25 29 25 30 11 8 24 11 30 28 30 10 13 10 
1 29 16 15 21 17 21 15 17 19 
==============================

====== Algorithm Status ======
Valor:                4266
Time:                 2001
nIter:                2941
Best Iter:            2941
Improvement Count:    2940
==============================
Solution tour: 
0 7 20 17 23 6 25 11 24 8 24 6 25 
3 23 17 7 18 7 17 7 17 18 17 7 8 25 8 25 29 25 30 24 30 11 30 28 30 10 13 10 
1 29 16 15 21 17 21 15 17 19 
==============================

====== Algorithm Status ======
Valor:                4329
Time:                 4001
nIter:                5686
Best Iter:            5686
Improvement Count:    5685
==============================
Solution tour: 
0 7 20 17 23 6 29 11 24 8 24 6 25 
3 23 17 7 18 7 17 18 17 7 8 25 8 25 29 25 24 30 11 30 24 11 30 28 30 13 10 
1 29 16 15 16 15 21 17 21 15 17 15 19 
==============================

====== Algorithm Status ======
Valor:                4338
Time:                 8001
nIter:                10702
Best Iter:            10702
Improvement Count:    10701
==============================
Solution tour: 
0 7 4 20 17 23 6 29 11 24 8 24 6 25 
3 23 17 7 18 7 17 18 17 7 8 25 8 25 29 25 24 30 11 30 24 11 30 28 30 13 10 
1 29 16 15 16 15 21 17 21 15 17 15 19 
==============================

====== Algorithm Status ======
Valor:                4394
Time:                 16000
nIter:                20048
Best Iter:            20048
Improvement Count:    20047
==============================
Solution tour: 
0 28 7 9 17 23 6 29 11 24 8 24 6 25 
3 23 17 7 18 7 17 18 17 7 8 25 8 29 25 29 25 24 30 11 30 24 11 30 28 30 10 
1 29 7 15 16 15 21 17 21 15 17 15 23 19 
==============================

====== Algorithm Status ======
Valor:                4731
Time:                 32001
nIter:                39485
Best Iter:            39485
Improvement Count:    39484
==============================
Solution tour: 
0 28 30 12 6 23 6 24 11 24 8 24 6 25 
3 23 17 7 9 7 18 7 17 18 17 27 29 8 25 8 29 25 29 30 11 30 24 30 28 10 
1 29 7 15 16 15 17 15 21 15 21 17 21 16 0 19 
==============================

====== Algorithm Status ======
Valor:                4766
Time:                 64000
nIter:                80829
Best Iter:            80829
Improvement Count:    80828
==============================
Solution tour: 
0 28 30 12 6 23 6 24 11 24 8 24 6 25 
3 23 17 7 9 7 18 7 17 18 17 27 29 8 25 8 29 25 29 30 11 30 24 30 28 10 
1 29 7 15 16 15 17 21 15 21 17 15 0 19 
==============================

====== Algorithm Status ======
Valor:                4868
Time:                 128000
nIter:                165032
Best Iter:            165032
Improvement Count:    165031
==============================
Solution tour: 
0 28 30 12 6 23 6 24 11 24 8 24 6 25 
3 23 17 7 9 7 18 7 17 18 17 27 29 27 25 8 25 29 25 11 30 11 30 28 10 
1 29 1 23 15 16 15 17 21 15 21 17 15 0 19 
==============================

====== Algorithm Status ======
Valor:                5005
Time:                 256000
nIter:                324935
Best Iter:            324935
Improvement Count:    324934
==============================
Solution tour: 
0 28 30 12 6 23 6 24 11 24 8 24 6 25 
3 23 17 7 9 26 13 9 7 18 7 17 18 17 27 29 25 29 25 8 25 12 30 11 30 28 23 10 
1 29 1 23 15 16 15 17 21 15 21 17 15 23 19 
==============================

====== Algorithm Status ======
Valor:                5065
Time:                 512000
nIter:                633794
Best Iter:            633794
Improvement Count:    633793
==============================
Solution tour: 
0 28 30 24 11 24 8 24 1 23 
3 23 17 7 9 26 13 9 7 18 7 17 18 17 27 29 3 25 29 25 8 25 12 30 11 30 28 10 
1 29 1 23 6 23 15 16 15 17 21 15 21 17 15 23 21 23 19 
==============================

====== Algorithm Status ======
Valor:                5105
Time:                 1024003
nIter:                1226808
Best Iter:            1226808
Improvement Count:    1226809
==============================
Solution tour: 
0 28 30 24 11 24 8 24 8 1 23 
3 23 17 7 9 26 13 9 7 18 7 17 18 17 27 29 3 25 29 25 8 25 12 30 11 30 28 23 10 
1 29 1 23 6 23 15 16 15 17 21 15 21 17 15 23 21 23 19 
==============================

====== Algorithm Status ======
Valor:                5105
Time:                 1024003
nIter:                1226808
Best Iter:            1226808
Improvement Count:    1226809
==============================
Solution tour: 
0 28 30 24 11 24 8 24 8 1 23 
3 23 17 7 9 26 13 9 7 18 7 17 18 17 27 29 3 25 29 25 8 25 12 30 11 30 28 23 10 
1 29 1 23 6 23 15 16 15 17 21 15 21 17 15 23 21 23 19 
==============================

