=========== Input ===========
File name:                ./instances/created-instances/mm-15-40-1917698.cdop
Total node count:         56
Truck node count:         15
Drone node count:         40
=============================

========== Settings ==========
Settings file:        ./settings/Memetic-LS_MPX_1099666.config
Seed:                 1099666
Reduction method:     -
Max iter:             1024000
Population size:      13
Crossover:            MA-MPX
Local Search:         -
Warm Start:           -
==============================

====== Algorithm Status ======
Valor:                2011
Time:                 250
nIter:                252
Best Iter:            252
Improvement Count:    251
==============================
Solution tour: 
0 17 46 
14 55 
9 18 39 
1 3 21 
4 
8 26 38 
13 
3 
15 
10 35 
12 54 
5 
6 51 
==============================

====== Algorithm Status ======
Valor:                2011
Time:                 507
nIter:                465
Best Iter:            465
Improvement Count:    464
==============================
Solution tour: 
0 17 46 
14 55 
9 18 39 
1 3 21 
4 
8 26 38 
13 
3 
15 
10 35 
12 54 
5 
6 51 
==============================

====== Algorithm Status ======
Valor:                2011
Time:                 1000
nIter:                891
Best Iter:            891
Improvement Count:    890
==============================
Solution tour: 
0 17 46 
14 55 
9 18 39 
1 3 21 
4 
8 26 38 
13 
3 
15 
10 35 
12 54 
5 
6 51 
==============================

====== Algorithm Status ======
Valor:                2049
Time:                 2000
nIter:                1747
Best Iter:            1747
Improvement Count:    1746
==============================
Solution tour: 
0 17 46 
14 55 
9 18 39 
10 35 
1 3 21 
12 54 
11 
5 
6 51 
4 
2 24 
8 26 38 
13 
3 
==============================

====== Algorithm Status ======
Valor:                2170
Time:                 4000
nIter:                3415
Best Iter:            3415
Improvement Count:    3414
==============================
Solution tour: 
0 17 46 
12 54 
14 55 
2 24 
8 38 26 
9 39 
5 
13 
3 
10 35 
1 3 21 
6 51 
15 
==============================

====== Algorithm Status ======
Valor:                2170
Time:                 8003
nIter:                6864
Best Iter:            6864
Improvement Count:    6863
==============================
Solution tour: 
0 17 46 
12 54 
14 55 
2 24 
8 38 26 
9 39 
5 
13 
3 
10 35 
1 3 21 
6 51 
15 
==============================

====== Algorithm Status ======
Valor:                2170
Time:                 16008
nIter:                13854
Best Iter:            13854
Improvement Count:    13853
==============================
Solution tour: 
0 17 46 
12 54 
14 55 
2 24 
8 38 26 
9 39 
5 
13 
3 
10 35 
1 3 21 
6 51 
15 
==============================

====== Algorithm Status ======
Valor:                2870
Time:                 32000
nIter:                27308
Best Iter:            27308
Improvement Count:    27307
==============================
Solution tour: 
0 50 12 46 
2 24 
8 3 26 
9 
12 
1 
13 
3 
4 54 1 42 21 38 
10 40 35 
5 54 39 
14 17 40 
6 51 
15 55 49 
==============================

====== Algorithm Status ======
Valor:                3355
Time:                 64001
nIter:                53640
Best Iter:            53640
Improvement Count:    53639
==============================
Solution tour: 
0 50 12 46 
2 24 
8 3 26 
3 42 21 38 
6 51 
15 55 49 
12 43 
1 
13 1 
4 19 
10 40 35 
5 54 39 
14 17 40 
9 
==============================

====== Algorithm Status ======
Valor:                3514
Time:                 128000
nIter:                105608
Best Iter:            105608
Improvement Count:    105607
==============================
Solution tour: 
0 50 12 46 
2 24 
8 3 26 
3 42 21 38 
6 51 
15 55 49 
12 43 
1 
13 1 
4 19 
10 40 35 
14 17 40 41 
5 54 39 40 
9 
==============================

====== Algorithm Status ======
Valor:                3717
Time:                 256000
nIter:                208413
Best Iter:            208413
Improvement Count:    208412
==============================
Solution tour: 
0 50 12 46 
14 17 40 41 
5 54 39 40 
9 18 
2 24 
8 24 3 26 
3 42 55 38 
6 51 
15 55 49 
12 43 
1 
13 1 
4 19 
10 40 35 
==============================

====== Algorithm Status ======
Valor:                3850
Time:                 512007
nIter:                410174
Best Iter:            410174
Improvement Count:    410173
==============================
Solution tour: 
0 50 12 46 
14 
9 40 41 
5 54 39 40 17 18 
2 24 
7 
11 53 
8 24 45 3 26 
3 42 55 38 
6 51 
15 55 49 
12 35 
1 
13 1 
4 19 
==============================

====== Algorithm Status ======
Valor:                3871
Time:                 1024001
nIter:                814251
Best Iter:            814251
Improvement Count:    814252
==============================
Solution tour: 
0 50 12 46 
14 
9 40 41 
5 54 39 40 17 18 
2 34 
7 
11 53 
8 24 45 3 26 
3 42 55 38 
6 51 
15 55 49 
12 35 
1 
13 1 
4 19 
==============================

====== Algorithm Status ======
Valor:                3871
Time:                 1024001
nIter:                814251
Best Iter:            814251
Improvement Count:    814252
==============================
Solution tour: 
0 50 12 46 
14 
9 40 41 
5 54 39 40 17 18 
2 34 
7 
11 53 
8 24 45 3 26 
3 42 55 38 
6 51 
15 55 49 
12 35 
1 
13 1 
4 19 
==============================

