=========== Input ===========
File name:                ./instances/created-instances/mm-10-10-1891798.cdop
Total node count:         21
Truck node count:         10
Drone node count:         10
=============================

========== Settings ==========
Settings file:        ./settings/Memetic-LS_MMX_1287823.config
Seed:                 1287823
Reduction method:     -
Max iter:             1024000
Population size:      13
Crossover:            MA-MMX
Local Search:         -
Warm Start:           -
==============================

====== Algorithm Status ======
Valor:                2323
Time:                 250
nIter:                1042
Best Iter:            1042
Improvement Count:    1041
==============================
Solution tour: 
0 
10 11 
6 16 19 
3 19 11 20 
5 13 12 14 8 17 
8 11 20 
9 20 8 15 8 18 16 
==============================

====== Algorithm Status ======
Valor:                2323
Time:                 500
nIter:                2029
Best Iter:            2029
Improvement Count:    2028
==============================
Solution tour: 
0 
10 11 
6 16 19 
3 19 11 20 
5 13 12 14 8 17 
8 11 20 
9 20 8 15 8 18 16 
==============================

====== Algorithm Status ======
Valor:                2402
Time:                 1000
nIter:                4236
Best Iter:            4236
Improvement Count:    4235
==============================
Solution tour: 
0 20 
10 11 
6 16 19 
3 19 11 20 
5 13 14 12 14 8 17 
8 11 20 
9 20 8 15 8 20 18 
==============================

====== Algorithm Status ======
Valor:                2499
Time:                 2000
nIter:                8398
Best Iter:            8398
Improvement Count:    8397
==============================
Solution tour: 
0 20 
10 11 
6 16 19 
3 19 11 
5 13 14 12 14 8 17 
8 11 20 
9 20 5 20 15 20 18 
==============================

====== Algorithm Status ======
Valor:                2608
Time:                 4000
nIter:                17116
Best Iter:            17116
Improvement Count:    17115
==============================
Solution tour: 
0 20 
10 11 
6 16 19 
3 19 11 
5 13 14 12 
1 11 8 1 17 
8 11 19 20 
9 20 5 20 15 20 18 
==============================

====== Algorithm Status ======
Valor:                2622
Time:                 8000
nIter:                33748
Best Iter:            33748
Improvement Count:    33747
==============================
Solution tour: 
0 20 5 20 11 
6 16 19 
3 19 11 
5 13 14 12 
1 11 8 1 17 1 
8 11 19 20 
9 20 
10 20 15 20 18 
==============================

====== Algorithm Status ======
Valor:                2715
Time:                 16000
nIter:                67959
Best Iter:            67959
Improvement Count:    67958
==============================
Solution tour: 
0 20 5 11 
6 16 19 
3 19 11 
5 13 1 12 
1 9 11 8 14 17 
8 11 19 20 
9 20 
10 4 15 4 11 18 
==============================

====== Algorithm Status ======
Valor:                2728
Time:                 32000
nIter:                135744
Best Iter:            135744
Improvement Count:    135743
==============================
Solution tour: 
0 20 5 11 
6 16 19 
3 19 11 
5 13 1 12 
1 9 11 8 14 17 
8 11 19 20 
9 20 
10 4 10 11 18 
==============================

====== Algorithm Status ======
Valor:                3128
Time:                 64000
nIter:                264550
Best Iter:            264550
Improvement Count:    264549
==============================
Solution tour: 
0 20 5 11 
6 11 19 
3 19 16 19 11 
5 13 12 14 12 
1 9 20 9 0 8 0 9 1 17 1 
8 11 
10 4 10 0 10 20 
==============================

====== Algorithm Status ======
Valor:                3161
Time:                 128000
nIter:                495203
Best Iter:            495203
Improvement Count:    495202
==============================
Solution tour: 
0 20 5 11 
6 11 19 16 19 
3 4 19 11 
5 13 12 14 1 12 
1 9 20 9 0 8 0 9 1 17 11 
8 11 
10 4 10 0 10 20 
==============================

====== Algorithm Status ======
Valor:                3241
Time:                 256000
nIter:                916964
Best Iter:            916964
Improvement Count:    916963
==============================
Solution tour: 
0 20 5 11 
6 11 19 16 20 11 18 5 20 19 11 
5 13 12 14 1 12 
1 9 20 9 0 8 0 9 1 17 11 
8 11 
10 4 10 0 10 20 
==============================

====== Algorithm Status ======
Valor:                3287
Time:                 512000
nIter:                1690480
Best Iter:            1690480
Improvement Count:    1690479
==============================
Solution tour: 
0 20 5 11 
6 11 19 16 10 11 18 5 20 19 11 
5 13 12 14 1 12 
1 9 20 9 0 8 0 9 1 17 14 1 11 
8 11 
10 4 10 0 10 20 
==============================

====== Algorithm Status ======
Valor:                3292
Time:                 1024001
nIter:                3208342
Best Iter:            3208342
Improvement Count:    3208343
==============================
Solution tour: 
0 20 5 11 
6 11 19 16 10 11 18 5 20 19 11 
5 13 12 14 1 12 
1 9 20 9 0 8 0 9 1 17 4 11 
8 11 
10 4 10 0 10 20 
==============================

====== Algorithm Status ======
Valor:                3292
Time:                 1024001
nIter:                3208342
Best Iter:            3208342
Improvement Count:    3208343
==============================
Solution tour: 
0 20 5 11 
6 11 19 16 10 11 18 5 20 19 11 
5 13 12 14 1 12 
1 9 20 9 0 8 0 9 1 17 4 11 
8 11 
10 4 10 0 10 20 
==============================

