=========== Input ===========
File name:                ./instances/created-instances/mm-20-10-1110588.cdop
Total node count:         31
Truck node count:         20
Drone node count:         10
=============================

========== Settings ==========
Settings file:        ./settings/Memetic_MPX_1287823.config
Seed:                 1287823
Reduction method:     -
Max iter:             1024000
Population size:      13
Crossover:            MA-MPX
Local Search:         LS
Warm Start:           -
==============================

====== Algorithm Status ======
Valor:                3215
Time:                 251
nIter:                75
Best Iter:            75
Improvement Count:    74
==============================
Solution tour: 
0 3 14 3 0 24 
2 29 23 6 25 30 18 
4 20 
18 12 8 4 20 
16 
19 25 6 23 29 2 24 26 27 14 
11 
10 28 20 12 
9 12 4 5 
14 
5 4 
7 28 10 
15 11 15 10 
20 4 12 8 22 19 
==============================

====== Algorithm Status ======
Valor:                3378
Time:                 500
nIter:                141
Best Iter:            141
Improvement Count:    140
==============================
Solution tour: 
0 3 0 
3 23 25 6 23 24 26 
13 27 29 
2 24 6 25 
19 18 20 18 4 18 4 5 15 
11 10 20 28 7 10 11 15 10 
7 28 10 28 20 4 12 
9 12 18 4 20 14 5 
14 
6 22 30 18 
12 4 8 
1 
8 28 
5 4 14 
==============================

====== Algorithm Status ======
Valor:                3378
Time:                 1001
nIter:                273
Best Iter:            273
Improvement Count:    272
==============================
Solution tour: 
0 3 0 
3 23 25 6 23 24 26 
13 27 29 
2 24 6 25 
19 18 20 18 4 18 4 5 15 
11 10 20 28 7 10 11 15 10 
7 28 10 28 20 4 12 
9 12 18 4 20 14 5 
14 
6 22 30 18 
12 4 8 
1 
8 28 
5 4 14 
==============================

====== Algorithm Status ======
Valor:                3378
Time:                 2002
nIter:                544
Best Iter:            544
Improvement Count:    543
==============================
Solution tour: 
0 3 0 
3 23 25 6 23 24 26 
13 27 29 
2 24 6 25 
19 18 20 18 4 18 4 5 15 
11 10 20 28 7 10 11 15 10 
7 28 10 28 20 4 12 
9 12 18 4 20 14 5 
14 
6 22 30 18 
12 4 8 
1 
8 28 
5 4 14 
==============================

====== Algorithm Status ======
Valor:                3740
Time:                 4000
nIter:                1118
Best Iter:            1118
Improvement Count:    1117
==============================
Solution tour: 
0 23 29 
2 29 27 26 
13 23 25 
17 28 10 11 15 
11 
10 28 17 12 18 4 20 5 4 
14 24 2 24 0 3 14 
4 5 25 
19 20 18 20 4 18 
12 4 12 
9 12 17 25 
16 30 25 
6 25 
5 14 5 3 
==============================

====== Algorithm Status ======
Valor:                3740
Time:                 8002
nIter:                2226
Best Iter:            2226
Improvement Count:    2225
==============================
Solution tour: 
0 23 29 
2 29 27 26 
13 23 25 
17 28 10 11 15 
11 
10 28 17 12 18 4 20 5 4 
14 24 2 24 0 3 14 
4 5 25 
19 20 18 20 4 18 
12 4 12 
9 12 17 25 
16 30 25 
6 25 
5 14 5 3 
==============================

====== Algorithm Status ======
Valor:                3740
Time:                 16000
nIter:                4422
Best Iter:            4422
Improvement Count:    4421
==============================
Solution tour: 
0 23 29 
2 29 27 26 
13 23 25 
17 28 10 11 15 
11 
10 28 17 12 18 4 20 5 4 
14 24 2 24 0 3 14 
4 5 25 
19 20 18 20 4 18 
12 4 12 
9 12 17 25 
16 30 25 
6 25 
5 14 5 3 
==============================

====== Algorithm Status ======
Valor:                3740
Time:                 32003
nIter:                8831
Best Iter:            8831
Improvement Count:    8830
==============================
Solution tour: 
0 23 29 
2 29 27 26 
13 23 25 
17 28 10 11 15 
11 
10 28 17 12 18 4 20 5 4 
14 24 2 24 0 3 14 
4 5 25 
19 20 18 20 4 18 
12 4 12 
9 12 17 25 
16 30 25 
6 25 
5 14 5 3 
==============================

====== Algorithm Status ======
Valor:                3740
Time:                 64000
nIter:                17714
Best Iter:            17714
Improvement Count:    17713
==============================
Solution tour: 
0 23 29 
2 29 27 26 
13 23 25 
17 28 10 11 15 
11 
10 28 17 12 18 4 20 5 4 
14 24 2 24 0 3 14 
4 5 25 
19 20 18 20 4 18 
12 4 12 
9 12 17 25 
16 30 25 
6 25 
5 14 5 3 
==============================

====== Algorithm Status ======
Valor:                3740
Time:                 128000
nIter:                35562
Best Iter:            35562
Improvement Count:    35561
==============================
Solution tour: 
0 23 29 
2 29 27 26 
13 23 25 
17 28 10 11 15 
11 
10 28 17 12 18 4 20 5 4 
14 24 2 24 0 3 14 
4 5 25 
19 20 18 20 4 18 
12 4 12 
9 12 17 25 
16 30 25 
6 25 
5 14 5 3 
==============================

====== Algorithm Status ======
Valor:                3740
Time:                 256002
nIter:                71156
Best Iter:            71156
Improvement Count:    71155
==============================
Solution tour: 
0 23 29 
2 29 27 26 
13 23 25 
17 28 10 11 15 
11 
10 28 17 12 18 4 20 5 4 
14 24 2 24 0 3 14 
4 5 25 
19 20 18 20 4 18 
12 4 12 
9 12 17 25 
16 30 25 
6 25 
5 14 5 3 
==============================

====== Algorithm Status ======
Valor:                3740
Time:                 512000
nIter:                142348
Best Iter:            142348
Improvement Count:    142347
==============================
Solution tour: 
0 23 29 
2 29 27 26 
13 23 25 
17 28 10 11 15 
11 
10 28 17 12 18 4 20 5 4 
14 24 2 24 0 3 14 
4 5 25 
19 20 18 20 4 18 
12 4 12 
9 12 17 25 
16 30 25 
6 25 
5 14 5 3 
==============================

====== Algorithm Status ======
Valor:                3898
Time:                 1024003
nIter:                286785
Best Iter:            286785
Improvement Count:    286786
==============================
Solution tour: 
0 24 2 24 23 29 
2 29 27 26 23 0 
3 0 
6 25 30 22 30 
18 4 12 
9 12 8 
1 4 20 18 
12 4 
8 12 18 20 28 10 
7 21 11 
15 11 
10 28 20 8 4 20 
4 5 14 5 25 
19 25 5 28 
17 25 6 23 
==============================

====== Algorithm Status ======
Valor:                3898
Time:                 1024003
nIter:                286785
Best Iter:            286785
Improvement Count:    286786
==============================
Solution tour: 
0 24 2 24 23 29 
2 29 27 26 23 0 
3 0 
6 25 30 22 30 
18 4 12 
9 12 8 
1 4 20 18 
12 4 
8 12 18 20 28 10 
7 21 11 
15 11 
10 28 20 8 4 20 
4 5 14 5 25 
19 25 5 28 
17 25 6 23 
==============================

