=========== Input ===========
File name:                ./instances/created-instances/mm-15-25-1917698.cdop
Total node count:         41
Truck node count:         15
Drone node count:         25
=============================

========== Settings ==========
Settings file:        ./settings/Memetic-LS_MMX_1099666.config
Seed:                 1099666
Reduction method:     -
Max iter:             1024000
Population size:      13
Crossover:            MA-MMX
Local Search:         -
Warm Start:           -
==============================

====== Algorithm Status ======
Valor:                1955
Time:                 250
nIter:                480
Best Iter:            480
Improvement Count:    479
==============================
Solution tour: 
0 2 35 2 34 2 34 29 
12 29 21 
6 34 16 34 
9 
5 27 
4 
3 37 
8 
2 
15 
13 40 
==============================

====== Algorithm Status ======
Valor:                2241
Time:                 500
nIter:                922
Best Iter:            922
Improvement Count:    921
==============================
Solution tour: 
0 2 35 23 2 35 2 34 2 
12 29 30 21 
6 16 34 
9 
5 
4 27 
3 37 
8 
2 
15 
13 40 
==============================

====== Algorithm Status ======
Valor:                2976
Time:                 1000
nIter:                1867
Best Iter:            1867
Improvement Count:    1866
==============================
Solution tour: 
0 2 35 2 34 2 
11 2 32 
2 23 2 
12 29 30 29 26 34 15 30 21 
6 16 34 
4 34 27 
3 37 
8 2 
15 
13 19 
==============================

====== Algorithm Status ======
Valor:                3274
Time:                 2000
nIter:                3503
Best Iter:            3503
Improvement Count:    3502
==============================
Solution tour: 
0 2 35 2 34 2 
11 2 23 40 23 40 
2 23 2 
12 29 30 29 23 26 34 30 21 
6 16 34 
4 34 27 
3 37 
8 2 
15 
13 19 
==============================

====== Algorithm Status ======
Valor:                3515
Time:                 4000
nIter:                6708
Best Iter:            6708
Improvement Count:    6707
==============================
Solution tour: 
0 2 35 2 34 2 
11 2 40 23 40 
2 23 2 23 26 29 30 29 30 29 
12 26 23 18 29 23 26 17 23 29 34 30 21 
6 16 12 34 
4 27 
3 37 
13 19 
==============================

====== Algorithm Status ======
Valor:                3838
Time:                 8003
nIter:                12550
Best Iter:            12550
Improvement Count:    12549
==============================
Solution tour: 
0 2 35 2 34 2 
11 2 40 23 40 23 2 23 26 23 26 29 12 29 23 29 30 29 25 30 18 23 18 17 30 21 
6 16 12 34 
4 27 16 37 16 
13 19 
==============================

====== Algorithm Status ======
Valor:                4078
Time:                 16000
nIter:                23840
Best Iter:            23840
Improvement Count:    23839
==============================
Solution tour: 
0 2 35 2 34 2 
11 2 23 40 23 2 26 23 26 29 12 29 23 29 25 30 29 30 18 23 18 15 18 17 18 30 21 
6 16 12 34 
4 27 16 37 
13 35 
3 28 
==============================

====== Algorithm Status ======
Valor:                4317
Time:                 32000
nIter:                42918
Best Iter:            42918
Improvement Count:    42917
==============================
Solution tour: 
0 2 35 2 34 2 
11 2 23 40 28 40 23 26 23 2 23 29 30 29 30 18 30 29 30 29 30 29 23 18 15 18 29 12 29 30 17 30 21 
6 3 2 34 
4 27 16 37 3 35 
3 38 
==============================

====== Algorithm Status ======
Valor:                4569
Time:                 64000
nIter:                78216
Best Iter:            78216
Improvement Count:    78215
==============================
Solution tour: 
0 2 35 2 40 2 
11 2 23 40 28 40 23 26 23 2 23 29 30 29 30 29 30 18 30 29 30 29 23 18 15 18 29 12 29 32 17 32 9 21 
6 3 2 34 
4 27 16 37 16 37 3 40 
3 22 38 
==============================

====== Algorithm Status ======
Valor:                4569
Time:                 128000
nIter:                142071
Best Iter:            142071
Improvement Count:    142070
==============================
Solution tour: 
0 2 35 2 40 2 
11 2 23 40 28 40 23 26 23 2 23 29 30 29 30 29 30 18 30 29 30 29 23 18 15 18 29 12 29 32 17 32 9 21 
6 3 2 34 
4 27 16 37 16 37 3 40 
3 22 38 
==============================

====== Algorithm Status ======
Valor:                4850
Time:                 256001
nIter:                274660
Best Iter:            274660
Improvement Count:    274659
==============================
Solution tour: 
0 2 35 2 40 2 8 
11 2 23 40 28 40 23 26 23 2 0 23 29 30 29 30 29 30 29 30 18 30 29 23 18 15 18 12 29 12 9 32 17 32 9 40 9 15 21 
6 3 2 34 
4 27 16 37 3 40 
3 22 38 
==============================

====== Algorithm Status ======
Valor:                5033
Time:                 512003
nIter:                557381
Best Iter:            557381
Improvement Count:    557380
==============================
Solution tour: 
0 2 8 2 35 2 11 8 
11 2 23 40 28 40 23 26 23 2 0 23 29 30 29 30 18 23 18 15 18 12 29 12 32 17 32 40 32 15 9 32 9 40 9 21 
6 3 15 2 34 
4 27 22 16 37 3 40 
3 38 
==============================

====== Algorithm Status ======
Valor:                5194
Time:                 1024001
nIter:                1118071
Best Iter:            1118071
Improvement Count:    1118072
==============================
Solution tour: 
0 2 8 19 2 35 2 11 8 
11 2 23 40 28 40 23 26 23 2 0 23 29 30 29 30 18 23 18 15 32 15 18 12 29 12 32 17 32 40 32 9 40 9 21 
6 3 2 34 
4 34 23 22 38 37 16 37 3 40 
3 38 
==============================

====== Algorithm Status ======
Valor:                5194
Time:                 1024001
nIter:                1118071
Best Iter:            1118071
Improvement Count:    1118072
==============================
Solution tour: 
0 2 8 19 2 35 2 11 8 
11 2 23 40 28 40 23 26 23 2 0 23 29 30 29 30 18 23 18 15 32 15 18 12 29 12 32 17 32 40 32 9 40 9 21 
6 3 2 34 
4 34 23 22 38 37 16 37 3 40 
3 38 
==============================

