=========== Input ===========
File name:                ./instances/created-instances/mm-5-40-1891798.cdop
Total node count:         46
Truck node count:         5
Drone node count:         40
=============================

========== Settings ==========
Settings file:        ./settings/Memetic-LS_MPX_1287823.config
Seed:                 1287823
Reduction method:     -
Max iter:             1024000
Population size:      13
Crossover:            MA-MPX
Local Search:         -
Warm Start:           -
==============================

====== Algorithm Status ======
Valor:                3091
Time:                 250
nIter:                344
Best Iter:            344
Improvement Count:    343
==============================
Solution tour: 
0 9 17 20 8 27 11 24 23 28 
2 6 10 14 13 12 
3 35 12 19 32 
5 41 
1 16 
4 25 9 
==============================

====== Algorithm Status ======
Valor:                3161
Time:                 501
nIter:                646
Best Iter:            646
Improvement Count:    645
==============================
Solution tour: 
0 9 17 20 8 27 11 19 24 23 28 
2 6 10 14 13 12 
1 16 
3 35 12 19 32 
5 41 
4 25 9 
==============================

====== Algorithm Status ======
Valor:                3948
Time:                 1000
nIter:                1278
Best Iter:            1278
Improvement Count:    1277
==============================
Solution tour: 
0 25 44 40 17 20 8 
2 18 11 41 19 24 23 28 37 
5 8 
4 6 10 4 13 12 
1 16 
3 35 12 14 20 19 37 27 15 9 15 45 
==============================

====== Algorithm Status ======
Valor:                4294
Time:                 2000
nIter:                2388
Best Iter:            2388
Improvement Count:    2387
==============================
Solution tour: 
0 25 28 44 40 42 17 20 18 8 
2 9 11 41 19 24 23 32 30 37 
5 8 
4 6 10 4 13 12 13 
1 16 
3 35 12 14 20 37 27 15 45 
==============================

====== Algorithm Status ======
Valor:                4393
Time:                 4000
nIter:                4489
Best Iter:            4489
Improvement Count:    4488
==============================
Solution tour: 
0 25 28 42 40 44 17 20 18 8 38 
2 9 11 41 19 24 23 32 30 37 
5 8 
4 6 10 4 13 12 13 
1 13 7 16 
3 35 12 14 20 37 27 15 45 
==============================

====== Algorithm Status ======
Valor:                4777
Time:                 8000
nIter:                8340
Best Iter:            8340
Improvement Count:    8339
==============================
Solution tour: 
0 25 28 42 22 6 40 44 17 31 18 
4 8 38 
2 45 9 41 11 21 19 24 23 32 30 37 
5 8 20 6 10 4 13 12 13 
1 
3 7 16 13 14 12 35 37 27 15 45 
==============================

====== Algorithm Status ======
Valor:                5450
Time:                 16000
nIter:                15594
Best Iter:            15594
Improvement Count:    15593
==============================
Solution tour: 
0 40 44 6 22 6 4 6 28 25 8 18 8 
4 8 38 
2 45 9 41 11 21 19 24 23 32 30 37 
5 8 20 6 42 4 13 12 
1 7 16 7 
3 7 16 13 14 12 35 37 36 27 39 15 45 
==============================

====== Algorithm Status ======
Valor:                5604
Time:                 32005
nIter:                29000
Best Iter:            29000
Improvement Count:    28999
==============================
Solution tour: 
0 40 44 6 22 6 4 6 28 25 8 18 8 
4 8 38 
2 45 9 41 11 33 21 19 24 23 37 30 37 
5 8 16 43 6 42 4 13 12 
1 7 20 7 
3 7 16 13 14 12 35 32 36 27 39 15 45 
==============================

====== Algorithm Status ======
Valor:                5911
Time:                 64000
nIter:                53319
Best Iter:            53319
Improvement Count:    53318
==============================
Solution tour: 
0 40 44 6 22 6 4 6 28 25 8 18 8 
4 8 38 
2 45 9 41 11 40 0 33 38 21 19 24 23 30 32 30 37 
5 8 7 43 22 6 42 4 13 16 
1 12 20 7 
3 7 16 13 14 12 35 37 36 27 15 39 21 38 
==============================

====== Algorithm Status ======
Valor:                6323
Time:                 128003
nIter:                93800
Best Iter:            93800
Improvement Count:    93799
==============================
Solution tour: 
0 40 44 6 22 6 4 6 42 28 25 8 18 8 2 
4 8 45 
2 38 9 41 11 40 0 33 38 21 19 24 23 30 32 30 37 
5 8 4 10 43 22 45 4 13 16 
1 13 12 20 7 
3 7 16 7 12 14 29 35 37 36 27 15 39 21 38 
==============================

====== Algorithm Status ======
Valor:                6392
Time:                 256000
nIter:                173697
Best Iter:            173697
Improvement Count:    173696
==============================
Solution tour: 
0 40 44 6 22 6 4 6 42 28 25 8 18 8 2 8 
4 8 45 
2 38 9 41 11 40 0 33 38 21 19 24 23 30 32 30 37 
5 8 18 10 43 22 45 4 13 16 
1 13 12 7 
3 7 16 7 20 14 29 35 37 36 27 15 39 21 38 
==============================

====== Algorithm Status ======
Valor:                6549
Time:                 512001
nIter:                334580
Best Iter:            334580
Improvement Count:    334579
==============================
Solution tour: 
0 40 31 10 6 22 6 4 6 42 28 25 8 18 8 2 8 
4 8 45 
2 38 9 41 11 40 0 33 38 21 19 24 23 30 32 30 37 
5 8 18 2 45 22 43 4 13 16 
1 13 12 7 
3 7 16 7 20 14 29 35 37 30 36 27 15 39 21 38 
==============================

====== Algorithm Status ======
Valor:                6599
Time:                 1024001
nIter:                610394
Best Iter:            610394
Improvement Count:    610395
==============================
Solution tour: 
0 40 31 6 10 6 22 6 
4 6 42 28 25 8 18 8 2 8 4 8 45 
2 38 9 41 11 40 0 33 38 21 19 24 23 30 32 30 37 
5 8 18 2 45 22 43 4 13 16 
1 13 12 7 
3 7 16 7 20 14 29 35 23 37 30 36 27 15 9 39 21 38 
==============================

====== Algorithm Status ======
Valor:                6599
Time:                 1024001
nIter:                610394
Best Iter:            610394
Improvement Count:    610395
==============================
Solution tour: 
0 40 31 6 10 6 22 6 
4 6 42 28 25 8 18 8 2 8 4 8 45 
2 38 9 41 11 40 0 33 38 21 19 24 23 30 32 30 37 
5 8 18 2 45 22 43 4 13 16 
1 13 12 7 
3 7 16 7 20 14 29 35 23 37 30 36 27 15 9 39 21 38 
==============================

