=========== Input ===========
File name:                ./instances/created-instances/mm-15-40-1762875.cdop
Total node count:         56
Truck node count:         15
Drone node count:         40
=============================

========== Settings ==========
Settings file:        ./settings/Memetic-LS_MMX_1099666.config
Seed:                 1099666
Reduction method:     -
Max iter:             1024000
Population size:      13
Crossover:            MA-MMX
Local Search:         -
Warm Start:           -
==============================

====== Algorithm Status ======
Valor:                1847
Time:                 250
nIter:                287
Best Iter:            287
Improvement Count:    286
==============================
Solution tour: 
0 
7 33 54 25 54 28 39 28 54 
15 16 
11 
1 
8 
10 
4 49 54 
9 31 
==============================

====== Algorithm Status ======
Valor:                2210
Time:                 507
nIter:                558
Best Iter:            558
Improvement Count:    557
==============================
Solution tour: 
0 
7 
15 47 
11 
1 
8 
10 30 
4 33 28 33 28 39 28 54 49 54 25 54 47 
9 31 
==============================

====== Algorithm Status ======
Valor:                2496
Time:                 1000
nIter:                1026
Best Iter:            1026
Improvement Count:    1025
==============================
Solution tour: 
0 
7 
15 47 
11 
1 
8 
10 43 30 
4 33 18 39 28 54 25 54 49 54 28 35 26 
9 31 
==============================

====== Algorithm Status ======
Valor:                2612
Time:                 2001
nIter:                2013
Best Iter:            2013
Improvement Count:    2012
==============================
Solution tour: 
0 
7 
15 47 
11 
1 
8 
10 44 18 30 
4 33 54 25 54 49 54 28 35 26 
9 31 
==============================

====== Algorithm Status ======
Valor:                3241
Time:                 4006
nIter:                3857
Best Iter:            3857
Improvement Count:    3856
==============================
Solution tour: 
0 
7 
15 47 23 47 
11 42 18 30 22 
4 28 35 28 53 
10 26 25 54 25 44 25 26 44 26 44 46 44 
9 31 
==============================

====== Algorithm Status ======
Valor:                3702
Time:                 8000
nIter:                7563
Best Iter:            7563
Improvement Count:    7562
==============================
Solution tour: 
0 
7 
15 47 23 47 
11 42 18 37 30 18 30 37 30 38 30 
4 28 53 26 25 54 25 44 25 26 44 46 45 46 44 37 44 37 
9 31 
==============================

====== Algorithm Status ======
Valor:                4044
Time:                 16003
nIter:                14477
Best Iter:            14477
Improvement Count:    14476
==============================
Solution tour: 
0 
7 
15 47 23 47 
11 42 18 30 18 12 35 12 18 37 30 38 30 38 30 
4 26 25 54 25 44 25 45 25 26 44 46 44 37 44 26 37 
9 48 31 
==============================

====== Algorithm Status ======
Valor:                4271
Time:                 32003
nIter:                27725
Best Iter:            27725
Improvement Count:    27724
==============================
Solution tour: 
0 
7 
15 47 23 47 
11 42 18 30 18 3 35 3 12 35 12 37 30 38 30 
4 26 25 54 25 44 25 45 25 26 44 46 44 37 44 26 37 31 
9 48 16 
==============================

====== Algorithm Status ======
Valor:                4586
Time:                 64009
nIter:                52074
Best Iter:            52074
Improvement Count:    52073
==============================
Solution tour: 
0 
7 0 44 46 
15 47 23 47 
11 28 18 42 18 30 18 3 18 3 35 12 35 3 53 30 38 30 
4 26 25 54 25 45 25 44 25 26 44 55 44 46 44 37 44 26 37 31 37 
9 48 16 
==============================

====== Algorithm Status ======
Valor:                4780
Time:                 128000
nIter:                98373
Best Iter:            98373
Improvement Count:    98372
==============================
Solution tour: 
0 
7 0 31 
15 47 23 47 
11 17 47 42 18 23 18 30 3 18 3 35 12 35 47 3 53 30 38 30 
4 26 25 54 25 45 25 44 25 26 44 55 19 55 44 46 44 37 44 31 37 
9 48 16 
==============================

====== Algorithm Status ======
Valor:                4805
Time:                 256000
nIter:                185162
Best Iter:            185162
Improvement Count:    185161
==============================
Solution tour: 
0 
6 
7 0 7 
15 47 23 47 
11 17 42 47 42 18 23 18 30 3 18 3 35 12 35 47 3 53 30 38 30 
4 26 25 54 25 45 25 44 25 26 44 55 19 55 44 46 44 37 44 31 
9 48 16 
==============================

====== Algorithm Status ======
Valor:                5255
Time:                 512000
nIter:                355668
Best Iter:            355668
Improvement Count:    355667
==============================
Solution tour: 
0 48 
6 0 7 33 47 23 47 
11 17 18 42 18 23 18 17 39 3 18 30 18 3 35 12 35 47 12 47 35 53 30 38 30 
4 26 25 54 25 45 25 44 25 26 18 55 44 46 19 55 19 46 44 37 
9 48 16 
==============================

====== Algorithm Status ======
Valor:                5714
Time:                 1024004
nIter:                658104
Best Iter:            658104
Improvement Count:    658105
==============================
Solution tour: 
0 48 6 48 0 6 0 7 33 20 23 19 23 47 33 17 33 17 
11 17 18 42 18 23 18 17 3 18 30 18 3 35 12 35 47 12 47 35 32 53 30 38 30 
4 26 25 54 25 45 25 44 37 44 46 19 55 19 46 20 37 34 37 
9 48 16 
==============================

====== Algorithm Status ======
Valor:                5714
Time:                 1024004
nIter:                658104
Best Iter:            658104
Improvement Count:    658105
==============================
Solution tour: 
0 48 6 48 0 6 0 7 33 20 23 19 23 47 33 17 33 17 
11 17 18 42 18 23 18 17 3 18 30 18 3 35 12 35 47 12 47 35 32 53 30 38 30 
4 26 25 54 25 45 25 44 37 44 46 19 55 19 46 20 37 34 37 
9 48 16 
==============================

