=========== Input ===========
File name:                ./instances/created-instances/mm-10-40-1891798.cdop
Total node count:         51
Truck node count:         10
Drone node count:         40
=============================

========== Settings ==========
Settings file:        ./settings/Memetic-LS_MPX_1881515.config
Seed:                 1881515
Reduction method:     -
Max iter:             1024000
Population size:      13
Crossover:            MA-MPX
Local Search:         -
Warm Start:           -
==============================

====== Algorithm Status ======
Valor:                2572
Time:                 255
nIter:                347
Best Iter:            347
Improvement Count:    346
==============================
Solution tour: 
0 13 25 
4 17 21 
1 11 19 
6 0 34 
3 48 
9 32 20 
10 17 
7 42 32 
5 19 26 
2 16 
8 32 
==============================

====== Algorithm Status ======
Valor:                2706
Time:                 500
nIter:                675
Best Iter:            675
Improvement Count:    674
==============================
Solution tour: 
0 13 25 17 21 
4 
1 11 19 
6 34 
3 48 
2 16 
8 32 
5 19 26 
9 32 20 
10 17 
7 49 42 32 
==============================

====== Algorithm Status ======
Valor:                2743
Time:                 1003
nIter:                1322
Best Iter:            1322
Improvement Count:    1321
==============================
Solution tour: 
0 1 13 25 17 21 
4 
1 11 19 
5 19 26 
3 48 
6 34 
2 16 
9 32 20 
10 17 
7 49 42 32 
8 32 
==============================

====== Algorithm Status ======
Valor:                3054
Time:                 2006
nIter:                2490
Best Iter:            2490
Improvement Count:    2489
==============================
Solution tour: 
0 1 11 19 
5 19 26 
1 24 
4 25 17 21 13 
3 48 
6 19 34 
2 16 
9 32 20 
10 
7 49 42 32 
8 32 
==============================

====== Algorithm Status ======
Valor:                3168
Time:                 4000
nIter:                4964
Best Iter:            4964
Improvement Count:    4963
==============================
Solution tour: 
0 1 11 19 
5 19 26 
1 24 
4 25 17 21 13 
3 48 
6 19 34 
2 16 
9 32 20 
10 
7 49 42 39 32 
8 32 
==============================

====== Algorithm Status ======
Valor:                3308
Time:                 8000
nIter:                9810
Best Iter:            9810
Improvement Count:    9809
==============================
Solution tour: 
0 1 11 19 
5 19 26 
1 24 
4 25 17 21 13 
3 48 
6 19 34 39 
2 16 
9 32 20 
10 
7 49 41 48 39 32 
8 32 
==============================

====== Algorithm Status ======
Valor:                3965
Time:                 16002
nIter:                18738
Best Iter:            18738
Improvement Count:    18737
==============================
Solution tour: 
0 1 26 19 
5 19 11 
1 24 
4 24 25 17 21 13 
3 37 43 11 19 
6 19 2 34 
2 16 
9 32 20 
10 34 
7 22 48 49 41 39 32 
8 32 
==============================

====== Algorithm Status ======
Valor:                4027
Time:                 32006
nIter:                35217
Best Iter:            35217
Improvement Count:    35216
==============================
Solution tour: 
0 1 26 19 
7 22 48 49 41 39 32 
8 32 
5 19 11 
1 24 
4 24 25 17 21 13 
3 37 43 11 19 
6 19 2 34 
2 16 
9 32 20 
10 40 35 
==============================

====== Algorithm Status ======
Valor:                4714
Time:                 64003
nIter:                65471
Best Iter:            65471
Improvement Count:    65470
==============================
Solution tour: 
0 1 0 32 26 19 
5 19 11 43 23 
4 24 25 24 17 21 13 
3 37 
1 11 19 
6 19 2 34 45 
2 16 
9 6 32 20 
10 40 0 35 
7 35 0 22 41 49 41 39 32 
8 32 
==============================

====== Algorithm Status ======
Valor:                4900
Time:                 128000
nIter:                120285
Best Iter:            120285
Improvement Count:    120284
==============================
Solution tour: 
0 1 0 32 26 19 
5 19 43 11 43 23 
4 24 25 24 17 21 13 
3 37 
1 11 19 
6 19 2 34 45 
2 16 
9 6 32 20 
10 42 40 0 35 
7 35 0 22 48 49 41 
8 32 39 32 
==============================

====== Algorithm Status ======
Valor:                5177
Time:                 256000
nIter:                215908
Best Iter:            215908
Improvement Count:    215907
==============================
Solution tour: 
0 19 44 1 0 32 26 37 
5 19 43 11 43 4 23 
4 24 25 24 17 21 13 
3 11 19 11 
1 11 19 
6 19 2 45 34 45 
2 16 
9 46 20 32 22 
10 42 40 0 35 
7 35 0 22 48 49 41 
8 32 39 32 
==============================

====== Algorithm Status ======
Valor:                5798
Time:                 512008
nIter:                397376
Best Iter:            397376
Improvement Count:    397375
==============================
Solution tour: 
0 1 44 1 0 32 26 29 33 38 27 
5 19 11 43 4 23 
4 24 25 24 17 21 13 
3 14 11 43 11 
1 11 19 
6 19 45 34 
2 16 
9 46 20 32 39 48 
10 40 42 40 0 35 
7 35 0 49 41 49 22 32 
8 32 
==============================

====== Algorithm Status ======
Valor:                5866
Time:                 1024004
nIter:                743843
Best Iter:            743843
Improvement Count:    743844
==============================
Solution tour: 
0 1 44 1 4 0 32 26 29 27 38 33 
5 19 11 43 4 23 
4 24 25 24 12 17 21 13 
3 14 11 43 11 
1 11 19 
6 19 20 45 34 
2 16 
9 46 20 32 39 48 
10 40 42 40 0 35 
7 35 0 49 41 49 22 32 
8 32 
==============================

====== Algorithm Status ======
Valor:                5866
Time:                 1024004
nIter:                743843
Best Iter:            743843
Improvement Count:    743844
==============================
Solution tour: 
0 1 44 1 4 0 32 26 29 27 38 33 
5 19 11 43 4 23 
4 24 25 24 12 17 21 13 
3 14 11 43 11 
1 11 19 
6 19 20 45 34 
2 16 
9 46 20 32 39 48 
10 40 42 40 0 35 
7 35 0 49 41 49 22 32 
8 32 
==============================

