=========== Input ===========
File name:                ./instances/created-instances/mm-10-25-1891798.cdop
Total node count:         36
Truck node count:         10
Drone node count:         25
=============================

========== Settings ==========
Settings file:        ./settings/Memetic_MMX_1287823.config
Seed:                 1287823
Reduction method:     -
Max iter:             1024000
Population size:      13
Crossover:            MA-MMX
Local Search:         LS
Warm Start:           -
==============================

====== Algorithm Status ======
Valor:                5765
Time:                 255
nIter:                53
Best Iter:            53
Improvement Count:    52
==============================
Solution tour: 
0 5 19 16 19 9 19 9 6 11 6 23 6 9 19 4 12 21 12 27 33 5 0 35 7 35 0 26 0 8 29 
5 33 23 1 14 17 14 17 14 17 3 17 12 13 15 25 15 31 25 31 24 15 24 31 33 18 26 34 0 22 0 22 32 8 32 29 8 20 8 
==============================

====== Algorithm Status ======
Valor:                5805
Time:                 500
nIter:                78
Best Iter:            78
Improvement Count:    77
==============================
Solution tour: 
0 5 19 16 19 9 19 9 6 11 6 23 6 9 23 4 12 21 12 27 33 5 0 35 7 35 0 26 0 8 29 
5 33 23 1 14 17 14 17 14 17 3 17 12 13 15 25 15 31 25 31 24 15 24 31 33 18 26 34 22 0 22 32 8 32 29 8 20 8 
==============================

====== Algorithm Status ======
Valor:                5913
Time:                 1000
nIter:                158
Best Iter:            158
Improvement Count:    157
==============================
Solution tour: 
0 20 2 19 16 19 2 19 9 19 9 6 11 6 23 6 9 23 4 12 21 12 24 27 33 5 29 20 0 35 7 35 0 26 0 8 29 
5 33 23 1 23 14 17 14 17 3 17 12 13 15 25 15 31 24 25 24 15 24 31 33 18 26 34 22 0 22 32 8 20 8 32 29 8 
==============================

====== Algorithm Status ======
Valor:                5913
Time:                 2002
nIter:                277
Best Iter:            277
Improvement Count:    276
==============================
Solution tour: 
0 20 2 19 16 19 2 19 9 19 9 6 11 6 23 6 9 23 4 12 21 12 24 27 33 5 29 20 0 35 7 35 0 26 0 8 29 
5 33 23 1 23 14 17 14 17 3 17 12 13 15 25 15 31 24 25 24 15 24 31 33 18 26 34 22 0 22 32 8 20 8 32 29 8 
==============================

====== Algorithm Status ======
Valor:                6003
Time:                 4005
nIter:                535
Best Iter:            535
Improvement Count:    534
==============================
Solution tour: 
0 20 2 19 2 19 16 19 9 6 11 6 23 6 9 19 4 19 23 4 12 21 12 24 27 33 5 29 20 0 35 7 35 0 8 29 
5 33 23 1 23 14 17 14 17 3 17 12 13 15 25 15 31 24 25 24 15 24 31 33 18 26 32 22 0 22 32 8 20 8 32 29 32 8 0 34 
==============================

====== Algorithm Status ======
Valor:                6077
Time:                 8012
nIter:                1047
Best Iter:            1047
Improvement Count:    1046
==============================
Solution tour: 
0 20 2 19 2 19 16 19 9 6 11 6 23 6 9 19 4 19 23 4 12 21 12 24 15 27 31 33 5 29 20 0 35 7 35 0 8 29 
5 33 23 1 23 14 17 14 17 3 17 12 13 15 25 15 24 31 24 25 33 18 26 32 22 34 22 0 22 32 8 20 8 32 29 8 
==============================

====== Algorithm Status ======
Valor:                6148
Time:                 16004
nIter:                2062
Best Iter:            2062
Improvement Count:    2061
==============================
Solution tour: 
0 20 2 19 16 19 9 6 11 6 23 6 9 19 4 23 19 23 4 12 21 12 24 15 27 33 5 29 20 0 35 7 35 0 8 29 
5 33 23 1 23 14 3 17 14 17 3 13 15 25 15 24 31 24 25 33 18 26 32 22 34 22 0 22 32 8 20 8 32 29 8 
==============================

====== Algorithm Status ======
Valor:                6148
Time:                 32002
nIter:                4212
Best Iter:            4212
Improvement Count:    4211
==============================
Solution tour: 
0 20 2 19 16 19 9 6 11 6 23 6 9 19 4 23 19 23 4 12 21 12 24 15 27 33 5 29 20 0 35 7 35 0 8 29 
5 33 23 1 23 14 3 17 14 17 3 13 15 25 15 24 31 24 25 33 18 26 32 22 34 22 0 22 32 8 20 8 32 29 8 
==============================

====== Algorithm Status ======
Valor:                6148
Time:                 64009
nIter:                8610
Best Iter:            8610
Improvement Count:    8609
==============================
Solution tour: 
0 20 2 19 16 19 9 6 11 6 23 6 9 19 4 23 19 23 4 12 21 12 24 15 27 33 5 29 20 0 35 7 35 0 8 29 
5 33 23 1 23 14 3 17 14 17 3 13 15 25 15 24 31 24 25 33 18 26 32 22 34 22 0 22 32 8 20 8 32 29 8 
==============================

====== Algorithm Status ======
Valor:                6214
Time:                 128012
nIter:                17314
Best Iter:            17314
Improvement Count:    17313
==============================
Solution tour: 
0 20 2 19 2 19 16 19 9 6 11 6 23 6 9 19 23 19 4 23 4 12 21 12 24 15 27 29 20 0 35 7 35 0 8 29 
5 33 23 1 3 17 14 17 3 13 15 25 15 24 31 24 25 33 18 33 5 29 32 22 34 22 0 22 32 8 20 8 32 29 26 8 
==============================

====== Algorithm Status ======
Valor:                6342
Time:                 256005
nIter:                31443
Best Iter:            31443
Improvement Count:    31442
==============================
Solution tour: 
0 35 7 35 0 20 2 19 16 28 4 19 23 9 6 11 6 23 6 9 19 9 23 19 4 23 4 12 21 12 24 15 27 
5 33 23 1 3 17 14 17 3 13 15 25 15 24 31 33 18 33 5 29 32 22 0 22 34 22 32 8 0 26 0 8 32 2 20 
8 20 
==============================

====== Algorithm Status ======
Valor:                6342
Time:                 512003
nIter:                59705
Best Iter:            59705
Improvement Count:    59704
==============================
Solution tour: 
0 35 7 35 0 20 2 19 16 28 4 19 23 9 6 11 6 23 6 9 19 9 23 19 4 23 4 12 21 12 24 15 27 
5 33 23 1 3 17 14 17 3 13 15 25 15 24 31 33 18 33 5 29 32 22 0 22 34 22 32 8 0 26 0 8 32 2 20 
8 20 
==============================

====== Algorithm Status ======
Valor:                6348
Time:                 1024002
nIter:                116079
Best Iter:            116079
Improvement Count:    116080
==============================
Solution tour: 
0 35 7 35 0 20 2 19 2 28 4 19 23 19 9 6 23 6 11 6 9 19 16 19 4 23 4 12 21 12 24 15 27 
5 33 23 1 3 17 14 17 3 13 15 25 15 24 31 33 18 33 5 29 32 22 0 22 34 22 32 8 0 26 0 8 32 2 20 
8 20 
==============================

====== Algorithm Status ======
Valor:                6348
Time:                 1024002
nIter:                116079
Best Iter:            116079
Improvement Count:    116080
==============================
Solution tour: 
0 35 7 35 0 20 2 19 2 28 4 19 23 19 9 6 23 6 11 6 9 19 16 19 4 23 4 12 21 12 24 15 27 
5 33 23 1 3 17 14 17 3 13 15 25 15 24 31 33 18 33 5 29 32 22 0 22 34 22 32 8 0 26 0 8 32 2 20 
8 20 
==============================

