=========== Input ===========
File name:                ./instances/created-instances/mm-25-10-1917698.cdop
Total node count:         36
Truck node count:         25
Drone node count:         10
=============================

========== Settings ==========
Settings file:        ./settings/Memetic_MMX_1881515.config
Seed:                 1881515
Reduction method:     -
Max iter:             1024000
Population size:      13
Crossover:            MA-MMX
Local Search:         LS
Warm Start:           -
==============================

====== Algorithm Status ======
Valor:                4164
Time:                 251
nIter:                27
Best Iter:            27
Improvement Count:    26
==============================
Solution tour: 
0 26 2 31 29 26 3 14 31 2 0 8 0 29 0 2 18 31 3 25 3 35 32 33 32 33 28 33 32 33 32 35 2 26 29 17 
19 31 
9 32 9 31 19 17 29 18 32 28 30 24 30 28 32 
18 2 18 12 34 6 31 14 3 26 33 26 
==============================

====== Algorithm Status ======
Valor:                4273
Time:                 504
nIter:                53
Best Iter:            53
Improvement Count:    52
==============================
Solution tour: 
0 26 2 26 3 14 31 29 31 18 2 26 0 8 0 29 0 2 18 31 14 3 25 3 31 9 33 32 33 32 28 30 
24 30 
5 30 28 32 25 35 12 33 26 33 34 6 23 
22 1 25 32 9 32 26 4 19 17 19 29 8 9 31 2 
==============================

====== Algorithm Status ======
Valor:                4443
Time:                 1001
nIter:                107
Best Iter:            107
Improvement Count:    106
==============================
Solution tour: 
0 26 3 14 31 29 31 18 2 0 8 0 29 0 2 18 9 31 14 3 31 9 32 33 32 25 32 33 32 33 28 5 30 5 
24 5 28 30 24 30 28 33 32 28 32 9 18 29 
4 35 3 25 17 13 10 13 17 25 3 9 33 
12 26 2 26 33 26 0 19 17 19 
==============================

====== Algorithm Status ======
Valor:                4529
Time:                 2002
nIter:                230
Best Iter:            230
Improvement Count:    229
==============================
Solution tour: 
0 26 2 26 29 31 6 3 6 34 12 18 2 0 2 18 31 9 31 14 3 14 31 12 33 28 32 28 5 30 5 
24 30 28 30 24 5 18 32 9 0 29 
4 35 17 13 10 13 17 3 25 3 26 
12 9 32 33 12 26 0 4 19 17 19 4 29 
==============================

====== Algorithm Status ======
Valor:                4623
Time:                 4004
nIter:                481
Best Iter:            481
Improvement Count:    480
==============================
Solution tour: 
0 26 2 26 0 8 0 29 31 29 31 3 6 34 12 18 2 0 2 18 31 9 31 14 3 14 31 28 33 9 32 33 28 32 28 30 5 30 
24 30 28 5 24 5 18 32 9 35 17 13 10 13 17 3 25 3 26 3 
12 33 26 29 4 19 17 19 4 29 
==============================

====== Algorithm Status ======
Valor:                4681
Time:                 8001
nIter:                950
Best Iter:            950
Improvement Count:    949
==============================
Solution tour: 
0 26 2 26 0 8 0 9 31 29 31 3 6 34 12 18 2 0 2 18 31 14 31 26 33 28 32 28 30 5 30 
24 30 28 5 24 5 18 29 17 13 10 13 17 3 14 3 25 3 26 3 31 9 32 33 32 9 35 
12 33 12 26 0 29 4 19 17 19 4 29 
==============================

====== Algorithm Status ======
Valor:                4905
Time:                 16004
nIter:                1878
Best Iter:            1878
Improvement Count:    1877
==============================
Solution tour: 
0 26 2 26 0 8 0 9 31 14 3 34 6 34 12 35 2 0 2 18 5 28 33 28 32 28 30 5 30 
24 30 28 5 18 2 31 29 4 19 17 13 10 13 17 19 4 29 31 3 25 3 26 3 14 31 9 32 9 33 
12 33 9 0 29 
==============================

====== Algorithm Status ======
Valor:                4905
Time:                 32008
nIter:                3762
Best Iter:            3762
Improvement Count:    3761
==============================
Solution tour: 
0 26 2 26 0 8 0 9 31 14 3 34 6 34 12 35 2 0 2 18 5 28 33 28 32 28 30 5 30 
24 30 28 5 18 2 31 29 4 19 17 13 10 13 17 19 4 29 31 3 25 3 26 3 14 31 9 32 9 33 
12 33 9 0 29 
==============================

====== Algorithm Status ======
Valor:                4905
Time:                 64009
nIter:                7581
Best Iter:            7581
Improvement Count:    7580
==============================
Solution tour: 
0 26 2 26 0 8 0 9 31 14 3 34 6 34 12 35 2 0 2 18 5 28 33 28 32 28 30 5 30 
24 30 28 5 18 2 31 29 4 19 17 13 10 13 17 19 4 29 31 3 25 3 26 3 14 31 9 32 9 33 
12 33 9 0 29 
==============================

====== Algorithm Status ======
Valor:                4913
Time:                 128005
nIter:                15349
Best Iter:            15349
Improvement Count:    15348
==============================
Solution tour: 
0 26 2 26 0 9 31 14 13 14 3 34 6 34 12 35 2 0 2 18 5 30 28 5 28 33 28 32 28 30 5 24 30 
24 5 18 2 31 29 4 19 17 13 10 13 17 19 4 29 31 3 25 3 26 3 14 31 9 32 9 33 
12 33 9 0 29 
==============================

====== Algorithm Status ======
Valor:                4913
Time:                 256004
nIter:                31214
Best Iter:            31214
Improvement Count:    31213
==============================
Solution tour: 
0 26 2 26 0 9 31 14 13 14 3 34 6 34 12 35 2 0 2 18 5 30 28 5 28 33 28 32 28 30 5 24 30 
24 5 18 2 31 29 4 19 17 13 10 13 17 19 4 29 31 3 25 3 26 3 14 31 9 32 9 33 
12 33 9 0 29 
==============================

====== Algorithm Status ======
Valor:                4913
Time:                 512001
nIter:                63125
Best Iter:            63125
Improvement Count:    63124
==============================
Solution tour: 
0 26 2 26 0 9 31 14 13 14 3 34 6 34 12 35 2 0 2 18 5 30 28 5 28 33 28 32 28 30 5 24 30 
24 5 18 2 31 29 4 19 17 13 10 13 17 19 4 29 31 3 25 3 26 3 14 31 9 32 9 33 
12 33 9 0 29 
==============================

====== Algorithm Status ======
Valor:                4913
Time:                 1024005
nIter:                127129
Best Iter:            127129
Improvement Count:    127130
==============================
Solution tour: 
0 26 2 26 0 9 31 14 13 14 3 34 6 34 12 35 2 0 2 18 5 30 28 5 28 33 28 32 28 30 5 24 30 
24 5 18 2 31 29 4 19 17 13 10 13 17 19 4 29 31 3 25 3 26 3 14 31 9 32 9 33 
12 33 9 0 29 
==============================

====== Algorithm Status ======
Valor:                4913
Time:                 1024005
nIter:                127129
Best Iter:            127129
Improvement Count:    127130
==============================
Solution tour: 
0 26 2 26 0 9 31 14 13 14 3 34 6 34 12 35 2 0 2 18 5 30 28 5 28 33 28 32 28 30 5 24 30 
24 5 18 2 31 29 4 19 17 13 10 13 17 19 4 29 31 3 25 3 26 3 14 31 9 32 9 33 
12 33 9 0 29 
==============================

