=========== Input ===========
File name:                ./instances/created-instances/mm-20-10-1891798.cdop
Total node count:         31
Truck node count:         20
Drone node count:         10
=============================

========== Settings ==========
Settings file:        ./settings/Memetic_MMX_1099666.config
Seed:                 1099666
Reduction method:     -
Max iter:             1024000
Population size:      13
Crossover:            MA-MMX
Local Search:         LS
Warm Start:           -
==============================

====== Algorithm Status ======
Valor:                4184
Time:                 250
nIter:                36
Best Iter:            36
Improvement Count:    35
==============================
Solution tour: 
0 24 5 24 7 19 9 2 10 2 9 6 30 6 25 3 18 3 25 28 8 28 7 23 7 28 
8 12 5 8 5 17 11 22 11 17 27 26 21 29 15 29 5 12 28 25 6 9 20 9 24 
19 24 
==============================

====== Algorithm Status ======
Valor:                4246
Time:                 505
nIter:                80
Best Iter:            80
Improvement Count:    79
==============================
Solution tour: 
0 24 9 8 19 9 2 10 2 9 6 30 6 25 3 18 3 18 1 22 24 5 12 8 28 7 23 7 28 
8 12 5 8 5 17 11 22 11 17 27 26 21 29 15 29 5 28 5 25 6 9 20 9 24 
19 24 
==============================

====== Algorithm Status ======
Valor:                4357
Time:                 1004
nIter:                148
Best Iter:            148
Improvement Count:    147
==============================
Solution tour: 
0 10 2 10 20 2 9 6 30 6 25 11 4 16 4 1 18 3 18 1 22 9 19 7 23 7 28 7 
8 12 5 8 5 17 11 22 11 17 27 26 21 29 15 29 17 5 12 28 5 25 6 9 20 9 24 
19 24 
==============================

====== Algorithm Status ======
Valor:                4528
Time:                 2001
nIter:                293
Best Iter:            293
Improvement Count:    292
==============================
Solution tour: 
0 24 11 4 18 3 18 1 22 
20 
13 20 9 21 9 4 11 24 5 17 27 26 25 6 25 5 15 14 15 29 21 29 15 4 
16 4 9 20 22 11 22 30 6 9 24 8 12 8 28 7 23 7 28 5 8 5 24 
==============================

====== Algorithm Status ======
Valor:                4740
Time:                 4000
nIter:                602
Best Iter:            602
Improvement Count:    601
==============================
Solution tour: 
0 24 11 22 1 18 3 18 1 22 20 
13 20 9 6 9 24 5 17 27 21 26 21 25 6 25 30 6 5 12 15 14 15 29 21 29 15 4 
16 4 9 20 22 11 24 12 8 12 28 7 23 7 28 12 5 8 5 24 
==============================

====== Algorithm Status ======
Valor:                4820
Time:                 8000
nIter:                1213
Best Iter:            1213
Improvement Count:    1212
==============================
Solution tour: 
0 24 11 22 1 18 3 18 1 22 20 
13 20 9 6 9 24 5 17 26 21 26 27 6 25 6 30 6 25 5 15 14 15 29 21 29 15 9 4 
16 4 9 20 22 11 24 12 8 12 28 7 23 7 28 12 5 8 5 24 
==============================

====== Algorithm Status ======
Valor:                4821
Time:                 16002
nIter:                2416
Best Iter:            2416
Improvement Count:    2415
==============================
Solution tour: 
0 24 11 22 1 18 3 18 1 22 20 
13 20 9 6 9 24 5 17 26 21 26 27 25 6 30 6 25 5 12 15 14 15 29 21 29 15 4 
16 4 9 20 22 11 24 12 8 12 28 7 23 7 28 12 5 8 5 24 
==============================

====== Algorithm Status ======
Valor:                4940
Time:                 32003
nIter:                4874
Best Iter:            4874
Improvement Count:    4873
==============================
Solution tour: 
0 24 11 22 1 18 3 18 1 22 30 22 20 
13 20 2 10 20 10 2 20 9 6 25 6 9 24 5 17 27 26 21 26 17 5 12 14 15 29 21 29 15 4 
16 4 9 20 22 11 24 12 8 12 28 7 23 7 28 12 5 8 5 24 
==============================

====== Algorithm Status ======
Valor:                4947
Time:                 64001
nIter:                9731
Best Iter:            9731
Improvement Count:    9730
==============================
Solution tour: 
0 24 11 22 1 18 3 18 1 22 30 22 20 
13 20 2 10 20 10 2 20 9 6 25 6 9 24 5 17 27 26 21 26 15 14 15 29 21 29 15 9 4 
16 4 9 20 22 11 24 12 8 12 28 7 23 7 28 12 5 8 5 24 
==============================

====== Algorithm Status ======
Valor:                4947
Time:                 128005
nIter:                19455
Best Iter:            19455
Improvement Count:    19454
==============================
Solution tour: 
0 24 11 22 1 18 3 18 1 22 30 22 20 
13 20 2 10 20 10 2 20 9 6 25 6 9 24 5 17 27 26 21 26 15 14 15 29 21 29 15 9 4 
16 4 9 20 22 11 24 12 8 12 28 7 23 7 28 12 5 8 5 24 
==============================

====== Algorithm Status ======
Valor:                4985
Time:                 256002
nIter:                39297
Best Iter:            39297
Improvement Count:    39296
==============================
Solution tour: 
0 24 11 22 1 18 3 18 1 22 30 22 20 
13 20 10 2 10 20 9 6 25 6 9 24 5 15 12 15 14 15 29 21 26 27 26 21 29 15 9 4 
16 4 9 20 22 11 24 12 8 12 28 7 23 7 28 12 5 8 5 24 
==============================

====== Algorithm Status ======
Valor:                5016
Time:                 512004
nIter:                79939
Best Iter:            79939
Improvement Count:    79938
==============================
Solution tour: 
0 24 11 22 1 18 3 18 1 22 30 22 20 
13 20 10 2 10 20 16 20 9 6 9 4 15 14 15 29 21 26 27 26 21 29 15 4 
16 4 9 20 22 11 6 25 6 11 24 5 12 8 12 28 7 23 7 28 12 5 8 5 24 
==============================

====== Algorithm Status ======
Valor:                5016
Time:                 1024005
nIter:                160741
Best Iter:            160741
Improvement Count:    160742
==============================
Solution tour: 
0 24 11 22 1 18 3 18 1 22 30 22 20 
13 20 10 2 10 20 16 20 9 6 9 4 15 14 15 29 21 26 27 26 21 29 15 4 
16 4 9 20 22 11 6 25 6 11 24 5 12 8 12 28 7 23 7 28 12 5 8 5 24 
==============================

====== Algorithm Status ======
Valor:                5016
Time:                 1024005
nIter:                160741
Best Iter:            160741
Improvement Count:    160742
==============================
Solution tour: 
0 24 11 22 1 18 3 18 1 22 30 22 20 
13 20 10 2 10 20 16 20 9 6 9 4 15 14 15 29 21 26 27 26 21 29 15 4 
16 4 9 20 22 11 6 25 6 11 24 5 12 8 12 28 7 23 7 28 12 5 8 5 24 
==============================

