=========== Input ===========
File name:                ./instances/created-instances/mm-20-25-1917698.cdop
Total node count:         46
Truck node count:         20
Drone node count:         25
=============================

========== Settings ==========
Settings file:        ./settings/Memetic_MPX_1881515.config
Seed:                 1881515
Reduction method:     -
Max iter:             1024000
Population size:      13
Crossover:            MA-MPX
Local Search:         LS
Warm Start:           -
==============================

====== Algorithm Status ======
Valor:                4846
Time:                 252
nIter:                34
Best Iter:            34
Improvement Count:    33
==============================
Solution tour: 
0 36 0 9 
16 22 43 44 33 12 30 
12 33 44 32 33 
6 38 39 1 25 39 14 
18 41 29 42 14 3 14 
3 17 
13 17 39 25 1 39 
19 17 34 
1 34 13 
17 19 
4 24 42 44 12 9 12 44 31 30 
15 3 42 3 
14 42 35 27 35 45 
8 
7 24 14 41 18 
==============================

====== Algorithm Status ======
Valor:                5253
Time:                 504
nIter:                57
Best Iter:            57
Improvement Count:    56
==============================
Solution tour: 
0 36 0 9 
16 22 43 44 33 12 30 
12 33 44 30 32 33 
6 38 39 1 25 39 14 41 
18 41 29 42 14 3 14 
3 17 
13 17 39 25 1 39 38 15 3 
19 17 40 34 
1 34 13 
17 19 
4 24 41 42 44 12 9 12 44 31 30 
15 3 42 3 
14 42 35 27 35 45 
8 45 
==============================

====== Algorithm Status ======
Valor:                5253
Time:                 1006
nIter:                107
Best Iter:            107
Improvement Count:    106
==============================
Solution tour: 
0 36 0 9 
16 22 43 44 33 12 30 
12 33 44 30 32 33 
6 38 39 1 25 39 14 41 
18 41 29 42 14 3 14 
3 17 
13 17 39 25 1 39 38 15 3 
19 17 40 34 
1 34 13 
17 19 
4 24 41 42 44 12 9 12 44 31 30 
15 3 42 3 
14 42 35 27 35 45 
8 45 
==============================

====== Algorithm Status ======
Valor:                5253
Time:                 2007
nIter:                219
Best Iter:            219
Improvement Count:    218
==============================
Solution tour: 
0 36 0 9 
16 22 43 44 33 12 30 
12 33 44 30 32 33 
6 38 39 1 25 39 14 41 
18 41 29 42 14 3 14 
3 17 
13 17 39 25 1 39 38 15 3 
19 17 40 34 
1 34 13 
17 19 
4 24 41 42 44 12 9 12 44 31 30 
15 3 42 3 
14 42 35 27 35 45 
8 45 
==============================

====== Algorithm Status ======
Valor:                5253
Time:                 4002
nIter:                431
Best Iter:            431
Improvement Count:    430
==============================
Solution tour: 
0 36 0 9 
16 22 43 44 33 12 30 
12 33 44 30 32 33 
6 38 39 1 25 39 14 41 
18 41 29 42 14 3 14 
3 17 
13 17 39 25 1 39 38 15 3 
19 17 40 34 
1 34 13 
17 19 
4 24 41 42 44 12 9 12 44 31 30 
15 3 42 3 
14 42 35 27 35 45 
8 45 
==============================

====== Algorithm Status ======
Valor:                5253
Time:                 8001
nIter:                880
Best Iter:            880
Improvement Count:    879
==============================
Solution tour: 
0 36 0 9 
16 22 43 44 33 12 30 
12 33 44 30 32 33 
6 38 39 1 25 39 14 41 
18 41 29 42 14 3 14 
3 17 
13 17 39 25 1 39 38 15 3 
19 17 40 34 
1 34 13 
17 19 
4 24 41 42 44 12 9 12 44 31 30 
15 3 42 3 
14 42 35 27 35 45 
8 45 
==============================

====== Algorithm Status ======
Valor:                5253
Time:                 16005
nIter:                1759
Best Iter:            1759
Improvement Count:    1758
==============================
Solution tour: 
0 36 0 9 
16 22 43 44 33 12 30 
12 33 44 30 32 33 
6 38 39 1 25 39 14 41 
18 41 29 42 14 3 14 
3 17 
13 17 39 25 1 39 38 15 3 
19 17 40 34 
1 34 13 
17 19 
4 24 41 42 44 12 9 12 44 31 30 
15 3 42 3 
14 42 35 27 35 45 
8 45 
==============================

====== Algorithm Status ======
Valor:                5253
Time:                 32017
nIter:                3490
Best Iter:            3490
Improvement Count:    3489
==============================
Solution tour: 
0 36 0 9 
16 22 43 44 33 12 30 
12 33 44 30 32 33 
6 38 39 1 25 39 14 41 
18 41 29 42 14 3 14 
3 17 
13 17 39 25 1 39 38 15 3 
19 17 40 34 
1 34 13 
17 19 
4 24 41 42 44 12 9 12 44 31 30 
15 3 42 3 
14 42 35 27 35 45 
8 45 
==============================

====== Algorithm Status ======
Valor:                5253
Time:                 64006
nIter:                6946
Best Iter:            6946
Improvement Count:    6945
==============================
Solution tour: 
0 36 0 9 
16 22 43 44 33 12 30 
12 33 44 30 32 33 
6 38 39 1 25 39 14 41 
18 41 29 42 14 3 14 
3 17 
13 17 39 25 1 39 38 15 3 
19 17 40 34 
1 34 13 
17 19 
4 24 41 42 44 12 9 12 44 31 30 
15 3 42 3 
14 42 35 27 35 45 
8 45 
==============================

====== Algorithm Status ======
Valor:                5555
Time:                 128000
nIter:                14188
Best Iter:            14188
Improvement Count:    14187
==============================
Solution tour: 
0 36 35 27 35 45 
3 42 14 
10 14 24 
4 18 
15 27 29 41 12 
9 12 42 3 
14 3 17 40 
17 19 45 
20 45 18 14 39 
1 34 1 39 38 
16 22 43 44 33 12 30 
12 33 44 31 30 32 33 
6 38 39 1 39 25 39 14 42 41 14 41 
18 
2 27 
==============================

====== Algorithm Status ======
Valor:                5555
Time:                 256003
nIter:                29051
Best Iter:            29051
Improvement Count:    29050
==============================
Solution tour: 
0 36 35 27 35 45 
3 42 14 
10 14 24 
4 18 
15 27 29 41 12 
9 12 42 3 
14 3 17 40 
17 19 45 
20 45 18 14 39 
1 34 1 39 38 
16 22 43 44 33 12 30 
12 33 44 31 30 32 33 
6 38 39 1 39 25 39 14 42 41 14 41 
18 
2 27 
==============================

====== Algorithm Status ======
Valor:                5702
Time:                 512005
nIter:                58528
Best Iter:            58528
Improvement Count:    58527
==============================
Solution tour: 
0 36 35 27 35 45 
3 42 14 
10 14 24 
4 45 18 
15 18 27 29 41 12 
9 12 44 12 42 3 
14 3 17 40 
17 19 45 
20 45 2 18 14 39 
1 34 1 39 38 
16 22 43 44 33 12 30 
12 33 44 31 30 32 33 
6 38 39 1 39 25 39 14 42 41 14 41 
18 2 
==============================

====== Algorithm Status ======
Valor:                5702
Time:                 1024007
nIter:                116339
Best Iter:            116339
Improvement Count:    116340
==============================
Solution tour: 
0 36 35 27 35 45 
3 42 14 
10 14 24 
4 45 18 
15 18 27 29 41 12 
9 12 44 12 42 3 
14 3 17 40 
17 19 45 
20 45 2 18 14 39 
1 34 1 39 38 
16 22 43 44 33 12 30 
12 33 44 31 30 32 33 
6 38 39 1 39 25 39 14 42 41 14 41 
18 2 
==============================

====== Algorithm Status ======
Valor:                5702
Time:                 1024007
nIter:                116339
Best Iter:            116339
Improvement Count:    116340
==============================
Solution tour: 
0 36 35 27 35 45 
3 42 14 
10 14 24 
4 45 18 
15 18 27 29 41 12 
9 12 44 12 42 3 
14 3 17 40 
17 19 45 
20 45 2 18 14 39 
1 34 1 39 38 
16 22 43 44 33 12 30 
12 33 44 31 30 32 33 
6 38 39 1 39 25 39 14 42 41 14 41 
18 2 
==============================

