=========== Input ===========
File name:                ./instances/created-instances/mm-5-10-1917698.cdop
Total node count:         16
Truck node count:         5
Drone node count:         10
=============================

========== Settings ==========
Settings file:        ./settings/Memetic-LS_MMX_1881515.config
Seed:                 1881515
Reduction method:     -
Max iter:             1024000
Population size:      13
Crossover:            MA-MMX
Local Search:         -
Warm Start:           -
==============================

====== Algorithm Status ======
Valor:                2347
Time:                 250
nIter:                1117
Best Iter:            1117
Improvement Count:    1116
==============================
Solution tour: 
0 14 13 15 13 9 
2 
3 11 
1 8 12 
5 12 3 12 10 12 13 12 8 6 10 6 8 6 10 3 8 3 7 
==============================

====== Algorithm Status ======
Valor:                2455
Time:                 500
nIter:                2135
Best Iter:            2135
Improvement Count:    2134
==============================
Solution tour: 
0 14 15 14 15 13 9 
2 
3 11 
1 8 12 
5 12 3 12 10 12 13 12 8 6 8 6 10 3 8 3 10 6 8 3 7 
==============================

====== Algorithm Status ======
Valor:                2628
Time:                 1000
nIter:                4091
Best Iter:            4091
Improvement Count:    4090
==============================
Solution tour: 
0 14 15 14 15 13 15 9 
2 
3 11 
1 8 12 
5 12 3 12 10 12 13 12 8 6 8 12 11 3 10 6 10 3 8 10 8 3 7 
==============================

====== Algorithm Status ======
Valor:                2715
Time:                 2000
nIter:                7438
Best Iter:            7438
Improvement Count:    7437
==============================
Solution tour: 
0 14 15 14 15 13 15 9 
2 
3 11 
1 8 12 10 12 3 12 
5 12 13 12 8 6 8 12 11 3 10 6 10 3 8 10 8 1 11 3 7 
==============================

====== Algorithm Status ======
Valor:                2735
Time:                 4000
nIter:                13889
Best Iter:            13889
Improvement Count:    13888
==============================
Solution tour: 
0 14 15 14 15 13 15 9 
2 
3 11 
1 8 12 10 12 3 12 
5 12 13 12 8 6 8 12 11 3 10 6 10 8 3 8 10 8 1 11 3 7 
==============================

====== Algorithm Status ======
Valor:                2779
Time:                 8000
nIter:                26796
Best Iter:            26796
Improvement Count:    26795
==============================
Solution tour: 
0 14 15 14 2 15 13 15 9 
2 
3 11 
1 8 12 10 12 3 12 
5 12 13 12 8 6 10 12 11 3 10 6 8 3 8 1 11 7 14 
==============================

====== Algorithm Status ======
Valor:                2854
Time:                 16000
nIter:                53946
Best Iter:            53946
Improvement Count:    53945
==============================
Solution tour: 
0 14 7 14 15 14 2 9 2 15 13 15 
4 2 
3 11 
1 8 12 10 3 12 
5 12 13 12 8 6 10 12 11 3 10 6 8 3 8 1 11 14 
==============================

====== Algorithm Status ======
Valor:                2879
Time:                 32000
nIter:                109652
Best Iter:            109652
Improvement Count:    109651
==============================
Solution tour: 
0 14 2 14 15 14 2 9 0 7 13 
4 2 
3 11 
1 8 12 3 12 
5 12 13 12 10 8 6 10 12 11 3 10 6 8 3 8 1 11 14 
==============================

====== Algorithm Status ======
Valor:                3027
Time:                 64000
nIter:                244262
Best Iter:            244262
Improvement Count:    244261
==============================
Solution tour: 
0 14 15 14 3 9 3 2 
4 2 
3 8 1 11 3 11 
1 8 3 12 
5 12 13 12 10 6 8 6 10 12 11 12 3 7 14 
==============================

====== Algorithm Status ======
Valor:                3027
Time:                 128000
nIter:                544945
Best Iter:            544945
Improvement Count:    544944
==============================
Solution tour: 
0 14 15 14 3 9 3 2 
4 2 
3 8 1 11 3 11 
1 8 3 12 
5 12 13 12 10 6 8 6 10 12 11 12 3 7 14 
==============================

====== Algorithm Status ======
Valor:                3027
Time:                 256000
nIter:                1147585
Best Iter:            1147585
Improvement Count:    1147584
==============================
Solution tour: 
0 14 15 14 3 9 3 2 
4 2 
3 8 1 11 3 11 
1 8 3 12 
5 12 13 12 10 6 8 6 10 12 11 12 3 7 14 
==============================

====== Algorithm Status ======
Valor:                3031
Time:                 512000
nIter:                2333587
Best Iter:            2333587
Improvement Count:    2333586
==============================
Solution tour: 
0 14 15 14 3 9 3 2 
4 2 
3 8 1 11 3 11 
1 8 3 12 
5 12 13 12 10 6 8 6 10 12 11 12 3 14 
2 7 14 
==============================

====== Algorithm Status ======
Valor:                3093
Time:                 1024001
nIter:                4704704
Best Iter:            4704704
Improvement Count:    4704705
==============================
Solution tour: 
0 14 15 14 3 9 3 2 
4 2 
3 8 1 11 3 11 
1 8 3 12 13 12 10 4 10 6 8 6 10 12 11 12 3 14 2 7 
2 14 
==============================

====== Algorithm Status ======
Valor:                3093
Time:                 1024001
nIter:                4704704
Best Iter:            4704704
Improvement Count:    4704705
==============================
Solution tour: 
0 14 15 14 3 9 3 2 
4 2 
3 8 1 11 3 11 
1 8 3 12 13 12 10 4 10 6 8 6 10 12 11 12 3 14 2 7 
2 14 
==============================

