=========== Input ===========
File name:                ./instances/created-instances/mm-5-40-1917698.cdop
Total node count:         46
Truck node count:         5
Drone node count:         40
=============================

========== Settings ==========
Settings file:        ./settings/Memetic-LS_MPX_1881515.config
Seed:                 1881515
Reduction method:     -
Max iter:             1024000
Population size:      13
Crossover:            MA-MPX
Local Search:         -
Warm Start:           -
==============================

====== Algorithm Status ======
Valor:                3162
Time:                 255
nIter:                271
Best Iter:            271
Improvement Count:    270
==============================
Solution tour: 
0 19 35 29 
1 8 
3 36 44 0 30 31 18 32 25 26 11 23 41 
4 22 14 11 41 28 39 
5 34 12 38 17 15 24 21 
2 13 31 
==============================

====== Algorithm Status ======
Valor:                3393
Time:                 504
nIter:                545
Best Iter:            545
Improvement Count:    544
==============================
Solution tour: 
0 19 44 29 
1 8 
3 36 35 0 30 31 18 32 25 26 23 11 41 
4 22 14 28 41 11 39 
5 14 34 12 38 17 41 24 15 21 
2 13 31 
==============================

====== Algorithm Status ======
Valor:                3404
Time:                 1000
nIter:                1030
Best Iter:            1030
Improvement Count:    1029
==============================
Solution tour: 
0 19 44 27 29 
1 8 
3 36 30 0 35 31 18 32 25 26 23 11 41 
4 22 14 28 41 11 39 
5 14 34 12 38 17 41 24 15 21 
2 13 31 
==============================

====== Algorithm Status ======
Valor:                3748
Time:                 2000
nIter:                1999
Best Iter:            1999
Improvement Count:    1998
==============================
Solution tour: 
0 4 44 29 
1 8 
3 35 30 0 36 31 18 32 25 26 23 11 41 
4 22 14 36 41 45 39 
5 14 37 34 12 38 17 41 24 15 21 
2 6 13 31 
==============================

====== Algorithm Status ======
Valor:                4305
Time:                 4000
nIter:                3960
Best Iter:            3960
Improvement Count:    3959
==============================
Solution tour: 
0 4 44 29 
1 45 41 45 8 
3 11 37 0 30 31 40 14 18 7 40 32 25 44 26 34 35 41 
4 3 22 14 36 41 39 
5 14 36 40 
2 12 38 17 41 24 15 31 
==============================

====== Algorithm Status ======
Valor:                4977
Time:                 8000
nIter:                7518
Best Iter:            7518
Improvement Count:    7517
==============================
Solution tour: 
0 4 41 44 29 
1 45 41 45 8 
3 11 3 24 19 30 0 31 40 22 14 5 18 7 40 32 25 38 12 6 34 24 41 24 3 36 14 22 36 41 39 
5 14 36 40 
2 12 38 17 13 3 
4 15 31 
==============================

====== Algorithm Status ======
Valor:                5090
Time:                 16000
nIter:                13682
Best Iter:            13682
Improvement Count:    13681
==============================
Solution tour: 
0 4 41 36 44 29 
1 45 41 45 8 
3 11 3 
4 19 30 0 31 40 22 14 5 18 7 40 32 25 38 12 6 34 24 31 24 3 36 14 22 36 41 39 
5 14 36 40 
2 12 38 17 13 3 24 15 31 
==============================

====== Algorithm Status ======
Valor:                5393
Time:                 32000
nIter:                25430
Best Iter:            25430
Improvement Count:    25429
==============================
Solution tour: 
0 
4 41 36 31 29 
1 37 45 41 45 8 
3 11 3 4 30 0 19 22 14 5 18 7 40 31 27 25 38 17 6 34 24 31 24 3 36 14 22 36 41 39 
5 14 36 40 7 
2 12 38 26 10 13 3 24 15 31 
==============================

====== Algorithm Status ======
Valor:                5837
Time:                 64000
nIter:                47710
Best Iter:            47710
Improvement Count:    47709
==============================
Solution tour: 
0 15 
4 41 36 3 37 11 29 
1 11 37 45 41 45 8 
3 11 3 4 0 19 22 14 5 18 7 40 36 31 37 26 25 27 6 28 24 31 24 3 36 14 22 36 41 39 
5 14 36 40 7 
2 12 38 10 13 3 24 15 31 
==============================

====== Algorithm Status ======
Valor:                5890
Time:                 128002
nIter:                92171
Best Iter:            92171
Improvement Count:    92170
==============================
Solution tour: 
0 15 0 
4 41 36 3 37 11 29 
1 11 37 45 41 45 8 
3 11 3 4 0 19 22 14 5 18 7 40 36 31 37 26 25 27 6 28 24 31 24 3 36 14 22 36 41 39 
5 14 36 40 7 
2 12 38 10 13 3 24 15 31 
==============================

====== Algorithm Status ======
Valor:                6041
Time:                 256000
nIter:                176202
Best Iter:            176202
Improvement Count:    176201
==============================
Solution tour: 
0 15 0 
4 41 36 3 37 11 29 
1 11 37 45 41 45 8 
3 11 3 4 0 19 22 14 5 18 7 40 36 31 37 26 21 25 27 6 28 24 31 24 3 36 14 22 36 41 39 
5 14 36 40 7 
2 42 12 38 10 13 34 3 24 15 31 
==============================

====== Algorithm Status ======
Valor:                6218
Time:                 512004
nIter:                335690
Best Iter:            335690
Improvement Count:    335689
==============================
Solution tour: 
0 15 0 30 0 
4 41 36 45 37 11 29 
1 11 37 45 41 45 8 
3 11 3 4 19 22 14 32 5 18 7 40 36 31 45 26 25 21 25 27 6 28 24 31 24 3 36 14 22 24 41 39 
5 14 36 40 7 
2 14 42 12 38 10 13 34 3 24 15 31 
==============================

====== Algorithm Status ======
Valor:                6263
Time:                 1024006
nIter:                639247
Best Iter:            639247
Improvement Count:    639248
==============================
Solution tour: 
0 30 0 15 0 
4 41 36 45 37 11 29 
1 11 37 45 41 45 8 
3 11 3 4 19 22 14 32 16 5 18 7 40 31 36 41 45 26 25 21 25 27 6 28 24 31 24 3 36 14 22 24 41 39 
5 14 36 40 7 
2 14 42 12 38 10 13 34 3 24 15 31 
==============================

====== Algorithm Status ======
Valor:                6263
Time:                 1024006
nIter:                639247
Best Iter:            639247
Improvement Count:    639248
==============================
Solution tour: 
0 30 0 15 0 
4 41 36 45 37 11 29 
1 11 37 45 41 45 8 
3 11 3 4 19 22 14 32 16 5 18 7 40 31 36 41 45 26 25 21 25 27 6 28 24 31 24 3 36 14 22 24 41 39 
5 14 36 40 7 
2 14 42 12 38 10 13 34 3 24 15 31 
==============================

