=========== Input ===========
File name:                ./instances/created-instances/mm-5-10-1767920.cdop
Total node count:         16
Truck node count:         5
Drone node count:         10
=============================

========== Settings ==========
Settings file:        ./settings/Memetic-LS_MMX_1099666.config
Seed:                 1099666
Reduction method:     -
Max iter:             1024000
Population size:      13
Crossover:            MA-MMX
Local Search:         -
Warm Start:           -
==============================

====== Algorithm Status ======
Valor:                2548
Time:                 250
nIter:                1459
Best Iter:            1459
Improvement Count:    1458
==============================
Solution tour: 
0 12 9 12 6 12 
2 10 6 10 7 15 7 14 7 10 15 8 12 8 11 8 15 13 
4 
5 12 
==============================

====== Algorithm Status ======
Valor:                2548
Time:                 500
nIter:                2829
Best Iter:            2829
Improvement Count:    2828
==============================
Solution tour: 
0 12 9 12 6 12 
2 10 6 10 7 15 7 14 7 10 15 8 12 8 11 8 15 13 
4 
5 12 
==============================

====== Algorithm Status ======
Valor:                2548
Time:                 1000
nIter:                5666
Best Iter:            5666
Improvement Count:    5665
==============================
Solution tour: 
0 12 9 12 6 12 
2 10 6 10 7 15 7 14 7 10 15 8 12 8 11 8 15 13 
4 
5 12 
==============================

====== Algorithm Status ======
Valor:                2626
Time:                 2000
nIter:                10848
Best Iter:            10848
Improvement Count:    10847
==============================
Solution tour: 
0 12 9 12 6 12 8 
2 10 6 10 15 7 14 7 15 8 12 8 11 8 10 
4 13 4 
5 12 
==============================

====== Algorithm Status ======
Valor:                2669
Time:                 4000
nIter:                21201
Best Iter:            21201
Improvement Count:    21200
==============================
Solution tour: 
0 12 9 12 6 12 5 
2 10 6 10 15 7 14 7 15 8 12 8 11 8 2 
4 13 4 
5 12 
==============================

====== Algorithm Status ======
Valor:                2690
Time:                 8000
nIter:                40947
Best Iter:            40947
Improvement Count:    40946
==============================
Solution tour: 
0 12 9 12 6 12 5 
2 10 6 10 15 7 14 7 15 8 12 8 11 8 10 
5 
4 13 4 5 12 
==============================

====== Algorithm Status ======
Valor:                2690
Time:                 16000
nIter:                80777
Best Iter:            80777
Improvement Count:    80776
==============================
Solution tour: 
0 12 9 12 6 12 5 
2 10 6 10 15 7 14 7 15 8 12 8 11 8 10 
5 
4 13 4 5 12 
==============================

====== Algorithm Status ======
Valor:                2761
Time:                 32000
nIter:                159455
Best Iter:            159455
Improvement Count:    159454
==============================
Solution tour: 
0 12 9 12 6 12 
2 10 6 10 15 7 14 7 15 8 12 8 11 8 10 
4 13 4 5 4 
3 
1 12 
==============================

====== Algorithm Status ======
Valor:                2761
Time:                 64000
nIter:                324578
Best Iter:            324578
Improvement Count:    324577
==============================
Solution tour: 
0 12 9 12 6 12 
2 10 6 10 15 7 14 7 15 8 12 8 11 8 10 
4 13 4 5 4 
3 
1 12 
==============================

====== Algorithm Status ======
Valor:                2765
Time:                 128000
nIter:                654611
Best Iter:            654611
Improvement Count:    654610
==============================
Solution tour: 
0 12 9 12 6 12 
2 10 6 10 15 7 14 7 15 8 12 8 11 8 10 
4 13 15 13 4 5 4 10 
==============================

====== Algorithm Status ======
Valor:                2797
Time:                 256000
nIter:                1246788
Best Iter:            1246788
Improvement Count:    1246787
==============================
Solution tour: 
0 12 5 12 6 12 
2 10 6 10 15 7 14 7 15 8 12 8 11 8 10 
4 13 15 13 4 9 4 5 4 10 
==============================

====== Algorithm Status ======
Valor:                2797
Time:                 512000
nIter:                2397326
Best Iter:            2397326
Improvement Count:    2397325
==============================
Solution tour: 
0 12 5 12 6 12 
2 10 6 10 15 7 14 7 15 8 12 8 11 8 10 
4 13 15 13 4 9 4 5 4 10 
==============================

====== Algorithm Status ======
Valor:                2797
Time:                 1024001
nIter:                4685710
Best Iter:            4685710
Improvement Count:    4685711
==============================
Solution tour: 
0 12 5 12 6 12 
2 10 6 10 15 7 14 7 15 8 12 8 11 8 10 
4 13 15 13 4 9 4 5 4 10 
==============================

====== Algorithm Status ======
Valor:                2797
Time:                 1024001
nIter:                4685710
Best Iter:            4685710
Improvement Count:    4685711
==============================
Solution tour: 
0 12 5 12 6 12 
2 10 6 10 15 7 14 7 15 8 12 8 11 8 10 
4 13 15 13 4 9 4 5 4 10 
==============================

