=========== Input ===========
File name:                ./instances/created-instances/mm-10-25-1917698.cdop
Total node count:         36
Truck node count:         10
Drone node count:         25
=============================

========== Settings ==========
Settings file:        ./settings/Memetic-LS_MMX_1287823.config
Seed:                 1287823
Reduction method:     -
Max iter:             1024000
Population size:      13
Crossover:            MA-MMX
Local Search:         -
Warm Start:           -
==============================

====== Algorithm Status ======
Valor:                2400
Time:                 250
nIter:                489
Best Iter:            489
Improvement Count:    488
==============================
Solution tour: 
0 
4 17 16 21 20 16 18 16 
6 11 26 32 16 32 16 26 16 31 12 27 
3 
2 28 
10 26 
9 31 
==============================

====== Algorithm Status ======
Valor:                2466
Time:                 500
nIter:                1002
Best Iter:            1002
Improvement Count:    1001
==============================
Solution tour: 
0 20 17 16 21 
4 16 18 16 
6 11 26 32 33 16 32 16 26 16 
10 12 27 16 24 16 27 
3 
2 28 31 
9 31 
==============================

====== Algorithm Status ======
Valor:                2878
Time:                 1001
nIter:                1978
Best Iter:            1978
Improvement Count:    1977
==============================
Solution tour: 
0 33 24 1 14 25 23 25 23 14 23 20 21 
4 16 32 16 28 16 18 16 15 16 26 11 26 16 27 16 24 
2 26 12 
9 31 
==============================

====== Algorithm Status ======
Valor:                3151
Time:                 2000
nIter:                3718
Best Iter:            3718
Improvement Count:    3717
==============================
Solution tour: 
0 33 1 14 25 23 25 28 25 20 28 20 21 
4 16 32 16 15 16 18 25 18 16 26 11 26 16 27 16 24 16 24 
2 25 
9 31 
==============================

====== Algorithm Status ======
Valor:                3341
Time:                 4000
nIter:                6810
Best Iter:            6810
Improvement Count:    6809
==============================
Solution tour: 
0 33 1 14 23 25 23 25 28 25 28 30 28 20 21 
4 16 32 16 15 16 18 25 18 16 26 11 26 16 27 
3 16 24 16 24 
2 24 
9 31 
==============================

====== Algorithm Status ======
Valor:                3496
Time:                 8000
nIter:                12972
Best Iter:            12972
Improvement Count:    12971
==============================
Solution tour: 
0 33 21 1 14 23 25 23 28 25 28 30 28 20 21 
4 16 32 16 15 16 18 25 18 16 26 11 26 16 27 26 
3 24 16 24 
2 24 
9 31 
==============================

====== Algorithm Status ======
Valor:                3626
Time:                 16003
nIter:                24706
Best Iter:            24706
Improvement Count:    24705
==============================
Solution tour: 
0 21 33 21 33 21 1 14 23 25 23 28 25 28 30 27 20 21 
4 16 32 16 15 16 18 25 18 16 26 11 26 16 27 23 24 16 24 
2 24 
9 31 
==============================

====== Algorithm Status ======
Valor:                3925
Time:                 32000
nIter:                46042
Best Iter:            46042
Improvement Count:    46041
==============================
Solution tour: 
0 21 33 21 1 14 23 25 23 28 25 28 30 27 30 29 27 20 34 17 21 
4 32 15 16 32 16 18 25 18 16 26 11 26 16 26 23 24 16 24 
2 24 21 0 24 
9 13 24 17 
==============================

====== Algorithm Status ======
Valor:                4181
Time:                 64000
nIter:                82210
Best Iter:            82210
Improvement Count:    82209
==============================
Solution tour: 
0 21 33 21 1 14 23 25 23 28 25 28 30 27 30 29 27 20 34 23 21 
4 32 15 16 30 16 32 16 18 25 18 16 26 11 26 16 26 24 16 24 
2 0 24 
9 24 13 24 21 0 17 
==============================

====== Algorithm Status ======
Valor:                4310
Time:                 128000
nIter:                151890
Best Iter:            151890
Improvement Count:    151889
==============================
Solution tour: 
0 21 33 21 1 15 1 14 23 25 28 30 27 30 29 27 23 34 20 21 
4 21 32 15 16 24 16 32 16 18 25 18 16 26 11 26 16 30 16 24 0 
2 0 33 24 
9 24 13 24 21 0 17 
==============================

====== Algorithm Status ======
Valor:                4394
Time:                 256000
nIter:                292997
Best Iter:            292997
Improvement Count:    292996
==============================
Solution tour: 
0 21 33 21 1 15 1 14 23 25 23 25 28 30 27 30 23 34 26 21 
4 21 32 15 32 24 16 32 16 18 25 18 16 26 2 11 2 26 16 30 16 24 
2 0 24 0 24 
9 24 13 24 21 0 17 
==============================

====== Algorithm Status ======
Valor:                4554
Time:                 512000
nIter:                537471
Best Iter:            537471
Improvement Count:    537470
==============================
Solution tour: 
0 21 33 21 1 15 1 22 1 14 28 25 23 25 28 30 27 30 28 23 34 26 21 
4 21 32 15 32 24 16 32 16 18 25 18 16 26 24 2 11 2 24 26 16 30 16 24 0 
2 0 24 
9 24 13 24 21 0 17 
==============================

====== Algorithm Status ======
Valor:                4788
Time:                 1024003
nIter:                999038
Best Iter:            999038
Improvement Count:    999039
==============================
Solution tour: 
0 21 33 21 1 15 
6 14 19 29 12 29 28 25 23 25 28 30 27 30 28 23 26 21 
4 21 32 24 35 24 16 32 16 18 25 18 16 26 24 2 11 2 24 26 16 30 16 24 0 
2 0 24 
9 24 13 24 21 0 17 
==============================

====== Algorithm Status ======
Valor:                4788
Time:                 1024003
nIter:                999038
Best Iter:            999038
Improvement Count:    999039
==============================
Solution tour: 
0 21 33 21 1 15 
6 14 19 29 12 29 28 25 23 25 28 30 27 30 28 23 26 21 
4 21 32 24 35 24 16 32 16 18 25 18 16 26 24 2 11 2 24 26 16 30 16 24 0 
2 0 24 
9 24 13 24 21 0 17 
==============================

