=========== Input ===========
File name:                ./instances/created-instances/mm-15-40-1767920.cdop
Total node count:         56
Truck node count:         15
Drone node count:         40
=============================

========== Settings ==========
Settings file:        ./settings/Memetic-LS_MPX_1881515.config
Seed:                 1881515
Reduction method:     -
Max iter:             1024000
Population size:      13
Crossover:            MA-MPX
Local Search:         -
Warm Start:           -
==============================

====== Algorithm Status ======
Valor:                1647
Time:                 251
nIter:                242
Best Iter:            242
Improvement Count:    241
==============================
Solution tour: 
0 32 48 
7 
8 
9 10 
1 
12 
13 
3 32 
15 
10 
11 52 
5 
2 27 
4 
14 32 
6 28 
==============================

====== Algorithm Status ======
Valor:                1647
Time:                 504
nIter:                452
Best Iter:            452
Improvement Count:    451
==============================
Solution tour: 
0 32 48 
7 
8 
9 10 
1 
12 
13 
3 32 
15 
10 
11 52 
5 
2 27 
4 
14 32 
6 28 
==============================

====== Algorithm Status ======
Valor:                2161
Time:                 1005
nIter:                924
Best Iter:            924
Improvement Count:    923
==============================
Solution tour: 
0 32 48 37 
2 27 
6 
8 55 
7 
4 35 
13 10 32 
14 32 
15 
10 
9 
3 
12 
11 52 
5 43 27 
1 
==============================

====== Algorithm Status ======
Valor:                2182
Time:                 2000
nIter:                1794
Best Iter:            1794
Improvement Count:    1793
==============================
Solution tour: 
0 32 48 37 
14 32 
15 
10 
9 
3 
12 
11 52 
5 43 27 
1 
2 27 
6 
8 55 
7 
4 35 
13 10 32 
==============================

====== Algorithm Status ======
Valor:                2395
Time:                 4004
nIter:                3508
Best Iter:            3508
Improvement Count:    3507
==============================
Solution tour: 
0 32 48 37 
14 15 32 
15 
10 
9 
3 
12 38 
11 8 52 
4 35 
5 43 27 
7 
8 55 
2 27 
6 27 
1 
13 10 32 
==============================

====== Algorithm Status ======
Valor:                2555
Time:                 8000
nIter:                6931
Best Iter:            6931
Improvement Count:    6930
==============================
Solution tour: 
0 32 48 37 
4 35 
11 8 52 
5 27 
7 
8 55 
2 27 
6 27 
1 
14 32 
15 
10 
9 
3 
12 38 
13 19 
==============================

====== Algorithm Status ======
Valor:                2634
Time:                 16000
nIter:                13735
Best Iter:            13735
Improvement Count:    13734
==============================
Solution tour: 
0 32 48 
2 
4 35 
11 8 52 
5 27 55 
8 30 
7 37 27 
6 27 
1 
14 32 
15 
10 
9 20 
3 
12 38 
13 19 
==============================

====== Algorithm Status ======
Valor:                2678
Time:                 32005
nIter:                27171
Best Iter:            27171
Improvement Count:    27170
==============================
Solution tour: 
0 32 48 
2 
4 35 
11 8 24 52 
5 27 
7 
8 30 55 37 27 
6 27 
1 
14 32 49 
12 19 
15 
10 
9 20 
3 
13 38 
==============================

====== Algorithm Status ======
Valor:                3061
Time:                 64000
nIter:                53494
Best Iter:            53494
Improvement Count:    53493
==============================
Solution tour: 
0 32 6 42 48 
2 
4 35 
11 8 24 48 52 
5 27 
7 
8 30 55 27 49 27 
3 
15 
10 
9 20 
6 27 
1 37 
14 
13 38 
12 19 
==============================

====== Algorithm Status ======
Valor:                3596
Time:                 128001
nIter:                104286
Best Iter:            104286
Improvement Count:    104285
==============================
Solution tour: 
0 32 
15 
10 
9 20 49 3 
6 27 
1 19 37 40 42 31 8 42 43 42 
2 35 
4 18 35 48 
11 
8 24 52 
5 27 
7 55 
14 
13 38 
12 19 
==============================

====== Algorithm Status ======
Valor:                3596
Time:                 256000
nIter:                203418
Best Iter:            203418
Improvement Count:    203417
==============================
Solution tour: 
0 32 
15 
10 
9 20 49 3 
6 27 
1 19 37 40 42 31 8 42 43 42 
2 35 
4 18 35 48 
11 
8 24 52 
5 27 
7 55 
14 
13 38 
12 19 
==============================

====== Algorithm Status ======
Valor:                4431
Time:                 512000
nIter:                402168
Best Iter:            402168
Improvement Count:    402167
==============================
Solution tour: 
0 19 28 16 6 
3 13 38 32 
15 
10 
9 20 49 
13 17 3 
6 27 
1 43 46 24 37 19 31 
7 42 40 42 35 
4 18 
2 48 
11 
8 24 52 
5 8 55 
12 55 
14 51 
==============================

====== Algorithm Status ======
Valor:                4639
Time:                 1024001
nIter:                795184
Best Iter:            795184
Improvement Count:    795185
==============================
Solution tour: 
0 19 28 27 32 6 
7 42 40 42 
4 35 41 18 
2 23 52 
11 
8 24 42 11 48 
5 48 52 8 55 
12 55 
14 51 13 
3 38 32 
15 
10 
9 20 49 
13 17 3 
6 16 
1 43 46 24 37 19 31 
==============================

====== Algorithm Status ======
Valor:                4639
Time:                 1024001
nIter:                795184
Best Iter:            795184
Improvement Count:    795185
==============================
Solution tour: 
0 19 28 27 32 6 
7 42 40 42 
4 35 41 18 
2 23 52 
11 
8 24 42 11 48 
5 48 52 8 55 
12 55 
14 51 13 
3 38 32 
15 
10 
9 20 49 
13 17 3 
6 16 
1 43 46 24 37 19 31 
==============================

