=========== Input ===========
File name:                ./instances/created-instances/mm-15-25-1110588.cdop
Total node count:         41
Truck node count:         15
Drone node count:         25
=============================

========== Settings ==========
Settings file:        ./settings/Memetic-LS_MPX_1099666.config
Seed:                 1099666
Reduction method:     -
Max iter:             1024000
Population size:      13
Crossover:            MA-MPX
Local Search:         -
Warm Start:           -
==============================

====== Algorithm Status ======
Valor:                1846
Time:                 250
nIter:                414
Best Iter:            414
Improvement Count:    413
==============================
Solution tour: 
0 40 17 
3 29 
7 
14 
2 33 
6 21 20 27 
13 19 
12 
8 19 
5 
9 
4 21 
11 
15 
==============================

====== Algorithm Status ======
Valor:                1846
Time:                 500
nIter:                791
Best Iter:            791
Improvement Count:    790
==============================
Solution tour: 
0 40 17 
3 29 
7 
14 
2 33 
6 21 20 27 
13 19 
12 
8 19 
5 
9 
4 21 
11 
15 
==============================

====== Algorithm Status ======
Valor:                2211
Time:                 1001
nIter:                1628
Best Iter:            1628
Improvement Count:    1627
==============================
Solution tour: 
0 14 40 
6 21 20 27 
14 
3 29 
2 33 
4 26 
13 19 17 
9 
8 35 
1 
12 34 
5 34 
7 
10 
11 
15 
==============================

====== Algorithm Status ======
Valor:                2220
Time:                 2002
nIter:                3098
Best Iter:            3098
Improvement Count:    3097
==============================
Solution tour: 
0 14 40 
6 21 20 27 
14 
3 29 
2 33 
12 34 
1 
8 35 
4 26 
13 19 17 
9 
7 
10 
11 
15 28 27 
==============================

====== Algorithm Status ======
Valor:                2220
Time:                 4000
nIter:                6193
Best Iter:            6193
Improvement Count:    6192
==============================
Solution tour: 
0 14 40 
6 21 20 27 
14 
3 29 
2 33 
12 34 
1 
8 35 
4 26 
13 19 17 
9 
7 
10 
11 
15 28 27 
==============================

====== Algorithm Status ======
Valor:                2233
Time:                 8001
nIter:                12303
Best Iter:            12303
Improvement Count:    12302
==============================
Solution tour: 
0 
14 
3 29 
12 34 
1 
8 35 
4 26 
13 19 17 
5 
9 
7 
10 
11 
15 28 27 
2 33 
6 21 20 27 
==============================

====== Algorithm Status ======
Valor:                2233
Time:                 16000
nIter:                24959
Best Iter:            24959
Improvement Count:    24958
==============================
Solution tour: 
0 
14 
3 29 
12 34 
1 
8 35 
4 26 
13 19 17 
5 
9 
7 
10 
11 
15 28 27 
2 33 
6 21 20 27 
==============================

====== Algorithm Status ======
Valor:                2328
Time:                 32000
nIter:                50138
Best Iter:            50138
Improvement Count:    50137
==============================
Solution tour: 
0 38 
14 
3 29 
12 34 
1 
8 35 
4 26 
13 19 17 
5 
9 
7 
10 
11 
15 28 27 
2 33 
6 21 20 27 
==============================

====== Algorithm Status ======
Valor:                2889
Time:                 64000
nIter:                99607
Best Iter:            99607
Improvement Count:    99606
==============================
Solution tour: 
0 38 
14 
3 18 
13 19 21 
5 29 17 
1 17 
12 34 
9 
8 35 
4 26 
7 
10 
11 
15 28 27 
2 33 
6 31 22 20 27 
==============================

====== Algorithm Status ======
Valor:                3294
Time:                 128002
nIter:                198429
Best Iter:            198429
Improvement Count:    198428
==============================
Solution tour: 
0 38 25 
3 18 
13 22 21 
5 29 
1 17 
12 34 40 
9 
8 35 
4 26 
7 
10 
11 
15 28 27 
2 33 
6 31 19 20 27 
==============================

====== Algorithm Status ======
Valor:                3294
Time:                 256000
nIter:                395639
Best Iter:            395639
Improvement Count:    395638
==============================
Solution tour: 
0 38 25 
3 18 
13 22 21 
5 29 
1 17 
12 34 40 
9 
8 35 
4 26 
7 
10 
11 
15 28 27 
2 33 
6 31 19 20 27 
==============================

====== Algorithm Status ======
Valor:                3437
Time:                 512000
nIter:                788503
Best Iter:            788503
Improvement Count:    788502
==============================
Solution tour: 
0 38 25 
3 32 29 18 
13 22 21 
5 29 
1 17 
12 34 40 
9 
8 35 
4 26 
7 
10 
11 
15 28 27 
2 33 
6 31 19 20 27 
==============================

====== Algorithm Status ======
Valor:                3877
Time:                 1024003
nIter:                1548582
Best Iter:            1548582
Improvement Count:    1548583
==============================
Solution tour: 
0 38 25 
3 
14 23 
2 27 31 3 33 18 16 29 32 
5 29 
1 17 
12 34 
9 40 
8 35 
4 26 
7 
10 
11 
15 28 
6 19 31 32 20 27 
13 22 21 
==============================

====== Algorithm Status ======
Valor:                3877
Time:                 1024003
nIter:                1548582
Best Iter:            1548582
Improvement Count:    1548583
==============================
Solution tour: 
0 38 25 
3 
14 23 
2 27 31 3 33 18 16 29 32 
5 29 
1 17 
12 34 
9 40 
8 35 
4 26 
7 
10 
11 
15 28 
6 19 31 32 20 27 
13 22 21 
==============================

