=========== Input ===========
File name:                ./instances/created-instances/mm-10-40-1110588.cdop
Total node count:         51
Truck node count:         10
Drone node count:         40
=============================

========== Settings ==========
Settings file:        ./settings/Memetic-LS_MMX_1099666.config
Seed:                 1099666
Reduction method:     -
Max iter:             1024000
Population size:      13
Crossover:            MA-MMX
Local Search:         -
Warm Start:           -
==============================

====== Algorithm Status ======
Valor:                2999
Time:                 250
nIter:                334
Best Iter:            334
Improvement Count:    333
==============================
Solution tour: 
0 37 27 44 50 
6 40 
3 
7 45 
4 37 24 
9 
5 26 13 39 13 37 42 39 42 37 13 29 13 45 37 45 36 
==============================

====== Algorithm Status ======
Valor:                3251
Time:                 508
nIter:                613
Best Iter:            613
Improvement Count:    612
==============================
Solution tour: 
0 37 27 13 50 
6 40 
3 
7 45 
4 37 24 
9 
5 26 44 26 39 44 39 13 37 29 37 13 39 35 39 42 39 29 45 37 45 36 
==============================

====== Algorithm Status ======
Valor:                3484
Time:                 1004
nIter:                1085
Best Iter:            1085
Improvement Count:    1084
==============================
Solution tour: 
0 37 27 13 31 40 31 40 
3 
7 45 
4 37 24 
9 
5 44 26 13 39 44 13 44 39 13 37 29 37 13 35 39 42 39 29 45 37 45 36 
==============================

====== Algorithm Status ======
Valor:                3714
Time:                 2003
nIter:                2022
Best Iter:            2022
Improvement Count:    2021
==============================
Solution tour: 
0 37 27 13 31 40 31 40 
3 
7 45 
4 37 24 
9 
5 26 33 26 13 39 44 13 44 39 13 37 29 37 35 39 42 39 29 
2 30 37 45 36 
==============================

====== Algorithm Status ======
Valor:                3791
Time:                 4005
nIter:                3802
Best Iter:            3802
Improvement Count:    3801
==============================
Solution tour: 
0 37 27 13 31 40 31 
3 
7 45 
4 37 46 24 
9 26 33 26 13 39 44 13 44 39 13 37 29 37 35 39 35 39 42 39 29 
2 30 37 45 37 36 
==============================

====== Algorithm Status ======
Valor:                4049
Time:                 8000
nIter:                7456
Best Iter:            7456
Improvement Count:    7455
==============================
Solution tour: 
0 37 27 13 31 40 31 
7 45 
4 37 46 24 
9 26 33 26 39 35 39 44 13 26 13 35 13 44 39 13 37 29 37 13 39 42 39 30 
2 29 45 37 45 36 
==============================

====== Algorithm Status ======
Valor:                4164
Time:                 16006
nIter:                15244
Best Iter:            15244
Improvement Count:    15243
==============================
Solution tour: 
0 37 27 40 31 40 
7 45 
4 37 46 24 
9 26 33 26 13 44 13 26 35 13 39 44 39 13 37 29 37 13 32 42 32 39 30 
2 29 45 37 45 36 
==============================

====== Algorithm Status ======
Valor:                4639
Time:                 32007
nIter:                30023
Best Iter:            30023
Improvement Count:    30022
==============================
Solution tour: 
0 37 27 40 31 40 
7 45 
4 37 46 24 
9 44 13 26 33 26 13 39 35 39 13 37 13 32 13 44 32 42 32 44 39 30 
2 29 37 29 49 50 49 29 49 50 49 37 45 37 19 36 
==============================

====== Algorithm Status ======
Valor:                5259
Time:                 64000
nIter:                55876
Best Iter:            55876
Improvement Count:    55875
==============================
Solution tour: 
0 37 27 19 36 19 36 25 40 31 40 
7 47 31 37 46 24 
9 26 33 26 13 22 13 39 13 35 32 13 32 42 32 15 32 44 39 30 39 30 
2 49 37 49 50 49 18 29 37 45 36 
==============================

====== Algorithm Status ======
Valor:                5428
Time:                 128003
nIter:                109046
Best Iter:            109046
Improvement Count:    109045
==============================
Solution tour: 
0 37 27 30 19 36 19 36 45 36 25 40 31 40 
7 47 31 46 24 
9 26 33 15 33 26 13 22 13 39 13 10 32 13 32 42 32 15 32 35 44 39 30 
2 49 50 49 18 29 37 45 37 36 
==============================

====== Algorithm Status ======
Valor:                5643
Time:                 256003
nIter:                213602
Best Iter:            213602
Improvement Count:    213601
==============================
Solution tour: 
0 36 37 27 37 36 19 36 45 36 25 40 31 40 
7 47 31 13 46 24 
9 26 33 15 33 26 13 22 13 39 13 10 32 13 32 42 32 15 32 35 44 39 30 
2 49 50 49 29 18 29 37 45 20 
==============================

====== Algorithm Status ======
Valor:                6054
Time:                 512000
nIter:                405039
Best Iter:            405039
Improvement Count:    405038
==============================
Solution tour: 
0 36 37 27 37 36 19 36 45 37 45 36 25 36 31 40 
7 47 31 13 46 24 
9 5 26 33 15 33 26 13 22 2 22 13 39 13 32 42 32 15 32 35 44 39 30 
2 29 49 2 49 50 49 29 37 29 2 29 18 20 
==============================

====== Algorithm Status ======
Valor:                6088
Time:                 1024004
nIter:                757599
Best Iter:            757599
Improvement Count:    757600
==============================
Solution tour: 
0 36 37 27 37 36 19 36 45 37 45 36 25 36 31 40 
7 47 31 13 46 24 
9 5 26 33 15 33 26 13 22 2 22 13 39 13 32 42 32 15 32 35 44 39 30 
2 49 50 49 2 29 37 29 2 29 18 0 20 
==============================

====== Algorithm Status ======
Valor:                6088
Time:                 1024004
nIter:                757599
Best Iter:            757599
Improvement Count:    757600
==============================
Solution tour: 
0 36 37 27 37 36 19 36 45 37 45 36 25 36 31 40 
7 47 31 13 46 24 
9 5 26 33 15 33 26 13 22 2 22 13 39 13 32 42 32 15 32 35 44 39 30 
2 49 50 49 2 29 37 29 2 29 18 0 20 
==============================

