=========== Input ===========
File name:                ./instances/created-instances/mm-25-10-1767920.cdop
Total node count:         36
Truck node count:         25
Drone node count:         10
=============================

========== Settings ==========
Settings file:        ./settings/Memetic_MMX_1881515.config
Seed:                 1881515
Reduction method:     -
Max iter:             1024000
Population size:      13
Crossover:            MA-MMX
Local Search:         LS
Warm Start:           -
==============================

====== Algorithm Status ======
Valor:                3975
Time:                 250
nIter:                35
Best Iter:            35
Improvement Count:    34
==============================
Solution tour: 
0 17 24 8 2 7 
14 20 14 13 35 33 35 17 13 17 1 3 1 16 10 15 10 9 21 9 16 1 8 27 24 27 8 1 27 11 27 11 30 26 28 5 
7 2 8 35 0 34 32 31 29 24 17 22 33 35 33 21 25 17 
==============================

====== Algorithm Status ======
Valor:                4147
Time:                 505
nIter:                75
Best Iter:            75
Improvement Count:    74
==============================
Solution tour: 
0 17 8 24 8 2 7 
14 20 14 13 20 13 35 33 35 17 13 17 1 3 1 16 10 15 10 9 21 9 16 1 8 27 8 27 11 24 11 27 8 27 11 27 8 27 24 27 8 27 11 27 11 30 11 7 5 
7 2 8 35 8 7 34 32 31 29 17 22 17 25 17 
==============================

====== Algorithm Status ======
Valor:                4170
Time:                 1004
nIter:                139
Best Iter:            139
Improvement Count:    138
==============================
Solution tour: 
0 17 8 24 8 2 7 
14 20 14 13 20 13 35 33 35 17 13 17 1 3 1 16 10 15 10 9 21 9 16 1 8 27 8 27 11 24 11 27 8 27 11 27 8 27 24 27 11 30 11 7 5 
7 2 8 35 8 7 34 32 31 29 14 17 22 17 25 17 
==============================

====== Algorithm Status ======
Valor:                4180
Time:                 2000
nIter:                266
Best Iter:            266
Improvement Count:    265
==============================
Solution tour: 
0 17 8 24 8 2 7 
14 20 14 13 20 13 35 33 35 17 13 17 1 3 1 6 16 10 15 10 9 21 9 16 1 24 11 27 8 27 11 27 8 27 24 27 11 30 11 7 5 
7 2 8 35 8 7 34 32 31 29 14 17 22 17 25 17 
==============================

====== Algorithm Status ======
Valor:                4259
Time:                 4000
nIter:                518
Best Iter:            518
Improvement Count:    517
==============================
Solution tour: 
0 17 8 24 8 2 26 7 
14 20 14 13 20 13 35 33 35 17 13 17 22 1 3 1 16 6 16 10 15 10 9 21 9 16 1 8 11 27 8 27 24 27 11 30 11 8 7 5 
7 2 7 8 35 8 32 34 32 31 29 22 17 25 17 
==============================

====== Algorithm Status ======
Valor:                4259
Time:                 8001
nIter:                1044
Best Iter:            1044
Improvement Count:    1043
==============================
Solution tour: 
0 17 8 24 8 2 26 7 
14 20 14 13 20 13 35 33 35 17 13 17 22 1 3 1 16 6 16 10 15 10 9 21 9 16 1 8 11 27 8 27 24 27 11 30 11 8 7 5 
7 2 7 8 35 8 32 34 32 31 29 22 17 25 17 
==============================

====== Algorithm Status ======
Valor:                4292
Time:                 16009
nIter:                2132
Best Iter:            2132
Improvement Count:    2131
==============================
Solution tour: 
0 17 24 8 2 8 24 29 
14 20 14 13 20 13 17 35 0 22 33 35 33 22 1 3 1 16 6 16 10 15 10 9 21 9 16 1 8 11 27 24 27 11 30 11 8 7 5 
7 2 7 8 35 8 32 34 32 31 29 14 17 22 17 25 17 
==============================

====== Algorithm Status ======
Valor:                4404
Time:                 32002
nIter:                4317
Best Iter:            4317
Improvement Count:    4316
==============================
Solution tour: 
0 22 17 22 1 3 1 17 13 
14 20 14 13 6 16 6 10 15 10 9 21 9 16 1 8 27 24 11 24 27 11 30 11 27 32 8 24 8 7 5 
7 2 7 8 35 33 35 13 20 13 35 8 32 34 31 29 14 0 17 25 17 
==============================

====== Algorithm Status ======
Valor:                4418
Time:                 64002
nIter:                8688
Best Iter:            8688
Improvement Count:    8687
==============================
Solution tour: 
0 17 22 33 22 1 3 1 22 17 13 
14 20 14 13 6 16 6 10 15 10 9 21 9 16 1 8 27 24 11 24 27 11 30 11 27 32 8 24 8 7 5 
7 2 7 8 35 33 35 13 20 13 17 35 8 32 34 32 31 29 14 17 25 17 
==============================

====== Algorithm Status ======
Valor:                4431
Time:                 128004
nIter:                17531
Best Iter:            17531
Improvement Count:    17530
==============================
Solution tour: 
0 17 22 33 22 1 3 1 22 17 13 
14 20 14 13 6 16 6 10 15 10 9 21 9 22 1 16 1 8 24 27 11 30 11 27 24 8 7 5 
7 2 7 8 35 33 35 13 20 13 17 8 32 34 32 31 11 29 14 17 25 17 
==============================

====== Algorithm Status ======
Valor:                4473
Time:                 256002
nIter:                35652
Best Iter:            35652
Improvement Count:    35651
==============================
Solution tour: 
0 22 33 35 33 22 17 22 1 6 13 
14 20 14 13 6 16 6 10 15 10 9 1 16 1 3 1 8 24 11 27 11 30 11 24 27 24 8 7 5 
7 2 7 8 1 17 13 20 13 17 8 32 34 32 31 29 14 0 17 25 17 
==============================

====== Algorithm Status ======
Valor:                4473
Time:                 512013
nIter:                71729
Best Iter:            71729
Improvement Count:    71728
==============================
Solution tour: 
0 22 33 35 33 22 17 22 1 6 13 
14 20 14 13 6 16 6 10 15 10 9 1 16 1 3 1 8 24 11 27 11 30 11 24 27 24 8 7 5 
7 2 7 8 1 17 13 20 13 17 8 32 34 32 31 29 14 0 17 25 17 
==============================

====== Algorithm Status ======
Valor:                4479
Time:                 1024001
nIter:                142553
Best Iter:            142553
Improvement Count:    142554
==============================
Solution tour: 
0 22 17 22 33 35 33 21 33 35 13 
14 20 14 13 6 16 6 10 15 10 9 1 16 1 3 1 8 24 11 27 11 30 11 24 27 24 8 7 5 
7 2 7 8 1 17 13 20 13 17 8 32 34 32 31 29 14 0 17 25 17 
==============================

====== Algorithm Status ======
Valor:                4479
Time:                 1024001
nIter:                142553
Best Iter:            142553
Improvement Count:    142554
==============================
Solution tour: 
0 22 17 22 33 35 33 21 33 35 13 
14 20 14 13 6 16 6 10 15 10 9 1 16 1 3 1 8 24 11 27 11 30 11 24 27 24 8 7 5 
7 2 7 8 1 17 13 20 13 17 8 32 34 32 31 29 14 0 17 25 17 
==============================

