=========== Input ===========
File name:                ./instances/created-instances/mm-5-40-1917698.cdop
Total node count:         46
Truck node count:         5
Drone node count:         40
=============================

========== Settings ==========
Settings file:        ./settings/Memetic_MPX_1287823.config
Seed:                 1287823
Reduction method:     -
Max iter:             1024000
Population size:      13
Crossover:            MA-MPX
Local Search:         LS
Warm Start:           -
==============================

====== Algorithm Status ======
Valor:                6058
Time:                 261
nIter:                21
Best Iter:            21
Improvement Count:    20
==============================
Solution tour: 
0 30 19 22 14 32 18 5 18 21 25 44 27 6 38 33 17 38 25 27 12 38 17 11 
3 11 37 24 22 40 14 22 24 37 11 29 
1 20 1 29 34 8 10 3 24 3 41 36 14 40 7 40 31 36 41 45 26 45 41 24 
2 16 32 14 
5 14 22 30 37 40 0 
4 0 15 0 31 24 37 45 36 0 
==============================

====== Algorithm Status ======
Valor:                6668
Time:                 508
nIter:                50
Best Iter:            50
Improvement Count:    49
==============================
Solution tour: 
0 30 19 22 14 42 16 18 5 18 5 39 25 21 25 39 27 6 38 10 38 33 38 25 27 12 38 17 38 12 27 44 28 45 41 45 37 11 
3 41 36 14 22 7 40 7 22 24 
5 32 19 30 0 
4 0 15 40 31 0 31 20 
1 20 34 20 1 29 1 13 8 3 24 3 11 37 24 31 36 41 45 26 36 40 
==============================

====== Algorithm Status ======
Valor:                6882
Time:                 1001
nIter:                84
Best Iter:            84
Improvement Count:    83
==============================
Solution tour: 
0 30 19 22 14 42 16 32 18 5 18 5 39 25 21 25 39 27 6 38 10 38 33 38 25 27 12 38 17 38 12 27 44 28 41 45 37 11 
3 41 36 14 22 7 40 7 22 24 
1 20 34 20 1 29 1 13 8 10 3 24 3 11 37 40 31 36 41 45 26 45 41 14 
5 14 36 31 0 
4 15 24 0 
==============================

====== Algorithm Status ======
Valor:                7018
Time:                 2010
nIter:                149
Best Iter:            149
Improvement Count:    148
==============================
Solution tour: 
0 30 19 22 14 32 18 5 18 5 39 25 21 25 39 27 6 38 10 38 33 38 25 27 12 38 17 38 12 27 44 28 41 45 37 11 
3 41 39 41 36 14 22 7 40 7 22 24 
1 20 34 20 1 29 1 13 8 10 3 24 3 11 37 40 31 36 41 45 26 45 41 14 
5 14 36 31 30 0 
4 0 15 0 
==============================

====== Algorithm Status ======
Valor:                7018
Time:                 4002
nIter:                278
Best Iter:            278
Improvement Count:    277
==============================
Solution tour: 
0 30 19 22 14 32 18 5 18 5 39 25 21 25 39 27 6 38 10 38 33 38 25 27 12 38 17 38 12 27 44 28 41 45 37 11 
3 41 39 41 36 14 22 7 40 7 22 24 
1 20 34 20 1 29 1 13 8 10 3 24 3 11 37 40 31 36 41 45 26 45 41 14 
5 14 36 31 30 0 
4 0 15 0 
==============================

====== Algorithm Status ======
Valor:                7018
Time:                 8014
nIter:                539
Best Iter:            539
Improvement Count:    538
==============================
Solution tour: 
0 30 19 22 14 32 18 5 18 5 39 25 21 25 39 27 6 38 10 38 33 38 25 27 12 38 17 38 12 27 44 28 41 45 37 11 
3 41 39 41 36 14 22 7 40 7 22 24 
1 20 34 20 1 29 1 13 8 10 3 24 3 11 37 40 31 36 41 45 26 45 41 14 
5 14 36 31 30 0 
4 0 15 0 
==============================

====== Algorithm Status ======
Valor:                7164
Time:                 16007
nIter:                1051
Best Iter:            1051
Improvement Count:    1050
==============================
Solution tour: 
0 30 19 22 14 32 18 5 18 5 39 25 21 25 44 27 8 27 6 38 10 38 33 38 25 27 12 38 17 38 12 27 25 39 28 41 45 37 11 
3 39 41 36 14 22 7 40 7 22 24 
1 29 1 34 20 1 20 34 3 24 3 11 37 40 31 36 41 45 26 45 41 39 
5 14 36 31 30 0 
4 0 15 0 
==============================

====== Algorithm Status ======
Valor:                7164
Time:                 32002
nIter:                2032
Best Iter:            2032
Improvement Count:    2031
==============================
Solution tour: 
0 30 19 22 14 32 18 5 18 5 39 25 21 25 44 27 8 27 6 38 10 38 33 38 25 27 12 38 17 38 12 27 25 39 28 41 45 37 11 
3 39 41 36 14 22 7 40 7 22 24 
1 29 1 34 20 1 20 34 3 24 3 11 37 40 31 36 41 45 26 45 41 39 
5 14 36 31 30 0 
4 0 15 0 
==============================

====== Algorithm Status ======
Valor:                7164
Time:                 64010
nIter:                4020
Best Iter:            4020
Improvement Count:    4019
==============================
Solution tour: 
0 30 19 22 14 32 18 5 18 5 39 25 21 25 44 27 8 27 6 38 10 38 33 38 25 27 12 38 17 38 12 27 25 39 28 41 45 37 11 
3 39 41 36 14 22 7 40 7 22 24 
1 29 1 34 20 1 20 34 3 24 3 11 37 40 31 36 41 45 26 45 41 39 
5 14 36 31 30 0 
4 0 15 0 
==============================

====== Algorithm Status ======
Valor:                7326
Time:                 128002
nIter:                8054
Best Iter:            8054
Improvement Count:    8053
==============================
Solution tour: 
0 30 4 19 22 14 32 5 18 5 39 25 21 25 26 44 27 8 27 6 38 10 38 33 38 25 27 12 38 17 38 12 27 25 39 28 37 45 41 45 37 11 
3 36 41 39 41 36 14 22 7 40 7 22 24 
1 29 1 34 20 1 20 34 3 24 3 11 37 40 37 31 24 31 36 16 
5 14 36 31 0 
4 0 15 0 30 
==============================

====== Algorithm Status ======
Valor:                7340
Time:                 256000
nIter:                15808
Best Iter:            15808
Improvement Count:    15807
==============================
Solution tour: 
0 4 19 22 14 32 5 18 5 39 25 26 21 25 21 44 27 8 27 6 38 10 38 33 38 25 27 12 38 17 38 12 27 25 39 28 37 45 41 45 37 11 
3 36 41 39 41 36 14 22 7 40 7 22 19 
4 0 30 31 20 
1 29 1 34 20 1 20 34 3 24 3 11 37 40 37 31 24 31 36 16 
5 14 36 31 0 15 
==============================

====== Algorithm Status ======
Valor:                7358
Time:                 512008
nIter:                30565
Best Iter:            30565
Improvement Count:    30564
==============================
Solution tour: 
0 4 19 22 14 32 5 18 5 39 25 21 25 26 44 27 8 38 12 27 6 38 10 38 33 38 25 27 12 38 17 38 6 27 25 39 28 37 45 41 45 37 11 
3 36 41 39 41 36 14 22 40 7 2 7 40 22 19 
4 0 15 0 31 20 
1 29 1 34 20 1 20 34 3 24 3 11 37 40 37 31 24 31 36 16 
5 14 36 31 0 30 0 
==============================

====== Algorithm Status ======
Valor:                7373
Time:                 1024009
nIter:                60515
Best Iter:            60515
Improvement Count:    60516
==============================
Solution tour: 
0 4 19 22 14 32 5 18 5 39 25 21 25 26 44 27 8 27 45 38 12 27 6 38 10 38 33 38 25 27 12 38 17 38 6 27 25 39 28 37 45 41 45 37 11 
3 36 41 39 41 36 14 22 40 7 2 7 40 22 19 
4 0 15 0 31 20 
1 29 1 34 20 1 20 34 3 24 3 11 37 40 31 24 14 42 14 36 40 
2 0 30 
==============================

====== Algorithm Status ======
Valor:                7373
Time:                 1024009
nIter:                60515
Best Iter:            60515
Improvement Count:    60516
==============================
Solution tour: 
0 4 19 22 14 32 5 18 5 39 25 21 25 26 44 27 8 27 45 38 12 27 6 38 10 38 33 38 25 27 12 38 17 38 6 27 25 39 28 37 45 41 45 37 11 
3 36 41 39 41 36 14 22 40 7 2 7 40 22 19 
4 0 15 0 31 20 
1 29 1 34 20 1 20 34 3 24 3 11 37 40 31 24 14 42 14 36 40 
2 0 30 
==============================

