=========== Input ===========
File name:                ./instances/created-instances/mm-15-40-1917698.cdop
Total node count:         56
Truck node count:         15
Drone node count:         40
=============================

========== Settings ==========
Settings file:        ./settings/Memetic_MMX_1881515.config
Seed:                 1881515
Reduction method:     -
Max iter:             1024000
Population size:      13
Crossover:            MA-MMX
Local Search:         LS
Warm Start:           -
==============================

====== Algorithm Status ======
Valor:                7094
Time:                 259
nIter:                11
Best Iter:            11
Improvement Count:    10
==============================
Solution tour: 
0 44 23 26 40 9 51 42 55 50 43 12 46 43 29 43 49 12 14 52 33 39 54 33 54 39 52 
10 52 26 41 26 3 18 45 37 16 21 37 20 15 45 18 51 45 15 28 41 14 22 14 18 53 18 41 40 3 45 51 32 53 19 49 43 50 48 30 48 31 48 50 55 42 6 37 38 37 
6 42 20 37 21 35 17 
==============================

====== Algorithm Status ======
Valor:                7294
Time:                 506
nIter:                22
Best Iter:            22
Improvement Count:    21
==============================
Solution tour: 
0 39 54 33 52 
10 13 1 38 16 21 37 20 37 22 14 35 3 55 42 55 50 12 32 53 28 18 35 12 46 48 50 48 31 48 31 50 55 43 12 49 19 17 26 23 
2 23 44 17 26 41 3 45 3 40 48 30 48 55 49 12 43 49 51 32 9 45 51 45 18 53 18 3 33 47 33 54 39 34 26 40 9 49 43 46 29 9 41 14 46 43 
==============================

====== Algorithm Status ======
Valor:                7519
Time:                 1020
nIter:                42
Best Iter:            42
Improvement Count:    41
==============================
Solution tour: 
0 52 33 54 39 54 33 52 
10 13 1 38 16 21 37 20 37 22 14 41 14 3 55 42 55 50 43 12 32 53 28 18 35 12 46 48 50 48 31 50 55 48 30 49 43 31 48 46 12 53 23 17 19 17 26 23 
2 23 26 34 12 49 12 43 29 9 18 45 41 40 29 30 48 55 49 51 32 51 45 28 53 18 3 33 47 33 26 40 9 43 49 9 40 26 44 
==============================

====== Algorithm Status ======
Valor:                7762
Time:                 2019
nIter:                79
Best Iter:            79
Improvement Count:    78
==============================
Solution tour: 
0 14 54 39 54 33 52 
10 13 1 38 16 21 37 20 37 22 14 41 14 49 43 55 42 55 50 48 30 46 12 9 51 45 3 28 53 32 51 32 9 18 45 18 9 12 46 43 48 50 55 48 31 48 15 28 23 44 17 19 17 26 41 26 23 
2 23 26 34 12 49 12 43 29 9 45 51 41 40 9 29 30 48 55 43 49 9 40 26 53 18 3 45 54 33 54 47 33 39 35 17 
==============================

====== Algorithm Status ======
Valor:                8076
Time:                 4005
nIter:                155
Best Iter:            155
Improvement Count:    154
==============================
Solution tour: 
0 17 23 44 2 34 39 54 33 47 33 52 
10 13 1 38 37 21 37 20 37 22 14 41 14 28 53 32 51 9 18 45 18 9 12 46 48 50 55 48 30 31 25 30 29 43 12 18 12 46 43 50 48 31 48 31 30 49 51 15 28 23 17 19 17 26 41 26 23 
2 23 26 35 14 49 46 12 49 12 43 29 9 51 45 51 32 9 40 41 40 9 29 30 48 55 42 55 50 43 49 45 54 39 34 17 
==============================

====== Algorithm Status ======
Valor:                8243
Time:                 8018
nIter:                293
Best Iter:            293
Improvement Count:    292
==============================
Solution tour: 
0 17 23 44 2 34 39 54 33 47 33 52 
10 13 1 38 37 21 37 20 37 22 14 41 14 28 53 32 9 18 45 18 9 12 46 48 50 55 48 49 30 31 30 25 29 48 31 48 30 49 51 15 28 23 17 19 17 26 41 26 23 
2 23 26 35 14 49 43 46 12 49 12 43 29 9 51 45 51 32 9 40 41 40 9 29 30 48 55 42 55 50 48 31 50 43 49 32 53 18 45 3 45 49 18 53 44 17 
==============================

====== Algorithm Status ======
Valor:                8465
Time:                 16022
nIter:                571
Best Iter:            571
Improvement Count:    570
==============================
Solution tour: 
0 17 44 2 34 39 54 33 54 47 33 52 
10 13 1 38 37 20 37 21 37 22 14 41 14 28 53 32 9 18 3 45 18 9 12 46 43 48 31 50 55 50 48 46 49 30 31 48 30 49 51 15 28 23 17 19 17 26 41 26 23 
2 23 26 35 14 49 12 43 46 12 49 43 29 43 12 32 51 45 51 32 9 40 41 40 9 29 30 48 55 42 55 48 50 31 30 32 53 18 45 3 26 17 
==============================

====== Algorithm Status ======
Valor:                8650
Time:                 32016
nIter:                1151
Best Iter:            1151
Improvement Count:    1150
==============================
Solution tour: 
0 17 23 44 17 34 39 54 33 54 47 33 52 
10 13 1 38 37 20 37 21 37 22 14 41 14 28 53 32 9 18 3 45 18 9 12 46 12 43 46 48 31 50 55 50 48 46 43 49 12 30 31 48 30 49 51 15 28 23 17 19 17 26 41 26 23 
2 23 26 35 12 49 43 29 43 12 32 51 45 51 32 9 40 41 40 9 29 30 48 55 42 55 48 50 31 30 12 32 53 18 45 3 40 26 17 
==============================

====== Algorithm Status ======
Valor:                8644
Time:                 64021
nIter:                2287
Best Iter:            2287
Improvement Count:    2286
==============================
Solution tour: 
0 17 23 44 17 34 39 54 33 47 54 47 33 52 
10 13 1 38 37 20 37 21 16 22 14 41 28 41 32 9 18 3 45 18 9 12 46 12 43 46 48 31 50 55 50 48 46 43 49 12 30 31 48 30 49 51 49 51 15 28 23 17 19 17 26 41 26 23 
2 23 26 35 12 49 43 29 43 12 32 51 45 51 32 9 40 41 40 9 29 30 48 55 42 55 48 50 31 30 12 32 53 18 45 3 40 26 40 17 
==============================

====== Algorithm Status ======
Valor:                8744
Time:                 128003
nIter:                4568
Best Iter:            4568
Improvement Count:    4567
==============================
Solution tour: 
0 17 23 44 17 34 39 54 33 47 54 47 33 54 39 52 
10 13 1 38 37 20 37 21 16 22 45 41 14 41 32 9 18 3 45 18 9 12 46 12 43 46 48 31 50 55 50 48 46 43 49 12 30 31 48 30 49 51 15 28 23 17 19 17 26 41 26 23 
2 23 26 17 35 12 49 43 29 43 12 32 51 45 51 32 9 40 41 40 9 29 25 30 48 55 42 55 48 50 31 30 12 32 53 18 45 3 40 17 
==============================

====== Algorithm Status ======
Valor:                8744
Time:                 256001
nIter:                8965
Best Iter:            8965
Improvement Count:    8964
==============================
Solution tour: 
0 17 23 44 17 34 39 54 33 47 54 47 33 54 39 52 
10 13 1 38 37 20 37 21 16 22 45 41 14 41 32 9 18 3 45 18 9 12 46 12 43 46 48 31 50 55 50 48 46 43 49 12 30 31 48 30 49 51 15 28 23 17 19 17 26 41 26 23 
2 23 26 17 35 12 49 43 29 43 12 32 51 45 51 32 9 40 41 40 9 29 25 30 48 55 42 55 48 50 31 30 12 32 53 18 45 3 40 17 
==============================

====== Algorithm Status ======
Valor:                8744
Time:                 512006
nIter:                17808
Best Iter:            17808
Improvement Count:    17807
==============================
Solution tour: 
0 17 23 44 17 34 39 54 33 47 54 47 33 54 39 52 
10 13 1 38 37 20 37 21 16 22 45 41 14 41 32 9 18 3 45 18 9 12 46 12 43 46 48 31 50 55 50 48 46 43 49 12 30 31 48 30 49 51 15 28 23 17 19 17 26 41 26 23 
2 23 26 17 35 12 49 43 29 43 12 32 51 45 51 32 9 40 41 40 9 29 25 30 48 55 42 55 48 50 31 30 12 32 53 18 45 3 40 17 
==============================

====== Algorithm Status ======
Valor:                8796
Time:                 1024003
nIter:                34915
Best Iter:            34915
Improvement Count:    34916
==============================
Solution tour: 
0 17 23 44 17 34 39 54 33 47 54 47 33 54 39 52 
10 13 1 38 37 20 37 21 16 22 45 41 14 41 32 9 18 3 45 9 12 46 12 43 46 48 31 50 55 50 48 46 43 49 12 49 30 31 48 30 49 51 15 28 23 17 44 26 41 26 23 
2 23 26 17 19 17 35 18 9 49 43 29 43 12 32 51 45 51 32 9 40 41 40 9 29 30 48 55 42 55 48 50 31 30 12 32 53 18 45 3 40 17 
==============================

====== Algorithm Status ======
Valor:                8796
Time:                 1024003
nIter:                34915
Best Iter:            34915
Improvement Count:    34916
==============================
Solution tour: 
0 17 23 44 17 34 39 54 33 47 54 47 33 54 39 52 
10 13 1 38 37 20 37 21 16 22 45 41 14 41 32 9 18 3 45 9 12 46 12 43 46 48 31 50 55 50 48 46 43 49 12 49 30 31 48 30 49 51 15 28 23 17 44 26 41 26 23 
2 23 26 17 19 17 35 18 9 49 43 29 43 12 32 51 45 51 32 9 40 41 40 9 29 30 48 55 42 55 48 50 31 30 12 32 53 18 45 3 40 17 
==============================

