=========== Input ===========
File name:                ./instances/created-instances/mm-10-10-1767920.cdop
Total node count:         21
Truck node count:         10
Drone node count:         10
=============================

========== Settings ==========
Settings file:        ./settings/Memetic-LS_MPX_1099666.config
Seed:                 1099666
Reduction method:     -
Max iter:             1024000
Population size:      13
Crossover:            MA-MPX
Local Search:         -
Warm Start:           -
==============================

====== Algorithm Status ======
Valor:                2312
Time:                 250
nIter:                765
Best Iter:            765
Improvement Count:    764
==============================
Solution tour: 
0 13 14 
9 19 20 
7 13 19 13 12 
8 19 
1 13 
10 
3 15 20 18 13 
2 16 
4 17 16 
5 
6 20 15 11 
==============================

====== Algorithm Status ======
Valor:                2404
Time:                 500
nIter:                1420
Best Iter:            1420
Improvement Count:    1419
==============================
Solution tour: 
0 13 14 
9 19 20 3 
7 4 12 13 19 
8 19 
1 13 
10 
3 15 20 18 13 
2 16 
4 17 16 
5 
6 20 11 
==============================

====== Algorithm Status ======
Valor:                2437
Time:                 1000
nIter:                2856
Best Iter:            2856
Improvement Count:    2855
==============================
Solution tour: 
0 13 1 14 
9 19 20 3 
7 4 12 13 19 
8 19 
1 13 
10 
3 15 20 18 13 
2 16 
4 17 16 
5 
6 20 11 
==============================

====== Algorithm Status ======
Valor:                2437
Time:                 2000
nIter:                5653
Best Iter:            5653
Improvement Count:    5652
==============================
Solution tour: 
0 13 1 14 
9 19 20 3 
7 4 12 13 19 
8 19 
1 13 
10 
3 15 20 18 13 
2 16 
4 17 16 
5 
6 20 11 
==============================

====== Algorithm Status ======
Valor:                2533
Time:                 4000
nIter:                11290
Best Iter:            11290
Improvement Count:    11289
==============================
Solution tour: 
0 13 1 14 
9 12 19 20 3 1 
7 4 20 19 
8 19 
1 13 
10 
3 15 20 18 13 
2 16 
4 17 16 
5 
6 20 13 18 
==============================

====== Algorithm Status ======
Valor:                2658
Time:                 8000
nIter:                21957
Best Iter:            21957
Improvement Count:    21956
==============================
Solution tour: 
0 13 1 14 
9 12 19 11 20 3 1 
7 4 20 19 
8 7 19 
1 13 
10 
3 20 18 13 
2 16 2 
4 17 16 
5 
6 8 15 13 18 
==============================

====== Algorithm Status ======
Valor:                3063
Time:                 16000
nIter:                40991
Best Iter:            40991
Improvement Count:    40990
==============================
Solution tour: 
0 12 19 
8 7 8 15 11 
7 4 20 19 
4 16 19 
1 14 
9 12 19 20 3 13 3 
10 
3 20 18 13 
2 16 2 
5 
6 20 17 13 18 
==============================

====== Algorithm Status ======
Valor:                3176
Time:                 32000
nIter:                77129
Best Iter:            77129
Improvement Count:    77128
==============================
Solution tour: 
0 12 19 
8 7 8 15 20 11 
7 4 20 19 
4 7 16 19 
1 14 
9 12 19 20 
3 13 3 
10 3 20 18 13 
2 16 2 
5 
6 18 20 17 20 13 18 
==============================

====== Algorithm Status ======
Valor:                3371
Time:                 64000
nIter:                144848
Best Iter:            144848
Improvement Count:    144847
==============================
Solution tour: 
0 12 17 16 7 8 19 20 11 
7 4 20 19 
4 7 16 19 
8 7 
1 14 
9 8 15 20 
3 13 3 
10 3 20 18 13 
2 16 2 5 
6 18 20 17 20 13 18 13 
==============================

====== Algorithm Status ======
Valor:                3371
Time:                 128000
nIter:                269857
Best Iter:            269857
Improvement Count:    269856
==============================
Solution tour: 
0 12 17 16 7 8 19 20 11 
7 4 20 19 
4 7 16 19 
8 7 
1 14 
9 8 15 20 
3 13 3 
10 3 20 18 13 
2 16 2 5 
6 18 20 17 20 13 18 13 
==============================

====== Algorithm Status ======
Valor:                3407
Time:                 256000
nIter:                519711
Best Iter:            519711
Improvement Count:    519710
==============================
Solution tour: 
0 12 17 16 7 8 19 20 11 
7 4 16 19 
4 20 19 
8 7 
1 14 
9 8 15 11 20 
3 13 3 
10 3 20 18 13 
2 16 2 5 
6 18 20 17 20 13 18 13 
==============================

====== Algorithm Status ======
Valor:                3407
Time:                 512000
nIter:                1018937
Best Iter:            1018937
Improvement Count:    1018936
==============================
Solution tour: 
0 12 17 16 7 8 19 20 11 
7 4 16 19 
4 20 19 
8 7 
1 14 
9 8 15 11 20 
3 13 3 
10 3 20 18 13 
2 16 2 5 
6 18 20 17 20 13 18 13 
==============================

====== Algorithm Status ======
Valor:                3407
Time:                 1024001
nIter:                2017529
Best Iter:            2017529
Improvement Count:    2017530
==============================
Solution tour: 
0 12 17 16 7 8 19 20 11 
7 4 16 19 
4 20 19 
8 7 
1 14 
9 8 15 11 20 
3 13 3 
10 3 20 18 13 
2 16 2 5 
6 18 20 17 20 13 18 13 
==============================

====== Algorithm Status ======
Valor:                3407
Time:                 1024001
nIter:                2017529
Best Iter:            2017529
Improvement Count:    2017530
==============================
Solution tour: 
0 12 17 16 7 8 19 20 11 
7 4 16 19 
4 20 19 
8 7 
1 14 
9 8 15 11 20 
3 13 3 
10 3 20 18 13 
2 16 2 5 
6 18 20 17 20 13 18 13 
==============================

