=========== Input ===========
File name:                ./instances/created-instances/mm-5-10-1917698.cdop
Total node count:         16
Truck node count:         5
Drone node count:         10
=============================

========== Settings ==========
Settings file:        ./settings/Memetic-LS_MMX_1287823.config
Seed:                 1287823
Reduction method:     -
Max iter:             1024000
Population size:      13
Crossover:            MA-MMX
Local Search:         -
Warm Start:           -
==============================

====== Algorithm Status ======
Valor:                2607
Time:                 250
nIter:                1146
Best Iter:            1146
Improvement Count:    1145
==============================
Solution tour: 
0 8 
1 8 10 6 3 8 10 12 3 12 10 8 6 8 3 11 3 10 3 14 15 14 6 10 
4 7 13 12 13 
3 
2 3 9 
==============================

====== Algorithm Status ======
Valor:                2611
Time:                 500
nIter:                2328
Best Iter:            2328
Improvement Count:    2327
==============================
Solution tour: 
0 11 12 8 
1 8 10 6 3 8 10 12 3 12 10 8 6 8 3 11 3 10 3 14 15 14 6 10 
4 7 13 12 13 
3 
2 3 9 
==============================

====== Algorithm Status ======
Valor:                2672
Time:                 1000
nIter:                4489
Best Iter:            4489
Improvement Count:    4488
==============================
Solution tour: 
0 11 12 8 
1 8 10 6 8 10 12 3 12 10 8 6 12 11 3 8 3 11 3 10 3 14 15 14 6 10 
4 7 13 12 13 
3 
2 3 9 
==============================

====== Algorithm Status ======
Valor:                2672
Time:                 2000
nIter:                8615
Best Iter:            8615
Improvement Count:    8614
==============================
Solution tour: 
0 11 12 8 
1 8 10 6 8 10 12 3 12 10 8 6 12 11 3 8 3 11 3 10 3 14 15 14 6 10 
4 7 13 12 13 
3 
2 3 9 
==============================

====== Algorithm Status ======
Valor:                2693
Time:                 4000
nIter:                16660
Best Iter:            16660
Improvement Count:    16659
==============================
Solution tour: 
0 11 12 8 
1 8 10 6 8 10 12 3 12 10 8 6 12 11 3 8 3 11 3 10 3 14 15 14 6 10 
4 7 15 13 12 13 
3 
2 3 9 
==============================

====== Algorithm Status ======
Valor:                2728
Time:                 8000
nIter:                32129
Best Iter:            32129
Improvement Count:    32128
==============================
Solution tour: 
0 14 11 12 8 
1 8 6 10 6 8 10 12 3 12 10 8 12 11 3 8 3 11 3 10 3 14 15 14 10 
4 7 13 12 13 
3 
2 3 9 
==============================

====== Algorithm Status ======
Valor:                2911
Time:                 16000
nIter:                60225
Best Iter:            60225
Improvement Count:    60224
==============================
Solution tour: 
0 14 2 11 12 8 
1 8 6 10 6 8 12 3 12 10 12 11 3 8 3 2 3 10 
3 14 15 14 2 14 2 
4 2 7 13 12 13 3 11 
2 9 
==============================

====== Algorithm Status ======
Valor:                2911
Time:                 32000
nIter:                116588
Best Iter:            116588
Improvement Count:    116587
==============================
Solution tour: 
0 14 2 11 12 8 
1 8 6 10 6 8 12 3 12 10 12 11 3 8 3 2 3 10 
3 14 15 14 2 14 2 
4 2 7 13 12 13 3 11 
2 9 
==============================

====== Algorithm Status ======
Valor:                3002
Time:                 64000
nIter:                228276
Best Iter:            228276
Improvement Count:    228275
==============================
Solution tour: 
0 14 0 3 11 1 8 
1 6 10 6 8 6 12 3 12 10 12 11 3 11 3 8 3 2 3 10 
3 14 15 14 2 
4 2 7 2 11 12 13 12 
2 9 
==============================

====== Algorithm Status ======
Valor:                3017
Time:                 128000
nIter:                460685
Best Iter:            460685
Improvement Count:    460684
==============================
Solution tour: 
0 14 0 14 3 11 1 8 
1 6 10 6 8 6 12 3 12 10 12 11 3 8 3 2 3 10 
3 14 15 14 2 
4 2 7 2 11 12 13 12 
2 9 
==============================

====== Algorithm Status ======
Valor:                3106
Time:                 256000
nIter:                903611
Best Iter:            903611
Improvement Count:    903610
==============================
Solution tour: 
0 14 0 9 2 3 11 1 8 
1 6 10 6 8 6 12 3 12 10 12 11 3 8 3 10 3 2 14 15 14 2 
4 2 7 2 11 12 13 12 
2 9 
==============================

====== Algorithm Status ======
Valor:                3106
Time:                 512000
nIter:                1745305
Best Iter:            1745305
Improvement Count:    1745304
==============================
Solution tour: 
0 14 0 9 2 3 11 1 8 
1 6 10 6 8 6 12 3 12 10 12 11 3 8 3 10 3 2 14 15 14 2 
4 2 7 2 11 12 13 12 
2 9 
==============================

====== Algorithm Status ======
Valor:                3106
Time:                 1024001
nIter:                3426077
Best Iter:            3426077
Improvement Count:    3426078
==============================
Solution tour: 
0 14 0 9 2 3 11 1 8 
1 6 10 6 8 6 12 3 12 10 12 11 3 8 3 10 3 2 14 15 14 2 
4 2 7 2 11 12 13 12 
2 9 
==============================

====== Algorithm Status ======
Valor:                3106
Time:                 1024001
nIter:                3426077
Best Iter:            3426077
Improvement Count:    3426078
==============================
Solution tour: 
0 14 0 9 2 3 11 1 8 
1 6 10 6 8 6 12 3 12 10 12 11 3 8 3 10 3 2 14 15 14 2 
4 2 7 2 11 12 13 12 
2 9 
==============================

