=========== Input ===========
File name:                ./instances/created-instances/mm-5-40-1110588.cdop
Total node count:         46
Truck node count:         5
Drone node count:         40
=============================

========== Settings ==========
Settings file:        ./settings/Memetic_MPX_1287823.config
Seed:                 1287823
Reduction method:     -
Max iter:             1024000
Population size:      13
Crossover:            MA-MPX
Local Search:         LS
Warm Start:           -
==============================

====== Algorithm Status ======
Valor:                6363
Time:                 258
nIter:                18
Best Iter:            18
Improvement Count:    17
==============================
Solution tour: 
0 27 20 27 25 44 32 44 26 33 15 40 15 42 15 5 
3 24 3 5 15 33 28 10 28 16 20 6 20 17 34 35 23 34 18 31 4 22 41 39 45 14 12 
1 7 13 30 9 38 11 6 
2 34 17 20 16 28 32 8 37 42 36 41 5 
4 31 45 31 3 43 
==============================

====== Algorithm Status ======
Valor:                6522
Time:                 505
nIter:                43
Best Iter:            43
Improvement Count:    42
==============================
Solution tour: 
0 27 20 27 28 25 44 32 44 26 33 15 40 15 42 15 5 
3 24 3 5 15 33 28 10 28 16 20 6 20 17 34 35 23 35 34 18 31 4 22 4 15 41 39 45 31 30 
1 12 7 13 30 9 38 11 6 
2 17 20 16 28 37 8 37 42 36 41 
4 31 3 43 
==============================

====== Algorithm Status ======
Valor:                6618
Time:                 1009
nIter:                88
Best Iter:            88
Improvement Count:    87
==============================
Solution tour: 
0 27 20 27 28 25 44 32 44 26 42 40 15 42 15 5 
3 24 3 5 15 33 28 10 28 16 20 6 20 17 34 35 23 35 34 18 31 4 22 4 15 41 39 45 31 30 15 
1 12 7 14 13 30 9 38 0 
2 17 20 16 28 37 8 37 42 36 41 
4 3 43 
==============================

====== Algorithm Status ======
Valor:                6628
Time:                 2009
nIter:                153
Best Iter:            153
Improvement Count:    152
==============================
Solution tour: 
0 27 20 27 28 25 44 32 44 26 42 40 15 42 15 5 11 
3 24 3 5 15 33 28 10 28 16 20 6 20 17 34 35 23 35 34 18 31 4 22 4 15 41 39 45 31 30 15 
1 12 7 14 13 30 9 38 0 
2 34 17 20 16 28 37 8 37 42 36 41 15 
4 5 3 43 
==============================

====== Algorithm Status ======
Valor:                6928
Time:                 4024
nIter:                305
Best Iter:            305
Improvement Count:    304
==============================
Solution tour: 
0 27 20 6 28 25 44 32 44 25 28 6 20 27 0 
2 34 17 20 16 28 33 37 8 37 42 36 41 
5 7 41 
4 15 5 3 43 
3 24 3 5 15 33 28 10 28 16 20 17 34 35 23 35 34 18 31 30 13 15 4 41 36 19 22 42 
1 42 15 40 15 13 30 31 45 39 38 9 38 0 
==============================

====== Algorithm Status ======
Valor:                7074
Time:                 8005
nIter:                637
Best Iter:            637
Improvement Count:    636
==============================
Solution tour: 
0 27 20 6 28 25 44 32 44 25 10 16 6 20 27 0 
3 24 3 5 15 33 28 10 28 16 20 17 34 35 23 35 34 18 11 31 30 13 15 4 22 19 22 
1 12 7 36 42 40 15 42 15 13 30 31 45 39 45 31 0 
2 34 17 20 16 28 33 37 8 37 42 37 4 41 36 41 
5 41 
4 15 5 3 43 
==============================

====== Algorithm Status ======
Valor:                7129
Time:                 16008
nIter:                1257
Best Iter:            1257
Improvement Count:    1256
==============================
Solution tour: 
0 27 20 6 28 25 44 32 44 25 10 16 6 20 27 0 
2 34 17 20 16 28 33 37 8 37 42 37 4 41 36 41 
5 41 
4 15 5 3 43 
3 24 3 5 15 33 28 10 28 16 20 17 34 35 23 35 34 18 31 30 13 15 4 36 7 19 22 19 
1 42 40 15 42 15 13 30 31 45 39 45 31 
==============================

====== Algorithm Status ======
Valor:                7129
Time:                 32008
nIter:                2503
Best Iter:            2503
Improvement Count:    2502
==============================
Solution tour: 
0 27 20 6 28 25 44 32 44 25 10 16 6 20 27 0 
2 34 17 20 16 28 33 37 8 37 42 37 4 41 36 41 
5 41 
4 15 5 3 43 
3 24 3 5 15 33 28 10 28 16 20 17 34 35 23 35 34 18 31 30 13 15 4 36 7 19 22 19 
1 42 40 15 42 15 13 30 31 45 39 45 31 
==============================

====== Algorithm Status ======
Valor:                7141
Time:                 64007
nIter:                4629
Best Iter:            4629
Improvement Count:    4628
==============================
Solution tour: 
0 27 20 6 28 25 44 32 44 25 10 16 6 20 27 0 
2 34 17 20 16 28 33 37 8 37 42 37 4 41 36 41 
5 41 4 15 5 
3 24 3 5 15 33 28 10 28 16 20 17 34 35 23 35 34 18 11 31 30 13 15 4 36 12 7 19 22 19 
1 42 40 15 42 15 13 30 31 45 39 45 31 18 43 
==============================

====== Algorithm Status ======
Valor:                7172
Time:                 128000
nIter:                8871
Best Iter:            8871
Improvement Count:    8870
==============================
Solution tour: 
0 27 20 6 28 25 44 32 44 25 10 16 6 20 27 0 
2 34 17 20 16 28 33 37 8 37 42 37 15 4 41 36 41 
5 41 4 15 5 
3 24 3 5 15 33 28 10 28 16 20 17 34 35 23 35 34 18 11 31 30 13 15 40 7 19 22 19 
1 42 40 15 42 15 13 30 31 45 39 45 31 3 43 
==============================

====== Algorithm Status ======
Valor:                7172
Time:                 256010
nIter:                17457
Best Iter:            17457
Improvement Count:    17456
==============================
Solution tour: 
0 27 20 6 28 25 44 32 44 25 10 16 6 20 27 0 
2 34 17 20 16 28 33 37 8 37 42 37 15 4 41 36 41 
5 41 4 15 5 
3 24 3 5 15 33 28 10 28 16 20 17 34 35 23 35 34 18 11 31 30 13 15 40 7 19 22 19 
1 42 40 15 42 15 13 30 31 45 39 45 31 3 43 
==============================

====== Algorithm Status ======
Valor:                7226
Time:                 512002
nIter:                32406
Best Iter:            32406
Improvement Count:    32405
==============================
Solution tour: 
0 27 20 35 20 6 28 25 44 32 44 25 10 28 6 16 6 20 27 0 
2 34 17 20 16 28 33 37 8 37 42 37 15 4 15 41 36 41 5 
3 24 3 5 15 33 28 10 28 16 20 17 34 35 23 35 34 18 31 30 13 15 40 7 19 22 19 
1 42 40 15 42 15 13 30 31 45 39 45 31 3 43 
==============================

====== Algorithm Status ======
Valor:                7240
Time:                 1024001
nIter:                62998
Best Iter:            62998
Improvement Count:    62999
==============================
Solution tour: 
0 27 20 35 20 6 28 10 25 44 32 44 25 10 28 6 16 6 20 27 0 
2 34 17 20 16 28 33 37 8 37 42 37 15 4 15 5 41 36 41 5 
3 24 3 5 15 33 28 10 28 16 20 17 34 35 23 35 34 18 11 31 30 13 15 40 7 19 22 19 
1 42 40 15 42 15 13 30 31 45 39 45 31 11 
==============================

====== Algorithm Status ======
Valor:                7240
Time:                 1024001
nIter:                62998
Best Iter:            62998
Improvement Count:    62999
==============================
Solution tour: 
0 27 20 35 20 6 28 10 25 44 32 44 25 10 28 6 16 6 20 27 0 
2 34 17 20 16 28 33 37 8 37 42 37 15 4 15 5 41 36 41 5 
3 24 3 5 15 33 28 10 28 16 20 17 34 35 23 35 34 18 11 31 30 13 15 40 7 19 22 19 
1 42 40 15 42 15 13 30 31 45 39 45 31 11 
==============================

