=========== Input ===========
File name:                ./instances/created-instances/mm-10-40-1762875.cdop
Total node count:         51
Truck node count:         10
Drone node count:         40
=============================

========== Settings ==========
Settings file:        ./settings/Memetic-LS_MMX_1881515.config
Seed:                 1881515
Reduction method:     -
Max iter:             1024000
Population size:      13
Crossover:            MA-MMX
Local Search:         -
Warm Start:           -
==============================

====== Algorithm Status ======
Valor:                1986
Time:                 250
nIter:                280
Best Iter:            280
Improvement Count:    279
==============================
Solution tour: 
0 33 43 
7 39 5 
8 48 28 
5 
9 40 
10 20 
1 31 
6 26 47 48 
==============================

====== Algorithm Status ======
Valor:                2214
Time:                 503
nIter:                575
Best Iter:            575
Improvement Count:    574
==============================
Solution tour: 
0 33 43 21 
7 39 5 39 48 
8 28 
5 
9 40 
10 20 
1 31 14 26 14 47 48 
==============================

====== Algorithm Status ======
Valor:                3165
Time:                 1000
nIter:                1091
Best Iter:            1091
Improvement Count:    1090
==============================
Solution tour: 
0 23 
4 21 43 33 
7 39 5 39 
8 48 47 13 47 39 47 39 22 31 40 31 45 31 45 
5 28 31 24 31 18 26 18 35 
==============================

====== Algorithm Status ======
Valor:                3799
Time:                 2000
nIter:                2086
Best Iter:            2086
Improvement Count:    2085
==============================
Solution tour: 
0 14 
4 43 33 25 21 25 33 22 33 25 22 47 39 47 48 47 13 47 46 40 31 45 31 40 
5 28 18 26 42 26 24 26 18 42 18 42 35 
==============================

====== Algorithm Status ======
Valor:                4042
Time:                 4000
nIter:                3944
Best Iter:            3944
Improvement Count:    3943
==============================
Solution tour: 
0 23 14 
4 43 33 25 21 25 33 22 33 25 22 47 39 47 48 13 5 13 47 46 31 24 31 40 31 45 
5 28 18 26 42 26 24 26 18 42 18 42 35 
==============================

====== Algorithm Status ======
Valor:                4428
Time:                 8007
nIter:                7385
Best Iter:            7385
Improvement Count:    7384
==============================
Solution tour: 
0 11 
8 43 23 43 14 43 14 
4 21 22 33 25 33 25 46 47 39 47 48 47 13 5 13 47 22 31 24 31 40 31 45 30 
5 28 16 42 26 24 26 42 35 
==============================

====== Algorithm Status ======
Valor:                4748
Time:                 16005
nIter:                13710
Best Iter:            13710
Improvement Count:    13709
==============================
Solution tour: 
0 
6 37 43 23 43 14 43 23 43 14 43 14 
4 21 33 22 34 38 34 22 33 25 33 5 46 39 5 39 47 48 47 13 5 13 47 22 31 24 31 40 31 45 30 45 30 
5 16 42 26 24 16 24 26 42 35 
==============================

====== Algorithm Status ======
Valor:                4934
Time:                 32007
nIter:                25464
Best Iter:            25464
Improvement Count:    25463
==============================
Solution tour: 
0 
6 37 43 23 43 14 43 23 14 43 14 
4 21 33 22 34 38 34 22 33 25 33 5 46 5 39 5 39 47 48 47 13 5 13 22 45 31 24 31 40 31 15 30 45 30 
5 19 20 26 20 40 24 16 24 26 42 35 
==============================

====== Algorithm Status ======
Valor:                5313
Time:                 64001
nIter:                48200
Best Iter:            48200
Improvement Count:    48199
==============================
Solution tour: 
0 
6 14 43 23 43 44 43 36 44 37 43 14 
4 21 33 22 34 38 34 22 33 32 5 46 5 39 5 13 47 48 47 13 19 22 45 31 24 31 40 31 15 31 15 30 45 30 12 
5 19 20 26 24 16 24 40 
3 24 26 42 35 
==============================

====== Algorithm Status ======
Valor:                5432
Time:                 128005
nIter:                93227
Best Iter:            93227
Improvement Count:    93226
==============================
Solution tour: 
0 
6 14 43 23 43 44 43 36 44 37 43 14 
4 21 34 38 34 22 33 32 5 46 5 39 5 13 47 48 47 13 5 13 19 22 45 31 24 31 40 31 15 31 15 30 45 30 12 
5 19 20 26 24 16 24 40 
3 24 26 18 42 35 
==============================

====== Algorithm Status ======
Valor:                5814
Time:                 256000
nIter:                180231
Best Iter:            180231
Improvement Count:    180230
==============================
Solution tour: 
0 
6 42 43 42 23 43 44 36 44 43 14 43 
4 21 22 34 38 34 22 33 32 5 46 5 39 5 13 47 39 47 48 47 13 5 15 31 24 31 40 31 15 37 15 30 45 30 
5 19 20 26 24 16 24 40 
3 37 18 17 18 42 35 
==============================

====== Algorithm Status ======
Valor:                5864
Time:                 512000
nIter:                351235
Best Iter:            351235
Improvement Count:    351234
==============================
Solution tour: 
0 
6 42 43 42 23 43 44 36 44 43 14 43 
4 21 33 22 34 38 34 22 33 32 5 46 5 39 5 13 47 39 47 48 47 13 5 31 24 31 40 31 15 37 15 30 45 30 12 
5 19 20 26 24 15 24 16 24 40 
3 37 18 17 18 42 35 
==============================

====== Algorithm Status ======
Valor:                6062
Time:                 1024001
nIter:                689447
Best Iter:            689447
Improvement Count:    689448
==============================
Solution tour: 
0 
6 42 43 42 23 43 44 36 44 43 14 43 
4 21 33 22 34 38 34 22 33 32 5 46 5 39 5 13 47 39 47 48 47 13 5 31 24 31 40 31 15 37 15 30 45 30 
5 12 19 32 12 32 24 16 24 26 24 16 
3 16 17 29 17 18 42 35 
==============================

====== Algorithm Status ======
Valor:                6062
Time:                 1024001
nIter:                689447
Best Iter:            689447
Improvement Count:    689448
==============================
Solution tour: 
0 
6 42 43 42 23 43 44 36 44 43 14 43 
4 21 33 22 34 38 34 22 33 32 5 46 5 39 5 13 47 39 47 48 47 13 5 31 24 31 40 31 15 37 15 30 45 30 
5 12 19 32 12 32 24 16 24 26 24 16 
3 16 17 29 17 18 42 35 
==============================

