=========== Input ===========
File name:                ./instances/created-instances/mm-25-10-1917698.cdop
Total node count:         36
Truck node count:         25
Drone node count:         10
=============================

========== Settings ==========
Settings file:        ./settings/Memetic_MPX_1881515.config
Seed:                 1881515
Reduction method:     -
Max iter:             1024000
Population size:      13
Crossover:            MA-MPX
Local Search:         LS
Warm Start:           -
==============================

====== Algorithm Status ======
Valor:                3860
Time:                 253
nIter:                41
Best Iter:            41
Improvement Count:    40
==============================
Solution tour: 
0 26 2 26 
3 14 31 14 
19 
17 13 17 19 0 2 0 29 0 
8 
7 19 31 9 
15 3 
25 14 3 34 6 22 
23 
22 1 25 35 32 28 30 5 
24 5 30 28 32 
9 32 33 
12 9 31 
6 34 
16 25 3 26 
==============================

====== Algorithm Status ======
Valor:                3930
Time:                 506
nIter:                86
Best Iter:            86
Improvement Count:    85
==============================
Solution tour: 
0 26 2 26 29 31 
14 3 14 31 
4 35 12 34 6 
22 23 22 25 32 33 28 30 
24 30 28 32 28 33 34 22 
1 22 6 34 12 18 
2 
18 31 
3 25 3 
19 31 
13 31 
9 32 33 
12 
15 10 17 13 
10 13 
17 19 4 29 26 0 29 
==============================

====== Algorithm Status ======
Valor:                3930
Time:                 1004
nIter:                172
Best Iter:            172
Improvement Count:    171
==============================
Solution tour: 
0 26 2 26 29 31 
14 3 14 31 
4 35 12 34 6 
22 23 22 25 32 33 28 30 
24 30 28 32 28 33 34 22 
1 22 6 34 12 18 
2 
18 31 
3 25 3 
19 31 
13 31 
9 32 33 
12 
15 10 17 13 
10 13 
17 19 4 29 26 0 29 
==============================

====== Algorithm Status ======
Valor:                4194
Time:                 2004
nIter:                339
Best Iter:            339
Improvement Count:    338
==============================
Solution tour: 
0 26 2 
18 2 26 0 8 
7 
11 2 0 29 18 29 
4 19 31 14 13 
17 13 10 13 
1 25 3 
14 3 6 34 
6 22 1 25 1 
22 
3 14 31 29 31 2 35 9 32 24 5 28 30 
21 5 30 
24 
5 24 30 28 32 28 33 28 32 9 31 3 
25 13 17 19 17 29 
==============================

====== Algorithm Status ======
Valor:                4194
Time:                 4001
nIter:                666
Best Iter:            666
Improvement Count:    665
==============================
Solution tour: 
0 26 2 
18 2 26 0 8 
7 
11 2 0 29 18 29 
4 19 31 14 13 
17 13 10 13 
1 25 3 
14 3 6 34 
6 22 1 25 1 
22 
3 14 31 29 31 2 35 9 32 24 5 28 30 
21 5 30 
24 
5 24 30 28 32 28 33 28 32 9 31 3 
25 13 17 19 17 29 
==============================

====== Algorithm Status ======
Valor:                4194
Time:                 8002
nIter:                1332
Best Iter:            1332
Improvement Count:    1331
==============================
Solution tour: 
0 26 2 
18 2 26 0 8 
7 
11 2 0 29 18 29 
4 19 31 14 13 
17 13 10 13 
1 25 3 
14 3 6 34 
6 22 1 25 1 
22 
3 14 31 29 31 2 35 9 32 24 5 28 30 
21 5 30 
24 
5 24 30 28 32 28 33 28 32 9 31 3 
25 13 17 19 17 29 
==============================

====== Algorithm Status ======
Valor:                4194
Time:                 16002
nIter:                2667
Best Iter:            2667
Improvement Count:    2666
==============================
Solution tour: 
0 26 2 
18 2 26 0 8 
7 
11 2 0 29 18 29 
4 19 31 14 13 
17 13 10 13 
1 25 3 
14 3 6 34 
6 22 1 25 1 
22 
3 14 31 29 31 2 35 9 32 24 5 28 30 
21 5 30 
24 
5 24 30 28 32 28 33 28 32 9 31 3 
25 13 17 19 17 29 
==============================

====== Algorithm Status ======
Valor:                4194
Time:                 32000
nIter:                5343
Best Iter:            5343
Improvement Count:    5342
==============================
Solution tour: 
0 26 2 
18 2 26 0 8 
7 
11 2 0 29 18 29 
4 19 31 14 13 
17 13 10 13 
1 25 3 
14 3 6 34 
6 22 1 25 1 
22 
3 14 31 29 31 2 35 9 32 24 5 28 30 
21 5 30 
24 
5 24 30 28 32 28 33 28 32 9 31 3 
25 13 17 19 17 29 
==============================

====== Algorithm Status ======
Valor:                4194
Time:                 64001
nIter:                10749
Best Iter:            10749
Improvement Count:    10748
==============================
Solution tour: 
0 26 2 
18 2 26 0 8 
7 
11 2 0 29 18 29 
4 19 31 14 13 
17 13 10 13 
1 25 3 
14 3 6 34 
6 22 1 25 1 
22 
3 14 31 29 31 2 35 9 32 24 5 28 30 
21 5 30 
24 
5 24 30 28 32 28 33 28 32 9 31 3 
25 13 17 19 17 29 
==============================

====== Algorithm Status ======
Valor:                4215
Time:                 128000
nIter:                21637
Best Iter:            21637
Improvement Count:    21636
==============================
Solution tour: 
0 29 0 26 2 
18 2 26 0 19 
13 
17 19 4 35 
2 34 6 23 22 
1 22 
6 3 31 13 
25 3 25 35 12 33 32 9 32 28 33 28 32 28 30 
5 30 
24 30 
21 5 18 31 29 31 14 3 
14 31 9 
12 
9 31 19 17 13 
10 13 17 19 
==============================

====== Algorithm Status ======
Valor:                4215
Time:                 256002
nIter:                42765
Best Iter:            42765
Improvement Count:    42764
==============================
Solution tour: 
0 29 0 26 2 
18 2 26 0 19 
13 
17 19 4 35 
2 34 6 23 22 
1 22 
6 3 31 13 
25 3 25 35 12 33 32 9 32 28 33 28 32 28 30 
5 30 
24 30 
21 5 18 31 29 31 14 3 
14 31 9 
12 
9 31 19 17 13 
10 13 17 19 
==============================

====== Algorithm Status ======
Valor:                4311
Time:                 512003
nIter:                86040
Best Iter:            86040
Improvement Count:    86039
==============================
Solution tour: 
0 29 31 14 3 14 31 9 
22 25 3 
25 35 
12 33 34 6 22 
1 17 13 10 
13 31 
19 31 29 0 26 
2 18 9 32 28 30 
5 30 
24 30 28 32 9 31 14 13 
17 19 
4 29 
18 2 26 
3 
15 23 22 
6 3 31 3 26 
==============================

====== Algorithm Status ======
Valor:                4405
Time:                 1024007
nIter:                173305
Best Iter:            173305
Improvement Count:    173306
==============================
Solution tour: 
0 29 31 14 3 31 9 26 0 4 1 22 
23 
16 23 
22 25 3 
25 35 
12 33 12 34 6 22 
1 13 17 13 10 
13 31 
19 31 29 0 26 3 
14 31 18 2 26 
2 18 9 32 28 30 
5 30 
24 30 28 32 9 31 3 26 29 
17 19 17 
==============================

====== Algorithm Status ======
Valor:                4405
Time:                 1024007
nIter:                173305
Best Iter:            173305
Improvement Count:    173306
==============================
Solution tour: 
0 29 31 14 3 31 9 26 0 4 1 22 
23 
16 23 
22 25 3 
25 35 
12 33 12 34 6 22 
1 13 17 13 10 
13 31 
19 31 29 0 26 3 
14 31 18 2 26 
2 18 9 32 28 30 
5 30 
24 30 28 32 9 31 3 26 29 
17 19 17 
==============================

