=========== Input ===========
File name:                ./instances/created-instances/mm-20-10-1110588.cdop
Total node count:         31
Truck node count:         20
Drone node count:         10
=============================

========== Settings ==========
Settings file:        ./settings/Memetic_MMX_1287823.config
Seed:                 1287823
Reduction method:     -
Max iter:             1024000
Population size:      13
Crossover:            MA-MMX
Local Search:         LS
Warm Start:           -
==============================

====== Algorithm Status ======
Valor:                3765
Time:                 251
nIter:                61
Best Iter:            61
Improvement Count:    60
==============================
Solution tour: 
0 19 25 19 22 5 4 12 8 20 4 18 4 8 12 4 20 28 10 28 20 4 5 14 
5 29 27 26 24 2 24 23 25 30 25 
6 25 5 30 5 15 11 15 11 10 20 4 20 18 20 3 
==============================

====== Algorithm Status ======
Valor:                3817
Time:                 500
nIter:                123
Best Iter:            123
Improvement Count:    122
==============================
Solution tour: 
0 19 25 19 22 30 5 4 12 8 18 12 20 4 18 4 8 12 4 20 28 10 28 20 4 5 14 
5 29 2 24 2 23 6 25 30 25 5 15 11 15 11 10 20 18 20 3 0 13 27 29 23 25 6 
==============================

====== Algorithm Status ======
Valor:                3916
Time:                 1001
nIter:                253
Best Iter:            253
Improvement Count:    252
==============================
Solution tour: 
0 19 25 19 22 30 5 4 12 9 12 1 4 18 4 8 12 4 20 28 10 28 20 4 5 14 
5 29 2 24 2 23 6 25 30 25 5 15 11 15 11 10 20 18 20 3 0 13 27 29 23 25 6 
==============================

====== Algorithm Status ======
Valor:                3916
Time:                 2001
nIter:                517
Best Iter:            517
Improvement Count:    516
==============================
Solution tour: 
0 19 25 19 22 30 5 4 12 9 12 1 4 18 4 8 12 4 20 28 10 28 20 4 5 14 
5 29 2 24 2 23 6 25 30 25 5 15 11 15 11 10 20 18 20 3 0 13 27 29 23 25 6 
==============================

====== Algorithm Status ======
Valor:                3937
Time:                 4003
nIter:                1046
Best Iter:            1046
Improvement Count:    1045
==============================
Solution tour: 
0 3 25 19 22 30 5 4 18 12 9 12 8 1 8 4 12 18 4 8 12 4 20 28 10 28 20 4 5 14 
5 29 2 24 6 25 30 22 19 25 5 15 11 15 11 10 20 18 20 3 0 13 27 29 23 25 6 
==============================

====== Algorithm Status ======
Valor:                4078
Time:                 8000
nIter:                2012
Best Iter:            2012
Improvement Count:    2011
==============================
Solution tour: 
0 3 5 25 19 22 30 5 4 20 4 18 20 18 12 8 12 17 12 9 
12 18 4 12 4 20 28 5 14 
5 29 27 29 2 24 2 29 23 6 25 6 23 25 30 22 19 25 10 11 15 11 10 28 20 3 
==============================

====== Algorithm Status ======
Valor:                4192
Time:                 16003
nIter:                3901
Best Iter:            3901
Improvement Count:    3900
==============================
Solution tour: 
0 3 5 25 17 28 17 10 20 4 18 20 18 12 8 12 17 12 9 
12 18 4 12 4 20 28 5 14 
5 29 2 24 2 29 27 29 23 25 6 25 19 22 30 22 19 25 5 28 10 11 15 11 10 28 20 3 
==============================

====== Algorithm Status ======
Valor:                4220
Time:                 32003
nIter:                7674
Best Iter:            7674
Improvement Count:    7673
==============================
Solution tour: 
0 3 20 4 5 25 17 28 17 20 4 18 20 18 12 8 12 17 12 9 
12 18 4 12 4 20 28 5 14 
5 29 2 24 2 29 27 29 23 25 6 25 19 22 30 22 19 25 5 28 10 11 15 11 10 28 20 3 
==============================

====== Algorithm Status ======
Valor:                4325
Time:                 64003
nIter:                15122
Best Iter:            15122
Improvement Count:    15121
==============================
Solution tour: 
0 3 20 4 8 4 18 20 18 12 8 12 17 12 9 
12 18 4 12 4 20 28 17 28 5 14 
5 25 23 29 2 24 2 29 27 29 23 25 19 22 30 22 19 25 6 25 5 28 10 11 15 11 10 28 20 3 
==============================

====== Algorithm Status ======
Valor:                4325
Time:                 128003
nIter:                29216
Best Iter:            29216
Improvement Count:    29215
==============================
Solution tour: 
0 3 20 4 8 4 18 20 18 12 8 12 17 12 9 
12 18 4 12 4 20 28 17 28 5 14 
5 25 23 29 2 24 2 29 27 29 23 25 19 22 30 22 19 25 6 25 5 28 10 11 15 11 
10 28 20 
3 
==============================

====== Algorithm Status ======
Valor:                4325
Time:                 256001
nIter:                56616
Best Iter:            56616
Improvement Count:    56615
==============================
Solution tour: 
0 3 20 4 8 4 18 20 18 12 8 12 17 12 9 
12 18 4 12 4 20 28 17 28 5 14 
5 25 23 29 2 24 2 29 27 29 23 25 19 22 30 22 19 25 6 25 5 28 10 11 15 11 
10 28 20 
3 
==============================

====== Algorithm Status ======
Valor:                4325
Time:                 512001
nIter:                111742
Best Iter:            111742
Improvement Count:    111741
==============================
Solution tour: 
0 3 20 4 8 4 18 20 18 12 8 12 17 12 9 
12 18 4 12 4 20 28 17 28 5 14 
5 25 23 29 2 24 2 29 27 29 23 25 19 22 30 22 19 25 6 25 5 28 10 11 15 11 
10 28 20 
3 
==============================

====== Algorithm Status ======
Valor:                4325
Time:                 1024003
nIter:                221929
Best Iter:            221929
Improvement Count:    221930
==============================
Solution tour: 
0 3 20 4 8 4 18 20 18 12 8 12 17 12 9 
12 18 4 12 4 20 28 17 28 5 14 
5 25 23 29 2 24 2 29 27 29 23 25 19 22 30 22 19 25 6 25 5 28 10 11 15 11 
10 28 20 
3 
==============================

====== Algorithm Status ======
Valor:                4325
Time:                 1024003
nIter:                221929
Best Iter:            221929
Improvement Count:    221930
==============================
Solution tour: 
0 3 20 4 8 4 18 20 18 12 8 12 17 12 9 
12 18 4 12 4 20 28 17 28 5 14 
5 25 23 29 2 24 2 29 27 29 23 25 19 22 30 22 19 25 6 25 5 28 10 11 15 11 
10 28 20 
3 
==============================

