=========== Input ===========
File name:                ./instances/created-instances/mm-20-10-1891798.cdop
Total node count:         31
Truck node count:         20
Drone node count:         10
=============================

========== Settings ==========
Settings file:        ./settings/Memetic_MPX_1881515.config
Seed:                 1881515
Reduction method:     -
Max iter:             1024000
Population size:      13
Crossover:            MA-MPX
Local Search:         LS
Warm Start:           -
==============================

====== Algorithm Status ======
Valor:                3997
Time:                 253
nIter:                56
Best Iter:            56
Improvement Count:    55
==============================
Solution tour: 
0 7 23 
7 28 6 25 6 11 4 
16 4 
9 
20 9 22 18 
3 18 1 22 
1 18 
4 9 19 24 
5 8 
12 8 5 24 
11 22 20 
2 9 4 
15 29 21 27 26 21 29 15 
14 15 
6 9 24 
==============================

====== Algorithm Status ======
Valor:                3997
Time:                 502
nIter:                105
Best Iter:            105
Improvement Count:    104
==============================
Solution tour: 
0 7 23 
7 28 6 25 6 11 4 
16 4 
9 
20 9 22 18 
3 18 1 22 
1 18 
4 9 19 24 
5 8 
12 8 5 24 
11 22 20 
2 9 4 
15 29 21 27 26 21 29 15 
14 15 
6 9 24 
==============================

====== Algorithm Status ======
Valor:                4097
Time:                 1000
nIter:                211
Best Iter:            211
Improvement Count:    210
==============================
Solution tour: 
0 7 23 
7 28 6 25 6 11 4 
16 4 
9 
20 9 22 11 18 
3 18 1 22 
1 18 
4 9 19 24 
5 8 
12 8 5 24 
11 22 20 
2 9 4 
15 29 21 27 26 21 29 15 
14 15 
6 9 24 
==============================

====== Algorithm Status ======
Valor:                4097
Time:                 2005
nIter:                418
Best Iter:            418
Improvement Count:    417
==============================
Solution tour: 
0 7 23 
7 28 6 25 6 11 4 
16 4 
9 
20 9 22 11 18 
3 18 1 22 
1 18 
4 9 19 24 
5 8 
12 8 5 24 
11 22 20 
2 9 4 
15 29 21 27 26 21 29 15 
14 15 
6 9 24 
==============================

====== Algorithm Status ======
Valor:                4154
Time:                 4001
nIter:                830
Best Iter:            830
Improvement Count:    829
==============================
Solution tour: 
0 24 
19 24 9 22 30 22 
2 9 24 5 8 
12 8 
5 24 6 25 6 28 
7 23 7 28 
8 9 4 16 
20 
9 2 10 2 20 
13 20 24 0 15 29 27 26 21 29 
15 29 
6 9 20 22 18 
3 18 
1 22 11 22 20 
==============================

====== Algorithm Status ======
Valor:                4154
Time:                 8000
nIter:                1650
Best Iter:            1650
Improvement Count:    1649
==============================
Solution tour: 
0 24 
19 24 9 22 30 22 
2 9 24 5 8 
12 8 
5 24 6 25 6 28 
7 23 7 28 
8 9 4 16 
20 
9 2 10 2 20 
13 20 24 0 15 29 27 26 21 29 
15 29 
6 9 20 22 18 
3 18 
1 22 11 22 20 
==============================

====== Algorithm Status ======
Valor:                4154
Time:                 16002
nIter:                3277
Best Iter:            3277
Improvement Count:    3276
==============================
Solution tour: 
0 24 
19 24 9 22 30 22 
2 9 24 5 8 
12 8 
5 24 6 25 6 28 
7 23 7 28 
8 9 4 16 
20 
9 2 10 2 20 
13 20 24 0 15 29 27 26 21 29 
15 29 
6 9 20 22 18 
3 18 
1 22 11 22 20 
==============================

====== Algorithm Status ======
Valor:                4154
Time:                 32003
nIter:                6448
Best Iter:            6448
Improvement Count:    6447
==============================
Solution tour: 
0 24 
19 24 9 22 30 22 
2 9 24 5 8 
12 8 
5 24 6 25 6 28 
7 23 7 28 
8 9 4 16 
20 
9 2 10 2 20 
13 20 24 0 15 29 27 26 21 29 
15 29 
6 9 20 22 18 
3 18 
1 22 11 22 20 
==============================

====== Algorithm Status ======
Valor:                4362
Time:                 64001
nIter:                13147
Best Iter:            13147
Improvement Count:    13146
==============================
Solution tour: 
0 
13 20 10 2 9 
6 25 6 11 22 1 
18 3 18 4 9 6 9 24 5 
8 20 9 20 2 
10 20 
16 4 16 
12 8 
5 24 8 28 
7 23 7 28 8 12 15 
14 15 29 15 5 
17 27 26 21 26 15 
2 
20 22 11 24 
==============================

====== Algorithm Status ======
Valor:                4362
Time:                 128001
nIter:                27016
Best Iter:            27016
Improvement Count:    27015
==============================
Solution tour: 
0 
13 20 10 2 9 
6 25 6 11 22 1 
18 3 18 4 9 6 9 24 5 
8 20 9 20 2 
10 20 
16 4 16 
12 8 
5 24 8 28 
7 23 7 28 8 12 15 
14 15 29 15 5 
17 27 26 21 26 15 
2 
20 22 11 24 
==============================

====== Algorithm Status ======
Valor:                4362
Time:                 256002
nIter:                54671
Best Iter:            54671
Improvement Count:    54670
==============================
Solution tour: 
0 
13 20 10 2 9 
6 25 6 11 22 1 
18 3 18 4 9 6 9 24 5 
8 20 9 20 2 
10 20 
16 4 16 
12 8 
5 24 8 28 
7 23 7 28 8 12 15 
14 15 29 15 5 
17 27 26 21 26 15 
2 
20 22 11 24 
==============================

====== Algorithm Status ======
Valor:                4362
Time:                 512004
nIter:                109633
Best Iter:            109633
Improvement Count:    109632
==============================
Solution tour: 
0 
13 20 10 2 9 
6 25 6 11 22 1 
18 3 18 4 9 6 9 24 5 
8 20 9 20 2 
10 20 
16 4 16 
12 8 
5 24 8 28 
7 23 7 28 8 12 15 
14 15 29 15 5 
17 27 26 21 26 15 
2 
20 22 11 24 
==============================

====== Algorithm Status ======
Valor:                4420
Time:                 1024003
nIter:                216656
Best Iter:            216656
Improvement Count:    216657
==============================
Solution tour: 
0 
13 20 10 2 9 11 
6 25 6 11 22 1 
18 3 18 4 9 6 9 24 5 
8 20 9 20 2 
10 20 
16 4 16 20 
9 4 15 
5 24 12 8 28 
7 23 7 28 8 12 15 
14 15 29 15 5 
17 27 26 21 26 15 
2 
20 22 11 24 
==============================

====== Algorithm Status ======
Valor:                4420
Time:                 1024003
nIter:                216656
Best Iter:            216656
Improvement Count:    216657
==============================
Solution tour: 
0 
13 20 10 2 9 11 
6 25 6 11 22 1 
18 3 18 4 9 6 9 24 5 
8 20 9 20 2 
10 20 
16 4 16 20 
9 4 15 
5 24 12 8 28 
7 23 7 28 8 12 15 
14 15 29 15 5 
17 27 26 21 26 15 
2 
20 22 11 24 
==============================

