=========== Input ===========
File name:                ./instances/created-instances/mm-5-40-1110588.cdop
Total node count:         46
Truck node count:         5
Drone node count:         40
=============================

========== Settings ==========
Settings file:        ./settings/Memetic_MMX_1287823.config
Seed:                 1287823
Reduction method:     -
Max iter:             1024000
Population size:      13
Crossover:            MA-MMX
Local Search:         LS
Warm Start:           -
==============================

====== Algorithm Status ======
Valor:                6201
Time:                 256
nIter:                20
Best Iter:            20
Improvement Count:    19
==============================
Solution tour: 
0 27 6 20 6 28 10 20 10 28 33 31 45 39 9 38 39 45 31 37 8 32 44 25 8 16 20 27 20 17 34 3 24 3 45 14 7 40 15 42 22 19 22 
1 36 41 5 24 34 35 23 3 5 4 15 41 4 5 
3 21 34 17 20 16 28 10 26 42 37 15 30 13 30 31 18 43 27 
==============================

====== Algorithm Status ======
Valor:                6533
Time:                 504
nIter:                38
Best Iter:            38
Improvement Count:    37
==============================
Solution tour: 
0 27 20 17 34 16 6 11 3 24 5 3 
5 15 
4 3 18 34 43 23 34 24 3 35 34 35 20 6 20 10 28 10 20 10 28 33 15 40 15 5 31 45 39 38 9 38 39 45 31 37 8 32 44 25 28 16 20 35 
3 43 21 3 34 17 20 16 28 10 26 42 37 41 15 30 13 30 31 30 31 18 27 
==============================

====== Algorithm Status ======
Valor:                6976
Time:                 1009
nIter:                116
Best Iter:            116
Improvement Count:    115
==============================
Solution tour: 
0 27 20 17 34 17 34 17 20 16 6 11 33 28 16 20 6 35 6 20 6 16 28 10 25 44 32 44 25 10 20 10 28 6 20 27 34 3 29 38 9 38 45 39 45 31 11 
3 43 21 23 35 3 24 3 35 34 35 20 28 10 26 42 37 42 36 41 36 4 15 30 13 30 15 42 15 40 15 4 31 30 31 37 8 37 20 35 
==============================

====== Algorithm Status ======
Valor:                7083
Time:                 2006
nIter:                212
Best Iter:            212
Improvement Count:    211
==============================
Solution tour: 
0 27 20 17 34 18 11 33 28 16 20 16 6 35 6 20 6 16 28 10 25 44 32 44 26 10 28 6 20 27 34 3 29 38 9 38 45 39 45 31 11 
3 43 21 23 35 3 24 3 35 34 35 20 28 10 26 42 37 42 36 41 36 4 15 30 13 30 15 42 15 40 15 4 31 30 31 37 8 37 6 20 35 
==============================

====== Algorithm Status ======
Valor:                7083
Time:                 4004
nIter:                401
Best Iter:            401
Improvement Count:    400
==============================
Solution tour: 
0 27 20 17 34 18 11 33 28 16 20 16 6 35 6 20 6 16 28 10 25 44 32 44 26 10 28 6 20 27 34 3 29 38 9 38 45 39 45 31 11 
3 43 21 23 35 3 24 3 35 34 35 20 28 10 26 42 37 42 36 41 36 4 15 30 13 30 15 42 15 40 15 4 31 30 31 37 8 37 6 20 35 
==============================

====== Algorithm Status ======
Valor:                7113
Time:                 8006
nIter:                748
Best Iter:            748
Improvement Count:    747
==============================
Solution tour: 
0 27 20 17 34 18 11 33 28 16 20 16 6 20 6 16 28 10 25 44 32 44 26 10 28 20 27 0 3 34 3 29 38 9 38 45 39 45 31 11 
3 43 21 23 35 3 24 3 35 34 35 20 10 26 42 37 42 36 41 36 4 15 13 30 13 15 42 15 40 15 4 31 30 31 37 8 37 6 20 35 
==============================

====== Algorithm Status ======
Valor:                7251
Time:                 16008
nIter:                1488
Best Iter:            1488
Improvement Count:    1487
==============================
Solution tour: 
0 27 20 17 34 18 11 33 42 26 44 25 44 32 44 26 10 28 16 20 27 0 3 24 34 24 3 29 38 9 38 39 30 31 45 39 45 31 
3 35 34 35 20 6 20 16 28 10 26 42 37 42 36 41 36 4 15 13 30 13 15 42 15 40 15 4 31 30 31 37 8 37 6 20 35 23 21 23 43 
==============================

====== Algorithm Status ======
Valor:                7300
Time:                 32009
nIter:                3006
Best Iter:            3006
Improvement Count:    3005
==============================
Solution tour: 
0 27 20 17 34 17 34 18 11 33 42 26 44 25 44 32 44 26 10 28 16 20 27 0 3 24 34 24 3 29 38 9 38 31 45 39 45 31 11 
3 35 34 35 20 6 20 16 28 10 26 42 37 42 36 41 36 4 15 13 30 13 15 42 15 40 15 4 31 30 31 37 8 37 6 20 35 23 21 23 43 
==============================

====== Algorithm Status ======
Valor:                7349
Time:                 64000
nIter:                6072
Best Iter:            6072
Improvement Count:    6071
==============================
Solution tour: 
0 27 20 17 34 17 20 27 28 33 42 26 44 25 44 32 44 26 10 28 16 20 35 3 24 34 24 3 29 38 9 38 31 45 39 45 31 11 
3 35 34 35 20 6 20 16 28 10 26 42 37 42 36 41 36 4 15 13 30 13 15 42 15 40 15 4 31 30 31 37 8 37 6 35 23 21 23 43 
==============================

====== Algorithm Status ======
Valor:                7379
Time:                 128024
nIter:                12174
Best Iter:            12174
Improvement Count:    12173
==============================
Solution tour: 
0 27 20 17 34 17 20 27 28 33 42 26 44 25 44 32 44 26 10 28 16 20 35 3 24 34 24 3 18 29 38 9 38 30 31 45 39 45 31 
3 35 34 35 20 6 20 16 28 10 26 42 37 42 36 41 36 4 15 13 30 15 42 15 4 22 19 7 40 15 37 8 37 6 35 23 21 23 43 
==============================

====== Algorithm Status ======
Valor:                7449
Time:                 256008
nIter:                24477
Best Iter:            24477
Improvement Count:    24476
==============================
Solution tour: 
0 27 20 17 34 17 20 27 28 33 37 42 26 44 25 44 32 44 26 10 28 16 20 35 3 24 34 18 29 38 9 38 31 30 31 45 39 45 31 24 
3 35 34 35 20 6 20 16 28 10 26 42 36 41 36 4 15 5 13 30 13 15 42 37 15 4 22 19 7 40 15 37 8 37 6 35 23 21 23 43 
==============================

====== Algorithm Status ======
Valor:                7455
Time:                 512008
nIter:                48815
Best Iter:            48815
Improvement Count:    48814
==============================
Solution tour: 
0 27 20 17 34 17 20 27 28 33 37 42 26 44 25 44 32 44 26 10 28 16 6 20 35 34 35 3 24 34 18 29 38 9 38 45 39 45 30 31 45 31 24 
3 35 20 6 16 20 16 28 10 26 42 36 41 4 15 5 15 13 30 13 15 42 15 4 22 19 7 40 15 37 8 37 6 35 23 21 43 
==============================

