=========== Input ===========
File name:                ./instances/created-instances/mm-5-40-1110588.cdop
Total node count:         46
Truck node count:         5
Drone node count:         40
=============================

========== Settings ==========
Settings file:        ./settings/Memetic_MPX_1099666.config
Seed:                 1099666
Reduction method:     -
Max iter:             1024000
Population size:      13
Crossover:            MA-MPX
Local Search:         LS
Warm Start:           -
==============================

====== Algorithm Status ======
Valor:                5978
Time:                 251
nIter:                21
Best Iter:            21
Improvement Count:    20
==============================
Solution tour: 
0 3 11 33 37 8 37 15 13 30 31 18 25 44 32 44 26 10 28 16 20 6 27 23 29 
5 31 45 39 38 9 38 39 41 36 41 6 35 17 20 27 20 5 4 15 
4 31 11 6 11 
3 35 34 17 34 43 0 24 5 15 40 7 12 22 19 
1 42 15 5 3 24 3 
==============================

====== Algorithm Status ======
Valor:                6354
Time:                 522
nIter:                37
Best Iter:            37
Improvement Count:    36
==============================
Solution tour: 
0 25 44 32 28 16 20 17 43 23 35 3 31 45 39 38 9 38 8 37 42 22 4 36 41 5 
3 24 34 17 20 27 20 6 
2 18 29 18 34 35 20 6 20 16 28 10 28 11 13 30 31 11 33 15 4 41 36 
4 15 30 13 40 
1 12 7 5 24 3 35 34 27 
==============================

====== Algorithm Status ======
Valor:                6441
Time:                 1009
nIter:                65
Best Iter:            65
Improvement Count:    64
==============================
Solution tour: 
0 25 44 32 28 16 20 17 34 43 23 35 3 31 45 39 38 9 38 31 37 8 37 42 22 4 36 41 5 24 3 10 
3 24 34 17 20 27 20 6 16 6 
2 18 29 18 34 35 20 6 20 16 28 10 28 11 13 30 31 11 33 15 4 15 41 36 
4 15 30 13 7 40 
==============================

====== Algorithm Status ======
Valor:                6510
Time:                 2017
nIter:                129
Best Iter:            129
Improvement Count:    128
==============================
Solution tour: 
0 38 9 38 39 45 31 37 8 26 42 15 5 24 
3 24 3 34 17 20 27 20 6 16 20 16 6 
2 6 20 35 34 18 29 18 34 35 20 6 20 28 16 28 10 28 33 11 31 30 13 30 31 11 33 15 4 5 3 35 23 35 6 41 36 
1 19 22 26 44 32 44 25 
4 31 18 
==============================

====== Algorithm Status ======
Valor:                6510
Time:                 4008
nIter:                269
Best Iter:            269
Improvement Count:    268
==============================
Solution tour: 
0 38 9 38 39 45 31 37 8 26 42 15 5 24 
3 24 3 34 17 20 27 20 6 16 20 16 6 
2 6 20 35 34 18 29 18 34 35 20 6 20 28 16 28 10 28 33 11 31 30 13 30 31 11 33 15 4 5 3 35 23 35 6 41 36 
1 19 22 26 44 32 44 25 
4 31 18 
==============================

====== Algorithm Status ======
Valor:                6962
Time:                 8005
nIter:                561
Best Iter:            561
Improvement Count:    560
==============================
Solution tour: 
0 31 45 14 45 39 45 31 24 
3 24 34 17 20 27 20 6 16 20 16 6 
2 6 20 17 34 35 34 18 29 18 34 35 20 28 10 28 16 28 6 11 31 30 13 30 31 11 33 15 4 15 5 3 35 23 35 6 41 36 41 7 12 
1 19 22 42 26 44 32 44 25 
5 15 40 15 42 37 8 37 42 15 
==============================

====== Algorithm Status ======
Valor:                6962
Time:                 16005
nIter:                1080
Best Iter:            1080
Improvement Count:    1079
==============================
Solution tour: 
0 31 45 14 45 39 45 31 24 
3 24 34 17 20 27 20 6 16 20 16 6 
2 6 20 17 34 35 34 18 29 18 34 35 20 28 10 28 16 28 6 11 31 30 13 30 31 11 33 15 4 15 5 3 35 23 35 6 41 36 41 7 12 
1 19 22 42 26 44 32 44 25 
5 15 40 15 42 37 8 37 42 15 
==============================

====== Algorithm Status ======
Valor:                7136
Time:                 32003
nIter:                2271
Best Iter:            2271
Improvement Count:    2270
==============================
Solution tour: 
0 31 45 14 45 39 45 31 5 24 
3 24 34 17 35 23 21 23 43 
2 27 20 35 20 6 20 16 28 10 28 16 20 17 34 35 34 18 29 18 34 17 20 6 11 31 30 13 30 31 4 15 33 15 5 3 35 3 5 41 7 12 36 
4 41 36 41 
5 15 40 15 42 37 8 37 42 
1 19 22 42 26 44 32 44 25 
==============================

====== Algorithm Status ======
Valor:                7265
Time:                 64018
nIter:                4232
Best Iter:            4232
Improvement Count:    4231
==============================
Solution tour: 
0 31 45 38 9 45 14 45 39 45 31 5 24 0 27 
2 27 20 35 20 6 20 16 28 10 28 16 20 17 34 35 34 18 29 18 34 17 20 6 11 31 30 13 30 31 4 15 42 37 33 37 8 37 42 15 5 3 35 3 5 15 
4 41 36 41 15 40 7 12 
1 19 22 42 26 44 32 44 25 20 27 34 24 
3 24 34 17 23 21 23 43 
==============================

====== Algorithm Status ======
Valor:                7265
Time:                 128007
nIter:                8037
Best Iter:            8037
Improvement Count:    8036
==============================
Solution tour: 
0 31 45 38 9 45 14 45 39 45 31 5 24 0 27 
2 27 20 35 20 6 20 16 28 10 28 16 20 17 34 35 34 18 29 18 34 17 20 6 11 31 30 13 30 31 4 15 42 37 33 37 8 37 42 15 5 3 35 3 5 15 
4 41 36 41 15 40 7 12 
1 19 22 42 26 44 32 44 25 20 27 34 24 
3 24 34 17 23 21 23 43 
==============================

====== Algorithm Status ======
Valor:                7283
Time:                 256029
nIter:                15661
Best Iter:            15661
Improvement Count:    15660
==============================
Solution tour: 
0 31 45 38 9 45 14 45 39 45 31 5 24 0 27 
2 27 20 35 20 6 20 16 28 10 28 16 20 17 34 35 34 18 29 18 34 17 20 6 11 31 30 13 30 31 4 15 42 37 33 37 8 37 42 15 5 3 35 3 5 15 
4 41 36 41 15 40 7 12 
1 19 22 42 26 44 32 44 25 10 20 27 34 24 
3 24 34 17 35 23 21 23 43 
==============================

====== Algorithm Status ======
Valor:                7283
Time:                 512012
nIter:                30510
Best Iter:            30510
Improvement Count:    30509
==============================
Solution tour: 
0 31 45 38 9 45 14 45 39 45 31 5 24 0 27 
2 27 20 35 20 6 20 16 28 10 28 16 20 17 34 35 34 18 29 18 34 17 20 6 11 31 30 13 30 31 4 15 42 37 33 37 8 37 42 15 5 3 35 3 5 15 
4 41 36 41 15 40 7 12 
1 19 22 42 26 44 32 44 25 10 20 27 34 24 
3 24 34 17 35 23 21 23 43 
==============================

====== Algorithm Status ======
Valor:                7283
Time:                 1024004
nIter:                60636
Best Iter:            60636
Improvement Count:    60637
==============================
Solution tour: 
0 31 45 38 9 45 14 45 39 45 31 5 24 0 27 
2 27 20 35 20 6 20 16 28 10 28 16 20 17 34 35 34 18 29 18 34 17 20 6 11 31 30 13 30 31 4 15 42 37 33 37 8 37 42 15 5 3 35 3 5 15 
4 41 36 41 15 40 7 12 
1 19 22 42 26 44 32 44 25 10 20 27 34 24 
3 24 34 17 35 23 21 23 43 
==============================

====== Algorithm Status ======
Valor:                7283
Time:                 1024004
nIter:                60636
Best Iter:            60636
Improvement Count:    60637
==============================
Solution tour: 
0 31 45 38 9 45 14 45 39 45 31 5 24 0 27 
2 27 20 35 20 6 20 16 28 10 28 16 20 17 34 35 34 18 29 18 34 17 20 6 11 31 30 13 30 31 4 15 42 37 33 37 8 37 42 15 5 3 35 3 5 15 
4 41 36 41 15 40 7 12 
1 19 22 42 26 44 32 44 25 10 20 27 34 24 
3 24 34 17 35 23 21 23 43 
==============================

