=========== Input ===========
File name:                ./instances/created-instances/mm-10-25-1762875.cdop
Total node count:         36
Truck node count:         10
Drone node count:         25
=============================

========== Settings ==========
Settings file:        ./settings/Memetic_MMX_1099666.config
Seed:                 1099666
Reduction method:     -
Max iter:             1024000
Population size:      13
Crossover:            MA-MMX
Local Search:         LS
Warm Start:           -
==============================

====== Algorithm Status ======
Valor:                5020
Time:                 256
nIter:                32
Best Iter:            32
Improvement Count:    31
==============================
Solution tour: 
0 27 0 6 17 12 17 29 16 24 33 32 27 18 17 18 14 23 21 8 21 33 25 8 25 19 12 19 32 19 
1 22 34 11 26 11 24 8 24 30 25 30 31 8 31 25 31 15 16 29 35 32 35 15 35 29 21 28 21 29 10 32 10 13 6 
==============================

====== Algorithm Status ======
Valor:                5152
Time:                 506
nIter:                67
Best Iter:            67
Improvement Count:    66
==============================
Solution tour: 
0 6 27 32 27 18 17 18 30 24 14 23 21 8 21 33 25 33 25 8 25 31 25 19 12 19 32 19 10 32 10 
1 22 1 34 16 24 11 26 11 24 8 24 30 25 30 31 8 31 15 35 29 16 29 21 28 21 29 31 29 27 17 6 
==============================

====== Algorithm Status ======
Valor:                5216
Time:                 1006
nIter:                141
Best Iter:            141
Improvement Count:    140
==============================
Solution tour: 
0 27 32 27 18 17 18 30 24 14 23 21 8 21 33 25 33 25 8 25 31 25 19 32 12 19 12 10 
1 22 1 34 16 24 11 26 11 24 8 24 30 25 30 31 8 31 15 35 29 16 29 21 28 21 29 10 32 10 5 27 0 6 13 6 
==============================

====== Algorithm Status ======
Valor:                5361
Time:                 2004
nIter:                293
Best Iter:            293
Improvement Count:    292
==============================
Solution tour: 
0 27 17 18 17 12 30 24 14 23 21 8 21 33 25 33 25 30 8 30 33 25 33 25 8 25 31 25 19 32 10 32 19 12 19 12 10 
1 22 1 34 16 24 11 26 20 26 11 24 8 24 30 25 30 31 8 31 15 31 29 16 29 21 28 21 29 35 32 10 5 27 0 6 13 6 
==============================

====== Algorithm Status ======
Valor:                5536
Time:                 4000
nIter:                550
Best Iter:            550
Improvement Count:    549
==============================
Solution tour: 
0 6 17 18 17 27 0 27 17 21 8 25 30 24 31 8 21 29 17 8 30 17 35 21 9 
4 9 21 33 25 33 25 8 31 25 19 32 10 32 19 12 1 10 
1 22 1 34 16 24 11 26 20 26 11 24 8 24 30 25 31 15 31 29 16 29 21 28 23 14 9 6 13 6 
==============================

====== Algorithm Status ======
Valor:                5592
Time:                 8006
nIter:                1028
Best Iter:            1028
Improvement Count:    1027
==============================
Solution tour: 
0 6 27 17 18 17 8 21 29 35 15 24 31 8 31 25 30 17 12 21 9 
4 9 21 8 25 33 25 8 31 10 32 35 32 19 12 19 32 10 
1 22 1 34 16 24 11 26 20 26 11 24 8 24 30 25 31 15 31 29 16 29 21 28 23 14 9 6 13 6 
==============================

====== Algorithm Status ======
Valor:                5612
Time:                 16001
nIter:                2084
Best Iter:            2084
Improvement Count:    2083
==============================
Solution tour: 
0 6 13 6 17 27 17 18 17 8 21 12 21 9 
4 9 21 8 25 30 33 25 8 30 31 10 32 35 32 19 12 19 32 10 
1 22 1 34 16 30 24 11 26 20 26 11 24 8 24 30 25 31 15 31 8 31 29 16 29 21 28 23 14 9 6 
==============================

====== Algorithm Status ======
Valor:                5630
Time:                 32007
nIter:                4229
Best Iter:            4229
Improvement Count:    4228
==============================
Solution tour: 
0 6 13 6 0 17 27 17 18 17 21 8 21 12 21 9 
4 9 21 33 25 30 31 10 32 35 32 19 12 19 32 10 
1 22 1 34 16 30 24 11 26 20 26 11 24 8 24 30 25 31 15 31 8 25 8 31 29 16 29 21 28 23 14 9 27 
==============================

====== Algorithm Status ======
Valor:                5704
Time:                 64010
nIter:                8158
Best Iter:            8158
Improvement Count:    8157
==============================
Solution tour: 
0 6 13 6 0 27 17 18 17 30 8 21 8 30 31 25 33 21 12 21 28 23 14 9 
4 9 16 24 31 10 32 35 32 19 12 19 32 10 
1 22 1 34 19 25 30 24 11 26 20 26 11 24 8 24 30 25 8 31 15 31 8 25 31 29 16 29 21 29 17 27 
==============================

====== Algorithm Status ======
Valor:                5704
Time:                 128002
nIter:                15898
Best Iter:            15898
Improvement Count:    15897
==============================
Solution tour: 
0 6 13 6 0 27 17 18 17 30 8 21 8 30 31 25 33 21 12 21 28 23 14 9 
4 9 16 24 31 10 32 35 32 19 12 19 32 10 
1 22 1 34 19 25 30 24 11 26 20 26 11 24 8 24 30 25 8 31 15 31 8 25 31 29 16 29 21 29 17 27 
==============================

====== Algorithm Status ======
Valor:                5708
Time:                 256006
nIter:                31277
Best Iter:            31277
Improvement Count:    31276
==============================
Solution tour: 
0 6 13 6 0 27 17 18 17 30 8 21 8 30 31 25 33 21 28 23 14 9 
4 9 16 24 31 10 32 35 32 19 12 19 32 10 
1 22 1 34 19 25 30 24 11 26 20 26 11 24 8 24 30 25 8 31 15 35 15 31 8 25 31 29 16 29 21 29 17 27 
==============================

====== Algorithm Status ======
Valor:                5708
Time:                 512003
nIter:                62965
Best Iter:            62965
Improvement Count:    62964
==============================
Solution tour: 
0 6 13 6 0 27 17 18 17 30 8 21 8 30 31 25 33 21 28 23 14 9 
4 9 16 24 31 10 32 35 32 19 12 19 32 10 
1 22 1 34 19 25 30 24 11 26 20 26 11 24 8 24 30 25 8 31 15 35 15 31 8 25 31 29 16 29 21 29 17 27 
==============================

====== Algorithm Status ======
Valor:                5794
Time:                 1024007
nIter:                126078
Best Iter:            126078
Improvement Count:    126079
==============================
Solution tour: 
0 6 13 6 0 27 17 18 17 30 31 8 21 8 31 25 8 25 33 21 28 23 14 9 
4 9 21 33 32 35 32 19 12 22 1 10 32 10 
1 22 34 12 19 32 33 25 30 24 11 26 20 26 11 24 8 24 30 25 31 15 35 15 31 29 16 29 21 29 17 27 
==============================

====== Algorithm Status ======
Valor:                5794
Time:                 1024007
nIter:                126078
Best Iter:            126078
Improvement Count:    126079
==============================
Solution tour: 
0 6 13 6 0 27 17 18 17 30 31 8 21 8 31 25 8 25 33 21 28 23 14 9 
4 9 21 33 32 35 32 19 12 22 1 10 32 10 
1 22 34 12 19 32 33 25 30 24 11 26 20 26 11 24 8 24 30 25 31 15 35 15 31 29 16 29 21 29 17 27 
==============================

