=========== Input ===========
File name:                ./instances/created-instances/mm-15-40-1917698.cdop
Total node count:         56
Truck node count:         15
Drone node count:         40
=============================

========== Settings ==========
Settings file:        ./settings/Memetic_MPX_1287823.config
Seed:                 1287823
Reduction method:     -
Max iter:             1024000
Population size:      13
Crossover:            MA-MPX
Local Search:         LS
Warm Start:           -
==============================

====== Algorithm Status ======
Valor:                6521
Time:                 263
nIter:                18
Best Iter:            18
Improvement Count:    17
==============================
Solution tour: 
0 34 52 40 
14 3 45 28 
4 28 41 26 
3 14 41 40 17 44 
8 24 8 
7 19 52 26 23 
2 23 26 41 45 18 51 45 3 
10 47 33 54 33 
13 33 
9 45 18 9 18 53 24 46 
12 49 12 32 51 
6 42 55 48 50 48 31 48 30 29 43 12 43 49 51 
15 45 51 32 53 18 22 20 37 20 38 
1 13 35 17 40 41 17 
==============================

====== Algorithm Status ======
Valor:                6542
Time:                 507
nIter:                33
Best Iter:            33
Improvement Count:    32
==============================
Solution tour: 
0 44 23 17 26 40 23 
2 23 26 41 45 18 9 51 45 3 38 1 13 
10 47 33 54 33 
1 33 54 39 54 
14 3 45 28 
4 28 41 26 
15 45 51 32 53 18 35 14 22 20 37 20 
6 42 55 48 50 48 31 48 30 29 43 12 43 49 51 
12 49 12 32 51 
9 45 18 53 24 46 
5 18 
3 14 41 40 17 44 
8 24 8 
7 19 52 26 23 
==============================

====== Algorithm Status ======
Valor:                6747
Time:                 1002
nIter:                68
Best Iter:            68
Improvement Count:    67
==============================
Solution tour: 
0 17 23 17 26 23 40 23 
2 23 26 41 45 18 9 51 45 3 38 1 13 
10 47 33 47 54 33 
1 33 54 39 54 
13 33 
14 3 45 28 
15 45 51 32 53 18 35 14 22 20 37 20 
6 42 55 48 50 48 31 48 30 29 43 12 43 49 51 
12 49 12 32 51 
9 45 18 53 24 46 
5 36 5 9 18 
3 14 41 40 17 44 
8 24 8 
4 28 41 26 17 19 
==============================

====== Algorithm Status ======
Valor:                6909
Time:                 2011
nIter:                129
Best Iter:            129
Improvement Count:    128
==============================
Solution tour: 
0 17 23 17 19 17 26 23 40 23 
2 23 26 41 45 18 9 51 45 3 38 1 13 
10 54 47 33 47 54 33 
1 33 54 39 54 
13 33 
14 3 45 28 
15 45 51 32 53 18 35 14 22 37 20 37 
6 55 42 55 48 50 48 31 48 30 29 43 12 43 49 
12 49 12 32 51 
9 18 45 18 53 24 46 
5 36 5 9 40 
3 14 41 40 17 44 
8 24 8 
11 23 28 
==============================

====== Algorithm Status ======
Valor:                6910
Time:                 4015
nIter:                262
Best Iter:            262
Improvement Count:    261
==============================
Solution tour: 
0 17 23 26 40 
7 34 35 52 35 
5 36 53 32 51 49 41 
9 18 45 51 
15 3 
13 3 45 9 12 43 12 49 12 46 
12 50 48 50 6 20 37 20 21 37 6 42 55 50 31 48 30 29 30 48 31 50 55 42 
6 51 45 18 9 40 41 26 23 
2 23 17 40 
3 14 41 40 17 44 
4 28 4 52 
10 54 47 33 47 54 33 38 
1 33 54 39 54 
14 
==============================

====== Algorithm Status ======
Valor:                6910
Time:                 8009
nIter:                512
Best Iter:            512
Improvement Count:    511
==============================
Solution tour: 
0 17 23 26 40 
7 34 35 52 35 
5 36 53 32 51 49 41 
9 18 45 51 
15 3 
13 3 45 9 12 43 12 49 12 46 
12 50 48 50 6 20 37 20 21 37 6 42 55 50 31 48 30 29 30 48 31 50 55 42 
6 51 45 18 9 40 41 26 23 
2 23 17 40 
3 14 41 40 17 44 
4 28 4 52 
10 54 47 33 47 54 33 38 
1 33 54 39 54 
14 
==============================

====== Algorithm Status ======
Valor:                7218
Time:                 16001
nIter:                1034
Best Iter:            1034
Improvement Count:    1033
==============================
Solution tour: 
0 17 23 26 40 26 17 19 
7 34 35 52 35 
5 36 5 53 32 51 49 41 
9 18 45 51 
15 3 
13 3 45 9 12 43 12 49 12 46 
12 50 48 50 6 20 37 20 21 37 6 42 55 50 31 48 30 29 30 48 31 50 55 42 
6 51 45 18 9 40 41 26 23 
2 23 17 40 
3 14 41 40 17 44 17 
4 28 4 52 
10 54 47 33 47 54 33 38 
1 33 54 39 54 
==============================

====== Algorithm Status ======
Valor:                7218
Time:                 32008
nIter:                2047
Best Iter:            2047
Improvement Count:    2046
==============================
Solution tour: 
0 17 23 26 40 26 17 19 
7 34 35 52 35 
5 36 5 53 32 51 49 41 
9 18 45 51 
15 3 
13 3 45 9 12 43 12 49 12 46 
12 50 48 50 6 20 37 20 21 37 6 42 55 50 31 48 30 29 30 48 31 50 55 42 
6 51 45 18 9 40 41 26 23 
2 23 17 40 
3 14 41 40 17 44 17 
4 28 4 52 
10 54 47 33 47 54 33 38 
1 33 54 39 54 
==============================

====== Algorithm Status ======
Valor:                7218
Time:                 64023
nIter:                4076
Best Iter:            4076
Improvement Count:    4075
==============================
Solution tour: 
0 17 23 26 40 26 17 19 
7 34 35 52 35 
5 36 5 53 32 51 49 41 
9 18 45 51 
15 3 
13 3 45 9 12 43 12 49 12 46 
12 50 48 50 6 20 37 20 21 37 6 42 55 50 31 48 30 29 30 48 31 50 55 42 
6 51 45 18 9 40 41 26 23 
2 23 17 40 
3 14 41 40 17 44 17 
4 28 4 52 
10 54 47 33 47 54 33 38 
1 33 54 39 54 
==============================

====== Algorithm Status ======
Valor:                7504
Time:                 128014
nIter:                8186
Best Iter:            8186
Improvement Count:    8185
==============================
Solution tour: 
0 26 44 17 23 26 41 
14 22 38 47 54 33 54 47 
13 3 45 9 12 43 12 49 12 46 
12 50 48 50 6 20 37 20 21 37 6 42 55 50 31 48 30 29 30 48 31 50 55 42 
6 51 45 3 18 9 40 41 26 23 
2 23 17 40 26 
3 40 52 
10 52 35 17 19 34 
4 
8 24 8 
11 23 28 41 32 
5 36 5 53 32 51 49 32 41 40 
9 18 45 51 32 53 
==============================

====== Algorithm Status ======
Valor:                7577
Time:                 256002
nIter:                16610
Best Iter:            16610
Improvement Count:    16609
==============================
Solution tour: 
0 26 44 17 23 26 41 
14 22 38 47 54 33 54 13 
1 
13 3 45 49 43 49 12 46 43 12 35 18 51 
15 28 45 51 32 53 
7 
8 24 8 
5 36 5 25 29 43 46 12 49 
12 43 50 48 50 55 42 6 20 37 21 37 20 42 55 50 31 48 30 48 31 48 55 
6 51 45 3 18 9 40 41 26 23 
2 23 17 41 40 26 40 
9 18 53 18 35 34 
==============================

====== Algorithm Status ======
Valor:                7577
Time:                 512001
nIter:                33335
Best Iter:            33335
Improvement Count:    33334
==============================
Solution tour: 
0 26 44 17 23 26 41 
14 22 38 47 54 33 54 13 
1 
13 3 45 49 43 49 12 46 43 12 35 18 51 
15 28 45 51 32 53 
7 
8 24 8 
5 36 5 25 29 43 46 12 49 
12 43 50 48 50 55 42 6 20 37 21 37 20 42 55 50 31 48 30 48 31 48 55 
6 51 45 3 18 9 40 41 26 23 
2 23 17 41 40 26 40 
9 18 53 18 35 34 
==============================

====== Algorithm Status ======
Valor:                7577
Time:                 1024008
nIter:                67192
Best Iter:            67192
Improvement Count:    67193
==============================
Solution tour: 
0 26 44 17 23 26 41 
14 22 38 47 54 33 54 13 
1 
13 3 45 49 43 49 12 46 43 12 35 18 51 
15 28 45 51 32 53 
7 
8 24 8 
5 36 5 25 29 43 46 12 49 
12 43 50 48 50 55 42 6 20 37 21 37 20 42 55 50 31 48 30 48 31 48 55 
6 51 45 3 18 9 40 41 26 23 
2 23 17 41 40 26 40 
9 18 53 18 35 34 
==============================

====== Algorithm Status ======
Valor:                7577
Time:                 1024008
nIter:                67192
Best Iter:            67192
Improvement Count:    67193
==============================
Solution tour: 
0 26 44 17 23 26 41 
14 22 38 47 54 33 54 13 
1 
13 3 45 49 43 49 12 46 43 12 35 18 51 
15 28 45 51 32 53 
7 
8 24 8 
5 36 5 25 29 43 46 12 49 
12 43 50 48 50 55 42 6 20 37 21 37 20 42 55 50 31 48 30 48 31 48 55 
6 51 45 3 18 9 40 41 26 23 
2 23 17 41 40 26 40 
9 18 53 18 35 34 
==============================

