=========== Input ===========
File name:                ./instances/created-instances/mm-15-10-1110588.cdop
Total node count:         26
Truck node count:         15
Drone node count:         10
=============================

========== Settings ==========
Settings file:        ./settings/Memetic_MMX_1881515.config
Seed:                 1881515
Reduction method:     -
Max iter:             1024000
Population size:      13
Crossover:            MA-MMX
Local Search:         LS
Warm Start:           -
==============================

====== Algorithm Status ======
Valor:                3803
Time:                 251
nIter:                58
Best Iter:            58
Improvement Count:    57
==============================
Solution tour: 
0 23 18 24 18 19 2 22 24 13 21 0 13 24 14 3 21 13 0 6 24 25 21 3 14 24 
6 21 25 20 25 24 22 15 11 15 19 16 5 17 7 14 23 19 18 23 14 
7 21 6 
==============================

====== Algorithm Status ======
Valor:                3803
Time:                 501
nIter:                113
Best Iter:            113
Improvement Count:    112
==============================
Solution tour: 
0 23 18 24 18 19 2 22 24 13 21 0 13 24 14 3 21 13 0 6 24 25 21 3 14 24 
6 21 25 20 25 24 22 15 11 15 19 16 5 17 7 14 23 19 18 23 14 
7 21 6 
==============================

====== Algorithm Status ======
Valor:                4027
Time:                 1002
nIter:                229
Best Iter:            229
Improvement Count:    228
==============================
Solution tour: 
0 23 18 16 19 18 19 2 13 2 22 24 13 21 6 0 13 24 14 3 21 13 0 6 24 25 21 3 14 24 
6 21 25 20 25 24 22 15 11 15 19 16 5 12 17 7 14 5 14 
7 17 23 
==============================

====== Algorithm Status ======
Valor:                4059
Time:                 2002
nIter:                462
Best Iter:            462
Improvement Count:    461
==============================
Solution tour: 
0 23 18 16 19 18 19 2 22 13 2 13 22 24 13 21 6 0 13 24 14 3 21 13 0 6 24 25 21 3 14 24 
6 21 25 20 25 24 22 15 11 15 19 16 5 12 1 12 17 7 5 14 
7 14 23 
==============================

====== Algorithm Status ======
Valor:                4144
Time:                 4001
nIter:                937
Best Iter:            937
Improvement Count:    936
==============================
Solution tour: 
0 23 18 16 19 18 19 2 13 2 22 24 13 21 6 0 13 24 14 3 21 13 0 6 24 25 21 3 14 24 
6 21 25 20 25 24 22 7 15 11 15 19 16 5 12 1 12 5 14 5 7 17 
7 14 23 
==============================

====== Algorithm Status ======
Valor:                4173
Time:                 8005
nIter:                1838
Best Iter:            1838
Improvement Count:    1837
==============================
Solution tour: 
0 23 18 16 19 18 19 2 13 2 22 24 13 21 6 0 13 24 14 3 21 13 0 6 24 25 20 25 21 3 14 24 
6 21 25 20 25 24 22 15 11 15 19 16 5 12 1 12 5 14 7 17 
7 14 23 
==============================

====== Algorithm Status ======
Valor:                4173
Time:                 16001
nIter:                3629
Best Iter:            3629
Improvement Count:    3628
==============================
Solution tour: 
0 23 18 16 19 18 19 2 13 2 22 24 13 21 6 0 13 24 14 3 21 13 0 6 24 25 20 25 21 3 14 24 
6 21 25 20 25 24 22 15 11 15 19 16 5 12 1 12 5 14 7 17 
7 14 23 
==============================

====== Algorithm Status ======
Valor:                4173
Time:                 32000
nIter:                7207
Best Iter:            7207
Improvement Count:    7206
==============================
Solution tour: 
0 23 18 16 19 18 19 2 13 2 22 24 13 21 6 0 13 24 14 3 21 13 0 6 24 25 20 25 21 3 14 24 
6 21 25 20 25 24 22 15 11 15 19 16 5 12 1 12 5 14 7 17 
7 14 23 
==============================

====== Algorithm Status ======
Valor:                4291
Time:                 64000
nIter:                14469
Best Iter:            14469
Improvement Count:    14468
==============================
Solution tour: 
0 23 18 19 16 19 18 23 14 3 21 22 13 2 13 24 13 21 6 0 13 0 6 24 25 20 25 21 3 14 24 
6 21 25 24 22 24 13 10 11 15 11 15 14 5 0 5 12 1 12 5 14 7 17 
7 14 23 
==============================

====== Algorithm Status ======
Valor:                4307
Time:                 128002
nIter:                29364
Best Iter:            29364
Improvement Count:    29363
==============================
Solution tour: 
0 23 18 19 16 19 18 23 14 3 21 13 2 13 24 13 21 6 0 13 0 6 24 25 20 25 6 21 3 14 24 
6 25 21 25 24 22 24 13 10 11 15 11 15 14 5 12 1 12 5 14 7 17 
7 14 23 
==============================

====== Algorithm Status ======
Valor:                4338
Time:                 256001
nIter:                59763
Best Iter:            59763
Improvement Count:    59762
==============================
Solution tour: 
0 23 18 19 16 19 18 23 14 3 21 13 2 13 24 13 21 6 0 13 0 6 24 25 20 25 6 21 3 14 24 
6 25 21 25 24 22 24 14 15 11 15 14 5 12 1 12 5 14 7 17 
7 14 23 
==============================

====== Algorithm Status ======
Valor:                4338
Time:                 512001
nIter:                121499
Best Iter:            121499
Improvement Count:    121498
==============================
Solution tour: 
0 23 18 19 16 19 18 23 14 3 21 13 2 13 24 13 21 6 0 13 0 6 24 25 20 25 6 21 3 14 24 
6 25 21 25 24 22 24 14 15 11 15 14 5 12 1 12 5 14 7 17 
7 14 23 
==============================

