=========== Input ===========
File name:                ./instances/created-instances/mm-25-10-1917698.cdop
Total node count:         36
Truck node count:         25
Drone node count:         10
=============================

========== Settings ==========
Settings file:        ./settings/Memetic-LS_MPX_1287823.config
Seed:                 1287823
Reduction method:     -
Max iter:             1024000
Population size:      13
Crossover:            MA-MPX
Local Search:         -
Warm Start:           -
==============================

====== Algorithm Status ======
Valor:                1667
Time:                 250
nIter:                532
Best Iter:            532
Improvement Count:    531
==============================
Solution tour: 
0 
14 
15 31 
13 31 
17 30 
2 34 
6 
1 34 
12 33 
20 
4 28 
5 
18 
19 32 
25 32 
9 
==============================

====== Algorithm Status ======
Valor:                1667
Time:                 500
nIter:                1036
Best Iter:            1036
Improvement Count:    1035
==============================
Solution tour: 
0 
14 
15 31 
13 31 
17 30 
2 34 
6 
1 34 
12 33 
20 
4 28 
5 
18 
19 32 
25 32 
9 
==============================

====== Algorithm Status ======
Valor:                1667
Time:                 1000
nIter:                2098
Best Iter:            2098
Improvement Count:    2097
==============================
Solution tour: 
0 
14 
15 31 
13 31 
17 30 
2 34 
6 
1 34 
12 33 
20 
4 28 
5 
18 
19 32 
25 32 
9 
==============================

====== Algorithm Status ======
Valor:                1667
Time:                 2000
nIter:                4115
Best Iter:            4115
Improvement Count:    4114
==============================
Solution tour: 
0 
14 
15 31 
13 31 
17 30 
2 34 
6 
1 34 
12 33 
20 
4 28 
5 
18 
19 32 
25 32 
9 
==============================

====== Algorithm Status ======
Valor:                1667
Time:                 4000
nIter:                8400
Best Iter:            8400
Improvement Count:    8399
==============================
Solution tour: 
0 
14 
15 31 
13 31 
17 30 
2 34 
6 
1 34 
12 33 
20 
4 28 
5 
18 
19 32 
25 32 
9 
==============================

====== Algorithm Status ======
Valor:                1667
Time:                 8000
nIter:                16773
Best Iter:            16773
Improvement Count:    16772
==============================
Solution tour: 
0 
14 
15 31 
13 31 
17 30 
2 34 
6 
1 34 
12 33 
20 
4 28 
5 
18 
19 32 
25 32 
9 
==============================

====== Algorithm Status ======
Valor:                1738
Time:                 16000
nIter:                33510
Best Iter:            33510
Improvement Count:    33509
==============================
Solution tour: 
0 
2 34 
1 34 
3 
6 
22 
9 32 
25 32 
18 
21 
8 
12 33 
16 
23 
15 31 
19 
13 31 
14 
==============================

====== Algorithm Status ======
Valor:                1904
Time:                 32000
nIter:                67333
Best Iter:            67333
Improvement Count:    67332
==============================
Solution tour: 
0 
2 34 
12 33 
1 34 
3 
6 
22 
9 32 
25 32 
18 5 
21 
17 
19 
4 
14 
13 31 
8 
7 29 
==============================

====== Algorithm Status ======
Valor:                1984
Time:                 64000
nIter:                134459
Best Iter:            134459
Improvement Count:    134458
==============================
Solution tour: 
0 
2 34 
12 33 35 
14 
13 
1 34 
3 
6 
22 
23 
15 31 
9 32 
25 32 
4 
24 
5 
18 5 
8 
11 28 
==============================

====== Algorithm Status ======
Valor:                1984
Time:                 128000
nIter:                267521
Best Iter:            267521
Improvement Count:    267520
==============================
Solution tour: 
0 
2 34 
12 33 35 
14 
13 
1 34 
3 
6 
22 
23 
15 31 
9 32 
25 32 
4 
24 
5 
18 5 
8 
11 28 
==============================

====== Algorithm Status ======
Valor:                1984
Time:                 256000
nIter:                534064
Best Iter:            534064
Improvement Count:    534063
==============================
Solution tour: 
0 
2 34 
12 33 35 
14 
13 
1 34 
3 
6 
22 
23 
15 31 
9 32 
25 32 
4 
24 
5 
18 5 
8 
11 28 
==============================

====== Algorithm Status ======
Valor:                1984
Time:                 512000
nIter:                1066317
Best Iter:            1066317
Improvement Count:    1066316
==============================
Solution tour: 
0 
2 34 
12 33 35 
14 
13 
1 34 
3 
6 
22 
23 
15 31 
9 32 
25 32 
4 
24 
5 
18 5 
8 
11 28 
==============================

====== Algorithm Status ======
Valor:                2106
Time:                 1024001
nIter:                2128683
Best Iter:            2128683
Improvement Count:    2128684
==============================
Solution tour: 
0 28 31 26 
2 34 
12 33 35 
10 
1 34 
16 27 
21 
18 34 
3 
6 
22 
23 
15 31 
9 32 
19 
17 29 
==============================

====== Algorithm Status ======
Valor:                2106
Time:                 1024001
nIter:                2128683
Best Iter:            2128683
Improvement Count:    2128684
==============================
Solution tour: 
0 28 31 26 
2 34 
12 33 35 
10 
1 34 
16 27 
21 
18 34 
3 
6 
22 
23 
15 31 
9 32 
19 
17 29 
==============================

