=========== Input ===========
File name:                ./instances/created-instances/mm-15-25-1762875.cdop
Total node count:         41
Truck node count:         15
Drone node count:         25
=============================

========== Settings ==========
Settings file:        ./settings/Memetic-LS_MMX_1287823.config
Seed:                 1287823
Reduction method:     -
Max iter:             1024000
Population size:      13
Crossover:            MA-MMX
Local Search:         -
Warm Start:           -
==============================

====== Algorithm Status ======
Valor:                2185
Time:                 250
nIter:                474
Best Iter:            474
Improvement Count:    473
==============================
Solution tour: 
0 32 36 24 16 
5 16 
6 
14 
10 37 
11 37 26 6 
2 6 28 
7 28 15 28 22 28 33 
==============================

====== Algorithm Status ======
Valor:                2252
Time:                 502
nIter:                910
Best Iter:            910
Improvement Count:    909
==============================
Solution tour: 
0 32 36 32 24 32 24 16 
5 16 
6 
14 
10 37 
11 37 26 6 
2 6 28 
7 28 22 28 33 
==============================

====== Algorithm Status ======
Valor:                2582
Time:                 1000
nIter:                1784
Best Iter:            1784
Improvement Count:    1783
==============================
Solution tour: 
0 23 9 36 24 32 36 32 24 16 2 16 2 
10 
13 37 19 37 19 
11 37 6 9 6 
2 6 28 
15 28 22 28 22 28 33 
==============================

====== Algorithm Status ======
Valor:                2976
Time:                 2000
nIter:                3405
Best Iter:            3405
Improvement Count:    3404
==============================
Solution tour: 
0 
7 9 23 9 36 24 32 
12 32 36 32 24 16 2 16 26 
13 37 19 37 
11 37 2 9 6 9 6 
2 6 28 22 28 31 8 33 
==============================

====== Algorithm Status ======
Valor:                2989
Time:                 4000
nIter:                6377
Best Iter:            6377
Improvement Count:    6376
==============================
Solution tour: 
0 
7 9 23 9 36 24 32 
12 32 36 32 24 16 2 16 26 
13 37 19 37 
11 37 2 9 6 
2 6 28 22 28 31 11 8 33 
==============================

====== Algorithm Status ======
Valor:                3120
Time:                 8000
nIter:                12131
Best Iter:            12131
Improvement Count:    12130
==============================
Solution tour: 
0 
7 9 23 9 36 32 
12 32 36 24 16 2 16 19 32 24 19 37 31 37 19 28 
11 37 2 9 6 
2 6 28 22 28 22 26 31 11 8 33 
==============================

====== Algorithm Status ======
Valor:                3763
Time:                 16004
nIter:                22426
Best Iter:            22426
Improvement Count:    22425
==============================
Solution tour: 
0 5 
13 
7 9 23 9 32 
12 32 36 32 19 37 29 16 19 37 19 32 35 24 37 31 37 19 6 29 6 
2 6 28 22 28 26 23 31 23 30 37 30 18 
9 18 8 33 
==============================

====== Algorithm Status ======
Valor:                3894
Time:                 32000
nIter:                40475
Best Iter:            40475
Improvement Count:    40474
==============================
Solution tour: 
0 5 
13 
7 9 23 9 32 
12 32 36 32 19 37 29 16 29 37 19 32 35 34 24 37 31 37 
5 6 29 6 
2 6 28 22 28 26 23 31 23 30 23 33 23 18 
9 18 8 33 
==============================

====== Algorithm Status ======
Valor:                4256
Time:                 64000
nIter:                75373
Best Iter:            75373
Improvement Count:    75372
==============================
Solution tour: 
0 5 
13 0 9 
7 9 23 9 32 
12 32 36 32 19 37 29 16 29 37 19 32 35 24 37 31 37 
5 6 29 6 
2 6 28 22 28 22 26 23 31 23 30 23 33 8 33 17 33 18 28 
==============================

====== Algorithm Status ======
Valor:                4389
Time:                 128003
nIter:                140319
Best Iter:            140319
Improvement Count:    140318
==============================
Solution tour: 
0 
13 0 7 29 
7 9 23 9 33 
12 32 36 32 19 37 29 16 29 37 19 32 35 24 37 31 37 31 6 29 6 
2 6 32 17 22 28 22 17 26 23 31 23 30 23 33 8 33 17 33 18 28 
==============================

====== Algorithm Status ======
Valor:                4870
Time:                 256000
nIter:                256753
Best Iter:            256753
Improvement Count:    256752
==============================
Solution tour: 
0 
13 7 29 
7 9 23 31 12 33 
12 32 36 32 19 37 29 16 29 37 19 32 12 34 12 35 24 37 31 37 29 6 
2 6 32 17 22 28 22 17 33 23 31 23 30 33 8 33 17 39 17 26 18 28 
==============================

====== Algorithm Status ======
Valor:                5386
Time:                 512001
nIter:                489507
Best Iter:            489507
Improvement Count:    489506
==============================
Solution tour: 
0 
13 9 7 29 
7 9 23 31 23 37 31 12 33 
12 32 24 36 32 19 37 29 16 29 37 19 32 12 34 21 34 12 27 12 35 12 6 29 6 
2 6 28 22 28 22 17 33 38 30 38 33 8 33 17 39 17 26 39 8 39 18 31 
==============================

====== Algorithm Status ======
Valor:                5553
Time:                 1024001
nIter:                902130
Best Iter:            902130
Improvement Count:    902131
==============================
Solution tour: 
0 
13 9 7 29 
7 9 23 31 23 31 37 31 12 33 
12 32 36 32 19 37 29 16 29 37 19 32 12 34 21 34 12 27 12 35 34 6 29 6 
2 6 34 26 39 22 28 22 39 17 33 38 30 38 33 8 33 17 39 17 26 18 19 
==============================

====== Algorithm Status ======
Valor:                5553
Time:                 1024001
nIter:                902130
Best Iter:            902130
Improvement Count:    902131
==============================
Solution tour: 
0 
13 9 7 29 
7 9 23 31 23 31 37 31 12 33 
12 32 36 32 19 37 29 16 29 37 19 32 12 34 21 34 12 27 12 35 34 6 29 6 
2 6 34 26 39 22 28 22 39 17 33 38 30 38 33 8 33 17 39 17 26 18 19 
==============================

