=========== Input ===========
File name:                ./instances/created-instances/mm-10-10-1110588.cdop
Total node count:         21
Truck node count:         10
Drone node count:         10
=============================

========== Settings ==========
Settings file:        ./settings/Memetic_MPX_1881515.config
Seed:                 1881515
Reduction method:     -
Max iter:             1024000
Population size:      13
Crossover:            MA-MPX
Local Search:         LS
Warm Start:           -
==============================

====== Algorithm Status ======
Valor:                3203
Time:                 251
nIter:                115
Best Iter:            115
Improvement Count:    114
==============================
Solution tour: 
0 19 0 12 16 
8 14 16 14 
9 14 17 13 20 11 10 11 
5 7 16 7 15 
10 15 
7 20 13 12 18 12 13 6 
2 6 12 0 
3 14 
4 13 4 14 10 
==============================

====== Algorithm Status ======
Valor:                3232
Time:                 500
nIter:                224
Best Iter:            224
Improvement Count:    223
==============================
Solution tour: 
0 19 0 12 16 15 17 
1 
8 14 16 14 
9 14 17 14 4 13 20 11 10 11 
5 7 16 7 15 
10 15 
7 20 13 12 18 12 13 6 13 
4 17 15 6 
2 6 12 0 10 
==============================

====== Algorithm Status ======
Valor:                3297
Time:                 1000
nIter:                437
Best Iter:            437
Improvement Count:    436
==============================
Solution tour: 
0 19 0 12 16 15 17 4 14 
1 
8 14 16 14 
9 14 17 14 4 13 20 11 10 11 
5 7 16 7 15 
10 15 
7 20 13 12 18 12 13 
4 17 15 6 
2 6 12 0 10 
==============================

====== Algorithm Status ======
Valor:                3317
Time:                 2001
nIter:                872
Best Iter:            872
Improvement Count:    871
==============================
Solution tour: 
0 19 0 12 16 15 17 4 14 8 
1 
8 14 16 14 
9 14 17 14 4 13 20 11 10 11 
5 7 16 7 15 
10 15 
7 20 13 12 18 12 13 
4 17 15 6 
3 12 0 6 
2 6 
==============================

====== Algorithm Status ======
Valor:                3317
Time:                 4002
nIter:                1715
Best Iter:            1715
Improvement Count:    1714
==============================
Solution tour: 
0 19 0 12 16 15 17 4 14 8 
1 
8 14 16 14 
9 14 17 14 4 13 20 11 10 11 
5 7 16 7 15 
10 15 
7 20 13 12 18 12 13 
4 17 15 6 
3 12 0 6 
2 6 
==============================

====== Algorithm Status ======
Valor:                3328
Time:                 8000
nIter:                3446
Best Iter:            3446
Improvement Count:    3445
==============================
Solution tour: 
0 19 0 12 0 6 15 17 4 14 8 
1 
8 14 16 14 
9 14 17 14 4 13 20 11 10 11 16 15 
5 7 16 7 15 
10 15 
7 20 13 12 18 12 13 
4 17 15 6 
3 12 6 2 6 
==============================

====== Algorithm Status ======
Valor:                3348
Time:                 16002
nIter:                6712
Best Iter:            6712
Improvement Count:    6711
==============================
Solution tour: 
0 19 0 12 0 6 15 17 4 14 8 
1 
8 14 16 14 
9 14 17 14 4 13 20 11 10 11 16 15 
5 11 7 16 7 15 
10 15 
7 20 13 12 18 12 13 
4 17 15 6 
2 6 
==============================

====== Algorithm Status ======
Valor:                3348
Time:                 32000
nIter:                13195
Best Iter:            13195
Improvement Count:    13194
==============================
Solution tour: 
0 19 0 12 0 6 15 17 4 14 8 
1 
8 14 16 14 
9 14 17 14 4 13 20 11 10 11 16 15 
5 11 7 16 7 15 
10 15 
7 20 13 12 18 12 13 
4 17 15 6 
2 6 
==============================

====== Algorithm Status ======
Valor:                3348
Time:                 64001
nIter:                26385
Best Iter:            26385
Improvement Count:    26384
==============================
Solution tour: 
0 19 0 12 0 6 15 17 4 14 8 
1 
8 14 16 14 
9 14 17 14 4 13 20 11 10 11 16 15 
5 11 7 16 7 15 
10 15 
7 20 13 12 18 12 13 
4 17 15 6 
2 6 
==============================

====== Algorithm Status ======
Valor:                3364
Time:                 128000
nIter:                52743
Best Iter:            52743
Improvement Count:    52742
==============================
Solution tour: 
0 19 0 12 0 6 15 17 4 14 8 
1 
8 14 16 14 
9 14 4 13 20 11 10 11 
5 11 16 15 16 7 16 7 15 
10 15 
7 20 13 12 18 12 13 
4 17 15 6 
2 6 
==============================

====== Algorithm Status ======
Valor:                3364
Time:                 256000
nIter:                106877
Best Iter:            106877
Improvement Count:    106876
==============================
Solution tour: 
0 19 0 12 0 6 15 17 4 14 8 
1 
8 14 16 14 
9 14 4 13 20 11 10 11 
5 11 16 15 16 7 16 7 15 
10 15 
7 20 13 12 18 12 13 
4 17 15 6 
2 6 
==============================

====== Algorithm Status ======
Valor:                3381
Time:                 512000
nIter:                214965
Best Iter:            214965
Improvement Count:    214964
==============================
Solution tour: 
0 19 0 12 0 6 15 17 14 
1 
8 14 16 14 
9 14 4 13 20 11 10 11 
5 11 16 7 16 7 15 
10 15 
7 20 13 12 18 12 13 
4 14 17 15 6 2 6 
==============================

====== Algorithm Status ======
Valor:                3381
Time:                 1024005
nIter:                431769
Best Iter:            431769
Improvement Count:    431770
==============================
Solution tour: 
0 19 0 12 0 6 15 17 14 
1 
8 14 16 14 
9 14 4 13 20 11 10 11 
5 11 16 7 16 7 15 
10 15 
7 20 13 12 18 12 13 
4 14 17 15 6 2 6 
==============================

====== Algorithm Status ======
Valor:                3381
Time:                 1024005
nIter:                431769
Best Iter:            431769
Improvement Count:    431770
==============================
Solution tour: 
0 19 0 12 0 6 15 17 14 
1 
8 14 16 14 
9 14 4 13 20 11 10 11 
5 11 16 7 16 7 15 
10 15 
7 20 13 12 18 12 13 
4 14 17 15 6 2 6 
==============================

