=========== Input ===========
File name:                ./instances/created-instances/mm-15-10-1917698.cdop
Total node count:         26
Truck node count:         15
Drone node count:         10
=============================

========== Settings ==========
Settings file:        ./settings/Memetic_MPX_1287823.config
Seed:                 1287823
Reduction method:     -
Max iter:             1024000
Population size:      13
Crossover:            MA-MPX
Local Search:         LS
Warm Start:           -
==============================

====== Algorithm Status ======
Valor:                3439
Time:                 251
nIter:                75
Best Iter:            75
Improvement Count:    74
==============================
Solution tour: 
0 14 18 14 22 21 22 14 
10 13 4 0 23 9 12 3 
13 14 0 17 2 19 
7 11 
2 23 2 
11 
8 17 4 9 
4 25 14 15 
6 9 14 13 
3 12 9 18 
1 15 12 
15 14 4 17 
==============================

====== Algorithm Status ======
Valor:                3439
Time:                 502
nIter:                148
Best Iter:            148
Improvement Count:    147
==============================
Solution tour: 
0 14 18 14 22 21 22 14 
10 13 4 0 23 9 12 3 
13 14 0 17 2 19 
7 11 
2 23 2 
11 
8 17 4 9 
4 25 14 15 
6 9 14 13 
3 12 9 18 
1 15 12 
15 14 4 17 
==============================

====== Algorithm Status ======
Valor:                3465
Time:                 1004
nIter:                291
Best Iter:            291
Improvement Count:    290
==============================
Solution tour: 
0 14 22 21 22 14 25 
4 17 4 9 
6 9 18 14 
15 
14 18 14 0 17 2 5 
2 
11 12 
9 12 15 
3 15 12 9 4 23 0 23 2 
8 2 17 2 23 
12 3 14 
13 14 19 17 
==============================

====== Algorithm Status ======
Valor:                3465
Time:                 2001
nIter:                565
Best Iter:            565
Improvement Count:    564
==============================
Solution tour: 
0 14 22 21 22 14 25 
4 17 4 9 
6 9 18 14 
15 
14 18 14 0 17 2 5 
2 
11 12 
9 12 15 
3 15 12 9 4 23 0 23 2 
8 2 17 2 23 
12 3 14 
13 14 19 17 
==============================

====== Algorithm Status ======
Valor:                3591
Time:                 4000
nIter:                1119
Best Iter:            1119
Improvement Count:    1118
==============================
Solution tour: 
0 23 0 17 8 
7 19 0 14 18 14 22 9 18 
1 18 9 6 9 
5 25 20 22 21 22 
6 16 
13 14 18 
14 15 14 13 3 23 
2 8 2 23 17 11 
8 17 2 17 0 12 9 12 
15 12 9 
4 17 4 
==============================

====== Algorithm Status ======
Valor:                3591
Time:                 8000
nIter:                2203
Best Iter:            2203
Improvement Count:    2202
==============================
Solution tour: 
0 23 0 17 8 
7 19 0 14 18 14 22 9 18 
1 18 9 6 9 
5 25 20 22 21 22 
6 16 
13 14 18 
14 15 14 13 3 23 
2 8 2 23 17 11 
8 17 2 17 0 12 9 12 
15 12 9 
4 17 4 
==============================

====== Algorithm Status ======
Valor:                3650
Time:                 16001
nIter:                4481
Best Iter:            4481
Improvement Count:    4480
==============================
Solution tour: 
0 14 0 23 8 17 2 
11 2 
8 2 23 0 23 
2 
5 9 4 17 0 17 19 14 
13 14 22 21 22 
14 18 14 15 
1 15 
12 9 
6 9 18 9 5 2 17 
4 9 12 
15 
9 12 3 15 14 
==============================

====== Algorithm Status ======
Valor:                3683
Time:                 32002
nIter:                8932
Best Iter:            8932
Improvement Count:    8931
==============================
Solution tour: 
0 2 17 
4 9 12 2 
11 8 17 2 
8 2 23 0 23 
2 
5 9 4 17 0 17 19 0 14 18 1 
10 13 16 
13 14 22 21 22 14 
1 15 14 13 
3 12 15 
12 9 6 9 18 
14 
==============================

====== Algorithm Status ======
Valor:                3798
Time:                 64006
nIter:                17605
Best Iter:            17605
Improvement Count:    17604
==============================
Solution tour: 
0 2 23 17 0 14 
13 14 18 3 
12 
15 12 
9 18 9 
6 18 
1 18 14 15 14 
3 14 22 21 22 9 4 17 2 11 2 19 2 17 0 17 
4 9 12 
11 8 17 
8 23 0 23 
2 5 9 22 14 
==============================

====== Algorithm Status ======
Valor:                3798
Time:                 128000
nIter:                34986
Best Iter:            34986
Improvement Count:    34985
==============================
Solution tour: 
0 2 23 17 0 14 
13 14 18 3 
12 
15 12 
9 18 9 
6 18 
1 18 14 15 14 
3 14 22 21 22 9 4 17 2 11 2 19 2 17 0 17 
4 9 12 
11 8 17 
8 23 0 23 
2 5 9 22 14 
==============================

====== Algorithm Status ======
Valor:                3805
Time:                 256001
nIter:                69630
Best Iter:            69630
Improvement Count:    69629
==============================
Solution tour: 
0 2 23 17 0 14 
13 14 18 3 
12 
15 12 
9 18 9 
6 9 18 
1 18 14 15 14 
3 14 22 21 22 9 4 17 2 11 2 19 2 17 0 17 
4 9 12 
11 8 17 
8 23 0 23 2 
5 9 22 14 
==============================

====== Algorithm Status ======
Valor:                3805
Time:                 512001
nIter:                138445
Best Iter:            138445
Improvement Count:    138444
==============================
Solution tour: 
0 2 23 17 0 14 
13 14 18 3 
12 
15 12 
9 18 9 
6 9 18 
1 18 14 15 14 
3 14 22 21 22 9 4 17 2 11 2 19 2 17 0 17 
4 9 12 
11 8 17 
8 23 0 23 2 
5 9 22 14 
==============================

====== Algorithm Status ======
Valor:                3834
Time:                 1024003
nIter:                272868
Best Iter:            272868
Improvement Count:    272869
==============================
Solution tour: 
0 23 2 8 23 8 2 17 0 14 22 14 
3 22 21 22 9 4 17 2 11 2 19 2 23 0 17 
4 9 12 3 14 
13 14 18 3 13 3 
12 
15 12 
9 
6 9 22 18 1 15 
1 18 14 
==============================

====== Algorithm Status ======
Valor:                3834
Time:                 1024003
nIter:                272868
Best Iter:            272868
Improvement Count:    272869
==============================
Solution tour: 
0 23 2 8 23 8 2 17 0 14 22 14 
3 22 21 22 9 4 17 2 11 2 19 2 23 0 17 
4 9 12 3 14 
13 14 18 3 13 3 
12 
15 12 
9 
6 9 22 18 1 15 
1 18 14 
==============================

