=========== Input ===========
File name:                ./instances/created-instances/mm-10-40-1891798.cdop
Total node count:         51
Truck node count:         10
Drone node count:         40
=============================

========== Settings ==========
Settings file:        ./settings/Memetic_MMX_1881515.config
Seed:                 1881515
Reduction method:     -
Max iter:             1024000
Population size:      13
Crossover:            MA-MMX
Local Search:         LS
Warm Start:           -
==============================

====== Algorithm Status ======
Valor:                6145
Time:                 256
nIter:                19
Best Iter:            19
Improvement Count:    18
==============================
Solution tour: 
0 32 8 29 8 32 26 15 24 25 24 36 13 1 17 21 1 11 19 11 4 1 44 1 9 11 43 11 1 4 23 6 19 49 41 49 34 22 48 
10 40 42 45 20 9 46 9 10 19 6 23 43 4 43 23 12 13 37 46 29 33 31 5 1 14 27 38 18 29 46 19 
9 16 48 39 32 
==============================

====== Algorithm Status ======
Valor:                6582
Time:                 500
nIter:                45
Best Iter:            45
Improvement Count:    44
==============================
Solution tour: 
0 32 8 29 8 32 26 30 24 15 24 25 24 36 13 12 21 1 17 50 17 1 11 19 11 1 44 1 23 6 23 43 11 43 4 23 6 19 49 41 49 34 22 48 
10 40 42 45 20 19 9 46 2 23 4 43 23 13 37 46 29 33 31 5 14 27 38 18 29 46 
9 16 39 32 22 
==============================

====== Algorithm Status ======
Valor:                6687
Time:                 1008
nIter:                95
Best Iter:            95
Improvement Count:    94
==============================
Solution tour: 
0 32 8 29 8 32 26 18 38 30 24 15 24 25 24 36 13 12 21 1 17 1 11 19 11 1 44 1 4 43 23 43 11 43 4 23 6 19 49 41 49 34 22 48 39 48 22 
10 40 42 45 20 19 9 46 27 15 37 46 29 33 31 33 44 14 46 
9 16 39 32 22 32 39 28 19 
==============================

====== Algorithm Status ======
Valor:                6900
Time:                 2014
nIter:                174
Best Iter:            174
Improvement Count:    173
==============================
Solution tour: 
0 32 8 29 8 32 26 18 27 47 30 24 15 24 25 24 36 13 21 1 44 1 23 6 23 43 11 43 4 23 2 20 49 41 49 34 22 48 39 48 
10 40 42 45 20 19 6 9 46 2 23 4 43 23 38 27 12 13 36 15 37 46 29 33 31 33 29 46 
9 16 28 1 14 17 50 2 39 32 41 
==============================

====== Algorithm Status ======
Valor:                6905
Time:                 4007
nIter:                314
Best Iter:            314
Improvement Count:    313
==============================
Solution tour: 
0 32 8 29 8 32 26 18 27 47 30 24 25 24 36 13 21 1 44 1 23 6 23 43 11 43 4 23 2 19 20 49 41 49 34 22 48 39 48 
10 40 42 45 20 19 6 9 46 2 23 4 43 23 38 27 12 13 36 24 15 37 46 29 33 31 33 29 46 
9 16 28 1 14 17 50 2 39 32 41 
==============================

====== Algorithm Status ======
Valor:                7115
Time:                 8009
nIter:                639
Best Iter:            639
Improvement Count:    638
==============================
Solution tour: 
0 32 8 29 8 32 20 46 37 15 25 15 24 30 36 13 3 17 21 17 14 1 44 1 11 23 6 23 43 11 43 4 23 2 19 20 49 41 49 34 22 48 39 48 10 16 
10 40 42 45 20 19 6 9 46 9 2 23 4 43 23 38 27 12 13 36 24 25 24 15 37 46 29 33 31 5 32 39 32 26 35 7 35 
==============================

====== Algorithm Status ======
Valor:                7418
Time:                 16005
nIter:                1483
Best Iter:            1483
Improvement Count:    1482
==============================
Solution tour: 
0 32 22 32 8 29 8 32 20 46 37 15 24 36 25 36 30 36 13 21 1 17 1 14 1 44 1 11 19 11 23 43 11 43 4 23 6 19 49 41 49 48 39 48 10 16 
10 40 42 40 10 34 45 20 19 6 9 46 9 6 23 4 43 23 27 12 13 36 24 25 24 15 37 46 29 33 31 33 38 31 5 32 39 32 26 35 7 35 
==============================

====== Algorithm Status ======
Valor:                7466
Time:                 32000
nIter:                2980
Best Iter:            2980
Improvement Count:    2979
==============================
Solution tour: 
0 32 22 32 8 29 8 32 20 46 37 15 24 30 24 36 13 21 17 1 17 14 1 44 1 11 19 11 23 43 11 43 4 23 6 19 2 39 49 41 49 48 39 48 10 16 
10 40 42 40 10 34 45 20 19 6 9 46 9 6 23 4 43 23 27 12 13 36 24 25 24 15 37 46 29 33 31 33 38 31 5 32 39 32 26 35 7 35 
==============================

====== Algorithm Status ======
Valor:                7466
Time:                 64007
nIter:                5953
Best Iter:            5953
Improvement Count:    5952
==============================
Solution tour: 
0 32 22 32 8 29 8 32 20 46 37 15 24 30 24 36 13 21 17 1 17 14 1 44 1 11 19 11 23 43 11 43 4 23 6 19 2 39 49 41 49 48 39 48 10 16 
10 40 42 40 10 34 45 20 19 6 9 46 9 6 23 4 43 23 27 12 13 36 24 25 24 15 37 46 29 33 31 33 38 31 5 32 39 32 26 35 7 35 
==============================

====== Algorithm Status ======
Valor:                7542
Time:                 128009
nIter:                11612
Best Iter:            11612
Improvement Count:    11611
==============================
Solution tour: 
0 32 22 32 8 29 46 37 15 24 36 30 24 30 36 13 21 17 1 17 14 1 44 1 11 19 11 23 43 11 43 4 23 6 19 2 39 49 41 49 48 39 48 10 16 
10 40 42 40 10 34 45 20 19 6 9 46 9 6 23 4 43 23 27 12 13 36 24 25 24 15 37 46 29 33 31 33 38 18 29 8 32 39 32 26 35 7 35 
==============================

====== Algorithm Status ======
Valor:                7542
Time:                 256001
nIter:                22468
Best Iter:            22468
Improvement Count:    22467
==============================
Solution tour: 
0 32 22 32 8 29 46 37 15 24 36 30 24 30 36 13 21 17 1 17 14 1 44 1 11 19 11 23 43 11 43 4 23 6 19 2 39 49 41 49 48 39 48 10 16 
10 40 42 40 10 34 45 20 19 6 9 46 9 6 23 4 43 23 27 12 13 36 24 25 24 15 37 46 29 33 31 33 38 18 29 8 32 39 32 26 35 7 35 
==============================

====== Algorithm Status ======
Valor:                7542
Time:                 512000
nIter:                43429
Best Iter:            43429
Improvement Count:    43428
==============================
Solution tour: 
0 32 22 32 8 29 46 37 15 24 36 30 24 30 36 13 21 17 1 17 14 1 44 1 11 19 11 23 43 11 43 4 23 6 19 2 39 49 41 49 48 39 48 10 16 
10 40 42 40 10 34 45 20 19 6 9 46 9 6 23 4 43 23 27 12 13 36 24 25 24 15 37 46 29 33 31 33 38 18 29 8 32 39 32 26 35 7 35 
==============================

====== Algorithm Status ======
Valor:                7548
Time:                 1024012
nIter:                84804
Best Iter:            84804
Improvement Count:    84805
==============================
Solution tour: 
0 32 22 32 8 29 46 37 15 24 25 24 36 30 24 30 36 13 21 1 17 1 14 1 44 1 11 19 11 43 4 23 43 11 6 19 2 39 49 41 49 39 48 10 16 
10 40 42 40 34 45 20 19 6 9 46 9 6 23 4 43 23 6 27 12 13 36 24 15 37 46 29 33 31 38 18 29 8 32 39 32 26 35 7 35 
==============================

====== Algorithm Status ======
Valor:                7548
Time:                 1024012
nIter:                84804
Best Iter:            84804
Improvement Count:    84805
==============================
Solution tour: 
0 32 22 32 8 29 46 37 15 24 25 24 36 30 24 30 36 13 21 1 17 1 14 1 44 1 11 19 11 43 4 23 43 11 6 19 2 39 49 41 49 39 48 10 16 
10 40 42 40 34 45 20 19 6 9 46 9 6 23 4 43 23 6 27 12 13 36 24 15 37 46 29 33 31 38 18 29 8 32 39 32 26 35 7 35 
==============================

