=========== Input ===========
File name:                ./instances/created-instances/mm-15-25-1110588.cdop
Total node count:         41
Truck node count:         15
Drone node count:         25
=============================

========== Settings ==========
Settings file:        ./settings/Memetic-LS_MMX_1287823.config
Seed:                 1287823
Reduction method:     -
Max iter:             1024000
Population size:      13
Crossover:            MA-MMX
Local Search:         -
Warm Start:           -
==============================

====== Algorithm Status ======
Valor:                2499
Time:                 250
nIter:                460
Best Iter:            460
Improvement Count:    459
==============================
Solution tour: 
0 6 28 25 36 
4 13 29 
1 13 27 21 27 13 26 
11 33 26 34 26 33 34 40 19 40 
6 19 
==============================

====== Algorithm Status ======
Valor:                2725
Time:                 500
nIter:                884
Best Iter:            884
Improvement Count:    883
==============================
Solution tour: 
0 6 28 25 36 
4 13 29 
1 13 27 21 27 13 26 
11 33 26 34 26 33 34 31 19 40 19 
6 19 
==============================

====== Algorithm Status ======
Valor:                3019
Time:                 1003
nIter:                1712
Best Iter:            1712
Improvement Count:    1711
==============================
Solution tour: 
0 6 28 25 36 
4 13 29 19 13 27 21 27 13 26 
11 33 26 34 26 33 34 31 19 31 13 31 40 19 38 
==============================

====== Algorithm Status ======
Valor:                3288
Time:                 2000
nIter:                3288
Best Iter:            3288
Improvement Count:    3287
==============================
Solution tour: 
0 6 28 25 36 
4 13 29 19 29 13 27 21 27 13 26 
11 33 34 33 26 34 26 13 31 13 19 31 19 13 22 13 31 38 
==============================

====== Algorithm Status ======
Valor:                4466
Time:                 4001
nIter:                5852
Best Iter:            5852
Improvement Count:    5851
==============================
Solution tour: 
0 19 
6 36 32 29 32 36 29 36 29 19 25 19 29 37 23 37 27 21 38 21 38 21 27 13 26 
11 15 33 26 34 26 
13 31 13 27 20 27 31 19 13 19 21 20 22 21 22 13 20 13 22 38 
==============================

====== Algorithm Status ======
Valor:                4508
Time:                 8000
nIter:                10306
Best Iter:            10306
Improvement Count:    10305
==============================
Solution tour: 
0 
14 
6 36 32 29 32 36 29 36 29 19 25 19 29 37 23 37 27 21 38 21 38 21 27 13 26 
11 15 33 26 34 26 
13 31 13 27 20 27 31 19 13 19 22 21 22 13 20 21 20 13 22 31 38 
==============================

====== Algorithm Status ======
Valor:                4764
Time:                 16000
nIter:                18681
Best Iter:            18681
Improvement Count:    18680
==============================
Solution tour: 
0 
3 
14 23 
6 36 32 29 32 36 29 36 29 38 25 38 39 38 19 29 37 23 37 27 21 38 21 27 13 26 
11 
15 33 26 34 26 
13 31 13 27 20 27 19 13 19 31 22 21 22 13 20 21 20 13 22 38 
==============================

====== Algorithm Status ======
Valor:                4910
Time:                 32000
nIter:                34389
Best Iter:            34389
Improvement Count:    34388
==============================
Solution tour: 
0 
14 23 
6 36 18 36 32 29 32 36 
3 38 25 38 39 21 39 38 29 23 37 23 39 27 21 38 21 27 13 26 
11 
15 33 26 34 26 
13 31 13 27 20 27 13 19 31 22 21 19 21 22 13 20 21 20 13 22 38 
==============================

====== Algorithm Status ======
Valor:                5072
Time:                 64004
nIter:                61481
Best Iter:            61481
Improvement Count:    61480
==============================
Solution tour: 
0 
14 23 
6 36 18 32 36 32 29 32 
3 38 25 38 39 22 39 24 22 21 39 21 39 21 39 38 29 23 37 23 39 27 21 38 21 27 26 
11 
15 33 26 34 26 
13 31 13 27 20 27 13 19 31 19 21 22 13 20 21 20 13 22 31 38 
==============================

====== Algorithm Status ======
Valor:                5443
Time:                 128002
nIter:                109993
Best Iter:            109993
Improvement Count:    109992
==============================
Solution tour: 
0 
14 23 
6 36 18 32 36 32 29 32 
3 38 25 38 22 38 39 22 39 21 24 22 21 39 38 39 23 37 23 39 27 21 38 21 27 26 
11 
15 
10 
7 26 34 26 
13 31 13 27 20 27 13 19 31 19 21 22 13 20 21 20 13 22 2 31 2 22 31 38 
==============================

====== Algorithm Status ======
Valor:                5637
Time:                 256001
nIter:                202684
Best Iter:            202684
Improvement Count:    202683
==============================
Solution tour: 
0 
14 23 
6 36 18 32 36 32 29 32 
3 25 38 22 38 21 38 31 38 39 22 39 21 24 21 39 38 39 23 37 23 39 27 21 38 21 27 
15 
11 26 
10 
7 26 34 26 
13 31 13 27 20 27 13 19 31 19 16 21 22 13 25 13 20 13 22 2 31 2 22 21 38 
==============================

====== Algorithm Status ======
Valor:                5641
Time:                 512001
nIter:                381973
Best Iter:            381973
Improvement Count:    381972
==============================
Solution tour: 
0 
14 23 
6 36 18 32 36 32 29 32 
3 25 38 22 21 38 31 38 39 22 39 21 24 21 39 38 39 23 37 23 39 27 21 38 21 27 
15 
11 26 
10 
7 26 35 34 26 
13 31 13 27 20 27 13 19 31 19 16 21 22 13 25 13 20 13 22 2 31 2 22 38 
==============================

====== Algorithm Status ======
Valor:                6198
Time:                 1024001
nIter:                734781
Best Iter:            734781
Improvement Count:    734782
==============================
Solution tour: 
0 
14 23 32 18 16 29 16 18 32 36 32 29 32 
3 38 22 
6 22 21 38 25 38 31 38 39 22 39 21 24 21 39 23 37 23 39 38 21 20 
15 
11 26 7 
10 
7 26 34 26 35 20 13 20 13 31 13 27 20 27 13 19 31 19 16 19 21 22 13 25 13 22 2 31 2 22 38 
==============================

====== Algorithm Status ======
Valor:                6198
Time:                 1024001
nIter:                734781
Best Iter:            734781
Improvement Count:    734782
==============================
Solution tour: 
0 
14 23 32 18 16 29 16 18 32 36 32 29 32 
3 38 22 
6 22 21 38 25 38 31 38 39 22 39 21 24 21 39 23 37 23 39 38 21 20 
15 
11 26 7 
10 
7 26 34 26 35 20 13 20 13 31 13 27 20 27 13 19 31 19 16 19 21 22 13 25 13 22 2 31 2 22 38 
==============================

