=========== Input ===========
File name:                ./instances/created-instances/mm-5-40-1917698.cdop
Total node count:         46
Truck node count:         5
Drone node count:         40
=============================

========== Settings ==========
Settings file:        ./settings/Memetic_MMX_1287823.config
Seed:                 1287823
Reduction method:     -
Max iter:             1024000
Population size:      13
Crossover:            MA-MMX
Local Search:         LS
Warm Start:           -
==============================

====== Algorithm Status ======
Valor:                6096
Time:                 266
nIter:                15
Best Iter:            15
Improvement Count:    14
==============================
Solution tour: 
0 30 31 24 3 10 38 33 38 6 27 45 28 45 37 36 14 22 40 23 32 5 18 5 21 25 26 25 27 12 38 17 38 10 8 45 41 36 45 41 39 28 41 45 28 24 0 
4 19 22 14 5 18 32 21 25 27 12 27 44 2 7 40 31 37 45 26 45 37 24 31 30 0 15 0 31 40 37 11 3 34 13 34 3 24 4 
==============================

====== Algorithm Status ======
Valor:                6451
Time:                 502
nIter:                28
Best Iter:            28
Improvement Count:    27
==============================
Solution tour: 
0 4 19 4 41 39 25 39 8 10 29 1 20 1 34 20 3 11 3 24 3 10 38 12 38 6 38 33 38 17 38 10 41 36 31 24 36 41 37 45 41 45 39 21 16 32 18 
5 14 22 14 36 45 26 45 37 40 7 40 22 15 0 30 31 36 14 40 31 37 11 3 11 37 24 31 30 0 15 0 40 37 11 3 34 13 34 3 24 4 
==============================

====== Algorithm Status ======
Valor:                6596
Time:                 1008
nIter:                65
Best Iter:            65
Improvement Count:    64
==============================
Solution tour: 
0 4 19 4 41 39 25 39 8 10 29 1 20 1 20 34 20 3 11 3 24 3 10 38 12 38 6 38 33 38 17 38 10 41 36 31 24 36 41 37 45 41 45 39 21 16 32 5 18 
5 14 22 14 36 45 26 45 37 40 7 40 22 15 0 30 31 36 14 40 31 37 11 3 11 37 24 37 31 37 28 26 44 27 12 8 45 41 37 24 31 30 37 30 
==============================

====== Algorithm Status ======
Valor:                7174
Time:                 2007
nIter:                184
Best Iter:            184
Improvement Count:    183
==============================
Solution tour: 
0 4 0 3 34 20 1 20 34 1 29 1 20 1 20 34 3 24 3 10 38 12 38 6 38 33 38 17 38 10 41 36 31 24 36 41 37 45 39 41 45 27 25 21 16 32 5 18 
5 14 22 14 36 45 26 45 37 40 7 40 0 15 0 30 19 31 36 14 36 37 11 3 11 37 24 37 28 39 25 26 21 44 21 25 27 12 27 8 27 45 41 37 24 31 37 31 30 
==============================

====== Algorithm Status ======
Valor:                7174
Time:                 4021
nIter:                346
Best Iter:            346
Improvement Count:    345
==============================
Solution tour: 
0 4 0 3 34 20 1 20 34 1 29 1 20 1 20 34 3 24 3 10 38 12 38 6 38 33 38 17 38 10 41 36 31 24 36 41 37 45 39 41 45 27 25 21 16 32 5 18 
5 14 22 14 36 45 26 45 37 40 7 40 0 15 0 30 19 31 36 14 36 37 11 3 11 37 24 37 28 39 25 26 21 44 21 25 27 12 27 8 27 45 41 37 24 31 37 31 30 
==============================

====== Algorithm Status ======
Valor:                7244
Time:                 8017
nIter:                666
Best Iter:            666
Improvement Count:    665
==============================
Solution tour: 
0 4 0 22 24 3 34 20 1 34 20 1 29 1 20 34 3 24 41 10 38 12 38 6 38 33 38 17 38 10 41 36 31 24 36 41 24 37 45 39 41 45 27 25 21 16 32 5 18 
5 14 22 14 36 45 26 45 37 40 7 40 0 15 0 30 19 31 36 14 36 37 11 3 11 37 24 37 28 39 25 26 25 21 44 21 25 27 12 27 8 27 45 41 37 24 31 37 31 30 
==============================

====== Algorithm Status ======
Valor:                7301
Time:                 16001
nIter:                1288
Best Iter:            1288
Improvement Count:    1287
==============================
Solution tour: 
0 4 0 22 24 3 34 20 1 29 1 20 34 3 24 41 10 38 12 38 6 38 33 38 17 38 10 41 36 31 24 36 41 24 37 45 39 41 45 27 25 21 42 16 32 5 18 
5 14 22 14 36 45 26 45 37 40 7 40 0 15 0 30 19 31 36 14 36 37 11 3 11 37 24 37 28 39 25 26 25 21 44 21 25 27 12 27 8 27 45 41 37 24 31 37 31 30 
==============================

====== Algorithm Status ======
Valor:                7309
Time:                 32003
nIter:                2583
Best Iter:            2583
Improvement Count:    2582
==============================
Solution tour: 
0 4 0 19 22 24 3 34 20 1 29 1 20 34 3 24 41 10 38 12 38 6 38 33 38 17 38 10 41 36 31 24 36 41 39 41 45 27 25 21 42 16 32 5 18 
5 14 22 14 36 45 26 45 37 40 7 40 0 15 0 30 19 31 36 14 36 37 11 3 11 37 24 37 28 39 25 26 25 21 44 21 25 27 12 27 8 27 45 41 37 24 31 37 31 30 
==============================

====== Algorithm Status ======
Valor:                7371
Time:                 64003
nIter:                5142
Best Iter:            5142
Improvement Count:    5141
==============================
Solution tour: 
0 4 0 19 22 24 3 34 20 1 29 1 20 34 3 24 41 10 38 12 38 6 38 33 38 17 38 10 41 36 31 24 36 41 39 41 45 27 25 21 42 16 32 5 18 
5 14 22 14 36 45 26 45 28 37 45 37 40 7 40 0 15 0 30 31 36 14 37 11 3 11 37 28 39 25 26 25 44 21 25 27 12 27 8 27 45 41 24 37 24 37 24 31 30 
==============================

====== Algorithm Status ======
Valor:                7552
Time:                 128026
nIter:                9952
Best Iter:            9952
Improvement Count:    9951
==============================
Solution tour: 
0 3 34 20 1 29 1 20 34 3 24 41 10 38 12 38 33 38 17 38 10 41 36 31 24 3 36 41 39 41 45 27 25 32 5 18 
5 14 22 14 36 14 40 37 45 26 45 37 40 7 40 0 15 0 4 19 31 37 11 3 11 37 28 44 21 25 39 25 21 25 27 12 27 6 8 27 45 41 24 31 0 30 
==============================

====== Algorithm Status ======
Valor:                7612
Time:                 256015
nIter:                19160
Best Iter:            19160
Improvement Count:    19159
==============================
Solution tour: 
0 31 24 3 34 20 1 29 1 20 34 3 10 38 12 38 33 38 17 38 10 8 39 28 45 36 31 36 41 39 41 45 27 25 32 5 18 
5 14 22 14 36 14 40 37 45 26 45 37 40 7 40 0 15 0 
4 19 31 37 11 3 11 37 28 44 21 25 39 25 21 25 27 12 27 6 27 45 41 36 3 24 31 0 30 
==============================

====== Algorithm Status ======
Valor:                7626
Time:                 512008
nIter:                35788
Best Iter:            35788
Improvement Count:    35787
==============================
Solution tour: 
0 31 24 3 34 20 1 29 1 20 34 3 10 8 10 38 12 38 33 38 17 38 10 3 36 31 36 41 39 41 45 27 25 32 5 18 
5 14 22 14 36 14 40 37 45 26 45 37 40 7 40 0 15 0 
4 19 31 37 11 3 11 37 28 44 21 26 25 21 25 39 25 27 12 27 6 27 45 41 36 3 24 31 0 30 
==============================

====== Algorithm Status ======
Valor:                7626
Time:                 1024005
nIter:                69367
Best Iter:            69367
Improvement Count:    69368
==============================
Solution tour: 
0 31 24 3 34 20 1 29 1 20 34 3 10 8 10 38 12 38 33 38 17 38 10 3 36 31 36 41 39 41 45 27 25 32 5 18 
5 14 22 14 36 14 40 37 45 26 45 37 40 7 40 0 15 0 
4 19 31 37 11 3 11 37 28 44 21 26 25 21 25 39 25 27 12 27 6 27 45 41 36 3 24 31 0 30 
==============================

====== Algorithm Status ======
Valor:                7626
Time:                 1024005
nIter:                69367
Best Iter:            69367
Improvement Count:    69368
==============================
Solution tour: 
0 31 24 3 34 20 1 29 1 20 34 3 10 8 10 38 12 38 33 38 17 38 10 3 36 31 36 41 39 41 45 27 25 32 5 18 
5 14 22 14 36 14 40 37 45 26 45 37 40 7 40 0 15 0 
4 19 31 37 11 3 11 37 28 44 21 26 25 21 25 39 25 27 12 27 6 27 45 41 36 3 24 31 0 30 
==============================

