=========== Input ===========
File name:                ./instances/created-instances/mm-15-10-1762875.cdop
Total node count:         26
Truck node count:         15
Drone node count:         10
=============================

========== Settings ==========
Settings file:        ./settings/Memetic_MPX_1881515.config
Seed:                 1881515
Reduction method:     -
Max iter:             1024000
Population size:      13
Crossover:            MA-MPX
Local Search:         LS
Warm Start:           -
==============================

====== Algorithm Status ======
Valor:                3502
Time:                 251
nIter:                78
Best Iter:            78
Improvement Count:    77
==============================
Solution tour: 
0 5 
6 5 13 5 
10 23 19 23 
13 9 
14 5 16 
7 
4 21 12 
8 
12 21 10 17 11 18 11 17 20 18 20 11 
3 11 20 17 10 
1 24 1 21 1 0 19 25 
15 20 19 9 13 5 
==============================

====== Algorithm Status ======
Valor:                3502
Time:                 500
nIter:                154
Best Iter:            154
Improvement Count:    153
==============================
Solution tour: 
0 5 
6 5 13 5 
10 23 19 23 
13 9 
14 5 16 
7 
4 21 12 
8 
12 21 10 17 11 18 11 17 20 18 20 11 
3 11 20 17 10 
1 24 1 21 1 0 19 25 
15 20 19 9 13 5 
==============================

====== Algorithm Status ======
Valor:                3502
Time:                 1001
nIter:                307
Best Iter:            307
Improvement Count:    306
==============================
Solution tour: 
0 5 
6 5 13 5 
10 23 19 23 
13 9 
14 5 16 
7 
4 21 12 
8 
12 21 10 17 11 18 11 17 20 18 20 11 
3 11 20 17 10 
1 24 1 21 1 0 19 25 
15 20 19 9 13 5 
==============================

====== Algorithm Status ======
Valor:                3502
Time:                 2001
nIter:                612
Best Iter:            612
Improvement Count:    611
==============================
Solution tour: 
0 5 
6 5 13 5 
10 23 19 23 
13 9 
14 5 16 
7 
4 21 12 
8 
12 21 10 17 11 18 11 17 20 18 20 11 
3 11 20 17 10 
1 24 1 21 1 0 19 25 
15 20 19 9 13 5 
==============================

====== Algorithm Status ======
Valor:                3599
Time:                 4003
nIter:                1229
Best Iter:            1229
Improvement Count:    1228
==============================
Solution tour: 
0 5 
6 5 13 5 0 
10 23 19 23 10 
13 9 
14 5 16 
7 
4 21 12 
8 
12 21 10 17 11 18 11 17 20 18 20 11 
3 11 20 17 21 
1 24 19 25 19 
9 19 
==============================

====== Algorithm Status ======
Valor:                3599
Time:                 8006
nIter:                2459
Best Iter:            2459
Improvement Count:    2458
==============================
Solution tour: 
0 5 
6 5 13 5 0 
10 23 19 23 10 
13 9 
14 5 16 
7 
4 21 12 
8 
12 21 10 17 11 18 11 17 20 18 20 11 
3 11 20 17 21 
1 24 19 25 19 
9 19 
==============================

====== Algorithm Status ======
Valor:                3599
Time:                 16002
nIter:                4901
Best Iter:            4901
Improvement Count:    4900
==============================
Solution tour: 
0 5 
6 5 13 5 0 
10 23 19 23 10 
13 9 
14 5 16 
7 
4 21 12 
8 
12 21 10 17 11 18 11 17 20 18 20 11 
3 11 20 17 21 
1 24 19 25 19 
9 19 
==============================

====== Algorithm Status ======
Valor:                3599
Time:                 32000
nIter:                9802
Best Iter:            9802
Improvement Count:    9801
==============================
Solution tour: 
0 5 
6 5 13 5 0 
10 23 19 23 10 
13 9 
14 5 16 
7 
4 21 12 
8 
12 21 10 17 11 18 11 17 20 18 20 11 
3 11 20 17 21 
1 24 19 25 19 
9 19 
==============================

====== Algorithm Status ======
Valor:                3629
Time:                 64001
nIter:                18982
Best Iter:            18982
Improvement Count:    18981
==============================
Solution tour: 
0 5 13 
9 19 25 20 18 11 
3 11 17 20 15 20 5 
14 5 16 
7 
6 5 6 7 
4 21 12 21 
1 21 17 10 21 
10 23 19 23 10 17 
8 18 20 17 
11 18 20 19 9 
13 5 0 6 
==============================

====== Algorithm Status ======
Valor:                3629
Time:                 128003
nIter:                37365
Best Iter:            37365
Improvement Count:    37364
==============================
Solution tour: 
0 5 13 
9 19 25 20 18 11 
3 11 17 20 15 20 5 
14 5 16 
7 
6 5 6 7 
4 21 12 21 
1 21 17 10 21 
10 23 19 23 10 17 
8 18 20 17 
11 18 20 19 9 
13 5 0 6 
==============================

====== Algorithm Status ======
Valor:                3634
Time:                 256000
nIter:                73938
Best Iter:            73938
Improvement Count:    73937
==============================
Solution tour: 
0 5 13 
9 19 25 20 18 11 
3 11 17 20 15 20 5 
6 5 6 7 6 
2 6 9 
8 20 17 
11 18 20 25 19 9 
13 5 
7 19 24 1 21 
10 23 19 23 10 
14 5 16 
5 
==============================

====== Algorithm Status ======
Valor:                3643
Time:                 512002
nIter:                146465
Best Iter:            146465
Improvement Count:    146464
==============================
Solution tour: 
0 5 13 
9 19 25 20 18 11 3 
12 21 
10 23 19 23 10 21 17 
3 11 17 20 15 20 5 
6 5 6 16 7 6 
2 6 9 
8 20 17 
11 18 20 25 19 9 
13 5 
==============================

====== Algorithm Status ======
Valor:                3643
Time:                 1024001
nIter:                290778
Best Iter:            290778
Improvement Count:    290779
==============================
Solution tour: 
0 5 13 
9 19 25 20 18 11 3 
12 21 
10 23 19 23 10 21 17 
3 11 17 20 15 20 5 
6 5 6 16 7 6 
2 6 9 
8 20 17 
11 18 20 25 19 9 
13 5 
==============================

====== Algorithm Status ======
Valor:                3643
Time:                 1024001
nIter:                290778
Best Iter:            290778
Improvement Count:    290779
==============================
Solution tour: 
0 5 13 
9 19 25 20 18 11 3 
12 21 
10 23 19 23 10 21 17 
3 11 17 20 15 20 5 
6 5 6 16 7 6 
2 6 9 
8 20 17 
11 18 20 25 19 9 
13 5 
==============================

