=========== Input ===========
File name:                ./instances/created-instances/mm-5-25-1762875.cdop
Total node count:         31
Truck node count:         5
Drone node count:         25
=============================

========== Settings ==========
Settings file:        ./settings/Memetic_MPX_1881515.config
Seed:                 1881515
Reduction method:     -
Max iter:             1024000
Population size:      13
Crossover:            MA-MPX
Local Search:         LS
Warm Start:           -
==============================

====== Algorithm Status ======
Valor:                4992
Time:                 250
nIter:                48
Best Iter:            48
Improvement Count:    47
==============================
Solution tour: 
0 26 0 10 21 10 18 
1 28 12 22 12 4 5 13 11 14 30 14 7 27 7 15 14 15 10 
2 8 11 20 28 16 28 23 17 
4 28 20 14 25 19 3 24 29 24 29 10 16 15 
3 15 16 20 11 8 6 
==============================

====== Algorithm Status ======
Valor:                4992
Time:                 504
nIter:                85
Best Iter:            85
Improvement Count:    84
==============================
Solution tour: 
0 26 0 10 21 10 18 
1 28 12 22 12 4 5 13 11 14 30 14 7 27 7 15 14 15 10 
2 8 11 20 28 16 28 23 17 
4 28 20 14 25 19 3 24 29 24 29 10 16 15 
3 15 16 20 11 8 6 
==============================

====== Algorithm Status ======
Valor:                5066
Time:                 1002
nIter:                173
Best Iter:            173
Improvement Count:    172
==============================
Solution tour: 
0 26 11 13 
5 6 12 22 7 14 30 14 7 27 7 15 
3 15 7 17 28 11 8 
2 8 11 20 28 16 28 23 17 
4 12 28 20 14 25 19 3 24 29 24 29 10 21 10 16 15 14 15 10 18 
1 20 16 20 11 26 
==============================

====== Algorithm Status ======
Valor:                5236
Time:                 2002
nIter:                342
Best Iter:            342
Improvement Count:    341
==============================
Solution tour: 
0 26 0 9 
1 20 16 20 11 26 11 8 
4 12 28 20 14 25 19 3 24 29 24 29 10 21 10 16 15 23 14 30 14 15 16 10 18 1 9 
2 8 11 20 28 16 28 23 17 23 15 
3 15 7 15 14 30 7 27 16 11 13 
5 6 
==============================

====== Algorithm Status ======
Valor:                5280
Time:                 4000
nIter:                692
Best Iter:            692
Improvement Count:    691
==============================
Solution tour: 
0 26 0 9 
1 20 28 16 20 11 8 26 8 
4 12 28 20 14 25 19 3 24 29 24 29 10 21 10 16 15 14 23 14 30 3 14 15 16 10 18 1 9 
2 11 8 11 20 16 28 23 17 23 15 
3 30 14 30 3 15 7 27 22 12 4 5 13 
5 6 
==============================

====== Algorithm Status ======
Valor:                5367
Time:                 8004
nIter:                1357
Best Iter:            1357
Improvement Count:    1356
==============================
Solution tour: 
0 26 0 6 0 9 
1 20 28 16 20 11 8 26 8 
4 12 28 20 14 25 19 3 24 3 29 24 29 10 21 10 16 15 14 30 14 30 3 15 16 10 18 1 9 
2 8 11 20 16 28 23 17 23 14 15 
3 30 15 7 27 22 12 4 5 13 
==============================

====== Algorithm Status ======
Valor:                5413
Time:                 16002
nIter:                2584
Best Iter:            2584
Improvement Count:    2583
==============================
Solution tour: 
0 26 6 0 9 
1 20 16 20 11 8 26 8 
4 12 28 20 14 25 19 3 30 29 24 3 24 29 10 21 10 16 28 16 15 14 30 14 15 16 10 18 1 9 
2 8 11 20 28 23 17 23 15 
3 15 7 27 22 12 4 5 13 
5 26 
==============================

====== Algorithm Status ======
Valor:                5562
Time:                 32002
nIter:                5260
Best Iter:            5260
Improvement Count:    5259
==============================
Solution tour: 
0 26 0 
5 13 5 
2 8 11 20 16 28 23 17 23 15 
3 15 7 15 30 14 7 27 12 22 12 
4 12 28 16 20 28 20 14 25 19 3 19 25 14 30 29 24 3 24 29 10 21 10 16 15 14 15 16 10 18 1 9 
1 20 11 8 6 
==============================

====== Algorithm Status ======
Valor:                5573
Time:                 64006
nIter:                10153
Best Iter:            10153
Improvement Count:    10152
==============================
Solution tour: 
0 26 0 5 13 
2 8 11 20 16 28 23 17 23 15 
3 15 7 15 30 14 30 7 27 12 22 12 
4 12 28 16 20 28 20 14 25 19 3 19 25 14 30 29 24 3 24 29 10 21 10 16 15 14 15 16 10 18 1 9 
1 20 11 8 26 6 
==============================

====== Algorithm Status ======
Valor:                5573
Time:                 128001
nIter:                19641
Best Iter:            19641
Improvement Count:    19640
==============================
Solution tour: 
0 26 0 5 13 
2 8 11 20 16 28 23 17 23 15 
3 15 7 15 30 14 30 7 27 12 22 12 
4 12 28 16 20 28 20 14 25 19 3 19 25 14 30 29 24 3 24 29 10 21 10 16 15 14 15 16 10 18 1 9 
1 20 11 8 26 6 
==============================

====== Algorithm Status ======
Valor:                5573
Time:                 256002
nIter:                38784
Best Iter:            38784
Improvement Count:    38783
==============================
Solution tour: 
0 26 0 5 13 
2 8 11 20 16 28 23 17 23 15 
3 15 7 15 30 14 30 7 27 12 22 12 
4 12 28 16 20 28 20 14 25 19 3 19 25 14 30 29 24 3 24 29 10 21 10 16 15 14 15 16 10 18 1 9 
1 20 11 8 26 6 
==============================

====== Algorithm Status ======
Valor:                5573
Time:                 512002
nIter:                76576
Best Iter:            76576
Improvement Count:    76575
==============================
Solution tour: 
0 26 0 5 13 
2 8 11 20 16 28 23 17 23 15 
3 15 7 15 30 14 30 7 27 12 22 12 
4 12 28 16 20 28 20 14 25 19 3 19 25 14 30 29 24 3 24 29 10 21 10 16 15 14 15 16 10 18 1 9 
1 20 11 8 26 6 
==============================

====== Algorithm Status ======
Valor:                5573
Time:                 1024004
nIter:                151380
Best Iter:            151380
Improvement Count:    151381
==============================
Solution tour: 
0 26 0 5 13 
2 8 11 20 16 28 23 17 23 15 
3 15 7 15 30 14 30 7 27 12 22 12 
4 12 28 16 20 28 20 14 25 19 3 19 25 14 30 29 24 3 24 29 10 21 10 16 15 14 15 16 10 18 1 9 
1 20 11 8 26 6 
==============================

====== Algorithm Status ======
Valor:                5573
Time:                 1024004
nIter:                151380
Best Iter:            151380
Improvement Count:    151381
==============================
Solution tour: 
0 26 0 5 13 
2 8 11 20 16 28 23 17 23 15 
3 15 7 15 30 14 30 7 27 12 22 12 
4 12 28 16 20 28 20 14 25 19 3 19 25 14 30 29 24 3 24 29 10 21 10 16 15 14 15 16 10 18 1 9 
1 20 11 8 26 6 
==============================

