=========== Input ===========
File name:                ./instances/created-instances/mm-15-25-1767920.cdop
Total node count:         41
Truck node count:         15
Drone node count:         25
=============================

========== Settings ==========
Settings file:        ./settings/Memetic-LS_MPX_1881515.config
Seed:                 1881515
Reduction method:     -
Max iter:             1024000
Population size:      13
Crossover:            MA-MPX
Local Search:         -
Warm Start:           -
==============================

====== Algorithm Status ======
Valor:                1858
Time:                 250
nIter:                416
Best Iter:            416
Improvement Count:    415
==============================
Solution tour: 
0 27 
2 32 
5 
8 
1 28 
6 
10 
15 
7 21 
4 
12 29 
14 
13 33 19 
9 
11 37 
==============================

====== Algorithm Status ======
Valor:                1946
Time:                 500
nIter:                803
Best Iter:            803
Improvement Count:    802
==============================
Solution tour: 
0 27 
13 33 19 
2 32 
5 
1 28 
6 
10 
15 
3 
14 
12 29 
4 
7 21 
9 
8 
11 37 
==============================

====== Algorithm Status ======
Valor:                1946
Time:                 1000
nIter:                1534
Best Iter:            1534
Improvement Count:    1533
==============================
Solution tour: 
0 27 
13 33 19 
2 32 
5 
1 28 
6 
10 
15 
3 
14 
12 29 
4 
7 21 
9 
8 
11 37 
==============================

====== Algorithm Status ======
Valor:                1946
Time:                 2000
nIter:                3071
Best Iter:            3071
Improvement Count:    3070
==============================
Solution tour: 
0 27 
13 33 19 
2 32 
5 
1 28 
6 
10 
15 
3 
14 
12 29 
4 
7 21 
9 
8 
11 37 
==============================

====== Algorithm Status ======
Valor:                2055
Time:                 4000
nIter:                6282
Best Iter:            6282
Improvement Count:    6281
==============================
Solution tour: 
0 27 
13 33 19 
2 32 
5 
1 28 
6 
10 
15 
3 
14 
12 29 
4 
7 21 
9 27 
11 37 
==============================

====== Algorithm Status ======
Valor:                2333
Time:                 8000
nIter:                12450
Best Iter:            12450
Improvement Count:    12449
==============================
Solution tour: 
0 16 19 
3 
9 27 
2 32 
5 
8 
1 28 
6 10 
15 
10 33 
14 
12 29 
4 
7 21 
13 20 
11 37 
==============================

====== Algorithm Status ======
Valor:                2515
Time:                 16000
nIter:                24787
Best Iter:            24787
Improvement Count:    24786
==============================
Solution tour: 
0 31 
12 29 
4 
7 21 
13 20 
3 19 16 
9 27 
2 32 
5 
8 10 28 
6 
1 
15 
10 20 33 
14 18 
11 37 
==============================

====== Algorithm Status ======
Valor:                2941
Time:                 32000
nIter:                48606
Best Iter:            48606
Improvement Count:    48605
==============================
Solution tour: 
0 31 20 
14 13 18 
11 37 
12 29 
4 21 
7 
13 20 
1 22 19 
10 20 16 
3 40 
15 
9 27 
2 32 
5 
8 10 28 
==============================

====== Algorithm Status ======
Valor:                3102
Time:                 64000
nIter:                93756
Best Iter:            93756
Improvement Count:    93755
==============================
Solution tour: 
0 31 20 
13 20 38 10 28 
1 22 19 
10 20 28 16 
6 
3 40 
15 
9 27 
8 
5 
2 32 
14 13 
11 37 
12 29 
4 21 
7 23 
==============================

====== Algorithm Status ======
Valor:                3418
Time:                 128000
nIter:                178892
Best Iter:            178892
Improvement Count:    178891
==============================
Solution tour: 
0 31 20 
1 22 19 16 17 1 28 10 
7 
4 21 29 23 
13 20 38 10 28 
6 
3 40 
15 
10 
9 27 39 
2 32 
14 13 7 
11 37 14 
12 
8 26 
==============================

====== Algorithm Status ======
Valor:                3506
Time:                 256000
nIter:                347123
Best Iter:            347123
Improvement Count:    347122
==============================
Solution tour: 
0 31 20 
1 22 19 16 17 1 28 10 
7 
13 20 38 10 28 
6 
3 40 
15 
10 
9 27 39 
4 21 4 29 23 
2 32 
14 13 
11 37 
12 
8 26 
==============================

====== Algorithm Status ======
Valor:                3556
Time:                 512003
nIter:                680506
Best Iter:            680506
Improvement Count:    680505
==============================
Solution tour: 
0 31 20 
1 22 19 16 17 1 28 10 
7 
13 20 38 10 28 
6 
3 40 
15 
10 
9 27 39 
4 21 4 29 23 25 
2 32 
14 13 
11 37 
12 
8 31 
==============================

====== Algorithm Status ======
Valor:                3686
Time:                 1024001
nIter:                1345904
Best Iter:            1345904
Improvement Count:    1345905
==============================
Solution tour: 
0 31 20 
1 22 19 16 17 1 28 10 20 
13 38 20 28 
6 
3 40 
15 
10 19 10 
9 27 3 39 21 
4 29 23 
7 25 
2 32 
14 13 
11 37 
12 
8 26 31 
==============================

====== Algorithm Status ======
Valor:                3686
Time:                 1024001
nIter:                1345904
Best Iter:            1345904
Improvement Count:    1345905
==============================
Solution tour: 
0 31 20 
1 22 19 16 17 1 28 10 20 
13 38 20 28 
6 
3 40 
15 
10 19 10 
9 27 3 39 21 
4 29 23 
7 25 
2 32 
14 13 
11 37 
12 
8 26 31 
==============================

