=========== Input ===========
File name:                ./instances/created-instances/mm-5-10-1762875.cdop
Total node count:         16
Truck node count:         5
Drone node count:         10
=============================

========== Settings ==========
Settings file:        ./settings/Memetic-LS_MPX_1881515.config
Seed:                 1881515
Reduction method:     -
Max iter:             1024000
Population size:      13
Crossover:            MA-MPX
Local Search:         -
Warm Start:           -
==============================

====== Algorithm Status ======
Valor:                1882
Time:                 250
nIter:                1573
Best Iter:            1573
Improvement Count:    1572
==============================
Solution tour: 
0 11 14 13 
3 13 6 10 8 
2 8 
1 8 4 12 15 
5 7 14 
4 14 7 
==============================

====== Algorithm Status ======
Valor:                1882
Time:                 500
nIter:                3269
Best Iter:            3269
Improvement Count:    3268
==============================
Solution tour: 
0 11 14 13 
3 13 6 10 8 
2 8 
1 8 4 12 15 
5 7 14 
4 14 7 
==============================

====== Algorithm Status ======
Valor:                1903
Time:                 1000
nIter:                6364
Best Iter:            6364
Improvement Count:    6363
==============================
Solution tour: 
0 11 14 13 
3 13 6 10 
1 
2 8 1 8 4 12 4 15 
5 7 14 
4 14 7 
==============================

====== Algorithm Status ======
Valor:                1903
Time:                 2000
nIter:                12459
Best Iter:            12459
Improvement Count:    12458
==============================
Solution tour: 
0 11 14 13 
3 13 6 10 
1 
2 8 1 8 4 12 4 15 
5 7 14 
4 14 7 
==============================

====== Algorithm Status ======
Valor:                1966
Time:                 4000
nIter:                23630
Best Iter:            23630
Improvement Count:    23629
==============================
Solution tour: 
0 6 10 14 13 
3 13 11 2 1 
2 8 
1 8 4 12 4 11 10 
5 15 7 14 
4 14 7 
==============================

====== Algorithm Status ======
Valor:                2000
Time:                 8000
nIter:                46939
Best Iter:            46939
Improvement Count:    46938
==============================
Solution tour: 
0 6 10 15 14 13 
3 13 5 11 2 1 
2 8 
1 8 4 12 4 10 
5 7 14 
4 14 7 
==============================

====== Algorithm Status ======
Valor:                2007
Time:                 16000
nIter:                93189
Best Iter:            93189
Improvement Count:    93188
==============================
Solution tour: 
0 6 10 15 14 13 
3 13 5 11 8 2 1 
2 8 
1 8 4 12 11 
5 7 14 
4 14 7 
==============================

====== Algorithm Status ======
Valor:                2071
Time:                 32000
nIter:                179123
Best Iter:            179123
Improvement Count:    179122
==============================
Solution tour: 
0 6 5 10 
5 7 14 13 
3 13 5 11 8 2 1 
2 8 
1 8 4 12 4 15 14 
4 14 7 
==============================

====== Algorithm Status ======
Valor:                2071
Time:                 64000
nIter:                338992
Best Iter:            338992
Improvement Count:    338991
==============================
Solution tour: 
0 6 5 10 
5 7 14 13 
3 13 5 11 8 2 1 
2 8 
1 8 4 12 4 15 14 
4 14 7 
==============================

====== Algorithm Status ======
Valor:                2074
Time:                 128000
nIter:                660866
Best Iter:            660866
Improvement Count:    660865
==============================
Solution tour: 
0 6 5 10 11 
5 15 14 13 
3 13 5 11 8 2 1 
2 8 
1 8 4 12 4 7 14 
4 14 7 
==============================

====== Algorithm Status ======
Valor:                2121
Time:                 256000
nIter:                1309411
Best Iter:            1309411
Improvement Count:    1309410
==============================
Solution tour: 
0 6 10 5 10 11 
5 15 14 13 
3 15 5 11 8 2 1 
2 8 
1 8 4 12 4 7 14 
4 14 7 
==============================

====== Algorithm Status ======
Valor:                2172
Time:                 512000
nIter:                2597468
Best Iter:            2597468
Improvement Count:    2597467
==============================
Solution tour: 
0 6 11 5 10 
5 15 14 13 3 15 5 11 8 1 2 9 
2 8 2 
1 8 4 12 4 7 14 
4 14 7 
==============================

====== Algorithm Status ======
Valor:                2172
Time:                 1024001
nIter:                4344131
Best Iter:            4344131
Improvement Count:    4344132
==============================
Solution tour: 
0 6 11 5 10 
5 15 14 13 3 15 5 11 8 1 2 9 
2 8 2 
1 8 4 12 4 7 14 
4 14 7 
==============================

====== Algorithm Status ======
Valor:                2172
Time:                 1024001
nIter:                4344131
Best Iter:            4344131
Improvement Count:    4344132
==============================
Solution tour: 
0 6 11 5 10 
5 15 14 13 3 15 5 11 8 1 2 9 
2 8 2 
1 8 4 12 4 7 14 
4 14 7 
==============================

