=========== Input ===========
File name:                ./instances/created-instances/mm-10-40-1762875.cdop
Total node count:         51
Truck node count:         10
Drone node count:         40
=============================

========== Settings ==========
Settings file:        ./settings/Memetic_MMX_1881515.config
Seed:                 1881515
Reduction method:     -
Max iter:             1024000
Population size:      13
Crossover:            MA-MMX
Local Search:         LS
Warm Start:           -
==============================

====== Algorithm Status ======
Valor:                6134
Time:                 258
nIter:                16
Best Iter:            16
Improvement Count:    15
==============================
Solution tour: 
0 6 5 13 10 32 12 32 19 32 10 13 
5 39 47 48 45 30 8 30 45 35 16 35 42 18 11 26 31 
8 31 24 31 15 31 40 33 22 1 12 27 6 46 
6 27 41 
7 21 29 17 13 47 39 5 27 9 44 36 28 11 37 15 37 3 45 22 33 29 14 43 42 6 
==============================

====== Algorithm Status ======
Valor:                6559
Time:                 504
nIter:                35
Best Iter:            35
Improvement Count:    34
==============================
Solution tour: 
0 5 13 10 32 12 32 19 32 10 13 
5 39 48 47 13 17 21 22 34 22 45 30 8 30 45 35 16 35 42 18 11 26 24 
8 24 31 3 40 8 31 8 33 22 33 40 31 40 3 37 15 37 15 31 15 24 36 44 36 43 14 43 36 28 44 29 33 25 33 8 31 24 26 24 16 24 44 23 43 42 6 46 
==============================

====== Algorithm Status ======
Valor:                6851
Time:                 1002
nIter:                67
Best Iter:            67
Improvement Count:    66
==============================
Solution tour: 
0 5 13 10 32 12 32 19 32 10 13 
5 39 47 48 47 13 29 17 29 21 22 34 22 45 15 37 45 30 8 30 45 25 33 35 16 35 42 18 11 26 24 
8 31 24 31 37 3 40 8 31 8 33 22 33 25 40 31 40 3 37 15 31 15 24 16 24 36 23 14 43 36 28 44 43 14 28 36 44 24 9 27 46 6 46 6 
==============================

====== Algorithm Status ======
Valor:                7095
Time:                 2010
nIter:                126
Best Iter:            126
Improvement Count:    125
==============================
Solution tour: 
0 6 46 6 46 27 46 5 13 10 32 12 32 19 10 13 
5 39 47 48 47 13 17 35 17 29 21 12 1 34 22 45 37 45 30 8 30 45 25 33 35 16 35 42 18 11 26 24 
8 24 31 15 37 3 40 8 31 8 33 22 33 25 45 40 31 45 31 40 3 37 15 31 24 16 24 36 23 14 43 36 28 44 36 44 43 42 6 
==============================

====== Algorithm Status ======
Valor:                7161
Time:                 4004
nIter:                237
Best Iter:            237
Improvement Count:    236
==============================
Solution tour: 
0 6 27 6 46 5 13 10 32 12 32 19 32 10 13 
5 39 47 48 47 13 17 35 17 29 21 12 1 34 22 45 37 45 30 8 30 45 25 33 35 16 35 42 18 11 26 24 
8 24 31 15 37 3 40 8 31 8 33 22 33 25 45 40 31 45 31 40 3 37 15 31 24 16 24 36 23 14 43 36 28 44 36 44 43 42 6 
==============================

====== Algorithm Status ======
Valor:                7270
Time:                 8014
nIter:                469
Best Iter:            469
Improvement Count:    468
==============================
Solution tour: 
0 6 46 6 27 41 27 46 5 13 10 32 12 32 19 32 10 13 
5 39 47 48 47 13 17 35 17 29 21 12 1 34 22 33 45 15 37 15 45 37 45 30 8 30 45 33 25 33 35 16 35 42 18 11 26 24 
8 24 31 15 37 3 40 31 8 45 8 31 40 3 37 15 31 24 16 24 44 36 43 23 43 14 43 36 28 36 44 43 42 6 
==============================

====== Algorithm Status ======
Valor:                7403
Time:                 16013
nIter:                929
Best Iter:            929
Improvement Count:    928
==============================
Solution tour: 
0 6 46 6 27 41 27 46 27 9 27 5 13 10 32 12 32 19 32 10 13 
5 39 47 48 47 13 41 6 21 29 17 35 17 29 21 12 1 12 21 29 1 34 1 22 33 32 33 25 33 30 8 31 15 37 15 31 45 15 11 26 24 
8 24 31 40 3 37 3 40 31 8 30 45 31 24 16 24 44 36 43 23 43 14 43 36 28 36 44 18 42 6 
==============================

====== Algorithm Status ======
Valor:                7604
Time:                 32013
nIter:                1918
Best Iter:            1918
Improvement Count:    1917
==============================
Solution tour: 
0 6 27 41 27 6 46 27 9 27 46 9 5 13 10 32 1 32 12 32 19 32 10 13 
5 39 47 48 47 39 5 9 17 29 17 35 21 12 1 34 22 1 22 33 32 33 25 33 22 45 30 8 31 15 37 15 11 26 24 
8 24 31 40 3 37 3 40 31 8 30 45 31 24 16 24 44 28 36 44 36 43 14 43 42 6 
==============================

====== Algorithm Status ======
Valor:                7604
Time:                 64006
nIter:                3920
Best Iter:            3920
Improvement Count:    3919
==============================
Solution tour: 
0 6 27 41 27 6 46 27 9 27 46 9 5 13 10 32 1 32 12 32 19 32 10 13 
5 39 47 48 47 39 5 9 17 29 17 35 21 12 1 34 22 1 22 33 32 33 25 33 22 45 30 8 31 15 37 15 11 26 24 
8 24 31 40 3 37 3 40 31 8 30 45 31 24 16 24 44 28 36 44 36 43 14 43 42 6 
==============================

====== Algorithm Status ======
Valor:                7648
Time:                 128012
nIter:                7851
Best Iter:            7851
Improvement Count:    7850
==============================
Solution tour: 
0 6 27 41 27 6 46 27 9 27 46 9 5 13 10 32 1 32 12 32 19 32 10 13 
5 39 47 48 47 39 5 9 17 35 16 35 17 29 21 12 1 34 22 1 22 33 32 33 25 33 8 37 15 37 11 26 24 
8 24 31 40 3 37 3 40 31 8 30 45 30 8 31 15 31 24 16 24 44 36 28 36 44 43 14 43 42 6 
==============================

====== Algorithm Status ======
Valor:                7821
Time:                 256018
nIter:                15726
Best Iter:            15726
Improvement Count:    15725
==============================
Solution tour: 
0 6 27 41 27 46 6 46 27 9 27 6 46 5 13 10 32 12 1 12 32 19 32 10 13 
5 39 47 48 47 39 5 29 17 35 17 29 21 12 38 49 38 34 22 1 22 33 32 33 25 33 8 37 15 37 11 26 24 
8 24 31 40 3 37 3 40 31 8 30 45 30 8 31 15 31 24 16 24 36 44 36 28 36 43 14 43 42 18 42 6 
==============================

====== Algorithm Status ======
Valor:                7839
Time:                 512008
nIter:                31043
Best Iter:            31043
Improvement Count:    31042
==============================
Solution tour: 
0 6 27 41 27 46 9 27 5 13 10 32 12 1 12 32 19 32 10 13 
5 39 47 48 47 39 5 46 27 9 17 35 17 29 21 12 38 49 38 34 22 1 22 33 32 33 25 33 8 37 15 37 11 26 24 
8 24 31 40 3 37 3 40 31 8 30 45 30 8 31 15 31 24 16 24 44 36 44 28 36 43 14 43 23 43 42 18 42 6 
==============================

====== Algorithm Status ======
Valor:                7839
Time:                 1024005
nIter:                61416
Best Iter:            61416
Improvement Count:    61417
==============================
Solution tour: 
0 6 27 41 27 46 9 27 5 13 10 32 12 1 12 32 19 32 10 13 
5 39 47 48 47 39 5 46 27 9 17 35 17 29 21 12 38 49 38 34 22 1 22 33 32 33 25 33 8 37 15 37 11 26 24 
8 24 31 40 3 37 3 40 31 8 30 45 30 8 31 15 31 24 16 24 44 36 44 28 36 43 14 43 23 43 42 18 42 6 
==============================

====== Algorithm Status ======
Valor:                7839
Time:                 1024005
nIter:                61416
Best Iter:            61416
Improvement Count:    61417
==============================
Solution tour: 
0 6 27 41 27 46 9 27 5 13 10 32 12 1 12 32 19 32 10 13 
5 39 47 48 47 39 5 46 27 9 17 35 17 29 21 12 38 49 38 34 22 1 22 33 32 33 25 33 8 37 15 37 11 26 24 
8 24 31 40 3 37 3 40 31 8 30 45 30 8 31 15 31 24 16 24 44 36 44 28 36 43 14 43 23 43 42 18 42 6 
==============================

