=========== Input ===========
File name:                ./instances/created-instances/mm-15-25-1767920.cdop
Total node count:         41
Truck node count:         15
Drone node count:         25
=============================

========== Settings ==========
Settings file:        ./settings/Memetic-LS_MPX_1099666.config
Seed:                 1099666
Reduction method:     -
Max iter:             1024000
Population size:      13
Crossover:            MA-MPX
Local Search:         -
Warm Start:           -
==============================

====== Algorithm Status ======
Valor:                1763
Time:                 251
nIter:                402
Best Iter:            402
Improvement Count:    401
==============================
Solution tour: 
0 31 
2 29 
4 
8 
12 19 
6 
5 
1 23 
7 30 21 39 
3 
15 
10 20 
9 27 26 
13 23 
==============================

====== Algorithm Status ======
Valor:                1763
Time:                 500
nIter:                755
Best Iter:            755
Improvement Count:    754
==============================
Solution tour: 
0 31 
2 29 
4 
8 
12 19 
6 
5 
1 23 
7 30 21 39 
3 
15 
10 20 
9 27 26 
13 23 
==============================

====== Algorithm Status ======
Valor:                2038
Time:                 1000
nIter:                1513
Best Iter:            1513
Improvement Count:    1512
==============================
Solution tour: 
0 25 
3 
14 
13 32 
2 29 
4 
7 21 39 
11 37 
12 40 19 
10 
15 
9 27 26 
5 26 
6 
1 
8 
==============================

====== Algorithm Status ======
Valor:                2261
Time:                 2000
nIter:                3058
Best Iter:            3058
Improvement Count:    3057
==============================
Solution tour: 
0 25 
1 
3 
13 
14 32 
2 39 29 
4 
7 21 39 
11 37 
12 40 19 
10 
15 
9 27 26 
6 
5 26 
8 31 
==============================

====== Algorithm Status ======
Valor:                2361
Time:                 4000
nIter:                5943
Best Iter:            5943
Improvement Count:    5942
==============================
Solution tour: 
0 23 
13 
14 32 
2 39 29 
4 
7 21 39 
11 37 
12 40 19 
6 
3 27 
9 27 26 
5 26 
15 
10 
1 20 
==============================

====== Algorithm Status ======
Valor:                2513
Time:                 8000
nIter:                11724
Best Iter:            11724
Improvement Count:    11723
==============================
Solution tour: 
0 23 
13 
14 32 
2 29 
4 
7 18 39 21 
11 37 
12 40 19 
6 
3 27 
9 27 26 28 
10 
15 14 
5 26 
8 
1 20 
==============================

====== Algorithm Status ======
Valor:                2513
Time:                 16002
nIter:                23308
Best Iter:            23308
Improvement Count:    23307
==============================
Solution tour: 
0 23 
13 
14 32 
2 29 
4 
7 18 39 21 
11 37 
12 40 19 
6 
3 27 
9 27 26 28 
10 
15 14 
5 26 
8 
1 20 
==============================

====== Algorithm Status ======
Valor:                2620
Time:                 32000
nIter:                46158
Best Iter:            46158
Improvement Count:    46157
==============================
Solution tour: 
0 23 
13 
14 32 
2 
7 21 39 
4 
8 29 
12 40 33 19 
6 
3 27 
9 27 20 28 
10 
15 26 17 
1 
5 18 
11 37 
==============================

====== Algorithm Status ======
Valor:                3212
Time:                 64000
nIter:                89335
Best Iter:            89335
Improvement Count:    89334
==============================
Solution tour: 
0 23 20 
13 
14 32 
2 39 21 
7 
4 29 
8 
12 40 34 40 38 20 16 
6 
3 27 
9 27 19 16 28 
10 
15 26 17 
1 
5 35 18 
11 37 
==============================

====== Algorithm Status ======
Valor:                3310
Time:                 128000
nIter:                174755
Best Iter:            174755
Improvement Count:    174754
==============================
Solution tour: 
0 23 32 20 
13 
14 32 
2 39 21 
7 
4 29 
8 
12 40 34 40 38 20 0 19 
6 
3 9 27 
9 16 28 
10 
15 26 17 
1 
5 35 18 
11 37 
==============================

====== Algorithm Status ======
Valor:                3695
Time:                 256003
nIter:                340239
Best Iter:            340239
Improvement Count:    340238
==============================
Solution tour: 
0 23 
7 
13 
14 32 
2 39 21 
4 29 
12 40 34 38 40 38 26 20 31 19 
6 
3 9 27 
9 16 28 
10 
15 16 17 
1 17 
8 
5 35 18 
11 37 
==============================

====== Algorithm Status ======
Valor:                3870
Time:                 512000
nIter:                662428
Best Iter:            662428
Improvement Count:    662427
==============================
Solution tour: 
0 23 
7 
13 
14 32 
2 39 21 
4 29 
12 8 40 38 34 38 26 20 31 19 
6 
3 9 27 
9 16 28 
10 28 16 17 
1 17 
8 
5 35 18 
11 37 
==============================

====== Algorithm Status ======
Valor:                3876
Time:                 1024001
nIter:                1286512
Best Iter:            1286512
Improvement Count:    1286513
==============================
Solution tour: 
0 23 
7 6 
13 
14 32 
2 39 21 
4 29 
12 8 40 38 34 38 26 20 31 19 17 
6 
3 9 27 
9 16 28 
10 28 16 17 
1 17 
8 
5 35 18 
11 37 
==============================

====== Algorithm Status ======
Valor:                3876
Time:                 1024001
nIter:                1286512
Best Iter:            1286512
Improvement Count:    1286513
==============================
Solution tour: 
0 23 
7 6 
13 
14 32 
2 39 21 
4 29 
12 8 40 38 34 38 26 20 31 19 17 
6 
3 9 27 
9 16 28 
10 28 16 17 
1 17 
8 
5 35 18 
11 37 
==============================

