=========== Input ===========
File name:                ./instances/created-instances/mm-5-40-1762875.cdop
Total node count:         46
Truck node count:         5
Drone node count:         40
=============================

========== Settings ==========
Settings file:        ./settings/Memetic_MMX_1287823.config
Seed:                 1287823
Reduction method:     -
Max iter:             1024000
Population size:      13
Crossover:            MA-MMX
Local Search:         LS
Warm Start:           -
==============================

====== Algorithm Status ======
Valor:                5869
Time:                 257
nIter:                30
Best Iter:            30
Improvement Count:    29
==============================
Solution tour: 
0 26 11 17 20 28 23 44 39 32 31 10 31 39 30 36 14 36 14 25 19 25 14 41 8 21 33 28 45 40 45 
5 45 6 12 42 43 35 27 35 7 20 16 20 7 27 35 43 42 12 36 30 15 20 34 6 38 13 38 26 11 15 30 3 44 29 16 11 26 
==============================

====== Algorithm Status ======
Valor:                6043
Time:                 504
nIter:                69
Best Iter:            69
Improvement Count:    68
==============================
Solution tour: 
0 26 11 17 20 28 20 23 44 39 32 39 31 10 31 39 30 36 14 25 19 25 14 41 8 21 33 28 45 40 45 
5 45 6 45 6 12 43 35 27 7 20 16 20 7 27 35 43 42 35 7 36 30 15 20 34 26 6 38 13 38 26 11 15 30 3 44 29 16 11 26 
==============================

====== Algorithm Status ======
Valor:                6043
Time:                 1017
nIter:                112
Best Iter:            112
Improvement Count:    111
==============================
Solution tour: 
0 26 11 17 20 28 20 23 44 39 32 39 31 10 31 39 30 36 14 25 19 25 14 41 8 21 33 28 45 40 45 
5 45 6 45 6 12 43 35 27 7 20 16 20 7 27 35 43 42 35 7 36 30 15 20 34 26 6 38 13 38 26 11 15 30 3 44 29 16 11 26 
==============================

====== Algorithm Status ======
Valor:                6055
Time:                 2006
nIter:                225
Best Iter:            225
Improvement Count:    224
==============================
Solution tour: 
0 26 11 17 20 28 20 23 44 39 32 39 31 10 31 39 30 36 14 25 19 25 14 41 8 21 33 28 45 40 45 
5 45 6 45 6 43 35 27 7 20 28 23 28 16 20 7 27 35 42 35 7 36 30 15 20 34 26 6 38 13 38 11 15 30 3 44 29 16 11 26 
==============================

====== Algorithm Status ======
Valor:                6447
Time:                 4006
nIter:                465
Best Iter:            465
Improvement Count:    464
==============================
Solution tour: 
0 26 11 16 23 20 28 23 44 39 32 39 31 10 31 39 30 36 14 25 19 25 14 36 44 21 33 28 45 40 45 40 38 13 38 
5 45 6 45 6 45 28 17 20 28 20 17 35 43 35 22 42 35 27 35 7 36 30 15 29 16 11 15 30 3 44 23 28 34 16 11 26 8 41 8 26 
==============================

====== Algorithm Status ======
Valor:                6631
Time:                 8001
nIter:                910
Best Iter:            910
Improvement Count:    909
==============================
Solution tour: 
0 26 11 16 34 20 28 23 44 39 32 39 31 10 31 39 30 36 14 25 19 25 14 36 44 21 33 28 45 40 45 6 38 13 38 6 45 
5 45 6 45 6 45 6 45 28 17 20 17 35 43 35 22 42 35 27 35 7 36 30 15 29 16 11 15 30 39 44 3 44 23 28 20 34 11 26 8 41 8 26 
==============================

====== Algorithm Status ======
Valor:                6793
Time:                 16003
nIter:                1852
Best Iter:            1852
Improvement Count:    1851
==============================
Solution tour: 
0 26 11 16 28 23 44 39 32 39 31 10 31 39 30 36 14 25 19 25 14 36 44 21 33 28 45 40 45 6 38 13 38 6 45 
5 45 6 45 6 45 28 17 20 17 35 43 35 22 42 35 27 35 7 36 30 15 29 15 30 39 44 3 44 23 28 20 34 20 16 11 26 41 4 41 26 8 41 8 26 
==============================

====== Algorithm Status ======
Valor:                6793
Time:                 32006
nIter:                3625
Best Iter:            3625
Improvement Count:    3624
==============================
Solution tour: 
0 26 11 16 28 23 44 39 32 39 31 10 31 39 30 36 14 25 19 25 14 36 44 21 33 28 45 40 45 6 38 13 38 6 45 
5 45 6 45 6 45 28 17 20 17 35 43 35 22 42 35 27 35 7 36 30 15 29 15 30 39 44 3 44 23 28 20 34 20 16 11 26 41 4 41 26 8 41 8 26 
==============================

====== Algorithm Status ======
Valor:                6793
Time:                 64004
nIter:                7323
Best Iter:            7323
Improvement Count:    7322
==============================
Solution tour: 
0 26 11 16 28 23 44 39 32 39 31 10 31 39 30 36 14 25 19 25 14 36 44 21 33 28 45 40 45 6 38 13 38 6 45 
5 45 28 17 20 17 35 43 35 22 42 35 27 35 7 36 30 15 29 15 30 39 44 3 44 23 28 20 34 20 16 11 26 41 4 41 26 8 41 8 26 
==============================

====== Algorithm Status ======
Valor:                6839
Time:                 128004
nIter:                14649
Best Iter:            14649
Improvement Count:    14648
==============================
Solution tour: 
0 26 11 16 23 20 28 23 44 39 32 39 31 10 31 39 30 36 14 25 19 25 14 36 44 21 33 18 26 45 40 45 6 38 13 38 6 45 
5 45 28 17 20 17 35 43 35 22 42 35 27 35 7 36 30 15 29 15 30 39 44 3 44 23 28 20 34 16 11 26 41 4 41 26 8 41 8 26 
==============================

