=========== Input ===========
File name:                ./instances/created-instances/mm-5-40-1891798.cdop
Total node count:         46
Truck node count:         5
Drone node count:         40
=============================

========== Settings ==========
Settings file:        ./settings/Memetic_MMX_1099666.config
Seed:                 1099666
Reduction method:     -
Max iter:             1024000
Population size:      13
Crossover:            MA-MMX
Local Search:         LS
Warm Start:           -
==============================

====== Algorithm Status ======
Valor:                6765
Time:                 253
nIter:                28
Best Iter:            28
Improvement Count:    27
==============================
Solution tour: 
0 33 21 18 8 2 38 2 45 14 29 14 32 14 23 24 23 35 23 12 35 12 13 43 4 6 4 2 11 41 15 39 9 33 0 40 8 4 42 45 
2 8 5 28 25 5 37 17 37 30 32 7 16 7 20 26 36 6 22 6 19 38 21 38 33 38 18 38 31 38 28 
5 40 
==============================

====== Algorithm Status ======
Valor:                6765
Time:                 515
nIter:                49
Best Iter:            49
Improvement Count:    48
==============================
Solution tour: 
0 33 21 18 8 2 38 2 45 14 29 14 32 14 23 24 23 35 23 12 35 12 13 43 4 6 4 2 11 41 15 39 9 33 0 40 8 4 42 45 
2 8 5 28 25 5 37 17 37 30 32 7 16 7 20 26 36 6 22 6 19 38 21 38 33 38 18 38 31 38 28 
5 40 
==============================

====== Algorithm Status ======
Valor:                7085
Time:                 1009
nIter:                84
Best Iter:            84
Improvement Count:    83
==============================
Solution tour: 
0 33 38 18 8 18 8 2 11 2 38 2 42 14 29 14 32 30 23 35 23 12 35 12 13 43 4 8 18 38 44 11 41 15 39 9 2 8 4 
2 45 2 28 5 37 17 37 30 32 14 23 24 23 20 7 16 7 20 26 36 27 10 6 22 6 19 21 38 21 33 0 40 31 
5 28 25 40 
==============================

====== Algorithm Status ======
Valor:                7257
Time:                 2010
nIter:                152
Best Iter:            152
Improvement Count:    151
==============================
Solution tour: 
0 33 18 8 18 8 38 2 8 4 6 36 14 29 14 32 30 37 35 12 13 43 4 18 38 44 11 41 9 39 11 2 4 8 
2 45 2 38 31 28 5 37 17 37 30 32 14 23 24 23 20 7 16 7 20 26 6 10 42 10 6 22 6 19 21 38 21 33 38 33 0 40 31 
5 28 25 40 
==============================

====== Algorithm Status ======
Valor:                7408
Time:                 4012
nIter:                278
Best Iter:            278
Improvement Count:    277
==============================
Solution tour: 
0 33 21 38 18 8 38 2 8 4 6 36 14 29 14 32 30 37 23 35 12 13 43 13 4 10 8 18 38 44 11 41 9 15 39 11 2 4 8 
2 45 2 38 31 28 5 37 17 37 30 32 14 23 24 23 20 7 16 7 20 26 6 10 42 10 6 22 6 19 38 21 33 38 33 0 40 31 
5 28 25 40 
==============================

====== Algorithm Status ======
Valor:                7470
Time:                 8002
nIter:                558
Best Iter:            558
Improvement Count:    557
==============================
Solution tour: 
0 33 21 33 38 18 8 38 2 8 4 6 36 14 29 14 32 30 37 23 35 12 13 43 13 4 10 8 18 38 44 39 15 39 9 41 9 11 2 4 8 
2 45 2 38 31 5 28 5 37 17 37 30 32 14 23 24 23 20 7 16 7 20 26 6 10 42 10 6 22 6 19 38 21 38 33 0 40 31 40 25 40 
==============================

====== Algorithm Status ======
Valor:                7656
Time:                 16011
nIter:                1301
Best Iter:            1301
Improvement Count:    1300
==============================
Solution tour: 
0 33 21 33 38 18 8 18 38 2 8 4 6 36 26 14 29 14 32 30 35 23 35 24 35 12 13 43 13 4 27 41 9 39 15 9 41 11 2 4 8 
2 45 2 38 31 40 25 28 5 37 17 37 30 32 14 23 24 23 20 7 16 7 3 7 20 6 10 42 10 6 22 6 4 19 38 21 38 33 0 40 44 40 
==============================

====== Algorithm Status ======
Valor:                7739
Time:                 32002
nIter:                2823
Best Iter:            2823
Improvement Count:    2822
==============================
Solution tour: 
0 33 21 33 38 18 8 18 38 2 8 4 36 26 14 29 14 32 30 37 23 24 23 35 12 13 43 4 27 41 9 39 9 15 9 41 11 2 4 8 
2 45 2 38 31 25 28 5 37 17 37 30 32 14 20 7 16 7 3 7 13 4 10 42 10 6 22 6 4 6 10 18 19 38 21 38 33 0 40 44 40 
==============================

====== Algorithm Status ======
Valor:                7765
Time:                 64000
nIter:                5841
Best Iter:            5841
Improvement Count:    5840
==============================
Solution tour: 
0 33 21 33 38 18 8 18 38 2 8 4 22 36 26 14 29 14 32 30 37 23 24 23 35 12 13 43 27 41 9 39 9 15 9 41 11 2 4 8 
2 45 2 38 31 40 25 28 5 37 17 37 30 32 14 20 7 16 7 3 7 13 4 10 42 10 6 22 6 4 6 10 18 19 38 21 38 33 0 40 44 40 
==============================

====== Algorithm Status ======
Valor:                7793
Time:                 128004
nIter:                12002
Best Iter:            12002
Improvement Count:    12001
==============================
Solution tour: 
0 33 21 33 38 18 8 18 38 2 8 4 22 36 26 14 29 14 32 30 37 35 23 24 23 35 12 13 43 1 27 15 39 9 41 11 2 4 8 
2 45 2 38 31 40 25 28 5 37 17 37 30 32 14 20 7 16 7 3 7 13 4 10 42 10 6 22 6 4 6 10 18 19 38 21 38 33 0 40 44 40 
==============================

====== Algorithm Status ======
Valor:                7793
Time:                 256006
nIter:                24101
Best Iter:            24101
Improvement Count:    24100
==============================
Solution tour: 
0 33 21 33 38 18 8 18 38 2 8 4 22 36 26 14 29 14 32 30 37 35 23 24 23 35 12 13 43 1 27 15 39 9 41 11 2 4 8 
2 45 2 38 31 40 25 28 5 37 17 37 30 32 14 20 7 16 7 3 7 13 4 10 42 10 6 22 6 4 6 10 18 19 38 21 38 33 0 40 44 40 
==============================

====== Algorithm Status ======
Valor:                7953
Time:                 512006
nIter:                48832
Best Iter:            48832
Improvement Count:    48831
==============================
Solution tour: 
0 33 21 38 21 33 38 18 8 18 8 38 2 8 4 6 22 6 4 36 26 14 29 14 32 30 37 5 28 19 21 39 15 9 41 9 39 44 11 2 4 8 
2 45 2 38 31 40 25 28 5 37 17 37 30 32 14 20 7 16 7 3 7 20 12 35 23 24 23 35 12 13 43 4 10 42 10 6 10 18 38 33 0 40 
==============================

====== Algorithm Status ======
Valor:                7981
Time:                 1024004
nIter:                97399
Best Iter:            97399
Improvement Count:    97400
==============================
Solution tour: 
0 33 21 38 21 33 38 18 8 18 2 11 38 2 8 4 6 22 6 4 42 10 42 36 26 14 29 14 32 30 37 5 28 19 21 39 15 9 41 9 44 11 2 4 8 
2 45 2 38 31 40 25 28 5 37 17 37 30 32 14 20 7 16 7 3 7 20 12 35 23 24 23 35 12 13 43 13 4 10 6 10 18 38 33 0 40 
==============================

====== Algorithm Status ======
Valor:                7981
Time:                 1024004
nIter:                97399
Best Iter:            97399
Improvement Count:    97400
==============================
Solution tour: 
0 33 21 38 21 33 38 18 8 18 2 11 38 2 8 4 6 22 6 4 42 10 42 36 26 14 29 14 32 30 37 5 28 19 21 39 15 9 41 9 44 11 2 4 8 
2 45 2 38 31 40 25 28 5 37 17 37 30 32 14 20 7 16 7 3 7 20 12 35 23 24 23 35 12 13 43 13 4 10 6 10 18 38 33 0 40 
==============================

