=========== Input ===========
File name:                ./instances/created-instances/mm-5-40-1891798.cdop
Total node count:         46
Truck node count:         5
Drone node count:         40
=============================

========== Settings ==========
Settings file:        ./settings/Memetic-LS_MMX_1099666.config
Seed:                 1099666
Reduction method:     -
Max iter:             1024000
Population size:      13
Crossover:            MA-MMX
Local Search:         -
Warm Start:           -
==============================

====== Algorithm Status ======
Valor:                2936
Time:                 250
nIter:                335
Best Iter:            335
Improvement Count:    334
==============================
Solution tour: 
0 24 12 
4 
2 12 
1 23 37 
5 31 10 31 19 21 19 32 19 41 15 16 27 8 36 31 
3 42 25 28 25 18 
==============================

====== Algorithm Status ======
Valor:                3610
Time:                 500
nIter:                662
Best Iter:            662
Improvement Count:    661
==============================
Solution tour: 
0 19 24 12 
4 
2 12 
1 23 37 
5 31 10 31 38 21 38 21 15 21 39 15 39 21 19 31 41 27 36 8 4 
3 42 25 28 25 28 18 
==============================

====== Algorithm Status ======
Valor:                3617
Time:                 1000
nIter:                1221
Best Iter:            1221
Improvement Count:    1220
==============================
Solution tour: 
0 33 24 12 
4 
2 12 
1 23 37 
5 31 10 31 38 21 38 21 15 21 39 15 39 21 19 31 41 27 36 8 4 
3 42 25 28 25 28 18 
==============================

====== Algorithm Status ======
Valor:                4237
Time:                 2000
nIter:                2320
Best Iter:            2320
Improvement Count:    2319
==============================
Solution tour: 
0 33 21 33 21 
1 12 
4 
2 12 24 23 24 23 37 
5 31 38 21 38 8 22 42 38 9 15 9 41 9 21 39 21 19 21 15 4 6 4 8 4 
3 25 27 11 18 
==============================

====== Algorithm Status ======
Valor:                4237
Time:                 4000
nIter:                4401
Best Iter:            4401
Improvement Count:    4400
==============================
Solution tour: 
0 33 21 33 21 
1 12 
4 
2 12 24 23 24 23 37 
5 31 38 21 38 8 22 42 38 9 15 9 41 9 21 39 21 19 21 15 4 6 4 8 4 
3 25 27 11 18 
==============================

====== Algorithm Status ======
Valor:                4549
Time:                 8001
nIter:                8678
Best Iter:            8678
Improvement Count:    8677
==============================
Solution tour: 
0 33 21 33 38 
1 12 14 
4 
2 12 23 24 23 37 
5 42 38 21 38 8 18 38 18 8 31 38 9 15 9 41 11 41 9 39 21 19 21 11 4 6 4 8 4 
3 25 27 18 
==============================

====== Algorithm Status ======
Valor:                5079
Time:                 16000
nIter:                16804
Best Iter:            16804
Improvement Count:    16803
==============================
Solution tour: 
0 33 21 33 38 
1 14 12 
4 
2 12 23 24 23 37 
5 28 38 21 38 2 8 2 38 8 18 8 38 18 38 31 38 9 15 9 41 11 41 9 39 9 39 21 19 6 4 27 4 
3 25 0 40 0 18 
==============================

====== Algorithm Status ======
Valor:                5511
Time:                 32001
nIter:                30507
Best Iter:            30507
Improvement Count:    30506
==============================
Solution tour: 
0 33 38 33 38 13 12 14 4 
2 12 23 12 23 24 23 37 
5 28 38 21 38 2 8 2 38 8 18 8 38 18 38 31 38 9 15 9 41 11 41 9 39 21 19 22 
4 6 4 44 28 25 40 25 0 40 0 18 
==============================

====== Algorithm Status ======
Valor:                5572
Time:                 64000
nIter:                54861
Best Iter:            54861
Improvement Count:    54860
==============================
Solution tour: 
0 33 38 33 38 13 12 14 4 
2 12 23 12 23 24 23 37 
5 28 38 21 38 2 8 2 38 8 18 8 38 18 38 31 38 9 15 9 41 11 41 9 39 21 19 22 
4 6 4 18 44 38 28 25 40 25 0 40 0 18 
==============================

====== Algorithm Status ======
Valor:                6166
Time:                 128000
nIter:                105971
Best Iter:            105971
Improvement Count:    105970
==============================
Solution tour: 
0 33 38 33 2 13 4 
2 29 23 35 23 35 23 24 23 37 30 32 30 37 
5 28 38 21 38 2 8 2 38 8 18 8 38 18 38 31 38 9 15 9 41 11 2 11 41 9 39 21 19 4 6 42 6 22 6 4 42 
4 25 40 0 40 0 18 
==============================

====== Algorithm Status ======
Valor:                6382
Time:                 256000
nIter:                208634
Best Iter:            208634
Improvement Count:    208633
==============================
Solution tour: 
0 33 38 33 2 43 13 4 
2 12 35 23 35 14 23 24 23 35 37 30 32 30 37 
5 28 38 21 38 2 8 2 38 8 18 8 38 18 38 31 38 9 15 39 15 9 41 11 2 11 41 9 39 21 19 42 4 6 22 6 
4 25 40 25 0 40 0 18 
==============================

====== Algorithm Status ======
Valor:                6747
Time:                 512001
nIter:                389645
Best Iter:            389645
Improvement Count:    389644
==============================
Solution tour: 
0 33 38 33 2 4 13 4 
2 12 35 23 24 23 35 37 17 37 30 32 30 37 
5 28 38 21 33 21 38 2 8 2 38 8 18 8 38 18 38 31 38 9 15 39 11 2 11 9 41 9 39 21 19 4 8 4 6 22 6 
4 19 0 40 25 40 0 18 
==============================

====== Algorithm Status ======
Valor:                6757
Time:                 1024006
nIter:                745448
Best Iter:            745448
Improvement Count:    745449
==============================
Solution tour: 
0 33 38 33 2 4 13 4 
2 12 35 23 24 23 35 37 17 37 30 32 30 37 
5 28 38 21 33 21 38 2 8 2 38 8 18 8 38 18 38 31 38 9 15 39 11 2 11 9 41 9 39 21 19 42 4 8 4 6 22 6 
4 19 0 40 25 40 0 18 
==============================

====== Algorithm Status ======
Valor:                6757
Time:                 1024006
nIter:                745448
Best Iter:            745448
Improvement Count:    745449
==============================
Solution tour: 
0 33 38 33 2 4 13 4 
2 12 35 23 24 23 35 37 17 37 30 32 30 37 
5 28 38 21 33 21 38 2 8 2 38 8 18 8 38 18 38 31 38 9 15 39 11 2 11 9 41 9 39 21 19 42 4 8 4 6 22 6 
4 19 0 40 25 40 0 18 
==============================

