=========== Input ===========
File name:                ./instances/created-instances/mm-10-10-1917698.cdop
Total node count:         21
Truck node count:         10
Drone node count:         10
=============================

========== Settings ==========
Settings file:        ./settings/Memetic-LS_MPX_1287823.config
Seed:                 1287823
Reduction method:     -
Max iter:             1024000
Population size:      13
Crossover:            MA-MPX
Local Search:         -
Warm Start:           -
==============================

====== Algorithm Status ======
Valor:                2032
Time:                 250
nIter:                861
Best Iter:            861
Improvement Count:    860
==============================
Solution tour: 
0 17 8 18 14 18 
8 17 
5 13 15 
6 17 11 
3 
4 15 
9 12 
1 15 
10 
7 
2 17 
==============================

====== Algorithm Status ======
Valor:                2045
Time:                 500
nIter:                1652
Best Iter:            1652
Improvement Count:    1651
==============================
Solution tour: 
0 17 8 18 14 18 
8 2 17 
5 13 15 
6 17 11 
3 
4 15 
9 12 
1 15 
10 
7 
2 17 
==============================

====== Algorithm Status ======
Valor:                2046
Time:                 1000
nIter:                3261
Best Iter:            3261
Improvement Count:    3260
==============================
Solution tour: 
0 17 8 18 14 18 
3 
4 15 
6 17 11 
9 12 
5 13 15 
1 15 
10 
7 
2 
8 2 17 
==============================

====== Algorithm Status ======
Valor:                2320
Time:                 2000
nIter:                6563
Best Iter:            6563
Improvement Count:    6562
==============================
Solution tour: 
0 17 8 18 14 18 8 
7 18 
2 
8 17 
5 13 15 
1 15 
10 13 12 
9 15 
4 15 
6 15 13 
3 
==============================

====== Algorithm Status ======
Valor:                2449
Time:                 4000
nIter:                13049
Best Iter:            13049
Improvement Count:    13048
==============================
Solution tour: 
0 17 8 2 18 14 18 8 
7 18 
2 
8 17 
5 13 15 
10 19 12 
9 15 
1 15 
6 15 13 
3 0 
4 15 
==============================

====== Algorithm Status ======
Valor:                2582
Time:                 8000
nIter:                25787
Best Iter:            25787
Improvement Count:    25786
==============================
Solution tour: 
0 17 8 2 18 14 18 8 11 
7 18 
10 15 19 12 13 15 14 
9 15 
1 6 15 13 
3 0 
4 
2 
8 17 
5 17 
==============================

====== Algorithm Status ======
Valor:                2649
Time:                 16000
nIter:                47938
Best Iter:            47938
Improvement Count:    47937
==============================
Solution tour: 
0 17 8 2 18 14 18 8 11 
7 18 
10 15 19 12 13 15 14 
9 15 
6 1 15 
1 6 15 13 
3 0 
4 
2 
8 17 
==============================

====== Algorithm Status ======
Valor:                2649
Time:                 32000
nIter:                93415
Best Iter:            93415
Improvement Count:    93414
==============================
Solution tour: 
0 17 8 2 18 14 18 8 11 
7 18 
10 15 19 12 13 15 14 
9 15 
6 1 15 
1 6 15 13 
3 0 
4 
2 
8 17 
==============================

====== Algorithm Status ======
Valor:                2780
Time:                 64000
nIter:                181975
Best Iter:            181975
Improvement Count:    181974
==============================
Solution tour: 
0 17 8 2 18 14 18 8 11 
7 18 
2 
8 17 12 15 
10 15 19 12 13 15 
9 15 
6 1 15 
1 6 15 13 
3 0 
4 17 
==============================

====== Algorithm Status ======
Valor:                2780
Time:                 128000
nIter:                349277
Best Iter:            349277
Improvement Count:    349276
==============================
Solution tour: 
0 17 8 2 18 14 18 8 11 
7 18 
2 
8 17 12 15 
10 15 19 12 13 15 
9 15 
6 1 15 
1 6 15 13 
3 0 
4 17 
==============================

====== Algorithm Status ======
Valor:                2838
Time:                 256000
nIter:                681009
Best Iter:            681009
Improvement Count:    681008
==============================
Solution tour: 
0 17 8 2 18 14 18 8 11 
7 18 
2 
8 17 12 15 
10 15 19 12 13 15 
9 15 
6 1 15 
1 6 15 13 
3 0 
4 0 17 
==============================

====== Algorithm Status ======
Valor:                2838
Time:                 512000
nIter:                1332269
Best Iter:            1332269
Improvement Count:    1332268
==============================
Solution tour: 
0 17 8 2 18 14 18 8 11 
7 18 
2 
8 17 12 15 
10 15 19 12 13 15 
9 15 
6 1 15 
1 6 15 13 
3 0 
4 0 17 
==============================

====== Algorithm Status ======
Valor:                2838
Time:                 1024001
nIter:                2634883
Best Iter:            2634883
Improvement Count:    2634884
==============================
Solution tour: 
0 17 8 2 18 14 18 8 11 
7 18 
2 
8 17 12 15 
10 15 19 12 13 15 
9 15 
6 1 15 
1 6 15 13 
3 0 
4 0 17 
==============================

====== Algorithm Status ======
Valor:                2838
Time:                 1024001
nIter:                2634883
Best Iter:            2634883
Improvement Count:    2634884
==============================
Solution tour: 
0 17 8 2 18 14 18 8 11 
7 18 
2 
8 17 12 15 
10 15 19 12 13 15 
9 15 
6 1 15 
1 6 15 13 
3 0 
4 0 17 
==============================

