=========== Input ===========
File name:                ./instances/created-instances/mm-10-40-1891798.cdop
Total node count:         51
Truck node count:         10
Drone node count:         40
=============================

========== Settings ==========
Settings file:        ./settings/Memetic-LS_MMX_1099666.config
Seed:                 1099666
Reduction method:     -
Max iter:             1024000
Population size:      13
Crossover:            MA-MMX
Local Search:         -
Warm Start:           -
==============================

====== Algorithm Status ======
Valor:                2499
Time:                 250
nIter:                413
Best Iter:            413
Improvement Count:    412
==============================
Solution tour: 
0 35 39 32 39 38 39 15 
3 14 16 14 13 24 25 
4 23 38 
9 
6 26 44 23 44 38 17 12 17 38 40 
==============================

====== Algorithm Status ======
Valor:                2697
Time:                 502
nIter:                771
Best Iter:            771
Improvement Count:    770
==============================
Solution tour: 
0 35 39 32 39 38 39 15 
3 14 33 41 16 14 13 25 24 25 
4 23 
9 
6 26 44 23 44 38 30 12 17 38 40 
==============================

====== Algorithm Status ======
Valor:                2919
Time:                 1001
nIter:                1446
Best Iter:            1446
Improvement Count:    1445
==============================
Solution tour: 
0 35 39 32 39 38 39 15 
3 14 33 44 38 13 25 24 25 
4 23 
6 23 38 26 44 23 44 12 30 12 17 41 40 
==============================

====== Algorithm Status ======
Valor:                3231
Time:                 2007
nIter:                2697
Best Iter:            2697
Improvement Count:    2696
==============================
Solution tour: 
0 35 39 32 39 12 49 39 49 39 38 13 
3 14 33 44 25 24 25 
4 23 
6 23 38 26 44 
1 44 12 44 12 30 12 17 41 40 
==============================

====== Algorithm Status ======
Valor:                3690
Time:                 4000
nIter:                5354
Best Iter:            5354
Improvement Count:    5353
==============================
Solution tour: 
0 35 0 41 49 41 49 0 32 0 32 39 12 13 
3 14 33 44 25 44 25 24 
4 23 
6 23 38 26 
1 44 12 30 36 17 50 17 41 40 
==============================

====== Algorithm Status ======
Valor:                4011
Time:                 8000
nIter:                10010
Best Iter:            10010
Improvement Count:    10009
==============================
Solution tour: 
0 35 0 41 49 41 43 0 32 0 34 39 41 39 32 39 12 13 
3 14 33 44 25 24 25 26 
4 23 
6 23 38 44 
1 44 12 30 36 17 50 17 41 40 
==============================

====== Algorithm Status ======
Valor:                4195
Time:                 16000
nIter:                18848
Best Iter:            18848
Improvement Count:    18847
==============================
Solution tour: 
0 35 0 41 49 41 43 0 32 0 39 41 39 49 39 34 39 
2 39 32 39 12 13 
3 14 33 44 25 24 25 23 
4 23 
6 26 29 38 44 
1 44 12 30 36 17 50 17 41 40 
==============================

====== Algorithm Status ======
Valor:                4311
Time:                 32001
nIter:                35209
Best Iter:            35209
Improvement Count:    35208
==============================
Solution tour: 
0 35 0 41 49 41 43 23 0 32 0 39 41 39 49 39 34 39 
2 39 32 39 12 13 
3 14 33 44 25 24 25 20 
4 23 
6 26 29 38 44 
1 44 12 30 36 17 50 17 42 40 
==============================

====== Algorithm Status ======
Valor:                4799
Time:                 64000
nIter:                65879
Best Iter:            65879
Improvement Count:    65878
==============================
Solution tour: 
0 35 0 32 20 49 41 49 43 23 43 20 32 0 19 34 
2 39 32 39 12 13 
3 14 33 44 25 24 25 
4 23 
6 26 29 38 27 44 
1 44 12 30 36 21 17 50 17 42 40 
==============================

====== Algorithm Status ======
Valor:                4981
Time:                 128006
nIter:                124435
Best Iter:            124435
Improvement Count:    124434
==============================
Solution tour: 
0 35 0 32 20 49 41 49 43 23 43 8 32 34 32 8 32 0 19 
2 39 32 39 12 
3 14 33 44 25 24 
4 23 
6 23 26 29 38 27 44 
1 44 12 30 36 13 21 17 50 17 42 40 
==============================

====== Algorithm Status ======
Valor:                5255
Time:                 256000
nIter:                228466
Best Iter:            228466
Improvement Count:    228465
==============================
Solution tour: 
0 35 0 32 20 49 41 49 11 43 11 49 34 32 8 32 0 19 
2 39 32 39 41 49 14 33 44 25 24 25 24 
4 23 
6 23 43 26 29 38 27 44 
1 44 12 30 36 13 21 50 17 50 42 40 
==============================

====== Algorithm Status ======
Valor:                5675
Time:                 512000
nIter:                408776
Best Iter:            408776
Improvement Count:    408775
==============================
Solution tour: 
0 35 0 32 20 49 41 0 19 11 43 11 49 20 32 8 32 0 
2 39 32 39 41 49 14 44 33 44 25 24 
4 23 
6 23 4 43 4 43 23 43 26 29 38 27 12 27 24 36 30 36 13 21 
1 17 50 28 42 40 
==============================

====== Algorithm Status ======
Valor:                6006
Time:                 1024002
nIter:                716264
Best Iter:            716264
Improvement Count:    716265
==============================
Solution tour: 
0 35 0 32 20 49 41 0 22 49 19 11 43 11 19 49 20 32 8 32 0 
2 39 32 39 41 49 11 14 44 1 44 33 44 25 24 25 24 
4 23 
6 23 4 43 4 43 23 43 46 29 38 27 12 27 24 36 30 36 13 21 
1 17 50 42 40 
==============================

====== Algorithm Status ======
Valor:                6006
Time:                 1024002
nIter:                716264
Best Iter:            716264
Improvement Count:    716265
==============================
Solution tour: 
0 35 0 32 20 49 41 0 22 49 19 11 43 11 19 49 20 32 8 32 0 
2 39 32 39 41 49 11 14 44 1 44 33 44 25 24 25 24 
4 23 
6 23 4 43 4 43 23 43 46 29 38 27 12 27 24 36 30 36 13 21 
1 17 50 42 40 
==============================

