=========== Input ===========
File name:                ./instances/created-instances/mm-5-25-1110588.cdop
Total node count:         31
Truck node count:         5
Drone node count:         25
=============================

========== Settings ==========
Settings file:        ./settings/Memetic-LS_MMX_1287823.config
Seed:                 1287823
Reduction method:     -
Max iter:             1024000
Population size:      13
Crossover:            MA-MMX
Local Search:         -
Warm Start:           -
==============================

====== Algorithm Status ======
Valor:                3549
Time:                 250
nIter:                498
Best Iter:            498
Improvement Count:    497
==============================
Solution tour: 
0 23 6 8 
2 24 11 30 29 27 12 
3 26 10 17 
5 25 18 30 13 14 7 14 13 7 12 7 13 7 12 7 30 16 27 16 27 6 28 6 27 11 
==============================

====== Algorithm Status ======
Valor:                3742
Time:                 500
nIter:                965
Best Iter:            965
Improvement Count:    964
==============================
Solution tour: 
0 23 6 8 
2 24 11 30 29 27 12 
3 26 10 17 
5 13 30 13 14 7 14 13 7 12 7 30 16 27 6 17 27 17 27 16 28 6 16 21 27 17 6 28 6 27 11 
==============================

====== Algorithm Status ======
Valor:                3902
Time:                 1000
nIter:                1723
Best Iter:            1723
Improvement Count:    1722
==============================
Solution tour: 
0 23 8 
2 24 11 30 29 27 12 
3 26 28 26 10 17 
5 13 30 13 14 13 14 7 14 13 7 12 7 12 7 30 16 27 6 17 27 17 27 16 25 17 6 28 6 27 11 
==============================

====== Algorithm Status ======
Valor:                3902
Time:                 2000
nIter:                3005
Best Iter:            3005
Improvement Count:    3004
==============================
Solution tour: 
0 23 8 
2 24 11 30 29 27 12 
3 26 28 26 10 17 
5 13 30 13 14 13 14 7 14 13 7 12 7 12 7 30 16 27 6 17 27 17 27 16 25 17 6 28 6 27 11 
==============================

====== Algorithm Status ======
Valor:                3945
Time:                 4000
nIter:                5639
Best Iter:            5639
Improvement Count:    5638
==============================
Solution tour: 
0 24 22 24 11 30 29 27 12 
3 26 28 26 10 17 
5 13 30 13 14 13 14 7 14 13 7 12 7 12 7 30 16 27 17 27 16 25 5 17 6 28 6 27 11 
==============================

====== Algorithm Status ======
Valor:                4497
Time:                 8000
nIter:                12137
Best Iter:            12137
Improvement Count:    12136
==============================
Solution tour: 
0 11 24 22 24 0 3 30 29 24 11 27 24 26 28 26 10 17 
5 13 30 13 14 5 14 7 14 13 7 12 7 12 7 13 17 27 20 27 17 27 16 25 5 6 17 6 28 6 27 11 
==============================

====== Algorithm Status ======
Valor:                4759
Time:                 16000
nIter:                23338
Best Iter:            23338
Improvement Count:    23337
==============================
Solution tour: 
0 11 8 
4 22 24 0 24 3 30 29 24 11 27 24 26 28 26 10 17 
5 13 30 13 14 5 14 7 14 13 7 12 7 13 5 25 16 27 16 27 17 27 6 17 6 20 6 28 6 27 20 27 11 
==============================

====== Algorithm Status ======
Valor:                5011
Time:                 32000
nIter:                43749
Best Iter:            43749
Improvement Count:    43748
==============================
Solution tour: 
0 11 8 25 8 22 24 0 24 17 24 11 24 27 24 28 26 10 26 28 10 17 10 
5 13 30 13 14 5 14 7 14 13 7 12 7 13 5 
4 28 16 27 6 17 27 17 6 28 20 28 6 20 10 20 6 27 20 27 11 
==============================

====== Algorithm Status ======
Valor:                5057
Time:                 64000
nIter:                83633
Best Iter:            83633
Improvement Count:    83632
==============================
Solution tour: 
0 11 8 25 8 22 24 0 24 17 24 11 24 27 24 10 26 28 26 10 17 10 
5 13 30 13 14 5 14 7 14 13 7 12 7 13 5 
4 28 16 27 6 17 27 17 6 28 20 28 6 20 10 20 6 27 20 27 11 
==============================

====== Algorithm Status ======
Valor:                5193
Time:                 128001
nIter:                161887
Best Iter:            161887
Improvement Count:    161886
==============================
Solution tour: 
0 11 8 25 8 22 24 0 24 17 24 11 24 27 24 10 26 28 10 17 
5 13 30 13 14 5 14 7 14 13 7 12 7 13 5 
4 28 16 27 6 17 27 17 6 28 6 20 10 20 6 27 23 27 20 23 20 27 11 
==============================

====== Algorithm Status ======
Valor:                5203
Time:                 256000
nIter:                298414
Best Iter:            298414
Improvement Count:    298413
==============================
Solution tour: 
0 11 8 25 8 22 5 24 0 24 17 24 11 24 27 24 10 26 28 10 17 
5 13 30 13 14 5 14 7 14 13 7 12 7 13 5 
4 28 16 27 6 17 27 17 6 28 6 20 10 20 6 27 20 17 20 23 20 27 11 
==============================

====== Algorithm Status ======
Valor:                5242
Time:                 512000
nIter:                553708
Best Iter:            553708
Improvement Count:    553707
==============================
Solution tour: 
0 11 8 25 8 22 5 11 24 0 24 17 24 11 27 24 10 28 26 28 10 17 
5 13 30 13 14 5 14 7 14 13 7 12 7 13 5 15 
4 28 16 27 6 17 27 17 6 28 6 20 10 20 6 27 20 17 20 23 20 27 11 
==============================

====== Algorithm Status ======
Valor:                5283
Time:                 1024001
nIter:                1085575
Best Iter:            1085575
Improvement Count:    1085576
==============================
Solution tour: 
0 11 8 25 8 11 24 0 24 17 24 11 27 24 27 28 26 28 10 17 
5 13 30 13 14 5 14 7 14 13 7 12 7 13 5 
4 10 27 16 27 6 17 27 17 6 28 6 20 10 20 6 27 20 17 20 23 20 27 11 
==============================

====== Algorithm Status ======
Valor:                5283
Time:                 1024001
nIter:                1085575
Best Iter:            1085575
Improvement Count:    1085576
==============================
Solution tour: 
0 11 8 25 8 11 24 0 24 17 24 11 27 24 27 28 26 28 10 17 
5 13 30 13 14 5 14 7 14 13 7 12 7 13 5 
4 10 27 16 27 6 17 27 17 6 28 6 20 10 20 6 27 20 17 20 23 20 27 11 
==============================

