=========== Input ===========
File name:                ./instances/created-instances/mm-10-40-1762875.cdop
Total node count:         51
Truck node count:         10
Drone node count:         40
=============================

========== Settings ==========
Settings file:        ./settings/Memetic_MPX_1099666.config
Seed:                 1099666
Reduction method:     -
Max iter:             1024000
Population size:      13
Crossover:            MA-MPX
Local Search:         LS
Warm Start:           -
==============================

====== Algorithm Status ======
Valor:                6030
Time:                 262
nIter:                23
Best Iter:            23
Improvement Count:    22
==============================
Solution tour: 
0 6 17 29 18 11 26 3 40 31 15 37 15 24 16 24 31 8 45 30 33 22 33 32 19 32 
10 32 33 8 30 
8 31 40 
3 40 47 39 5 27 9 14 43 36 44 28 44 9 
4 42 21 12 32 12 27 
7 
6 46 27 12 
1 22 34 35 
9 46 9 27 5 
2 48 47 13 
5 13 
==============================

====== Algorithm Status ======
Valor:                6068
Time:                 505
nIter:                39
Best Iter:            39
Improvement Count:    38
==============================
Solution tour: 
0 13 5 13 10 19 12 
5 29 17 35 32 12 
10 32 33 25 33 30 
8 31 24 16 31 40 31 45 30 33 22 21 
7 16 24 31 8 30 45 31 15 37 15 24 
6 42 18 11 26 11 18 42 
4 43 14 43 36 28 44 37 
3 40 47 39 48 47 48 
2 0 6 46 27 
9 27 46 6 
==============================

====== Algorithm Status ======
Valor:                6068
Time:                 1016
nIter:                79
Best Iter:            79
Improvement Count:    78
==============================
Solution tour: 
0 13 5 13 10 19 12 
5 29 17 35 32 12 
10 32 33 25 33 30 
8 31 24 16 31 40 31 45 30 33 22 21 
7 16 24 31 8 30 45 31 15 37 15 24 
6 42 18 11 26 11 18 42 
4 43 14 43 36 28 44 37 
3 40 47 39 48 47 48 
2 0 6 46 27 
9 27 46 6 
==============================

====== Algorithm Status ======
Valor:                6738
Time:                 2002
nIter:                152
Best Iter:            152
Improvement Count:    151
==============================
Solution tour: 
0 6 0 27 9 46 27 
6 27 
5 29 21 12 
1 12 32 
10 32 12 19 16 24 26 11 18 42 35 5 13 5 39 47 48 47 
2 0 41 27 46 
4 43 23 43 14 43 36 28 44 24 31 
8 30 8 31 24 16 21 22 1 34 22 33 25 33 30 45 30 40 31 15 37 15 31 40 
3 37 43 42 
9 27 41 
==============================

====== Algorithm Status ======
Valor:                6738
Time:                 4008
nIter:                296
Best Iter:            296
Improvement Count:    295
==============================
Solution tour: 
0 6 0 27 9 46 27 
6 27 
5 29 21 12 
1 12 32 
10 32 12 19 16 24 26 11 18 42 35 5 13 5 39 47 48 47 
2 0 41 27 46 
4 43 23 43 14 43 36 28 44 24 31 
8 30 8 31 24 16 21 22 1 34 22 33 25 33 30 45 30 40 31 15 37 15 31 40 
3 37 43 42 
9 27 41 
==============================

====== Algorithm Status ======
Valor:                6738
Time:                 8009
nIter:                596
Best Iter:            596
Improvement Count:    595
==============================
Solution tour: 
0 6 0 27 9 46 27 
6 27 
5 29 21 12 
1 12 32 
10 32 12 19 16 24 26 11 18 42 35 5 13 5 39 47 48 47 
2 0 41 27 46 
4 43 23 43 14 43 36 28 44 24 31 
8 30 8 31 24 16 21 22 1 34 22 33 25 33 30 45 30 40 31 15 37 15 31 40 
3 37 43 42 
9 27 41 
==============================

====== Algorithm Status ======
Valor:                6738
Time:                 16000
nIter:                1176
Best Iter:            1176
Improvement Count:    1175
==============================
Solution tour: 
0 6 0 27 9 46 27 
6 27 
5 29 21 12 
1 12 32 
10 32 12 19 16 24 26 11 18 42 35 5 13 5 39 47 48 47 
2 0 41 27 46 
4 43 23 43 14 43 36 28 44 24 31 
8 30 8 31 24 16 21 22 1 34 22 33 25 33 30 45 30 40 31 15 37 15 31 40 
3 37 43 42 
9 27 41 
==============================

====== Algorithm Status ======
Valor:                6849
Time:                 32002
nIter:                2398
Best Iter:            2398
Improvement Count:    2397
==============================
Solution tour: 
0 41 46 
5 29 12 
1 12 32 
10 32 12 19 16 24 26 11 18 42 35 5 13 5 39 47 48 47 
2 0 41 27 46 
6 27 9 46 
4 42 43 23 43 14 43 36 28 36 44 24 31 
8 30 8 31 24 16 35 17 29 21 22 1 34 22 33 25 33 30 45 30 40 31 15 37 15 31 40 
3 37 43 42 
9 27 41 
==============================

====== Algorithm Status ======
Valor:                6849
Time:                 64002
nIter:                4802
Best Iter:            4802
Improvement Count:    4801
==============================
Solution tour: 
0 41 46 
5 29 12 
1 12 32 
10 32 12 19 16 24 26 11 18 42 35 5 13 5 39 47 48 47 
2 0 41 27 46 
6 27 9 46 
4 42 43 23 43 14 43 36 28 36 44 24 31 
8 30 8 31 24 16 35 17 29 21 22 1 34 22 33 25 33 30 45 30 40 31 15 37 15 31 40 
3 37 43 42 
9 27 41 
==============================

====== Algorithm Status ======
Valor:                6849
Time:                 128005
nIter:                9657
Best Iter:            9657
Improvement Count:    9656
==============================
Solution tour: 
0 41 46 
5 29 12 
1 12 32 
10 32 12 19 16 24 26 11 18 42 35 5 13 5 39 47 48 47 
2 0 41 27 46 
6 27 9 46 
4 42 43 23 43 14 43 36 28 36 44 24 31 
8 30 8 31 24 16 35 17 29 21 22 1 34 22 33 25 33 30 45 30 40 31 15 37 15 31 40 
3 37 43 42 
9 27 41 
==============================

====== Algorithm Status ======
Valor:                6900
Time:                 256004
nIter:                19764
Best Iter:            19764
Improvement Count:    19763
==============================
Solution tour: 
0 
6 27 9 46 
4 42 43 23 43 14 43 36 28 44 36 44 16 24 31 
8 30 8 31 24 16 35 17 29 21 22 1 34 22 33 25 33 30 45 30 40 31 15 37 15 31 40 
3 37 43 42 
9 27 41 27 
5 29 12 
1 12 32 
10 32 12 19 16 24 26 11 18 42 35 5 13 5 39 47 48 47 13 
==============================

====== Algorithm Status ======
Valor:                6900
Time:                 512007
nIter:                40353
Best Iter:            40353
Improvement Count:    40352
==============================
Solution tour: 
0 
6 27 9 46 
4 42 43 23 43 14 43 36 28 44 36 44 16 24 31 
8 30 8 31 24 16 35 17 29 21 22 1 34 22 33 25 33 30 45 30 40 31 15 37 15 31 40 
3 37 43 42 
9 27 41 27 
5 29 12 
1 12 32 
10 32 12 19 16 24 26 11 18 42 35 5 13 5 39 47 48 47 13 
==============================

====== Algorithm Status ======
Valor:                7414
Time:                 1024005
nIter:                78774
Best Iter:            78774
Improvement Count:    78775
==============================
Solution tour: 
0 6 0 46 
6 27 9 27 46 27 6 
7 42 35 16 24 26 11 18 42 
4 42 43 23 43 14 43 36 28 44 36 44 16 24 31 
8 30 8 31 24 16 35 17 29 21 8 33 22 1 22 34 22 33 25 33 32 33 30 45 30 40 31 15 37 15 31 40 
3 37 3 29 12 
1 32 12 32 19 32 
10 13 5 39 47 
2 47 48 47 39 5 13 41 6 46 
==============================

====== Algorithm Status ======
Valor:                7414
Time:                 1024005
nIter:                78774
Best Iter:            78774
Improvement Count:    78775
==============================
Solution tour: 
0 6 0 46 
6 27 9 27 46 27 6 
7 42 35 16 24 26 11 18 42 
4 42 43 23 43 14 43 36 28 44 36 44 16 24 31 
8 30 8 31 24 16 35 17 29 21 8 33 22 1 22 34 22 33 25 33 32 33 30 45 30 40 31 15 37 15 31 40 
3 37 3 29 12 
1 32 12 32 19 32 
10 13 5 39 47 
2 47 48 47 39 5 13 41 6 46 
==============================

