=========== Input ===========
File name:                ./instances/created-instances/mm-15-40-1767920.cdop
Total node count:         56
Truck node count:         15
Drone node count:         40
=============================

========== Settings ==========
Settings file:        ./settings/Memetic_MMX_1099666.config
Seed:                 1099666
Reduction method:     -
Max iter:             1024000
Population size:      13
Crossover:            MA-MMX
Local Search:         LS
Warm Start:           -
==============================

====== Algorithm Status ======
Valor:                6580
Time:                 256
nIter:                10
Best Iter:            10
Improvement Count:    9
==============================
Solution tour: 
0 38 53 34 8 55 43 14 37 29 46 7 26 32 
15 10 9 3 17 45 50 20 49 33 19 31 51 22 33 49 20 50 45 16 27 9 10 15 
10 15 9 28 20 13 8 11 8 24 8 42 45 9 45 17 8 42 43 46 43 21 41 35 44 21 23 5 48 39 5 52 5 47 41 18 47 18 41 25 48 
5 47 23 47 5 
12 55 42 40 
==============================

====== Algorithm Status ======
Valor:                6886
Time:                 520
nIter:                23
Best Iter:            23
Improvement Count:    22
==============================
Solution tour: 
0 38 53 14 37 29 46 11 26 32 
15 32 3 17 45 50 20 49 33 22 19 31 19 22 33 49 50 45 1 27 28 9 10 9 10 15 
10 9 16 20 13 8 11 8 24 8 13 20 9 45 17 42 43 46 43 21 41 35 44 35 41 18 41 43 42 40 34 49 13 49 51 33 45 30 
2 55 
7 55 52 5 47 23 47 5 23 25 11 54 11 6 32 26 
==============================

====== Algorithm Status ======
Valor:                6886
Time:                 1007
nIter:                44
Best Iter:            44
Improvement Count:    43
==============================
Solution tour: 
0 38 53 14 37 29 46 11 26 32 
15 32 3 17 45 50 20 49 33 22 19 31 19 22 33 49 50 45 1 27 28 9 10 9 10 15 
10 9 16 20 13 8 11 8 24 8 13 20 9 45 17 42 43 46 43 21 41 35 44 35 41 18 41 43 42 40 34 49 13 49 51 33 45 30 
2 55 
7 55 52 5 47 23 47 5 23 25 11 54 11 6 32 26 
==============================

====== Algorithm Status ======
Valor:                7163
Time:                 2021
nIter:                79
Best Iter:            79
Improvement Count:    78
==============================
Solution tour: 
0 19 49 13 40 37 29 36 21 35 44 35 11 26 32 
15 32 6 3 17 45 50 20 49 33 22 38 19 31 19 22 33 49 20 50 45 1 27 28 9 10 9 10 15 
10 9 16 20 13 8 11 8 24 8 13 20 45 9 45 17 45 42 43 46 43 21 41 25 5 47 23 47 5 48 39 52 5 52 25 41 35 44 35 41 18 4 18 41 55 43 42 40 34 53 0 31 
==============================

====== Algorithm Status ======
Valor:                7604
Time:                 4010
nIter:                177
Best Iter:            177
Improvement Count:    176
==============================
Solution tour: 
0 19 38 49 13 49 51 14 37 29 46 7 26 32 
15 32 6 3 17 45 50 20 49 33 22 33 49 20 50 45 1 27 28 27 9 28 9 10 15 
10 9 27 16 20 13 8 11 8 24 8 13 20 45 9 45 17 8 42 43 46 43 21 41 25 5 47 23 47 5 48 39 52 5 52 25 41 35 44 35 41 18 4 18 41 43 55 43 42 40 34 53 38 0 31 
==============================

====== Algorithm Status ======
Valor:                7771
Time:                 8009
nIter:                373
Best Iter:            373
Improvement Count:    372
==============================
Solution tour: 
0 33 19 38 49 13 49 51 14 37 14 37 29 46 7 26 32 
15 32 6 17 3 17 45 50 20 49 33 22 33 49 20 50 45 1 27 28 27 9 28 9 10 15 
10 9 27 16 27 1 20 13 8 11 8 24 8 13 20 45 17 8 42 43 46 43 55 7 55 25 23 5 47 23 47 5 48 39 52 5 52 25 41 35 44 35 41 18 4 18 41 21 41 55 43 42 40 34 53 38 19 31 
==============================

====== Algorithm Status ======
Valor:                8030
Time:                 16035
nIter:                749
Best Iter:            749
Improvement Count:    748
==============================
Solution tour: 
0 31 19 38 49 13 49 51 14 37 14 37 29 46 7 26 32 
15 32 6 32 3 17 45 50 20 49 33 22 33 49 20 50 45 17 3 9 28 27 28 9 10 15 
10 9 27 16 1 20 13 40 24 8 11 8 24 40 42 43 46 43 55 7 55 52 5 47 23 47 5 48 5 52 25 41 35 44 35 41 18 4 18 41 21 41 55 43 42 40 34 49 19 31 0 33 
==============================

====== Algorithm Status ======
Valor:                8052
Time:                 32018
nIter:                1437
Best Iter:            1437
Improvement Count:    1436
==============================
Solution tour: 
0 31 19 38 49 13 49 51 14 37 14 37 29 46 7 26 32 
15 32 6 3 17 45 50 34 50 20 49 33 22 33 49 20 50 45 17 3 9 28 27 28 9 10 15 
10 9 27 16 27 1 20 13 40 42 24 8 11 8 24 42 43 46 43 55 7 55 52 5 47 23 47 5 48 5 52 25 41 35 44 35 41 18 4 18 41 21 35 21 43 42 40 49 19 31 
==============================

====== Algorithm Status ======
Valor:                8136
Time:                 64011
nIter:                2869
Best Iter:            2869
Improvement Count:    2868
==============================
Solution tour: 
0 31 19 38 49 13 49 51 14 37 54 46 7 46 11 26 32 
15 32 6 32 3 17 45 50 34 50 20 49 33 22 33 49 20 50 45 17 3 16 27 9 28 27 28 9 10 15 
10 9 45 34 40 24 8 11 8 24 40 42 43 46 43 55 7 55 23 47 5 47 23 5 48 5 52 5 23 25 41 35 44 35 41 18 4 18 41 21 35 21 43 42 40 49 38 0 33 
==============================

====== Algorithm Status ======
Valor:                8166
Time:                 128011
nIter:                5739
Best Iter:            5739
Improvement Count:    5738
==============================
Solution tour: 
0 31 19 38 49 13 24 37 54 11 54 46 7 46 11 8 11 26 32 
15 32 6 32 3 17 45 50 34 50 20 49 33 22 33 49 20 50 45 17 3 16 27 9 27 28 27 9 10 15 
10 9 45 34 40 24 8 24 40 42 43 46 43 55 7 55 23 47 5 47 23 5 48 5 52 5 23 25 41 35 44 35 41 18 4 18 41 21 35 21 43 42 40 13 49 51 31 0 33 
==============================

====== Algorithm Status ======
Valor:                8192
Time:                 256007
nIter:                11050
Best Iter:            11050
Improvement Count:    11049
==============================
Solution tour: 
0 31 19 38 13 34 49 13 54 37 14 37 54 11 54 46 7 46 11 8 11 26 32 
15 32 6 32 26 50 3 17 45 50 34 50 20 49 33 22 33 49 20 50 45 17 3 16 27 28 9 10 15 
10 9 45 34 40 24 8 24 40 42 43 46 43 55 7 55 23 47 5 47 23 5 48 5 52 5 23 25 41 35 44 35 41 18 4 18 41 21 43 42 40 13 49 51 31 0 33 
==============================

====== Algorithm Status ======
Valor:                8204
Time:                 512005
nIter:                21707
Best Iter:            21707
Improvement Count:    21706
==============================
Solution tour: 
0 31 19 38 13 49 13 54 37 14 37 54 11 54 46 7 46 11 8 11 26 32 
15 32 6 32 26 50 3 17 45 50 34 50 20 49 33 22 33 49 20 50 45 17 3 16 27 28 27 9 10 15 
10 9 45 34 40 24 8 24 40 42 43 46 43 55 7 55 2 23 47 5 47 23 5 48 5 52 5 23 25 41 35 44 35 41 18 4 18 41 21 43 42 40 49 51 33 
==============================

====== Algorithm Status ======
Valor:                8229
Time:                 1024004
nIter:                42836
Best Iter:            42836
Improvement Count:    42837
==============================
Solution tour: 
0 31 19 38 49 13 24 37 14 37 54 11 54 46 7 46 11 8 11 26 32 
15 32 6 32 26 50 3 17 45 50 34 50 20 49 51 33 22 33 49 20 50 45 17 3 6 3 16 27 28 27 9 10 15 
10 9 45 34 40 42 24 8 24 42 43 46 43 55 7 55 2 23 47 5 47 23 5 48 5 52 5 23 25 41 35 44 35 41 18 4 18 41 21 43 42 40 13 49 33 
==============================

====== Algorithm Status ======
Valor:                8229
Time:                 1024004
nIter:                42836
Best Iter:            42836
Improvement Count:    42837
==============================
Solution tour: 
0 31 19 38 49 13 24 37 14 37 54 11 54 46 7 46 11 8 11 26 32 
15 32 6 32 26 50 3 17 45 50 34 50 20 49 51 33 22 33 49 20 50 45 17 3 6 3 16 27 28 27 9 10 15 
10 9 45 34 40 42 24 8 24 42 43 46 43 55 7 55 2 23 47 5 47 23 5 48 5 52 5 23 25 41 35 44 35 41 18 4 18 41 21 43 42 40 13 49 33 
==============================

