=========== Input ===========
File name:                ./instances/created-instances/mm-5-40-1110588.cdop
Total node count:         46
Truck node count:         5
Drone node count:         40
=============================

========== Settings ==========
Settings file:        ./settings/Memetic-LS_MMX_1099666.config
Seed:                 1099666
Reduction method:     -
Max iter:             1024000
Population size:      13
Crossover:            MA-MMX
Local Search:         -
Warm Start:           -
==============================

====== Algorithm Status ======
Valor:                3546
Time:                 256
nIter:                258
Best Iter:            258
Improvement Count:    257
==============================
Solution tour: 
0 34 10 
3 27 8 36 
4 13 31 42 
1 7 29 38 11 24 25 24 28 16 20 16 28 44 25 28 32 44 33 37 33 28 33 44 32 37 33 
5 6 20 33 37 40 30 27 23 18 
2 28 39 45 
==============================

====== Algorithm Status ======
Valor:                3618
Time:                 500
nIter:                475
Best Iter:            475
Improvement Count:    474
==============================
Solution tour: 
0 34 10 
3 27 8 36 
4 13 31 42 
1 7 29 38 11 24 25 24 28 16 20 16 28 44 25 28 32 44 33 37 33 28 33 44 32 37 33 
5 6 20 33 37 33 40 30 27 23 18 
2 28 39 45 
==============================

====== Algorithm Status ======
Valor:                3641
Time:                 1000
nIter:                952
Best Iter:            952
Improvement Count:    951
==============================
Solution tour: 
0 34 10 
3 27 8 36 
4 13 31 42 
1 7 29 38 24 25 24 28 16 20 16 28 44 25 28 32 44 33 37 33 28 33 44 32 37 33 
5 6 20 33 37 33 40 30 27 23 18 
2 39 45 
==============================

====== Algorithm Status ======
Valor:                4154
Time:                 2005
nIter:                1918
Best Iter:            1918
Improvement Count:    1917
==============================
Solution tour: 
0 35 34 35 34 10 
3 27 20 27 8 36 
4 13 31 42 
1 7 24 25 24 28 16 20 16 28 32 28 25 44 25 32 44 33 37 33 28 33 44 32 
5 6 20 33 37 33 40 30 24 27 23 18 31 45 
==============================

====== Algorithm Status ======
Valor:                4815
Time:                 4000
nIter:                3776
Best Iter:            3776
Improvement Count:    3775
==============================
Solution tour: 
0 27 34 35 34 24 17 20 27 20 27 8 36 
4 3 24 3 42 
1 22 28 16 20 35 20 16 28 32 28 25 44 25 32 44 33 37 33 44 32 33 42 40 42 33 28 33 37 42 37 
3 10 13 18 31 45 
==============================

====== Algorithm Status ======
Valor:                5032
Time:                 8003
nIter:                7372
Best Iter:            7372
Improvement Count:    7371
==============================
Solution tour: 
0 27 34 35 34 17 34 24 17 20 27 20 27 8 36 
4 3 24 3 42 
1 22 28 16 20 35 20 16 28 25 44 25 32 44 33 42 33 44 32 42 40 15 42 15 37 15 33 28 33 37 42 37 
3 10 13 18 31 45 
==============================

====== Algorithm Status ======
Valor:                5054
Time:                 16000
nIter:                14549
Best Iter:            14549
Improvement Count:    14548
==============================
Solution tour: 
0 23 35 34 17 34 24 17 20 27 20 27 8 36 
4 3 24 3 42 
1 22 28 16 20 35 20 16 28 25 44 25 44 33 44 32 44 32 33 42 40 15 42 15 37 15 33 28 33 37 42 37 
3 10 13 18 31 45 
==============================

====== Algorithm Status ======
Valor:                5152
Time:                 32000
nIter:                29028
Best Iter:            29028
Improvement Count:    29027
==============================
Solution tour: 
0 23 35 34 24 17 20 17 27 20 27 8 36 
4 3 24 3 42 
1 22 28 16 20 35 20 16 28 25 44 25 33 44 32 44 33 42 40 36 7 40 15 42 15 37 15 33 28 33 37 42 37 
3 10 13 18 31 45 
==============================

====== Algorithm Status ======
Valor:                5376
Time:                 64002
nIter:                55839
Best Iter:            55839
Improvement Count:    55838
==============================
Solution tour: 
0 23 35 34 24 17 20 17 27 20 27 8 36 
4 3 24 3 42 
1 22 28 16 20 35 6 35 20 6 20 16 28 25 44 32 44 25 33 42 40 42 36 7 40 15 42 15 37 15 33 28 33 37 42 37 
3 10 13 18 31 45 
==============================

====== Algorithm Status ======
Valor:                5637
Time:                 128000
nIter:                105092
Best Iter:            105092
Improvement Count:    105091
==============================
Solution tour: 
0 23 35 34 35 34 17 34 24 17 20 17 27 20 27 8 36 
4 3 24 3 42 
1 22 28 16 20 35 6 20 6 20 16 6 35 20 6 16 28 10 28 25 44 32 44 25 33 15 40 7 40 15 42 15 13 15 37 33 28 33 37 42 37 
3 20 13 18 31 45 
==============================

====== Algorithm Status ======
Valor:                6022
Time:                 256000
nIter:                195981
Best Iter:            195981
Improvement Count:    195980
==============================
Solution tour: 
0 27 20 35 34 23 35 23 17 34 17 34 24 34 20 17 20 27 8 37 
4 3 24 3 41 
1 22 28 16 20 35 6 20 16 6 35 20 6 16 28 10 28 25 44 32 44 33 15 40 7 40 15 42 15 13 30 13 15 33 37 15 37 42 37 
3 13 18 31 45 
==============================

====== Algorithm Status ======
Valor:                6353
Time:                 512002
nIter:                384954
Best Iter:            384954
Improvement Count:    384953
==============================
Solution tour: 
0 27 20 17 23 35 23 17 34 35 34 35 34 24 34 17 20 27 8 37 
5 3 24 3 41 
1 22 28 16 20 35 20 16 6 20 6 16 28 10 28 25 44 32 44 33 15 40 7 40 15 42 15 13 30 13 15 5 15 30 15 37 42 37 
3 5 13 18 31 45 
==============================

====== Algorithm Status ======
Valor:                6724
Time:                 1024004
nIter:                729695
Best Iter:            729695
Improvement Count:    729696
==============================
Solution tour: 
0 27 20 17 23 35 23 17 34 35 34 24 34 17 20 27 8 37 8 34 3 24 3 41 
1 19 22 28 16 20 35 20 16 6 20 6 16 28 10 28 25 44 32 44 26 33 15 40 7 40 15 42 15 13 30 13 15 
5 15 30 31 37 42 37 15 
4 31 45 31 3 43 
==============================

====== Algorithm Status ======
Valor:                6724
Time:                 1024004
nIter:                729695
Best Iter:            729695
Improvement Count:    729696
==============================
Solution tour: 
0 27 20 17 23 35 23 17 34 35 34 24 34 17 20 27 8 37 8 34 3 24 3 41 
1 19 22 28 16 20 35 20 16 6 20 6 16 28 10 28 25 44 32 44 26 33 15 40 7 40 15 42 15 13 30 13 15 
5 15 30 31 37 42 37 15 
4 31 45 31 3 43 
==============================

