=========== Input ===========
File name:                ./instances/created-instances/mm-10-25-1767920.cdop
Total node count:         36
Truck node count:         10
Drone node count:         25
=============================

========== Settings ==========
Settings file:        ./settings/Memetic-LS_MPX_1881515.config
Seed:                 1881515
Reduction method:     -
Max iter:             1024000
Population size:      13
Crossover:            MA-MPX
Local Search:         -
Warm Start:           -
==============================

====== Algorithm Status ======
Valor:                2821
Time:                 250
nIter:                423
Best Iter:            423
Improvement Count:    422
==============================
Solution tour: 
0 25 22 26 
10 
9 18 
6 16 15 
3 12 32 
4 34 
5 
2 31 14 
7 26 
1 
8 28 17 13 32 21 33 
==============================

====== Algorithm Status ======
Valor:                2958
Time:                 500
nIter:                819
Best Iter:            819
Improvement Count:    818
==============================
Solution tour: 
0 25 22 26 
7 
8 28 17 13 32 21 33 
6 16 15 
3 25 12 32 
4 34 
5 
2 31 14 
10 
9 18 
1 13 
==============================

====== Algorithm Status ======
Valor:                3092
Time:                 1001
nIter:                1599
Best Iter:            1599
Improvement Count:    1598
==============================
Solution tour: 
0 25 22 26 
7 
8 28 17 13 32 21 33 
6 16 15 
10 
9 18 
1 31 27 
3 25 12 32 
4 34 2 
5 
2 31 14 
==============================

====== Algorithm Status ======
Valor:                3246
Time:                 2000
nIter:                3240
Best Iter:            3240
Improvement Count:    3239
==============================
Solution tour: 
0 25 22 26 
10 
9 18 
1 31 27 9 
6 16 15 
3 25 12 32 
4 34 2 
5 
2 31 14 
7 
8 17 20 28 13 32 21 33 
==============================

====== Algorithm Status ======
Valor:                3525
Time:                 4002
nIter:                6386
Best Iter:            6386
Improvement Count:    6385
==============================
Solution tour: 
0 33 20 11 
10 
9 27 
1 31 18 9 
6 16 15 
3 25 12 28 
4 16 34 2 
5 
2 31 14 
7 6 
8 7 17 30 32 13 32 21 33 
==============================

====== Algorithm Status ======
Valor:                3525
Time:                 8000
nIter:                12683
Best Iter:            12683
Improvement Count:    12682
==============================
Solution tour: 
0 33 20 11 
10 
9 27 
1 31 18 9 
6 16 15 
3 25 12 28 
4 16 34 2 
5 
2 31 14 
7 6 
8 7 17 30 32 13 32 21 33 
==============================

====== Algorithm Status ======
Valor:                3828
Time:                 16000
nIter:                24709
Best Iter:            24709
Improvement Count:    24708
==============================
Solution tour: 
0 33 20 17 8 11 
10 
9 27 
1 31 18 9 
6 16 15 
3 25 17 12 28 
4 24 16 34 2 
5 
2 22 31 14 
7 6 7 
8 23 32 13 30 21 33 
==============================

====== Algorithm Status ======
Valor:                4191
Time:                 32001
nIter:                46547
Best Iter:            46547
Improvement Count:    46546
==============================
Solution tour: 
0 13 33 18 13 17 20 11 
10 
9 27 32 
1 31 1 18 9 
6 16 15 
3 25 12 28 
4 24 22 34 
2 
5 2 22 16 31 14 8 
7 6 7 
8 23 30 21 33 
==============================

====== Algorithm Status ======
Valor:                4302
Time:                 64000
nIter:                87642
Best Iter:            87642
Improvement Count:    87641
==============================
Solution tour: 
0 13 6 33 18 13 17 20 19 11 
10 
9 27 14 32 1 31 1 18 9 
6 16 15 
3 25 12 28 
4 34 
5 24 22 
2 22 16 31 14 8 
7 6 7 
8 23 30 21 33 
==============================

====== Algorithm Status ======
Valor:                4302
Time:                 128000
nIter:                166935
Best Iter:            166935
Improvement Count:    166934
==============================
Solution tour: 
0 13 6 33 18 13 17 20 19 11 
10 
9 27 14 32 1 31 1 18 9 
6 16 15 
3 25 12 28 
4 34 
5 24 22 
2 22 16 31 14 8 
7 6 7 
8 23 30 21 33 
==============================

====== Algorithm Status ======
Valor:                4302
Time:                 256000
nIter:                326700
Best Iter:            326700
Improvement Count:    326699
==============================
Solution tour: 
0 13 6 33 18 13 17 20 19 11 
10 
9 27 14 32 1 31 1 18 9 
6 16 15 
3 25 12 28 
4 34 
5 24 22 
2 22 16 31 14 8 
7 6 7 
8 23 30 21 33 
==============================

====== Algorithm Status ======
Valor:                4690
Time:                 512000
nIter:                643288
Best Iter:            643288
Improvement Count:    643287
==============================
Solution tour: 
0 25 6 33 18 13 17 20 11 19 17 13 
1 33 
6 16 15 
3 25 12 28 
4 34 
5 24 22 24 5 
2 22 16 18 31 14 26 
7 6 7 23 
8 23 30 21 33 
10 
9 27 14 31 1 32 1 18 33 
==============================

====== Algorithm Status ======
Valor:                5302
Time:                 1024001
nIter:                1195105
Best Iter:            1195105
Improvement Count:    1195106
==============================
Solution tour: 
0 25 6 33 13 17 20 19 11 17 19 17 13 23 8 
7 6 7 
8 23 18 
1 32 30 21 33 
6 16 15 
3 25 12 28 
4 34 16 2 
5 24 22 24 5 
2 22 16 18 31 26 
10 
9 10 14 31 1 27 1 31 18 33 
==============================

====== Algorithm Status ======
Valor:                5302
Time:                 1024001
nIter:                1195105
Best Iter:            1195105
Improvement Count:    1195106
==============================
Solution tour: 
0 25 6 33 13 17 20 19 11 17 19 17 13 23 8 
7 6 7 
8 23 18 
1 32 30 21 33 
6 16 15 
3 25 12 28 
4 34 16 2 
5 24 22 24 5 
2 22 16 18 31 26 
10 
9 10 14 31 1 27 1 31 18 33 
==============================

