=========== Input ===========
File name:                ./instances/created-instances/mm-15-25-1917698.cdop
Total node count:         41
Truck node count:         15
Drone node count:         25
=============================

========== Settings ==========
Settings file:        ./settings/Memetic_MPX_1099666.config
Seed:                 1099666
Reduction method:     -
Max iter:             1024000
Population size:      13
Crossover:            MA-MPX
Local Search:         LS
Warm Start:           -
==============================

====== Algorithm Status ======
Valor:                4774
Time:                 250
nIter:                32
Best Iter:            32
Improvement Count:    31
==============================
Solution tour: 
0 2 
8 
11 8 2 23 29 30 29 12 26 17 23 2 0 19 39 
10 33 20 37 
6 37 
1 33 1 38 
15 32 
2 35 
3 40 28 40 26 23 26 4 34 
4 15 18 15 
14 15 9 32 
12 32 40 9 40 36 
5 
9 21 16 37 22 38 3 28 17 
==============================

====== Algorithm Status ======
Valor:                5144
Time:                 509
nIter:                61
Best Iter:            61
Improvement Count:    60
==============================
Solution tour: 
0 17 28 40 28 18 
3 28 17 23 40 
9 32 9 40 23 2 35 
14 
13 
10 13 35 4 0 2 
8 11 8 2 34 
4 34 39 33 
1 33 3 18 30 25 29 30 29 
12 18 
15 18 20 21 16 37 
6 37 16 20 22 38 3 35 2 
11 
2 23 26 23 5 36 5 24 2 
==============================

====== Algorithm Status ======
Valor:                5144
Time:                 1009
nIter:                115
Best Iter:            115
Improvement Count:    114
==============================
Solution tour: 
0 17 28 40 28 18 
3 28 17 23 40 
9 32 9 40 23 2 35 
14 
13 
10 13 35 4 0 2 
8 11 8 2 34 
4 34 39 33 
1 33 3 18 30 25 29 30 29 
12 18 
15 18 20 21 16 37 
6 37 16 20 22 38 3 35 2 
11 
2 23 26 23 5 36 5 24 2 
==============================

====== Algorithm Status ======
Valor:                5271
Time:                 2000
nIter:                242
Best Iter:            242
Improvement Count:    241
==============================
Solution tour: 
0 17 28 40 28 18 
3 28 17 23 40 
9 32 9 40 23 2 35 
14 15 
13 
10 13 35 4 0 2 
8 11 8 2 34 
4 34 39 33 
1 33 3 18 30 25 29 30 29 
12 9 18 
15 18 20 21 16 37 
6 37 16 20 22 38 3 35 2 
11 
2 23 26 23 5 36 5 2 
==============================

====== Algorithm Status ======
Valor:                5271
Time:                 4005
nIter:                483
Best Iter:            483
Improvement Count:    482
==============================
Solution tour: 
0 17 28 40 28 18 
3 28 17 23 40 
9 32 9 40 23 2 35 
14 15 
13 
10 13 35 4 0 2 
8 11 8 2 34 
4 34 39 33 
1 33 3 18 30 25 29 30 29 
12 9 18 
15 18 20 21 16 37 
6 37 16 20 22 38 3 35 2 
11 
2 23 26 23 5 36 5 2 
==============================

====== Algorithm Status ======
Valor:                5595
Time:                 8003
nIter:                979
Best Iter:            979
Improvement Count:    978
==============================
Solution tour: 
0 2 34 
12 9 15 3 40 23 26 34 
4 34 2 11 
8 11 2 35 
14 15 18 30 29 30 18 3 38 
1 33 
10 33 1 38 22 21 16 20 37 16 37 
6 37 
3 28 40 
9 
5 36 5 27 31 22 38 3 18 
15 9 32 9 40 28 17 26 23 2 8 
7 8 2 
==============================

====== Algorithm Status ======
Valor:                5595
Time:                 16007
nIter:                1924
Best Iter:            1924
Improvement Count:    1923
==============================
Solution tour: 
0 2 34 
12 9 15 3 40 23 26 34 
4 34 2 11 
8 11 2 35 
14 15 18 30 29 30 18 3 38 
1 33 
10 33 1 38 22 21 16 20 37 16 37 
6 37 
3 28 40 
9 
5 36 5 27 31 22 38 3 18 
15 9 32 9 40 28 17 26 23 2 8 
7 8 2 
==============================

====== Algorithm Status ======
Valor:                5626
Time:                 32007
nIter:                3820
Best Iter:            3820
Improvement Count:    3819
==============================
Solution tour: 
0 2 34 
12 9 15 3 40 23 26 34 
4 34 2 11 8 24 9 
5 36 5 27 31 22 38 3 18 
15 9 32 9 40 28 17 26 23 2 8 11 2 35 
14 15 18 30 29 30 18 3 38 
1 33 
13 
10 33 1 38 22 21 16 20 37 16 37 
6 37 
3 28 40 
9 12 2 0 4 
==============================

====== Algorithm Status ======
Valor:                5626
Time:                 64002
nIter:                7328
Best Iter:            7328
Improvement Count:    7327
==============================
Solution tour: 
0 2 34 
12 9 15 3 40 23 26 34 
4 34 2 11 8 24 9 
5 36 5 27 31 22 38 3 18 
15 9 32 9 40 28 17 26 23 2 8 11 2 35 
14 15 18 30 29 30 18 3 38 
1 33 
13 
10 33 1 38 22 21 16 20 37 16 37 
6 37 
3 28 40 
9 12 2 0 4 
==============================

====== Algorithm Status ======
Valor:                5626
Time:                 128002
nIter:                14365
Best Iter:            14365
Improvement Count:    14364
==============================
Solution tour: 
0 2 34 
12 9 15 3 40 23 26 34 
4 34 2 11 8 24 9 
5 36 5 27 31 22 38 3 18 
15 9 32 9 40 28 17 26 23 2 8 11 2 35 
14 15 18 30 29 30 18 3 38 
1 33 
13 
10 33 1 38 22 21 16 20 37 16 37 
6 37 
3 28 40 
9 12 2 0 4 
==============================

====== Algorithm Status ======
Valor:                5626
Time:                 256002
nIter:                28358
Best Iter:            28358
Improvement Count:    28357
==============================
Solution tour: 
0 2 34 
12 9 15 3 40 23 26 34 
4 34 2 11 8 24 9 
5 36 5 27 31 22 38 3 18 
15 9 32 9 40 28 17 26 23 2 8 11 2 35 
14 15 18 30 29 30 18 3 38 
1 33 
13 
10 33 1 38 22 21 16 20 37 16 37 
6 37 
3 28 40 
9 12 2 0 4 
==============================

====== Algorithm Status ======
Valor:                5626
Time:                 512014
nIter:                56249
Best Iter:            56249
Improvement Count:    56248
==============================
Solution tour: 
0 2 34 
12 9 15 3 40 23 26 34 
4 34 2 11 8 24 9 
5 36 5 27 31 22 38 3 18 
15 9 32 9 40 28 17 26 23 2 8 11 2 35 
14 15 18 30 29 30 18 3 38 
1 33 
13 
10 33 1 38 22 21 16 20 37 16 37 
6 37 
3 28 40 
9 12 2 0 4 
==============================

====== Algorithm Status ======
Valor:                5626
Time:                 1024003
nIter:                111693
Best Iter:            111693
Improvement Count:    111694
==============================
Solution tour: 
0 2 34 
12 9 15 3 40 23 26 34 
4 34 2 11 8 24 9 
5 36 5 27 31 22 38 3 18 
15 9 32 9 40 28 17 26 23 2 8 11 2 35 
14 15 18 30 29 30 18 3 38 
1 33 
13 
10 33 1 38 22 21 16 20 37 16 37 
6 37 
3 28 40 
9 12 2 0 4 
==============================

====== Algorithm Status ======
Valor:                5626
Time:                 1024003
nIter:                111693
Best Iter:            111693
Improvement Count:    111694
==============================
Solution tour: 
0 2 34 
12 9 15 3 40 23 26 34 
4 34 2 11 8 24 9 
5 36 5 27 31 22 38 3 18 
15 9 32 9 40 28 17 26 23 2 8 11 2 35 
14 15 18 30 29 30 18 3 38 
1 33 
13 
10 33 1 38 22 21 16 20 37 16 37 
6 37 
3 28 40 
9 12 2 0 4 
==============================

