=========== Input ===========
File name:                ./instances/created-instances/mm-25-10-1891798.cdop
Total node count:         36
Truck node count:         25
Drone node count:         10
=============================

========== Settings ==========
Settings file:        ./settings/Memetic-LS_MMX_1099666.config
Seed:                 1099666
Reduction method:     -
Max iter:             1024000
Population size:      13
Crossover:            MA-MMX
Local Search:         -
Warm Start:           -
==============================

====== Algorithm Status ======
Valor:                1479
Time:                 250
nIter:                574
Best Iter:            574
Improvement Count:    573
==============================
Solution tour: 
0 31 
25 
19 
4 
9 
13 
2 
22 3 
24 
6 
1 30 
14 
8 
15 
11 
12 28 
==============================

====== Algorithm Status ======
Valor:                1655
Time:                 500
nIter:                1152
Best Iter:            1152
Improvement Count:    1151
==============================
Solution tour: 
0 
11 28 
24 
6 
1 30 31 30 
14 
8 
15 31 
25 
19 
4 
9 
13 
2 
22 
20 27 
==============================

====== Algorithm Status ======
Valor:                1821
Time:                 1000
nIter:                2266
Best Iter:            2266
Improvement Count:    2265
==============================
Solution tour: 
0 
11 28 
25 
6 
1 30 31 30 
14 
8 
15 31 
24 
19 
4 
9 
13 
2 
22 
21 31 30 33 
==============================

====== Algorithm Status ======
Valor:                2425
Time:                 2000
nIter:                4690
Best Iter:            4690
Improvement Count:    4689
==============================
Solution tour: 
0 
11 
6 28 
25 31 
1 30 31 26 31 
8 31 
15 31 30 35 31 35 
4 
9 
13 
2 
22 31 
19 
24 27 33 
==============================

====== Algorithm Status ======
Valor:                2680
Time:                 4000
nIter:                9491
Best Iter:            9491
Improvement Count:    9490
==============================
Solution tour: 
0 
12 31 28 31 28 
25 9 
1 35 31 26 
19 26 31 
15 31 30 31 35 
4 
9 
13 
2 
22 
8 15 9 
24 19 27 33 
==============================

====== Algorithm Status ======
Valor:                3305
Time:                 8000
nIter:                19031
Best Iter:            19031
Improvement Count:    19030
==============================
Solution tour: 
0 12 0 26 12 31 12 
14 12 28 
25 9 
1 35 31 26 
16 26 0 31 
15 31 30 31 35 
4 
9 
13 
2 
22 29 
24 
5 27 33 
==============================

====== Algorithm Status ======
Valor:                3314
Time:                 16000
nIter:                37838
Best Iter:            37838
Improvement Count:    37837
==============================
Solution tour: 
0 12 0 26 12 31 12 
14 12 28 
25 9 4 
1 35 31 26 
16 26 0 31 
15 31 30 31 35 
4 
9 
13 
2 
22 29 
24 
5 27 33 
==============================

====== Algorithm Status ======
Valor:                3333
Time:                 32000
nIter:                74811
Best Iter:            74811
Improvement Count:    74810
==============================
Solution tour: 
0 12 0 26 12 31 12 
14 12 28 
25 9 4 
1 35 31 26 
16 26 0 31 
15 31 30 31 35 
4 
9 
13 
2 
22 6 29 
24 
5 27 33 
==============================

====== Algorithm Status ======
Valor:                3392
Time:                 64000
nIter:                148358
Best Iter:            148358
Improvement Count:    148357
==============================
Solution tour: 
0 12 0 26 12 31 12 
14 28 31 
25 9 
1 35 31 26 
16 26 31 
15 31 30 19 30 31 35 
4 
9 25 
13 
2 
22 29 
24 
5 27 33 
==============================

====== Algorithm Status ======
Valor:                3742
Time:                 128000
nIter:                293957
Best Iter:            293957
Improvement Count:    293956
==============================
Solution tour: 
0 12 26 0 26 12 
14 12 31 28 34 28 
25 9 
1 35 31 26 7 26 31 
15 31 30 19 30 31 35 
4 
9 
13 
2 
22 2 29 
24 
5 27 33 
==============================

====== Algorithm Status ======
Valor:                3843
Time:                 256000
nIter:                579696
Best Iter:            579696
Improvement Count:    579695
==============================
Solution tour: 
0 12 26 0 26 12 
14 12 31 28 34 28 
25 9 25 31 26 7 26 9 
15 31 30 19 26 19 30 31 35 31 
4 
9 
13 
2 
22 2 29 
24 
5 33 27 33 
==============================

====== Algorithm Status ======
Valor:                3939
Time:                 512000
nIter:                1116606
Best Iter:            1116606
Improvement Count:    1116605
==============================
Solution tour: 
0 12 26 0 26 9 25 31 12 
14 12 31 28 34 28 
25 9 26 7 26 13 9 
15 31 30 19 26 19 30 31 35 31 
4 
9 
13 
2 
22 2 29 
24 14 
5 33 27 33 
==============================

====== Algorithm Status ======
Valor:                4047
Time:                 1024001
nIter:                2123983
Best Iter:            2123983
Improvement Count:    2123984
==============================
Solution tour: 
0 12 26 0 26 9 25 31 12 
14 12 31 28 34 28 
25 9 26 7 26 13 9 4 9 
15 31 30 19 26 19 30 31 35 31 15 
9 
13 
2 
22 2 29 
24 5 27 33 
==============================

====== Algorithm Status ======
Valor:                4047
Time:                 1024001
nIter:                2123983
Best Iter:            2123983
Improvement Count:    2123984
==============================
Solution tour: 
0 12 26 0 26 9 25 31 12 
14 12 31 28 34 28 
25 9 26 7 26 13 9 4 9 
15 31 30 19 26 19 30 31 35 31 15 
9 
13 
2 
22 2 29 
24 5 27 33 
==============================

