=========== Input ===========
File name:                ./instances/created-instances/mm-25-10-1762875.cdop
Total node count:         36
Truck node count:         25
Drone node count:         10
=============================

========== Settings ==========
Settings file:        ./settings/Memetic-LS_MMX_1099666.config
Seed:                 1099666
Reduction method:     -
Max iter:             1024000
Population size:      13
Crossover:            MA-MMX
Local Search:         -
Warm Start:           -
==============================

====== Algorithm Status ======
Valor:                1778
Time:                 250
nIter:                601
Best Iter:            601
Improvement Count:    600
==============================
Solution tour: 
0 30 34 
9 
15 
24 
5 29 
16 
6 30 
12 30 
8 26 
10 
20 4 32 4 
22 28 
==============================

====== Algorithm Status ======
Valor:                2343
Time:                 500
nIter:                1225
Best Iter:            1225
Improvement Count:    1224
==============================
Solution tour: 
0 30 34 30 29 
9 29 26 29 35 26 35 34 26 34 
10 19 30 
12 30 
8 26 
21 4 32 4 
22 28 
==============================

====== Algorithm Status ======
Valor:                2510
Time:                 1000
nIter:                2472
Best Iter:            2472
Improvement Count:    2471
==============================
Solution tour: 
0 30 34 30 29 
9 29 26 29 26 35 26 
18 
23 34 26 34 
10 19 30 
12 26 
8 26 
21 4 32 4 
22 28 
==============================

====== Algorithm Status ======
Valor:                2510
Time:                 2000
nIter:                4890
Best Iter:            4890
Improvement Count:    4889
==============================
Solution tour: 
0 30 34 30 29 
9 29 26 29 26 35 26 
18 
23 34 26 34 
10 19 30 
12 26 
8 26 
21 4 32 4 
22 28 
==============================

====== Algorithm Status ======
Valor:                2883
Time:                 4000
nIter:                9778
Best Iter:            9778
Improvement Count:    9777
==============================
Solution tour: 
0 30 8 
20 8 34 8 26 8 26 29 
9 29 26 35 26 12 26 
18 26 34 26 34 30 
12 
8 32 
21 32 4 
22 28 
==============================

====== Algorithm Status ======
Valor:                3153
Time:                 8000
nIter:                18648
Best Iter:            18648
Improvement Count:    18647
==============================
Solution tour: 
0 30 12 8 12 30 8 
20 8 34 8 26 8 26 29 22 29 
9 29 26 35 12 35 26 12 26 
18 26 34 26 34 
12 32 
21 4 
22 28 
==============================

====== Algorithm Status ======
Valor:                3203
Time:                 16001
nIter:                36354
Best Iter:            36354
Improvement Count:    36353
==============================
Solution tour: 
0 30 12 8 12 30 8 
1 8 
20 8 26 8 35 26 34 26 29 22 29 
9 29 26 35 12 26 
18 26 12 34 
12 32 
21 4 
22 28 
==============================

====== Algorithm Status ======
Valor:                3237
Time:                 32000
nIter:                70922
Best Iter:            70922
Improvement Count:    70921
==============================
Solution tour: 
0 30 12 8 12 30 8 
1 8 
20 8 26 8 35 26 34 26 29 22 29 
9 29 26 35 12 26 
18 26 12 34 
12 32 
21 4 
22 
4 
==============================

====== Algorithm Status ======
Valor:                3426
Time:                 64001
nIter:                142820
Best Iter:            142820
Improvement Count:    142819
==============================
Solution tour: 
0 30 12 8 12 30 8 
1 8 3 8 26 8 
12 35 26 34 26 29 
9 29 26 35 12 26 
18 26 12 34 8 32 4 
21 4 
22 8 
20 33 
13 33 
==============================

====== Algorithm Status ======
Valor:                3667
Time:                 128000
nIter:                283965
Best Iter:            283965
Improvement Count:    283964
==============================
Solution tour: 
0 30 12 
13 33 13 12 8 
1 8 3 8 26 8 
12 35 26 34 26 29 28 
9 29 26 35 12 26 
18 26 12 34 8 32 4 
21 4 
22 8 
20 35 24 33 
24 14 
==============================

====== Algorithm Status ======
Valor:                3861
Time:                 256000
nIter:                559575
Best Iter:            559575
Improvement Count:    559574
==============================
Solution tour: 
0 30 12 13 
10 13 33 13 12 8 
1 8 3 8 26 35 26 34 26 29 
9 29 26 8 12 26 
18 26 12 34 8 32 4 
21 4 
22 8 
20 35 20 
13 24 33 
24 14 
==============================

====== Algorithm Status ======
Valor:                3998
Time:                 512000
nIter:                1079718
Best Iter:            1079718
Improvement Count:    1079717
==============================
Solution tour: 
0 30 12 13 20 
10 13 33 24 33 13 10 12 8 
1 8 3 8 26 35 26 34 26 15 26 29 
9 29 26 
8 12 26 
18 26 
12 32 29 
21 4 28 
22 8 
20 35 20 
13 24 19 
24 14 
==============================

====== Algorithm Status ======
Valor:                4070
Time:                 1024001
nIter:                2087194
Best Iter:            2087194
Improvement Count:    2087195
==============================
Solution tour: 
0 30 12 13 20 
10 13 33 24 33 13 10 19 13 3 12 8 
1 8 3 8 26 35 26 34 26 15 26 29 
9 29 26 
8 12 26 
18 23 32 29 
21 4 
22 8 
20 35 20 
13 24 19 
24 14 
==============================

====== Algorithm Status ======
Valor:                4070
Time:                 1024001
nIter:                2087194
Best Iter:            2087194
Improvement Count:    2087195
==============================
Solution tour: 
0 30 12 13 20 
10 13 33 24 33 13 10 19 13 3 12 8 
1 8 3 8 26 35 26 34 26 15 26 29 
9 29 26 
8 12 26 
18 23 32 29 
21 4 
22 8 
20 35 20 
13 24 19 
24 14 
==============================

