=========== Input ===========
File name:                ./instances/created-instances/mm-15-25-1762875.cdop
Total node count:         41
Truck node count:         15
Drone node count:         25
=============================

========== Settings ==========
Settings file:        ./settings/Memetic_MPX_1099666.config
Seed:                 1099666
Reduction method:     -
Max iter:             1024000
Population size:      13
Crossover:            MA-MPX
Local Search:         LS
Warm Start:           -
==============================

====== Algorithm Status ======
Valor:                5372
Time:                 254
nIter:                30
Best Iter:            30
Improvement Count:    29
==============================
Solution tour: 
0 
13 37 19 37 31 
3 33 17 39 17 33 8 26 39 
8 33 12 32 12 27 12 33 35 
10 21 34 
12 34 21 36 
1 40 1 
5 13 
7 29 13 
2 16 5 
14 5 9 23 31 23 30 25 
15 29 7 
9 18 28 18 
11 38 30 38 25 15 
4 6 29 
==============================

====== Algorithm Status ======
Valor:                5925
Time:                 510
nIter:                58
Best Iter:            58
Improvement Count:    57
==============================
Solution tour: 
0 13 7 13 9 23 31 23 20 
13 37 19 37 31 23 
9 18 11 28 18 17 
3 33 17 39 17 33 8 39 
8 33 12 32 12 27 12 33 32 12 35 12 18 28 
11 39 22 39 26 38 30 38 25 
15 9 7 9 13 29 7 29 14 
10 21 34 21 
12 34 21 1 40 24 36 21 10 14 
5 
14 5 13 
2 16 
==============================

====== Algorithm Status ======
Valor:                5925
Time:                 1005
nIter:                107
Best Iter:            107
Improvement Count:    106
==============================
Solution tour: 
0 13 7 13 9 23 31 23 20 
13 37 19 37 31 23 
9 18 11 28 18 17 
3 33 17 39 17 33 8 39 
8 33 12 32 12 27 12 33 32 12 35 12 18 28 
11 39 22 39 26 38 30 38 25 
15 9 7 9 13 29 7 29 14 
10 21 34 21 
12 34 21 1 40 24 36 21 10 14 
5 
14 5 13 
2 16 
==============================

====== Algorithm Status ======
Valor:                5925
Time:                 2006
nIter:                217
Best Iter:            217
Improvement Count:    216
==============================
Solution tour: 
0 13 7 13 9 23 31 23 20 
13 37 19 37 31 23 
9 18 11 28 18 17 
3 33 17 39 17 33 8 39 
8 33 12 32 12 27 12 33 32 12 35 12 18 28 
11 39 22 39 26 38 30 38 25 
15 9 7 9 13 29 7 29 14 
10 21 34 21 
12 34 21 1 40 24 36 21 10 14 
5 
14 5 13 
2 16 
==============================

====== Algorithm Status ======
Valor:                5925
Time:                 4008
nIter:                409
Best Iter:            409
Improvement Count:    408
==============================
Solution tour: 
0 13 7 13 9 23 31 23 20 
13 37 19 37 31 23 
9 18 11 28 18 17 
3 33 17 39 17 33 8 39 
8 33 12 32 12 27 12 33 32 12 35 12 18 28 
11 39 22 39 26 38 30 38 25 
15 9 7 9 13 29 7 29 14 
10 21 34 21 
12 34 21 1 40 24 36 21 10 14 
5 
14 5 13 
2 16 
==============================

====== Algorithm Status ======
Valor:                5925
Time:                 8017
nIter:                824
Best Iter:            824
Improvement Count:    823
==============================
Solution tour: 
0 13 7 13 9 23 31 23 20 
13 37 19 37 31 23 
9 18 11 28 18 17 
3 33 17 39 17 33 8 39 
8 33 12 32 12 27 12 33 32 12 35 12 18 28 
11 39 22 39 26 38 30 38 25 
15 9 7 9 13 29 7 29 14 
10 21 34 21 
12 34 21 1 40 24 36 21 10 14 
5 
14 5 13 
2 16 
==============================

====== Algorithm Status ======
Valor:                5925
Time:                 16004
nIter:                1652
Best Iter:            1652
Improvement Count:    1651
==============================
Solution tour: 
0 13 7 13 9 23 31 23 20 
13 37 19 37 31 23 
9 18 11 28 18 17 
3 33 17 39 17 33 8 39 
8 33 12 32 12 27 12 33 32 12 35 12 18 28 
11 39 22 39 26 38 30 38 25 
15 9 7 9 13 29 7 29 14 
10 21 34 21 
12 34 21 1 40 24 36 21 10 14 
5 
14 5 13 
2 16 
==============================

====== Algorithm Status ======
Valor:                5925
Time:                 32003
nIter:                3262
Best Iter:            3262
Improvement Count:    3261
==============================
Solution tour: 
0 13 7 13 9 23 31 23 20 
13 37 19 37 31 23 
9 18 11 28 18 17 
3 33 17 39 17 33 8 39 
8 33 12 32 12 27 12 33 32 12 35 12 18 28 
11 39 22 39 26 38 30 38 25 
15 9 7 9 13 29 7 29 14 
10 21 34 21 
12 34 21 1 40 24 36 21 10 14 
5 
14 5 13 
2 16 
==============================

====== Algorithm Status ======
Valor:                5925
Time:                 64007
nIter:                6643
Best Iter:            6643
Improvement Count:    6642
==============================
Solution tour: 
0 13 7 13 9 23 31 23 20 
13 37 19 37 31 23 
9 18 11 28 18 17 
3 33 17 39 17 33 8 39 
8 33 12 32 12 27 12 33 32 12 35 12 18 28 
11 39 22 39 26 38 30 38 25 
15 9 7 9 13 29 7 29 14 
10 21 34 21 
12 34 21 1 40 24 36 21 10 14 
5 
14 5 13 
2 16 
==============================

====== Algorithm Status ======
Valor:                5925
Time:                 128004
nIter:                13420
Best Iter:            13420
Improvement Count:    13419
==============================
Solution tour: 
0 13 7 13 9 23 31 23 20 
13 37 19 37 31 23 
9 18 11 28 18 17 
3 33 17 39 17 33 8 39 
8 33 12 32 12 27 12 33 32 12 35 12 18 28 
11 39 22 39 26 38 30 38 25 
15 9 7 9 13 29 7 29 14 
10 21 34 21 
12 34 21 1 40 24 36 21 10 14 
5 
14 5 13 
2 16 
==============================

====== Algorithm Status ======
Valor:                5925
Time:                 256005
nIter:                26966
Best Iter:            26966
Improvement Count:    26965
==============================
Solution tour: 
0 13 7 13 9 23 31 23 20 
13 37 19 37 31 23 
9 18 11 28 18 17 
3 33 17 39 17 33 8 39 
8 33 12 32 12 27 12 33 32 12 35 12 18 28 
11 39 22 39 26 38 30 38 25 
15 9 7 9 13 29 7 29 14 
10 21 34 21 
12 34 21 1 40 24 36 21 10 14 
5 
14 5 13 
2 16 
==============================

====== Algorithm Status ======
Valor:                5925
Time:                 512004
nIter:                54027
Best Iter:            54027
Improvement Count:    54026
==============================
Solution tour: 
0 13 7 13 9 23 31 23 20 
13 37 19 37 31 23 
9 18 11 28 18 17 
3 33 17 39 17 33 8 39 
8 33 12 32 12 27 12 33 32 12 35 12 18 28 
11 39 22 39 26 38 30 38 25 
15 9 7 9 13 29 7 29 14 
10 21 34 21 
12 34 21 1 40 24 36 21 10 14 
5 
14 5 13 
2 16 
==============================

====== Algorithm Status ======
Valor:                6047
Time:                 1024007
nIter:                107588
Best Iter:            107588
Improvement Count:    107589
==============================
Solution tour: 
0 13 29 6 7 13 9 23 31 37 23 20 13 
6 29 7 13 37 19 37 31 23 
9 18 11 28 18 17 
3 33 17 39 17 33 8 39 
8 33 12 32 12 27 12 33 32 12 35 12 18 28 
11 39 22 39 26 38 30 38 25 
15 9 7 9 13 7 29 14 
10 21 34 
12 34 21 1 40 24 36 21 10 14 
5 
14 5 13 
==============================

====== Algorithm Status ======
Valor:                6047
Time:                 1024007
nIter:                107588
Best Iter:            107588
Improvement Count:    107589
==============================
Solution tour: 
0 13 29 6 7 13 9 23 31 37 23 20 13 
6 29 7 13 37 19 37 31 23 
9 18 11 28 18 17 
3 33 17 39 17 33 8 39 
8 33 12 32 12 27 12 33 32 12 35 12 18 28 
11 39 22 39 26 38 30 38 25 
15 9 7 9 13 7 29 14 
10 21 34 
12 34 21 1 40 24 36 21 10 14 
5 
14 5 13 
==============================

