=========== Input ===========
File name:                ./instances/created-instances/mm-10-40-1762875.cdop
Total node count:         51
Truck node count:         10
Drone node count:         40
=============================

========== Settings ==========
Settings file:        ./settings/Memetic-LS_MMX_1099666.config
Seed:                 1099666
Reduction method:     -
Max iter:             1024000
Population size:      13
Crossover:            MA-MMX
Local Search:         -
Warm Start:           -
==============================

====== Algorithm Status ======
Valor:                2421
Time:                 250
nIter:                331
Best Iter:            331
Improvement Count:    330
==============================
Solution tour: 
0 14 15 26 32 48 
8 31 45 36 32 26 13 
10 40 
4 46 16 46 28 46 35 
==============================

====== Algorithm Status ======
Valor:                2710
Time:                 500
nIter:                620
Best Iter:            620
Improvement Count:    619
==============================
Solution tour: 
0 14 45 37 15 26 32 48 
8 31 15 31 32 36 32 26 13 
10 40 
4 46 16 46 28 35 
==============================

====== Algorithm Status ======
Valor:                3549
Time:                 1000
nIter:                1087
Best Iter:            1087
Improvement Count:    1086
==============================
Solution tour: 
0 
6 27 14 45 37 31 
1 24 31 24 15 31 15 31 37 15 45 31 45 37 45 15 24 26 24 15 37 
8 24 32 36 32 
9 32 13 
10 40 
4 46 16 35 
==============================

====== Algorithm Status ======
Valor:                3663
Time:                 2000
nIter:                1937
Best Iter:            1937
Improvement Count:    1936
==============================
Solution tour: 
0 
6 27 14 45 37 24 
1 24 31 24 15 21 24 15 31 15 31 37 15 45 31 45 37 45 15 24 26 24 15 37 24 
8 24 32 36 32 
9 32 13 
10 40 
4 46 16 35 
==============================

====== Algorithm Status ======
Valor:                3726
Time:                 4000
nIter:                3682
Best Iter:            3682
Improvement Count:    3681
==============================
Solution tour: 
0 
6 27 14 45 37 31 15 31 37 15 24 
1 24 31 24 21 15 45 31 45 37 45 15 24 26 24 15 37 
8 24 8 32 36 32 
9 32 13 
10 40 
4 46 16 35 
==============================

====== Algorithm Status ======
Valor:                3726
Time:                 8001
nIter:                7223
Best Iter:            7223
Improvement Count:    7222
==============================
Solution tour: 
0 
6 27 14 45 37 31 15 31 37 15 24 
1 24 31 24 21 15 45 31 45 37 45 15 24 26 24 15 37 
8 24 8 32 36 32 
9 32 13 
10 40 
4 46 16 35 
==============================

====== Algorithm Status ======
Valor:                4250
Time:                 16000
nIter:                14275
Best Iter:            14275
Improvement Count:    14274
==============================
Solution tour: 
0 
6 27 14 45 37 31 15 31 37 15 24 
1 24 31 24 21 15 45 31 45 37 45 30 24 26 24 15 37 
8 24 8 30 8 31 8 36 32 
9 13 
10 40 31 40 15 40 
4 46 16 35 
==============================

====== Algorithm Status ======
Valor:                4579
Time:                 32000
nIter:                27084
Best Iter:            27084
Improvement Count:    27083
==============================
Solution tour: 
0 
6 27 14 45 33 8 31 15 31 24 
1 24 31 21 15 45 31 45 30 45 24 26 24 37 15 24 15 37 
8 24 8 30 8 31 8 37 31 28 43 36 43 32 
9 13 
10 40 31 40 
4 46 16 35 
==============================

====== Algorithm Status ======
Valor:                4861
Time:                 64001
nIter:                52093
Best Iter:            52093
Improvement Count:    52092
==============================
Solution tour: 
0 
6 27 37 33 8 37 31 15 31 24 
1 24 31 15 45 31 8 31 45 30 45 24 26 24 15 37 15 37 8 24 8 30 8 21 8 45 37 30 37 43 14 43 36 28 43 
9 13 32 
10 40 31 40 
4 46 16 35 
==============================

====== Algorithm Status ======
Valor:                4995
Time:                 128002
nIter:                103967
Best Iter:            103967
Improvement Count:    103966
==============================
Solution tour: 
0 
6 42 6 8 33 
8 31 15 31 24 
1 24 31 8 37 45 30 45 24 26 24 15 31 45 37 15 45 15 37 8 24 8 30 8 21 8 30 37 43 14 43 36 28 36 43 42 
9 13 
10 40 31 40 
4 46 16 35 
==============================

====== Algorithm Status ======
Valor:                5390
Time:                 256006
nIter:                200464
Best Iter:            200464
Improvement Count:    200463
==============================
Solution tour: 
0 27 
6 42 43 44 18 29 8 33 
8 31 15 31 24 22 
1 24 31 8 45 31 45 30 45 37 15 24 26 24 15 45 15 37 8 24 8 30 8 21 8 37 3 37 43 14 43 36 28 36 43 42 4 42 
9 13 
10 32 40 31 40 
4 46 16 35 
==============================

====== Algorithm Status ======
Valor:                5515
Time:                 512000
nIter:                378833
Best Iter:            378833
Improvement Count:    378832
==============================
Solution tour: 
0 27 
6 42 43 44 24 8 33 
8 31 15 31 24 22 
1 24 31 8 31 45 30 45 37 15 24 26 24 15 45 15 37 8 30 8 21 8 24 37 3 37 43 14 43 36 28 36 44 36 43 42 4 42 
9 13 
10 12 32 40 31 40 
4 46 
7 16 35 
==============================

====== Algorithm Status ======
Valor:                5947
Time:                 1024003
nIter:                696935
Best Iter:            696935
Improvement Count:    696936
==============================
Solution tour: 
0 27 
6 42 43 44 24 8 33 
8 31 8 33 22 
1 22 31 24 31 45 30 45 37 15 24 26 24 15 31 15 37 8 30 8 21 8 24 37 3 37 43 14 43 36 28 36 44 36 43 42 4 42 
9 13 5 13 
10 32 12 32 30 40 31 40 
4 46 
7 17 35 17 35 16 35 
==============================

====== Algorithm Status ======
Valor:                5947
Time:                 1024003
nIter:                696935
Best Iter:            696935
Improvement Count:    696936
==============================
Solution tour: 
0 27 
6 42 43 44 24 8 33 
8 31 8 33 22 
1 22 31 24 31 45 30 45 37 15 24 26 24 15 31 15 37 8 30 8 21 8 24 37 3 37 43 14 43 36 28 36 44 36 43 42 4 42 
9 13 5 13 
10 32 12 32 30 40 31 40 
4 46 
7 17 35 17 35 16 35 
==============================

