=========== Input ===========
File name:                ./instances/created-instances/mm-10-25-1891798.cdop
Total node count:         36
Truck node count:         10
Drone node count:         25
=============================

========== Settings ==========
Settings file:        ./settings/Memetic-LS_MPX_1099666.config
Seed:                 1099666
Reduction method:     -
Max iter:             1024000
Population size:      13
Crossover:            MA-MPX
Local Search:         -
Warm Start:           -
==============================

====== Algorithm Status ======
Valor:                2472
Time:                 252
nIter:                464
Best Iter:            464
Improvement Count:    463
==============================
Solution tour: 
0 
8 24 13 30 32 
2 
10 34 29 12 17 
7 13 
1 
3 
9 
6 19 
4 16 26 
5 33 5 23 14 
==============================

====== Algorithm Status ======
Valor:                2745
Time:                 500
nIter:                922
Best Iter:            922
Improvement Count:    921
==============================
Solution tour: 
0 
8 24 13 30 32 
2 
10 34 29 15 12 17 
7 13 
1 
3 
9 
6 19 
4 19 16 26 
5 33 5 23 14 20 
==============================

====== Algorithm Status ======
Valor:                2802
Time:                 1000
nIter:                1745
Best Iter:            1745
Improvement Count:    1744
==============================
Solution tour: 
0 
8 24 13 30 32 29 
10 34 
2 15 12 17 
5 33 5 23 14 20 
7 13 
1 
3 
9 
6 19 
4 19 16 26 
==============================

====== Algorithm Status ======
Valor:                3268
Time:                 2001
nIter:                3366
Best Iter:            3366
Improvement Count:    3365
==============================
Solution tour: 
0 35 
7 21 
5 33 23 14 4 20 
8 27 15 13 30 32 29 26 34 16 19 24 12 17 
3 
1 
2 
10 
9 
6 19 
4 19 
==============================

====== Algorithm Status ======
Valor:                3524
Time:                 4002
nIter:                6146
Best Iter:            6146
Improvement Count:    6145
==============================
Solution tour: 
0 35 
7 14 
5 33 23 19 4 20 
8 27 15 13 30 32 29 26 34 16 19 12 24 17 
3 17 
1 3 
9 
6 21 12 
4 19 
2 
10 26 
==============================

====== Algorithm Status ======
Valor:                3858
Time:                 8000
nIter:                11453
Best Iter:            11453
Improvement Count:    11452
==============================
Solution tour: 
0 35 
7 32 27 
2 32 22 
10 14 15 13 30 32 
8 26 34 16 19 24 12 17 
3 17 
1 3 
9 
6 21 12 
4 19 
5 33 25 23 19 4 20 29 
==============================

====== Algorithm Status ======
Valor:                3990
Time:                 16000
nIter:                21784
Best Iter:            21784
Improvement Count:    21783
==============================
Solution tour: 
0 35 
7 26 27 
2 32 22 
10 14 15 13 30 32 
8 32 34 16 19 24 12 17 
3 14 17 
1 3 19 
9 
6 21 12 
4 19 
5 33 25 23 19 4 20 29 
==============================

====== Algorithm Status ======
Valor:                4036
Time:                 32002
nIter:                42140
Best Iter:            42140
Improvement Count:    42139
==============================
Solution tour: 
0 35 
7 26 27 
8 32 34 16 19 24 12 17 
3 14 17 
1 3 19 
9 
6 21 12 
4 19 
5 33 25 23 19 4 20 29 
10 15 13 30 32 
2 32 22 
==============================

====== Algorithm Status ======
Valor:                4207
Time:                 64003
nIter:                82769
Best Iter:            82769
Improvement Count:    82768
==============================
Solution tour: 
0 35 7 26 27 
8 32 34 16 19 24 12 17 14 
3 17 3 
1 23 
9 19 
6 21 12 
4 19 
5 33 25 15 23 19 4 23 20 29 
10 33 13 30 32 
2 32 22 
==============================

====== Algorithm Status ======
Valor:                4702
Time:                 128000
nIter:                156314
Best Iter:            156314
Improvement Count:    156313
==============================
Solution tour: 
0 35 7 18 
5 33 25 15 23 19 23 4 20 29 32 
10 33 24 13 30 32 
8 26 34 16 19 12 17 14 1 
3 17 3 
1 23 11 
6 23 12 21 12 
4 19 
9 19 
2 32 22 
7 35 
==============================

====== Algorithm Status ======
Valor:                4879
Time:                 256000
nIter:                293304
Best Iter:            293304
Improvement Count:    293303
==============================
Solution tour: 
0 35 7 18 
7 35 20 33 
5 33 25 33 23 19 23 4 20 29 
10 13 24 15 24 30 32 
8 26 34 16 19 12 17 14 
3 17 3 
1 23 11 
6 23 12 21 12 
4 19 
9 19 
2 32 22 
==============================

====== Algorithm Status ======
Valor:                5013
Time:                 512000
nIter:                545538
Best Iter:            545538
Improvement Count:    545537
==============================
Solution tour: 
0 35 7 18 
7 35 20 19 
5 33 25 33 23 19 23 6 11 20 29 
10 13 24 15 24 30 8 32 
8 26 34 16 19 4 12 17 14 
3 17 3 
1 23 11 
6 23 12 21 12 
4 19 
9 19 
2 32 22 
==============================

====== Algorithm Status ======
Valor:                5067
Time:                 1024001
nIter:                1007701
Best Iter:            1007701
Improvement Count:    1007702
==============================
Solution tour: 
0 35 7 18 
7 35 20 19 
5 33 25 33 5 23 19 23 6 11 
10 29 20 4 13 24 15 24 30 8 32 
8 26 34 16 19 4 12 17 14 
3 17 3 
1 23 11 
6 23 12 21 12 
4 19 
9 19 
2 32 22 
==============================

====== Algorithm Status ======
Valor:                5067
Time:                 1024001
nIter:                1007701
Best Iter:            1007701
Improvement Count:    1007702
==============================
Solution tour: 
0 35 7 18 
7 35 20 19 
5 33 25 33 5 23 19 23 6 11 
10 29 20 4 13 24 15 24 30 8 32 
8 26 34 16 19 4 12 17 14 
3 17 3 
1 23 11 
6 23 12 21 12 
4 19 
9 19 
2 32 22 
==============================

