=========== Input ===========
File name:                ./instances/created-instances/mm-15-25-1767920.cdop
Total node count:         41
Truck node count:         15
Drone node count:         25
=============================

========== Settings ==========
Settings file:        ./settings/Memetic_MMX_1287823.config
Seed:                 1287823
Reduction method:     -
Max iter:             1024000
Population size:      13
Crossover:            MA-MMX
Local Search:         LS
Warm Start:           -
==============================

====== Algorithm Status ======
Valor:                5441
Time:                 252
nIter:                26
Best Iter:            26
Improvement Count:    25
==============================
Solution tour: 
0 20 0 31 0 40 34 40 38 34 38 22 1 20 26 20 
1 28 16 28 10 28 33 22 33 20 17 
6 17 32 16 32 17 19 33 13 40 29 4 18 36 35 
4 21 4 23 4 7 6 27 10 15 10 9 27 
9 3 17 16 17 1 17 26 13 24 7 25 7 23 7 12 8 12 37 
==============================

====== Algorithm Status ======
Valor:                5597
Time:                 503
nIter:                54
Best Iter:            54
Improvement Count:    53
==============================
Solution tour: 
0 20 0 31 0 40 34 40 38 34 38 22 33 20 1 20 26 20 
1 28 16 28 10 28 1 22 1 17 
6 17 32 16 32 17 19 33 13 14 29 4 18 36 35 
4 21 4 23 7 4 7 6 3 9 27 
9 3 17 16 17 1 13 24 13 7 25 7 11 37 
==============================

====== Algorithm Status ======
Valor:                5680
Time:                 1001
nIter:                105
Best Iter:            105
Improvement Count:    104
==============================
Solution tour: 
0 20 0 31 0 34 40 38 34 38 22 19 33 20 26 20 
1 28 16 28 10 28 1 20 33 22 1 17 
6 17 32 16 17 1 22 33 13 14 29 4 18 4 35 
4 21 4 23 7 4 7 6 3 
9 27 9 3 32 17 16 32 20 13 24 13 11 7 25 7 11 37 
==============================

====== Algorithm Status ======
Valor:                5767
Time:                 2008
nIter:                199
Best Iter:            199
Improvement Count:    198
==============================
Solution tour: 
0 20 0 31 0 38 40 34 40 38 34 38 22 19 33 20 26 20 
1 28 16 28 10 28 1 20 33 22 1 17 
6 17 16 32 16 17 1 22 33 13 14 29 4 18 4 35 
4 21 4 7 23 7 6 28 3 9 27 9 16 20 13 24 13 7 25 7 11 37 
==============================

====== Algorithm Status ======
Valor:                5803
Time:                 4009
nIter:                385
Best Iter:            385
Improvement Count:    384
==============================
Solution tour: 
0 20 0 31 0 38 40 34 40 38 34 38 22 19 33 20 26 20 
1 28 9 3 16 28 27 9 27 28 10 15 10 28 1 20 33 22 33 22 1 17 16 32 16 17 1 22 38 14 29 4 18 4 35 
4 21 4 7 23 7 6 28 16 20 13 24 13 7 25 7 11 37 
==============================

====== Algorithm Status ======
Valor:                5821
Time:                 8013
nIter:                741
Best Iter:            741
Improvement Count:    740
==============================
Solution tour: 
0 20 0 31 0 38 40 34 40 38 34 38 22 19 33 20 26 20 
1 28 9 3 9 16 28 27 9 27 28 10 15 10 28 1 20 33 22 1 17 16 32 16 17 1 22 38 14 29 4 18 4 35 
4 21 4 7 23 7 6 28 16 20 13 24 13 7 25 7 11 37 
==============================

====== Algorithm Status ======
Valor:                5845
Time:                 16013
nIter:                1437
Best Iter:            1437
Improvement Count:    1436
==============================
Solution tour: 
0 20 0 31 0 38 40 34 40 38 34 38 22 19 22 33 20 26 20 
1 28 9 3 9 16 28 27 9 27 28 10 15 10 28 1 20 33 22 1 17 16 32 16 17 1 22 38 14 29 4 18 21 36 35 
4 21 4 7 23 7 6 28 16 20 13 24 13 7 25 7 11 37 
==============================

====== Algorithm Status ======
Valor:                5891
Time:                 32002
nIter:                2799
Best Iter:            2799
Improvement Count:    2798
==============================
Solution tour: 
0 20 0 31 0 38 40 34 40 38 34 38 22 19 22 33 20 26 20 
1 28 10 15 27 9 3 9 16 28 27 9 27 15 10 28 1 20 33 22 1 17 16 32 16 17 1 22 38 14 29 4 18 36 35 36 35 
4 21 4 7 23 7 6 28 16 20 13 24 13 7 25 7 11 37 
==============================

====== Algorithm Status ======
Valor:                5891
Time:                 64009
nIter:                5493
Best Iter:            5493
Improvement Count:    5492
==============================
Solution tour: 
0 20 0 31 0 38 40 34 40 38 34 38 22 19 22 33 20 26 20 
1 28 10 15 27 9 3 9 16 28 27 9 27 15 10 28 1 20 33 22 1 17 16 32 16 17 1 22 38 14 29 4 18 36 35 36 35 
4 21 4 7 23 7 6 28 16 20 13 24 13 7 25 7 11 37 
==============================

====== Algorithm Status ======
Valor:                5891
Time:                 128016
nIter:                10899
Best Iter:            10899
Improvement Count:    10898
==============================
Solution tour: 
0 20 0 31 0 38 40 34 40 38 34 38 22 19 22 33 20 26 20 
1 28 10 15 27 9 3 9 16 28 27 9 27 15 10 28 1 20 33 22 1 17 16 32 16 17 1 22 38 14 29 4 18 36 35 36 35 
4 21 4 7 23 7 6 28 16 20 13 24 13 7 25 7 11 37 
==============================

====== Algorithm Status ======
Valor:                5962
Time:                 256003
nIter:                21953
Best Iter:            21953
Improvement Count:    21952
==============================
Solution tour: 
0 34 38 40 34 40 38 22 19 22 33 20 26 20 
1 28 27 10 15 27 9 27 15 10 20 16 28 10 28 1 20 33 22 1 17 16 32 16 17 1 22 38 34 13 14 29 4 18 21 4 21 36 35 36 35 
4 7 25 7 23 7 6 28 16 20 13 24 13 20 0 31 0 37 
==============================

====== Algorithm Status ======
Valor:                6016
Time:                 512000
nIter:                45598
Best Iter:            45598
Improvement Count:    45597
==============================
Solution tour: 
0 34 38 40 34 40 38 22 19 22 33 20 26 20 
1 28 27 10 15 27 9 27 15 10 20 16 28 10 28 1 20 33 22 1 17 16 32 16 17 1 22 38 34 13 14 29 4 18 4 21 4 35 36 35 
4 7 25 7 23 7 6 28 16 20 13 24 13 20 0 31 0 37 
==============================

====== Algorithm Status ======
Valor:                6036
Time:                 1024001
nIter:                92722
Best Iter:            92722
Improvement Count:    92723
==============================
Solution tour: 
0 34 38 40 34 40 38 22 19 22 33 20 26 17 26 20 
1 28 27 15 10 15 27 28 9 27 9 16 28 10 28 1 20 33 22 1 17 16 32 16 17 1 22 38 34 13 14 29 4 18 4 21 4 35 36 35 
4 7 25 7 23 7 6 28 16 20 13 24 13 20 0 31 0 37 
==============================

====== Algorithm Status ======
Valor:                6036
Time:                 1024001
nIter:                92722
Best Iter:            92722
Improvement Count:    92723
==============================
Solution tour: 
0 34 38 40 34 40 38 22 19 22 33 20 26 17 26 20 
1 28 27 15 10 15 27 28 9 27 9 16 28 10 28 1 20 33 22 1 17 16 32 16 17 1 22 38 34 13 14 29 4 18 4 21 4 35 36 35 
4 7 25 7 23 7 6 28 16 20 13 24 13 20 0 31 0 37 
==============================

