=========== Input ===========
File name:                ./instances/created-instances/mm-10-25-1917698.cdop
Total node count:         36
Truck node count:         10
Drone node count:         25
=============================

========== Settings ==========
Settings file:        ./settings/Memetic-LS_MPX_1287823.config
Seed:                 1287823
Reduction method:     -
Max iter:             1024000
Population size:      13
Crossover:            MA-MPX
Local Search:         -
Warm Start:           -
==============================

====== Algorithm Status ======
Valor:                2179
Time:                 250
nIter:                483
Best Iter:            483
Improvement Count:    482
==============================
Solution tour: 
0 17 27 
2 11 
5 17 
6 11 26 
8 18 25 28 
4 21 29 25 
9 
1 
3 26 
10 12 16 
7 33 
==============================

====== Algorithm Status ======
Valor:                2217
Time:                 501
nIter:                908
Best Iter:            908
Improvement Count:    907
==============================
Solution tour: 
0 17 27 
6 11 26 
2 11 
5 17 
8 18 25 28 
10 12 16 
3 26 
1 
9 
4 21 29 25 
7 33 
==============================

====== Algorithm Status ======
Valor:                2302
Time:                 1000
nIter:                1705
Best Iter:            1705
Improvement Count:    1704
==============================
Solution tour: 
0 17 27 
6 11 26 16 
2 11 
5 17 
8 18 25 28 
10 12 16 26 
3 
1 
9 
4 21 29 25 
7 33 
==============================

====== Algorithm Status ======
Valor:                2438
Time:                 2000
nIter:                3328
Best Iter:            3328
Improvement Count:    3327
==============================
Solution tour: 
0 17 27 
6 11 26 16 
8 18 25 28 
10 21 17 16 26 
3 
1 
9 
4 12 29 25 
7 33 
2 11 
5 21 
==============================

====== Algorithm Status ======
Valor:                2660
Time:                 4002
nIter:                6382
Best Iter:            6382
Improvement Count:    6381
==============================
Solution tour: 
0 33 24 
3 27 
6 11 26 16 30 
8 18 25 28 
10 4 21 17 16 26 
1 
9 
4 12 29 25 
7 
2 11 
5 21 
==============================

====== Algorithm Status ======
Valor:                2905
Time:                 8000
nIter:                12392
Best Iter:            12392
Improvement Count:    12391
==============================
Solution tour: 
0 15 14 
9 24 
3 27 
6 25 26 16 30 
8 18 25 28 
10 4 21 33 16 26 
1 17 
4 32 12 29 25 
7 
2 11 
5 21 
==============================

====== Algorithm Status ======
Valor:                3017
Time:                 16000
nIter:                24108
Best Iter:            24108
Improvement Count:    24107
==============================
Solution tour: 
0 31 
9 24 
3 27 
6 25 26 16 30 
8 18 25 28 
10 4 21 33 16 26 
1 26 17 
4 32 12 29 25 
7 
2 11 
5 34 21 
==============================

====== Algorithm Status ======
Valor:                3101
Time:                 32000
nIter:                46470
Best Iter:            46470
Improvement Count:    46469
==============================
Solution tour: 
0 31 
9 24 26 
3 14 27 
6 25 9 26 16 30 
8 18 25 28 
10 4 21 33 16 26 
1 26 17 
4 32 12 29 25 
7 
2 11 
5 34 21 
==============================

====== Algorithm Status ======
Valor:                3459
Time:                 64002
nIter:                87364
Best Iter:            87364
Improvement Count:    87363
==============================
Solution tour: 
0 21 31 
9 24 26 
3 30 27 
6 25 9 26 16 26 
10 4 21 33 16 30 
1 26 17 
4 32 12 29 28 25 
7 2 
8 18 25 28 
2 11 
5 34 23 14 33 21 
==============================

====== Algorithm Status ======
Valor:                3768
Time:                 128000
nIter:                159635
Best Iter:            159635
Improvement Count:    159634
==============================
Solution tour: 
0 21 31 
9 24 
3 30 27 
6 14 12 26 16 26 
10 21 4 21 33 24 16 30 
1 15 24 17 
4 32 16 29 25 
7 0 2 
8 18 25 28 
2 11 
5 34 23 25 24 33 21 
==============================

====== Algorithm Status ======
Valor:                3872
Time:                 256000
nIter:                310048
Best Iter:            310048
Improvement Count:    310047
==============================
Solution tour: 
0 21 31 3 24 
9 30 27 
6 14 12 26 16 26 13 
10 21 4 21 33 24 16 30 
1 15 
3 0 17 
4 32 16 29 25 
7 0 2 0 
8 18 25 28 
2 11 
5 34 23 25 24 33 21 
==============================

====== Algorithm Status ======
Valor:                4223
Time:                 512001
nIter:                583692
Best Iter:            583692
Improvement Count:    583691
==============================
Solution tour: 
0 21 26 3 26 22 
1 15 19 
6 14 12 30 16 24 13 
10 21 4 21 33 24 16 26 
9 30 27 
3 16 0 17 
4 32 16 27 29 28 25 
7 2 0 2 
8 18 25 28 
2 11 
5 34 23 25 9 24 33 21 
==============================

====== Algorithm Status ======
Valor:                4481
Time:                 1024001
nIter:                1048546
Best Iter:            1048546
Improvement Count:    1048547
==============================
Solution tour: 
0 21 26 16 30 22 
1 15 35 12 19 6 14 
6 30 16 24 13 
10 21 4 21 33 24 16 26 
9 30 27 30 
3 26 24 0 17 
4 32 16 27 29 28 25 2 
7 2 0 2 
8 18 25 28 
2 11 
5 34 23 25 9 24 33 21 
==============================

====== Algorithm Status ======
Valor:                4481
Time:                 1024001
nIter:                1048546
Best Iter:            1048546
Improvement Count:    1048547
==============================
Solution tour: 
0 21 26 16 30 22 
1 15 35 12 19 6 14 
6 30 16 24 13 
10 21 4 21 33 24 16 26 
9 30 27 30 
3 26 24 0 17 
4 32 16 27 29 28 25 2 
7 2 0 2 
8 18 25 28 
2 11 
5 34 23 25 9 24 33 21 
==============================

