=========== Input ===========
File name:                ./instances/created-instances/mm-5-25-1110588.cdop
Total node count:         31
Truck node count:         5
Drone node count:         25
=============================

========== Settings ==========
Settings file:        ./settings/Memetic_MPX_1287823.config
Seed:                 1287823
Reduction method:     -
Max iter:             1024000
Population size:      13
Crossover:            MA-MPX
Local Search:         LS
Warm Start:           -
==============================

====== Algorithm Status ======
Valor:                5131
Time:                 254
nIter:                51
Best Iter:            51
Improvement Count:    50
==============================
Solution tour: 
0 3 30 13 7 13 30 
3 26 28 
4 12 4 28 6 20 6 20 10 20 27 16 27 2 27 20 23 21 
2 27 6 17 24 0 11 24 0 24 27 17 27 11 7 14 13 14 7 12 19 
1 19 22 5 24 17 6 
5 8 25 8 11 
==============================

====== Algorithm Status ======
Valor:                5131
Time:                 504
nIter:                97
Best Iter:            97
Improvement Count:    96
==============================
Solution tour: 
0 3 30 13 7 13 30 
3 26 28 
4 12 4 28 6 20 6 20 10 20 27 16 27 2 27 20 23 21 
2 27 6 17 24 0 11 24 0 24 27 17 27 11 7 14 13 14 7 12 19 
1 19 22 5 24 17 6 
5 8 25 8 11 
==============================

====== Algorithm Status ======
Valor:                5218
Time:                 1000
nIter:                204
Best Iter:            204
Improvement Count:    203
==============================
Solution tour: 
0 3 30 13 14 7 14 13 30 
3 6 28 26 28 20 6 
5 8 25 8 
4 12 4 28 6 20 10 20 27 16 27 20 23 21 
2 27 6 17 24 11 3 24 0 11 0 24 27 17 27 11 7 13 7 12 19 
1 19 22 5 11 24 17 6 18 
==============================

====== Algorithm Status ======
Valor:                5243
Time:                 2005
nIter:                396
Best Iter:            396
Improvement Count:    395
==============================
Solution tour: 
0 18 30 13 14 7 14 13 30 
3 6 28 26 28 6 20 6 27 
2 27 20 6 17 24 11 24 0 11 0 24 27 17 27 11 7 13 7 12 19 
1 19 22 5 24 17 6 
5 4 8 25 8 
4 12 4 28 20 10 20 27 16 27 2 21 23 18 
==============================

====== Algorithm Status ======
Valor:                5334
Time:                 4004
nIter:                749
Best Iter:            749
Improvement Count:    748
==============================
Solution tour: 
0 18 23 18 30 13 14 7 14 13 30 
3 6 28 26 28 6 20 6 27 6 5 15 
4 8 25 8 10 20 27 16 27 2 21 
2 27 20 6 17 24 11 24 0 11 0 24 27 17 27 11 7 13 7 12 19 
1 19 22 5 11 27 24 17 6 
==============================

====== Algorithm Status ======
Valor:                5334
Time:                 8000
nIter:                1414
Best Iter:            1414
Improvement Count:    1413
==============================
Solution tour: 
0 18 23 18 30 13 14 7 14 13 30 
3 6 28 26 28 6 20 6 27 6 5 15 
4 8 25 8 10 20 27 16 27 2 21 
2 27 20 6 17 24 11 24 0 11 0 24 27 17 27 11 7 13 7 12 19 
1 19 22 5 11 27 24 17 6 
==============================

====== Algorithm Status ======
Valor:                5338
Time:                 16005
nIter:                2694
Best Iter:            2694
Improvement Count:    2693
==============================
Solution tour: 
0 18 23 18 30 13 14 7 14 13 30 
3 11 6 28 26 28 6 20 6 27 6 5 
4 8 25 8 10 20 27 16 27 2 21 
2 27 20 6 17 24 11 24 0 11 0 24 27 17 27 11 7 13 7 12 19 
1 19 22 5 11 27 24 17 6 
==============================

====== Algorithm Status ======
Valor:                5338
Time:                 32001
nIter:                5223
Best Iter:            5223
Improvement Count:    5222
==============================
Solution tour: 
0 18 23 18 30 13 14 7 14 13 30 
3 11 6 28 26 28 6 20 6 27 6 5 
4 8 25 8 10 20 27 16 27 2 21 
2 27 20 6 17 24 11 24 0 11 0 24 27 17 27 11 7 13 7 12 19 
1 19 22 5 11 27 24 17 6 
==============================

====== Algorithm Status ======
Valor:                5370
Time:                 64004
nIter:                10416
Best Iter:            10416
Improvement Count:    10415
==============================
Solution tour: 
0 24 0 18 23 18 30 13 7 13 5 14 5 13 30 15 
4 8 25 8 10 20 27 16 27 2 21 
2 27 20 6 20 6 17 24 11 0 11 24 27 17 27 11 7 14 13 14 7 12 19 
1 19 22 5 6 27 24 17 6 28 6 11 
3 30 3 
==============================

====== Algorithm Status ======
Valor:                5470
Time:                 128000
nIter:                20512
Best Iter:            20512
Improvement Count:    20511
==============================
Solution tour: 
0 24 0 18 23 27 20 10 8 
4 8 25 8 10 20 27 16 27 2 21 
2 27 6 20 6 17 24 11 0 11 24 27 17 27 11 7 13 30 13 14 7 12 19 
1 19 12 7 14 5 13 7 5 6 27 24 17 6 28 6 
5 14 13 30 3 
==============================

====== Algorithm Status ======
Valor:                5470
Time:                 256000
nIter:                39829
Best Iter:            39829
Improvement Count:    39828
==============================
Solution tour: 
0 24 0 18 23 27 20 10 8 
4 8 25 8 10 20 27 16 27 2 21 
2 27 6 20 6 17 24 11 0 11 24 27 17 27 11 7 13 30 13 14 7 12 19 
1 19 12 7 14 5 13 7 5 6 27 24 17 6 28 6 
5 14 13 30 3 
==============================

====== Algorithm Status ======
Valor:                5470
Time:                 512003
nIter:                78355
Best Iter:            78355
Improvement Count:    78354
==============================
Solution tour: 
0 24 0 18 23 27 20 10 8 
4 8 25 8 10 20 27 16 27 2 21 
2 27 6 20 6 17 24 11 0 11 24 27 17 27 11 7 13 30 13 14 7 12 19 
1 19 12 7 14 5 13 7 5 6 27 24 17 6 28 6 
5 14 13 30 3 
==============================

====== Algorithm Status ======
Valor:                5525
Time:                 1024002
nIter:                158008
Best Iter:            158008
Improvement Count:    158009
==============================
Solution tour: 
0 24 0 18 23 27 24 17 20 27 6 20 10 28 26 28 10 8 
4 8 25 8 10 20 17 27 16 27 2 21 
2 27 17 6 28 6 17 24 11 0 11 24 27 20 6 5 14 7 13 30 13 14 13 7 12 19 22 19 
1 19 12 7 14 
5 6 20 
3 30 3 
==============================

====== Algorithm Status ======
Valor:                5525
Time:                 1024002
nIter:                158008
Best Iter:            158008
Improvement Count:    158009
==============================
Solution tour: 
0 24 0 18 23 27 24 17 20 27 6 20 10 28 26 28 10 8 
4 8 25 8 10 20 17 27 16 27 2 21 
2 27 17 6 28 6 17 24 11 0 11 24 27 20 6 5 14 7 13 30 13 14 13 7 12 19 22 19 
1 19 12 7 14 
5 6 20 
3 30 3 
==============================

