=========== Input ===========
File name:                ./instances/created-instances/mm-15-40-1891798.cdop
Total node count:         56
Truck node count:         15
Drone node count:         40
=============================

========== Settings ==========
Settings file:        ./settings/Memetic-LS_MPX_1881515.config
Seed:                 1881515
Reduction method:     -
Max iter:             1024000
Population size:      13
Crossover:            MA-MPX
Local Search:         -
Warm Start:           -
==============================

====== Algorithm Status ======
Valor:                1595
Time:                 252
nIter:                240
Best Iter:            240
Improvement Count:    239
==============================
Solution tour: 
0 34 41 
9 
11 44 26 
13 23 
2 
14 
12 
6 41 
8 
4 51 
10 
1 
15 
7 
==============================

====== Algorithm Status ======
Valor:                1687
Time:                 502
nIter:                480
Best Iter:            480
Improvement Count:    479
==============================
Solution tour: 
0 34 
11 44 26 17 
7 
2 
13 
14 
9 0 
12 
6 41 
8 
5 
15 
1 
4 51 
10 
==============================

====== Algorithm Status ======
Valor:                1957
Time:                 1000
nIter:                916
Best Iter:            916
Improvement Count:    915
==============================
Solution tour: 
0 
8 
5 40 
15 
1 
6 41 
10 51 
4 26 44 
11 17 
7 
2 
14 34 25 47 
9 0 
12 
13 
==============================

====== Algorithm Status ======
Valor:                1973
Time:                 2007
nIter:                1758
Best Iter:            1758
Improvement Count:    1757
==============================
Solution tour: 
0 
8 
5 25 
15 
1 
6 41 
10 51 
12 
4 26 44 
11 17 
7 
2 
14 34 25 47 
9 0 
13 
==============================

====== Algorithm Status ======
Valor:                2202
Time:                 4000
nIter:                3517
Best Iter:            3517
Improvement Count:    3516
==============================
Solution tour: 
0 27 
8 
5 25 
15 
12 
6 41 2 55 
10 51 
1 
4 26 44 
11 17 
7 
2 
14 34 25 47 
9 0 
13 
==============================

====== Algorithm Status ======
Valor:                2405
Time:                 8000
nIter:                6833
Best Iter:            6833
Improvement Count:    6832
==============================
Solution tour: 
0 27 
10 51 
1 
4 26 44 
11 17 
7 
2 
14 25 34 47 
9 0 
8 
5 32 25 
15 
12 
6 41 2 55 
13 42 
==============================

====== Algorithm Status ======
Valor:                2539
Time:                 16005
nIter:                13463
Best Iter:            13463
Improvement Count:    13462
==============================
Solution tour: 
0 22 
5 32 
11 17 
7 25 
15 25 34 53 47 
9 0 
8 
14 30 
12 
6 41 55 
10 
13 42 13 51 
4 
1 26 44 
2 
==============================

====== Algorithm Status ======
Valor:                2643
Time:                 32001
nIter:                26516
Best Iter:            26516
Improvement Count:    26515
==============================
Solution tour: 
0 22 
5 32 
10 
13 42 13 51 
4 
1 26 44 
2 44 
12 
6 41 55 
11 17 
7 54 25 
15 25 34 53 47 
9 0 
8 30 
==============================

====== Algorithm Status ======
Valor:                2643
Time:                 64000
nIter:                52656
Best Iter:            52656
Improvement Count:    52655
==============================
Solution tour: 
0 22 
5 32 
10 
13 42 13 51 
4 
1 26 44 
2 44 
12 
6 41 55 
11 17 
7 54 25 
15 25 34 53 47 
9 0 
8 30 
==============================

====== Algorithm Status ======
Valor:                3055
Time:                 128008
nIter:                104260
Best Iter:            104260
Improvement Count:    104259
==============================
Solution tour: 
0 22 
15 34 25 53 24 47 
9 
14 
12 
6 41 55 
8 55 18 30 
5 32 
10 
13 42 13 51 
1 17 
4 
11 26 44 
2 44 
7 54 
==============================

====== Algorithm Status ======
Valor:                3676
Time:                 256005
nIter:                204435
Best Iter:            204435
Improvement Count:    204434
==============================
Solution tour: 
0 22 
15 34 25 53 17 47 
9 
14 
12 27 
8 55 41 21 
5 32 
7 35 33 
10 13 42 
13 51 
1 
4 24 
6 30 40 
11 52 26 44 
2 44 23 18 54 
==============================

====== Algorithm Status ======
Valor:                4604
Time:                 512009
nIter:                393783
Best Iter:            393783
Improvement Count:    393782
==============================
Solution tour: 
0 22 
7 33 35 49 
10 50 13 42 
13 51 
4 45 23 
6 44 28 52 39 
5 32 30 
1 26 37 
15 25 34 17 47 
9 20 
14 
12 27 
8 55 41 21 16 
11 24 44 
2 23 18 54 
==============================

====== Algorithm Status ======
Valor:                4930
Time:                 1024002
nIter:                736039
Best Iter:            736039
Improvement Count:    736040
==============================
Solution tour: 
0 22 
7 33 35 49 13 50 
10 50 13 0 42 
11 28 51 
1 45 23 
6 11 44 53 52 32 
5 39 
4 26 37 
15 25 34 17 47 
9 20 38 30 
14 
12 27 
8 55 41 21 16 
13 24 44 
2 23 18 54 
==============================

====== Algorithm Status ======
Valor:                4930
Time:                 1024002
nIter:                736039
Best Iter:            736039
Improvement Count:    736040
==============================
Solution tour: 
0 22 
7 33 35 49 13 50 
10 50 13 0 42 
11 28 51 
1 45 23 
6 11 44 53 52 32 
5 39 
4 26 37 
15 25 34 17 47 
9 20 38 30 
14 
12 27 
8 55 41 21 16 
13 24 44 
2 23 18 54 
==============================

