=========== Input ===========
File name:                ./instances/created-instances/mm-20-10-1767920.cdop
Total node count:         31
Truck node count:         20
Drone node count:         10
=============================

========== Settings ==========
Settings file:        ./settings/Memetic-LS_MMX_1099666.config
Seed:                 1099666
Reduction method:     -
Max iter:             1024000
Population size:      13
Crossover:            MA-MMX
Local Search:         -
Warm Start:           -
==============================

====== Algorithm Status ======
Valor:                1665
Time:                 250
nIter:                762
Best Iter:            762
Improvement Count:    761
==============================
Solution tour: 
0 28 27 
19 27 
7 
8 
17 
20 
9 
10 
1 
15 21 23 22 23 22 28 23 
5 
4 18 
6 
2 23 26 
==============================

====== Algorithm Status ======
Valor:                1797
Time:                 500
nIter:                1498
Best Iter:            1498
Improvement Count:    1497
==============================
Solution tour: 
0 1 27 7 27 
7 
8 22 
20 
9 
10 
1 
15 21 22 23 22 28 22 28 23 
5 
4 18 
6 
2 23 26 
==============================

====== Algorithm Status ======
Valor:                2404
Time:                 1000
nIter:                2933
Best Iter:            2933
Improvement Count:    2932
==============================
Solution tour: 
0 28 27 7 26 27 7 27 26 7 22 
7 
8 
11 
10 21 28 22 23 22 28 
4 
5 23 18 23 2 18 2 22 
==============================

====== Algorithm Status ======
Valor:                2761
Time:                 2000
nIter:                5647
Best Iter:            5647
Improvement Count:    5646
==============================
Solution tour: 
0 22 30 
16 7 26 27 7 27 26 7 22 
7 
8 22 
11 28 
10 21 28 22 23 22 28 
4 18 25 2 23 18 23 2 18 2 22 
==============================

====== Algorithm Status ======
Valor:                3186
Time:                 4000
nIter:                10984
Best Iter:            10984
Improvement Count:    10983
==============================
Solution tour: 
0 
1 10 30 
16 7 26 7 26 
18 7 27 7 25 27 25 7 22 
7 
8 7 22 
11 22 28 22 28 
10 21 20 22 23 22 
2 23 18 23 2 18 2 22 
==============================

====== Algorithm Status ======
Valor:                3262
Time:                 8000
nIter:                21384
Best Iter:            21384
Improvement Count:    21383
==============================
Solution tour: 
0 21 
1 10 30 10 30 
16 7 26 7 26 
18 7 27 7 25 27 25 7 22 
7 
8 7 22 
11 22 28 22 28 
10 21 20 22 23 22 
2 23 18 23 2 18 2 22 
==============================

====== Algorithm Status ======
Valor:                3459
Time:                 16000
nIter:                41046
Best Iter:            41046
Improvement Count:    41045
==============================
Solution tour: 
0 21 10 
1 10 30 10 7 18 26 7 26 
18 7 27 7 25 27 25 7 22 
7 
8 7 22 
11 22 28 
3 21 20 22 23 22 
2 23 18 
4 18 23 2 18 2 22 
==============================

====== Algorithm Status ======
Valor:                3695
Time:                 32000
nIter:                80100
Best Iter:            80100
Improvement Count:    80099
==============================
Solution tour: 
0 24 21 13 21 13 
1 10 30 10 16 7 18 26 7 26 
18 7 27 7 25 27 25 7 
8 7 22 
11 22 28 22 23 22 
2 23 18 
4 18 23 2 18 
19 18 2 22 
==============================

====== Algorithm Status ======
Valor:                3806
Time:                 64000
nIter:                154327
Best Iter:            154327
Improvement Count:    154326
==============================
Solution tour: 
0 24 13 21 13 
1 10 30 10 16 7 18 26 7 26 27 7 25 27 25 7 
8 7 22 7 22 
11 22 28 22 23 22 
2 23 26 23 18 
4 18 23 2 18 
19 18 2 22 
==============================

====== Algorithm Status ======
Valor:                4020
Time:                 128000
nIter:                287480
Best Iter:            287480
Improvement Count:    287479
==============================
Solution tour: 
0 24 21 13 
1 10 30 10 29 30 29 15 29 16 7 
18 26 7 26 27 7 25 27 25 27 25 7 
8 7 22 7 22 
11 22 28 22 23 22 
2 23 26 23 18 
4 18 23 2 18 
19 18 2 22 
==============================

====== Algorithm Status ======
Valor:                4047
Time:                 256000
nIter:                569311
Best Iter:            569311
Improvement Count:    569310
==============================
Solution tour: 
0 21 24 21 13 
1 10 30 10 29 30 29 15 29 26 
18 26 7 26 27 7 25 27 25 7 
8 7 22 
11 22 28 22 23 22 
2 23 26 23 18 
4 18 23 2 18 
19 18 2 22 
==============================

====== Algorithm Status ======
Valor:                4047
Time:                 512000
nIter:                1149713
Best Iter:            1149713
Improvement Count:    1149712
==============================
Solution tour: 
0 21 24 21 13 
1 10 30 10 29 30 29 15 29 26 
18 26 7 26 27 7 25 27 25 7 
8 7 22 
11 22 28 22 23 22 
2 23 26 23 18 
4 18 23 2 18 
19 18 2 22 
==============================

====== Algorithm Status ======
Valor:                4090
Time:                 1024001
nIter:                2302997
Best Iter:            2302997
Improvement Count:    2302998
==============================
Solution tour: 
0 21 24 21 13 
1 10 30 10 29 30 29 15 29 26 
18 26 7 26 22 7 25 27 25 7 
8 7 27 7 22 
11 22 28 22 23 22 
2 23 26 23 18 
4 18 23 2 18 
19 18 2 22 
==============================

====== Algorithm Status ======
Valor:                4090
Time:                 1024001
nIter:                2302997
Best Iter:            2302997
Improvement Count:    2302998
==============================
Solution tour: 
0 21 24 21 13 
1 10 30 10 29 30 29 15 29 26 
18 26 7 26 22 7 25 27 25 7 
8 7 27 7 22 
11 22 28 22 23 22 
2 23 26 23 18 
4 18 23 2 18 
19 18 2 22 
==============================

