=========== Input ===========
File name:                ./instances/created-instances/mm-5-25-1917698.cdop
Total node count:         31
Truck node count:         5
Drone node count:         25
=============================

========== Settings ==========
Settings file:        ./settings/Memetic-LS_MMX_1099666.config
Seed:                 1099666
Reduction method:     -
Max iter:             1024000
Population size:      13
Crossover:            MA-MMX
Local Search:         -
Warm Start:           -
==============================

====== Algorithm Status ======
Valor:                3380
Time:                 251
nIter:                419
Best Iter:            419
Improvement Count:    418
==============================
Solution tour: 
0 24 19 
3 14 30 14 8 17 8 25 26 21 27 10 8 10 26 10 6 17 10 27 10 6 27 6 10 6 17 6 27 21 26 30 
4 12 17 27 24 15 20 15 30 26 27 26 22 9 
==============================

====== Algorithm Status ======
Valor:                3443
Time:                 500
nIter:                772
Best Iter:            772
Improvement Count:    771
==============================
Solution tour: 
0 24 19 
3 26 14 30 14 8 17 8 25 26 21 27 10 8 10 26 10 6 10 27 6 17 6 27 21 26 30 
4 12 17 27 24 20 15 20 30 26 27 26 22 9 
==============================

====== Algorithm Status ======
Valor:                3623
Time:                 1000
nIter:                1442
Best Iter:            1442
Improvement Count:    1441
==============================
Solution tour: 
0 24 19 
3 26 14 30 14 8 17 8 25 26 21 27 10 8 10 26 10 6 10 27 6 17 6 27 21 26 30 
4 12 17 12 27 24 12 24 20 15 30 26 27 26 22 9 
==============================

====== Algorithm Status ======
Valor:                3623
Time:                 2000
nIter:                2807
Best Iter:            2807
Improvement Count:    2806
==============================
Solution tour: 
0 24 19 
3 26 14 30 14 8 17 8 25 26 21 27 10 8 10 26 10 6 10 27 6 17 6 27 21 26 30 
4 12 17 12 27 24 12 24 20 15 30 26 27 26 22 9 
==============================

====== Algorithm Status ======
Valor:                4029
Time:                 4000
nIter:                5162
Best Iter:            5162
Improvement Count:    5161
==============================
Solution tour: 
0 24 19 
3 19 14 30 19 30 14 8 17 8 25 26 21 26 25 26 21 27 10 8 10 26 10 6 8 6 10 27 6 17 6 27 21 26 30 
4 12 17 12 24 12 27 26 23 28 27 26 27 28 8 28 26 28 7 0 22 
==============================

====== Algorithm Status ======
Valor:                4164
Time:                 8000
nIter:                9990
Best Iter:            9990
Improvement Count:    9989
==============================
Solution tour: 
0 24 19 
3 19 14 30 19 30 14 8 17 8 25 26 21 27 10 8 10 8 10 26 10 27 6 17 6 27 21 
4 12 17 12 24 27 26 23 26 28 23 28 8 28 26 0 7 0 15 22 
==============================

====== Algorithm Status ======
Valor:                4461
Time:                 16000
nIter:                21018
Best Iter:            21018
Improvement Count:    21017
==============================
Solution tour: 
0 24 19 
3 19 14 30 19 30 14 8 17 8 25 21 27 10 8 10 26 10 27 6 17 6 27 21 
4 12 17 12 24 27 26 27 28 23 18 23 28 8 28 26 0 7 0 15 0 22 
==============================

====== Algorithm Status ======
Valor:                4468
Time:                 32000
nIter:                42220
Best Iter:            42220
Improvement Count:    42219
==============================
Solution tour: 
0 24 19 
3 19 14 30 19 30 14 8 17 8 25 21 27 10 8 10 26 10 27 6 17 6 27 21 
4 24 12 17 12 24 27 26 27 28 23 18 23 28 8 28 26 0 7 0 15 0 22 
==============================

====== Algorithm Status ======
Valor:                4498
Time:                 64000
nIter:                84304
Best Iter:            84304
Improvement Count:    84303
==============================
Solution tour: 
0 24 19 11 
3 19 14 30 19 30 14 8 17 8 25 21 27 10 8 10 26 10 27 6 17 6 27 21 
4 24 12 17 12 24 27 26 27 28 23 18 23 28 8 28 26 0 7 0 15 0 22 
==============================

====== Algorithm Status ======
Valor:                4639
Time:                 128000
nIter:                157476
Best Iter:            157476
Improvement Count:    157475
==============================
Solution tour: 
0 14 19 11 
3 19 14 30 19 30 14 8 17 8 25 21 27 10 8 10 26 10 27 6 17 6 27 21 14 
4 24 12 6 12 17 12 24 0 24 27 26 27 28 23 18 23 28 8 28 0 7 0 15 0 22 
==============================

====== Algorithm Status ======
Valor:                4639
Time:                 256000
nIter:                297914
Best Iter:            297914
Improvement Count:    297913
==============================
Solution tour: 
0 14 19 11 
3 19 14 30 19 30 14 8 17 8 25 21 27 10 8 10 26 10 27 6 17 6 27 21 14 
4 24 12 6 12 17 12 24 0 24 27 26 27 28 23 18 23 28 8 28 0 7 0 15 0 22 
==============================

====== Algorithm Status ======
Valor:                4709
Time:                 512000
nIter:                587854
Best Iter:            587854
Improvement Count:    587853
==============================
Solution tour: 
0 14 30 3 11 
3 19 14 19 30 14 8 17 8 25 21 27 10 8 10 26 10 27 6 17 6 27 21 14 
4 24 12 6 12 17 12 24 0 24 27 26 27 28 23 18 23 28 8 28 0 7 0 15 0 22 
==============================

====== Algorithm Status ======
Valor:                4850
Time:                 1024001
nIter:                1332515
Best Iter:            1332515
Improvement Count:    1332516
==============================
Solution tour: 
0 7 9 7 3 11 3 19 30 19 14 30 14 8 17 8 25 27 21 27 10 8 10 27 6 17 6 27 24 
4 24 12 6 12 17 12 24 0 24 27 26 27 28 23 18 23 28 8 28 7 0 15 0 22 
==============================

====== Algorithm Status ======
Valor:                4850
Time:                 1024001
nIter:                1332515
Best Iter:            1332515
Improvement Count:    1332516
==============================
Solution tour: 
0 7 9 7 3 11 3 19 30 19 14 30 14 8 17 8 25 27 21 27 10 8 10 27 6 17 6 27 24 
4 24 12 6 12 17 12 24 0 24 27 26 27 28 23 18 23 28 8 28 7 0 15 0 22 
==============================

