=========== Input ===========
File name:                ./instances/created-instances/mm-20-25-1767920.cdop
Total node count:         46
Truck node count:         20
Drone node count:         25
=============================

========== Settings ==========
Settings file:        ./settings/Memetic_MMX_1287823.config
Seed:                 1287823
Reduction method:     -
Max iter:             1024000
Population size:      13
Crossover:            MA-MMX
Local Search:         LS
Warm Start:           -
==============================

====== Algorithm Status ======
Valor:                6195
Time:                 266
nIter:                18
Best Iter:            18
Improvement Count:    17
==============================
Solution tour: 
0 17 0 42 20 40 0 17 20 23 13 36 13 44 20 17 12 6 1 
6 28 6 12 4 43 
19 43 4 7 22 7 8 12 
8 39 8 7 37 31 0 33 0 40 20 44 26 23 20 
13 20 28 34 35 24 21 24 35 30 10 30 29 9 10 15 9 
15 10 9 
3 44 45 18 27 41 27 25 14 
==============================

====== Algorithm Status ======
Valor:                6195
Time:                 508
nIter:                32
Best Iter:            32
Improvement Count:    31
==============================
Solution tour: 
0 17 0 42 20 40 0 17 20 23 13 36 13 44 20 17 12 6 1 
6 28 6 12 4 43 
19 43 4 7 22 7 8 12 
8 39 8 7 37 31 0 33 0 40 20 44 26 23 20 
13 20 28 34 35 24 21 24 35 30 10 30 29 9 10 15 9 
15 10 9 
3 44 45 18 27 41 27 25 14 
==============================

====== Algorithm Status ======
Valor:                6283
Time:                 1003
nIter:                63
Best Iter:            63
Improvement Count:    62
==============================
Solution tour: 
0 17 20 23 20 13 36 13 42 44 20 17 12 6 1 
6 28 6 12 4 43 
19 43 4 7 22 7 8 12 
8 39 8 7 43 37 38 31 0 33 0 40 20 44 42 36 26 28 34 35 24 21 24 35 30 10 30 29 16 29 9 10 15 9 
15 10 9 
3 44 45 18 27 41 27 25 14 17 
==============================

====== Algorithm Status ======
Valor:                6582
Time:                 2003
nIter:                122
Best Iter:            122
Improvement Count:    121
==============================
Solution tour: 
0 17 42 40 0 31 39 14 42 20 23 36 13 20 13 36 42 44 8 44 11 18 45 44 20 40 20 17 20 44 8 12 6 1 
6 28 6 12 8 11 14 0 33 0 40 42 36 26 8 34 28 34 35 24 21 24 35 30 10 15 10 30 29 16 29 9 10 9 
15 9 3 44 45 18 27 18 11 8 44 42 17 
==============================

====== Algorithm Status ======
Valor:                6779
Time:                 4008
nIter:                254
Best Iter:            254
Improvement Count:    253
==============================
Solution tour: 
0 40 20 42 20 40 0 17 42 14 42 44 11 18 45 44 20 23 36 13 20 13 36 23 20 17 20 44 8 7 8 12 6 1 
6 28 6 12 8 11 39 14 0 33 0 40 42 36 26 8 34 28 34 35 24 21 24 35 30 10 15 10 30 29 16 29 9 10 9 
15 9 1 34 3 44 45 18 27 18 11 8 44 42 40 17 
==============================

====== Algorithm Status ======
Valor:                6779
Time:                 8017
nIter:                488
Best Iter:            488
Improvement Count:    487
==============================
Solution tour: 
0 40 20 42 20 40 0 17 42 14 42 44 11 18 45 44 20 23 36 13 20 13 36 23 20 17 20 44 8 7 8 12 6 1 
6 28 6 12 8 11 39 14 0 33 0 40 42 36 26 8 34 28 34 35 24 21 24 35 30 10 15 10 30 29 16 29 9 10 9 
15 9 1 34 3 44 45 18 27 18 11 8 44 42 40 17 
==============================

====== Algorithm Status ======
Valor:                6823
Time:                 16011
nIter:                952
Best Iter:            952
Improvement Count:    951
==============================
Solution tour: 
0 40 20 40 0 17 42 14 42 44 11 18 45 44 20 23 36 13 20 13 36 23 20 17 20 44 8 7 8 12 6 1 
6 28 6 12 8 11 23 39 14 0 33 40 42 36 26 8 34 28 34 35 24 21 24 35 30 10 15 10 30 29 16 29 9 10 9 
15 9 1 34 3 44 45 18 27 18 11 8 44 42 40 17 
==============================

====== Algorithm Status ======
Valor:                6891
Time:                 32005
nIter:                1898
Best Iter:            1898
Improvement Count:    1897
==============================
Solution tour: 
0 14 39 42 44 11 12 8 11 18 45 44 20 23 36 13 20 13 36 23 20 17 20 44 8 7 8 12 6 1 
6 28 6 12 11 14 0 33 0 40 20 40 42 36 26 1 34 28 34 35 24 21 24 35 30 10 15 10 30 29 16 29 9 10 9 
15 9 1 3 44 45 18 27 18 11 8 44 42 40 0 17 
==============================

====== Algorithm Status ======
Valor:                7040
Time:                 64005
nIter:                3836
Best Iter:            3836
Improvement Count:    3835
==============================
Solution tour: 
0 17 0 14 39 14 42 44 11 12 8 11 18 45 44 20 23 36 13 20 13 36 23 20 44 26 8 7 22 7 8 12 6 1 
6 28 6 12 11 8 44 13 36 42 40 0 40 20 40 42 36 35 34 28 34 35 24 21 24 35 30 10 15 10 30 29 16 29 9 10 9 
15 9 1 34 1 3 44 45 18 27 18 11 44 42 20 17 
==============================

====== Algorithm Status ======
Valor:                7186
Time:                 128010
nIter:                7800
Best Iter:            7800
Improvement Count:    7799
==============================
Solution tour: 
0 17 20 40 20 42 14 39 42 44 8 11 18 45 44 20 23 36 13 20 13 36 23 20 44 11 8 7 22 7 8 12 6 1 
6 28 6 12 36 42 40 0 40 42 36 35 34 28 34 35 24 21 24 35 30 10 15 10 30 29 16 29 9 10 9 
15 9 1 34 1 11 12 8 44 45 18 27 41 27 18 11 44 42 20 17 
==============================

====== Algorithm Status ======
Valor:                7186
Time:                 256000
nIter:                15665
Best Iter:            15665
Improvement Count:    15664
==============================
Solution tour: 
0 17 20 40 20 42 14 39 42 44 8 11 18 45 44 20 23 36 13 20 13 36 23 20 44 11 8 7 22 7 8 12 6 1 
6 28 6 12 36 42 40 0 40 42 36 35 34 28 34 35 24 21 24 35 30 10 15 10 30 29 16 29 9 10 9 
15 9 1 34 1 11 12 8 44 45 18 27 41 27 18 11 44 42 20 17 
==============================

====== Algorithm Status ======
Valor:                7186
Time:                 512003
nIter:                31599
Best Iter:            31599
Improvement Count:    31598
==============================
Solution tour: 
0 17 20 40 20 42 14 39 42 44 8 11 18 45 44 20 23 36 13 20 13 36 23 20 44 11 8 7 22 7 8 12 6 1 
6 28 6 12 36 42 40 0 40 42 36 35 34 28 34 35 24 21 24 35 30 10 15 10 30 29 16 29 9 10 9 
15 9 1 34 1 11 12 8 44 45 18 27 41 27 18 11 44 42 20 17 
==============================

====== Algorithm Status ======
Valor:                7186
Time:                 1024009
nIter:                63128
Best Iter:            63128
Improvement Count:    63129
==============================
Solution tour: 
0 17 20 40 20 42 14 39 42 44 8 11 18 45 44 20 23 36 13 20 13 36 23 20 44 11 8 7 22 7 8 12 6 1 
6 28 6 12 36 42 40 0 40 42 36 35 34 28 34 35 24 21 24 35 30 10 15 10 30 29 16 29 9 10 9 
15 9 1 34 1 11 12 8 44 45 18 27 41 27 18 11 44 42 20 17 
==============================

====== Algorithm Status ======
Valor:                7186
Time:                 1024009
nIter:                63128
Best Iter:            63128
Improvement Count:    63129
==============================
Solution tour: 
0 17 20 40 20 42 14 39 42 44 8 11 18 45 44 20 23 36 13 20 13 36 23 20 44 11 8 7 22 7 8 12 6 1 
6 28 6 12 36 42 40 0 40 42 36 35 34 28 34 35 24 21 24 35 30 10 15 10 30 29 16 29 9 10 9 
15 9 1 34 1 11 12 8 44 45 18 27 41 27 18 11 44 42 20 17 
==============================

