=========== Input ===========
File name:                ./instances/created-instances/mm-15-40-1891798.cdop
Total node count:         56
Truck node count:         15
Drone node count:         40
=============================

========== Settings ==========
Settings file:        ./settings/Memetic-LS_MMX_1881515.config
Seed:                 1881515
Reduction method:     -
Max iter:             1024000
Population size:      13
Crossover:            MA-MMX
Local Search:         -
Warm Start:           -
==============================

====== Algorithm Status ======
Valor:                1682
Time:                 253
nIter:                265
Best Iter:            265
Improvement Count:    264
==============================
Solution tour: 
0 22 25 15 
1 51 
8 
5 22 
15 22 4 51 4 51 
14 
4 26 
10 
6 
12 30 
==============================

====== Algorithm Status ======
Valor:                1734
Time:                 500
nIter:                500
Best Iter:            500
Improvement Count:    499
==============================
Solution tour: 
0 22 15 
1 51 
5 25 
15 43 22 32 26 4 51 4 
14 
4 26 
10 
6 
12 51 27 
==============================

====== Algorithm Status ======
Valor:                2683
Time:                 1000
nIter:                1032
Best Iter:            1032
Improvement Count:    1031
==============================
Solution tour: 
0 22 15 
1 51 
3 25 
2 47 28 32 28 34 28 34 28 32 26 37 26 32 28 32 37 26 25 32 38 32 25 26 17 28 26 37 26 52 26 17 26 37 26 4 51 4 
14 
4 26 19 
==============================

====== Algorithm Status ======
Valor:                3281
Time:                 2000
nIter:                1899
Best Iter:            1899
Improvement Count:    1898
==============================
Solution tour: 
0 22 15 
1 51 
3 25 
2 32 5 32 28 39 34 39 34 28 34 25 37 26 37 25 26 25 32 38 32 25 34 17 34 37 26 52 26 4 51 4 44 4 
14 
4 26 17 35 
==============================

====== Algorithm Status ======
Valor:                3439
Time:                 4000
nIter:                3442
Best Iter:            3442
Improvement Count:    3441
==============================
Solution tour: 
0 22 36 15 25 15 
1 51 
3 25 
2 32 
5 32 28 39 34 28 34 25 37 25 26 37 25 26 25 32 38 32 25 34 32 34 17 34 37 52 37 26 52 26 4 
14 51 44 55 4 55 35 
==============================

====== Algorithm Status ======
Valor:                3533
Time:                 8001
nIter:                6265
Best Iter:            6265
Improvement Count:    6264
==============================
Solution tour: 
0 22 36 15 37 15 
1 51 
3 25 
2 46 32 
5 32 28 39 28 34 28 34 25 37 25 26 37 25 26 25 32 38 32 34 32 25 34 32 34 17 34 37 26 52 26 4 
14 51 44 55 35 
==============================

====== Algorithm Status ======
Valor:                3588
Time:                 16000
nIter:                12166
Best Iter:            12166
Improvement Count:    12165
==============================
Solution tour: 
0 22 36 15 37 15 
1 51 
3 25 
2 46 32 
5 32 28 39 28 34 28 32 25 37 25 26 37 25 26 25 32 38 32 34 25 34 5 34 17 34 37 26 52 26 38 4 
14 51 44 35 
==============================

====== Algorithm Status ======
Valor:                4114
Time:                 32000
nIter:                23689
Best Iter:            23689
Improvement Count:    23688
==============================
Solution tour: 
0 22 36 15 37 15 51 
1 51 
3 25 15 
2 46 32 
5 32 39 28 34 28 15 25 26 25 32 38 32 34 5 34 17 34 37 26 37 26 48 26 52 26 4 
14 51 4 51 44 24 44 35 
==============================

====== Algorithm Status ======
Valor:                4114
Time:                 64000
nIter:                45551
Best Iter:            45551
Improvement Count:    45550
==============================
Solution tour: 
0 22 36 15 37 15 51 
1 51 
3 25 15 
2 46 32 
5 32 39 28 34 28 15 25 26 25 32 38 32 34 5 34 17 34 37 26 37 26 48 26 52 26 4 
14 51 4 51 44 24 44 35 
==============================

====== Algorithm Status ======
Valor:                4513
Time:                 128000
nIter:                87309
Best Iter:            87309
Improvement Count:    87308
==============================
Solution tour: 
0 22 15 37 15 51 
1 51 
3 25 15 30 23 
2 46 32 
5 32 39 5 28 34 39 27 15 25 26 25 32 38 32 34 17 34 37 26 37 26 48 26 52 48 52 26 
14 38 4 51 44 24 44 2 42 35 
==============================

====== Algorithm Status ======
Valor:                4936
Time:                 256000
nIter:                166959
Best Iter:            166959
Improvement Count:    166958
==============================
Solution tour: 
0 22 15 37 15 
1 51 
3 25 15 30 47 23 40 
2 46 49 46 32 38 39 34 28 34 15 27 15 25 32 
5 32 34 17 34 26 37 26 48 26 52 48 52 26 4 51 4 38 24 44 2 42 50 
13 50 
==============================

====== Algorithm Status ======
Valor:                5128
Time:                 512000
nIter:                326391
Best Iter:            326391
Improvement Count:    326390
==============================
Solution tour: 
0 7 22 15 37 15 
1 51 
3 25 15 30 47 23 40 
2 46 49 50 38 32 38 39 34 28 34 15 27 15 32 48 32 
5 32 34 17 34 26 37 26 48 26 52 48 52 26 4 51 4 38 24 44 2 42 50 
13 55 40 
==============================

====== Algorithm Status ======
Valor:                5292
Time:                 1024001
nIter:                630829
Best Iter:            630829
Improvement Count:    630830
==============================
Solution tour: 
0 7 36 22 18 22 15 37 15 
1 51 
3 25 30 47 23 40 
2 46 49 50 38 32 38 39 34 28 34 15 27 15 32 48 32 
5 32 34 17 26 37 26 48 26 52 48 52 26 38 4 51 4 38 24 44 2 42 50 
13 55 42 
==============================

====== Algorithm Status ======
Valor:                5292
Time:                 1024001
nIter:                630829
Best Iter:            630829
Improvement Count:    630830
==============================
Solution tour: 
0 7 36 22 18 22 15 37 15 
1 51 
3 25 30 47 23 40 
2 46 49 50 38 32 38 39 34 28 34 15 27 15 32 48 32 
5 32 34 17 26 37 26 48 26 52 48 52 26 38 4 51 4 38 24 44 2 42 50 
13 55 42 
==============================

