=========== Input ===========
File name:                ./instances/created-instances/mm-25-25-1110588.cdop
Total node count:         51
Truck node count:         25
Drone node count:         25
=============================

========== Settings ==========
Settings file:        ./settings/Memetic_MPX_1881515.config
Seed:                 1881515
Reduction method:     -
Max iter:             1024000
Population size:      13
Crossover:            MA-MPX
Local Search:         LS
Warm Start:           -
==============================

====== Algorithm Status ======
Valor:                5011
Time:                 257
nIter:                26
Best Iter:            26
Improvement Count:    25
==============================
Solution tour: 
0 26 23 41 37 45 24 
13 23 13 40 30 3 0 
3 30 26 0 40 13 
24 14 24 37 7 
11 46 42 18 48 28 0 43 1 
8 42 48 31 
16 
19 38 50 32 43 47 
18 48 39 
17 5 
14 20 36 35 
25 44 25 35 
21 
22 49 27 29 27 2 33 2 
23 
==============================

====== Algorithm Status ======
Valor:                5011
Time:                 500
nIter:                49
Best Iter:            49
Improvement Count:    48
==============================
Solution tour: 
0 26 23 41 37 45 24 
13 23 13 40 30 3 0 
3 30 26 0 40 13 
24 14 24 37 7 
11 46 42 18 48 28 0 43 1 
8 42 48 31 
16 
19 38 50 32 43 47 
18 48 39 
17 5 
14 20 36 35 
25 44 25 35 
21 
22 49 27 29 27 2 33 2 
23 
==============================

====== Algorithm Status ======
Valor:                5307
Time:                 1003
nIter:                96
Best Iter:            96
Improvement Count:    95
==============================
Solution tour: 
0 28 30 
24 14 37 
14 20 36 35 37 34 31 
16 31 38 50 32 43 48 47 
20 47 46 42 
8 
1 
9 20 4 43 39 
4 47 
12 47 4 5 
3 30 13 40 
22 40 
13 24 13 23 13 23 26 21 25 35 44 35 
15 
11 
25 44 25 35 
17 5 37 
7 30 3 49 29 27 29 33 
2 33 40 24 0 3 
==============================

====== Algorithm Status ======
Valor:                5336
Time:                 2000
nIter:                190
Best Iter:            190
Improvement Count:    189
==============================
Solution tour: 
0 28 0 3 0 24 
13 40 33 40 
24 14 
5 34 38 50 31 
16 31 2 33 
2 29 27 29 27 49 26 21 
22 
21 
17 21 
11 21 26 
23 13 23 26 25 35 25 44 35 44 
10 7 17 46 42 47 18 48 
18 39 43 37 
7 30 
3 30 
6 40 13 24 
==============================

====== Algorithm Status ======
Valor:                5475
Time:                 4000
nIter:                374
Best Iter:            374
Improvement Count:    373
==============================
Solution tour: 
0 28 26 0 3 0 23 13 24 
13 40 33 40 37 36 
20 
9 20 4 43 14 
24 14 40 48 18 47 
12 42 46 
5 34 38 50 31 
16 31 2 33 2 
18 39 43 37 3 30 3 41 
2 29 27 29 27 49 27 13 23 26 21 
22 
21 
25 35 
15 35 25 44 25 28 
==============================

====== Algorithm Status ======
Valor:                5475
Time:                 8005
nIter:                749
Best Iter:            749
Improvement Count:    748
==============================
Solution tour: 
0 28 26 0 3 0 23 13 24 
13 40 33 40 37 36 
20 
9 20 4 43 14 
24 14 40 48 18 47 
12 42 46 
5 34 38 50 31 
16 31 2 33 2 
18 39 43 37 3 30 3 41 
2 29 27 29 27 49 27 13 23 26 21 
22 
21 
25 35 
15 35 25 44 25 28 
==============================

====== Algorithm Status ======
Valor:                5774
Time:                 16001
nIter:                1508
Best Iter:            1508
Improvement Count:    1507
==============================
Solution tour: 
0 3 0 28 0 
3 30 3 23 13 24 13 40 
22 40 2 41 
14 3 28 
6 33 2 33 40 24 37 
7 47 20 47 43 32 50 32 43 
4 39 31 50 31 
16 31 38 
19 18 48 39 18 42 46 41 
2 29 27 49 27 29 13 
23 26 21 
11 
15 44 25 35 25 
21 
10 7 37 
24 14 
==============================

====== Algorithm Status ======
Valor:                5774
Time:                 32009
nIter:                3000
Best Iter:            3000
Improvement Count:    2999
==============================
Solution tour: 
0 3 0 28 0 
3 30 3 23 13 24 13 40 
22 40 2 41 
14 3 28 
6 33 2 33 40 24 37 
7 47 20 47 43 32 50 32 43 
4 39 31 50 31 
16 31 38 
19 18 48 39 18 42 46 41 
2 29 27 49 27 29 13 
23 26 21 
11 
15 44 25 35 25 
21 
10 7 37 
24 14 
==============================

====== Algorithm Status ======
Valor:                5876
Time:                 64004
nIter:                6033
Best Iter:            6033
Improvement Count:    6032
==============================
Solution tour: 
0 
3 30 3 
7 10 44 
25 44 35 21 
22 40 24 13 24 
14 24 37 34 
19 38 31 50 32 48 42 46 42 
9 17 46 17 36 45 
11 
15 35 25 49 27 29 27 13 
23 13 3 0 20 47 
18 47 
4 43 18 39 
6 0 28 0 26 
21 26 23 41 23 13 27 33 
2 33 26 
==============================

====== Algorithm Status ======
Valor:                5876
Time:                 128009
nIter:                12120
Best Iter:            12120
Improvement Count:    12119
==============================
Solution tour: 
0 
3 30 3 
7 10 44 
25 44 35 21 
22 40 24 13 24 
14 24 37 34 
19 38 31 50 32 48 42 46 42 
9 17 46 17 36 45 
11 
15 35 25 49 27 29 27 13 
23 13 3 0 20 47 
18 47 
4 43 18 39 
6 0 28 0 26 
21 26 23 41 23 13 27 33 
2 33 26 
==============================

====== Algorithm Status ======
Valor:                5876
Time:                 256006
nIter:                24513
Best Iter:            24513
Improvement Count:    24512
==============================
Solution tour: 
0 
3 30 3 
7 10 44 
25 44 35 21 
22 40 24 13 24 
14 24 37 34 
19 38 31 50 32 48 42 46 42 
9 17 46 17 36 45 
11 
15 35 25 49 27 29 27 13 
23 13 3 0 20 47 
18 47 
4 43 18 39 
6 0 28 0 26 
21 26 23 41 23 13 27 33 
2 33 26 
==============================

====== Algorithm Status ======
Valor:                5876
Time:                 512003
nIter:                48744
Best Iter:            48744
Improvement Count:    48743
==============================
Solution tour: 
0 
3 30 3 
7 10 44 
25 44 35 21 
22 40 24 13 24 
14 24 37 34 
19 38 31 50 32 48 42 46 42 
9 17 46 17 36 45 
11 
15 35 25 49 27 29 27 13 
23 13 3 0 20 47 
18 47 
4 43 18 39 
6 0 28 0 26 
21 26 23 41 23 13 27 33 
2 33 26 
==============================

====== Algorithm Status ======
Valor:                6114
Time:                 1024005
nIter:                97816
Best Iter:            97816
Improvement Count:    97817
==============================
Solution tour: 
0 25 26 0 3 36 
20 47 
18 47 42 
8 42 46 42 12 47 
4 47 43 48 18 39 20 
9 20 4 43 32 50 38 31 30 
13 
24 40 
22 40 24 37 
7 37 24 13 23 13 40 
6 0 28 0 26 
23 41 23 33 
2 29 27 49 27 29 13 30 24 2 33 26 21 35 
25 44 5 
3 30 3 
==============================

====== Algorithm Status ======
Valor:                6114
Time:                 1024005
nIter:                97816
Best Iter:            97816
Improvement Count:    97817
==============================
Solution tour: 
0 25 26 0 3 36 
20 47 
18 47 42 
8 42 46 42 12 47 
4 47 43 48 18 39 20 
9 20 4 43 32 50 38 31 30 
13 
24 40 
22 40 24 37 
7 37 24 13 23 13 40 
6 0 28 0 26 
23 41 23 33 
2 29 27 49 27 29 13 30 24 2 33 26 21 35 
25 44 5 
3 30 3 
==============================

