=========== Input ===========
File name:                ./instances/created-instances/mm-5-40-1110588.cdop
Total node count:         46
Truck node count:         5
Drone node count:         40
=============================

========== Settings ==========
Settings file:        ./settings/Memetic-LS_MMX_1287823.config
Seed:                 1287823
Reduction method:     -
Max iter:             1024000
Population size:      13
Crossover:            MA-MMX
Local Search:         -
Warm Start:           -
==============================

====== Algorithm Status ======
Valor:                3551
Time:                 250
nIter:                338
Best Iter:            338
Improvement Count:    337
==============================
Solution tour: 
0 45 
2 6 41 40 25 44 32 25 32 44 25 28 16 28 10 28 16 34 23 6 11 31 45 31 28 32 28 18 
5 24 43 13 10 13 25 22 
3 27 
==============================

====== Algorithm Status ======
Valor:                3872
Time:                 500
nIter:                619
Best Iter:            619
Improvement Count:    618
==============================
Solution tour: 
0 38 45 31 
2 6 41 40 25 44 32 25 32 44 25 32 25 16 28 10 28 16 34 23 11 6 11 31 11 31 45 31 37 28 32 28 
5 24 42 13 10 43 10 13 22 
3 27 
==============================

====== Algorithm Status ======
Valor:                4232
Time:                 1000
nIter:                1185
Best Iter:            1185
Improvement Count:    1184
==============================
Solution tour: 
0 38 45 
2 6 41 40 25 44 25 32 44 32 16 28 10 16 10 28 16 34 23 11 33 28 31 11 31 45 31 37 31 
5 24 42 13 10 43 10 13 11 6 11 10 
3 27 
==============================

====== Algorithm Status ======
Valor:                4415
Time:                 2005
nIter:                2150
Best Iter:            2150
Improvement Count:    2149
==============================
Solution tour: 
0 38 45 
2 6 41 40 33 44 25 44 32 28 10 28 10 28 10 16 28 16 34 24 11 33 28 33 11 31 45 31 37 31 
5 24 42 13 10 43 10 13 11 6 11 10 
3 27 
==============================

====== Algorithm Status ======
Valor:                4753
Time:                 4000
nIter:                4102
Best Iter:            4102
Improvement Count:    4101
==============================
Solution tour: 
0 27 8 
3 41 40 33 44 25 44 32 44 32 28 10 28 10 16 28 16 34 24 11 33 28 33 11 31 11 31 45 31 37 31 
5 24 42 16 10 43 10 26 10 13 11 6 11 27 
==============================

====== Algorithm Status ======
Valor:                4753
Time:                 8000
nIter:                7898
Best Iter:            7898
Improvement Count:    7897
==============================
Solution tour: 
0 27 8 
3 41 40 33 44 25 44 32 44 32 28 10 28 10 16 28 16 34 24 11 33 28 33 11 31 11 31 45 31 37 31 
5 24 42 16 10 43 10 26 10 13 11 6 11 27 
==============================

====== Algorithm Status ======
Valor:                5017
Time:                 16000
nIter:                15626
Best Iter:            15626
Improvement Count:    15625
==============================
Solution tour: 
0 27 8 
3 41 40 33 44 25 44 26 44 32 44 32 28 10 28 16 28 16 34 24 11 33 28 33 11 31 45 31 37 31 
5 24 5 42 16 10 43 10 26 10 11 13 15 13 30 15 31 
==============================

====== Algorithm Status ======
Valor:                5271
Time:                 32002
nIter:                29965
Best Iter:            29965
Improvement Count:    29964
==============================
Solution tour: 
0 27 8 
3 41 40 33 44 25 44 26 44 32 28 10 28 16 28 34 24 11 33 28 33 11 31 45 31 37 15 
5 3 5 15 42 26 42 16 6 16 10 43 10 26 10 13 15 13 30 31 
==============================

====== Algorithm Status ======
Valor:                5279
Time:                 64000
nIter:                58093
Best Iter:            58093
Improvement Count:    58092
==============================
Solution tour: 
0 27 8 
3 41 40 33 44 25 44 26 44 32 28 10 28 16 28 34 24 11 33 15 33 11 31 45 31 37 15 
5 3 5 15 42 26 42 16 6 16 10 43 10 26 10 13 15 13 30 31 
==============================

====== Algorithm Status ======
Valor:                5459
Time:                 128001
nIter:                113534
Best Iter:            113534
Improvement Count:    113533
==============================
Solution tour: 
0 27 8 37 8 
3 41 40 25 44 26 44 32 44 32 28 10 28 16 28 24 3 24 34 24 11 33 15 33 11 31 45 31 15 37 15 
5 3 5 15 42 26 16 6 16 10 16 34 43 10 26 10 13 30 31 
==============================

====== Algorithm Status ======
Valor:                5972
Time:                 256000
nIter:                227261
Best Iter:            227261
Improvement Count:    227260
==============================
Solution tour: 
0 27 8 37 8 
3 10 25 44 26 10 26 44 32 44 25 28 10 28 16 20 17 20 27 20 6 20 16 28 3 24 34 24 3 11 33 15 31 45 31 15 40 15 
4 15 
5 3 5 15 42 16 6 16 34 16 26 5 13 30 13 18 
==============================

====== Algorithm Status ======
Valor:                6149
Time:                 512000
nIter:                434286
Best Iter:            434286
Improvement Count:    434285
==============================
Solution tour: 
0 27 8 37 8 
3 10 25 44 26 10 26 44 32 44 25 28 10 28 16 20 17 20 27 20 6 20 16 28 3 24 34 24 3 11 33 15 31 45 31 40 7 40 15 
4 15 
5 3 5 15 42 16 6 16 34 17 34 16 42 15 13 30 13 18 
==============================

====== Algorithm Status ======
Valor:                6267
Time:                 1024001
nIter:                790438
Best Iter:            790438
Improvement Count:    790439
==============================
Solution tour: 
0 27 8 37 8 
3 10 25 44 26 44 32 44 25 28 10 28 16 20 17 20 27 20 6 20 16 28 3 24 34 24 3 11 33 15 31 45 31 40 7 40 15 
4 15 
5 3 5 15 42 16 6 16 34 17 34 16 42 15 41 15 13 15 41 15 30 13 30 31 30 45 24 
==============================

====== Algorithm Status ======
Valor:                6267
Time:                 1024001
nIter:                790438
Best Iter:            790438
Improvement Count:    790439
==============================
Solution tour: 
0 27 8 37 8 
3 10 25 44 26 44 32 44 25 28 10 28 16 20 17 20 27 20 6 20 16 28 3 24 34 24 3 11 33 15 31 45 31 40 7 40 15 
4 15 
5 3 5 15 42 16 6 16 34 17 34 16 42 15 41 15 13 15 41 15 30 13 30 31 30 45 24 
==============================

