=========== Input ===========
File name:                ./instances/created-instances/mm-25-25-1891798.cdop
Total node count:         51
Truck node count:         25
Drone node count:         25
=============================

========== Settings ==========
Settings file:        ./settings/Memetic_MPX_1881515.config
Seed:                 1881515
Reduction method:     -
Max iter:             1024000
Population size:      13
Crossover:            MA-MPX
Local Search:         LS
Warm Start:           -
==============================

====== Algorithm Status ======
Valor:                4572
Time:                 259
nIter:                24
Best Iter:            24
Improvement Count:    23
==============================
Solution tour: 
0 45 36 
8 37 35 37 42 
24 37 5 37 27 
4 27 
22 50 
20 50 9 47 4 29 40 28 
21 31 41 
17 41 
5 33 27 11 47 
11 27 
6 11 4 47 
9 0 19 30 39 
7 39 38 45 
14 33 0 26 
13 49 
25 47 42 
15 42 
12 36 45 
2 20 45 
==============================

====== Algorithm Status ======
Valor:                5027
Time:                 505
nIter:                45
Best Iter:            45
Improvement Count:    44
==============================
Solution tour: 
0 45 0 26 49 
2 
20 50 9 47 4 11 27 
11 47 11 48 
22 9 47 4 27 11 48 3 18 
3 28 17 40 
17 29 15 37 42 37 
5 24 37 35 
12 36 45 26 38 44 
13 33 36 
19 30 8 36 
10 44 38 49 
25 49 
23 46 
16 25 4 47 
6 41 5 37 24 35 37 42 
15 42 37 5 36 
==============================

====== Algorithm Status ======
Valor:                5027
Time:                 1004
nIter:                91
Best Iter:            91
Improvement Count:    90
==============================
Solution tour: 
0 45 0 26 49 
2 
20 50 9 47 4 11 27 
11 47 11 48 
22 9 47 4 27 11 48 3 18 
3 28 17 40 
17 29 15 37 42 37 
5 24 37 35 
12 36 45 26 38 44 
13 33 36 
19 30 8 36 
10 44 38 49 
25 49 
23 46 
16 25 4 47 
6 41 5 37 24 35 37 42 
15 42 37 5 36 
==============================

====== Algorithm Status ======
Valor:                5027
Time:                 2003
nIter:                182
Best Iter:            182
Improvement Count:    181
==============================
Solution tour: 
0 45 0 26 49 
2 
20 50 9 47 4 11 27 
11 47 11 48 
22 9 47 4 27 11 48 3 18 
3 28 17 40 
17 29 15 37 42 37 
5 24 37 35 
12 36 45 26 38 44 
13 33 36 
19 30 8 36 
10 44 38 49 
25 49 
23 46 
16 25 4 47 
6 41 5 37 24 35 37 42 
15 42 37 5 36 
==============================

====== Algorithm Status ======
Valor:                5183
Time:                 4002
nIter:                375
Best Iter:            375
Improvement Count:    374
==============================
Solution tour: 
0 45 20 22 16 
2 
20 50 47 9 47 4 11 27 4 
11 47 11 4 48 
22 47 4 27 11 48 3 18 
3 41 31 17 40 
17 29 28 15 42 15 37 
5 24 35 37 35 
12 45 38 44 
13 33 36 
19 30 8 36 
10 44 38 49 
25 49 26 
23 
16 32 
6 
15 37 8 19 36 45 
==============================

====== Algorithm Status ======
Valor:                5183
Time:                 8005
nIter:                746
Best Iter:            746
Improvement Count:    745
==============================
Solution tour: 
0 45 20 22 16 
2 
20 50 47 9 47 4 11 27 4 
11 47 11 4 48 
22 47 4 27 11 48 3 18 
3 41 31 17 40 
17 29 28 15 42 15 37 
5 24 35 37 35 
12 45 38 44 
13 33 36 
19 30 8 36 
10 44 38 49 
25 49 26 
23 
16 32 
6 
15 37 8 19 36 45 
==============================

====== Algorithm Status ======
Valor:                5422
Time:                 16024
nIter:                1508
Best Iter:            1508
Improvement Count:    1507
==============================
Solution tour: 
0 26 45 38 44 
10 49 25 49 20 50 
6 43 46 32 18 
3 
18 48 11 47 11 4 47 4 25 16 22 2 
13 49 26 0 45 36 
8 37 35 37 5 41 31 
17 40 17 29 17 28 27 
4 27 
11 27 33 
12 42 37 
24 37 42 15 42 12 30 
19 8 36 
2 
20 22 16 
25 
22 
7 39 7 30 36 45 
==============================

====== Algorithm Status ======
Valor:                5422
Time:                 32010
nIter:                3015
Best Iter:            3015
Improvement Count:    3014
==============================
Solution tour: 
0 26 45 38 44 
10 49 25 49 20 50 
6 43 46 32 18 
3 
18 48 11 47 11 4 47 4 25 16 22 2 
13 49 26 0 45 36 
8 37 35 37 5 41 31 
17 40 17 29 17 28 27 
4 27 
11 27 33 
12 42 37 
24 37 42 15 42 12 30 
19 8 36 
2 
20 22 16 
25 
22 
7 39 7 30 36 45 
==============================

====== Algorithm Status ======
Valor:                5422
Time:                 64025
nIter:                6068
Best Iter:            6068
Improvement Count:    6067
==============================
Solution tour: 
0 26 45 38 44 
10 49 25 49 20 50 
6 43 46 32 18 
3 
18 48 11 47 11 4 47 4 25 16 22 2 
13 49 26 0 45 36 
8 37 35 37 5 41 31 
17 40 17 29 17 28 27 
4 27 
11 27 33 
12 42 37 
24 37 42 15 42 12 30 
19 8 36 
2 
20 22 16 
25 
22 
7 39 7 30 36 45 
==============================

====== Algorithm Status ======
Valor:                5503
Time:                 128009
nIter:                12074
Best Iter:            12074
Improvement Count:    12073
==============================
Solution tour: 
0 45 0 45 36 
12 42 37 
24 37 42 15 42 12 35 12 30 
19 8 36 45 20 46 16 25 4 48 
1 48 11 47 4 25 
16 22 
2 
20 22 16 50 41 
5 37 
8 37 35 37 5 41 31 41 
25 49 13 22 27 41 
17 40 17 29 17 28 27 11 
4 27 
21 28 17 40 31 47 
11 27 33 45 38 26 
==============================

====== Algorithm Status ======
Valor:                5523
Time:                 256005
nIter:                24027
Best Iter:            24027
Improvement Count:    24026
==============================
Solution tour: 
0 33 45 0 45 36 
12 42 37 24 
14 24 37 5 37 35 
24 35 37 42 15 42 12 35 12 30 
19 8 36 45 20 46 16 25 4 11 48 
1 48 11 47 4 25 
11 47 
18 3 18 
21 34 40 17 29 28 31 41 50 
9 32 25 
16 22 
23 44 38 26 49 
25 47 11 
6 11 27 11 
4 27 4 
22 16 
2 20 45 
==============================

====== Algorithm Status ======
Valor:                5760
Time:                 512000
nIter:                48105
Best Iter:            48105
Improvement Count:    48104
==============================
Solution tour: 
0 45 38 45 36 
6 15 42 15 29 28 40 
17 40 29 17 41 31 41 4 
2 
20 50 9 47 
11 27 4 11 48 11 4 27 33 36 
19 36 
8 30 8 36 45 20 22 
16 25 4 47 
4 11 47 
9 50 
1 48 4 25 16 
22 27 11 27 41 5 37 35 37 42 
24 42 37 5 
12 
5 41 33 36 0 26 49 
23 44 
10 46 20 45 
==============================

====== Algorithm Status ======
Valor:                5760
Time:                 1024005
nIter:                95080
Best Iter:            95080
Improvement Count:    95081
==============================
Solution tour: 
0 45 38 45 36 
6 15 42 15 29 28 40 
17 40 29 17 41 31 41 4 
2 
20 50 9 47 
11 27 4 11 48 11 4 27 33 36 
19 36 
8 30 8 36 45 20 22 
16 25 4 47 
4 11 47 
9 50 
1 48 4 25 16 
22 27 11 27 41 5 37 35 37 42 
24 42 37 5 
12 
5 41 33 36 0 26 49 
23 44 
10 46 20 45 
==============================

====== Algorithm Status ======
Valor:                5760
Time:                 1024005
nIter:                95080
Best Iter:            95080
Improvement Count:    95081
==============================
Solution tour: 
0 45 38 45 36 
6 15 42 15 29 28 40 
17 40 29 17 41 31 41 4 
2 
20 50 9 47 
11 27 4 11 48 11 4 27 33 36 
19 36 
8 30 8 36 45 20 22 
16 25 4 47 
4 11 47 
9 50 
1 48 4 25 16 
22 27 11 27 41 5 37 35 37 42 
24 42 37 5 
12 
5 41 33 36 0 26 49 
23 44 
10 46 20 45 
==============================

