=========== Input ===========
File name:                ./instances/created-instances/mm-15-25-1762875.cdop
Total node count:         41
Truck node count:         15
Drone node count:         25
=============================

========== Settings ==========
Settings file:        ./settings/Memetic-LS_MPX_1099666.config
Seed:                 1099666
Reduction method:     -
Max iter:             1024000
Population size:      13
Crossover:            MA-MPX
Local Search:         -
Warm Start:           -
==============================

====== Algorithm Status ======
Valor:                1604
Time:                 253
nIter:                417
Best Iter:            417
Improvement Count:    416
==============================
Solution tour: 
0 25 
13 5 35 
1 27 18 
9 
7 
12 
10 
14 
5 
4 
15 16 
6 
2 
8 28 
==============================

====== Algorithm Status ======
Valor:                1823
Time:                 500
nIter:                835
Best Iter:            835
Improvement Count:    834
==============================
Solution tour: 
0 25 
13 5 35 
8 28 
3 37 
1 27 18 
9 
7 
12 
10 
14 
5 
15 16 
4 
6 
2 
==============================

====== Algorithm Status ======
Valor:                1848
Time:                 1003
nIter:                1570
Best Iter:            1570
Improvement Count:    1569
==============================
Solution tour: 
0 25 
13 5 35 
8 28 
3 37 19 27 
1 18 
9 
7 
12 
10 
14 
5 
15 16 
4 
6 
2 16 
==============================

====== Algorithm Status ======
Valor:                1902
Time:                 2000
nIter:                3177
Best Iter:            3177
Improvement Count:    3176
==============================
Solution tour: 
0 25 
13 5 35 18 28 20 
8 28 20 
3 37 19 27 
1 
12 
9 
7 18 
10 
14 
5 28 
15 
4 
6 
2 16 
==============================

====== Algorithm Status ======
Valor:                2216
Time:                 4000
nIter:                6158
Best Iter:            6158
Improvement Count:    6157
==============================
Solution tour: 
0 25 
5 
14 
10 
13 5 27 18 28 39 31 
11 38 
8 
12 20 
3 37 19 35 
7 
9 
4 
6 
2 
1 26 28 
==============================

====== Algorithm Status ======
Valor:                2527
Time:                 8000
nIter:                12029
Best Iter:            12029
Improvement Count:    12028
==============================
Solution tour: 
0 36 
10 
14 
5 
13 27 18 28 31 
11 38 
8 33 
12 
3 20 37 19 
1 26 28 
7 
9 
6 
4 
15 24 32 40 
==============================

====== Algorithm Status ======
Valor:                2630
Time:                 16000
nIter:                23775
Best Iter:            23775
Improvement Count:    23774
==============================
Solution tour: 
0 36 
5 
14 
10 
13 27 18 28 
11 38 
8 33 
4 
15 24 32 
12 
3 20 37 19 
1 26 28 
7 
9 
6 
2 16 
==============================

====== Algorithm Status ======
Valor:                2741
Time:                 32000
nIter:                47294
Best Iter:            47294
Improvement Count:    47293
==============================
Solution tour: 
0 
13 27 18 28 
11 38 
8 33 
12 32 
15 24 32 
3 20 37 19 
1 26 28 
7 
9 
6 
2 16 
5 
14 
10 
4 23 
==============================

====== Algorithm Status ======
Valor:                3054
Time:                 64000
nIter:                93983
Best Iter:            93983
Improvement Count:    93982
==============================
Solution tour: 
0 
2 
6 16 
5 
14 
10 5 
13 27 18 28 18 
11 38 
8 33 12 32 
12 32 
15 32 24 
3 20 37 19 
1 26 
9 
7 
4 23 
==============================

====== Algorithm Status ======
Valor:                3065
Time:                 128000
nIter:                183320
Best Iter:            183320
Improvement Count:    183319
==============================
Solution tour: 
0 16 
2 
6 16 
5 
14 
10 5 
13 27 18 28 18 
11 38 
8 33 12 32 
12 32 
15 32 24 
3 20 37 19 
1 26 
9 
7 
4 23 
==============================

====== Algorithm Status ======
Valor:                3141
Time:                 256000
nIter:                359936
Best Iter:            359936
Improvement Count:    359935
==============================
Solution tour: 
0 16 
2 
6 16 
5 
14 
10 5 
13 27 18 28 18 
11 38 
8 33 12 32 
12 32 
15 32 24 
3 20 37 19 37 
1 26 
9 
7 
4 23 
==============================

====== Algorithm Status ======
Valor:                3519
Time:                 512000
nIter:                700388
Best Iter:            700388
Improvement Count:    700387
==============================
Solution tour: 
0 16 
2 
6 16 
5 
14 
10 5 
13 27 18 28 18 
11 38 
8 33 12 32 
12 33 32 8 39 
15 32 24 
3 20 37 19 37 
1 26 
9 
7 
4 31 23 
==============================

====== Algorithm Status ======
Valor:                3840
Time:                 1024001
nIter:                1353307
Best Iter:            1353307
Improvement Count:    1353308
==============================
Solution tour: 
0 36 
1 26 
9 
7 29 
6 16 
5 
14 
10 5 
13 27 18 28 18 
11 38 30 33 12 32 
12 33 32 17 39 
15 32 24 
8 
3 20 37 19 37 
4 31 23 
==============================

====== Algorithm Status ======
Valor:                3840
Time:                 1024001
nIter:                1353307
Best Iter:            1353307
Improvement Count:    1353308
==============================
Solution tour: 
0 36 
1 26 
9 
7 29 
6 16 
5 
14 
10 5 
13 27 18 28 18 
11 38 30 33 12 32 
12 33 32 17 39 
15 32 24 
8 
3 20 37 19 37 
4 31 23 
==============================

