=========== Input ===========
File name:                ./instances/created-instances/mm-25-10-1110588.cdop
Total node count:         36
Truck node count:         25
Drone node count:         10
=============================

========== Settings ==========
Settings file:        ./settings/Memetic-LS_MMX_1881515.config
Seed:                 1881515
Reduction method:     -
Max iter:             1024000
Population size:      13
Crossover:            MA-MMX
Local Search:         -
Warm Start:           -
==============================

====== Algorithm Status ======
Valor:                2116
Time:                 250
nIter:                611
Best Iter:            611
Improvement Count:    610
==============================
Solution tour: 
0 
7 
9 
20 
3 0 3 
14 30 29 30 29 31 29 31 
18 31 33 0 33 29 33 31 
25 
17 
21 
22 27 28 
==============================

====== Algorithm Status ======
Valor:                2419
Time:                 500
nIter:                1167
Best Iter:            1167
Improvement Count:    1166
==============================
Solution tour: 
0 
13 3 33 
9 
20 
3 0 3 
14 30 33 29 30 29 33 31 29 4 31 
18 31 0 33 31 33 0 
25 
17 
21 33 28 
==============================

====== Algorithm Status ======
Valor:                2544
Time:                 1000
nIter:                2307
Best Iter:            2307
Improvement Count:    2306
==============================
Solution tour: 
0 
13 3 6 3 6 
9 
20 29 33 0 
3 0 
14 30 0 33 29 30 29 31 29 4 31 
18 31 33 31 0 
25 
17 33 
21 33 28 
==============================

====== Algorithm Status ======
Valor:                2651
Time:                 2000
nIter:                4572
Best Iter:            4572
Improvement Count:    4571
==============================
Solution tour: 
0 
13 0 6 29 
20 8 
9 33 0 
3 0 
14 30 14 29 33 29 30 29 4 29 31 
18 31 33 0 
25 
17 
21 33 28 
==============================

====== Algorithm Status ======
Valor:                2696
Time:                 4000
nIter:                9216
Best Iter:            9216
Improvement Count:    9215
==============================
Solution tour: 
0 
13 0 6 29 
20 8 
9 33 0 
3 0 
14 30 14 0 33 29 33 29 30 29 4 29 31 
18 31 33 0 
25 
17 
21 33 28 
==============================

====== Algorithm Status ======
Valor:                2943
Time:                 8000
nIter:                18249
Best Iter:            18249
Improvement Count:    18248
==============================
Solution tour: 
0 
13 0 6 29 14 27 0 
3 0 
14 30 14 29 33 29 30 29 4 
20 8 4 14 4 29 31 
18 31 33 31 33 
21 
25 
17 0 33 28 
==============================

====== Algorithm Status ======
Valor:                3333
Time:                 16000
nIter:                35873
Best Iter:            35873
Improvement Count:    35872
==============================
Solution tour: 
0 
13 0 27 14 27 0 
3 0 
14 30 14 
23 29 27 29 33 29 30 29 4 
20 8 4 14 
4 34 31 2 33 34 33 31 33 
21 
25 
17 
18 5 28 
==============================

====== Algorithm Status ======
Valor:                3551
Time:                 32000
nIter:                70470
Best Iter:            70470
Improvement Count:    70469
==============================
Solution tour: 
0 
13 
22 27 14 27 0 
3 0 
14 30 14 13 0 27 29 27 29 33 29 30 29 4 
20 4 14 
4 34 31 2 31 34 33 31 33 
21 
25 
17 
18 5 28 
==============================

====== Algorithm Status ======
Valor:                3610
Time:                 64001
nIter:                136422
Best Iter:            136422
Improvement Count:    136421
==============================
Solution tour: 
0 
13 
22 27 14 27 0 
3 0 
14 30 14 13 0 27 29 27 29 33 29 30 29 34 4 
20 4 14 34 31 2 31 34 33 31 33 
21 
25 
17 
18 5 15 28 
==============================

====== Algorithm Status ======
Valor:                3761
Time:                 128000
nIter:                256624
Best Iter:            256624
Improvement Count:    256623
==============================
Solution tour: 
0 22 
13 
22 27 14 27 0 
3 0 
14 30 14 13 0 27 29 30 29 27 33 29 33 34 14 4 
20 4 14 34 31 2 31 34 33 31 33 
21 30 
17 
18 5 15 28 
==============================

====== Algorithm Status ======
Valor:                3881
Time:                 256000
nIter:                494958
Best Iter:            494958
Improvement Count:    494957
==============================
Solution tour: 
0 13 22 27 
22 
13 14 0 27 0 
3 0 
14 30 14 13 30 13 0 33 29 30 29 27 29 33 34 14 4 
20 4 14 34 31 2 31 
18 31 34 33 31 33 
21 30 
17 15 28 
==============================

====== Algorithm Status ======
Valor:                4156
Time:                 512000
nIter:                999457
Best Iter:            999457
Improvement Count:    999456
==============================
Solution tour: 
0 13 3 13 22 27 
22 14 0 27 0 
3 0 14 30 
14 22 13 0 33 29 30 29 33 34 4 
20 4 14 34 31 2 13 2 31 
18 31 34 33 31 33 28 33 
21 30 28 26 
==============================

====== Algorithm Status ======
Valor:                4200
Time:                 1024001
nIter:                2051634
Best Iter:            2051634
Improvement Count:    2051635
==============================
Solution tour: 
0 13 3 13 22 27 
22 14 27 0 
3 0 14 30 
14 22 13 0 33 29 30 29 33 34 4 
20 4 14 34 31 2 13 2 31 
18 31 34 33 31 33 28 33 
21 30 0 26 
==============================

====== Algorithm Status ======
Valor:                4200
Time:                 1024001
nIter:                2051634
Best Iter:            2051634
Improvement Count:    2051635
==============================
Solution tour: 
0 13 3 13 22 27 
22 14 27 0 
3 0 14 30 
14 22 13 0 33 29 30 29 33 34 4 
20 4 14 34 31 2 13 2 31 
18 31 34 33 31 33 28 33 
21 30 0 26 
==============================

