=========== Input ===========
File name:                ./instances/created-instances/mm-10-40-1767920.cdop
Total node count:         51
Truck node count:         10
Drone node count:         40
=============================

========== Settings ==========
Settings file:        ./settings/Memetic-LS_MPX_1881515.config
Seed:                 1881515
Reduction method:     -
Max iter:             1024000
Population size:      13
Crossover:            MA-MPX
Local Search:         -
Warm Start:           -
==============================

====== Algorithm Status ======
Valor:                2479
Time:                 250
nIter:                310
Best Iter:            310
Improvement Count:    309
==============================
Solution tour: 
0 34 47 
2 39 16 12 
9 14 
6 14 
3 48 13 
1 0 
4 26 25 
7 25 
8 
5 20 
10 17 
==============================

====== Algorithm Status ======
Valor:                2536
Time:                 503
nIter:                580
Best Iter:            580
Improvement Count:    579
==============================
Solution tour: 
0 45 34 47 
2 39 16 12 
9 14 
6 14 
3 48 13 
1 0 
4 26 25 
7 25 
8 
5 20 
10 17 
==============================

====== Algorithm Status ======
Valor:                2549
Time:                 1000
nIter:                1058
Best Iter:            1058
Improvement Count:    1057
==============================
Solution tour: 
0 45 34 47 
2 39 16 12 
9 14 
6 14 
3 48 13 
1 0 
4 26 25 
7 25 
8 
5 20 
10 42 
==============================

====== Algorithm Status ======
Valor:                3088
Time:                 2005
nIter:                2070
Best Iter:            2070
Improvement Count:    2069
==============================
Solution tour: 
0 45 34 47 29 
2 13 48 
1 0 12 
5 
4 41 25 
7 25 
8 5 20 
10 31 
3 14 48 39 16 26 
9 14 
6 14 
==============================

====== Algorithm Status ======
Valor:                3252
Time:                 4007
nIter:                3915
Best Iter:            3915
Improvement Count:    3914
==============================
Solution tour: 
0 45 34 47 29 
2 13 48 
1 0 12 
5 
4 41 25 
7 8 25 
8 5 20 
10 31 
3 14 48 39 16 26 
9 14 31 14 
6 30 
==============================

====== Algorithm Status ======
Valor:                3365
Time:                 8000
nIter:                7471
Best Iter:            7471
Improvement Count:    7470
==============================
Solution tour: 
0 45 34 47 29 
2 13 48 
1 0 12 
5 
4 41 25 
7 8 25 
8 5 20 
10 31 
3 14 48 39 16 26 
9 14 31 14 
6 18 30 
==============================

====== Algorithm Status ======
Valor:                3473
Time:                 16002
nIter:                14607
Best Iter:            14607
Improvement Count:    14606
==============================
Solution tour: 
0 45 34 47 29 
2 33 13 48 
1 0 12 
5 
4 
7 25 41 42 8 25 
8 5 20 
10 31 
3 14 48 39 16 26 
9 14 31 14 
6 18 17 30 
==============================

====== Algorithm Status ======
Valor:                3760
Time:                 32000
nIter:                28580
Best Iter:            28580
Improvement Count:    28579
==============================
Solution tour: 
0 45 34 47 22 29 
7 25 41 42 
8 5 20 18 
10 31 
3 14 48 33 39 30 26 
9 14 31 14 
6 18 17 16 
5 
4 
2 33 13 48 
1 0 12 
==============================

====== Algorithm Status ======
Valor:                4130
Time:                 64000
nIter:                55755
Best Iter:            55755
Improvement Count:    55754
==============================
Solution tour: 
0 45 43 34 47 22 29 
7 25 41 11 42 45 
8 5 20 18 
10 31 27 48 14 
3 33 39 30 26 
9 14 31 14 
6 41 17 16 
5 
4 
2 45 13 48 
1 25 48 
==============================

====== Algorithm Status ======
Valor:                4700
Time:                 128001
nIter:                109069
Best Iter:            109069
Improvement Count:    109068
==============================
Solution tour: 
0 12 45 20 43 34 47 24 22 29 
7 23 11 23 18 42 45 
8 5 18 
10 9 31 27 
3 33 39 30 26 14 
9 14 31 14 
6 41 17 16 
5 
4 5 
2 13 48 25 48 
1 25 14 
==============================

====== Algorithm Status ======
Valor:                5119
Time:                 256000
nIter:                208137
Best Iter:            208137
Improvement Count:    208136
==============================
Solution tour: 
0 39 0 42 45 12 36 15 35 34 43 40 5 47 24 
2 29 
7 23 11 18 20 45 22 5 18 
10 9 26 27 
1 25 3 14 
3 33 39 32 30 31 14 
9 14 31 14 
6 41 17 16 
5 
4 5 
8 13 48 25 48 
==============================

====== Algorithm Status ======
Valor:                5375
Time:                 512000
nIter:                394082
Best Iter:            394082
Improvement Count:    394081
==============================
Solution tour: 
0 39 0 42 45 42 12 36 15 43 34 35 34 43 20 5 47 22 24 46 
2 29 
7 23 11 18 
8 45 22 5 18 
1 25 3 14 
10 26 9 26 27 
3 33 39 30 32 31 14 
9 14 31 
6 41 17 16 
5 
4 5 20 13 48 25 48 
==============================

====== Algorithm Status ======
Valor:                5597
Time:                 1024001
nIter:                723345
Best Iter:            723345
Improvement Count:    723346
==============================
Solution tour: 
0 39 0 42 45 17 12 36 15 43 34 35 34 43 20 5 47 24 22 24 46 5 
4 5 8 13 48 25 48 
1 25 3 31 10 14 
10 26 9 26 27 
3 33 39 30 32 31 14 
9 14 31 
6 41 20 17 16 
5 
2 29 
7 23 11 18 
8 45 42 22 5 20 18 
==============================

====== Algorithm Status ======
Valor:                5597
Time:                 1024001
nIter:                723345
Best Iter:            723345
Improvement Count:    723346
==============================
Solution tour: 
0 39 0 42 45 17 12 36 15 43 34 35 34 43 20 5 47 24 22 24 46 5 
4 5 8 13 48 25 48 
1 25 3 31 10 14 
10 26 9 26 27 
3 33 39 30 32 31 14 
9 14 31 
6 41 20 17 16 
5 
2 29 
7 23 11 18 
8 45 42 22 5 20 18 
==============================

