=========== Input ===========
File name:                ./instances/created-instances/mm-10-25-1767920.cdop
Total node count:         36
Truck node count:         10
Drone node count:         25
=============================

========== Settings ==========
Settings file:        ./settings/Memetic-LS_MMX_1881515.config
Seed:                 1881515
Reduction method:     -
Max iter:             1024000
Population size:      13
Crossover:            MA-MMX
Local Search:         -
Warm Start:           -
==============================

====== Algorithm Status ======
Valor:                2854
Time:                 250
nIter:                440
Best Iter:            440
Improvement Count:    439
==============================
Solution tour: 
0 28 12 
6 
8 28 
4 17 1 17 25 31 1 31 32 1 32 31 15 
2 28 15 31 18 23 13 18 31 
9 26 27 
1 8 
7 30 
==============================

====== Algorithm Status ======
Valor:                2854
Time:                 501
nIter:                860
Best Iter:            860
Improvement Count:    859
==============================
Solution tour: 
0 28 12 
6 
8 28 
4 17 1 17 25 31 1 31 32 1 32 31 15 
2 28 15 31 18 23 13 18 31 
9 26 27 
1 8 
7 30 
==============================

====== Algorithm Status ======
Valor:                3121
Time:                 1000
nIter:                1698
Best Iter:            1698
Improvement Count:    1697
==============================
Solution tour: 
0 28 12 31 
8 34 28 
4 20 17 1 17 25 31 1 31 32 
1 32 31 
2 28 15 31 12 23 18 31 18 23 13 18 
9 27 1 8 21 30 
==============================

====== Algorithm Status ======
Valor:                3292
Time:                 2000
nIter:                3285
Best Iter:            3285
Improvement Count:    3284
==============================
Solution tour: 
0 28 
8 34 28 
4 20 17 1 17 25 31 1 31 25 31 1 31 32 
1 32 31 
2 28 15 31 12 23 18 31 18 23 13 18 
9 27 1 8 33 21 30 
==============================

====== Algorithm Status ======
Valor:                3394
Time:                 4001
nIter:                5758
Best Iter:            5758
Improvement Count:    5757
==============================
Solution tour: 
0 28 
8 34 28 12 20 12 20 17 12 17 1 25 31 1 31 25 23 8 23 13 18 12 15 12 18 
1 32 31 
2 28 15 31 12 23 18 31 18 23 18 
9 27 1 8 33 21 30 
==============================

====== Algorithm Status ======
Valor:                3863
Time:                 8000
nIter:                10839
Best Iter:            10839
Improvement Count:    10838
==============================
Solution tour: 
0 25 12 20 12 28 34 28 15 12 17 12 17 1 31 25 31 1 8 23 12 17 8 23 8 0 8 13 0 13 18 
1 32 31 
2 28 
8 1 18 31 14 31 18 33 23 18 
9 27 1 27 30 
==============================

====== Algorithm Status ======
Valor:                4373
Time:                 16000
nIter:                22952
Best Iter:            22952
Improvement Count:    22951
==============================
Solution tour: 
0 20 11 20 12 15 1 31 32 1 32 31 1 8 17 13 17 8 23 8 0 33 13 33 0 13 18 23 18 
1 25 31 
2 28 
8 1 18 31 14 31 18 33 18 
9 6 1 27 1 30 
==============================

====== Algorithm Status ======
Valor:                4452
Time:                 32001
nIter:                46860
Best Iter:            46860
Improvement Count:    46859
==============================
Solution tour: 
0 25 1 31 32 1 32 31 1 8 17 13 17 8 23 8 33 13 0 33 11 20 12 15 12 13 33 0 13 18 23 18 
1 25 31 25 31 
2 22 28 
8 1 18 31 14 31 18 33 18 
9 6 1 27 1 30 
==============================

====== Algorithm Status ======
Valor:                4709
Time:                 64000
nIter:                88241
Best Iter:            88241
Improvement Count:    88240
==============================
Solution tour: 
0 25 1 31 32 1 32 31 1 8 17 19 17 13 17 8 23 8 0 13 33 0 33 13 17 12 20 12 15 12 23 18 
1 31 25 31 26 31 11 28 
8 1 18 31 14 31 18 33 18 
9 6 27 1 30 
==============================

====== Algorithm Status ======
Valor:                4845
Time:                 128000
nIter:                169797
Best Iter:            169797
Improvement Count:    169796
==============================
Solution tour: 
0 25 21 25 31 1 32 1 8 17 19 17 13 17 8 23 8 0 13 33 0 33 
6 33 18 33 13 18 23 20 12 15 23 18 
1 31 26 11 28 
8 1 18 31 14 31 18 
9 6 1 27 1 30 
==============================

====== Algorithm Status ======
Valor:                4947
Time:                 256000
nIter:                326927
Best Iter:            326927
Improvement Count:    326926
==============================
Solution tour: 
0 25 21 25 31 1 32 1 8 17 19 17 13 17 8 23 8 0 13 33 0 33 
6 33 18 33 13 18 23 12 20 12 23 18 
1 31 26 9 31 11 28 
8 1 18 31 14 31 18 
9 6 27 1 0 30 
==============================

====== Algorithm Status ======
Valor:                5038
Time:                 512002
nIter:                625489
Best Iter:            625489
Improvement Count:    625488
==============================
Solution tour: 
0 25 0 13 33 0 33 
6 33 21 25 31 1 32 1 8 17 19 17 13 17 8 23 8 33 18 33 13 18 23 12 20 12 23 18 
1 31 9 26 9 31 11 28 15 
8 1 18 31 14 31 18 
9 6 1 27 1 0 30 
==============================

====== Algorithm Status ======
Valor:                5174
Time:                 1024001
nIter:                1158592
Best Iter:            1158592
Improvement Count:    1158593
==============================
Solution tour: 
0 25 0 13 33 0 33 
6 33 21 25 
3 31 1 32 1 8 17 19 17 13 17 8 23 8 33 18 33 13 18 23 12 20 23 18 
1 31 9 26 31 26 9 31 11 20 12 28 15 
8 1 18 31 14 31 18 
9 
10 9 1 27 1 21 30 
==============================

====== Algorithm Status ======
Valor:                5174
Time:                 1024001
nIter:                1158592
Best Iter:            1158592
Improvement Count:    1158593
==============================
Solution tour: 
0 25 0 13 33 0 33 
6 33 21 25 
3 31 1 32 1 8 17 19 17 13 17 8 23 8 33 18 33 13 18 23 12 20 23 18 
1 31 9 26 31 26 9 31 11 20 12 28 15 
8 1 18 31 14 31 18 
9 
10 9 1 27 1 21 30 
==============================

