=========== Input ===========
File name:                ./instances/created-instances/mm-20-25-1762875.cdop
Total node count:         46
Truck node count:         20
Drone node count:         25
=============================

========== Settings ==========
Settings file:        ./settings/Memetic-LS_MMX_1881515.config
Seed:                 1881515
Reduction method:     -
Max iter:             1024000
Population size:      13
Crossover:            MA-MMX
Local Search:         -
Warm Start:           -
==============================

====== Algorithm Status ======
Valor:                1947
Time:                 250
nIter:                425
Best Iter:            425
Improvement Count:    424
==============================
Solution tour: 
0 
5 
9 
17 
12 
3 33 
18 33 34 33 41 33 32 33 40 35 
15 38 
7 43 
19 
6 
13 36 
==============================

====== Algorithm Status ======
Valor:                2350
Time:                 500
nIter:                806
Best Iter:            806
Improvement Count:    805
==============================
Solution tour: 
0 33 40 
17 
12 
3 33 
18 33 34 33 41 39 41 33 32 33 35 32 34 41 34 32 
7 43 
19 
6 
13 22 
==============================

====== Algorithm Status ======
Valor:                2667
Time:                 1000
nIter:                1542
Best Iter:            1542
Improvement Count:    1541
==============================
Solution tour: 
0 
10 
20 40 35 
17 
12 33 
18 33 34 41 39 41 33 32 33 41 34 20 39 20 34 32 
7 43 
19 
6 
13 22 
==============================

====== Algorithm Status ======
Valor:                2998
Time:                 2000
nIter:                2956
Best Iter:            2956
Improvement Count:    2955
==============================
Solution tour: 
0 
5 40 35 
17 
12 33 
18 33 22 33 20 34 33 32 33 41 39 41 33 34 37 34 20 39 20 37 34 32 
7 43 
19 
6 
13 22 
==============================

====== Algorithm Status ======
Valor:                3115
Time:                 4000
nIter:                5720
Best Iter:            5720
Improvement Count:    5719
==============================
Solution tour: 
0 
5 40 35 
17 
12 33 
18 33 22 32 22 33 0 33 32 33 41 33 34 3 34 37 34 20 39 20 34 
7 43 
19 
6 
13 22 
==============================

====== Algorithm Status ======
Valor:                3659
Time:                 8000
nIter:                11020
Best Iter:            11020
Improvement Count:    11019
==============================
Solution tour: 
0 
5 40 35 20 34 37 34 20 39 20 
12 33 
18 33 22 32 22 33 32 33 34 3 34 28 
17 28 14 28 38 28 34 33 
7 43 
19 6 
13 22 
==============================

====== Algorithm Status ======
Valor:                3943
Time:                 16000
nIter:                21666
Best Iter:            21666
Improvement Count:    21665
==============================
Solution tour: 
0 
5 40 35 20 34 37 34 20 39 20 
12 20 33 
18 33 22 32 22 33 32 33 34 3 34 28 
17 42 28 38 
10 38 28 34 33 
7 43 
19 36 
13 22 
==============================

====== Algorithm Status ======
Valor:                3943
Time:                 32001
nIter:                42863
Best Iter:            42863
Improvement Count:    42862
==============================
Solution tour: 
0 
5 40 35 20 34 37 34 20 39 20 
12 20 33 
18 33 22 32 22 33 32 33 34 3 34 28 
17 42 28 38 
10 38 28 34 33 
7 43 
19 36 
13 22 
==============================

====== Algorithm Status ======
Valor:                4044
Time:                 64000
nIter:                83929
Best Iter:            83929
Improvement Count:    83928
==============================
Solution tour: 
0 
5 40 35 25 35 34 37 34 12 37 12 34 20 39 20 
12 33 
18 33 22 32 22 33 32 33 34 3 34 28 
17 42 28 38 
10 38 28 34 33 
7 43 
19 36 
13 22 
==============================

====== Algorithm Status ======
Valor:                4251
Time:                 128000
nIter:                158157
Best Iter:            158157
Improvement Count:    158156
==============================
Solution tour: 
0 
5 40 35 44 12 37 34 37 12 20 12 34 20 39 20 34 12 44 25 44 33 32 33 22 32 22 33 
18 33 34 28 
17 42 28 38 
10 38 28 34 33 
7 43 
19 36 
13 22 
==============================

====== Algorithm Status ======
Valor:                4389
Time:                 256004
nIter:                299212
Best Iter:            299212
Improvement Count:    299211
==============================
Solution tour: 
0 
5 40 35 44 12 37 34 37 12 20 12 34 20 39 20 34 12 44 25 44 33 32 33 22 32 22 33 
18 33 34 28 42 
17 42 28 38 
10 38 28 34 33 
7 43 24 
19 23 22 
13 22 
==============================

====== Algorithm Status ======
Valor:                4898
Time:                 512000
nIter:                559378
Best Iter:            559378
Improvement Count:    559377
==============================
Solution tour: 
0 
5 34 30 35 18 35 18 44 12 37 34 37 
12 20 12 34 20 39 20 34 12 25 44 25 33 32 33 22 21 22 32 22 33 
18 33 34 28 42 
17 42 28 38 
10 38 28 34 33 
7 43 24 
19 23 31 
13 31 23 19 
6 45 
==============================

====== Algorithm Status ======
Valor:                4987
Time:                 1024001
nIter:                1076821
Best Iter:            1076821
Improvement Count:    1076822
==============================
Solution tour: 
0 14 
5 34 41 30 41 35 18 35 12 37 34 37 
12 20 12 34 20 39 20 34 12 25 44 25 
8 33 32 33 22 21 22 32 22 33 
18 33 34 28 42 
17 42 28 38 
10 38 28 34 33 
7 43 24 
19 23 31 
13 31 23 19 
6 45 
==============================

====== Algorithm Status ======
Valor:                4987
Time:                 1024001
nIter:                1076821
Best Iter:            1076821
Improvement Count:    1076822
==============================
Solution tour: 
0 14 
5 34 41 30 41 35 18 35 12 37 34 37 
12 20 12 34 20 39 20 34 12 25 44 25 
8 33 32 33 22 21 22 32 22 33 
18 33 34 28 42 
17 42 28 38 
10 38 28 34 33 
7 43 24 
19 23 31 
13 31 23 19 
6 45 
==============================

