=========== Input ===========
File name:                ./instances/created-instances/mm-20-10-1917698.cdop
Total node count:         31
Truck node count:         20
Drone node count:         10
=============================

========== Settings ==========
Settings file:        ./settings/Memetic_MMX_1099666.config
Seed:                 1099666
Reduction method:     -
Max iter:             1024000
Population size:      13
Crossover:            MA-MMX
Local Search:         LS
Warm Start:           -
==============================

====== Algorithm Status ======
Valor:                3762
Time:                 250
nIter:                50
Best Iter:            50
Improvement Count:    49
==============================
Solution tour: 
0 14 25 6 12 9 12 30 9 30 28 26 12 6 25 15 9 12 26 28 30 14 29 
4 29 27 3 15 25 14 27 0 15 
13 15 14 19 15 3 27 20 4 24 3 19 3 24 4 20 19 14 
==============================

====== Algorithm Status ======
Valor:                3924
Time:                 504
nIter:                98
Best Iter:            98
Improvement Count:    97
==============================
Solution tour: 
0 4 9 15 1 3 1 15 25 
6 9 30 28 26 12 9 6 12 6 25 15 9 12 26 28 30 9 4 29 4 
13 15 0 14 19 14 3 15 3 24 4 20 4 24 3 19 3 27 29 14 
==============================

====== Algorithm Status ======
Valor:                3954
Time:                 1003
nIter:                194
Best Iter:            194
Improvement Count:    193
==============================
Solution tour: 
0 14 15 1 3 1 25 
6 9 30 28 26 12 9 6 12 6 25 15 9 12 26 28 30 9 15 14 27 29 14 29 
4 29 27 3 15 25 14 19 15 3 27 20 4 24 3 19 3 24 4 20 19 14 
==============================

====== Algorithm Status ======
Valor:                3995
Time:                 2002
nIter:                382
Best Iter:            382
Improvement Count:    381
==============================
Solution tour: 
0 14 25 15 1 15 3 1 25 
6 9 15 9 30 28 26 12 30 9 6 12 9 12 6 25 12 26 28 30 12 27 29 14 29 
4 29 27 3 15 25 14 19 3 27 0 4 20 4 24 
3 19 14 
==============================

====== Algorithm Status ======
Valor:                3995
Time:                 4001
nIter:                740
Best Iter:            740
Improvement Count:    739
==============================
Solution tour: 
0 14 25 15 1 15 3 1 25 
6 9 15 9 30 28 26 12 30 9 6 12 9 12 6 25 12 26 28 30 12 27 29 14 29 
4 29 27 3 15 25 14 19 3 27 0 4 20 4 24 
3 19 14 
==============================

====== Algorithm Status ======
Valor:                3995
Time:                 8007
nIter:                1471
Best Iter:            1471
Improvement Count:    1470
==============================
Solution tour: 
0 14 25 15 1 15 3 1 25 
6 9 15 9 30 28 26 12 30 9 6 12 9 12 6 25 12 26 28 30 12 27 29 14 29 
4 29 27 3 15 25 14 19 3 27 0 4 20 4 24 
3 19 14 
==============================

====== Algorithm Status ======
Valor:                4004
Time:                 16003
nIter:                2960
Best Iter:            2960
Improvement Count:    2959
==============================
Solution tour: 
0 14 25 15 1 15 3 1 25 
6 9 15 9 30 28 26 12 30 9 6 12 9 12 26 28 30 12 27 29 14 29 
4 29 27 3 15 25 14 19 3 27 17 9 4 0 4 20 4 24 
3 19 14 
==============================

====== Algorithm Status ======
Valor:                4009
Time:                 32006
nIter:                5903
Best Iter:            5903
Improvement Count:    5902
==============================
Solution tour: 
0 14 25 15 1 15 3 1 25 
6 9 15 9 30 28 26 12 30 9 12 6 12 26 28 30 12 27 14 29 
4 29 27 3 15 25 14 19 3 27 29 17 9 4 0 4 20 4 24 
3 19 14 
==============================

====== Algorithm Status ======
Valor:                4094
Time:                 64002
nIter:                11923
Best Iter:            11923
Improvement Count:    11922
==============================
Solution tour: 
0 14 25 15 1 15 3 1 25 
6 9 15 9 30 28 26 12 30 9 12 6 12 26 28 30 12 27 14 29 14 19 3 24 
4 29 27 3 15 25 1 3 27 29 17 
10 17 29 4 20 4 24 
3 19 14 
==============================

====== Algorithm Status ======
Valor:                4136
Time:                 128000
nIter:                23724
Best Iter:            23724
Improvement Count:    23723
==============================
Solution tour: 
0 14 25 15 13 15 1 15 3 1 25 
6 12 9 15 9 30 28 26 12 30 9 12 26 28 30 12 27 14 29 14 19 3 24 
4 29 27 3 15 25 1 3 27 29 17 
10 17 29 4 20 4 24 
3 19 14 
==============================

====== Algorithm Status ======
Valor:                4142
Time:                 256002
nIter:                46912
Best Iter:            46912
Improvement Count:    46911
==============================
Solution tour: 
0 4 0 14 25 15 1 15 3 1 25 12 
6 12 9 15 9 30 28 26 12 30 9 12 26 28 30 12 27 14 29 14 19 3 24 
4 29 27 3 15 25 1 3 27 29 17 
10 17 29 4 20 4 24 
3 19 14 
==============================

====== Algorithm Status ======
Valor:                4142
Time:                 512001
nIter:                93244
Best Iter:            93244
Improvement Count:    93243
==============================
Solution tour: 
0 4 0 14 25 15 1 15 3 1 25 12 
6 12 9 15 9 30 28 26 12 30 9 12 26 28 30 12 27 14 29 14 19 3 24 
4 29 27 3 15 25 1 3 27 29 17 
10 17 29 4 20 4 24 
3 19 14 
==============================

====== Algorithm Status ======
Valor:                4142
Time:                 1024005
nIter:                185941
Best Iter:            185941
Improvement Count:    185942
==============================
Solution tour: 
0 4 0 14 25 15 1 15 3 1 25 12 
6 12 9 15 9 30 28 26 12 30 9 12 26 28 30 12 27 14 29 14 19 3 24 
4 29 27 3 15 25 1 3 27 29 17 
10 17 29 4 20 4 24 
3 19 14 
==============================

====== Algorithm Status ======
Valor:                4142
Time:                 1024005
nIter:                185941
Best Iter:            185941
Improvement Count:    185942
==============================
Solution tour: 
0 4 0 14 25 15 1 15 3 1 25 12 
6 12 9 15 9 30 28 26 12 30 9 12 26 28 30 12 27 14 29 14 19 3 24 
4 29 27 3 15 25 1 3 27 29 17 
10 17 29 4 20 4 24 
3 19 14 
==============================

