=========== Input ===========
File name:                ./instances/created-instances/mm-15-10-1917698.cdop
Total node count:         26
Truck node count:         15
Drone node count:         10
=============================

========== Settings ==========
Settings file:        ./settings/Memetic_MPX_1099666.config
Seed:                 1099666
Reduction method:     -
Max iter:             1024000
Population size:      13
Crossover:            MA-MPX
Local Search:         LS
Warm Start:           -
==============================

====== Algorithm Status ======
Valor:                3538
Time:                 251
nIter:                69
Best Iter:            69
Improvement Count:    68
==============================
Solution tour: 
0 17 8 
7 19 2 23 
8 2 23 
2 17 
4 17 2 0 14 9 
5 9 18 3 12 
3 22 25 20 25 
11 2 8 23 0 23 4 9 12 9 
14 18 1 15 14 22 21 22 9 12 
15 12 
9 18 14 
==============================

====== Algorithm Status ======
Valor:                3538
Time:                 501
nIter:                128
Best Iter:            128
Improvement Count:    127
==============================
Solution tour: 
0 17 8 
7 19 2 23 
8 2 23 
2 17 
4 17 2 0 14 9 
5 9 18 3 12 
3 22 25 20 25 
11 2 8 23 0 23 4 9 12 9 
14 18 1 15 14 22 21 22 9 12 
15 12 
9 18 14 
==============================

====== Algorithm Status ======
Valor:                3538
Time:                 1001
nIter:                255
Best Iter:            255
Improvement Count:    254
==============================
Solution tour: 
0 17 8 
7 19 2 23 
8 2 23 
2 17 
4 17 2 0 14 9 
5 9 18 3 12 
3 22 25 20 25 
11 2 8 23 0 23 4 9 12 9 
14 18 1 15 14 22 21 22 9 12 
15 12 
9 18 14 
==============================

====== Algorithm Status ======
Valor:                3538
Time:                 2002
nIter:                523
Best Iter:            523
Improvement Count:    522
==============================
Solution tour: 
0 17 8 
7 19 2 23 
8 2 23 
2 17 
4 17 2 0 14 9 
5 9 18 3 12 
3 22 25 20 25 
11 2 8 23 0 23 4 9 12 9 
14 18 1 15 14 22 21 22 9 12 
15 12 
9 18 14 
==============================

====== Algorithm Status ======
Valor:                3621
Time:                 4004
nIter:                1070
Best Iter:            1070
Improvement Count:    1069
==============================
Solution tour: 
0 19 8 17 
2 23 2 23 
4 17 0 23 0 17 8 23 12 15 
1 16 13 
10 14 15 12 
3 14 22 21 22 9 
12 9 
5 2 17 4 9 
6 9 18 
14 
13 14 18 9 22 0 14 
==============================

====== Algorithm Status ======
Valor:                3621
Time:                 8000
nIter:                2176
Best Iter:            2176
Improvement Count:    2175
==============================
Solution tour: 
0 19 8 17 
2 23 2 23 
4 17 0 23 0 17 8 23 12 15 
1 16 13 
10 14 15 12 
3 14 22 21 22 9 
12 9 
5 2 17 4 9 
6 9 18 
14 
13 14 18 9 22 0 14 
==============================

====== Algorithm Status ======
Valor:                3621
Time:                 16006
nIter:                4358
Best Iter:            4358
Improvement Count:    4357
==============================
Solution tour: 
0 19 8 17 
2 23 2 23 
4 17 0 23 0 17 8 23 12 15 
1 16 13 
10 14 15 12 
3 14 22 21 22 9 
12 9 
5 2 17 4 9 
6 9 18 
14 
13 14 18 9 22 0 14 
==============================

====== Algorithm Status ======
Valor:                3719
Time:                 32000
nIter:                8711
Best Iter:            8711
Improvement Count:    8710
==============================
Solution tour: 
0 19 8 17 
11 2 17 
2 23 2 23 
8 2 5 9 18 
14 18 9 
4 17 0 23 0 17 8 23 12 15 
1 16 13 
10 13 16 1 15 14 15 12 
3 14 13 14 22 21 22 9 
12 9 22 14 
==============================

====== Algorithm Status ======
Valor:                3719
Time:                 64002
nIter:                17244
Best Iter:            17244
Improvement Count:    17243
==============================
Solution tour: 
0 19 8 17 
11 2 17 
2 23 2 23 
8 2 5 9 18 
14 18 9 
4 17 0 23 0 17 8 23 12 15 
1 16 13 
10 13 16 1 15 14 15 12 
3 14 13 14 22 21 22 9 
12 9 22 14 
==============================

====== Algorithm Status ======
Valor:                3719
Time:                 128003
nIter:                34386
Best Iter:            34386
Improvement Count:    34385
==============================
Solution tour: 
0 19 8 17 
11 2 17 
2 23 2 23 
8 2 5 9 18 
14 18 9 
4 17 0 23 0 17 8 23 12 15 
1 16 13 
10 13 16 1 15 14 15 12 
3 14 13 14 22 21 22 9 
12 9 22 14 
==============================

====== Algorithm Status ======
Valor:                3719
Time:                 256002
nIter:                68334
Best Iter:            68334
Improvement Count:    68333
==============================
Solution tour: 
0 19 8 17 
11 2 17 
2 23 2 23 
8 2 5 9 18 
14 18 9 
4 17 0 23 0 17 8 23 12 15 
1 16 13 
10 13 16 1 15 14 15 12 
3 14 13 14 22 21 22 9 
12 9 22 14 
==============================

====== Algorithm Status ======
Valor:                3719
Time:                 512001
nIter:                136694
Best Iter:            136694
Improvement Count:    136693
==============================
Solution tour: 
0 19 8 17 
11 2 17 
2 23 2 23 
8 2 5 9 18 
14 18 9 
4 17 0 23 0 17 8 23 12 15 
1 16 13 
10 13 16 1 15 14 15 12 
3 14 13 14 22 21 22 9 
12 9 22 14 
==============================

====== Algorithm Status ======
Valor:                3756
Time:                 1024002
nIter:                272417
Best Iter:            272417
Improvement Count:    272418
==============================
Solution tour: 
0 17 8 17 4 13 
10 13 14 18 
14 22 21 22 25 20 25 
2 
11 2 17 2 
5 2 12 
15 14 0 19 0 14 
13 16 
1 15 12 9 
6 9 12 
3 12 9 
4 17 0 23 2 23 
==============================

====== Algorithm Status ======
Valor:                3756
Time:                 1024002
nIter:                272417
Best Iter:            272417
Improvement Count:    272418
==============================
Solution tour: 
0 17 8 17 4 13 
10 13 14 18 
14 22 21 22 25 20 25 
2 
11 2 17 2 
5 2 12 
15 14 0 19 0 14 
13 16 
1 15 12 9 
6 9 12 
3 12 9 
4 17 0 23 2 23 
==============================

