=========== Input ===========
File name:                ./instances/created-instances/mm-15-40-1767920.cdop
Total node count:         56
Truck node count:         15
Drone node count:         40
=============================

========== Settings ==========
Settings file:        ./settings/Memetic_MMX_1287823.config
Seed:                 1287823
Reduction method:     -
Max iter:             1024000
Population size:      13
Crossover:            MA-MMX
Local Search:         LS
Warm Start:           -
==============================

====== Algorithm Status ======
Valor:                6454
Time:                 272
nIter:                11
Best Iter:            11
Improvement Count:    10
==============================
Solution tour: 
0 33 49 33 0 26 32 28 27 1 16 49 34 40 42 43 46 29 37 24 8 11 8 24 17 45 17 6 17 
3 50 20 49 40 8 55 43 14 37 14 51 49 
13 49 20 19 31 19 3 
12 13 38 13 12 55 52 5 52 47 5 47 23 4 18 41 44 35 41 46 43 42 40 20 50 33 22 33 26 
==============================

====== Algorithm Status ======
Valor:                6475
Time:                 513
nIter:                20
Best Iter:            20
Improvement Count:    19
==============================
Solution tour: 
0 33 49 33 22 19 28 27 1 50 34 40 42 17 45 33 19 31 42 43 46 43 55 7 46 29 37 24 8 34 50 45 17 3 16 9 15 
10 9 27 6 32 
6 30 39 48 11 
8 24 41 21 18 8 11 4 18 41 35 41 18 23 47 5 52 5 47 23 25 41 44 26 32 20 49 38 49 20 33 
==============================

====== Algorithm Status ======
Valor:                6981
Time:                 1039
nIter:                40
Best Iter:            40
Improvement Count:    39
==============================
Solution tour: 
0 33 22 51 22 33 49 1 27 1 50 17 3 17 6 32 26 50 1 16 45 50 34 40 42 43 55 7 55 43 46 29 37 24 8 11 7 46 7 34 50 45 17 45 9 10 15 
10 15 10 9 28 27 28 32 
6 50 20 50 49 
13 49 20 49 38 19 31 19 3 50 6 
12 47 25 23 47 5 52 47 5 47 23 4 41 18 41 35 36 44 35 44 41 44 35 41 21 43 42 26 49 33 
==============================

====== Algorithm Status ======
Valor:                7306
Time:                 2025
nIter:                81
Best Iter:            81
Improvement Count:    80
==============================
Solution tour: 
0 33 22 51 49 50 45 49 33 49 20 50 1 22 51 22 33 49 1 27 1 45 17 3 17 6 32 26 32 16 45 50 34 40 42 43 55 7 55 43 46 43 24 8 11 7 46 7 11 8 34 50 17 45 9 10 15 
10 9 28 27 28 32 
6 50 20 13 38 53 14 37 54 46 4 18 41 21 41 44 35 41 18 4 23 47 5 52 5 47 25 41 35 44 41 43 42 8 24 20 49 
13 49 0 31 19 31 
==============================

====== Algorithm Status ======
Valor:                7557
Time:                 4010
nIter:                147
Best Iter:            147
Improvement Count:    146
==============================
Solution tour: 
0 33 50 1 22 51 22 33 49 20 1 27 1 45 17 3 17 6 32 26 7 55 43 46 43 24 8 11 54 11 7 46 7 11 8 34 50 17 45 16 27 9 10 15 
10 9 28 27 28 32 
6 3 50 20 13 38 53 14 37 54 46 29 4 18 41 21 41 44 35 41 18 4 23 47 5 52 5 47 23 25 41 35 44 41 43 42 8 24 42 40 13 20 49 
13 49 33 0 31 19 31 
==============================

====== Algorithm Status ======
Valor:                7590
Time:                 8032
nIter:                296
Best Iter:            296
Improvement Count:    295
==============================
Solution tour: 
0 33 50 45 1 22 51 33 22 33 49 20 50 1 27 1 45 17 6 32 26 7 55 43 46 43 24 8 11 54 11 7 46 7 11 8 34 50 17 45 16 27 9 10 15 
10 9 28 27 28 32 
6 17 3 50 20 13 38 53 14 37 54 46 29 4 18 41 21 41 44 35 41 18 4 23 47 5 52 5 47 23 25 41 35 44 41 43 42 8 24 40 13 20 49 
13 49 33 0 31 19 31 
==============================

====== Algorithm Status ======
Valor:                7801
Time:                 16011
nIter:                578
Best Iter:            578
Improvement Count:    577
==============================
Solution tour: 
0 33 22 51 49 22 33 49 20 50 45 17 6 32 26 7 55 43 46 43 24 8 11 54 11 7 46 7 11 8 24 13 34 50 17 45 16 27 9 10 15 
10 9 28 27 28 32 
6 3 17 3 50 20 13 38 53 14 37 54 46 29 4 18 41 21 41 44 35 44 41 18 4 23 47 5 48 5 52 5 47 23 25 41 35 41 43 42 40 42 8 20 49 
13 49 33 0 31 19 31 
==============================

====== Algorithm Status ======
Valor:                7939
Time:                 32014
nIter:                1155
Best Iter:            1155
Improvement Count:    1154
==============================
Solution tour: 
0 33 22 51 19 22 33 49 45 50 45 17 6 32 26 13 40 42 43 55 43 46 43 11 24 8 11 54 11 8 55 7 46 7 55 8 24 40 13 34 50 17 45 16 27 9 10 15 
10 9 28 27 28 15 32 
6 3 17 3 50 20 49 13 38 53 14 37 54 46 29 4 18 41 44 35 44 41 21 41 18 47 5 48 39 5 52 5 47 23 25 41 35 41 43 42 40 49 20 
13 49 33 0 31 
==============================

====== Algorithm Status ======
Valor:                8151
Time:                 64024
nIter:                2386
Best Iter:            2386
Improvement Count:    2385
==============================
Solution tour: 
0 33 51 33 19 33 22 33 49 20 50 34 45 50 3 6 32 26 40 42 43 55 43 46 43 11 42 11 24 8 11 54 11 8 55 7 55 8 24 40 34 50 45 17 45 16 27 9 10 15 
10 9 28 27 28 9 15 32 
6 3 17 3 50 20 49 13 38 53 38 53 37 14 37 54 46 29 4 18 41 44 35 44 41 35 21 35 41 18 4 25 23 47 5 52 5 48 5 47 23 43 42 40 13 49 33 0 31 
==============================

====== Algorithm Status ======
Valor:                8270
Time:                 128032
nIter:                4987
Best Iter:            4987
Improvement Count:    4986
==============================
Solution tour: 
0 33 51 33 19 33 22 33 49 20 50 3 6 32 26 32 45 50 34 40 42 43 55 43 46 43 11 24 8 11 54 11 8 55 7 55 8 24 40 34 50 45 17 45 9 10 15 
10 9 28 27 28 9 27 16 27 15 32 
6 3 17 3 50 20 49 13 38 53 37 14 37 54 46 29 4 18 41 44 35 44 41 35 21 35 41 18 4 25 23 47 5 52 5 48 5 47 23 43 42 40 13 49 33 0 31 
==============================

====== Algorithm Status ======
Valor:                8270
Time:                 256012
nIter:                10274
Best Iter:            10274
Improvement Count:    10273
==============================
Solution tour: 
0 33 51 33 19 33 22 33 49 20 50 3 6 32 26 32 45 50 34 40 42 43 55 43 46 43 11 24 8 11 54 11 8 55 7 55 8 24 40 34 50 45 17 45 9 10 15 
10 9 28 27 28 9 27 16 27 15 32 
6 3 17 3 50 20 49 13 38 53 37 14 37 54 46 29 4 18 41 44 35 44 41 35 21 35 41 18 4 25 23 47 5 52 5 48 5 47 23 43 42 40 13 49 33 0 31 
==============================

====== Algorithm Status ======
Valor:                8270
Time:                 512023
nIter:                20904
Best Iter:            20904
Improvement Count:    20903
==============================
Solution tour: 
0 33 51 33 19 33 22 33 49 20 50 3 6 32 26 32 45 50 34 40 42 43 55 43 46 43 11 24 8 11 54 11 8 55 7 55 8 24 40 34 50 45 17 45 9 10 15 
10 9 28 27 28 9 27 16 27 15 32 
6 3 17 3 50 20 49 13 38 53 37 14 37 54 46 29 4 18 41 44 35 44 41 35 21 35 41 18 4 25 23 47 5 52 5 48 5 47 23 43 42 40 13 49 33 0 31 
==============================

====== Algorithm Status ======
Valor:                8315
Time:                 1024017
nIter:                43167
Best Iter:            43167
Improvement Count:    43168
==============================
Solution tour: 
0 33 19 33 51 33 22 33 49 20 50 3 6 32 26 32 45 50 34 40 42 43 46 43 11 24 8 11 54 11 8 55 7 55 8 24 40 34 50 45 17 45 9 10 15 
10 9 28 27 28 9 27 16 32 15 32 
6 3 17 3 50 20 49 13 38 53 14 37 54 46 29 4 18 41 44 35 44 41 35 21 35 41 18 4 25 23 5 23 47 5 52 5 48 5 47 23 55 43 42 40 13 49 33 0 31 
==============================

====== Algorithm Status ======
Valor:                8315
Time:                 1024017
nIter:                43167
Best Iter:            43167
Improvement Count:    43168
==============================
Solution tour: 
0 33 19 33 51 33 22 33 49 20 50 3 6 32 26 32 45 50 34 40 42 43 46 43 11 24 8 11 54 11 8 55 7 55 8 24 40 34 50 45 17 45 9 10 15 
10 9 28 27 28 9 27 16 32 15 32 
6 3 17 3 50 20 49 13 38 53 14 37 54 46 29 4 18 41 44 35 44 41 35 21 35 41 18 4 25 23 5 23 47 5 52 5 48 5 47 23 55 43 42 40 13 49 33 0 31 
==============================

