=========== Input ===========
File name:                ./instances/created-instances/mm-15-40-1110588.cdop
Total node count:         56
Truck node count:         15
Drone node count:         40
=============================

========== Settings ==========
Settings file:        ./settings/Memetic_MPX_1099666.config
Seed:                 1099666
Reduction method:     -
Max iter:             1024000
Population size:      13
Crossover:            MA-MPX
Local Search:         LS
Warm Start:           -
==============================

====== Algorithm Status ======
Valor:                6555
Time:                 258
nIter:                16
Best Iter:            16
Improvement Count:    15
==============================
Solution tour: 
0 21 39 21 3 
14 39 21 39 52 
3 35 49 54 49 
10 49 43 35 14 53 6 22 
6 53 29 4 45 
4 46 4 34 54 
7 43 49 42 25 20 27 43 44 40 
8 
9 17 7 54 
11 
15 50 34 4 41 37 41 40 
12 28 18 55 36 48 16 19 32 19 22 31 22 51 2 31 2 51 22 38 13 47 
13 0 3 
==============================

====== Algorithm Status ======
Valor:                6577
Time:                 504
nIter:                33
Best Iter:            33
Improvement Count:    32
==============================
Solution tour: 
0 
13 52 22 51 2 51 22 31 22 53 35 34 54 
7 54 50 34 4 41 37 
6 22 47 13 19 32 14 23 31 
2 31 22 38 22 6 53 
14 35 50 15 26 
8 
1 
9 40 12 40 28 29 18 16 48 36 55 37 45 49 43 7 
10 42 
15 33 2 51 52 6 
5 34 50 54 49 54 34 
4 46 37 14 
3 39 21 39 25 27 20 27 
==============================

====== Algorithm Status ======
Valor:                6577
Time:                 1009
nIter:                70
Best Iter:            70
Improvement Count:    69
==============================
Solution tour: 
0 
13 52 22 51 2 51 22 31 22 53 35 34 54 
7 54 50 34 4 41 37 
6 22 47 13 19 32 14 23 31 
2 31 22 38 22 6 53 
14 35 50 15 26 
8 
1 
9 40 12 40 28 29 18 16 48 36 55 37 45 49 43 7 
10 42 
15 33 2 51 52 6 
5 34 50 54 49 54 34 
4 46 37 14 
3 39 21 39 25 27 20 27 
==============================

====== Algorithm Status ======
Valor:                6577
Time:                 2002
nIter:                132
Best Iter:            132
Improvement Count:    131
==============================
Solution tour: 
0 
13 52 22 51 2 51 22 31 22 53 35 34 54 
7 54 50 34 4 41 37 
6 22 47 13 19 32 14 23 31 
2 31 22 38 22 6 53 
14 35 50 15 26 
8 
1 
9 40 12 40 28 29 18 16 48 36 55 37 45 49 43 7 
10 42 
15 33 2 51 52 6 
5 34 50 54 49 54 34 
4 46 37 14 
3 39 21 39 25 27 20 27 
==============================

====== Algorithm Status ======
Valor:                6714
Time:                 4010
nIter:                269
Best Iter:            269
Improvement Count:    268
==============================
Solution tour: 
0 
13 52 22 51 2 51 22 31 22 53 35 34 54 35 
3 21 39 21 52 3 34 50 54 
7 54 50 34 4 46 4 41 37 
6 22 47 13 19 32 14 23 31 
2 31 22 38 22 6 53 
14 35 50 15 26 
8 
1 12 
4 
12 40 
9 40 12 40 28 30 29 18 16 48 36 55 37 45 49 43 7 
10 42 20 27 20 25 13 
==============================

====== Algorithm Status ======
Valor:                6714
Time:                 8006
nIter:                519
Best Iter:            519
Improvement Count:    518
==============================
Solution tour: 
0 
13 52 22 51 2 51 22 31 22 53 35 34 54 35 
3 21 39 21 52 3 34 50 54 
7 54 50 34 4 46 4 41 37 
6 22 47 13 19 32 14 23 31 
2 31 22 38 22 6 53 
14 35 50 15 26 
8 
1 12 
4 
12 40 
9 40 12 40 28 30 29 18 16 48 36 55 37 45 49 43 7 
10 42 20 27 20 25 13 
==============================

====== Algorithm Status ======
Valor:                6853
Time:                 16002
nIter:                1010
Best Iter:            1010
Improvement Count:    1009
==============================
Solution tour: 
0 38 22 31 22 38 32 
13 51 32 19 16 28 40 45 49 35 53 
6 22 51 2 31 
2 51 22 52 39 0 3 14 35 34 50 54 49 54 
11 42 43 49 43 35 14 
5 14 3 39 21 39 25 27 20 27 25 
10 42 
15 50 34 5 55 36 48 18 29 41 37 41 
4 46 4 40 
12 40 
8 
1 12 4 34 54 
7 54 0 13 47 13 
==============================

====== Algorithm Status ======
Valor:                6853
Time:                 32001
nIter:                1965
Best Iter:            1965
Improvement Count:    1964
==============================
Solution tour: 
0 38 22 31 22 38 32 
13 51 32 19 16 28 40 45 49 35 53 
6 22 51 2 31 
2 51 22 52 39 0 3 14 35 34 50 54 49 54 
11 42 43 49 43 35 14 
5 14 3 39 21 39 25 27 20 27 25 
10 42 
15 50 34 5 55 36 48 18 29 41 37 41 
4 46 4 40 
12 40 
8 
1 12 4 34 54 
7 54 0 13 47 13 
==============================

====== Algorithm Status ======
Valor:                6925
Time:                 64001
nIter:                3842
Best Iter:            3842
Improvement Count:    3841
==============================
Solution tour: 
0 38 22 2 31 22 31 51 39 21 
3 35 43 49 43 54 34 53 
6 53 22 51 2 31 
2 51 22 47 13 52 39 0 3 14 35 49 54 
11 42 49 43 35 14 
5 14 3 39 21 39 25 27 20 27 25 
10 42 33 
15 50 34 5 18 55 36 48 18 16 29 41 37 41 
14 23 32 19 32 
13 47 22 53 28 40 
4 46 4 45 40 
==============================

====== Algorithm Status ======
Valor:                7247
Time:                 128041
nIter:                7500
Best Iter:            7500
Improvement Count:    7499
==============================
Solution tour: 
0 38 22 2 31 22 31 51 39 21 
3 35 34 50 43 49 7 43 54 34 53 21 
13 0 53 34 54 49 35 53 
6 53 22 51 2 31 
2 51 22 38 47 13 51 52 39 0 3 14 35 49 54 
11 42 49 43 35 14 
5 14 3 39 21 39 25 27 20 27 25 39 53 35 
1 
8 40 12 40 28 48 36 29 16 18 32 19 32 55 18 
12 4 45 4 41 37 46 4 
==============================

====== Algorithm Status ======
Valor:                7247
Time:                 256008
nIter:                14799
Best Iter:            14799
Improvement Count:    14798
==============================
Solution tour: 
0 38 22 2 31 22 31 51 39 21 
3 35 34 50 43 49 7 43 54 34 53 21 
13 0 53 34 54 49 35 53 
6 53 22 51 2 31 
2 51 22 38 47 13 51 52 39 0 3 14 35 49 54 
11 42 49 43 35 14 
5 14 3 39 21 39 25 27 20 27 25 39 53 35 
1 
8 40 12 40 28 48 36 29 16 18 32 19 32 55 18 
12 4 45 4 41 37 46 4 
==============================

====== Algorithm Status ======
Valor:                7247
Time:                 512003
nIter:                29473
Best Iter:            29473
Improvement Count:    29472
==============================
Solution tour: 
0 38 22 2 31 22 31 51 39 21 
3 35 34 50 43 49 7 43 54 34 53 21 
13 0 53 34 54 49 35 53 
6 53 22 51 2 31 
2 51 22 38 47 13 51 52 39 0 3 14 35 49 54 
11 42 49 43 35 14 
5 14 3 39 21 39 25 27 20 27 25 39 53 35 
1 
8 40 12 40 28 48 36 29 16 18 32 19 32 55 18 
12 4 45 4 41 37 46 4 
==============================

====== Algorithm Status ======
Valor:                7247
Time:                 1024010
nIter:                58480
Best Iter:            58480
Improvement Count:    58481
==============================
Solution tour: 
0 38 22 2 31 22 31 51 39 21 
3 35 34 50 43 49 7 43 54 34 53 21 
13 0 53 34 54 49 35 53 
6 53 22 51 2 31 
2 51 22 38 47 13 51 52 39 0 3 14 35 49 54 
11 42 49 43 35 14 
5 14 3 39 21 39 25 27 20 27 25 39 53 35 
1 
8 40 12 40 28 48 36 29 16 18 32 19 32 55 18 
12 4 45 4 41 37 46 4 
==============================

====== Algorithm Status ======
Valor:                7247
Time:                 1024010
nIter:                58480
Best Iter:            58480
Improvement Count:    58481
==============================
Solution tour: 
0 38 22 2 31 22 31 51 39 21 
3 35 34 50 43 49 7 43 54 34 53 21 
13 0 53 34 54 49 35 53 
6 53 22 51 2 31 
2 51 22 38 47 13 51 52 39 0 3 14 35 49 54 
11 42 49 43 35 14 
5 14 3 39 21 39 25 27 20 27 25 39 53 35 
1 
8 40 12 40 28 48 36 29 16 18 32 19 32 55 18 
12 4 45 4 41 37 46 4 
==============================

