=========== Input ===========
File name:                ./instances/created-instances/mm-5-10-1767920.cdop
Total node count:         16
Truck node count:         5
Drone node count:         10
=============================

========== Settings ==========
Settings file:        ./settings/Memetic_MPX_1099666.config
Seed:                 1099666
Reduction method:     -
Max iter:             1024000
Population size:      13
Crossover:            MA-MPX
Local Search:         LS
Warm Start:           -
==============================

====== Algorithm Status ======
Valor:                2890
Time:                 250
nIter:                162
Best Iter:            162
Improvement Count:    161
==============================
Solution tour: 
0 13 15 7 14 7 15 8 1 
3 
1 3 4 5 4 
2 4 13 4 9 4 14 12 6 10 6 12 8 11 8 12 5 12 
==============================

====== Algorithm Status ======
Valor:                2907
Time:                 500
nIter:                307
Best Iter:            307
Improvement Count:    306
==============================
Solution tour: 
0 13 15 7 14 7 15 8 10 4 10 8 3 1 
3 4 
2 4 9 5 
4 5 12 8 11 8 12 6 10 6 12 
==============================

====== Algorithm Status ======
Valor:                2907
Time:                 1001
nIter:                595
Best Iter:            595
Improvement Count:    594
==============================
Solution tour: 
0 13 15 7 14 7 15 8 10 4 10 8 3 1 
3 4 
2 4 9 5 
4 5 12 8 11 8 12 6 10 6 12 
==============================

====== Algorithm Status ======
Valor:                2919
Time:                 2001
nIter:                1208
Best Iter:            1208
Improvement Count:    1207
==============================
Solution tour: 
0 12 8 3 
1 
3 4 13 4 10 6 12 6 10 4 
2 4 
5 4 9 15 7 14 7 15 8 11 8 12 5 12 
==============================

====== Algorithm Status ======
Valor:                2959
Time:                 4000
nIter:                2547
Best Iter:            2547
Improvement Count:    2546
==============================
Solution tour: 
0 12 8 11 8 12 3 
1 
3 8 4 13 4 10 8 10 6 12 6 10 4 
2 4 
5 4 14 7 15 7 14 
4 9 12 
==============================

====== Algorithm Status ======
Valor:                2960
Time:                 8000
nIter:                5434
Best Iter:            5434
Improvement Count:    5433
==============================
Solution tour: 
0 12 8 11 8 3 
1 
3 4 13 4 10 8 10 6 12 6 10 4 
2 4 
5 4 9 4 14 7 15 7 14 
4 8 12 
==============================

====== Algorithm Status ======
Valor:                2998
Time:                 16001
nIter:                10030
Best Iter:            10030
Improvement Count:    10029
==============================
Solution tour: 
0 12 8 11 8 12 5 12 6 12 3 1 3 8 10 4 9 
5 9 4 
2 4 5 4 13 15 7 14 7 15 13 4 10 6 10 
==============================

====== Algorithm Status ======
Valor:                2998
Time:                 32000
nIter:                18804
Best Iter:            18804
Improvement Count:    18803
==============================
Solution tour: 
0 12 8 11 8 12 5 12 6 12 3 1 3 8 10 4 9 
5 9 4 
2 4 5 4 13 15 7 14 7 15 13 4 10 6 10 
==============================

====== Algorithm Status ======
Valor:                2998
Time:                 64001
nIter:                36191
Best Iter:            36191
Improvement Count:    36190
==============================
Solution tour: 
0 12 8 11 8 12 5 12 6 12 3 1 3 8 10 4 9 
5 9 4 
2 4 5 4 13 15 7 14 7 15 13 4 10 6 10 
==============================

====== Algorithm Status ======
Valor:                2998
Time:                 128001
nIter:                70852
Best Iter:            70852
Improvement Count:    70851
==============================
Solution tour: 
0 12 8 11 8 12 5 12 6 12 3 1 3 8 10 4 9 
5 9 4 
2 4 5 4 13 15 7 14 7 15 13 4 10 6 10 
==============================

====== Algorithm Status ======
Valor:                2998
Time:                 256001
nIter:                139958
Best Iter:            139958
Improvement Count:    139957
==============================
Solution tour: 
0 12 8 11 8 12 5 12 6 12 3 1 3 8 10 4 9 
5 9 4 
2 4 5 4 13 15 7 14 7 15 13 4 10 6 10 
==============================

====== Algorithm Status ======
Valor:                3012
Time:                 512000
nIter:                292966
Best Iter:            292966
Improvement Count:    292965
==============================
Solution tour: 
0 12 8 11 8 12 6 10 4 14 9 5 12 
5 9 4 
2 4 5 4 13 15 7 14 7 15 13 4 10 6 12 3 
1 3 12 
==============================

====== Algorithm Status ======
Valor:                3031
Time:                 1024001
nIter:                613620
Best Iter:            613620
Improvement Count:    613621
==============================
Solution tour: 
0 12 8 11 8 10 
4 9 4 14 4 
2 4 13 15 7 14 7 15 13 4 
5 4 10 6 12 5 12 6 10 3 
1 3 8 12 
==============================

====== Algorithm Status ======
Valor:                3031
Time:                 1024001
nIter:                613620
Best Iter:            613620
Improvement Count:    613621
==============================
Solution tour: 
0 12 8 11 8 10 
4 9 4 14 4 
2 4 13 15 7 14 7 15 13 4 
5 4 10 6 12 5 12 6 10 3 
1 3 8 12 
==============================

