=========== Input ===========
File name:                ./instances/created-instances/mm-10-25-1762875.cdop
Total node count:         36
Truck node count:         10
Drone node count:         25
=============================

========== Settings ==========
Settings file:        ./settings/Memetic-LS_MPX_1099666.config
Seed:                 1099666
Reduction method:     -
Max iter:             1024000
Population size:      13
Crossover:            MA-MPX
Local Search:         -
Warm Start:           -
==============================

====== Algorithm Status ======
Valor:                2553
Time:                 251
nIter:                433
Best Iter:            433
Improvement Count:    432
==============================
Solution tour: 
0 17 30 
2 35 
1 19 31 10 32 
10 32 35 
7 
3 28 
5 34 32 28 23 11 16 21 
8 
4 
9 14 
6 
==============================

====== Algorithm Status ======
Valor:                2693
Time:                 500
nIter:                839
Best Iter:            839
Improvement Count:    838
==============================
Solution tour: 
0 17 30 32 
2 35 
1 19 31 10 32 
10 32 35 
7 
3 24 28 
5 34 32 28 
8 11 16 21 23 29 
4 
9 14 
6 
==============================

====== Algorithm Status ======
Valor:                2921
Time:                 1000
nIter:                1660
Best Iter:            1660
Improvement Count:    1659
==============================
Solution tour: 
0 17 30 32 35 32 
10 
1 19 31 10 32 
2 35 
7 
5 28 
3 21 28 32 34 
8 24 23 4 29 
4 
9 14 
6 13 16 35 
==============================

====== Algorithm Status ======
Valor:                2921
Time:                 2000
nIter:                3271
Best Iter:            3271
Improvement Count:    3270
==============================
Solution tour: 
0 17 30 32 35 32 
10 
1 19 31 10 32 
2 35 
7 
5 28 
3 21 28 32 34 
8 24 23 4 29 
4 
9 14 
6 13 16 35 
==============================

====== Algorithm Status ======
Valor:                3142
Time:                 4000
nIter:                6356
Best Iter:            6356
Improvement Count:    6355
==============================
Solution tour: 
0 17 18 30 32 35 32 
10 
1 19 31 10 32 
2 35 
7 
5 28 
3 21 28 15 34 
8 24 23 29 4 
9 14 
6 9 16 35 
==============================

====== Algorithm Status ======
Valor:                3200
Time:                 8003
nIter:                12392
Best Iter:            12392
Improvement Count:    12391
==============================
Solution tour: 
0 17 18 30 32 35 32 
10 
1 19 31 10 32 
2 35 
7 
5 28 
4 33 21 
3 15 34 
8 24 23 29 4 
9 14 
6 9 16 29 35 
==============================

====== Algorithm Status ======
Valor:                3463
Time:                 16000
nIter:                23336
Best Iter:            23336
Improvement Count:    23335
==============================
Solution tour: 
0 17 18 30 32 35 32 
10 
1 19 32 31 10 32 
5 34 
2 35 24 16 33 21 
3 15 28 24 31 
8 24 23 29 9 4 
9 14 
6 9 16 29 35 
7 
4 29 
==============================

====== Algorithm Status ======
Valor:                3536
Time:                 32000
nIter:                43429
Best Iter:            43429
Improvement Count:    43428
==============================
Solution tour: 
0 17 18 30 16 35 32 
10 
1 19 32 31 10 32 
5 34 
2 35 24 32 33 21 
3 15 28 24 31 
8 24 23 29 9 4 
9 14 
6 9 16 29 35 
4 29 
==============================

====== Algorithm Status ======
Valor:                3536
Time:                 64001
nIter:                83706
Best Iter:            83706
Improvement Count:    83705
==============================
Solution tour: 
0 17 18 30 16 35 32 
10 
1 19 32 31 10 32 
5 34 
2 35 24 32 33 21 
3 15 28 24 31 
8 24 23 29 9 4 
9 14 
6 9 16 29 35 
4 29 
==============================

====== Algorithm Status ======
Valor:                3636
Time:                 128000
nIter:                163226
Best Iter:            163226
Improvement Count:    163225
==============================
Solution tour: 
0 17 18 30 24 35 32 
10 
5 34 
1 19 32 31 10 32 
2 35 24 32 33 21 
3 26 15 28 24 31 
8 24 23 29 9 4 
9 14 
6 9 16 29 35 
7 27 
==============================

====== Algorithm Status ======
Valor:                3768
Time:                 256000
nIter:                314033
Best Iter:            314033
Improvement Count:    314032
==============================
Solution tour: 
0 17 18 24 30 24 35 32 27 
2 32 35 24 8 32 33 21 
5 34 
10 
1 19 32 31 10 32 
3 26 15 28 29 31 
8 24 29 9 4 
9 14 
6 9 16 29 35 
7 27 
==============================

====== Algorithm Status ======
Valor:                4130
Time:                 512000
nIter:                580754
Best Iter:            580754
Improvement Count:    580753
==============================
Solution tour: 
0 17 18 30 24 32 27 
5 34 
2 32 35 24 8 21 28 21 29 32 10 
1 19 32 8 31 10 32 
3 26 11 26 15 33 29 31 
8 24 29 9 4 
9 14 
4 13 
6 9 16 29 21 35 
7 27 
==============================

====== Algorithm Status ======
Valor:                4140
Time:                 1024001
nIter:                1060556
Best Iter:            1060556
Improvement Count:    1060557
==============================
Solution tour: 
0 17 18 30 24 32 27 
5 34 
2 32 35 16 24 8 21 28 21 29 32 10 
1 19 32 8 31 10 32 
3 26 11 26 15 33 29 31 
8 24 29 9 4 
9 14 
4 13 
6 9 16 29 21 35 
7 27 
==============================

====== Algorithm Status ======
Valor:                4140
Time:                 1024001
nIter:                1060556
Best Iter:            1060556
Improvement Count:    1060557
==============================
Solution tour: 
0 17 18 30 24 32 27 
5 34 
2 32 35 16 24 8 21 28 21 29 32 10 
1 19 32 8 31 10 32 
3 26 11 26 15 33 29 31 
8 24 29 9 4 
9 14 
4 13 
6 9 16 29 21 35 
7 27 
==============================

