=========== Input ===========
File name:                ./instances/created-instances/mm-5-25-1917698.cdop
Total node count:         31
Truck node count:         5
Drone node count:         25
=============================

========== Settings ==========
Settings file:        ./settings/Memetic_MPX_1287823.config
Seed:                 1287823
Reduction method:     -
Max iter:             1024000
Population size:      13
Crossover:            MA-MPX
Local Search:         LS
Warm Start:           -
==============================

====== Algorithm Status ======
Valor:                4821
Time:                 250
nIter:                46
Best Iter:            46
Improvement Count:    45
==============================
Solution tour: 
0 15 0 22 0 30 19 
3 11 3 7 2 7 9 7 
2 22 24 12 17 6 27 21 
5 21 27 6 17 8 17 12 6 12 27 3 19 
4 19 30 14 28 23 5 18 5 25 26 14 30 0 24 27 26 27 10 27 13 
1 20 29 24 0 7 
==============================

====== Algorithm Status ======
Valor:                4821
Time:                 502
nIter:                94
Best Iter:            94
Improvement Count:    93
==============================
Solution tour: 
0 15 0 22 0 30 19 
3 11 3 7 2 7 9 7 
2 22 24 12 17 6 27 21 
5 21 27 6 17 8 17 12 6 12 27 3 19 
4 19 30 14 28 23 5 18 5 25 26 14 30 0 24 27 26 27 10 27 13 
1 20 29 24 0 7 
==============================

====== Algorithm Status ======
Valor:                4821
Time:                 1006
nIter:                192
Best Iter:            192
Improvement Count:    191
==============================
Solution tour: 
0 15 0 22 0 30 19 
3 11 3 7 2 7 9 7 
2 22 24 12 17 6 27 21 
5 21 27 6 17 8 17 12 6 12 27 3 19 
4 19 30 14 28 23 5 18 5 25 26 14 30 0 24 27 26 27 10 27 13 
1 20 29 24 0 7 
==============================

====== Algorithm Status ======
Valor:                4879
Time:                 2003
nIter:                367
Best Iter:            367
Improvement Count:    366
==============================
Solution tour: 
0 15 0 22 0 14 30 19 
3 11 3 7 2 7 9 7 
2 22 24 12 17 6 27 21 
5 21 27 6 17 8 17 12 6 12 27 3 19 
4 28 23 18 5 25 30 14 28 27 26 27 10 8 10 27 13 
1 20 29 24 0 7 
==============================

====== Algorithm Status ======
Valor:                4918
Time:                 4004
nIter:                735
Best Iter:            735
Improvement Count:    734
==============================
Solution tour: 
0 14 30 19 
3 11 3 22 2 7 9 7 
2 22 0 24 12 17 6 27 21 
5 21 27 6 17 8 17 12 6 12 27 3 19 30 
4 28 23 18 5 25 30 14 28 27 26 27 10 8 10 27 13 
1 20 29 24 0 15 0 7 
==============================

====== Algorithm Status ======
Valor:                4927
Time:                 8004
nIter:                1450
Best Iter:            1450
Improvement Count:    1449
==============================
Solution tour: 
0 14 30 19 
3 11 3 22 2 7 9 7 
2 22 0 15 0 24 12 17 6 27 21 
5 21 27 6 17 8 17 12 6 12 3 19 30 
4 28 23 5 18 5 25 30 14 28 27 26 27 10 8 10 27 13 
1 20 29 24 0 7 
==============================

====== Algorithm Status ======
Valor:                4965
Time:                 16004
nIter:                2890
Best Iter:            2890
Improvement Count:    2889
==============================
Solution tour: 
0 14 30 19 30 
4 0 15 0 22 28 23 5 18 5 25 30 14 28 27 26 27 10 8 10 27 13 
1 20 29 24 0 7 9 7 
2 22 0 24 12 17 6 27 21 
5 21 27 6 17 8 17 12 6 12 
3 11 3 19 14 22 2 7 
==============================

====== Algorithm Status ======
Valor:                5075
Time:                 32005
nIter:                5757
Best Iter:            5757
Improvement Count:    5756
==============================
Solution tour: 
0 7 9 7 0 24 22 
2 22 0 22 14 30 19 3 
1 13 1 20 13 29 24 0 15 0 14 26 10 8 10 12 6 27 10 27 26 27 28 27 21 25 26 23 18 23 5 16 5 18 
5 21 27 6 17 8 17 6 12 17 12 
3 11 3 19 30 14 
==============================

====== Algorithm Status ======
Valor:                5100
Time:                 64003
nIter:                11790
Best Iter:            11790
Improvement Count:    11789
==============================
Solution tour: 
0 7 9 7 0 24 22 
2 22 0 14 30 19 
1 13 29 24 0 15 0 26 10 8 10 12 6 27 10 27 26 27 28 27 21 5 25 5 18 23 18 
5 21 27 6 17 8 17 6 12 17 12 
3 11 3 19 30 14 
==============================

====== Algorithm Status ======
Valor:                5147
Time:                 128001
nIter:                22803
Best Iter:            22803
Improvement Count:    22802
==============================
Solution tour: 
0 7 9 7 0 22 
2 22 0 24 14 30 19 3 
1 13 29 24 0 15 0 14 26 10 8 10 12 6 27 10 27 26 27 28 8 28 27 21 25 5 18 23 18 
5 21 27 6 17 8 17 6 12 17 12 27 
3 11 3 19 30 14 
==============================

====== Algorithm Status ======
Valor:                5210
Time:                 256001
nIter:                44067
Best Iter:            44067
Improvement Count:    44066
==============================
Solution tour: 
0 7 9 7 0 22 
2 22 0 24 14 30 19 3 13 
1 13 29 24 0 15 0 14 8 10 8 12 6 12 17 6 27 10 27 26 27 28 8 28 27 21 25 5 18 23 18 
5 21 27 6 17 8 17 12 
3 11 3 19 30 14 
==============================

====== Algorithm Status ======
Valor:                5210
Time:                 512005
nIter:                86825
Best Iter:            86825
Improvement Count:    86824
==============================
Solution tour: 
0 7 9 7 0 22 
2 22 0 24 14 30 19 3 13 
1 13 29 24 0 15 0 14 8 10 8 12 6 12 17 6 27 10 27 26 27 28 8 28 27 21 25 5 18 23 18 
5 21 27 6 17 8 17 12 
3 11 3 19 30 14 
==============================

====== Algorithm Status ======
Valor:                5136
Time:                 1024009
nIter:                172700
Best Iter:            172700
Improvement Count:    172701
==============================
Solution tour: 
0 7 9 7 0 22 
2 22 0 24 14 30 19 3 13 
1 13 29 24 0 15 0 14 8 10 8 12 6 12 17 6 27 10 27 26 27 28 8 28 27 21 25 5 18 23 
5 21 27 6 17 8 17 12 
3 11 3 19 30 14 
==============================

====== Algorithm Status ======
Valor:                5136
Time:                 1024009
nIter:                172700
Best Iter:            172700
Improvement Count:    172701
==============================
Solution tour: 
0 7 9 7 0 22 
2 22 0 24 14 30 19 3 13 
1 13 29 24 0 15 0 14 8 10 8 12 6 12 17 6 27 10 27 26 27 28 8 28 27 21 25 5 18 23 
5 21 27 6 17 8 17 12 
3 11 3 19 30 14 
==============================

