=========== Input ===========
File name:                ./instances/created-instances/mm-15-25-1891798.cdop
Total node count:         41
Truck node count:         15
Drone node count:         25
=============================

========== Settings ==========
Settings file:        ./settings/Memetic-LS_MMX_1287823.config
Seed:                 1287823
Reduction method:     -
Max iter:             1024000
Population size:      13
Crossover:            MA-MMX
Local Search:         -
Warm Start:           -
==============================

====== Algorithm Status ======
Valor:                2024
Time:                 250
nIter:                492
Best Iter:            492
Improvement Count:    491
==============================
Solution tour: 
0 20 
5 25 
4 26 37 
11 24 
2 35 25 27 0 37 31 0 18 
14 
1 
10 17 
==============================

====== Algorithm Status ======
Valor:                2786
Time:                 500
nIter:                950
Best Iter:            950
Improvement Count:    949
==============================
Solution tour: 
0 20 23 20 23 
5 25 
4 26 37 26 37 
11 24 
2 35 2 18 22 0 18 31 0 22 18 0 31 37 31 
3 31 17 
==============================

====== Algorithm Status ======
Valor:                3103
Time:                 1000
nIter:                1758
Best Iter:            1758
Improvement Count:    1757
==============================
Solution tour: 
0 23 20 23 
5 25 
4 26 37 26 37 
11 2 24 27 
2 35 2 18 39 
14 39 22 35 22 0 22 18 31 37 31 
3 31 17 
==============================

====== Algorithm Status ======
Valor:                3120
Time:                 2000
nIter:                3372
Best Iter:            3372
Improvement Count:    3371
==============================
Solution tour: 
0 35 23 20 23 
5 25 
4 26 37 26 37 
11 2 27 
2 35 2 18 39 
14 39 22 35 22 0 22 18 31 37 31 
3 31 17 
==============================

====== Algorithm Status ======
Valor:                3537
Time:                 4002
nIter:                6608
Best Iter:            6608
Improvement Count:    6607
==============================
Solution tour: 
0 
13 23 20 23 
5 25 
4 26 25 37 
11 2 27 
2 35 2 18 39 
14 39 24 39 30 18 22 35 22 0 22 8 22 18 31 37 31 17 
==============================

====== Algorithm Status ======
Valor:                3620
Time:                 8000
nIter:                12874
Best Iter:            12874
Improvement Count:    12873
==============================
Solution tour: 
0 
13 23 20 23 
5 25 
4 26 25 37 
11 2 27 
2 35 2 5 39 5 39 
14 39 24 39 30 18 22 35 22 8 22 18 40 18 31 37 31 17 
==============================

====== Algorithm Status ======
Valor:                3881
Time:                 16000
nIter:                25456
Best Iter:            25456
Improvement Count:    25455
==============================
Solution tour: 
0 
13 6 23 20 23 
5 25 
4 25 37 
11 2 27 
2 35 39 
14 39 24 11 24 30 18 40 11 40 18 22 35 22 18 30 31 37 31 17 
==============================

====== Algorithm Status ======
Valor:                4288
Time:                 32000
nIter:                50718
Best Iter:            50718
Improvement Count:    50717
==============================
Solution tour: 
0 33 
13 40 11 6 23 20 23 6 
5 11 24 25 
4 6 
11 2 27 
2 35 39 
14 39 24 30 24 9 30 9 6 24 11 40 18 22 35 22 18 30 31 37 31 17 
==============================

====== Algorithm Status ======
Valor:                4386
Time:                 64000
nIter:                99296
Best Iter:            99296
Improvement Count:    99295
==============================
Solution tour: 
0 33 
13 40 11 6 23 20 23 6 
5 11 24 25 
4 6 
11 2 27 
2 35 39 
14 39 24 30 9 30 24 11 40 18 22 35 22 36 22 18 30 
15 30 31 37 31 17 
==============================

====== Algorithm Status ======
Valor:                4554
Time:                 128000
nIter:                192001
Best Iter:            192001
Improvement Count:    192000
==============================
Solution tour: 
0 33 
13 40 11 6 23 20 23 6 
5 11 24 25 26 25 24 6 
11 2 18 27 16 
2 35 39 
14 39 24 30 
15 30 24 11 40 18 
7 22 35 22 18 30 9 30 31 37 31 17 
==============================

====== Algorithm Status ======
Valor:                4810
Time:                 256000
nIter:                367886
Best Iter:            367886
Improvement Count:    367885
==============================
Solution tour: 
0 33 
13 40 11 6 23 20 4 20 23 
5 11 24 25 26 38 24 6 
11 2 27 2 16 
2 35 2 39 
14 39 24 30 
15 30 24 11 40 18 22 
7 22 35 22 36 18 30 9 30 31 37 31 17 
==============================

====== Algorithm Status ======
Valor:                4848
Time:                 512002
nIter:                717193
Best Iter:            717193
Improvement Count:    717192
==============================
Solution tour: 
0 19 40 
13 40 11 6 23 20 4 20 23 
5 11 24 25 26 38 24 6 
11 2 27 2 16 
2 35 2 39 
14 39 24 30 
15 30 24 11 40 18 22 
7 22 35 22 18 30 9 30 31 37 31 17 
==============================

====== Algorithm Status ======
Valor:                4869
Time:                 1024001
nIter:                1427213
Best Iter:            1427213
Improvement Count:    1427214
==============================
Solution tour: 
0 35 19 35 
13 40 11 6 23 4 20 23 
5 11 24 25 26 38 24 6 
11 2 27 2 16 
2 35 2 39 
14 39 24 30 
15 30 24 11 40 18 22 
7 22 35 22 18 30 9 30 31 37 31 17 
==============================

====== Algorithm Status ======
Valor:                4869
Time:                 1024001
nIter:                1427213
Best Iter:            1427213
Improvement Count:    1427214
==============================
Solution tour: 
0 35 19 35 
13 40 11 6 23 4 20 23 
5 11 24 25 26 38 24 6 
11 2 27 2 16 
2 35 2 39 
14 39 24 30 
15 30 24 11 40 18 22 
7 22 35 22 18 30 9 30 31 37 31 17 
==============================

