=========== Input ===========
File name:                ./instances/created-instances/mm-10-10-1767920.cdop
Total node count:         21
Truck node count:         10
Drone node count:         10
=============================

========== Settings ==========
Settings file:        ./settings/Memetic_MMX_1287823.config
Seed:                 1287823
Reduction method:     -
Max iter:             1024000
Population size:      13
Crossover:            MA-MMX
Local Search:         LS
Warm Start:           -
==============================

====== Algorithm Status ======
Valor:                3740
Time:                 252
nIter:                79
Best Iter:            79
Improvement Count:    78
==============================
Solution tour: 
0 12 13 3 13 18 20 19 11 8 19 16 17 20 4 16 19 7 4 7 19 20 13 1 14 
9 14 1 13 20 17 16 
4 19 4 20 18 13 11 7 16 2 16 7 11 13 19 8 15 8 7 8 
==============================

====== Algorithm Status ======
Valor:                3775
Time:                 501
nIter:                163
Best Iter:            163
Improvement Count:    162
==============================
Solution tour: 
0 12 19 13 3 13 19 20 19 8 19 16 17 20 4 16 19 7 4 7 11 19 1 14 
9 14 1 13 18 20 17 16 2 16 
4 19 4 20 18 13 20 11 7 8 15 8 7 
==============================

====== Algorithm Status ======
Valor:                3812
Time:                 1002
nIter:                350
Best Iter:            350
Improvement Count:    349
==============================
Solution tour: 
0 8 12 19 13 3 13 19 20 19 8 19 16 17 20 4 16 7 4 7 11 19 1 14 
9 14 1 13 18 20 17 16 2 16 
4 19 4 20 18 13 11 20 11 7 8 15 8 7 
==============================

====== Algorithm Status ======
Valor:                3839
Time:                 2000
nIter:                653
Best Iter:            653
Improvement Count:    652
==============================
Solution tour: 
0 8 0 12 17 20 19 13 3 13 19 20 4 16 7 4 7 11 19 8 19 1 14 
9 14 1 13 18 20 17 16 2 16 
4 19 4 20 18 13 11 20 11 7 8 15 8 7 
==============================

====== Algorithm Status ======
Valor:                3872
Time:                 4001
nIter:                1287
Best Iter:            1287
Improvement Count:    1286
==============================
Solution tour: 
0 8 0 12 17 20 4 16 7 4 7 11 20 19 8 19 1 14 
9 14 1 19 13 18 13 3 13 19 20 17 16 2 16 
4 19 4 20 18 20 11 7 8 15 8 7 
==============================

====== Algorithm Status ======
Valor:                3872
Time:                 8001
nIter:                2489
Best Iter:            2489
Improvement Count:    2488
==============================
Solution tour: 
0 8 0 12 17 20 4 16 7 4 7 11 20 19 8 19 1 14 
9 14 1 19 13 18 13 3 13 19 20 17 16 2 16 
4 19 4 20 18 20 11 7 8 15 8 7 
==============================

====== Algorithm Status ======
Valor:                3872
Time:                 16003
nIter:                4938
Best Iter:            4938
Improvement Count:    4937
==============================
Solution tour: 
0 8 0 12 17 20 4 16 7 4 7 11 20 19 8 19 1 14 
9 14 1 19 13 18 13 3 13 19 20 17 16 2 16 
4 19 4 20 18 20 11 7 8 15 8 7 
==============================

====== Algorithm Status ======
Valor:                3872
Time:                 32002
nIter:                9911
Best Iter:            9911
Improvement Count:    9910
==============================
Solution tour: 
0 8 0 12 17 20 4 16 7 4 7 11 20 19 8 19 1 14 
9 14 1 19 13 18 13 3 13 19 20 17 16 2 16 
4 19 4 20 18 20 11 7 8 15 8 7 
==============================

====== Algorithm Status ======
Valor:                3872
Time:                 64006
nIter:                19832
Best Iter:            19832
Improvement Count:    19831
==============================
Solution tour: 
0 8 0 12 17 20 4 16 7 4 7 11 20 19 8 19 1 14 
9 14 1 19 13 18 13 3 13 19 20 17 16 2 16 
4 19 4 20 18 20 11 7 8 15 8 7 
==============================

====== Algorithm Status ======
Valor:                3872
Time:                 128003
nIter:                39722
Best Iter:            39722
Improvement Count:    39721
==============================
Solution tour: 
0 8 0 12 17 20 4 16 7 4 7 11 20 19 8 19 1 14 
9 14 1 19 13 18 13 3 13 19 20 17 16 2 16 
4 19 4 20 18 20 11 7 8 15 8 7 
==============================

====== Algorithm Status ======
Valor:                3931
Time:                 256004
nIter:                79407
Best Iter:            79407
Improvement Count:    79406
==============================
Solution tour: 
0 8 7 4 7 16 17 20 4 16 7 11 20 12 20 19 16 2 16 19 8 19 1 14 
9 14 1 19 20 18 13 3 13 19 13 18 20 17 16 
4 19 4 20 11 7 8 15 8 
==============================

====== Algorithm Status ======
Valor:                3931
Time:                 512001
nIter:                156366
Best Iter:            156366
Improvement Count:    156365
==============================
Solution tour: 
0 8 7 4 7 16 17 20 4 16 7 11 20 12 20 19 16 2 16 19 8 19 1 14 
9 14 1 19 20 18 13 3 13 19 13 18 20 17 16 
4 19 4 20 11 7 8 15 8 
==============================

====== Algorithm Status ======
Valor:                3931
Time:                 1024003
nIter:                309863
Best Iter:            309863
Improvement Count:    309864
==============================
Solution tour: 
0 8 7 4 7 16 17 20 4 16 7 11 20 12 20 19 16 2 16 19 8 19 1 14 
9 14 1 19 20 18 13 3 13 19 13 18 20 17 16 
4 19 4 20 11 7 8 15 8 
==============================

====== Algorithm Status ======
Valor:                3931
Time:                 1024003
nIter:                309863
Best Iter:            309863
Improvement Count:    309864
==============================
Solution tour: 
0 8 7 4 7 16 17 20 4 16 7 11 20 12 20 19 16 2 16 19 8 19 1 14 
9 14 1 19 20 18 13 3 13 19 13 18 20 17 16 
4 19 4 20 11 7 8 15 8 
==============================

