=========== Input ===========
File name:                ./instances/created-instances/mm-20-25-1110588.cdop
Total node count:         46
Truck node count:         20
Drone node count:         25
=============================

========== Settings ==========
Settings file:        ./settings/Memetic-LS_MPX_1287823.config
Seed:                 1287823
Reduction method:     -
Max iter:             1024000
Population size:      13
Crossover:            MA-MPX
Local Search:         -
Warm Start:           -
==============================

====== Algorithm Status ======
Valor:                1472
Time:                 251
nIter:                339
Best Iter:            339
Improvement Count:    338
==============================
Solution tour: 
0 
13 
3 
14 
17 
19 
2 
6 29 
16 23 
9 
4 
12 
7 
15 
11 23 
20 
10 
==============================

====== Algorithm Status ======
Valor:                1472
Time:                 500
nIter:                671
Best Iter:            671
Improvement Count:    670
==============================
Solution tour: 
0 
13 
3 
14 
17 
19 
2 
6 29 
16 23 
9 
4 
12 
7 
15 
11 23 
20 
10 
==============================

====== Algorithm Status ======
Valor:                1699
Time:                 1000
nIter:                1339
Best Iter:            1339
Improvement Count:    1338
==============================
Solution tour: 
0 43 
13 
3 
14 
16 23 
19 
2 
6 29 
17 23 
9 
4 
12 
7 
15 
11 23 
20 
10 
==============================

====== Algorithm Status ======
Valor:                1792
Time:                 2000
nIter:                2690
Best Iter:            2690
Improvement Count:    2689
==============================
Solution tour: 
0 
5 38 
10 
9 
6 29 
17 
4 
12 
7 
15 
11 23 
20 
19 
16 23 
14 
3 
13 
2 39 
==============================

====== Algorithm Status ======
Valor:                1792
Time:                 4000
nIter:                5368
Best Iter:            5368
Improvement Count:    5367
==============================
Solution tour: 
0 
5 38 
10 
9 
6 29 
17 
4 
12 
7 
15 
11 23 
20 
19 
16 23 
14 
3 
13 
2 39 
==============================

====== Algorithm Status ======
Valor:                1829
Time:                 8000
nIter:                10727
Best Iter:            10727
Improvement Count:    10726
==============================
Solution tour: 
0 
10 
14 
3 
9 
18 
6 29 
17 
4 
12 
7 
15 
11 23 
20 
5 38 
1 
8 
13 27 
==============================

====== Algorithm Status ======
Valor:                1829
Time:                 16000
nIter:                21590
Best Iter:            21590
Improvement Count:    21589
==============================
Solution tour: 
0 
10 
14 
3 
9 
18 
6 29 
17 
4 
12 
7 
15 
11 23 
20 
5 38 
1 
8 
13 27 
==============================

====== Algorithm Status ======
Valor:                1829
Time:                 32000
nIter:                43358
Best Iter:            43358
Improvement Count:    43357
==============================
Solution tour: 
0 
10 
14 
3 
9 
18 
6 29 
17 
4 
12 
7 
15 
11 23 
20 
5 38 
1 
8 
13 27 
==============================

====== Algorithm Status ======
Valor:                2004
Time:                 64003
nIter:                86481
Best Iter:            86481
Improvement Count:    86480
==============================
Solution tour: 
0 30 
3 
14 
10 
9 
20 
5 38 
6 
18 29 
17 
4 
12 
7 36 
15 
11 23 
2 
13 27 
==============================

====== Algorithm Status ======
Valor:                2016
Time:                 128000
nIter:                173214
Best Iter:            173214
Improvement Count:    173213
==============================
Solution tour: 
0 30 
3 
14 
10 
9 
20 
5 38 
6 
18 29 
17 
4 
12 
7 
11 
15 24 36 23 
2 
13 27 
==============================

====== Algorithm Status ======
Valor:                2063
Time:                 256000
nIter:                345736
Best Iter:            345736
Improvement Count:    345735
==============================
Solution tour: 
0 30 
3 
14 
10 
9 
20 
5 38 
6 
18 29 
17 
7 
12 
4 
11 
15 24 36 23 
2 
13 27 
==============================

====== Algorithm Status ======
Valor:                2094
Time:                 512001
nIter:                689821
Best Iter:            689821
Improvement Count:    689820
==============================
Solution tour: 
0 30 
3 
14 
10 
9 
20 
5 38 
18 
6 38 29 
17 
7 
12 
4 
11 
15 24 36 35 23 
==============================

====== Algorithm Status ======
Valor:                2235
Time:                 1024001
nIter:                1371573
Best Iter:            1371573
Improvement Count:    1371574
==============================
Solution tour: 
0 
5 38 
18 23 
6 38 29 
17 
7 
12 
4 
11 
15 24 23 
20 
1 
8 
9 
10 
14 
3 
13 27 
==============================

====== Algorithm Status ======
Valor:                2235
Time:                 1024001
nIter:                1371573
Best Iter:            1371573
Improvement Count:    1371574
==============================
Solution tour: 
0 
5 38 
18 23 
6 38 29 
17 
7 
12 
4 
11 
15 24 23 
20 
1 
8 
9 
10 
14 
3 
13 27 
==============================

