=========== Input ===========
File name:                ./instances/created-instances/mm-10-10-1917698.cdop
Total node count:         21
Truck node count:         10
Drone node count:         10
=============================

========== Settings ==========
Settings file:        ./settings/Memetic_MPX_1287823.config
Seed:                 1287823
Reduction method:     -
Max iter:             1024000
Population size:      13
Crossover:            MA-MPX
Local Search:         LS
Warm Start:           -
==============================

====== Algorithm Status ======
Valor:                3226
Time:                 251
nIter:                99
Best Iter:            99
Improvement Count:    98
==============================
Solution tour: 
0 17 0 
4 0 2 18 8 18 
7 11 17 
8 
2 8 17 0 3 13 
10 1 15 13 
3 19 14 12 15 
1 6 12 14 20 18 2 11 2 
9 12 6 15 
6 19 12 19 6 16 2 
==============================

====== Algorithm Status ======
Valor:                3226
Time:                 501
nIter:                196
Best Iter:            196
Improvement Count:    195
==============================
Solution tour: 
0 17 0 
4 0 2 18 8 18 
7 11 17 
8 
2 8 17 0 3 13 
10 1 15 13 
3 19 14 12 15 
1 6 12 14 20 18 2 11 2 
9 12 6 15 
6 19 12 19 6 16 2 
==============================

====== Algorithm Status ======
Valor:                3226
Time:                 1000
nIter:                393
Best Iter:            393
Improvement Count:    392
==============================
Solution tour: 
0 17 0 
4 0 2 18 8 18 
7 11 17 
8 
2 8 17 0 3 13 
10 1 15 13 
3 19 14 12 15 
1 6 12 14 20 18 2 11 2 
9 12 6 15 
6 19 12 19 6 16 2 
==============================

====== Algorithm Status ======
Valor:                3226
Time:                 2000
nIter:                792
Best Iter:            792
Improvement Count:    791
==============================
Solution tour: 
0 17 0 
4 0 2 18 8 18 
7 11 17 
8 
2 8 17 0 3 13 
10 1 15 13 
3 19 14 12 15 
1 6 12 14 20 18 2 11 2 
9 12 6 15 
6 19 12 19 6 16 2 
==============================

====== Algorithm Status ======
Valor:                3328
Time:                 4001
nIter:                1587
Best Iter:            1587
Improvement Count:    1586
==============================
Solution tour: 
0 17 0 
4 0 2 18 8 18 2 
7 11 17 
8 
2 8 17 0 3 13 15 1 
10 1 15 13 
3 19 12 14 12 19 6 15 6 
1 6 19 12 9 16 2 
9 12 15 9 2 
==============================

====== Algorithm Status ======
Valor:                3328
Time:                 8000
nIter:                3059
Best Iter:            3059
Improvement Count:    3058
==============================
Solution tour: 
0 17 0 
4 0 2 18 8 18 2 
7 11 17 
8 
2 8 17 0 3 13 15 1 
10 1 15 13 
3 19 12 14 12 19 6 15 6 
1 6 19 12 9 16 2 
9 12 15 9 2 
==============================

====== Algorithm Status ======
Valor:                3328
Time:                 16002
nIter:                6085
Best Iter:            6085
Improvement Count:    6084
==============================
Solution tour: 
0 17 0 
4 0 2 18 8 18 2 
7 11 17 
8 
2 8 17 0 3 13 15 1 
10 1 15 13 
3 19 12 14 12 19 6 15 6 
1 6 19 12 9 16 2 
9 12 15 9 2 
==============================

====== Algorithm Status ======
Valor:                3350
Time:                 32000
nIter:                12709
Best Iter:            12709
Improvement Count:    12708
==============================
Solution tour: 
0 17 8 0 
8 2 
7 11 17 18 
5 20 14 6 19 12 19 
6 15 6 
1 6 16 
4 0 2 18 8 18 2 
9 4 
2 8 17 0 4 3 13 15 1 15 13 3 
==============================

====== Algorithm Status ======
Valor:                3358
Time:                 64001
nIter:                25773
Best Iter:            25773
Improvement Count:    25772
==============================
Solution tour: 
0 17 8 17 0 
4 0 2 18 8 18 2 
9 4 13 
3 13 15 13 12 14 9 2 
8 2 
7 11 17 18 
5 20 14 12 6 19 12 19 
6 15 6 
1 6 16 3 
==============================

====== Algorithm Status ======
Valor:                3412
Time:                 128001
nIter:                50439
Best Iter:            50439
Improvement Count:    50438
==============================
Solution tour: 
0 17 8 17 0 
4 0 2 18 8 18 2 0 
9 4 13 
3 13 15 12 13 12 14 9 2 
8 2 
7 17 11 17 18 
5 20 14 12 6 19 12 19 
6 15 6 
1 15 9 
==============================

====== Algorithm Status ======
Valor:                3412
Time:                 256000
nIter:                99664
Best Iter:            99664
Improvement Count:    99663
==============================
Solution tour: 
0 17 8 17 0 
4 0 2 18 8 18 2 0 
9 4 13 
3 13 15 12 13 12 14 9 2 
8 2 
7 17 11 17 18 
5 20 14 12 6 19 12 19 
6 15 6 
1 15 9 
==============================

====== Algorithm Status ======
Valor:                3418
Time:                 512002
nIter:                199616
Best Iter:            199616
Improvement Count:    199615
==============================
Solution tour: 
0 17 8 18 
2 18 
8 2 
7 17 11 17 18 
5 20 14 12 14 15 1 6 19 12 19 6 14 
9 2 16 
6 15 6 
1 15 12 9 
4 0 2 8 17 0 4 3 13 3 
==============================

====== Algorithm Status ======
Valor:                3446
Time:                 1024001
nIter:                400006
Best Iter:            400006
Improvement Count:    400007
==============================
Solution tour: 
0 17 8 18 
2 18 
8 2 
7 17 11 17 18 
5 20 14 12 14 15 1 6 19 12 19 6 14 
9 2 0 
3 13 16 
6 15 6 
1 15 12 13 3 0 
4 0 2 8 17 
==============================

====== Algorithm Status ======
Valor:                3446
Time:                 1024001
nIter:                400006
Best Iter:            400006
Improvement Count:    400007
==============================
Solution tour: 
0 17 8 18 
2 18 
8 2 
7 17 11 17 18 
5 20 14 12 14 15 1 6 19 12 19 6 14 
9 2 0 
3 13 16 
6 15 6 
1 15 12 13 3 0 
4 0 2 8 17 
==============================

