=========== Input ===========
File name:                ./instances/created-instances/mm-15-10-1110588.cdop
Total node count:         26
Truck node count:         15
Drone node count:         10
=============================

========== Settings ==========
Settings file:        ./settings/Memetic_MMX_1099666.config
Seed:                 1099666
Reduction method:     -
Max iter:             1024000
Population size:      13
Crossover:            MA-MMX
Local Search:         LS
Warm Start:           -
==============================

====== Algorithm Status ======
Valor:                3862
Time:                 253
nIter:                64
Best Iter:            64
Improvement Count:    63
==============================
Solution tour: 
0 13 24 22 15 11 15 5 14 23 19 18 23 0 3 21 3 14 24 
6 24 13 0 6 21 25 24 14 5 12 
5 0 
4 18 19 16 19 22 24 25 20 13 22 16 23 20 25 21 0 23 18 21 6 
==============================

====== Algorithm Status ======
Valor:                4063
Time:                 502
nIter:                126
Best Iter:            126
Improvement Count:    125
==============================
Solution tour: 
0 13 24 22 15 11 15 11 5 14 23 0 23 18 16 19 18 23 14 3 21 3 14 24 
6 24 13 0 6 21 25 24 14 5 12 
5 0 
4 18 19 16 22 24 25 20 25 21 13 2 13 22 13 21 25 6 
==============================

====== Algorithm Status ======
Valor:                4103
Time:                 1002
nIter:                248
Best Iter:            248
Improvement Count:    247
==============================
Solution tour: 
0 13 24 22 15 11 15 11 0 5 14 23 0 23 18 16 19 18 23 14 3 21 3 14 24 
6 24 13 0 6 21 25 24 14 5 12 
5 0 
4 18 19 16 22 24 25 20 25 21 13 2 13 22 13 21 6 
==============================

====== Algorithm Status ======
Valor:                4135
Time:                 2005
nIter:                486
Best Iter:            486
Improvement Count:    485
==============================
Solution tour: 
0 13 24 22 15 11 15 14 0 5 14 23 0 23 18 16 19 18 23 14 3 21 3 14 24 
6 24 13 0 6 21 25 24 14 5 12 
5 0 
4 18 19 16 22 24 25 20 25 21 13 2 13 22 13 21 6 
==============================

====== Algorithm Status ======
Valor:                4168
Time:                 4001
nIter:                976
Best Iter:            976
Improvement Count:    975
==============================
Solution tour: 
0 13 10 11 15 11 15 7 14 0 5 14 23 0 23 18 16 19 18 23 14 3 21 3 14 24 
6 24 13 0 6 21 25 24 14 5 12 
5 0 
4 18 19 16 22 24 25 20 25 21 13 2 13 24 22 13 21 6 
==============================

====== Algorithm Status ======
Valor:                4248
Time:                 8001
nIter:                1943
Best Iter:            1943
Improvement Count:    1942
==============================
Solution tour: 
0 13 10 11 15 11 10 7 17 7 14 0 23 0 5 14 3 21 3 14 24 
6 24 13 0 6 21 25 24 14 5 12 
5 0 
4 18 16 19 18 19 16 22 24 25 20 25 21 13 2 13 24 22 13 21 6 
==============================

====== Algorithm Status ======
Valor:                4248
Time:                 16003
nIter:                3884
Best Iter:            3884
Improvement Count:    3883
==============================
Solution tour: 
0 13 10 11 15 11 10 7 17 7 14 0 23 0 5 14 3 21 3 14 24 
6 24 13 0 6 21 25 24 14 5 12 
5 0 
4 18 16 19 18 19 16 22 24 25 20 25 21 13 2 13 24 22 13 21 6 
==============================

====== Algorithm Status ======
Valor:                4262
Time:                 32002
nIter:                7831
Best Iter:            7831
Improvement Count:    7830
==============================
Solution tour: 
0 13 10 11 15 11 10 7 17 7 14 0 23 0 5 14 3 21 3 14 24 
6 24 13 0 6 21 25 24 14 5 12 
5 0 
4 18 19 16 19 18 21 22 24 25 20 25 21 13 2 13 24 22 13 21 6 
==============================

====== Algorithm Status ======
Valor:                4262
Time:                 64000
nIter:                15667
Best Iter:            15667
Improvement Count:    15666
==============================
Solution tour: 
0 13 10 11 15 11 10 7 17 7 14 0 23 0 5 14 3 21 3 14 24 
6 24 13 0 6 21 25 24 14 5 12 
5 0 
4 18 19 16 19 18 21 22 24 25 20 25 21 13 2 13 24 22 13 21 6 
==============================

====== Algorithm Status ======
Valor:                4268
Time:                 128003
nIter:                31418
Best Iter:            31418
Improvement Count:    31417
==============================
Solution tour: 
0 13 10 11 15 11 10 7 17 7 14 0 23 0 5 14 3 21 3 14 24 25 21 
6 24 13 0 6 21 25 20 25 24 22 13 22 24 14 5 12 
5 0 
4 18 19 16 19 18 21 13 2 13 24 6 
==============================

====== Algorithm Status ======
Valor:                4268
Time:                 256000
nIter:                62814
Best Iter:            62814
Improvement Count:    62813
==============================
Solution tour: 
0 13 10 11 15 11 10 7 17 7 14 0 23 0 5 14 3 21 3 14 24 25 21 
6 24 13 0 6 21 25 20 25 24 22 13 22 24 14 5 12 
5 0 
4 18 19 16 19 18 21 13 2 13 24 6 
==============================

====== Algorithm Status ======
Valor:                4268
Time:                 512002
nIter:                125850
Best Iter:            125850
Improvement Count:    125849
==============================
Solution tour: 
0 13 10 11 15 11 10 7 17 7 14 0 23 0 5 14 3 21 3 14 24 25 21 
6 24 13 0 6 21 25 20 25 24 22 13 22 24 14 5 12 
5 0 
4 18 19 16 19 18 21 13 2 13 24 6 
==============================

====== Algorithm Status ======
Valor:                4268
Time:                 1024002
nIter:                250870
Best Iter:            250870
Improvement Count:    250871
==============================
Solution tour: 
0 13 10 11 15 11 10 7 17 7 14 0 23 0 5 14 3 21 3 14 24 25 21 
6 24 13 0 6 21 25 20 25 24 22 13 22 24 14 5 12 
5 0 
4 18 19 16 19 18 21 13 2 13 24 6 
==============================

====== Algorithm Status ======
Valor:                4268
Time:                 1024002
nIter:                250870
Best Iter:            250870
Improvement Count:    250871
==============================
Solution tour: 
0 13 10 11 15 11 10 7 17 7 14 0 23 0 5 14 3 21 3 14 24 25 21 
6 24 13 0 6 21 25 20 25 24 22 13 22 24 14 5 12 
5 0 
4 18 19 16 19 18 21 13 2 13 24 6 
==============================

