=========== Input ===========
File name:                ./instances/created-instances/mm-20-25-1917698.cdop
Total node count:         46
Truck node count:         20
Drone node count:         25
=============================

========== Settings ==========
Settings file:        ./settings/Memetic_MPX_1287823.config
Seed:                 1287823
Reduction method:     -
Max iter:             1024000
Population size:      13
Crossover:            MA-MPX
Local Search:         LS
Warm Start:           -
==============================

====== Algorithm Status ======
Valor:                4614
Time:                 251
nIter:                31
Best Iter:            31
Improvement Count:    30
==============================
Solution tour: 
0 36 35 27 35 45 8 
11 29 41 
18 
2 27 15 
9 
8 
7 33 12 30 12 44 31 30 
3 42 3 
14 39 
1 34 1 39 25 39 
16 38 44 43 44 12 33 
12 9 18 45 18 
20 40 17 36 24 
4 45 18 41 9 12 33 12 9 
15 3 
19 
==============================

====== Algorithm Status ======
Valor:                4614
Time:                 503
nIter:                58
Best Iter:            58
Improvement Count:    57
==============================
Solution tour: 
0 36 35 27 35 45 8 
11 29 41 
18 
2 27 15 
9 
8 
7 33 12 30 12 44 31 30 
3 42 3 
14 39 
1 34 1 39 25 39 
16 38 44 43 44 12 33 
12 9 18 45 18 
20 40 17 36 24 
4 45 18 41 9 12 33 12 9 
15 3 
19 
==============================

====== Algorithm Status ======
Valor:                4764
Time:                 1003
nIter:                113
Best Iter:            113
Improvement Count:    112
==============================
Solution tour: 
0 
2 27 35 27 4 24 
4 18 33 
9 12 33 44 26 30 31 30 32 43 
6 38 14 3 
17 
13 3 42 44 31 44 43 44 33 21 37 
5 45 8 
11 
20 9 33 
12 44 12 42 14 39 
1 39 25 39 
15 30 12 9 41 42 3 14 
10 40 17 
19 45 
18 41 14 42 41 29 36 
==============================

====== Algorithm Status ======
Valor:                4840
Time:                 2007
nIter:                223
Best Iter:            223
Improvement Count:    222
==============================
Solution tour: 
0 36 42 
3 9 12 30 31 30 15 
18 41 29 17 40 
17 3 
15 30 12 44 33 9 3 
19 45 
20 24 25 39 
1 39 38 6 43 
6 3 42 29 27 
4 35 27 35 36 17 
13 17 14 42 44 12 33 
12 42 14 3 
14 41 24 4 27 
2 18 12 
9 
==============================

====== Algorithm Status ======
Valor:                5078
Time:                 4001
nIter:                446
Best Iter:            446
Improvement Count:    445
==============================
Solution tour: 
0 36 42 
3 9 12 30 31 30 15 
18 41 29 17 40 
17 3 
15 30 12 44 33 9 3 
19 45 
20 45 18 42 29 34 
1 39 25 39 1 39 38 
6 3 42 29 27 
4 35 27 35 36 17 
13 17 14 42 44 12 33 
12 42 14 3 
14 41 24 4 27 
2 18 12 
9 
==============================

====== Algorithm Status ======
Valor:                5078
Time:                 8000
nIter:                874
Best Iter:            874
Improvement Count:    873
==============================
Solution tour: 
0 36 42 
3 9 12 30 31 30 15 
18 41 29 17 40 
17 3 
15 30 12 44 33 9 3 
19 45 
20 45 18 42 29 34 
1 39 25 39 1 39 38 
6 3 42 29 27 
4 35 27 35 36 17 
13 17 14 42 44 12 33 
12 42 14 3 
14 41 24 4 27 
2 18 12 
9 
==============================

====== Algorithm Status ======
Valor:                5078
Time:                 16000
nIter:                1728
Best Iter:            1728
Improvement Count:    1727
==============================
Solution tour: 
0 36 42 
3 9 12 30 31 30 15 
18 41 29 17 40 
17 3 
15 30 12 44 33 9 3 
19 45 
20 45 18 42 29 34 
1 39 25 39 1 39 38 
6 3 42 29 27 
4 35 27 35 36 17 
13 17 14 42 44 12 33 
12 42 14 3 
14 41 24 4 27 
2 18 12 
9 
==============================

====== Algorithm Status ======
Valor:                5263
Time:                 32007
nIter:                3529
Best Iter:            3529
Improvement Count:    3528
==============================
Solution tour: 
0 36 29 41 
18 15 9 
15 30 12 33 44 33 9 33 12 9 3 
19 45 
20 45 18 41 29 42 29 34 
1 38 39 25 39 1 39 38 6 43 
6 3 42 29 27 2 
7 
2 27 
4 35 27 35 36 40 17 
13 17 14 42 12 44 31 44 12 33 
12 41 42 3 14 3 
9 12 42 
14 41 24 4 27 
==============================

====== Algorithm Status ======
Valor:                5263
Time:                 64006
nIter:                6941
Best Iter:            6941
Improvement Count:    6940
==============================
Solution tour: 
0 36 29 41 
18 15 9 
15 30 12 33 44 33 9 33 12 9 3 
19 45 
20 45 18 41 29 42 29 34 
1 38 39 25 39 1 39 38 6 43 
6 3 42 29 27 2 
7 
2 27 
4 35 27 35 36 40 17 
13 17 14 42 12 44 31 44 12 33 
12 41 42 3 14 3 
9 12 42 
14 41 24 4 27 
==============================

====== Algorithm Status ======
Valor:                5383
Time:                 128001
nIter:                13805
Best Iter:            13805
Improvement Count:    13804
==============================
Solution tour: 
0 36 42 44 43 12 44 31 44 33 9 33 44 12 33 
12 9 41 42 3 14 3 
17 
13 34 29 41 18 15 18 2 
11 
8 45 35 27 35 45 
4 24 19 17 40 17 
10 
19 
3 42 12 30 15 
9 12 42 
14 41 24 4 27 
2 
18 41 14 39 38 39 25 1 39 1 39 14 42 45 
==============================

====== Algorithm Status ======
Valor:                5383
Time:                 256006
nIter:                28319
Best Iter:            28319
Improvement Count:    28318
==============================
Solution tour: 
0 36 42 44 43 12 44 31 44 33 9 33 44 12 33 
12 9 41 42 3 14 3 
17 
13 34 29 41 18 15 18 2 
11 
8 45 35 27 35 45 
4 24 19 17 40 17 
10 
19 
3 42 12 30 15 
9 12 42 
14 41 24 4 27 
2 
18 41 14 39 38 39 25 1 39 1 39 14 42 45 
==============================

====== Algorithm Status ======
Valor:                5385
Time:                 512015
nIter:                56988
Best Iter:            56988
Improvement Count:    56987
==============================
Solution tour: 
0 9 33 12 33 12 44 31 30 
12 9 41 29 42 3 14 3 
17 
13 34 29 41 18 15 18 41 14 
3 42 44 12 30 15 
9 12 42 31 44 43 
6 38 
16 38 
15 30 31 26 12 3 
14 42 14 41 24 4 27 
8 45 35 27 35 45 
19 17 40 34 1 39 
1 34 40 17 36 
==============================

====== Algorithm Status ======
Valor:                5385
Time:                 1024002
nIter:                113583
Best Iter:            113583
Improvement Count:    113584
==============================
Solution tour: 
0 9 33 12 33 12 44 31 30 
12 9 41 29 42 3 14 3 
17 
13 34 29 41 18 15 18 41 14 
3 42 44 12 30 15 
9 12 42 31 44 43 
6 38 
16 38 
15 30 31 26 12 3 
14 42 14 41 24 4 27 
8 45 35 27 35 45 
19 17 40 34 1 39 
1 34 40 17 36 
==============================

====== Algorithm Status ======
Valor:                5385
Time:                 1024002
nIter:                113583
Best Iter:            113583
Improvement Count:    113584
==============================
Solution tour: 
0 9 33 12 33 12 44 31 30 
12 9 41 29 42 3 14 3 
17 
13 34 29 41 18 15 18 41 14 
3 42 44 12 30 15 
9 12 42 31 44 43 
6 38 
16 38 
15 30 31 26 12 3 
14 42 14 41 24 4 27 
8 45 35 27 35 45 
19 17 40 34 1 39 
1 34 40 17 36 
==============================

