=========== Input ===========
File name:                ./instances/created-instances/mm-25-10-1917698.cdop
Total node count:         36
Truck node count:         25
Drone node count:         10
=============================

========== Settings ==========
Settings file:        ./settings/Memetic_MMX_1099666.config
Seed:                 1099666
Reduction method:     -
Max iter:             1024000
Population size:      13
Crossover:            MA-MMX
Local Search:         LS
Warm Start:           -
==============================

====== Algorithm Status ======
Valor:                4299
Time:                 261
nIter:                29
Best Iter:            29
Improvement Count:    28
==============================
Solution tour: 
0 29 0 2 26 2 0 26 3 6 18 
2 18 35 9 32 33 12 26 27 
21 5 30 24 30 5 18 29 31 29 
4 35 2 31 35 33 32 9 22 1 
22 6 34 32 28 31 9 31 2 35 25 3 25 13 10 13 17 13 14 3 14 31 29 26 
==============================

====== Algorithm Status ======
Valor:                4399
Time:                 504
nIter:                50
Best Iter:            50
Improvement Count:    49
==============================
Solution tour: 
0 29 0 8 0 26 2 19 17 19 31 9 32 28 30 5 24 5 30 24 30 28 32 9 35 2 
18 6 3 6 34 3 26 0 29 31 
14 3 14 31 18 2 0 2 26 12 33 9 3 25 10 13 17 13 10 25 32 33 26 3 31 29 
==============================

====== Algorithm Status ======
Valor:                4593
Time:                 1000
nIter:                108
Best Iter:            108
Improvement Count:    107
==============================
Solution tour: 
0 8 0 26 2 31 19 17 19 4 9 31 9 32 28 30 5 24 5 30 24 30 28 32 9 35 2 
18 12 34 6 3 6 34 3 26 3 31 0 29 31 
14 3 14 31 18 2 0 2 26 12 9 33 9 3 25 13 10 13 17 13 31 29 4 29 0 26 
==============================

====== Algorithm Status ======
Valor:                4617
Time:                 2006
nIter:                214
Best Iter:            214
Improvement Count:    213
==============================
Solution tour: 
0 8 29 31 19 17 19 4 35 9 31 9 32 28 30 5 24 5 30 24 30 28 32 9 35 2 
18 12 34 6 3 6 34 3 26 3 31 0 29 31 
14 3 14 31 18 2 0 2 26 2 35 12 9 33 9 3 25 13 10 13 17 13 31 29 4 29 0 26 
==============================

====== Algorithm Status ======
Valor:                4641
Time:                 4006
nIter:                432
Best Iter:            432
Improvement Count:    431
==============================
Solution tour: 
0 8 0 26 31 19 17 19 4 35 9 31 9 32 33 28 33 32 28 30 5 24 5 30 24 30 28 32 9 35 2 
18 12 34 6 3 6 34 3 26 3 31 29 0 29 31 
14 3 14 31 18 2 0 2 26 2 35 33 9 3 25 3 14 13 10 13 17 13 4 26 
==============================

====== Algorithm Status ======
Valor:                4664
Time:                 8004
nIter:                886
Best Iter:            886
Improvement Count:    885
==============================
Solution tour: 
0 8 0 26 2 31 19 17 19 4 35 9 31 9 32 33 28 33 32 28 30 5 24 5 30 24 30 28 32 9 35 2 
18 12 34 6 3 6 34 3 31 29 26 3 29 0 29 31 
14 3 14 31 18 2 0 2 26 33 9 3 25 14 13 10 13 17 13 25 3 26 
==============================

====== Algorithm Status ======
Valor:                4748
Time:                 16004
nIter:                1829
Best Iter:            1829
Improvement Count:    1828
==============================
Solution tour: 
0 8 0 26 2 31 19 17 19 4 35 9 31 9 32 33 28 5 28 33 32 28 30 5 30 24 30 28 32 33 9 35 2 
18 12 34 6 3 31 2 29 4 29 0 29 31 
14 3 14 31 29 18 2 0 2 26 33 32 9 3 25 14 13 10 13 17 13 14 25 3 26 
==============================

====== Algorithm Status ======
Valor:                4859
Time:                 32005
nIter:                3790
Best Iter:            3790
Improvement Count:    3789
==============================
Solution tour: 
0 8 0 26 2 31 19 17 19 4 35 9 31 9 33 32 9 32 33 28 5 28 33 32 28 30 5 30 24 5 24 30 28 32 33 12 33 32 
18 12 34 6 3 31 2 18 29 4 29 0 29 31 
14 31 29 18 2 0 2 26 3 25 3 14 13 10 13 17 13 14 3 26 
==============================

====== Algorithm Status ======
Valor:                4864
Time:                 64004
nIter:                7840
Best Iter:            7840
Improvement Count:    7839
==============================
Solution tour: 
0 8 0 26 2 31 19 17 19 4 35 9 31 9 33 28 33 32 33 32 9 32 28 30 5 30 24 5 24 30 28 32 33 9 12 33 32 28 5 
18 12 34 6 34 3 31 2 18 29 4 29 0 29 31 
14 31 29 18 2 0 2 26 3 25 3 14 13 10 13 17 13 14 3 26 
==============================

====== Algorithm Status ======
Valor:                4864
Time:                 128001
nIter:                15889
Best Iter:            15889
Improvement Count:    15888
==============================
Solution tour: 
0 8 0 26 2 31 19 17 19 4 35 9 31 9 33 28 33 32 33 32 9 32 28 30 5 30 24 5 24 30 28 32 33 9 12 33 32 28 5 
18 12 34 6 34 3 31 2 18 29 4 29 0 29 31 
14 31 29 18 2 0 2 26 3 25 3 14 13 10 13 17 13 14 3 26 
==============================

====== Algorithm Status ======
Valor:                4865
Time:                 256000
nIter:                31940
Best Iter:            31940
Improvement Count:    31939
==============================
Solution tour: 
0 26 2 31 19 17 19 4 35 9 31 9 33 28 5 28 33 32 33 32 9 32 28 30 5 30 24 5 24 30 28 32 33 9 12 33 32 
18 32 33 34 12 34 6 34 3 31 2 18 29 4 29 0 29 31 
14 31 29 18 2 0 2 26 3 25 3 14 13 10 13 17 13 14 3 26 
==============================

====== Algorithm Status ======
Valor:                4920
Time:                 512002
nIter:                61427
Best Iter:            61427
Improvement Count:    61426
==============================
Solution tour: 
0 26 2 31 19 17 19 4 35 9 31 9 33 28 5 28 33 32 9 32 28 30 5 30 24 30 28 32 
18 12 33 9 12 34 6 22 23 22 6 3 31 2 18 29 4 29 0 29 31 
14 31 29 18 2 0 2 26 3 25 3 14 13 10 13 17 13 14 3 26 
==============================

====== Algorithm Status ======
Valor:                4930
Time:                 1024005
nIter:                122982
Best Iter:            122982
Improvement Count:    122983
==============================
Solution tour: 
0 26 2 35 2 31 19 17 19 4 35 9 31 9 33 28 33 32 9 32 28 30 5 30 24 30 28 32 
18 31 3 6 22 23 22 6 34 6 3 31 2 18 29 4 29 0 29 31 
14 31 29 18 2 0 2 26 3 25 3 14 13 10 13 17 13 14 3 26 
==============================

====== Algorithm Status ======
Valor:                4930
Time:                 1024005
nIter:                122982
Best Iter:            122982
Improvement Count:    122983
==============================
Solution tour: 
0 26 2 35 2 31 19 17 19 4 35 9 31 9 33 28 33 32 9 32 28 30 5 30 24 30 28 32 
18 31 3 6 22 23 22 6 34 6 3 31 2 18 29 4 29 0 29 31 
14 31 29 18 2 0 2 26 3 25 3 14 13 10 13 17 13 14 3 26 
==============================

