=========== Input ===========
File name:                ./instances/created-instances/mm-5-40-1762875.cdop
Total node count:         46
Truck node count:         5
Drone node count:         40
=============================

========== Settings ==========
Settings file:        ./settings/Memetic_MMX_1099666.config
Seed:                 1099666
Reduction method:     -
Max iter:             1024000
Population size:      13
Crossover:            MA-MMX
Local Search:         LS
Warm Start:           -
==============================

====== Algorithm Status ======
Valor:                5873
Time:                 250
nIter:                20
Best Iter:            20
Improvement Count:    19
==============================
Solution tour: 
0 26 34 20 7 36 15 30 39 44 21 37 
2 38 13 38 11 17 36 44 23 44 39 30 36 30 15 20 34 43 34 31 10 31 18 33 
1 32 39 32 29 16 28 23 28 43 35 17 35 27 35 41 26 11 29 25 19 25 14 42 8 6 40 45 40 
==============================

====== Algorithm Status ======
Valor:                6039
Time:                 502
nIter:                41
Best Iter:            41
Improvement Count:    40
==============================
Solution tour: 
0 26 11 15 30 15 11 32 24 32 39 30 36 7 20 17 27 35 7 35 42 14 36 30 39 32 21 33 37 
2 38 13 38 6 45 40 45 26 34 31 10 31 39 44 23 28 20 28 16 28 20 23 44 36 17 35 43 35 27 7 36 17 43 17 23 14 19 25 19 14 36 14 41 8 11 26 
==============================

====== Algorithm Status ======
Valor:                6550
Time:                 1001
nIter:                143
Best Iter:            143
Improvement Count:    142
==============================
Solution tour: 
0 26 11 15 30 15 11 16 29 32 29 32 24 32 39 30 36 23 20 28 17 20 17 35 27 35 43 35 7 35 22 42 14 36 30 39 32 21 33 37 
2 38 13 38 6 45 40 45 5 45 26 34 31 10 31 39 44 23 28 20 34 20 28 23 36 14 25 19 25 14 41 4 41 8 11 26 0 6 38 40 38 
==============================

====== Algorithm Status ======
Valor:                6572
Time:                 2001
nIter:                259
Best Iter:            259
Improvement Count:    258
==============================
Solution tour: 
0 26 11 15 30 15 11 16 29 32 24 32 39 30 36 23 20 28 17 20 17 35 27 35 43 35 7 35 22 42 14 36 30 39 32 18 21 33 37 
2 38 13 38 6 45 40 45 5 45 26 34 31 10 31 39 44 23 28 20 34 20 28 23 36 14 25 19 25 14 41 4 41 8 11 26 0 6 38 40 38 
==============================

====== Algorithm Status ======
Valor:                6572
Time:                 4013
nIter:                473
Best Iter:            473
Improvement Count:    472
==============================
Solution tour: 
0 26 11 15 30 15 11 16 29 32 24 32 39 30 36 23 20 28 17 20 17 35 27 35 43 35 7 35 22 42 14 36 30 39 32 18 21 33 37 
2 38 13 38 6 45 40 45 5 45 26 34 31 10 31 39 44 23 28 20 34 20 28 23 36 14 25 19 25 14 41 4 41 8 11 26 0 6 38 40 38 
==============================

====== Algorithm Status ======
Valor:                6740
Time:                 8002
nIter:                916
Best Iter:            916
Improvement Count:    915
==============================
Solution tour: 
0 26 11 15 30 15 29 24 32 39 30 36 44 36 23 20 34 20 28 17 20 17 35 27 35 43 35 7 35 22 42 14 36 30 39 32 24 18 21 33 37 
2 38 13 38 6 45 40 45 5 45 26 34 31 10 31 39 44 3 23 28 20 28 23 44 23 36 14 25 19 25 14 41 4 41 8 26 11 16 11 26 
==============================

====== Algorithm Status ======
Valor:                6764
Time:                 16011
nIter:                1817
Best Iter:            1817
Improvement Count:    1816
==============================
Solution tour: 
0 26 8 11 15 30 15 29 32 24 32 39 30 36 44 36 23 20 34 20 28 17 20 17 35 27 35 43 35 7 35 22 42 14 36 30 39 32 21 33 37 
2 38 13 38 6 45 40 45 5 45 26 34 31 10 31 39 44 3 23 28 20 28 23 44 23 36 14 25 19 25 14 41 4 41 8 26 11 16 11 26 
==============================

====== Algorithm Status ======
Valor:                6851
Time:                 32001
nIter:                3582
Best Iter:            3582
Improvement Count:    3581
==============================
Solution tour: 
0 6 45 28 23 15 30 15 29 32 24 32 39 30 36 30 3 44 36 14 36 23 20 34 20 28 17 20 17 35 27 35 43 35 7 35 17 28 31 18 21 33 37 
2 38 13 38 6 45 40 45 5 45 6 0 26 34 31 10 31 39 44 3 23 28 20 23 44 23 14 25 19 25 7 22 42 12 41 4 41 8 26 11 16 11 26 
==============================

====== Algorithm Status ======
Valor:                6997
Time:                 64014
nIter:                7226
Best Iter:            7226
Improvement Count:    7225
==============================
Solution tour: 
0 6 45 28 10 28 23 15 30 39 32 29 32 24 32 39 30 36 44 3 44 36 14 36 30 15 23 28 20 17 35 43 35 27 35 7 35 17 20 28 31 18 21 33 37 
2 38 13 38 6 45 40 45 5 45 6 38 40 0 26 34 31 10 31 34 20 23 44 23 14 25 19 25 7 42 12 41 4 41 8 26 11 16 11 26 
==============================

====== Algorithm Status ======
Valor:                6997
Time:                 128002
nIter:                14286
Best Iter:            14286
Improvement Count:    14285
==============================
Solution tour: 
0 6 45 28 10 28 23 15 30 39 32 29 32 24 32 39 30 36 44 3 44 36 14 36 30 15 23 28 20 17 35 43 35 27 35 7 35 17 20 28 31 18 21 33 37 
2 38 13 38 6 45 40 45 5 45 6 38 40 0 26 34 31 10 31 34 20 23 44 23 14 25 19 25 7 42 12 41 4 41 8 26 11 16 11 26 
==============================

====== Algorithm Status ======
Valor:                6997
Time:                 256002
nIter:                28346
Best Iter:            28346
Improvement Count:    28345
==============================
Solution tour: 
0 6 45 28 10 28 23 15 30 39 32 29 32 24 32 39 30 36 44 3 44 36 14 36 30 15 23 28 20 17 35 43 35 27 35 7 35 17 20 28 31 18 21 33 37 
2 38 13 38 6 45 40 45 5 45 6 38 40 0 26 34 31 10 31 34 20 23 44 23 14 25 19 25 7 42 12 41 4 41 8 26 11 16 11 26 
==============================

====== Algorithm Status ======
Valor:                6997
Time:                 512003
nIter:                56801
Best Iter:            56801
Improvement Count:    56800
==============================
Solution tour: 
0 6 45 28 10 28 23 15 30 39 32 29 32 24 32 39 30 36 44 3 44 36 14 36 30 15 23 28 20 17 35 43 35 27 35 7 35 17 20 28 31 18 21 33 37 
2 38 13 38 6 45 40 45 5 45 6 38 40 0 26 34 31 10 31 34 20 23 44 23 14 25 19 25 7 42 12 41 4 41 8 26 11 16 11 26 
==============================

====== Algorithm Status ======
Valor:                6997
Time:                 1024002
nIter:                113618
Best Iter:            113618
Improvement Count:    113619
==============================
Solution tour: 
0 6 45 28 10 28 23 15 30 39 32 29 32 24 32 39 30 36 44 3 44 36 14 36 30 15 23 28 20 17 35 43 35 27 35 7 35 17 20 28 31 18 21 33 37 
2 38 13 38 6 45 40 45 5 45 6 38 40 0 26 34 31 10 31 34 20 23 44 23 14 25 19 25 7 42 12 41 4 41 8 26 11 16 11 26 
==============================

====== Algorithm Status ======
Valor:                6997
Time:                 1024002
nIter:                113618
Best Iter:            113618
Improvement Count:    113619
==============================
Solution tour: 
0 6 45 28 10 28 23 15 30 39 32 29 32 24 32 39 30 36 44 3 44 36 14 36 30 15 23 28 20 17 35 43 35 27 35 7 35 17 20 28 31 18 21 33 37 
2 38 13 38 6 45 40 45 5 45 6 38 40 0 26 34 31 10 31 34 20 23 44 23 14 25 19 25 7 42 12 41 4 41 8 26 11 16 11 26 
==============================

