=========== Input ===========
File name:                ./instances/created-instances/mm-10-25-1762875.cdop
Total node count:         36
Truck node count:         10
Drone node count:         25
=============================

========== Settings ==========
Settings file:        ./settings/Memetic_MMX_1287823.config
Seed:                 1287823
Reduction method:     -
Max iter:             1024000
Population size:      13
Crossover:            MA-MMX
Local Search:         LS
Warm Start:           -
==============================

====== Algorithm Status ======
Valor:                5073
Time:                 250
nIter:                29
Best Iter:            29
Improvement Count:    28
==============================
Solution tour: 
0 17 12 21 8 21 33 29 21 9 
4 9 16 29 16 34 22 25 8 30 25 30 24 28 23 14 24 8 31 8 24 11 26 20 26 11 18 27 32 10 32 12 19 25 33 15 35 32 19 33 21 27 
5 27 17 18 17 27 0 6 
==============================

====== Algorithm Status ======
Valor:                5362
Time:                 503
nIter:                63
Best Iter:            63
Improvement Count:    62
==============================
Solution tour: 
0 6 9 14 23 28 18 27 17 18 17 30 31 25 31 30 25 8 31 24 15 31 15 24 8 21 33 21 29 21 29 16 9 
4 9 21 8 25 30 24 11 26 20 26 11 15 35 32 10 12 13 6 13 10 32 19 12 19 32 31 8 24 16 29 35 10 
1 22 1 10 12 6 
==============================

====== Algorithm Status ======
Valor:                5439
Time:                 1004
nIter:                129
Best Iter:            129
Improvement Count:    128
==============================
Solution tour: 
0 6 9 14 23 28 21 18 17 18 17 30 25 8 31 25 31 8 24 15 31 15 24 8 21 33 21 16 29 21 29 16 9 
4 9 21 8 25 30 24 11 26 20 26 11 24 15 35 32 10 12 13 6 13 12 19 12 19 12 34 22 12 22 
1 22 19 32 19 10 32 27 6 
==============================

====== Algorithm Status ======
Valor:                5605
Time:                 2001
nIter:                257
Best Iter:            257
Improvement Count:    256
==============================
Solution tour: 
0 27 17 18 17 30 25 8 31 25 31 24 8 24 30 31 15 31 8 21 33 21 28 21 16 29 21 29 16 9 
4 9 21 8 25 30 24 11 26 20 26 11 24 15 35 32 10 12 13 6 13 12 19 12 19 12 34 22 12 22 
1 22 19 32 19 10 32 27 0 6 
==============================

====== Algorithm Status ======
Valor:                5687
Time:                 4010
nIter:                513
Best Iter:            513
Improvement Count:    512
==============================
Solution tour: 
0 27 17 18 17 8 30 25 8 31 25 31 24 8 24 30 31 15 31 8 21 33 21 28 21 29 16 29 21 9 
4 9 21 8 25 30 24 11 26 20 26 11 24 15 33 32 35 32 10 32 19 12 13 6 13 12 19 12 34 22 12 22 
1 22 19 32 27 0 6 
==============================

====== Algorithm Status ======
Valor:                5688
Time:                 8000
nIter:                998
Best Iter:            998
Improvement Count:    997
==============================
Solution tour: 
0 27 17 18 17 30 8 30 25 8 31 25 31 24 8 24 30 31 15 31 8 21 33 21 28 21 29 16 29 21 9 
4 9 21 8 25 30 24 11 26 20 26 11 24 15 33 32 35 32 10 32 19 12 13 6 13 12 19 34 22 12 22 
1 22 19 32 27 0 6 
==============================

====== Algorithm Status ======
Valor:                5691
Time:                 16006
nIter:                1951
Best Iter:            1951
Improvement Count:    1950
==============================
Solution tour: 
0 27 17 18 17 30 25 8 31 25 31 24 8 24 30 31 15 31 8 21 33 21 28 21 29 16 29 21 9 
4 9 21 8 25 30 24 11 26 20 26 11 24 15 33 32 35 32 10 19 32 19 12 13 6 13 12 19 34 1 22 12 22 
1 10 32 27 0 6 
==============================

====== Algorithm Status ======
Valor:                5692
Time:                 32005
nIter:                3840
Best Iter:            3840
Improvement Count:    3839
==============================
Solution tour: 
0 27 17 18 17 8 30 25 8 31 25 31 24 8 24 30 31 15 31 8 21 33 21 28 21 29 16 29 21 9 
4 9 21 8 25 30 24 11 26 20 26 11 24 32 35 32 10 1 19 32 19 12 13 6 13 12 19 34 1 22 12 22 
1 10 32 27 0 6 
==============================

====== Algorithm Status ======
Valor:                5741
Time:                 64007
nIter:                7389
Best Iter:            7389
Improvement Count:    7388
==============================
Solution tour: 
0 27 17 18 17 8 31 8 30 25 31 15 31 24 8 24 30 31 25 8 21 33 21 29 16 29 21 28 23 14 9 
4 9 21 8 25 30 24 11 26 20 26 11 15 33 32 35 32 10 1 19 32 19 12 13 6 13 12 19 34 1 22 12 22 
1 10 32 27 0 6 
==============================

====== Algorithm Status ======
Valor:                5771
Time:                 128001
nIter:                14540
Best Iter:            14540
Improvement Count:    14539
==============================
Solution tour: 
0 27 17 18 17 30 8 31 8 24 8 30 25 31 25 8 21 33 21 29 16 29 21 28 23 14 9 
4 9 21 8 25 30 24 11 26 20 26 11 24 15 31 15 35 15 33 32 35 32 10 12 19 32 27 0 6 13 12 22 34 1 22 
1 10 32 19 12 13 6 
==============================

====== Algorithm Status ======
Valor:                5782
Time:                 256005
nIter:                29558
Best Iter:            29558
Improvement Count:    29557
==============================
Solution tour: 
0 27 17 18 17 24 8 31 8 24 30 25 31 25 8 21 33 21 29 16 29 21 28 23 14 9 
4 9 21 8 25 30 24 11 26 20 26 11 24 31 15 35 15 33 32 35 32 10 12 19 32 27 0 6 13 12 22 34 1 22 
1 10 32 19 12 13 6 
==============================

====== Algorithm Status ======
Valor:                5784
Time:                 512007
nIter:                60480
Best Iter:            60480
Improvement Count:    60479
==============================
Solution tour: 
0 27 17 18 17 24 8 31 8 24 30 25 31 25 8 21 33 21 29 16 29 21 28 23 14 9 
4 9 21 8 25 30 24 11 26 20 26 11 24 15 31 15 33 32 35 32 10 12 21 12 19 32 27 0 6 13 12 22 34 1 22 
1 10 32 19 12 13 6 
==============================

====== Algorithm Status ======
Valor:                5784
Time:                 1024003
nIter:                121824
Best Iter:            121824
Improvement Count:    121825
==============================
Solution tour: 
0 27 17 18 17 24 8 31 8 24 30 25 31 25 8 21 33 21 29 16 29 21 28 23 14 9 
4 9 21 8 25 30 24 11 26 20 26 11 24 15 31 15 33 32 35 32 10 12 21 12 19 32 27 0 6 13 12 22 34 1 22 
1 10 32 19 12 13 6 
==============================

====== Algorithm Status ======
Valor:                5784
Time:                 1024003
nIter:                121824
Best Iter:            121824
Improvement Count:    121825
==============================
Solution tour: 
0 27 17 18 17 24 8 31 8 24 30 25 31 25 8 21 33 21 29 16 29 21 28 23 14 9 
4 9 21 8 25 30 24 11 26 20 26 11 24 15 31 15 33 32 35 32 10 12 21 12 19 32 27 0 6 13 12 22 34 1 22 
1 10 32 19 12 13 6 
==============================

