=========== Input ===========
File name:                ./instances/created-instances/mm-10-25-1767920.cdop
Total node count:         36
Truck node count:         10
Drone node count:         25
=============================

========== Settings ==========
Settings file:        ./settings/Memetic_MMX_1881515.config
Seed:                 1881515
Reduction method:     -
Max iter:             1024000
Population size:      13
Crossover:            MA-MMX
Local Search:         LS
Warm Start:           -
==============================

====== Algorithm Status ======
Valor:                5615
Time:                 261
nIter:                37
Best Iter:            37
Improvement Count:    36
==============================
Solution tour: 
0 33 13 17 13 18 33 0 25 21 30 21 33 18 16 22 24 5 24 22 16 20 12 20 23 18 31 9 10 9 26 9 31 
3 27 1 31 1 32 31 14 31 18 23 8 23 19 28 
4 28 11 19 17 20 16 15 12 23 12 28 8 1 25 0 30 
==============================

====== Algorithm Status ======
Valor:                5808
Time:                 503
nIter:                76
Best Iter:            76
Improvement Count:    75
==============================
Solution tour: 
0 33 13 17 13 18 33 25 33 21 30 21 33 6 33 18 16 22 24 5 22 5 24 22 16 20 12 20 23 18 31 9 10 9 26 10 27 3 10 
3 27 1 31 1 32 31 14 31 18 23 8 23 19 17 19 11 19 20 15 28 8 1 25 0 30 0 13 32 1 8 
==============================

====== Algorithm Status ======
Valor:                5957
Time:                 1002
nIter:                172
Best Iter:            172
Improvement Count:    171
==============================
Solution tour: 
0 33 13 17 13 18 33 21 30 21 33 6 33 18 20 16 22 24 5 2 5 22 5 24 22 16 20 12 20 23 18 31 9 10 9 26 10 27 3 10 
3 27 1 31 1 32 1 31 14 31 18 23 8 23 17 19 11 19 20 35 34 15 28 8 1 25 0 30 0 25 7 8 13 33 
==============================

====== Algorithm Status ======
Valor:                6010
Time:                 2004
nIter:                350
Best Iter:            350
Improvement Count:    349
==============================
Solution tour: 
0 33 13 17 13 18 33 21 30 21 33 6 33 18 16 22 24 5 2 5 22 5 24 22 16 18 25 3 31 9 10 9 26 10 26 27 3 10 
3 27 1 27 9 31 1 32 1 31 14 31 18 23 8 23 19 11 19 17 19 20 12 20 35 34 15 28 8 0 30 0 8 7 8 13 33 
==============================

====== Algorithm Status ======
Valor:                6046
Time:                 4002
nIter:                630
Best Iter:            630
Improvement Count:    629
==============================
Solution tour: 
0 33 13 17 13 33 21 30 21 33 6 33 18 11 20 16 22 24 5 2 5 22 5 24 22 16 18 33 25 3 31 9 10 9 26 27 3 10 
3 27 1 27 26 9 31 1 32 1 31 14 31 18 23 8 23 19 17 19 20 12 15 28 8 1 25 0 30 0 25 8 7 8 13 
==============================

====== Algorithm Status ======
Valor:                6046
Time:                 8005
nIter:                1221
Best Iter:            1221
Improvement Count:    1220
==============================
Solution tour: 
0 33 13 17 13 33 21 30 21 33 6 33 18 11 20 16 22 24 5 2 5 22 5 24 22 16 18 33 25 3 31 9 10 9 26 27 3 10 
3 27 1 27 26 9 31 1 32 1 31 14 31 18 23 8 23 19 17 19 20 12 15 28 8 1 25 0 30 0 25 8 7 8 13 
==============================

====== Algorithm Status ======
Valor:                6203
Time:                 16005
nIter:                2393
Best Iter:            2393
Improvement Count:    2392
==============================
Solution tour: 
0 33 13 17 13 18 33 21 30 21 33 6 33 18 11 20 16 22 5 2 5 24 22 2 22 24 5 22 16 20 11 23 18 25 3 10 
3 27 1 27 3 31 9 26 9 10 9 31 1 32 1 31 14 31 18 23 8 23 20 19 17 19 20 12 28 15 28 8 1 25 0 30 0 13 33 
==============================

====== Algorithm Status ======
Valor:                6232
Time:                 32000
nIter:                4717
Best Iter:            4717
Improvement Count:    4716
==============================
Solution tour: 
0 33 13 17 13 18 33 
6 33 21 30 21 33 18 20 16 22 5 2 5 24 22 2 22 24 5 22 16 20 11 8 17 8 23 18 25 3 10 
3 27 1 27 3 31 9 26 9 10 9 31 1 32 1 31 14 31 18 23 20 19 17 19 20 12 28 15 28 12 20 23 8 1 25 0 30 0 13 33 
==============================

====== Algorithm Status ======
Valor:                6312
Time:                 64000
nIter:                8042
Best Iter:            8042
Improvement Count:    8041
==============================
Solution tour: 
0 33 13 17 13 18 33 
6 33 21 30 21 33 18 20 16 22 24 5 2 5 24 22 2 22 5 22 16 20 11 23 8 17 8 23 18 31 9 10 3 25 
3 27 1 27 3 10 9 26 9 31 1 32 1 31 14 31 18 23 20 19 17 19 20 12 28 15 28 12 20 13 33 0 30 0 25 
==============================

====== Algorithm Status ======
Valor:                6312
Time:                 128005
nIter:                14502
Best Iter:            14502
Improvement Count:    14501
==============================
Solution tour: 
0 33 13 17 13 18 33 
6 33 21 30 21 33 18 20 16 22 24 5 2 5 24 22 2 22 5 22 16 20 11 23 8 17 8 23 18 31 9 10 3 25 
3 27 1 27 3 10 9 26 9 31 1 32 1 31 14 31 18 23 20 19 17 19 20 12 28 15 28 12 20 13 33 0 30 0 25 
==============================

====== Algorithm Status ======
Valor:                6326
Time:                 256017
nIter:                27207
Best Iter:            27207
Improvement Count:    27206
==============================
Solution tour: 
0 33 13 17 13 18 33 
6 33 21 30 21 33 18 11 20 16 22 24 5 2 5 24 22 2 22 5 22 16 7 8 17 8 23 18 31 9 10 3 25 
3 27 1 27 3 10 9 26 9 31 1 32 1 31 14 31 18 23 8 20 19 17 19 20 12 28 15 28 12 20 13 33 0 30 0 25 
==============================

====== Algorithm Status ======
Valor:                6326
Time:                 512001
nIter:                51374
Best Iter:            51374
Improvement Count:    51373
==============================
Solution tour: 
0 33 13 17 13 18 33 
6 33 21 30 21 33 18 11 20 16 22 24 5 2 5 24 22 2 22 5 22 16 7 8 17 8 23 18 31 9 10 3 25 
3 27 1 27 3 10 9 26 9 31 1 32 1 31 14 31 18 23 8 20 19 17 19 20 12 28 15 28 12 20 13 33 0 30 0 25 
==============================

====== Algorithm Status ======
Valor:                6360
Time:                 1024003
nIter:                101872
Best Iter:            101872
Improvement Count:    101873
==============================
Solution tour: 
0 33 13 17 19 23 18 33 
6 33 21 30 21 33 18 11 20 16 24 5 2 5 24 22 2 22 5 22 16 22 24 16 18 31 9 10 3 25 
3 27 1 27 3 10 9 26 9 31 1 32 1 31 14 31 18 23 8 23 20 12 28 15 28 12 20 19 17 13 33 0 30 0 25 
==============================

====== Algorithm Status ======
Valor:                6360
Time:                 1024003
nIter:                101872
Best Iter:            101872
Improvement Count:    101873
==============================
Solution tour: 
0 33 13 17 19 23 18 33 
6 33 21 30 21 33 18 11 20 16 24 5 2 5 24 22 2 22 5 22 16 22 24 16 18 31 9 10 3 25 
3 27 1 27 3 10 9 26 9 31 1 32 1 31 14 31 18 23 8 23 20 12 28 15 28 12 20 19 17 13 33 0 30 0 25 
==============================

