=========== Input ===========
File name:                ./instances/created-instances/mm-10-10-1110588.cdop
Total node count:         21
Truck node count:         10
Drone node count:         10
=============================

========== Settings ==========
Settings file:        ./settings/Memetic-LS_MPX_1881515.config
Seed:                 1881515
Reduction method:     -
Max iter:             1024000
Population size:      13
Crossover:            MA-MPX
Local Search:         -
Warm Start:           -
==============================

====== Algorithm Status ======
Valor:                2280
Time:                 250
nIter:                758
Best Iter:            758
Improvement Count:    757
==============================
Solution tour: 
0 13 12 
3 12 18 
2 
6 15 17 15 
1 0 14 15 7 
9 4 13 
4 14 
10 11 16 
7 16 
8 14 16 11 
5 11 
==============================

====== Algorithm Status ======
Valor:                2367
Time:                 500
nIter:                1477
Best Iter:            1477
Improvement Count:    1476
==============================
Solution tour: 
0 13 12 
3 12 18 
2 
6 15 17 15 
1 0 14 15 7 
9 4 13 
4 14 
10 11 16 
7 16 14 
8 14 16 11 
5 11 
==============================

====== Algorithm Status ======
Valor:                2538
Time:                 1000
nIter:                2967
Best Iter:            2967
Improvement Count:    2966
==============================
Solution tour: 
0 12 13 20 16 
8 14 16 11 
5 11 
10 11 16 
7 16 14 
3 12 18 
2 
6 15 17 7 15 
1 15 7 
9 4 13 
4 14 
==============================

====== Algorithm Status ======
Valor:                2546
Time:                 2000
nIter:                5855
Best Iter:            5855
Improvement Count:    5854
==============================
Solution tour: 
0 12 13 20 16 
8 14 16 11 
5 11 10 15 
10 11 15 
7 16 14 
3 12 18 
2 
6 15 17 
1 16 7 
9 4 13 
4 14 
==============================

====== Algorithm Status ======
Valor:                2723
Time:                 4000
nIter:                11895
Best Iter:            11895
Improvement Count:    11894
==============================
Solution tour: 
0 19 12 13 20 16 
8 14 16 11 
5 11 10 15 
10 11 16 
7 16 14 
3 12 18 
2 
6 15 17 
1 15 7 
9 13 
4 13 12 
==============================

====== Algorithm Status ======
Valor:                2952
Time:                 8000
nIter:                23355
Best Iter:            23355
Improvement Count:    23354
==============================
Solution tour: 
0 19 0 12 13 20 16 
8 14 16 11 
5 11 10 15 
10 11 16 
7 16 14 
3 12 18 12 
2 
6 15 17 15 
1 
9 13 
4 13 12 
==============================

====== Algorithm Status ======
Valor:                2970
Time:                 16000
nIter:                47098
Best Iter:            47098
Improvement Count:    47097
==============================
Solution tour: 
0 19 0 12 13 20 16 
8 14 16 11 
5 11 10 15 
10 11 16 
7 16 14 
3 12 18 12 
2 
6 15 7 15 
1 
9 13 
4 13 12 
==============================

====== Algorithm Status ======
Valor:                2973
Time:                 32000
nIter:                91703
Best Iter:            91703
Improvement Count:    91702
==============================
Solution tour: 
0 19 0 12 13 20 16 
8 14 16 11 
5 11 10 15 
10 11 16 
7 16 14 
3 12 18 12 
2 
6 2 15 7 15 
1 
9 13 
4 13 12 
==============================

====== Algorithm Status ======
Valor:                3023
Time:                 64000
nIter:                176966
Best Iter:            176966
Improvement Count:    176965
==============================
Solution tour: 
0 19 0 12 13 20 16 
8 14 16 11 
5 11 10 15 
10 11 16 
7 16 14 
3 12 18 12 
2 
6 15 7 15 17 
9 13 
4 13 12 
==============================

====== Algorithm Status ======
Valor:                3039
Time:                 128000
nIter:                342945
Best Iter:            342945
Improvement Count:    342944
==============================
Solution tour: 
0 19 0 12 13 20 13 16 
8 14 16 11 
5 11 10 15 
10 11 16 
7 16 14 
3 12 18 12 
2 
6 15 7 15 17 
9 13 
4 13 12 
==============================

====== Algorithm Status ======
Valor:                3117
Time:                 256000
nIter:                669207
Best Iter:            669207
Improvement Count:    669206
==============================
Solution tour: 
0 19 0 12 13 20 11 10 14 
8 14 16 11 
5 11 10 15 
10 11 16 
7 16 14 
3 12 18 12 
2 
6 15 7 15 17 
9 13 
4 13 12 
==============================

====== Algorithm Status ======
Valor:                3117
Time:                 512000
nIter:                1312671
Best Iter:            1312671
Improvement Count:    1312670
==============================
Solution tour: 
0 19 0 12 13 20 11 10 14 
8 14 16 11 
5 11 10 15 
10 11 16 
7 16 14 
3 12 18 12 
2 
6 15 7 15 17 
9 13 
4 13 12 
==============================

====== Algorithm Status ======
Valor:                3196
Time:                 1024001
nIter:                2571373
Best Iter:            2571373
Improvement Count:    2571374
==============================
Solution tour: 
0 19 0 12 13 20 11 10 14 
1 
8 14 16 11 
5 11 10 15 
10 11 16 
7 16 14 
3 12 18 12 6 
2 
6 15 7 15 17 20 13 
4 13 12 
==============================

====== Algorithm Status ======
Valor:                3196
Time:                 1024001
nIter:                2571373
Best Iter:            2571373
Improvement Count:    2571374
==============================
Solution tour: 
0 19 0 12 13 20 11 10 14 
1 
8 14 16 11 
5 11 10 15 
10 11 16 
7 16 14 
3 12 18 12 6 
2 
6 15 7 15 17 20 13 
4 13 12 
==============================

