=========== Input ===========
File name:                ./instances/created-instances/mm-10-40-1762875.cdop
Total node count:         51
Truck node count:         10
Drone node count:         40
=============================

========== Settings ==========
Settings file:        ./settings/Memetic-LS_MPX_1881515.config
Seed:                 1881515
Reduction method:     -
Max iter:             1024000
Population size:      13
Crossover:            MA-MPX
Local Search:         -
Warm Start:           -
==============================

====== Algorithm Status ======
Valor:                2859
Time:                 250
nIter:                276
Best Iter:            276
Improvement Count:    275
==============================
Solution tour: 
0 
6 26 40 31 
8 24 33 
1 40 
2 45 35 9 
5 39 
7 
9 34 
3 31 40 15 45 40 
10 50 
4 32 43 14 40 47 39 
==============================

====== Algorithm Status ======
Valor:                2923
Time:                 500
nIter:                508
Best Iter:            508
Improvement Count:    507
==============================
Solution tour: 
0 
6 26 40 31 
8 24 33 
1 40 
9 34 
3 31 40 15 45 40 
10 50 
4 32 43 14 40 47 39 
2 45 35 9 
5 39 
7 
==============================

====== Algorithm Status ======
Valor:                3018
Time:                 1000
nIter:                935
Best Iter:            935
Improvement Count:    934
==============================
Solution tour: 
0 
2 45 35 9 
4 32 43 14 40 47 39 
5 39 
7 42 
6 26 40 31 
8 24 33 
1 40 
9 34 
3 40 15 40 
10 50 
==============================

====== Algorithm Status ======
Valor:                3018
Time:                 2000
nIter:                1854
Best Iter:            1854
Improvement Count:    1853
==============================
Solution tour: 
0 
2 45 35 9 
4 32 43 14 40 47 39 
5 39 
7 42 
6 26 40 31 
8 24 33 
1 40 
9 34 
3 40 15 40 
10 50 
==============================

====== Algorithm Status ======
Valor:                3223
Time:                 4000
nIter:                3629
Best Iter:            3629
Improvement Count:    3628
==============================
Solution tour: 
0 
2 29 45 35 27 9 
4 32 43 14 40 47 39 
5 39 
7 42 
6 26 40 31 
8 24 33 
1 40 
3 40 15 40 
10 46 
9 34 
==============================

====== Algorithm Status ======
Valor:                3399
Time:                 8000
nIter:                7110
Best Iter:            7110
Improvement Count:    7109
==============================
Solution tour: 
0 
2 29 45 35 27 9 
5 39 
7 42 
6 26 40 31 
8 24 32 
1 29 
3 40 15 40 
9 34 
10 46 
4 33 43 14 16 40 47 39 
==============================

====== Algorithm Status ======
Valor:                3817
Time:                 16000
nIter:                14200
Best Iter:            14200
Improvement Count:    14199
==============================
Solution tour: 
0 
2 16 17 35 27 9 
5 39 
7 42 
6 21 8 40 31 
8 24 26 32 
9 34 
1 29 40 
3 37 30 15 40 
10 46 
4 14 43 33 45 47 39 
==============================

====== Algorithm Status ======
Valor:                4133
Time:                 32007
nIter:                28179
Best Iter:            28179
Improvement Count:    28178
==============================
Solution tour: 
0 
2 0 33 16 17 35 27 9 
5 39 
7 42 
6 21 40 31 
8 24 26 32 
10 46 
9 34 22 
1 29 
3 37 8 30 45 15 
4 14 43 33 45 40 47 39 
==============================

====== Algorithm Status ======
Valor:                4446
Time:                 64003
nIter:                53782
Best Iter:            53782
Improvement Count:    53781
==============================
Solution tour: 
0 
2 0 24 16 35 17 35 27 9 
7 27 21 40 31 8 24 26 24 32 
10 46 
9 34 22 
1 29 
3 37 
8 30 45 28 15 
4 14 43 33 45 40 47 39 
5 13 
6 42 
==============================

====== Algorithm Status ======
Valor:                4964
Time:                 128000
nIter:                102036
Best Iter:            102036
Improvement Count:    102035
==============================
Solution tour: 
0 35 34 22 1 
2 0 24 16 35 33 
1 29 
3 37 
8 30 45 15 37 15 28 15 
4 14 43 
9 46 48 47 39 
5 13 
6 42 
7 27 21 40 31 8 24 26 24 12 19 32 
10 13 5 27 9 
==============================

====== Algorithm Status ======
Valor:                5158
Time:                 256008
nIter:                190636
Best Iter:            190636
Improvement Count:    190635
==============================
Solution tour: 
0 35 34 22 1 
2 0 24 16 35 33 
1 29 
3 37 
8 30 45 15 37 15 28 15 
4 14 43 
9 46 48 47 39 
5 13 41 0 
6 42 
7 27 21 40 31 8 24 31 24 26 12 19 32 
10 13 5 27 9 
==============================

====== Algorithm Status ======
Valor:                5221
Time:                 512000
nIter:                358656
Best Iter:            358656
Improvement Count:    358655
==============================
Solution tour: 
0 35 34 22 1 
2 0 24 16 35 33 
1 29 
3 37 8 30 45 15 37 15 28 15 
4 14 43 
9 46 48 47 39 
5 13 41 0 
6 42 
7 27 21 24 31 40 31 30 8 24 31 24 26 12 19 32 
10 13 5 27 9 
==============================

====== Algorithm Status ======
Valor:                5717
Time:                 1024001
nIter:                680824
Best Iter:            680824
Improvement Count:    680825
==============================
Solution tour: 
0 
6 42 
7 27 21 16 24 31 40 31 30 8 31 24 26 24 1 32 
10 13 5 39 46 
4 43 14 43 
9 27 48 47 39 
5 13 41 0 
2 0 8 24 16 35 33 22 
1 29 12 
8 37 
3 37 8 30 45 15 37 15 28 
==============================

====== Algorithm Status ======
Valor:                5717
Time:                 1024001
nIter:                680824
Best Iter:            680824
Improvement Count:    680825
==============================
Solution tour: 
0 
6 42 
7 27 21 16 24 31 40 31 30 8 31 24 26 24 1 32 
10 13 5 39 46 
4 43 14 43 
9 27 48 47 39 
5 13 41 0 
2 0 8 24 16 35 33 22 
1 29 12 
8 37 
3 37 8 30 45 15 37 15 28 
==============================

