=========== Input ===========
File name:                ./instances/created-instances/mm-25-25-1917698.cdop
Total node count:         51
Truck node count:         25
Drone node count:         25
=============================

========== Settings ==========
Settings file:        ./settings/Memetic_MMX_1287823.config
Seed:                 1287823
Reduction method:     -
Max iter:             1024000
Population size:      13
Crossover:            MA-MMX
Local Search:         LS
Warm Start:           -
==============================

====== Algorithm Status ======
Valor:                5396
Time:                 251
nIter:                19
Best Iter:            19
Improvement Count:    18
==============================
Solution tour: 
0 4 37 31 43 31 44 9 22 45 6 46 33 46 49 9 31 9 49 33 28 33 32 46 6 33 48 12 3 12 18 44 48 6 48 47 0 
2 35 49 12 48 41 12 49 35 45 40 45 15 34 28 39 43 41 
3 31 15 19 42 19 38 29 37 4 
==============================

====== Algorithm Status ======
Valor:                5551
Time:                 508
nIter:                37
Best Iter:            37
Improvement Count:    36
==============================
Solution tour: 
0 4 37 31 43 31 44 9 22 45 6 46 32 33 46 49 9 35 9 44 31 9 31 9 49 33 28 33 32 46 33 49 12 48 12 3 12 18 44 48 6 48 47 0 18 26 
2 35 49 3 49 35 45 40 45 15 34 28 39 43 41 
3 31 15 31 19 42 19 38 29 37 4 
==============================

====== Algorithm Status ======
Valor:                5843
Time:                 1003
nIter:                80
Best Iter:            80
Improvement Count:    79
==============================
Solution tour: 
0 4 37 31 9 46 14 49 9 35 9 44 29 26 2 5 39 5 39 24 39 28 12 46 33 28 33 46 32 33 9 31 43 31 18 44 9 48 6 48 47 0 
2 35 49 12 48 12 3 12 49 35 45 40 45 15 34 28 39 43 41 
3 31 15 31 19 42 19 38 29 37 4 
==============================

====== Algorithm Status ======
Valor:                5901
Time:                 2012
nIter:                154
Best Iter:            154
Improvement Count:    153
==============================
Solution tour: 
0 4 37 31 9 46 14 46 49 9 35 9 44 29 26 2 5 39 5 39 24 39 28 12 46 33 28 33 46 32 33 9 31 43 31 18 44 9 48 6 48 47 
2 35 49 12 48 12 3 12 49 35 46 6 45 40 45 15 34 28 39 43 41 
3 31 15 31 37 19 42 19 38 29 37 4 
==============================

====== Algorithm Status ======
Valor:                5927
Time:                 4007
nIter:                285
Best Iter:            285
Improvement Count:    284
==============================
Solution tour: 
0 4 37 29 26 49 9 35 9 44 29 26 2 5 39 5 39 24 39 28 12 46 33 28 33 46 32 33 9 31 14 43 31 44 18 31 43 31 18 44 9 48 47 
2 35 49 12 48 12 3 12 49 35 14 46 6 45 40 45 15 34 28 39 43 41 
3 31 15 31 37 19 42 19 38 29 37 4 
==============================

====== Algorithm Status ======
Valor:                5985
Time:                 8011
nIter:                534
Best Iter:            534
Improvement Count:    533
==============================
Solution tour: 
0 4 37 29 38 14 49 9 35 9 44 29 26 2 5 39 24 39 28 12 46 32 33 28 33 46 33 9 31 43 31 18 44 9 48 47 0 
2 35 49 12 48 12 3 12 49 35 14 46 6 22 45 40 45 15 34 28 39 43 41 
3 31 15 31 37 19 42 19 38 29 37 4 
==============================

====== Algorithm Status ======
Valor:                6136
Time:                 16000
nIter:                1086
Best Iter:            1086
Improvement Count:    1085
==============================
Solution tour: 
0 4 37 4 37 31 9 49 9 44 5 39 5 39 24 39 28 12 28 33 46 33 28 34 32 33 9 31 43 31 3 44 18 44 9 35 12 48 47 26 29 38 29 26 
2 35 49 35 9 48 12 3 
12 49 46 14 46 6 45 40 45 15 34 28 39 43 41 
3 31 15 31 37 4 19 42 19 4 
==============================

====== Algorithm Status ======
Valor:                6311
Time:                 32014
nIter:                2100
Best Iter:            2100
Improvement Count:    2099
==============================
Solution tour: 
0 4 37 29 37 31 9 49 30 5 39 24 39 28 12 28 33 32 33 46 33 28 34 9 31 43 31 3 44 18 44 9 35 12 48 47 26 29 38 29 26 
2 35 49 35 9 44 48 12 3 12 46 14 46 6 45 40 45 15 34 28 39 5 30 43 41 
3 31 15 31 37 4 19 42 19 4 
==============================

====== Algorithm Status ======
Valor:                6313
Time:                 64007
nIter:                4207
Best Iter:            4207
Improvement Count:    4206
==============================
Solution tour: 
0 4 37 29 37 31 9 49 30 5 39 24 39 28 12 28 33 32 33 46 33 28 34 9 31 43 31 3 44 18 44 9 35 12 48 47 26 29 38 29 26 
2 35 49 35 9 44 48 12 3 12 46 14 46 6 45 6 45 40 45 15 34 28 39 5 30 43 41 
3 31 15 31 37 4 19 42 19 4 
==============================

====== Algorithm Status ======
Valor:                6427
Time:                 128011
nIter:                8331
Best Iter:            8331
Improvement Count:    8330
==============================
Solution tour: 
0 4 37 29 37 31 9 49 5 30 5 39 24 39 28 12 28 33 32 33 46 33 28 34 9 31 43 31 3 44 18 31 18 44 9 35 12 48 47 26 29 38 29 26 
2 35 49 35 9 44 3 48 12 3 12 49 9 12 46 6 45 40 45 15 34 28 32 33 9 34 15 3 41 
3 31 15 31 37 4 19 42 19 4 
==============================

====== Algorithm Status ======
Valor:                6469
Time:                 256013
nIter:                16117
Best Iter:            16117
Improvement Count:    16116
==============================
Solution tour: 
0 4 37 29 37 31 9 30 5 39 24 39 
5 39 28 12 28 33 32 33 46 33 28 34 9 31 43 31 3 44 18 31 18 44 9 35 12 48 47 26 29 38 29 26 
2 35 49 35 9 44 3 48 12 3 12 49 9 49 12 46 6 45 40 45 15 34 28 32 33 9 34 15 3 41 
3 31 15 31 37 4 19 42 19 4 
==============================

====== Algorithm Status ======
Valor:                6512
Time:                 512029
nIter:                31197
Best Iter:            31197
Improvement Count:    31196
==============================
Solution tour: 
0 4 37 29 37 31 9 46 33 32 28 39 24 39 
5 39 28 32 33 46 12 28 33 28 34 9 31 43 31 3 44 18 31 18 44 9 35 12 48 47 2 26 29 38 29 26 
2 35 49 35 9 44 3 48 12 3 12 49 9 49 12 46 6 45 40 45 15 34 28 12 38 36 25 36 41 
3 31 15 31 37 4 19 42 19 4 
==============================

====== Algorithm Status ======
Valor:                6512
Time:                 1024005
nIter:                60514
Best Iter:            60514
Improvement Count:    60515
==============================
Solution tour: 
0 4 37 29 37 31 9 46 33 32 28 39 24 39 
5 39 28 32 33 46 12 28 33 28 34 9 31 43 31 3 44 18 31 18 44 9 35 12 48 47 2 26 29 38 29 26 
2 35 49 35 9 44 3 48 12 3 12 49 9 49 12 46 6 45 40 45 15 34 28 12 38 36 25 36 41 
3 31 15 31 37 4 19 42 19 4 
==============================

====== Algorithm Status ======
Valor:                6512
Time:                 1024005
nIter:                60514
Best Iter:            60514
Improvement Count:    60515
==============================
Solution tour: 
0 4 37 29 37 31 9 46 33 32 28 39 24 39 
5 39 28 32 33 46 12 28 33 28 34 9 31 43 31 3 44 18 31 18 44 9 35 12 48 47 2 26 29 38 29 26 
2 35 49 35 9 44 3 48 12 3 12 49 9 49 12 46 6 45 40 45 15 34 28 12 38 36 25 36 41 
3 31 15 31 37 4 19 42 19 4 
==============================

