=========== Input ===========
File name:                ./instances/created-instances/mm-25-10-1767920.cdop
Total node count:         36
Truck node count:         25
Drone node count:         10
=============================

========== Settings ==========
Settings file:        ./settings/Memetic_MMX_1287823.config
Seed:                 1287823
Reduction method:     -
Max iter:             1024000
Population size:      13
Crossover:            MA-MMX
Local Search:         LS
Warm Start:           -
==============================

====== Algorithm Status ======
Valor:                3961
Time:                 251
nIter:                34
Best Iter:            34
Improvement Count:    33
==============================
Solution tour: 
0 17 8 35 33 22 33 35 8 32 34 5 11 8 2 7 30 11 27 24 27 11 30 
12 30 21 9 
15 10 15 21 16 1 3 1 8 7 
5 7 2 4 31 14 20 14 12 14 13 14 29 20 
13 17 
==============================

====== Algorithm Status ======
Valor:                4143
Time:                 500
nIter:                67
Best Iter:            67
Improvement Count:    66
==============================
Solution tour: 
0 17 24 8 27 24 11 27 8 35 33 22 33 35 8 32 34 7 11 27 11 30 11 8 2 7 8 1 3 1 8 7 
5 7 2 11 31 29 14 20 14 12 14 13 6 10 15 10 6 24 27 20 
13 17 22 17 
==============================

====== Algorithm Status ======
Valor:                4184
Time:                 1005
nIter:                142
Best Iter:            142
Improvement Count:    141
==============================
Solution tour: 
0 17 8 35 33 22 33 35 8 32 34 7 11 27 11 30 11 24 8 2 7 8 1 3 1 8 7 
5 7 2 11 31 29 14 20 14 12 14 13 6 10 15 10 6 24 27 24 13 20 
13 17 22 17 
==============================

====== Algorithm Status ======
Valor:                4249
Time:                 2005
nIter:                279
Best Iter:            279
Improvement Count:    278
==============================
Solution tour: 
0 17 0 35 33 22 33 35 8 27 32 8 32 34 7 11 27 11 30 11 27 24 8 2 7 8 24 27 8 1 3 1 8 7 
5 7 2 8 11 31 29 14 20 14 12 20 13 14 13 6 10 15 10 6 16 6 
13 17 22 17 
==============================

====== Algorithm Status ======
Valor:                4368
Time:                 4001
nIter:                548
Best Iter:            548
Improvement Count:    547
==============================
Solution tour: 
0 35 33 35 8 27 32 8 32 34 7 11 24 27 11 30 11 27 24 8 2 7 8 24 1 3 1 8 7 
5 7 2 8 11 31 29 14 0 17 13 20 14 20 13 14 13 6 10 15 10 6 16 6 
13 17 22 17 25 17 
==============================

====== Algorithm Status ======
Valor:                4397
Time:                 8003
nIter:                1080
Best Iter:            1080
Improvement Count:    1079
==============================
Solution tour: 
0 35 33 35 8 27 32 8 32 34 7 8 24 11 24 27 11 30 11 27 24 8 1 3 1 8 7 
5 7 2 8 2 7 11 31 29 14 0 17 13 20 14 20 13 14 13 6 10 15 10 6 16 6 
13 17 22 17 25 17 
==============================

====== Algorithm Status ======
Valor:                4399
Time:                 16003
nIter:                2187
Best Iter:            2187
Improvement Count:    2186
==============================
Solution tour: 
0 35 33 35 8 27 32 8 32 34 19 24 11 8 24 27 11 30 11 27 24 8 1 3 1 8 7 
5 7 2 8 2 7 8 11 31 29 14 0 17 13 20 14 20 13 14 13 6 10 15 10 6 16 6 
13 17 22 17 25 17 
==============================

====== Algorithm Status ======
Valor:                4411
Time:                 32005
nIter:                4341
Best Iter:            4341
Improvement Count:    4340
==============================
Solution tour: 
0 22 0 35 33 35 8 32 34 19 24 27 11 30 11 27 24 6 16 1 3 1 8 7 
5 7 2 7 8 2 8 24 8 11 31 29 14 0 17 13 20 14 20 13 14 13 6 10 15 10 16 6 
13 17 22 17 25 17 
==============================

====== Algorithm Status ======
Valor:                4413
Time:                 64005
nIter:                8815
Best Iter:            8815
Improvement Count:    8814
==============================
Solution tour: 
0 22 33 35 33 35 8 32 34 19 24 27 11 30 11 27 24 6 16 1 3 1 8 7 
5 7 8 2 7 2 8 24 8 11 31 29 14 0 17 13 20 14 20 13 14 13 6 10 15 10 6 
13 17 22 17 25 17 
==============================

====== Algorithm Status ======
Valor:                4457
Time:                 128000
nIter:                17664
Best Iter:            17664
Improvement Count:    17663
==============================
Solution tour: 
0 17 22 33 22 0 35 33 35 8 32 34 19 24 27 11 30 11 27 32 8 1 16 6 16 1 3 1 8 7 
5 7 2 7 8 27 24 8 24 11 31 29 14 0 17 13 20 14 20 13 14 13 6 10 15 10 6 
13 17 25 17 
==============================

====== Algorithm Status ======
Valor:                4465
Time:                 256003
nIter:                35775
Best Iter:            35775
Improvement Count:    35774
==============================
Solution tour: 
0 22 1 22 17 22 33 35 33 17 24 19 34 19 24 27 11 30 11 27 8 32 8 1 16 6 16 1 3 1 8 7 
5 7 2 7 8 27 24 8 24 11 31 29 14 0 17 13 20 14 20 13 14 13 6 10 15 10 6 
13 17 25 17 
==============================

====== Algorithm Status ======
Valor:                4480
Time:                 512000
nIter:                71647
Best Iter:            71647
Improvement Count:    71646
==============================
Solution tour: 
0 33 35 33 22 1 17 22 17 24 19 34 19 24 27 11 30 11 27 8 32 8 1 16 6 16 1 3 1 8 7 
5 7 2 7 8 27 24 8 24 11 31 29 14 0 17 13 20 14 20 13 14 13 6 10 15 10 6 
13 17 25 17 
==============================

====== Algorithm Status ======
Valor:                4480
Time:                 1024003
nIter:                142117
Best Iter:            142117
Improvement Count:    142118
==============================
Solution tour: 
0 33 35 33 22 1 17 22 17 24 19 34 19 24 27 11 30 11 27 8 32 8 1 16 6 16 1 3 1 8 7 
5 7 2 7 8 27 24 8 24 11 31 29 14 0 17 13 20 14 20 13 14 13 6 10 15 10 6 
13 17 25 17 
==============================

====== Algorithm Status ======
Valor:                4480
Time:                 1024003
nIter:                142117
Best Iter:            142117
Improvement Count:    142118
==============================
Solution tour: 
0 33 35 33 22 1 17 22 17 24 19 34 19 24 27 11 30 11 27 8 32 8 1 16 6 16 1 3 1 8 7 
5 7 2 7 8 27 24 8 24 11 31 29 14 0 17 13 20 14 20 13 14 13 6 10 15 10 6 
13 17 25 17 
==============================

