=========== Input ===========
File name:                ./instances/created-instances/mm-5-40-1762875.cdop
Total node count:         46
Truck node count:         5
Drone node count:         40
=============================

========== Settings ==========
Settings file:        ./settings/Memetic-LS_MPX_1881515.config
Seed:                 1881515
Reduction method:     -
Max iter:             1024000
Population size:      13
Crossover:            MA-MPX
Local Search:         -
Warm Start:           -
==============================

====== Algorithm Status ======
Valor:                3300
Time:                 250
nIter:                357
Best Iter:            357
Improvement Count:    356
==============================
Solution tour: 
0 
2 26 34 42 29 39 30 20 17 11 15 20 36 44 
3 12 30 39 
1 29 13 45 
5 28 31 14 23 22 25 35 27 10 
4 41 
==============================

====== Algorithm Status ======
Valor:                3453
Time:                 500
nIter:                644
Best Iter:            644
Improvement Count:    643
==============================
Solution tour: 
0 34 
2 26 34 42 27 22 39 32 20 17 11 15 20 36 44 
3 12 11 34 30 39 
1 29 13 45 
5 28 31 14 23 29 25 44 10 
4 41 
==============================

====== Algorithm Status ======
Valor:                3835
Time:                 1004
nIter:                1150
Best Iter:            1150
Improvement Count:    1149
==============================
Solution tour: 
0 42 12 
2 26 34 35 27 22 39 32 20 17 11 15 30 36 44 
3 12 11 34 31 39 
1 29 13 45 
5 28 23 14 25 44 10 
4 41 
==============================

====== Algorithm Status ======
Valor:                3958
Time:                 2000
nIter:                2108
Best Iter:            2108
Improvement Count:    2107
==============================
Solution tour: 
0 42 28 40 
2 26 34 35 27 22 23 39 32 20 17 11 15 30 36 44 
3 12 11 34 31 39 
1 29 38 13 45 
5 28 23 14 25 44 10 
4 41 
==============================

====== Algorithm Status ======
Valor:                4247
Time:                 4000
nIter:                3899
Best Iter:            3899
Improvement Count:    3898
==============================
Solution tour: 
0 26 34 42 38 
2 26 11 35 27 22 7 18 32 39 23 20 17 28 15 30 36 44 
3 12 34 31 39 
1 29 13 38 13 40 45 
5 28 23 14 25 23 44 10 
4 41 
==============================

====== Algorithm Status ======
Valor:                4294
Time:                 8000
nIter:                7022
Best Iter:            7022
Improvement Count:    7021
==============================
Solution tour: 
0 26 34 42 38 
2 26 11 22 35 27 7 18 32 39 23 20 17 28 17 15 30 36 44 
3 12 34 31 39 
1 29 16 13 38 13 40 45 
5 28 23 14 25 23 44 10 
4 41 
==============================

====== Algorithm Status ======
Valor:                4550
Time:                 16000
nIter:                12703
Best Iter:            12703
Improvement Count:    12702
==============================
Solution tour: 
0 26 34 12 8 38 
2 28 42 22 12 41 27 35 7 18 32 39 23 20 17 28 17 15 30 36 44 
3 16 34 31 10 39 32 
1 29 11 38 13 38 40 45 
5 28 23 14 25 44 10 
4 10 
==============================

====== Algorithm Status ======
Valor:                4801
Time:                 32000
nIter:                24576
Best Iter:            24576
Improvement Count:    24575
==============================
Solution tour: 
0 26 11 8 5 38 
2 28 42 22 12 4 41 27 35 7 18 31 39 23 28 17 20 17 15 30 36 44 
3 16 34 31 10 39 32 
1 29 11 38 13 38 40 45 
5 28 23 14 25 44 10 
4 18 26 
==============================

====== Algorithm Status ======
Valor:                5139
Time:                 64000
nIter:                48023
Best Iter:            48023
Improvement Count:    48022
==============================
Solution tour: 
0 26 11 8 6 40 38 
2 16 42 22 12 4 41 27 35 27 7 30 34 23 28 17 20 23 15 30 36 30 39 44 
3 28 31 10 31 39 32 
1 29 15 11 38 13 38 40 45 
5 28 23 44 25 14 
4 18 26 
==============================

====== Algorithm Status ======
Valor:                5360
Time:                 128001
nIter:                88816
Best Iter:            88816
Improvement Count:    88815
==============================
Solution tour: 
0 26 11 8 45 40 6 38 
2 16 42 22 12 4 41 27 35 27 7 30 34 23 28 17 20 23 36 30 15 30 39 44 
3 28 31 10 31 39 32 
1 29 15 11 38 13 38 40 45 
5 28 23 44 25 14 41 
4 18 26 
==============================

====== Algorithm Status ======
Valor:                5454
Time:                 256000
nIter:                164538
Best Iter:            164538
Improvement Count:    164537
==============================
Solution tour: 
0 26 11 8 45 40 6 38 
2 16 42 22 12 4 41 27 35 27 7 30 34 23 28 20 17 20 23 36 30 15 30 39 44 
3 39 31 10 31 39 32 24 
1 29 15 11 38 13 38 40 45 
5 28 23 44 23 25 14 41 
4 18 26 
==============================

====== Algorithm Status ======
Valor:                5622
Time:                 512001
nIter:                312610
Best Iter:            312610
Improvement Count:    312609
==============================
Solution tour: 
0 26 11 5 45 40 6 38 
2 16 42 22 12 4 41 35 27 7 30 34 23 28 20 17 20 23 36 30 15 30 39 44 
3 39 31 10 31 39 32 24 
1 29 15 11 38 13 38 40 45 
5 28 23 44 23 19 25 14 36 41 8 26 18 26 
==============================

====== Algorithm Status ======
Valor:                5622
Time:                 1024006
nIter:                599824
Best Iter:            599824
Improvement Count:    599825
==============================
Solution tour: 
0 26 11 5 45 40 6 38 
2 16 42 22 12 4 41 35 27 7 30 34 23 28 20 17 20 23 36 30 15 30 39 44 
3 39 31 10 31 39 32 24 
1 29 15 11 38 13 38 40 45 
5 28 23 44 23 19 25 14 36 41 8 26 18 26 
==============================

====== Algorithm Status ======
Valor:                5622
Time:                 1024006
nIter:                599824
Best Iter:            599824
Improvement Count:    599825
==============================
Solution tour: 
0 26 11 5 45 40 6 38 
2 16 42 22 12 4 41 35 27 7 30 34 23 28 20 17 20 23 36 30 15 30 39 44 
3 39 31 10 31 39 32 24 
1 29 15 11 38 13 38 40 45 
5 28 23 44 23 19 25 14 36 41 8 26 18 26 
==============================

