=========== Input ===========
File name:                ./instances/created-instances/mm-20-25-1767920.cdop
Total node count:         46
Truck node count:         20
Drone node count:         25
=============================

========== Settings ==========
Settings file:        ./settings/Memetic-LS_MMX_1881515.config
Seed:                 1881515
Reduction method:     -
Max iter:             1024000
Population size:      13
Crossover:            MA-MMX
Local Search:         -
Warm Start:           -
==============================

====== Algorithm Status ======
Valor:                1612
Time:                 250
nIter:                417
Best Iter:            417
Improvement Count:    416
==============================
Solution tour: 
0 
17 
12 
20 23 
13 
2 11 33 11 
15 11 
18 20 
7 
6 
1 31 
16 31 
8 39 
==============================

====== Algorithm Status ======
Valor:                1858
Time:                 500
nIter:                782
Best Iter:            782
Improvement Count:    781
==============================
Solution tour: 
0 
17 
12 29 
20 23 
13 31 33 11 
15 11 
18 
7 
6 11 
1 
16 31 5 31 42 40 
==============================

====== Algorithm Status ======
Valor:                2436
Time:                 1002
nIter:                1511
Best Iter:            1511
Improvement Count:    1510
==============================
Solution tour: 
0 
17 33 34 29 
20 
13 23 31 0 23 0 31 23 
4 
12 
6 11 
1 29 
16 31 21 31 42 
10 
9 32 42 40 
==============================

====== Algorithm Status ======
Valor:                2778
Time:                 2002
nIter:                2964
Best Iter:            2964
Improvement Count:    2963
==============================
Solution tour: 
0 
14 0 33 34 35 29 
20 
13 23 31 0 41 
4 
12 
6 
1 11 29 
16 31 21 44 42 
10 
9 32 42 40 
==============================

====== Algorithm Status ======
Valor:                3105
Time:                 4003
nIter:                5828
Best Iter:            5828
Improvement Count:    5827
==============================
Solution tour: 
0 
14 0 35 33 35 34 35 29 
20 
13 23 0 41 
4 
12 
6 
1 29 
16 31 44 42 44 21 35 44 35 30 35 32 42 40 
==============================

====== Algorithm Status ======
Valor:                3843
Time:                 8000
nIter:                11293
Best Iter:            11293
Improvement Count:    11292
==============================
Solution tour: 
0 
17 0 39 45 20 35 30 35 29 
13 
20 23 0 41 
4 
12 
6 
1 34 35 44 42 44 31 44 20 44 21 44 20 13 36 35 36 32 36 42 36 40 
==============================

====== Algorithm Status ======
Valor:                4510
Time:                 16000
nIter:                20665
Best Iter:            20665
Improvement Count:    20664
==============================
Solution tour: 
0 
17 0 39 45 20 35 30 35 29 
13 
20 23 13 21 13 44 13 
4 6 
12 
6 
1 34 35 44 42 44 20 40 42 0 40 20 44 28 36 32 36 35 36 42 20 42 20 13 36 23 20 36 13 23 36 13 42 40 
==============================

====== Algorithm Status ======
Valor:                4788
Time:                 32000
nIter:                38636
Best Iter:            38636
Improvement Count:    38635
==============================
Solution tour: 
0 
17 0 39 45 20 35 30 35 29 
13 
20 23 13 21 13 
4 13 44 12 6 28 
6 
1 34 35 44 42 44 20 40 42 40 0 40 20 44 13 36 32 36 35 36 42 36 23 20 42 20 13 23 36 13 36 40 
==============================

====== Algorithm Status ======
Valor:                4788
Time:                 64000
nIter:                75305
Best Iter:            75305
Improvement Count:    75304
==============================
Solution tour: 
0 
17 0 39 45 20 35 30 35 29 
13 
20 23 13 21 13 
4 13 44 12 6 28 
6 
1 34 35 44 42 44 20 40 42 40 0 40 20 44 13 36 32 36 35 36 42 36 23 20 42 20 13 23 36 13 36 40 
==============================

====== Algorithm Status ======
Valor:                4891
Time:                 128000
nIter:                150519
Best Iter:            150519
Improvement Count:    150518
==============================
Solution tour: 
0 
17 0 44 45 20 35 30 35 29 
13 
20 23 13 21 13 
4 8 12 6 12 6 28 
6 
1 34 35 39 42 44 20 40 42 40 0 40 20 44 13 36 32 36 35 36 42 36 23 20 13 23 36 13 33 
==============================

====== Algorithm Status ======
Valor:                5075
Time:                 256000
nIter:                283699
Best Iter:            283699
Improvement Count:    283698
==============================
Solution tour: 
0 
17 0 44 45 20 35 30 35 29 13 
20 23 13 21 13 23 
4 12 8 12 6 12 6 28 
6 
1 34 8 39 42 44 20 40 42 40 0 40 20 13 44 13 36 32 36 35 36 42 20 44 42 36 23 36 13 36 
==============================

====== Algorithm Status ======
Valor:                5195
Time:                 512000
nIter:                553458
Best Iter:            553458
Improvement Count:    553457
==============================
Solution tour: 
0 
17 0 14 20 45 44 24 35 30 35 29 13 
20 23 13 21 13 23 
4 12 8 12 6 28 
6 
1 34 8 39 42 44 20 40 42 40 0 40 20 13 44 13 36 32 36 35 36 42 20 44 42 36 23 36 13 36 
==============================

====== Algorithm Status ======
Valor:                5336
Time:                 1024001
nIter:                1077222
Best Iter:            1077222
Improvement Count:    1077223
==============================
Solution tour: 
0 
17 0 14 20 45 44 35 24 35 30 35 21 13 
20 23 13 29 13 23 
4 12 8 12 6 28 
6 
1 34 8 39 42 44 20 40 42 40 0 40 20 13 44 26 36 32 36 35 36 42 20 44 42 36 23 36 13 36 
==============================

====== Algorithm Status ======
Valor:                5336
Time:                 1024001
nIter:                1077222
Best Iter:            1077222
Improvement Count:    1077223
==============================
Solution tour: 
0 
17 0 14 20 45 44 35 24 35 30 35 21 13 
20 23 13 29 13 23 
4 12 8 12 6 28 
6 
1 34 8 39 42 44 20 40 42 40 0 40 20 13 44 26 36 32 36 35 36 42 20 44 42 36 23 36 13 36 
==============================

