=========== Input ===========
File name:                ./instances/created-instances/mm-20-25-1110588.cdop
Total node count:         46
Truck node count:         20
Drone node count:         25
=============================

========== Settings ==========
Settings file:        ./settings/Memetic-LS_MMX_1099666.config
Seed:                 1099666
Reduction method:     -
Max iter:             1024000
Population size:      13
Crossover:            MA-MMX
Local Search:         -
Warm Start:           -
==============================

====== Algorithm Status ======
Valor:                1918
Time:                 250
nIter:                418
Best Iter:            418
Improvement Count:    417
==============================
Solution tour: 
0 38 29 
6 38 44 38 37 
17 23 
20 44 23 44 
3 38 30 26 34 
==============================

====== Algorithm Status ======
Valor:                2407
Time:                 500
nIter:                828
Best Iter:            828
Improvement Count:    827
==============================
Solution tour: 
0 10 38 30 38 
18 38 29 
6 38 37 
17 23 44 23 
20 44 38 5 
3 30 26 34 
==============================

====== Algorithm Status ======
Valor:                2556
Time:                 1000
nIter:                1602
Best Iter:            1602
Improvement Count:    1601
==============================
Solution tour: 
0 33 38 30 38 
18 38 29 
6 38 10 37 10 
17 23 44 
20 44 38 
5 
3 30 26 34 
==============================

====== Algorithm Status ======
Valor:                3040
Time:                 2001
nIter:                3113
Best Iter:            3113
Improvement Count:    3112
==============================
Solution tour: 
0 38 33 38 30 38 
18 38 29 40 
6 38 10 37 10 
17 23 27 44 
20 44 38 
5 33 
3 24 26 24 
13 24 34 
==============================

====== Algorithm Status ======
Valor:                3165
Time:                 4000
nIter:                6151
Best Iter:            6151
Improvement Count:    6150
==============================
Solution tour: 
0 38 33 38 30 38 
18 38 29 27 29 27 
6 38 10 37 10 
17 23 40 45 
20 44 38 
5 33 
3 24 26 24 
13 24 34 
==============================

====== Algorithm Status ======
Valor:                3370
Time:                 8000
nIter:                11916
Best Iter:            11916
Improvement Count:    11915
==============================
Solution tour: 
0 34 33 40 33 38 30 38 
18 38 29 27 29 27 23 
6 38 10 37 10 
17 23 40 45 
20 44 10 38 
5 33 
3 24 26 24 
13 24 34 
==============================

====== Algorithm Status ======
Valor:                3656
Time:                 16000
nIter:                22665
Best Iter:            22665
Improvement Count:    22664
==============================
Solution tour: 
0 34 33 
3 33 38 
18 38 30 38 33 27 29 27 40 26 23 
6 38 34 37 10 37 45 10 45 40 45 
20 44 38 
5 33 40 24 26 24 
13 24 34 
==============================

====== Algorithm Status ======
Valor:                3700
Time:                 32003
nIter:                43140
Best Iter:            43140
Improvement Count:    43139
==============================
Solution tour: 
0 34 33 
3 33 38 
18 38 30 38 33 27 29 27 40 26 23 
6 38 34 31 37 10 37 45 10 45 40 45 
20 44 38 
5 33 40 24 26 24 
13 24 34 
==============================

====== Algorithm Status ======
Valor:                4198
Time:                 64000
nIter:                78711
Best Iter:            78711
Improvement Count:    78710
==============================
Solution tour: 
0 36 37 33 
3 33 38 
18 38 30 38 33 27 29 27 33 40 27 40 26 23 26 23 
6 25 34 25 31 25 37 10 37 45 10 45 36 45 36 
20 36 44 38 
5 33 40 33 24 26 24 
13 24 34 
==============================

====== Algorithm Status ======
Valor:                4572
Time:                 128000
nIter:                141983
Best Iter:            141983
Improvement Count:    141982
==============================
Solution tour: 
0 36 14 
3 33 25 38 
18 43 38 30 38 16 38 16 25 33 27 29 27 33 40 27 40 23 26 23 
6 25 34 25 31 25 37 10 35 10 45 36 45 10 37 36 
20 36 44 38 
5 33 40 33 24 26 24 
13 24 34 
==============================

====== Algorithm Status ======
Valor:                4893
Time:                 256000
nIter:                246214
Best Iter:            246214
Improvement Count:    246213
==============================
Solution tour: 
0 36 14 
3 33 38 
18 43 38 30 38 19 16 38 16 25 33 27 29 13 29 27 13 27 40 23 26 23 
6 25 34 25 31 25 37 10 35 10 45 36 45 10 37 36 37 36 
20 36 44 36 5 38 
5 33 40 33 24 26 24 
13 24 34 
==============================

====== Algorithm Status ======
Valor:                5187
Time:                 512000
nIter:                433827
Best Iter:            433827
Improvement Count:    433826
==============================
Solution tour: 
0 36 
3 6 24 43 
18 38 30 38 19 38 16 19 31 19 16 19 16 38 34 25 33 27 29 13 29 27 13 27 40 23 26 23 
6 25 34 37 10 35 45 36 45 10 45 35 36 10 37 36 37 36 
20 36 44 45 
5 33 40 33 24 26 24 
13 24 34 
==============================

====== Algorithm Status ======
Valor:                5287
Time:                 1024002
nIter:                806112
Best Iter:            806112
Improvement Count:    806113
==============================
Solution tour: 
0 36 14 
3 6 24 43 
18 38 30 38 19 38 16 19 31 19 
16 19 16 38 34 25 33 27 29 13 29 27 13 27 40 23 
6 25 34 37 10 35 45 36 45 10 45 35 10 37 45 37 36 37 36 
20 36 44 45 
5 33 40 33 24 26 24 
13 24 34 39 
==============================

====== Algorithm Status ======
Valor:                5287
Time:                 1024002
nIter:                806112
Best Iter:            806112
Improvement Count:    806113
==============================
Solution tour: 
0 36 14 
3 6 24 43 
18 38 30 38 19 38 16 19 31 19 
16 19 16 38 34 25 33 27 29 13 29 27 13 27 40 23 
6 25 34 37 10 35 45 36 45 10 45 35 10 37 45 37 36 37 36 
20 36 44 45 
5 33 40 33 24 26 24 
13 24 34 39 
==============================

