=========== Input ===========
File name:                ./instances/created-instances/mm-15-40-1110588.cdop
Total node count:         56
Truck node count:         15
Drone node count:         40
=============================

========== Settings ==========
Settings file:        ./settings/Memetic-LS_MPX_1287823.config
Seed:                 1287823
Reduction method:     -
Max iter:             1024000
Population size:      13
Crossover:            MA-MPX
Local Search:         -
Warm Start:           -
==============================

====== Algorithm Status ======
Valor:                1324
Time:                 250
nIter:                231
Best Iter:            231
Improvement Count:    230
==============================
Solution tour: 
0 
15 25 
1 
7 
10 
13 
2 
14 
5 
12 
4 
3 
8 31 
11 31 
==============================

====== Algorithm Status ======
Valor:                1324
Time:                 505
nIter:                444
Best Iter:            444
Improvement Count:    443
==============================
Solution tour: 
0 
15 25 
1 
7 
10 
13 
2 
14 
5 
12 
4 
3 
8 31 
11 31 
==============================

====== Algorithm Status ======
Valor:                1578
Time:                 1000
nIter:                908
Best Iter:            908
Improvement Count:    907
==============================
Solution tour: 
0 
15 25 
7 
13 
10 
2 
14 
5 
6 31 
11 21 28 
12 
4 
9 48 
==============================

====== Algorithm Status ======
Valor:                1748
Time:                 2000
nIter:                1788
Best Iter:            1788
Improvement Count:    1787
==============================
Solution tour: 
0 21 
10 
3 31 
11 21 28 
15 25 
7 19 
12 
8 22 
4 
9 48 
14 
5 
6 31 
2 
13 
==============================

====== Algorithm Status ======
Valor:                1748
Time:                 4000
nIter:                3519
Best Iter:            3519
Improvement Count:    3518
==============================
Solution tour: 
0 21 
10 
3 31 
11 21 28 
15 25 
7 19 
12 
8 22 
4 
9 48 
14 
5 
6 31 
2 
13 
==============================

====== Algorithm Status ======
Valor:                2131
Time:                 8000
nIter:                7060
Best Iter:            7060
Improvement Count:    7059
==============================
Solution tour: 
0 
15 
10 51 2 37 
2 
6 
5 
14 
7 25 
9 
4 
12 50 22 35 
3 31 
11 21 28 
13 38 
==============================

====== Algorithm Status ======
Valor:                3056
Time:                 16003
nIter:                14040
Best Iter:            14040
Improvement Count:    14039
==============================
Solution tour: 
0 13 
10 49 
7 32 25 47 
13 47 
3 38 22 35 
14 21 54 
15 
4 41 
5 
12 
1 
8 27 34 
11 37 
6 
2 29 2 31 51 
==============================

====== Algorithm Status ======
Valor:                3135
Time:                 32001
nIter:                27579
Best Iter:            27579
Improvement Count:    27578
==============================
Solution tour: 
0 13 
10 49 
7 32 25 47 
13 47 
3 38 22 35 
14 21 54 
15 
4 41 
5 
12 
9 17 
1 
8 27 34 
11 37 
6 
2 29 2 31 51 
==============================

====== Algorithm Status ======
Valor:                3226
Time:                 64000
nIter:                54278
Best Iter:            54278
Improvement Count:    54277
==============================
Solution tour: 
0 13 
10 49 
7 32 25 47 
11 37 
6 
2 29 2 31 38 
13 47 
3 51 22 35 
14 21 54 
5 
12 
1 
8 27 34 
9 17 
4 41 
==============================

====== Algorithm Status ======
Valor:                3461
Time:                 128001
nIter:                107611
Best Iter:            107611
Improvement Count:    107610
==============================
Solution tour: 
0 13 
10 49 
7 35 32 52 25 
1 
8 22 27 54 
15 
11 37 
6 29 
2 39 2 31 38 
3 47 
13 51 22 35 
14 21 34 
5 
9 17 
4 19 
==============================

====== Algorithm Status ======
Valor:                3524
Time:                 256006
nIter:                214266
Best Iter:            214266
Improvement Count:    214265
==============================
Solution tour: 
0 13 
10 49 
7 35 32 52 25 
3 47 
13 51 22 35 
14 21 34 
5 
9 17 
1 
12 
4 19 
8 22 27 
15 
11 37 
6 29 
2 39 2 31 2 38 
==============================

====== Algorithm Status ======
Valor:                3537
Time:                 512004
nIter:                428564
Best Iter:            428564
Improvement Count:    428563
==============================
Solution tour: 
0 13 
10 49 
7 35 32 52 25 
3 47 
13 51 22 35 
14 21 34 
5 
12 
1 
9 17 
4 19 
8 22 27 
11 37 
6 29 
2 39 2 31 38 
==============================

====== Algorithm Status ======
Valor:                3769
Time:                 1024001
nIter:                848219
Best Iter:            848219
Improvement Count:    848220
==============================
Solution tour: 
0 13 
10 49 
7 35 32 52 25 
13 47 22 51 
2 39 2 31 38 
3 35 
14 21 34 
5 40 
12 
1 
9 17 
4 19 
8 19 22 27 
15 
11 37 55 
6 30 
==============================

====== Algorithm Status ======
Valor:                3769
Time:                 1024001
nIter:                848219
Best Iter:            848219
Improvement Count:    848220
==============================
Solution tour: 
0 13 
10 49 
7 35 32 52 25 
13 47 22 51 
2 39 2 31 38 
3 35 
14 21 34 
5 40 
12 
1 
9 17 
4 19 
8 19 22 27 
15 
11 37 55 
6 30 
==============================

