=========== Input ===========
File name:                ./instances/created-instances/mm-10-25-1891798.cdop
Total node count:         36
Truck node count:         10
Drone node count:         25
=============================

========== Settings ==========
Settings file:        ./settings/Memetic-LS_MPX_1881515.config
Seed:                 1881515
Reduction method:     -
Max iter:             1024000
Population size:      13
Crossover:            MA-MPX
Local Search:         -
Warm Start:           -
==============================

====== Algorithm Status ======
Valor:                2672
Time:                 250
nIter:                446
Best Iter:            446
Improvement Count:    445
==============================
Solution tour: 
0 29 
9 19 
1 
3 13 30 32 
2 17 
5 16 
10 33 18 
7 17 
6 14 12 
4 23 0 
8 20 24 
==============================

====== Algorithm Status ======
Valor:                2672
Time:                 500
nIter:                879
Best Iter:            879
Improvement Count:    878
==============================
Solution tour: 
0 29 
9 19 
1 
3 13 30 32 
2 17 
5 16 
10 33 18 
7 17 
6 14 12 
4 23 0 
8 20 24 
==============================

====== Algorithm Status ======
Valor:                3090
Time:                 1002
nIter:                1749
Best Iter:            1749
Improvement Count:    1748
==============================
Solution tour: 
0 8 29 
10 33 18 
7 17 14 
1 23 11 
6 12 
4 28 
9 19 
5 16 
2 31 17 
3 13 30 32 
8 20 24 
==============================

====== Algorithm Status ======
Valor:                3201
Time:                 2000
nIter:                3376
Best Iter:            3376
Improvement Count:    3375
==============================
Solution tour: 
0 8 29 
10 33 18 
7 17 14 
1 23 11 
6 23 12 
4 28 23 
9 19 
5 16 
2 31 17 
3 13 30 32 
8 20 24 
==============================

====== Algorithm Status ======
Valor:                3202
Time:                 4000
nIter:                6587
Best Iter:            6587
Improvement Count:    6586
==============================
Solution tour: 
0 8 29 
10 33 18 
7 17 12 14 
1 23 11 
6 23 12 
4 28 23 
9 19 
5 16 
2 31 17 
3 13 30 32 
8 20 24 
==============================

====== Algorithm Status ======
Valor:                3378
Time:                 8000
nIter:                12735
Best Iter:            12735
Improvement Count:    12734
==============================
Solution tour: 
0 8 29 
2 16 
5 33 31 17 
3 13 30 32 
8 20 21 24 31 33 
10 33 18 
7 17 12 14 
1 23 11 
6 23 12 
4 28 23 
9 19 
==============================

====== Algorithm Status ======
Valor:                3818
Time:                 16000
nIter:                23890
Best Iter:            23890
Improvement Count:    23889
==============================
Solution tour: 
0 29 20 19 
5 33 15 31 17 
3 13 30 32 
8 20 21 24 31 33 
10 33 18 
7 17 14 23 1 28 
1 23 11 
6 11 23 
9 19 
4 19 
2 26 
==============================

====== Algorithm Status ======
Valor:                3995
Time:                 32000
nIter:                45483
Best Iter:            45483
Improvement Count:    45482
==============================
Solution tour: 
0 29 20 
8 20 21 24 31 16 
10 33 18 
7 35 17 14 23 1 28 
1 23 11 
6 11 23 
9 19 
4 19 
5 33 29 31 27 17 
3 13 30 20 
2 32 26 
==============================

====== Algorithm Status ======
Valor:                4168
Time:                 64001
nIter:                84931
Best Iter:            84931
Improvement Count:    84930
==============================
Solution tour: 
0 29 8 20 
8 32 20 31 24 21 1 16 
10 33 18 
7 35 17 14 23 1 28 
1 23 11 
6 11 23 
9 19 
4 19 
5 33 29 31 27 17 
3 13 30 25 20 
2 32 26 
==============================

====== Algorithm Status ======
Valor:                4348
Time:                 128000
nIter:                158499
Best Iter:            158499
Improvement Count:    158498
==============================
Solution tour: 
0 35 
7 35 17 14 23 1 28 
1 23 11 
6 11 23 
4 19 
5 33 25 24 31 27 17 
3 13 30 25 20 
8 32 8 20 31 24 21 1 16 
10 33 18 
9 19 9 
2 32 26 
==============================

====== Algorithm Status ======
Valor:                4612
Time:                 256000
nIter:                291805
Best Iter:            291805
Improvement Count:    291804
==============================
Solution tour: 
0 35 
7 35 20 14 23 1 28 
1 23 6 11 
6 23 
4 19 
5 33 25 24 31 27 17 
3 13 24 15 30 25 20 
8 32 8 20 31 24 12 21 1 16 
10 33 18 
9 19 9 
2 32 26 
==============================

====== Algorithm Status ======
Valor:                4885
Time:                 512002
nIter:                546311
Best Iter:            546311
Improvement Count:    546310
==============================
Solution tour: 
0 35 
7 35 20 19 4 1 28 
4 14 33 
5 33 25 24 31 27 17 
3 13 15 24 29 20 
8 32 8 20 27 31 24 12 21 1 16 
10 33 18 33 23 
1 23 6 11 
6 23 
9 19 9 
2 32 26 
==============================

====== Algorithm Status ======
Valor:                5309
Time:                 1024001
nIter:                1008934
Best Iter:            1008934
Improvement Count:    1008935
==============================
Solution tour: 
0 8 26 35 
7 35 20 19 4 28 1 14 33 
5 33 25 24 31 27 17 
3 17 13 15 24 15 5 20 
8 32 8 20 29 31 24 12 21 1 16 
10 33 18 33 23 
4 23 
1 23 6 11 
6 23 
9 19 9 
2 32 22 
==============================

====== Algorithm Status ======
Valor:                5309
Time:                 1024001
nIter:                1008934
Best Iter:            1008934
Improvement Count:    1008935
==============================
Solution tour: 
0 8 26 35 
7 35 20 19 4 28 1 14 33 
5 33 25 24 31 27 17 
3 17 13 15 24 15 5 20 
8 32 8 20 29 31 24 12 21 1 16 
10 33 18 33 23 
4 23 
1 23 6 11 
6 23 
9 19 9 
2 32 22 
==============================

