=========== Input ===========
File name:                ./instances/created-instances/mm-20-10-1891798.cdop
Total node count:         31
Truck node count:         20
Drone node count:         10
=============================

========== Settings ==========
Settings file:        ./settings/Memetic-LS_MPX_1881515.config
Seed:                 1881515
Reduction method:     -
Max iter:             1024000
Population size:      13
Crossover:            MA-MPX
Local Search:         -
Warm Start:           -
==============================

====== Algorithm Status ======
Valor:                1498
Time:                 250
nIter:                609
Best Iter:            609
Improvement Count:    608
==============================
Solution tour: 
0 
15 
14 
19 
7 
8 
20 
9 
5 25 
6 30 
2 
10 
1 
16 27 
11 
17 
4 
13 28 
==============================

====== Algorithm Status ======
Valor:                1674
Time:                 500
nIter:                1275
Best Iter:            1275
Improvement Count:    1274
==============================
Solution tour: 
0 
15 
14 
19 
4 25 
16 
20 
9 
8 
7 23 
2 
10 
6 26 21 
1 27 
11 
17 
5 24 
13 28 
==============================

====== Algorithm Status ======
Valor:                1909
Time:                 1000
nIter:                2449
Best Iter:            2449
Improvement Count:    2448
==============================
Solution tour: 
0 
7 23 
14 30 
6 26 21 
16 
4 
10 
2 
15 
12 
8 
11 
17 
5 24 
19 
9 
20 
13 
==============================

====== Algorithm Status ======
Valor:                1932
Time:                 2000
nIter:                4842
Best Iter:            4842
Improvement Count:    4841
==============================
Solution tour: 
0 
7 23 
14 30 
6 26 21 
16 
4 
1 
10 
2 
15 
12 
8 
11 
17 
5 24 
19 
9 
20 
13 
==============================

====== Algorithm Status ======
Valor:                1932
Time:                 4000
nIter:                9770
Best Iter:            9770
Improvement Count:    9769
==============================
Solution tour: 
0 
7 23 
14 30 
6 26 21 
16 
4 
1 
10 
2 
15 
12 
8 
11 
17 
5 24 
19 
9 
20 
13 
==============================

====== Algorithm Status ======
Valor:                1932
Time:                 8000
nIter:                19478
Best Iter:            19478
Improvement Count:    19477
==============================
Solution tour: 
0 
7 23 
14 30 
6 26 21 
16 
4 
1 
10 
2 
15 
12 
8 
11 
17 
5 24 
19 
9 
20 
13 
==============================

====== Algorithm Status ======
Valor:                1932
Time:                 16000
nIter:                39652
Best Iter:            39652
Improvement Count:    39651
==============================
Solution tour: 
0 
7 23 
14 30 
6 26 21 
16 
4 
1 
10 
2 
15 
12 
8 
11 
17 
5 24 
19 
9 
20 
13 
==============================

====== Algorithm Status ======
Valor:                1959
Time:                 32000
nIter:                79825
Best Iter:            79825
Improvement Count:    79824
==============================
Solution tour: 
0 
7 23 
14 30 
6 26 21 
3 
18 
4 
16 
1 
10 
2 
15 
12 
17 
11 
8 
5 24 
==============================

====== Algorithm Status ======
Valor:                1959
Time:                 64000
nIter:                160638
Best Iter:            160638
Improvement Count:    160637
==============================
Solution tour: 
0 
7 23 
14 30 
6 26 21 
3 
18 
4 
16 
1 
10 
2 
15 
12 
17 
11 
8 
5 24 
==============================

====== Algorithm Status ======
Valor:                2227
Time:                 128000
nIter:                317397
Best Iter:            317397
Improvement Count:    317396
==============================
Solution tour: 
0 24 
19 
7 23 
14 30 
6 26 21 
12 
15 
2 
1 
16 
4 
18 
3 
9 
20 28 25 
5 24 
==============================

====== Algorithm Status ======
Valor:                2330
Time:                 256000
nIter:                625072
Best Iter:            625072
Improvement Count:    625071
==============================
Solution tour: 
0 24 
19 
7 23 
14 30 
6 26 21 
17 
12 
15 
8 
4 
16 
1 
2 
10 20 
9 
20 28 25 
5 24 
==============================

====== Algorithm Status ======
Valor:                2381
Time:                 512000
nIter:                1227500
Best Iter:            1227500
Improvement Count:    1227499
==============================
Solution tour: 
0 24 
19 
7 23 
14 30 
6 26 21 
9 
13 
20 28 25 
11 
17 
3 
18 
1 
16 
4 
15 
12 
8 
5 24 
==============================

====== Algorithm Status ======
Valor:                2381
Time:                 1024001
nIter:                2447182
Best Iter:            2447182
Improvement Count:    2447183
==============================
Solution tour: 
0 24 
19 
7 23 
14 30 
6 26 21 
9 
13 
20 28 25 
11 
17 
3 
18 
1 
16 
4 
15 
12 
8 
5 24 
==============================

====== Algorithm Status ======
Valor:                2381
Time:                 1024001
nIter:                2447182
Best Iter:            2447182
Improvement Count:    2447183
==============================
Solution tour: 
0 24 
19 
7 23 
14 30 
6 26 21 
9 
13 
20 28 25 
11 
17 
3 
18 
1 
16 
4 
15 
12 
8 
5 24 
==============================

