=========== Input ===========
File name:                ./instances/created-instances/mm-20-25-1767920.cdop
Total node count:         46
Truck node count:         20
Drone node count:         25
=============================

========== Settings ==========
Settings file:        ./settings/Memetic_MPX_1881515.config
Seed:                 1881515
Reduction method:     -
Max iter:             1024000
Population size:      13
Crossover:            MA-MPX
Local Search:         LS
Warm Start:           -
==============================

====== Algorithm Status ======
Valor:                5241
Time:                 258
nIter:                20
Best Iter:            20
Improvement Count:    19
==============================
Solution tour: 
0 40 20 
17 20 44 42 44 
3 44 
4 19 43 
19 45 44 20 
12 
8 12 20 
13 36 13 20 23 36 28 34 
16 29 44 45 22 11 12 6 3 9 10 15 10 30 25 27 41 27 
5 
2 32 
18 45 20 13 21 30 
10 
1 34 9 15 
9 1 
6 28 6 
20 40 
==============================

====== Algorithm Status ======
Valor:                5241
Time:                 500
nIter:                39
Best Iter:            39
Improvement Count:    38
==============================
Solution tour: 
0 40 20 
17 20 44 42 44 
3 44 
4 19 43 
19 45 44 20 
12 
8 12 20 
13 36 13 20 23 36 28 34 
16 29 44 45 22 11 12 6 3 9 10 15 10 30 25 27 41 27 
5 
2 32 
18 45 20 13 21 30 
10 
1 34 9 15 
9 1 
6 28 6 
20 40 
==============================

====== Algorithm Status ======
Valor:                5645
Time:                 1005
nIter:                84
Best Iter:            84
Improvement Count:    83
==============================
Solution tour: 
0 40 17 
1 6 1 17 
14 39 8 7 18 32 
2 5 41 27 25 4 
19 45 44 20 23 13 21 24 35 30 10 
15 10 9 15 
3 
9 10 15 9 3 34 1 28 12 8 12 6 
16 29 16 6 28 36 42 40 0 
17 13 20 
13 36 13 23 
11 
18 27 41 
4 23 36 13 20 28 
6 28 34 28 17 
==============================

====== Algorithm Status ======
Valor:                5645
Time:                 2009
nIter:                171
Best Iter:            171
Improvement Count:    170
==============================
Solution tour: 
0 40 17 
1 6 1 17 
14 39 8 7 18 32 
2 5 41 27 25 4 
19 45 44 20 23 13 21 24 35 30 10 
15 10 9 15 
3 
9 10 15 9 3 34 1 28 12 8 12 6 
16 29 16 6 28 36 42 40 0 
17 13 20 
13 36 13 23 
11 
18 27 41 
4 23 36 13 20 28 
6 28 34 28 17 
==============================

====== Algorithm Status ======
Valor:                5815
Time:                 4000
nIter:                328
Best Iter:            328
Improvement Count:    327
==============================
Solution tour: 
0 31 17 0 33 
1 6 1 17 
14 39 8 22 7 18 32 
12 
11 
8 
7 22 11 12 
18 27 41 5 
2 5 41 27 25 4 
19 45 44 20 23 13 21 24 35 30 10 
15 10 9 15 
3 
9 10 15 9 3 34 1 34 28 6 12 8 12 6 
16 29 16 6 28 36 42 40 0 
17 13 20 
13 36 13 23 20 17 
==============================

====== Algorithm Status ======
Valor:                5815
Time:                 8025
nIter:                677
Best Iter:            677
Improvement Count:    676
==============================
Solution tour: 
0 31 17 0 33 
1 6 1 17 
14 39 8 22 7 18 32 
12 
11 
8 
7 22 11 12 
18 27 41 5 
2 5 41 27 25 4 
19 45 44 20 23 13 21 24 35 30 10 
15 10 9 15 
3 
9 10 15 9 3 34 1 34 28 6 12 8 12 6 
16 29 16 6 28 36 42 40 0 
17 13 20 
13 36 13 23 20 17 
==============================

====== Algorithm Status ======
Valor:                5861
Time:                 16005
nIter:                1365
Best Iter:            1365
Improvement Count:    1364
==============================
Solution tour: 
0 17 31 17 0 33 
14 39 8 22 7 18 32 
1 6 1 17 20 
12 8 
11 
8 
7 22 11 8 12 11 
18 27 41 5 
2 5 41 27 25 4 
19 45 44 20 23 20 13 36 35 24 21 24 35 30 10 30 28 
6 28 34 16 29 9 
15 10 9 10 15 9 
3 36 13 
20 44 31 44 42 40 
==============================

====== Algorithm Status ======
Valor:                6039
Time:                 32025
nIter:                2753
Best Iter:            2753
Improvement Count:    2752
==============================
Solution tour: 
0 17 0 40 0 33 24 21 24 35 36 12 8 
12 36 
3 34 
1 
9 
15 10 15 9 
10 30 10 1 
6 28 17 0 
17 20 13 42 13 20 44 45 18 27 41 27 25 
2 5 27 18 11 8 12 6 1 10 9 10 29 
16 29 34 28 21 13 36 13 32 
19 45 44 12 
4 23 36 42 44 20 40 
==============================

====== Algorithm Status ======
Valor:                6197
Time:                 64007
nIter:                5483
Best Iter:            5483
Improvement Count:    5482
==============================
Solution tour: 
0 17 20 23 20 13 20 40 42 44 45 
4 2 25 27 41 27 
18 45 44 3 16 29 10 30 9 10 15 9 6 
12 36 13 21 24 35 36 12 
11 8 12 44 20 17 0 40 17 28 34 1 
3 34 28 
13 36 42 39 8 
7 22 11 12 6 
1 10 
9 15 
10 30 10 1 6 
20 44 12 
8 39 
14 42 40 
==============================

====== Algorithm Status ======
Valor:                6197
Time:                 128011
nIter:                10788
Best Iter:            10788
Improvement Count:    10787
==============================
Solution tour: 
0 17 20 23 20 13 20 40 42 44 45 
4 2 25 27 41 27 
18 45 44 3 16 29 10 30 9 10 15 9 6 
12 36 13 21 24 35 36 12 
11 8 12 44 20 17 0 40 17 28 34 1 
3 34 28 
13 36 42 39 8 
7 22 11 12 6 
1 10 
9 15 
10 30 10 1 6 
20 44 12 
8 39 
14 42 40 
==============================

====== Algorithm Status ======
Valor:                6197
Time:                 256006
nIter:                21472
Best Iter:            21472
Improvement Count:    21471
==============================
Solution tour: 
0 17 20 23 20 13 20 40 42 44 45 
4 2 25 27 41 27 
18 45 44 3 16 29 10 30 9 10 15 9 6 
12 36 13 21 24 35 36 12 
11 8 12 44 20 17 0 40 17 28 34 1 
3 34 28 
13 36 42 39 8 
7 22 11 12 6 
1 10 
9 15 
10 30 10 1 6 
20 44 12 
8 39 
14 42 40 
==============================

====== Algorithm Status ======
Valor:                6197
Time:                 512027
nIter:                42788
Best Iter:            42788
Improvement Count:    42787
==============================
Solution tour: 
0 17 20 23 20 13 20 40 42 44 45 
4 2 25 27 41 27 
18 45 44 3 16 29 10 30 9 10 15 9 6 
12 36 13 21 24 35 36 12 
11 8 12 44 20 17 0 40 17 28 34 1 
3 34 28 
13 36 42 39 8 
7 22 11 12 6 
1 10 
9 15 
10 30 10 1 6 
20 44 12 
8 39 
14 42 40 
==============================

====== Algorithm Status ======
Valor:                6197
Time:                 1024007
nIter:                85072
Best Iter:            85072
Improvement Count:    85073
==============================
Solution tour: 
0 17 20 23 20 13 20 40 42 44 45 
4 2 25 27 41 27 
18 45 44 3 16 29 10 30 9 10 15 9 6 
12 36 13 21 24 35 36 12 
11 8 12 44 20 17 0 40 17 28 34 1 
3 34 28 
13 36 42 39 8 
7 22 11 12 6 
1 10 
9 15 
10 30 10 1 6 
20 44 12 
8 39 
14 42 40 
==============================

====== Algorithm Status ======
Valor:                6197
Time:                 1024007
nIter:                85072
Best Iter:            85072
Improvement Count:    85073
==============================
Solution tour: 
0 17 20 23 20 13 20 40 42 44 45 
4 2 25 27 41 27 
18 45 44 3 16 29 10 30 9 10 15 9 6 
12 36 13 21 24 35 36 12 
11 8 12 44 20 17 0 40 17 28 34 1 
3 34 28 
13 36 42 39 8 
7 22 11 12 6 
1 10 
9 15 
10 30 10 1 6 
20 44 12 
8 39 
14 42 40 
==============================

