=========== Input ===========
File name:                ./instances/created-instances/mm-20-25-1767920.cdop
Total node count:         46
Truck node count:         20
Drone node count:         25
=============================

========== Settings ==========
Settings file:        ./settings/Memetic-LS_MMX_1287823.config
Seed:                 1287823
Reduction method:     -
Max iter:             1024000
Population size:      13
Crossover:            MA-MMX
Local Search:         -
Warm Start:           -
==============================

====== Algorithm Status ======
Valor:                1733
Time:                 250
nIter:                396
Best Iter:            396
Improvement Count:    395
==============================
Solution tour: 
0 
17 33 
14 
9 
15 
11 
8 
7 
18 28 31 28 31 
20 
6 
10 
1 34 28 34 28 
4 
3 34 
12 45 
==============================

====== Algorithm Status ======
Valor:                1962
Time:                 500
nIter:                757
Best Iter:            757
Improvement Count:    756
==============================
Solution tour: 
0 
17 28 
14 
9 
15 
11 
8 
7 
18 27 33 32 
20 
6 
10 
1 34 28 34 28 
4 
3 36 
12 45 
==============================

====== Algorithm Status ======
Valor:                2583
Time:                 1000
nIter:                1493
Best Iter:            1493
Improvement Count:    1492
==============================
Solution tour: 
0 30 21 44 
17 28 
14 
11 
8 
7 
18 27 33 23 
20 
6 
10 
1 28 34 28 
4 42 19 30 36 
3 36 28 36 42 36 
12 45 
==============================

====== Algorithm Status ======
Valor:                2731
Time:                 2000
nIter:                2932
Best Iter:            2932
Improvement Count:    2931
==============================
Solution tour: 
0 28 21 44 21 44 28 
17 28 
14 
11 
8 
7 
18 27 
4 23 
20 
6 28 34 
10 
1 34 28 34 33 42 19 30 36 
3 36 
12 45 
==============================

====== Algorithm Status ======
Valor:                3014
Time:                 4000
nIter:                5692
Best Iter:            5692
Improvement Count:    5691
==============================
Solution tour: 
0 28 21 44 21 28 39 
17 28 
14 
11 
8 
7 
18 27 
4 23 13 23 13 
20 
6 28 34 42 
10 
1 34 28 34 33 19 
12 36 
3 36 26 45 
==============================

====== Algorithm Status ======
Valor:                3775
Time:                 8000
nIter:                11195
Best Iter:            11195
Improvement Count:    11194
==============================
Solution tour: 
0 28 21 13 21 24 21 39 
17 28 
14 
11 
8 
7 
18 28 27 
4 23 13 23 13 44 13 
20 23 
6 28 34 
10 
1 34 28 33 28 6 
12 36 
3 36 23 36 42 36 13 36 13 45 
==============================

====== Algorithm Status ======
Valor:                3816
Time:                 16000
nIter:                22178
Best Iter:            22178
Improvement Count:    22177
==============================
Solution tour: 
0 28 21 13 21 24 21 39 
17 28 
14 
11 26 
8 
7 
18 28 27 
4 13 23 13 44 13 
20 23 
6 28 34 
10 
1 34 28 33 28 6 
12 36 
3 36 23 36 42 36 13 36 20 45 
==============================

====== Algorithm Status ======
Valor:                4402
Time:                 32000
nIter:                42886
Best Iter:            42886
Improvement Count:    42885
==============================
Solution tour: 
0 28 21 24 21 
13 21 28 
14 
11 45 
8 
7 
18 28 41 27 41 32 13 36 13 44 
20 23 
6 28 34 15 
10 
1 34 28 33 28 6 
12 36 35 
3 36 23 36 42 36 20 13 23 20 13 20 40 
==============================

====== Algorithm Status ======
Valor:                4493
Time:                 64000
nIter:                82993
Best Iter:            82993
Improvement Count:    82992
==============================
Solution tour: 
0 28 21 24 21 
13 21 28 
14 42 
11 45 
8 
7 
18 28 41 27 41 32 36 13 36 13 44 
20 23 
6 28 15 
10 
1 34 28 34 33 28 6 
12 36 35 36 23 36 42 36 13 23 20 13 20 40 
==============================

====== Algorithm Status ======
Valor:                4806
Time:                 128000
nIter:                160719
Best Iter:            160719
Improvement Count:    160718
==============================
Solution tour: 
0 
17 24 21 24 21 
13 21 28 
14 42 39 45 
18 28 41 27 41 32 36 13 44 
20 
6 28 15 
10 30 34 28 34 
1 34 33 28 6 
12 36 35 36 23 36 42 36 13 36 13 23 20 23 13 20 13 20 40 
==============================

====== Algorithm Status ======
Valor:                4969
Time:                 256000
nIter:                303805
Best Iter:            303805
Improvement Count:    303804
==============================
Solution tour: 
0 
17 0 24 21 24 21 
13 21 28 42 
14 42 39 45 
18 11 28 41 27 41 32 36 20 44 
20 12 
6 28 15 
10 15 30 34 28 34 
1 34 33 28 6 
12 36 35 36 23 36 42 36 13 36 13 23 20 23 13 20 13 20 40 
==============================

====== Algorithm Status ======
Valor:                5712
Time:                 512000
nIter:                561694
Best Iter:            561694
Improvement Count:    561693
==============================
Solution tour: 
0 
17 0 40 24 33 24 21 24 21 
13 21 28 6 20 45 
18 11 18 27 25 41 27 41 32 36 20 44 
20 6 1 36 12 
6 28 15 
10 15 
9 30 34 28 34 
1 6 
12 36 35 24 35 36 23 36 42 36 13 36 26 20 23 13 23 20 13 20 40 
==============================

====== Algorithm Status ======
Valor:                5897
Time:                 1024004
nIter:                1062968
Best Iter:            1062968
Improvement Count:    1062969
==============================
Solution tour: 
0 
17 0 24 33 24 21 
13 21 28 6 20 45 
18 11 18 27 25 41 27 41 32 36 20 23 
20 6 1 36 12 
6 28 15 
10 15 
9 10 30 10 30 29 34 28 34 
1 6 
12 36 35 24 35 36 23 36 42 36 13 36 26 20 44 20 13 23 13 20 40 
==============================

====== Algorithm Status ======
Valor:                5897
Time:                 1024004
nIter:                1062968
Best Iter:            1062968
Improvement Count:    1062969
==============================
Solution tour: 
0 
17 0 24 33 24 21 
13 21 28 6 20 45 
18 11 18 27 25 41 27 41 32 36 20 23 
20 6 1 36 12 
6 28 15 
10 15 
9 10 30 10 30 29 34 28 34 
1 6 
12 36 35 24 35 36 23 36 42 36 13 36 26 20 44 20 13 23 13 20 40 
==============================

