=========== Input ===========
File name:                ./instances/created-instances/mm-10-40-1917698.cdop
Total node count:         51
Truck node count:         10
Drone node count:         40
=============================

========== Settings ==========
Settings file:        ./settings/Memetic_MPX_1099666.config
Seed:                 1099666
Reduction method:     -
Max iter:             1024000
Population size:      13
Crossover:            MA-MPX
Local Search:         LS
Warm Start:           -
==============================

====== Algorithm Status ======
Valor:                5728
Time:                 255
nIter:                20
Best Iter:            20
Improvement Count:    19
==============================
Solution tour: 
0 17 42 17 4 37 10 37 50 32 24 38 39 
3 15 
1 3 47 9 49 30 49 47 38 2 11 
5 44 38 50 37 
4 21 33 21 4 31 22 36 1 22 1 15 19 35 19 12 
6 40 14 48 39 48 16 29 28 27 49 9 43 
9 26 42 
8 
7 
2 32 50 
==============================

====== Algorithm Status ======
Valor:                6203
Time:                 507
nIter:                39
Best Iter:            39
Improvement Count:    38
==============================
Solution tour: 
0 26 21 33 21 4 21 0 42 26 49 12 41 46 48 36 1 22 
1 3 47 
3 15 19 35 19 
6 40 14 29 28 29 27 23 27 49 30 47 9 49 
9 43 9 26 24 32 26 9 30 44 
5 28 32 24 17 2 
8 11 
7 2 38 44 30 
2 32 50 
4 17 42 17 4 37 
10 37 50 32 16 38 16 
==============================

====== Algorithm Status ======
Valor:                6484
Time:                 1027
nIter:                84
Best Iter:            84
Improvement Count:    83
==============================
Solution tour: 
0 2 11 42 26 49 12 49 26 42 0 
8 11 
2 32 50 
4 17 42 17 4 21 33 37 
10 37 33 39 38 16 13 36 1 22 
1 3 47 
3 1 15 19 35 19 12 41 
6 14 40 14 29 28 29 48 27 23 27 49 30 49 47 9 49 
9 43 9 26 24 32 26 9 30 44 
5 28 32 24 17 2 
==============================

====== Algorithm Status ======
Valor:                6612
Time:                 2008
nIter:                158
Best Iter:            158
Improvement Count:    157
==============================
Solution tour: 
0 21 43 12 49 26 42 26 49 
9 43 9 24 32 24 30 44 
8 11 
7 
2 32 50 
4 17 42 17 4 21 33 37 
10 37 33 39 38 16 13 1 22 36 22 
1 3 47 
3 1 15 19 35 19 12 41 12 
6 14 40 14 29 28 29 46 48 27 23 27 9 49 30 18 
5 34 25 44 30 26 
==============================

====== Algorithm Status ======
Valor:                6642
Time:                 4006
nIter:                319
Best Iter:            319
Improvement Count:    318
==============================
Solution tour: 
0 21 33 26 43 12 49 26 42 26 49 30 9 50 37 
10 37 33 39 38 16 13 1 22 31 22 36 22 
1 3 47 
3 1 15 19 35 19 12 19 15 1 12 41 12 
6 14 40 14 29 28 29 46 48 27 23 27 9 49 
9 43 9 24 32 24 16 38 44 38 
7 
8 11 
2 42 17 
4 17 42 4 21 
==============================

====== Algorithm Status ======
Valor:                6754
Time:                 8011
nIter:                611
Best Iter:            611
Improvement Count:    610
==============================
Solution tour: 
0 26 39 3 43 39 33 37 
10 37 33 39 38 16 13 1 22 31 22 36 22 
1 3 47 
3 1 15 19 35 19 12 19 15 1 12 41 12 
6 14 40 14 29 28 29 46 48 27 23 27 9 49 
9 43 9 24 32 24 16 38 44 38 
2 42 17 
7 
8 11 2 32 50 
4 17 42 4 30 26 33 21 
==============================

====== Algorithm Status ======
Valor:                7128
Time:                 16032
nIter:                1211
Best Iter:            1211
Improvement Count:    1210
==============================
Solution tour: 
0 42 26 39 3 39 33 21 33 37 
10 37 33 39 38 16 13 1 22 31 22 36 22 
1 3 47 
3 1 15 19 35 19 12 19 15 1 12 41 12 
6 14 40 14 29 28 29 48 46 48 27 23 27 9 49 30 44 34 
5 44 30 49 26 49 
9 43 9 24 32 24 16 38 
2 17 42 17 
7 11 
8 2 32 50 4 21 
==============================

====== Algorithm Status ======
Valor:                7193
Time:                 32007
nIter:                2387
Best Iter:            2387
Improvement Count:    2386
==============================
Solution tour: 
0 21 33 21 
4 17 4 50 4 33 37 
10 37 33 39 38 16 13 1 22 31 22 36 22 
1 3 47 
3 1 15 19 35 19 12 19 15 1 35 12 41 12 
6 14 40 14 29 28 29 48 46 48 27 23 27 49 9 49 30 44 
5 44 30 49 26 49 
9 43 9 24 32 24 16 38 
2 17 42 17 
7 11 2 
==============================

====== Algorithm Status ======
Valor:                7207
Time:                 64007
nIter:                4795
Best Iter:            4795
Improvement Count:    4794
==============================
Solution tour: 
0 21 33 21 
4 17 4 50 4 33 37 
10 37 33 39 38 16 13 1 22 31 22 36 22 
1 3 47 
3 1 15 19 35 19 12 19 15 1 35 12 41 12 
6 14 40 14 29 28 29 48 46 48 27 23 27 49 9 49 30 44 
5 44 30 49 26 49 
9 43 9 24 32 24 16 38 2 
7 11 
2 17 42 17 
==============================

====== Algorithm Status ======
Valor:                7222
Time:                 128028
nIter:                9441
Best Iter:            9441
Improvement Count:    9440
==============================
Solution tour: 
0 21 33 21 
4 17 42 17 4 50 4 33 37 
10 37 33 39 38 16 13 1 22 31 22 36 22 
1 3 47 
3 1 15 19 35 19 12 19 15 1 35 12 41 12 35 
6 14 40 14 29 28 29 48 46 48 27 23 27 49 9 49 30 44 
5 44 30 49 26 49 
9 43 9 24 32 24 33 16 38 2 
8 11 2 
==============================

====== Algorithm Status ======
Valor:                7305
Time:                 256005
nIter:                18499
Best Iter:            18499
Improvement Count:    18498
==============================
Solution tour: 
0 33 21 
4 17 42 17 4 50 4 21 33 37 
10 37 33 39 38 16 13 1 22 31 22 36 22 
1 3 47 
3 1 15 19 35 19 12 19 15 1 35 12 41 12 35 
6 14 40 14 29 28 29 48 46 48 27 23 27 9 49 30 44 
5 44 30 49 26 49 
9 43 9 24 32 24 33 24 16 11 
8 42 26 42 
==============================

====== Algorithm Status ======
Valor:                7339
Time:                 512004
nIter:                36844
Best Iter:            36844
Improvement Count:    36843
==============================
Solution tour: 
0 33 21 
4 17 42 17 4 50 4 21 33 37 
10 37 33 39 38 16 13 1 22 31 22 36 22 
1 3 47 
3 1 15 19 35 19 12 19 15 1 35 12 41 12 35 
6 14 40 14 29 28 29 48 46 48 27 23 27 49 9 49 30 44 
5 44 30 49 26 49 
9 43 9 24 32 24 33 24 16 38 2 11 2 
==============================

====== Algorithm Status ======
Valor:                7339
Time:                 1024008
nIter:                73637
Best Iter:            73637
Improvement Count:    73638
==============================
Solution tour: 
0 33 21 
4 17 42 17 4 50 4 21 33 37 
10 37 33 39 38 16 13 1 22 31 22 36 22 
1 3 47 
3 1 15 19 35 19 12 19 15 1 35 12 41 12 35 
6 14 40 14 29 28 29 48 46 48 27 23 27 49 9 49 30 44 
5 44 30 49 26 49 
9 43 9 24 32 24 33 24 16 38 2 11 2 
==============================

====== Algorithm Status ======
Valor:                7339
Time:                 1024008
nIter:                73637
Best Iter:            73637
Improvement Count:    73638
==============================
Solution tour: 
0 33 21 
4 17 42 17 4 50 4 21 33 37 
10 37 33 39 38 16 13 1 22 31 22 36 22 
1 3 47 
3 1 15 19 35 19 12 19 15 1 35 12 41 12 35 
6 14 40 14 29 28 29 48 46 48 27 23 27 49 9 49 30 44 
5 44 30 49 26 49 
9 43 9 24 32 24 33 24 16 38 2 11 2 
==============================

