=========== Input ===========
File name:                ./instances/created-instances/mm-20-25-1767920.cdop
Total node count:         46
Truck node count:         20
Drone node count:         25
=============================

========== Settings ==========
Settings file:        ./settings/Memetic-LS_MPX_1099666.config
Seed:                 1099666
Reduction method:     -
Max iter:             1024000
Population size:      13
Crossover:            MA-MPX
Local Search:         -
Warm Start:           -
==============================

====== Algorithm Status ======
Valor:                1665
Time:                 250
nIter:                377
Best Iter:            377
Improvement Count:    376
==============================
Solution tour: 
0 31 44 
14 28 
17 
4 
18 
7 
19 45 
3 
8 
12 
11 
2 
16 
20 13 42 31 
9 15 34 
15 
10 
==============================

====== Algorithm Status ======
Valor:                1844
Time:                 500
nIter:                705
Best Iter:            705
Improvement Count:    704
==============================
Solution tour: 
0 31 44 
20 13 
18 
11 
1 
9 15 34 
8 
7 
13 42 31 
2 26 
17 
16 
12 
4 
19 45 
14 28 
==============================

====== Algorithm Status ======
Valor:                2013
Time:                 1000
nIter:                1362
Best Iter:            1362
Improvement Count:    1361
==============================
Solution tour: 
0 31 44 
3 
16 
6 
12 
11 
14 28 
19 45 
18 
2 11 26 
20 13 
17 
1 
15 
10 
9 15 34 
8 
13 42 31 
==============================

====== Algorithm Status ======
Valor:                2218
Time:                 2002
nIter:                2601
Best Iter:            2601
Improvement Count:    2600
==============================
Solution tour: 
0 31 44 
3 42 
6 
12 
11 
14 28 
19 45 
18 
2 11 26 
1 
17 
20 13 
15 
10 
9 15 34 
8 
13 24 
16 31 
==============================

====== Algorithm Status ======
Valor:                2223
Time:                 4000
nIter:                5057
Best Iter:            5057
Improvement Count:    5056
==============================
Solution tour: 
0 31 44 
3 42 
7 
6 
12 
11 
14 28 
19 45 
18 
20 13 
17 
1 
2 11 26 
15 
10 
9 15 34 
8 
13 24 
==============================

====== Algorithm Status ======
Valor:                2334
Time:                 8002
nIter:                10298
Best Iter:            10298
Improvement Count:    10297
==============================
Solution tour: 
0 31 44 
3 42 
7 
6 
12 
11 34 28 
19 45 
18 
20 13 
17 
1 
2 11 26 
15 
10 
9 15 
14 
8 12 
13 24 
==============================

====== Algorithm Status ======
Valor:                2435
Time:                 16000
nIter:                20200
Best Iter:            20200
Improvement Count:    20199
==============================
Solution tour: 
0 31 44 
1 
3 42 
7 
2 11 26 
9 15 
10 
15 
14 
8 12 
4 
13 24 
6 
12 
11 34 28 
19 45 
18 
20 13 
17 
==============================

====== Algorithm Status ======
Valor:                2435
Time:                 32001
nIter:                40358
Best Iter:            40358
Improvement Count:    40357
==============================
Solution tour: 
0 31 44 
1 
3 42 
7 
2 11 26 
9 15 
10 
15 
14 
8 12 
4 
13 24 
6 
12 
11 34 28 
19 45 
18 
20 13 
17 
==============================

====== Algorithm Status ======
Valor:                2457
Time:                 64000
nIter:                80971
Best Iter:            80971
Improvement Count:    80970
==============================
Solution tour: 
0 31 44 
8 12 
4 
13 24 
6 
12 
11 34 28 
19 45 
18 
20 13 
17 
1 
3 42 
7 
2 11 26 
9 15 
10 
15 
14 
==============================

====== Algorithm Status ======
Valor:                2761
Time:                 128000
nIter:                161352
Best Iter:            161352
Improvement Count:    161351
==============================
Solution tour: 
0 31 44 
3 42 
14 
11 34 28 
19 45 
18 
7 
8 12 
4 23 
13 
20 24 
5 
2 11 26 
16 
1 
9 15 
10 
15 
6 
12 
17 
==============================

====== Algorithm Status ======
Valor:                2761
Time:                 256000
nIter:                322581
Best Iter:            322581
Improvement Count:    322580
==============================
Solution tour: 
0 31 44 
3 42 
14 
11 34 28 
19 45 
18 
7 
8 12 
4 23 
13 
20 24 
5 
2 11 26 
16 
1 
9 15 
10 
15 
6 
12 
17 
==============================

====== Algorithm Status ======
Valor:                2951
Time:                 512004
nIter:                640739
Best Iter:            640739
Improvement Count:    640738
==============================
Solution tour: 
0 31 44 
3 42 
14 
11 34 28 
19 45 
18 
7 
8 12 
4 23 
13 
20 24 21 
5 
2 11 26 
16 
1 
9 15 
10 
15 
6 
12 
17 
==============================

====== Algorithm Status ======
Valor:                2951
Time:                 1024001
nIter:                1280741
Best Iter:            1280741
Improvement Count:    1280742
==============================
Solution tour: 
0 31 44 
3 42 
14 
11 34 28 
19 45 
18 
7 
8 12 
4 23 
13 
20 24 21 
5 
2 11 26 
16 
1 
9 15 
10 
15 
6 
12 
17 
==============================

====== Algorithm Status ======
Valor:                2951
Time:                 1024001
nIter:                1280741
Best Iter:            1280741
Improvement Count:    1280742
==============================
Solution tour: 
0 31 44 
3 42 
14 
11 34 28 
19 45 
18 
7 
8 12 
4 23 
13 
20 24 21 
5 
2 11 26 
16 
1 
9 15 
10 
15 
6 
12 
17 
==============================

