=========== Input ===========
File name:                ./instances/created-instances/mm-10-40-1762875.cdop
Total node count:         51
Truck node count:         10
Drone node count:         40
=============================

========== Settings ==========
Settings file:        ./settings/Memetic-LS_MPX_1287823.config
Seed:                 1287823
Reduction method:     -
Max iter:             1024000
Population size:      13
Crossover:            MA-MPX
Local Search:         -
Warm Start:           -
==============================

====== Algorithm Status ======
Valor:                2237
Time:                 257
nIter:                277
Best Iter:            277
Improvement Count:    276
==============================
Solution tour: 
0 
6 26 
7 20 
10 
1 33 35 
2 21 34 
3 31 
8 
4 40 46 
9 
5 45 14 
==============================

====== Algorithm Status ======
Valor:                2505
Time:                 500
nIter:                518
Best Iter:            518
Improvement Count:    517
==============================
Solution tour: 
0 
6 26 
7 20 
3 40 31 
8 31 
2 21 34 
9 
5 45 14 
4 40 46 
10 
1 33 35 
==============================

====== Algorithm Status ======
Valor:                2905
Time:                 1002
nIter:                1025
Best Iter:            1025
Improvement Count:    1024
==============================
Solution tour: 
0 19 
7 16 46 47 
2 21 34 
10 40 
4 46 
9 
5 45 14 
6 26 
3 40 31 
8 31 
1 33 35 
==============================

====== Algorithm Status ======
Valor:                2905
Time:                 2002
nIter:                1970
Best Iter:            1970
Improvement Count:    1969
==============================
Solution tour: 
0 19 
7 16 46 47 
2 21 34 
10 40 
4 46 
9 
5 45 14 
6 26 
3 40 31 
8 31 
1 33 35 
==============================

====== Algorithm Status ======
Valor:                3202
Time:                 4000
nIter:                3899
Best Iter:            3899
Improvement Count:    3898
==============================
Solution tour: 
0 19 
7 16 46 47 
2 21 34 
10 40 
4 46 
9 
5 45 14 
6 36 26 
3 40 31 
8 31 40 24 
1 33 35 
==============================

====== Algorithm Status ======
Valor:                3205
Time:                 8004
nIter:                7636
Best Iter:            7636
Improvement Count:    7635
==============================
Solution tour: 
0 19 
7 16 46 47 
2 21 34 
10 40 43 
4 46 
9 
5 45 14 
6 36 26 
3 40 31 
8 31 40 24 
1 33 35 
==============================

====== Algorithm Status ======
Valor:                3458
Time:                 16004
nIter:                14827
Best Iter:            14827
Improvement Count:    14826
==============================
Solution tour: 
0 
2 21 34 
10 40 43 
9 
5 45 14 
4 46 
7 
6 21 24 16 46 47 27 32 36 24 26 
3 40 31 
8 31 24 
1 33 35 
==============================

====== Algorithm Status ======
Valor:                3679
Time:                 32004
nIter:                28782
Best Iter:            28782
Improvement Count:    28781
==============================
Solution tour: 
0 
2 21 34 
10 32 
9 27 42 43 
5 45 14 
4 46 
7 
6 21 24 16 46 39 47 40 36 24 26 
3 40 31 
8 31 24 
1 33 35 
==============================

====== Algorithm Status ======
Valor:                4074
Time:                 64007
nIter:                53810
Best Iter:            53810
Improvement Count:    53809
==============================
Solution tour: 
0 48 
2 1 29 12 1 32 
10 32 34 
9 27 21 29 
5 45 15 14 
4 46 
7 
6 42 21 16 24 28 27 46 39 47 13 36 43 24 26 
3 40 31 
8 31 24 
1 33 35 
==============================

====== Algorithm Status ======
Valor:                4239
Time:                 128002
nIter:                99206
Best Iter:            99206
Improvement Count:    99205
==============================
Solution tour: 
0 47 48 
2 1 29 12 1 32 
10 32 34 
9 27 21 29 
5 13 45 28 14 
4 46 
6 42 21 16 24 15 27 46 39 47 13 14 36 43 24 26 24 
3 40 31 
8 31 24 22 
1 33 35 
==============================

====== Algorithm Status ======
Valor:                4982
Time:                 256000
nIter:                180845
Best Iter:            180845
Improvement Count:    180844
==============================
Solution tour: 
0 47 48 13 1 34 12 1 32 
10 13 
5 42 35 21 
4 46 
9 35 45 30 8 24 
7 
6 27 21 16 24 15 37 3 46 27 39 47 
2 28 14 43 36 24 26 24 
3 40 31 
8 31 24 16 35 33 22 
1 33 35 
==============================

====== Algorithm Status ======
Valor:                5311
Time:                 512000
nIter:                335821
Best Iter:            335821
Improvement Count:    335820
==============================
Solution tour: 
0 48 47 13 
10 34 12 1 32 19 13 
5 35 42 4 46 
9 27 45 30 8 24 
7 41 
6 27 21 16 24 15 37 3 27 46 39 47 
2 29 28 14 43 36 24 26 
3 40 24 31 
8 31 24 16 35 33 22 
1 33 35 
==============================

====== Algorithm Status ======
Valor:                5311
Time:                 1024002
nIter:                629613
Best Iter:            629613
Improvement Count:    629614
==============================
Solution tour: 
0 48 47 13 
10 34 12 1 32 19 13 
5 35 42 4 46 
9 27 45 30 8 24 
7 41 
6 27 21 16 24 15 37 3 27 46 39 47 
2 29 28 14 43 36 24 26 
3 40 24 31 
8 31 24 16 35 33 22 
1 33 35 
==============================

====== Algorithm Status ======
Valor:                5311
Time:                 1024002
nIter:                629613
Best Iter:            629613
Improvement Count:    629614
==============================
Solution tour: 
0 48 47 13 
10 34 12 1 32 19 13 
5 35 42 4 46 
9 27 45 30 8 24 
7 41 
6 27 21 16 24 15 37 3 27 46 39 47 
2 29 28 14 43 36 24 26 
3 40 24 31 
8 31 24 16 35 33 22 
1 33 35 
==============================

