=========== Input ===========
File name:                ./instances/created-instances/mm-5-25-1767920.cdop
Total node count:         31
Truck node count:         5
Drone node count:         25
=============================

========== Settings ==========
Settings file:        ./settings/Memetic-LS_MPX_1099666.config
Seed:                 1099666
Reduction method:     -
Max iter:             1024000
Population size:      13
Crossover:            MA-MPX
Local Search:         -
Warm Start:           -
==============================

====== Algorithm Status ======
Valor:                2954
Time:                 250
nIter:                540
Best Iter:            540
Improvement Count:    539
==============================
Solution tour: 
0 7 8 24 
5 29 28 23 
3 16 15 21 28 
1 19 11 12 25 29 6 24 
2 19 23 9 7 22 
4 10 28 30 
==============================

====== Algorithm Status ======
Valor:                3256
Time:                 500
nIter:                1077
Best Iter:            1077
Improvement Count:    1076
==============================
Solution tour: 
0 7 8 24 
2 18 23 6 9 7 22 
4 13 10 28 30 
1 19 11 12 25 29 
5 29 28 23 
3 16 15 21 28 
==============================

====== Algorithm Status ======
Valor:                3531
Time:                 1000
nIter:                2069
Best Iter:            2069
Improvement Count:    2068
==============================
Solution tour: 
0 7 8 24 8 
1 19 1 11 12 25 29 
5 29 30 28 23 
3 16 15 21 
2 18 23 6 9 7 22 
4 13 10 28 30 
==============================

====== Algorithm Status ======
Valor:                3676
Time:                 2000
nIter:                4039
Best Iter:            4039
Improvement Count:    4038
==============================
Solution tour: 
0 7 18 8 24 8 
1 19 1 11 12 25 29 
5 12 11 30 28 23 
3 16 15 17 21 
2 18 23 6 9 7 22 
4 10 28 30 
==============================

====== Algorithm Status ======
Valor:                3806
Time:                 4000
nIter:                7695
Best Iter:            7695
Improvement Count:    7694
==============================
Solution tour: 
0 7 18 8 24 8 25 12 11 30 28 23 
3 16 15 17 21 
2 18 23 6 9 7 20 22 
4 18 17 15 
5 26 10 
1 19 1 11 12 25 29 
==============================

====== Algorithm Status ======
Valor:                4124
Time:                 8000
nIter:                13065
Best Iter:            13065
Improvement Count:    13064
==============================
Solution tour: 
0 7 18 8 24 8 25 12 11 30 28 23 
3 16 15 17 21 
2 18 23 6 9 7 22 20 4 17 18 17 15 4 20 
5 26 13 10 
1 19 1 30 11 25 29 
==============================

====== Algorithm Status ======
Valor:                4124
Time:                 16000
nIter:                22730
Best Iter:            22730
Improvement Count:    22729
==============================
Solution tour: 
0 7 18 8 24 8 25 12 11 30 28 23 
3 16 15 17 21 
2 18 23 6 9 7 22 20 4 17 18 17 15 4 20 
5 26 13 10 
1 19 1 30 11 25 29 
==============================

====== Algorithm Status ======
Valor:                4124
Time:                 32000
nIter:                42345
Best Iter:            42345
Improvement Count:    42344
==============================
Solution tour: 
0 7 18 8 24 8 25 12 11 30 28 23 
3 16 15 17 21 
2 18 23 6 9 7 22 20 4 17 18 17 15 4 20 
5 26 13 10 
1 19 1 30 11 25 29 
==============================

====== Algorithm Status ======
Valor:                4124
Time:                 64000
nIter:                81877
Best Iter:            81877
Improvement Count:    81876
==============================
Solution tour: 
0 7 18 8 24 8 25 12 11 30 28 23 
3 16 15 17 21 
2 18 23 6 9 7 22 20 4 17 18 17 15 4 20 
5 26 13 10 
1 19 1 30 11 25 29 
==============================

====== Algorithm Status ======
Valor:                4177
Time:                 128000
nIter:                160240
Best Iter:            160240
Improvement Count:    160239
==============================
Solution tour: 
0 7 18 8 24 8 25 12 11 30 28 23 
3 16 15 17 21 
2 18 23 6 9 7 22 20 4 17 18 17 15 4 20 
5 26 13 10 
1 19 1 30 11 24 25 29 
==============================

====== Algorithm Status ======
Valor:                4177
Time:                 256000
nIter:                316401
Best Iter:            316401
Improvement Count:    316400
==============================
Solution tour: 
0 7 18 8 24 8 25 12 11 30 28 23 
3 16 15 17 21 
2 18 23 6 9 7 22 20 4 17 18 17 15 4 20 
5 26 13 10 
1 19 1 30 11 24 25 29 
==============================

====== Algorithm Status ======
Valor:                4827
Time:                 512000
nIter:                626377
Best Iter:            626377
Improvement Count:    626376
==============================
Solution tour: 
0 15 18 7 18 16 29 8 24 8 25 29 12 30 11 30 28 23 
3 23 15 7 17 21 10 
2 14 7 15 21 15 23 6 9 7 22 20 
4 17 18 17 7 10 4 20 
5 20 13 26 13 10 1 29 
1 19 1 11 
==============================

====== Algorithm Status ======
Valor:                5236
Time:                 1024001
nIter:                1101520
Best Iter:            1101520
Improvement Count:    1101521
==============================
Solution tour: 
0 15 21 17 7 15 16 3 29 25 8 24 8 25 29 12 30 11 30 28 23 
3 23 17 18 7 17 21 15 
2 14 7 18 17 15 23 6 9 7 14 2 20 22 20 
5 20 4 10 
4 13 26 13 10 1 29 
1 19 0 11 
==============================

====== Algorithm Status ======
Valor:                5236
Time:                 1024001
nIter:                1101520
Best Iter:            1101520
Improvement Count:    1101521
==============================
Solution tour: 
0 15 21 17 7 15 16 3 29 25 8 24 8 25 29 12 30 11 30 28 23 
3 23 17 18 7 17 21 15 
2 14 7 18 17 15 23 6 9 7 14 2 20 22 20 
5 20 4 10 
4 13 26 13 10 1 29 
1 19 0 11 
==============================

