=========== Input ===========
File name:                ./instances/created-instances/mm-10-25-1767920.cdop
Total node count:         36
Truck node count:         10
Drone node count:         25
=============================

========== Settings ==========
Settings file:        ./settings/Memetic_MPX_1099666.config
Seed:                 1099666
Reduction method:     -
Max iter:             1024000
Population size:      13
Crossover:            MA-MPX
Local Search:         LS
Warm Start:           -
==============================

====== Algorithm Status ======
Valor:                5237
Time:                 255
nIter:                34
Best Iter:            34
Improvement Count:    33
==============================
Solution tour: 
0 33 18 23 11 23 8 23 18 
1 18 33 13 17 19 34 22 
5 24 5 16 22 24 22 16 11 18 31 
9 26 9 31 
3 27 1 32 1 31 3 29 
2 5 2 
4 28 12 20 33 
8 
7 25 3 
10 9 10 14 31 1 
6 15 12 17 13 33 21 30 
==============================

====== Algorithm Status ======
Valor:                5400
Time:                 500
nIter:                68
Best Iter:            68
Improvement Count:    67
==============================
Solution tour: 
0 33 18 23 11 23 8 23 18 
1 18 33 13 17 19 34 22 
5 24 5 16 22 24 22 16 11 18 31 
9 26 9 31 
3 27 1 32 1 31 3 25 29 
2 5 2 22 
4 28 15 12 20 6 33 6 
8 
7 25 3 
10 9 10 14 31 1 21 30 0 25 
==============================

====== Algorithm Status ======
Valor:                5536
Time:                 1004
nIter:                135
Best Iter:            135
Improvement Count:    134
==============================
Solution tour: 
0 33 18 23 11 23 8 23 18 25 3 
10 9 10 14 31 1 25 0 30 0 25 
1 18 33 13 17 19 34 16 
5 24 5 22 16 22 24 22 11 18 31 
9 26 10 
3 27 1 32 1 31 3 25 29 
2 5 2 22 
4 28 15 12 20 17 13 33 
6 33 8 
7 
8 
==============================

====== Algorithm Status ======
Valor:                5611
Time:                 2003
nIter:                252
Best Iter:            252
Improvement Count:    251
==============================
Solution tour: 
0 33 18 23 11 23 8 23 18 25 3 
10 9 10 14 31 1 25 0 30 0 25 
1 18 33 13 17 19 34 16 
5 24 5 22 16 22 24 22 11 18 31 
9 26 10 
3 27 1 32 1 31 3 25 29 
2 5 2 22 5 
4 28 15 12 20 19 17 13 33 6 7 
8 
==============================

====== Algorithm Status ======
Valor:                5611
Time:                 4007
nIter:                500
Best Iter:            500
Improvement Count:    499
==============================
Solution tour: 
0 33 18 23 11 23 8 23 18 25 3 
10 9 10 14 31 1 25 0 30 0 25 
1 18 33 13 17 19 34 16 
5 24 5 22 16 22 24 22 11 18 31 
9 26 10 
3 27 1 32 1 31 3 25 29 
2 5 2 22 5 
4 28 15 12 20 19 17 13 33 6 7 
8 
==============================

====== Algorithm Status ======
Valor:                5791
Time:                 8002
nIter:                964
Best Iter:            964
Improvement Count:    963
==============================
Solution tour: 
0 33 18 23 8 23 18 25 3 
10 9 26 9 31 14 31 1 3 25 0 30 21 32 
1 18 33 13 17 19 34 16 24 
5 24 22 24 16 22 16 20 19 11 18 1 31 
9 10 
3 27 1 32 31 
6 33 20 12 28 15 
4 28 4 
2 5 2 22 2 
8 19 17 13 33 
==============================

====== Algorithm Status ======
Valor:                5791
Time:                 16015
nIter:                1947
Best Iter:            1947
Improvement Count:    1946
==============================
Solution tour: 
0 33 18 23 8 23 18 25 3 
10 9 26 9 31 14 31 1 3 25 0 30 21 32 
1 18 33 13 17 19 34 16 24 
5 24 22 24 16 22 16 20 19 11 18 1 31 
9 10 
3 27 1 32 31 
6 33 20 12 28 15 
4 28 4 
2 5 2 22 2 
8 19 17 13 33 
==============================

====== Algorithm Status ======
Valor:                5862
Time:                 32005
nIter:                3882
Best Iter:            3882
Improvement Count:    3881
==============================
Solution tour: 
0 33 18 23 8 23 18 25 3 
10 9 26 9 31 14 31 1 27 3 25 0 30 21 32 
1 18 33 13 17 19 34 16 24 
5 24 22 24 16 22 16 20 19 11 18 1 31 
9 10 
3 27 1 32 31 18 20 12 15 28 
4 22 
2 5 2 22 
7 8 23 
8 19 17 13 33 
==============================

====== Algorithm Status ======
Valor:                5876
Time:                 64007
nIter:                7782
Best Iter:            7782
Improvement Count:    7781
==============================
Solution tour: 
0 33 18 23 8 23 25 3 
10 9 26 9 31 14 31 1 27 3 25 0 30 21 30 0 32 
1 18 33 13 17 19 34 16 24 
5 24 22 24 16 22 16 20 19 11 23 18 1 31 
9 10 
3 27 1 32 13 12 15 28 
4 22 
2 5 2 22 
7 8 23 
8 19 17 13 33 
==============================

====== Algorithm Status ======
Valor:                5946
Time:                 128009
nIter:                15506
Best Iter:            15506
Improvement Count:    15505
==============================
Solution tour: 
0 33 18 23 8 23 25 3 
10 9 26 9 31 14 31 1 27 3 25 0 30 21 30 0 32 
1 18 33 13 17 19 34 16 24 
5 24 22 24 16 22 16 20 19 11 23 18 1 31 
9 10 
3 27 1 32 13 20 12 20 15 28 
4 22 2 5 
2 22 
7 
8 19 17 13 33 
==============================

====== Algorithm Status ======
Valor:                5974
Time:                 256001
nIter:                31025
Best Iter:            31025
Improvement Count:    31024
==============================
Solution tour: 
0 33 18 23 8 23 18 25 3 
10 9 26 9 31 14 31 1 27 3 25 0 30 21 30 0 25 1 32 
1 18 33 13 17 19 34 16 24 
5 24 22 24 16 22 16 20 19 11 18 1 31 
9 10 
3 1 8 17 20 12 28 15 28 
4 22 2 5 
2 22 
7 
8 19 17 13 33 
==============================

====== Algorithm Status ======
Valor:                5974
Time:                 512007
nIter:                62411
Best Iter:            62411
Improvement Count:    62410
==============================
Solution tour: 
0 33 18 23 8 23 18 25 3 
10 9 26 9 31 14 31 1 27 3 25 0 30 21 30 0 25 1 32 
1 18 33 13 17 19 34 16 24 
5 24 22 24 16 22 16 20 19 11 18 1 31 
9 10 
3 1 8 17 20 12 28 15 28 
4 22 2 5 
2 22 
7 
8 19 17 13 33 
==============================

====== Algorithm Status ======
Valor:                6022
Time:                 1024003
nIter:                124163
Best Iter:            124163
Improvement Count:    124164
==============================
Solution tour: 
0 33 18 23 8 23 18 25 3 
10 9 26 9 31 14 31 1 27 3 25 0 30 21 30 0 25 1 32 
1 18 33 13 17 19 34 16 24 
5 24 22 24 16 22 16 20 19 11 18 1 31 
9 10 
3 27 1 8 11 19 20 17 20 12 28 15 28 
4 22 2 5 2 
7 
8 17 13 33 
==============================

====== Algorithm Status ======
Valor:                6022
Time:                 1024003
nIter:                124163
Best Iter:            124163
Improvement Count:    124164
==============================
Solution tour: 
0 33 18 23 8 23 18 25 3 
10 9 26 9 31 14 31 1 27 3 25 0 30 21 30 0 25 1 32 
1 18 33 13 17 19 34 16 24 
5 24 22 24 16 22 16 20 19 11 18 1 31 
9 10 
3 27 1 8 11 19 20 17 20 12 28 15 28 
4 22 2 5 2 
7 
8 17 13 33 
==============================

