=========== Input ===========
File name:                ./instances/created-instances/mm-15-25-1110588.cdop
Total node count:         41
Truck node count:         15
Drone node count:         25
=============================

========== Settings ==========
Settings file:        ./settings/Memetic_MMX_1099666.config
Seed:                 1099666
Reduction method:     -
Max iter:             1024000
Population size:      13
Crossover:            MA-MMX
Local Search:         LS
Warm Start:           -
==============================

====== Algorithm Status ======
Valor:                6054
Time:                 254
nIter:                23
Best Iter:            23
Improvement Count:    22
==============================
Solution tour: 
0 14 3 14 0 20 25 13 0 13 25 20 13 27 20 24 38 3 32 36 32 6 19 31 2 22 13 20 27 13 22 21 22 38 31 19 6 39 38 21 20 25 33 15 
11 15 17 26 10 11 
10 26 7 26 34 12 40 4 35 37 29 16 18 16 32 29 32 23 2 23 37 23 39 38 21 38 39 21 39 
==============================

====== Algorithm Status ======
Valor:                6327
Time:                 502
nIter:                61
Best Iter:            61
Improvement Count:    60
==============================
Solution tour: 
0 38 21 38 3 14 23 14 3 0 3 0 13 25 20 13 27 20 21 24 32 36 32 19 6 22 2 31 2 22 13 20 27 13 22 21 22 38 31 22 39 38 39 21 20 25 33 11 15 11 15 
10 26 7 26 34 12 40 4 35 37 29 32 29 16 18 16 29 19 31 38 25 13 21 39 22 6 28 23 37 23 39 38 21 38 
==============================

====== Algorithm Status ======
Valor:                6422
Time:                 1012
nIter:                119
Best Iter:            119
Improvement Count:    118
==============================
Solution tour: 
0 38 21 22 38 3 14 23 14 3 0 3 0 13 25 20 13 27 20 24 21 24 3 32 36 32 19 6 22 2 31 2 22 13 20 27 13 38 39 21 20 25 33 11 15 11 15 11 
10 26 7 26 34 12 40 4 35 37 29 32 29 16 18 16 29 19 31 38 13 22 21 39 22 6 28 23 37 23 39 38 21 38 
==============================

====== Algorithm Status ======
Valor:                6598
Time:                 2002
nIter:                216
Best Iter:            216
Improvement Count:    215
==============================
Solution tour: 
0 38 21 38 21 38 21 38 22 39 38 21 39 3 14 23 14 3 38 24 20 25 38 3 32 36 32 19 6 22 2 31 2 22 13 20 27 20 13 38 39 21 20 25 33 11 15 11 15 11 
10 26 7 10 7 26 34 5 17 9 40 4 5 34 35 4 35 29 32 29 16 18 16 29 19 31 38 31 13 22 21 22 6 23 37 23 39 22 38 21 38 
==============================

====== Algorithm Status ======
Valor:                6668
Time:                 4006
nIter:                396
Best Iter:            396
Improvement Count:    395
==============================
Solution tour: 
0 38 39 21 38 22 39 38 24 21 39 3 14 23 14 3 38 21 24 20 25 38 3 32 36 32 19 6 22 2 31 2 22 13 20 27 20 13 27 13 21 20 25 33 11 15 11 15 11 
10 26 7 10 7 26 34 5 17 9 40 4 5 34 35 37 29 32 29 16 18 16 29 19 31 38 31 13 22 21 22 6 23 37 23 39 22 38 21 38 25 
==============================

====== Algorithm Status ======
Valor:                6740
Time:                 8001
nIter:                794
Best Iter:            794
Improvement Count:    793
==============================
Solution tour: 
0 38 39 21 39 3 14 23 14 3 38 0 21 24 20 25 38 3 32 36 32 19 6 22 2 31 2 22 13 20 27 20 13 27 13 24 21 20 25 33 11 15 11 15 11 
10 26 7 10 7 26 34 5 17 9 40 4 5 34 35 37 29 32 29 16 18 16 29 19 31 13 22 21 22 23 37 23 39 22 39 38 21 38 25 3 
==============================

====== Algorithm Status ======
Valor:                6768
Time:                 16008
nIter:                1567
Best Iter:            1567
Improvement Count:    1566
==============================
Solution tour: 
0 38 39 21 39 3 14 23 14 3 38 0 21 24 20 25 38 3 32 36 32 19 6 22 2 31 2 22 13 20 27 20 13 27 13 24 21 20 25 33 11 15 11 
10 26 7 10 7 26 34 5 17 9 40 9 4 5 34 35 29 32 29 16 18 16 29 19 31 13 22 21 22 23 37 23 39 22 39 38 21 38 25 3 
==============================

====== Algorithm Status ======
Valor:                6770
Time:                 32001
nIter:                3194
Best Iter:            3194
Improvement Count:    3193
==============================
Solution tour: 
0 38 39 21 38 22 38 21 39 3 14 23 14 3 38 0 21 24 20 25 38 3 32 36 32 19 6 22 2 31 2 22 13 20 27 20 13 27 13 24 21 20 25 33 11 15 11 
10 26 7 10 7 26 34 5 34 35 37 29 32 29 16 18 16 29 19 31 13 22 21 22 23 37 23 39 22 39 38 21 38 25 3 33 3 
==============================

====== Algorithm Status ======
Valor:                6865
Time:                 64008
nIter:                6481
Best Iter:            6481
Improvement Count:    6480
==============================
Solution tour: 
0 38 21 0 14 23 14 3 38 0 13 24 21 20 24 20 25 38 3 32 36 32 19 6 22 2 31 2 22 13 25 20 27 20 13 27 13 20 25 33 11 15 11 
10 26 7 10 7 26 34 5 34 35 37 29 32 29 16 18 16 29 19 31 13 22 21 22 39 23 37 23 39 22 38 31 38 21 39 21 38 39 38 21 38 25 3 14 
==============================

====== Algorithm Status ======
Valor:                6897
Time:                 128008
nIter:                12821
Best Iter:            12821
Improvement Count:    12820
==============================
Solution tour: 
0 38 0 21 0 14 23 14 3 38 21 24 21 20 24 20 25 38 3 32 36 32 19 6 22 2 31 2 22 13 25 20 27 20 13 27 13 20 25 33 11 15 11 
10 26 7 10 7 26 34 5 34 35 37 29 32 29 16 18 16 29 19 31 13 22 21 22 39 23 37 23 39 22 38 31 38 21 39 21 38 39 38 21 38 25 3 14 
==============================

====== Algorithm Status ======
Valor:                6897
Time:                 256005
nIter:                25548
Best Iter:            25548
Improvement Count:    25547
==============================
Solution tour: 
0 38 0 21 0 14 23 14 3 38 21 24 21 20 24 20 25 38 3 32 36 32 19 6 22 2 31 2 22 13 25 20 27 20 13 27 13 20 25 33 11 15 11 
10 26 7 10 7 26 34 5 34 35 37 29 32 29 16 18 16 29 19 31 13 22 21 22 39 23 37 23 39 22 38 31 38 21 39 21 38 39 38 21 38 25 3 14 
==============================

====== Algorithm Status ======
Valor:                6897
Time:                 512012
nIter:                50993
Best Iter:            50993
Improvement Count:    50992
==============================
Solution tour: 
0 38 0 21 0 14 23 14 3 38 21 24 21 20 24 20 25 38 3 32 36 32 19 6 22 2 31 2 22 13 25 20 27 20 13 27 13 20 25 33 11 15 11 
10 26 7 10 7 26 34 5 34 35 37 29 32 29 16 18 16 29 19 31 13 22 21 22 39 23 37 23 39 22 38 31 38 21 39 21 38 39 38 21 38 25 3 14 
==============================

====== Algorithm Status ======
Valor:                6897
Time:                 1024005
nIter:                102139
Best Iter:            102139
Improvement Count:    102140
==============================
Solution tour: 
0 38 0 21 0 14 23 14 3 38 21 24 21 20 24 20 25 38 3 32 36 32 19 6 22 2 31 2 22 13 25 20 27 20 13 27 13 20 25 33 11 15 11 
10 26 7 10 7 26 34 5 34 35 37 29 32 29 16 18 16 29 19 31 13 22 21 22 39 23 37 23 39 22 38 31 38 21 39 21 38 39 38 21 38 25 3 14 
==============================

====== Algorithm Status ======
Valor:                6897
Time:                 1024005
nIter:                102139
Best Iter:            102139
Improvement Count:    102140
==============================
Solution tour: 
0 38 0 21 0 14 23 14 3 38 21 24 21 20 24 20 25 38 3 32 36 32 19 6 22 2 31 2 22 13 25 20 27 20 13 27 13 20 25 33 11 15 11 
10 26 7 10 7 26 34 5 34 35 37 29 32 29 16 18 16 29 19 31 13 22 21 22 39 23 37 23 39 22 38 31 38 21 39 21 38 39 38 21 38 25 3 14 
==============================

