=========== Input ===========
File name:                ./instances/created-instances/mm-5-40-1767920.cdop
Total node count:         46
Truck node count:         5
Drone node count:         40
=============================

========== Settings ==========
Settings file:        ./settings/Memetic-LS_MPX_1287823.config
Seed:                 1287823
Reduction method:     -
Max iter:             1024000
Population size:      13
Crossover:            MA-MPX
Local Search:         -
Warm Start:           -
==============================

====== Algorithm Status ======
Valor:                3747
Time:                 253
nIter:                318
Best Iter:            318
Improvement Count:    317
==============================
Solution tour: 
0 35 9 37 17 18 17 24 12 6 8 29 8 6 23 21 40 43 13 26 15 9 16 30 31 
4 
5 
2 18 42 11 10 39 34 
3 44 
1 12 7 
==============================

====== Algorithm Status ======
Valor:                3849
Time:                 501
nIter:                580
Best Iter:            580
Improvement Count:    579
==============================
Solution tour: 
0 35 9 37 17 18 17 24 8 6 8 29 12 6 16 21 40 43 4 13 26 15 9 23 30 31 
4 
5 
2 18 42 11 10 39 34 
3 44 
1 7 
==============================

====== Algorithm Status ======
Valor:                4173
Time:                 1000
nIter:                1162
Best Iter:            1162
Improvement Count:    1161
==============================
Solution tour: 
0 35 18 15 40 9 17 37 27 24 8 6 8 29 12 6 16 21 17 43 4 13 26 23 30 0 31 
4 
5 
2 22 18 42 11 10 39 34 
3 44 
1 7 28 
==============================

====== Algorithm Status ======
Valor:                4259
Time:                 2000
nIter:                2241
Best Iter:            2241
Improvement Count:    2240
==============================
Solution tour: 
0 35 18 40 9 17 37 17 27 24 12 6 8 29 8 6 16 21 43 13 26 23 30 0 31 
4 
5 
2 22 18 15 11 42 10 39 37 34 
3 44 
1 7 28 
==============================

====== Algorithm Status ======
Valor:                4462
Time:                 4004
nIter:                4262
Best Iter:            4262
Improvement Count:    4261
==============================
Solution tour: 
0 35 18 40 9 17 37 17 8 6 12 6 8 29 8 24 16 21 43 13 26 23 30 0 31 
4 36 
5 
2 22 18 15 11 42 10 39 37 34 
3 8 44 
1 7 23 28 
==============================

====== Algorithm Status ======
Valor:                4745
Time:                 8000
nIter:                8075
Best Iter:            8075
Improvement Count:    8074
==============================
Solution tour: 
0 35 3 40 43 17 37 17 18 6 12 6 8 24 8 29 16 21 43 13 26 23 30 31 39 7 
4 
2 
5 36 22 18 15 44 38 42 10 39 37 34 
3 8 11 
1 7 0 28 
==============================

====== Algorithm Status ======
Valor:                5074
Time:                 16000
nIter:                15770
Best Iter:            15770
Improvement Count:    15769
==============================
Solution tour: 
0 43 40 43 17 37 17 18 6 12 6 8 24 8 29 16 21 35 13 26 23 30 31 39 7 
4 
5 36 
2 4 18 15 44 6 10 39 10 11 37 34 
3 8 12 42 
1 29 7 0 28 
==============================

====== Algorithm Status ======
Valor:                5524
Time:                 32000
nIter:                29280
Best Iter:            29280
Improvement Count:    29279
==============================
Solution tour: 
0 31 37 40 43 17 18 17 37 6 12 6 8 24 8 29 16 21 35 34 13 26 23 30 31 39 7 
4 41 
5 36 
2 22 14 4 44 15 18 6 10 39 10 11 37 25 8 
3 8 24 12 42 1 29 
1 7 0 28 
==============================

====== Algorithm Status ======
Valor:                5978
Time:                 64001
nIter:                53915
Best Iter:            53915
Improvement Count:    53914
==============================
Solution tour: 
0 11 40 43 17 18 17 37 17 43 42 12 6 12 3 8 24 8 29 16 21 34 13 26 23 30 31 39 7 40 
4 40 41 
5 45 36 
2 14 20 22 14 9 15 18 6 10 39 10 37 31 25 8 
3 12 24 12 42 1 29 
1 7 31 0 28 
==============================

====== Algorithm Status ======
Valor:                6127
Time:                 128000
nIter:                96957
Best Iter:            96957
Improvement Count:    96956
==============================
Solution tour: 
0 11 40 43 17 18 17 37 17 10 42 12 6 12 3 8 24 8 29 16 21 34 13 26 23 30 31 39 7 
4 40 41 
5 44 45 36 
2 14 20 22 14 9 15 18 6 10 39 10 37 31 25 8 
3 12 8 12 42 29 1 7 39 31 0 28 
==============================

====== Algorithm Status ======
Valor:                6127
Time:                 256000
nIter:                180501
Best Iter:            180501
Improvement Count:    180500
==============================
Solution tour: 
0 11 40 43 17 18 17 37 17 10 42 12 6 12 3 8 24 8 29 16 21 34 13 26 23 30 31 39 7 
4 40 41 
5 44 45 36 
2 14 20 22 14 9 15 18 6 10 39 10 37 31 25 8 
3 12 8 12 42 29 1 7 39 31 0 28 
==============================

====== Algorithm Status ======
Valor:                6127
Time:                 512004
nIter:                346321
Best Iter:            346321
Improvement Count:    346320
==============================
Solution tour: 
0 11 40 43 17 18 17 37 17 10 42 12 6 12 3 8 24 8 29 16 21 34 13 26 23 30 31 39 7 
4 40 41 
5 44 45 36 
2 14 20 22 14 9 15 18 6 10 39 10 37 31 25 8 
3 12 8 12 42 29 1 7 39 31 0 28 
==============================

====== Algorithm Status ======
Valor:                6127
Time:                 1024001
nIter:                678324
Best Iter:            678324
Improvement Count:    678325
==============================
Solution tour: 
0 11 40 43 17 18 17 37 17 10 42 12 6 12 3 8 24 8 29 16 21 34 13 26 23 30 31 39 7 
4 40 41 
5 44 45 36 
2 14 20 22 14 9 15 18 6 10 39 10 37 31 25 8 
3 12 8 12 42 29 1 7 39 31 0 28 
==============================

====== Algorithm Status ======
Valor:                6127
Time:                 1024001
nIter:                678324
Best Iter:            678324
Improvement Count:    678325
==============================
Solution tour: 
0 11 40 43 17 18 17 37 17 10 42 12 6 12 3 8 24 8 29 16 21 34 13 26 23 30 31 39 7 
4 40 41 
5 44 45 36 
2 14 20 22 14 9 15 18 6 10 39 10 37 31 25 8 
3 12 8 12 42 29 1 7 39 31 0 28 
==============================

