=========== Input ===========
File name:                ./instances/created-instances/mm-10-40-1917698.cdop
Total node count:         51
Truck node count:         10
Drone node count:         40
=============================

========== Settings ==========
Settings file:        ./settings/Memetic_MMX_1881515.config
Seed:                 1881515
Reduction method:     -
Max iter:             1024000
Population size:      13
Crossover:            MA-MMX
Local Search:         LS
Warm Start:           -
==============================

====== Algorithm Status ======
Valor:                6319
Time:                 252
nIter:                15
Best Iter:            15
Improvement Count:    14
==============================
Solution tour: 
0 21 4 50 37 33 4 33 39 33 50 48 41 49 30 9 26 39 3 43 47 30 49 26 21 
4 21 43 49 12 1 22 31 22 1 15 
1 3 47 48 29 28 27 49 36 49 27 23 27 28 29 14 40 14 48 46 41 26 42 17 42 24 9 49 47 28 47 38 16 13 26 39 38 39 33 21 33 39 41 12 19 35 19 12 49 9 43 9 24 
==============================

====== Algorithm Status ======
Valor:                6420
Time:                 513
nIter:                33
Best Iter:            33
Improvement Count:    32
==============================
Solution tour: 
0 21 4 50 37 10 37 33 4 33 39 33 50 13 16 48 41 49 27 9 30 9 26 39 3 43 47 30 49 26 33 32 21 
4 21 33 26 43 49 12 36 1 22 31 22 1 15 
1 3 39 38 47 9 29 28 27 49 30 44 28 27 23 27 28 27 23 27 28 29 14 40 14 48 46 41 49 42 17 42 24 9 49 47 38 16 38 26 39 38 39 33 21 33 12 19 35 19 12 49 9 43 9 24 
==============================

====== Algorithm Status ======
Valor:                6916
Time:                 1007
nIter:                62
Best Iter:            62
Improvement Count:    61
==============================
Solution tour: 
0 24 27 23 41 12 19 35 19 15 1 22 31 22 1 36 13 16 38 44 49 41 23 28 14 40 14 47 3 43 9 26 0 42 26 42 17 4 50 37 
10 37 33 39 38 47 28 47 30 38 39 38 9 29 28 29 9 49 30 44 23 27 23 9 43 44 30 47 49 9 27 48 46 29 30 49 27 9 24 33 21 33 24 32 24 
==============================

====== Algorithm Status ======
Valor:                7066
Time:                 2007
nIter:                145
Best Iter:            145
Improvement Count:    144
==============================
Solution tour: 
0 38 41 12 19 35 19 15 1 22 31 22 1 36 13 16 38 44 38 30 49 41 23 28 14 40 14 47 3 43 9 26 0 17 42 26 42 17 4 50 37 
10 37 33 39 38 47 28 47 30 29 28 29 9 49 30 44 23 27 23 9 43 9 23 44 30 47 49 9 27 48 46 29 41 49 27 9 24 33 21 33 24 32 24 42 24 
==============================

====== Algorithm Status ======
Valor:                7318
Time:                 4003
nIter:                320
Best Iter:            320
Improvement Count:    319
==============================
Solution tour: 
0 42 26 49 41 12 19 35 19 15 1 22 31 22 1 36 13 16 38 44 38 30 49 12 41 23 28 14 40 14 47 3 43 9 49 26 42 17 4 50 37 
10 37 33 39 38 47 28 47 30 9 29 28 29 9 49 30 44 23 27 23 9 43 9 23 44 30 47 49 9 49 27 48 46 29 46 48 27 9 24 33 21 33 24 32 24 17 42 
==============================

====== Algorithm Status ======
Valor:                7408
Time:                 8003
nIter:                635
Best Iter:            635
Improvement Count:    634
==============================
Solution tour: 
0 42 26 49 41 12 19 35 19 12 35 19 15 1 22 31 22 1 22 36 22 13 16 38 44 38 30 41 23 28 14 40 14 47 3 43 49 26 42 17 4 50 37 
10 37 33 39 38 47 28 47 30 9 29 28 29 9 30 49 30 44 23 27 23 9 43 9 23 44 30 47 9 49 27 48 46 29 46 48 27 49 9 24 33 21 33 24 32 24 17 42 
==============================

====== Algorithm Status ======
Valor:                7509
Time:                 16004
nIter:                1247
Best Iter:            1247
Improvement Count:    1246
==============================
Solution tour: 
0 42 26 49 12 19 35 12 35 19 15 1 22 31 22 1 22 36 22 13 16 38 44 38 30 41 46 28 46 29 14 40 14 47 3 43 3 47 49 26 42 17 4 50 37 
10 37 33 39 38 47 28 47 30 9 29 28 29 9 30 49 30 44 23 27 9 43 9 27 23 44 30 47 9 49 27 48 46 29 46 48 27 49 9 24 33 21 33 24 32 24 17 42 
==============================

====== Algorithm Status ======
Valor:                7639
Time:                 32008
nIter:                2391
Best Iter:            2391
Improvement Count:    2390
==============================
Solution tour: 
0 42 26 49 12 19 35 12 35 19 15 1 22 31 22 36 22 1 3 39 38 44 38 16 38 30 44 29 14 40 14 47 3 43 3 47 49 26 42 17 4 50 37 
10 37 33 39 38 47 30 9 29 28 29 9 49 30 47 49 9 23 41 23 9 43 9 27 23 27 28 44 30 49 27 48 46 48 27 9 24 33 21 33 24 32 4 21 4 17 42 
==============================

====== Algorithm Status ======
Valor:                7674
Time:                 64002
nIter:                4776
Best Iter:            4776
Improvement Count:    4775
==============================
Solution tour: 
0 42 26 49 12 35 19 35 12 19 15 1 22 31 22 36 22 1 3 39 38 44 38 16 38 30 44 29 14 40 14 47 3 43 3 47 49 26 42 17 4 50 37 
10 37 33 39 38 47 30 9 30 9 29 28 29 9 49 30 47 9 23 41 23 9 43 9 27 23 27 28 44 30 49 27 48 46 48 27 49 9 24 33 21 33 24 32 4 21 4 17 42 
==============================

====== Algorithm Status ======
Valor:                7674
Time:                 128015
nIter:                9521
Best Iter:            9521
Improvement Count:    9520
==============================
Solution tour: 
0 42 26 49 12 35 19 35 12 19 15 1 22 31 22 36 22 1 3 39 38 44 38 16 38 30 44 29 14 40 14 47 3 43 3 47 49 26 42 17 4 50 37 
10 37 33 39 38 47 30 9 30 9 29 28 29 9 49 30 47 9 23 41 23 9 43 9 27 23 27 28 44 30 49 27 48 46 48 27 49 9 24 33 21 33 24 32 4 21 4 17 42 
==============================

====== Algorithm Status ======
Valor:                7674
Time:                 256003
nIter:                19129
Best Iter:            19129
Improvement Count:    19128
==============================
Solution tour: 
0 42 26 49 12 35 19 35 12 19 15 1 22 31 22 36 22 1 3 39 38 44 38 16 38 30 44 29 14 40 14 47 3 43 3 47 49 26 42 17 4 50 37 
10 37 33 39 38 47 30 9 30 9 29 28 29 9 49 30 47 9 23 41 23 9 43 9 27 23 27 28 44 30 49 27 48 46 48 27 49 9 24 33 21 33 24 32 4 21 4 17 42 
==============================

====== Algorithm Status ======
Valor:                7674
Time:                 512004
nIter:                38316
Best Iter:            38316
Improvement Count:    38315
==============================
Solution tour: 
0 42 26 49 12 35 19 35 12 19 15 1 22 31 22 36 22 1 3 39 38 44 38 16 38 30 44 29 14 40 14 47 3 43 3 47 49 26 42 17 4 50 37 
10 37 33 39 38 47 30 9 30 9 29 28 29 9 49 30 47 9 23 41 23 9 43 9 27 23 27 28 44 30 49 27 48 46 48 27 49 9 24 33 21 33 24 32 4 21 4 17 42 
==============================

====== Algorithm Status ======
Valor:                7674
Time:                 1024002
nIter:                76147
Best Iter:            76147
Improvement Count:    76148
==============================
Solution tour: 
0 42 26 49 12 35 19 35 12 19 15 1 22 31 22 36 22 1 3 39 38 44 38 16 38 30 44 29 14 40 14 47 3 43 3 47 49 26 42 17 4 50 37 
10 37 33 39 38 47 30 9 30 9 29 28 29 9 49 30 47 9 23 41 23 9 43 9 27 23 27 28 44 30 49 27 48 46 48 27 49 9 24 33 21 33 24 32 4 21 4 17 42 
==============================

====== Algorithm Status ======
Valor:                7674
Time:                 1024002
nIter:                76147
Best Iter:            76147
Improvement Count:    76148
==============================
Solution tour: 
0 42 26 49 12 35 19 35 12 19 15 1 22 31 22 36 22 1 3 39 38 44 38 16 38 30 44 29 14 40 14 47 3 43 3 47 49 26 42 17 4 50 37 
10 37 33 39 38 47 30 9 30 9 29 28 29 9 49 30 47 9 23 41 23 9 43 9 27 23 27 28 44 30 49 27 48 46 48 27 49 9 24 33 21 33 24 32 4 21 4 17 42 
==============================

