=========== Input ===========
File name:                ./instances/created-instances/mm-15-40-1110588.cdop
Total node count:         56
Truck node count:         15
Drone node count:         40
=============================

========== Settings ==========
Settings file:        ./settings/Memetic-LS_MPX_1881515.config
Seed:                 1881515
Reduction method:     -
Max iter:             1024000
Population size:      13
Crossover:            MA-MPX
Local Search:         -
Warm Start:           -
==============================

====== Algorithm Status ======
Valor:                1447
Time:                 250
nIter:                242
Best Iter:            242
Improvement Count:    241
==============================
Solution tour: 
0 30 
15 33 
1 
8 46 29 
7 
13 
4 
12 
10 
2 
6 48 
14 
3 
==============================

====== Algorithm Status ======
Valor:                1581
Time:                 506
nIter:                468
Best Iter:            468
Improvement Count:    467
==============================
Solution tour: 
0 30 
3 
4 
12 
10 
2 
6 48 
15 33 
14 48 
1 
9 
8 46 29 
7 
13 
==============================

====== Algorithm Status ======
Valor:                1648
Time:                 1000
nIter:                906
Best Iter:            906
Improvement Count:    905
==============================
Solution tour: 
0 30 
3 
14 48 
1 
9 
8 46 29 
4 
12 
10 
2 
6 48 
15 33 
5 
11 31 
==============================

====== Algorithm Status ======
Valor:                1805
Time:                 2005
nIter:                1789
Best Iter:            1789
Improvement Count:    1788
==============================
Solution tour: 
0 30 
6 48 
14 48 
2 
13 25 52 
1 
7 
8 46 29 
4 
12 
5 
10 
11 35 
3 
==============================

====== Algorithm Status ======
Valor:                2101
Time:                 4000
nIter:                3577
Best Iter:            3577
Improvement Count:    3576
==============================
Solution tour: 
0 
13 25 52 
1 
9 21 
10 
8 46 29 
11 35 
3 18 
12 
4 
5 
6 48 
14 
2 51 
==============================

====== Algorithm Status ======
Valor:                2176
Time:                 8000
nIter:                7070
Best Iter:            7070
Improvement Count:    7069
==============================
Solution tour: 
0 
13 25 52 
1 
9 21 
10 
8 46 29 
7 
11 35 
3 18 
12 
4 
5 
6 48 
14 
2 51 
==============================

====== Algorithm Status ======
Valor:                2254
Time:                 16000
nIter:                14263
Best Iter:            14263
Improvement Count:    14262
==============================
Solution tour: 
0 
13 
2 51 33 25 52 
1 
9 21 
10 
8 46 29 
7 
11 35 
3 18 
12 
4 
5 
6 48 
14 
==============================

====== Algorithm Status ======
Valor:                2332
Time:                 32000
nIter:                28543
Best Iter:            28543
Improvement Count:    28542
==============================
Solution tour: 
0 
13 
2 51 25 52 44 
9 
1 21 
10 
8 46 29 
7 
15 
11 35 
3 18 
12 
4 
5 
6 48 
14 23 
==============================

====== Algorithm Status ======
Valor:                2615
Time:                 64000
nIter:                56669
Best Iter:            56669
Improvement Count:    56668
==============================
Solution tour: 
0 
13 31 
2 51 25 52 44 
11 35 
15 27 
10 
7 
1 21 
3 18 
12 
9 
8 46 29 
4 
6 48 
14 23 
==============================

====== Algorithm Status ======
Valor:                2941
Time:                 128008
nIter:                111806
Best Iter:            111806
Improvement Count:    111805
==============================
Solution tour: 
0 47 
13 31 
2 51 53 25 52 
11 37 35 
7 26 
10 
15 42 27 
6 48 
1 21 
14 
3 18 
8 46 
4 
12 4 
==============================

====== Algorithm Status ======
Valor:                3031
Time:                 256001
nIter:                221756
Best Iter:            221756
Improvement Count:    221755
==============================
Solution tour: 
0 47 
13 31 
2 51 53 25 52 
11 37 35 
7 
15 42 27 
6 48 
1 21 
5 
14 
3 18 
8 46 
4 
12 41 
==============================

====== Algorithm Status ======
Valor:                3031
Time:                 512000
nIter:                442016
Best Iter:            442016
Improvement Count:    442015
==============================
Solution tour: 
0 47 
13 31 
2 51 53 25 52 
11 37 35 
7 
15 42 27 
6 48 
1 21 
5 
14 
3 18 
8 46 
4 
12 41 
==============================

====== Algorithm Status ======
Valor:                3031
Time:                 1024001
nIter:                881989
Best Iter:            881989
Improvement Count:    881990
==============================
Solution tour: 
0 47 
13 31 
2 51 53 25 52 
11 37 35 
7 
15 42 27 
6 48 
1 21 
5 
14 
3 18 
8 46 
4 
12 41 
==============================

====== Algorithm Status ======
Valor:                3031
Time:                 1024001
nIter:                881989
Best Iter:            881989
Improvement Count:    881990
==============================
Solution tour: 
0 47 
13 31 
2 51 53 25 52 
11 37 35 
7 
15 42 27 
6 48 
1 21 
5 
14 
3 18 
8 46 
4 
12 41 
==============================

