=========== Input ===========
File name:                ./instances/created-instances/mm-15-10-1110588.cdop
Total node count:         26
Truck node count:         15
Drone node count:         10
=============================

========== Settings ==========
Settings file:        ./settings/Memetic-LS_MMX_1099666.config
Seed:                 1099666
Reduction method:     -
Max iter:             1024000
Population size:      13
Crossover:            MA-MMX
Local Search:         -
Warm Start:           -
==============================

====== Algorithm Status ======
Valor:                2743
Time:                 250
nIter:                849
Best Iter:            849
Improvement Count:    848
==============================
Solution tour: 
0 23 5 24 5 20 22 24 18 23 18 24 22 24 
8 21 
7 17 21 
3 21 18 21 6 25 21 25 24 25 
6 24 
13 
==============================

====== Algorithm Status ======
Valor:                2881
Time:                 500
nIter:                1692
Best Iter:            1692
Improvement Count:    1691
==============================
Solution tour: 
0 23 20 24 18 23 18 24 22 25 24 
14 24 25 22 24 
8 21 
7 17 21 
3 21 18 21 6 21 6 25 21 25 24 
6 24 
13 
==============================

====== Algorithm Status ======
Valor:                3071
Time:                 1000
nIter:                3206
Best Iter:            3206
Improvement Count:    3205
==============================
Solution tour: 
0 23 24 18 19 16 18 23 18 19 18 24 25 24 
14 24 22 24 
8 21 
7 17 21 
3 21 18 21 6 21 6 25 21 25 
6 24 
13 
==============================

====== Algorithm Status ======
Valor:                3071
Time:                 2000
nIter:                6187
Best Iter:            6187
Improvement Count:    6186
==============================
Solution tour: 
0 23 24 18 19 16 18 23 18 19 18 24 25 24 
14 24 22 24 
8 21 
7 17 21 
3 21 18 21 6 21 6 25 21 25 
6 24 
13 
==============================

====== Algorithm Status ======
Valor:                3179
Time:                 4000
nIter:                12433
Best Iter:            12433
Improvement Count:    12432
==============================
Solution tour: 
0 23 24 18 16 19 16 18 23 18 19 18 24 25 24 
14 24 22 24 
8 21 
7 17 21 
3 21 18 21 6 21 25 
6 24 6 0 
13 
==============================

====== Algorithm Status ======
Valor:                3375
Time:                 8000
nIter:                25024
Best Iter:            25024
Improvement Count:    25023
==============================
Solution tour: 
0 23 24 18 16 19 16 18 23 18 19 18 24 13 24 25 24 
14 24 22 24 
8 21 
7 17 21 
3 21 18 21 6 25 20 25 20 25 
6 24 6 0 
13 
==============================

====== Algorithm Status ======
Valor:                3486
Time:                 16000
nIter:                47095
Best Iter:            47095
Improvement Count:    47094
==============================
Solution tour: 
0 23 24 18 19 16 19 18 24 13 24 25 24 
14 24 22 24 21 
8 21 18 21 
3 21 
7 21 6 21 24 6 25 20 25 21 25 
6 24 0 6 0 
13 
==============================

====== Algorithm Status ======
Valor:                3563
Time:                 32000
nIter:                94183
Best Iter:            94183
Improvement Count:    94182
==============================
Solution tour: 
0 23 0 23 18 19 16 19 18 24 13 24 25 24 
14 24 22 24 21 
8 21 18 21 
3 21 
7 21 6 21 13 24 6 25 20 25 21 25 
6 24 0 6 0 
13 
==============================

====== Algorithm Status ======
Valor:                3648
Time:                 64000
nIter:                182030
Best Iter:            182030
Improvement Count:    182029
==============================
Solution tour: 
0 5 0 23 18 19 16 19 18 24 13 24 25 24 
14 24 22 24 21 
8 
1 
12 
5 18 21 
3 21 
7 21 6 21 13 21 24 6 25 20 25 21 25 
6 24 0 6 0 
13 
==============================

====== Algorithm Status ======
Valor:                3684
Time:                 128000
nIter:                353742
Best Iter:            353742
Improvement Count:    353741
==============================
Solution tour: 
0 5 0 23 18 19 16 19 18 24 13 24 25 24 
14 24 22 24 21 
8 
1 
12 
5 4 18 21 
3 21 
7 21 6 21 13 21 24 6 25 20 25 21 25 
6 23 0 6 0 
13 
==============================

====== Algorithm Status ======
Valor:                3684
Time:                 256000
nIter:                690198
Best Iter:            690198
Improvement Count:    690197
==============================
Solution tour: 
0 5 0 23 18 19 16 19 18 24 13 24 25 24 
14 24 22 24 21 
8 
1 
12 
5 4 18 21 
3 21 
7 21 6 21 13 21 24 6 25 20 25 21 25 
6 23 0 6 0 
13 
==============================

====== Algorithm Status ======
Valor:                3867
Time:                 512000
nIter:                1306366
Best Iter:            1306366
Improvement Count:    1306365
==============================
Solution tour: 
0 5 0 23 18 19 16 19 18 24 13 
2 13 24 25 24 
14 24 22 24 18 4 18 21 
3 21 
7 21 6 21 20 25 6 24 6 25 21 25 20 23 0 6 0 
13 
==============================

====== Algorithm Status ======
Valor:                3901
Time:                 1024002
nIter:                2646576
Best Iter:            2646576
Improvement Count:    2646577
==============================
Solution tour: 
0 5 0 23 18 19 16 19 18 24 13 
2 13 24 25 24 
14 24 22 24 18 4 18 21 
3 21 13 21 6 21 
7 20 25 6 24 6 25 21 25 20 23 0 6 0 
13 
==============================

====== Algorithm Status ======
Valor:                3901
Time:                 1024002
nIter:                2646576
Best Iter:            2646576
Improvement Count:    2646577
==============================
Solution tour: 
0 5 0 23 18 19 16 19 18 24 13 
2 13 24 25 24 
14 24 22 24 18 4 18 21 
3 21 13 21 6 21 
7 20 25 6 24 6 25 21 25 20 23 0 6 0 
13 
==============================

