=========== Input ===========
File name:                ./instances/created-instances/mm-15-10-1917698.cdop
Total node count:         26
Truck node count:         15
Drone node count:         10
=============================

========== Settings ==========
Settings file:        ./settings/Memetic_MPX_1881515.config
Seed:                 1881515
Reduction method:     -
Max iter:             1024000
Population size:      13
Crossover:            MA-MPX
Local Search:         LS
Warm Start:           -
==============================

====== Algorithm Status ======
Valor:                3370
Time:                 251
nIter:                71
Best Iter:            71
Improvement Count:    70
==============================
Solution tour: 
0 23 2 17 0 14 
15 14 3 12 
9 22 
14 13 
4 17 4 
3 22 21 16 
1 18 14 18 9 
6 15 12 
8 17 2 
5 2 11 19 
13 14 9 
12 9 12 15 0 17 8 
7 
11 2 23 
==============================

====== Algorithm Status ======
Valor:                3444
Time:                 501
nIter:                139
Best Iter:            139
Improvement Count:    138
==============================
Solution tour: 
0 23 17 4 17 2 8 23 2 
5 2 23 0 17 0 
14 18 9 12 
9 12 
10 4 13 
3 22 20 21 16 
1 18 9 
6 9 12 9 18 1 15 14 
13 14 3 12 18 14 22 21 22 14 0 23 
8 
11 
7 19 2 17 
==============================

====== Algorithm Status ======
Valor:                3682
Time:                 1000
nIter:                278
Best Iter:            278
Improvement Count:    277
==============================
Solution tour: 
0 17 4 17 
2 17 
8 17 0 23 2 
5 2 23 0 17 19 
11 2 23 2 24 9 22 21 22 9 
15 12 
9 5 9 
12 15 
14 18 3 13 
3 14 
13 14 3 9 
4 9 18 
1 18 9 
6 9 18 14 
==============================

====== Algorithm Status ======
Valor:                3682
Time:                 2003
nIter:                550
Best Iter:            550
Improvement Count:    549
==============================
Solution tour: 
0 17 4 17 
2 17 
8 17 0 23 2 
5 2 23 0 17 19 
11 2 23 2 24 9 22 21 22 9 
15 12 
9 5 9 
12 15 
14 18 3 13 
3 14 
13 14 3 9 
4 9 18 
1 18 9 
6 9 18 14 
==============================

====== Algorithm Status ======
Valor:                3711
Time:                 4002
nIter:                1085
Best Iter:            1085
Improvement Count:    1084
==============================
Solution tour: 
0 17 4 17 
2 17 
8 17 0 23 2 19 
4 9 
5 2 23 0 2 
11 2 23 2 24 9 22 21 22 9 
3 18 14 15 
1 18 14 
13 14 22 3 15 12 3 
14 18 9 
6 9 12 9 18 1 15 
9 
12 15 14 
==============================

====== Algorithm Status ======
Valor:                3808
Time:                 8003
nIter:                2157
Best Iter:            2157
Improvement Count:    2156
==============================
Solution tour: 
0 14 
13 14 22 9 12 3 15 
12 15 9 
6 9 12 9 18 1 15 
14 18 9 
4 17 2 
5 2 17 0 17 8 
11 2 23 4 9 22 21 22 14 
3 14 15 
1 18 14 0 23 0 23 
2 
8 17 4 19 
==============================

====== Algorithm Status ======
Valor:                3808
Time:                 16002
nIter:                4264
Best Iter:            4264
Improvement Count:    4263
==============================
Solution tour: 
0 14 
13 14 22 9 12 3 15 
12 15 9 
6 9 12 9 18 1 15 
14 18 9 
4 17 2 
5 2 17 0 17 8 
11 2 23 4 9 22 21 22 14 
3 14 15 
1 18 14 0 23 0 23 
2 
8 17 4 19 
==============================

====== Algorithm Status ======
Valor:                3808
Time:                 32001
nIter:                8528
Best Iter:            8528
Improvement Count:    8527
==============================
Solution tour: 
0 14 
13 14 22 9 12 3 15 
12 15 9 
6 9 12 9 18 1 15 
14 18 9 
4 17 2 
5 2 17 0 17 8 
11 2 23 4 9 22 21 22 14 
3 14 15 
1 18 14 0 23 0 23 
2 
8 17 4 19 
==============================

====== Algorithm Status ======
Valor:                3808
Time:                 64002
nIter:                17034
Best Iter:            17034
Improvement Count:    17033
==============================
Solution tour: 
0 14 
13 14 22 9 12 3 15 
12 15 9 
6 9 12 9 18 1 15 
14 18 9 
4 17 2 
5 2 17 0 17 8 
11 2 23 4 9 22 21 22 14 
3 14 15 
1 18 14 0 23 0 23 
2 
8 17 4 19 
==============================

====== Algorithm Status ======
Valor:                3808
Time:                 128002
nIter:                34249
Best Iter:            34249
Improvement Count:    34248
==============================
Solution tour: 
0 14 
13 14 22 9 12 3 15 
12 15 9 
6 9 12 9 18 1 15 
14 18 9 
4 17 2 
5 2 17 0 17 8 
11 2 23 4 9 22 21 22 14 
3 14 15 
1 18 14 0 23 0 23 
2 
8 17 4 19 
==============================

====== Algorithm Status ======
Valor:                3814
Time:                 256000
nIter:                68462
Best Iter:            68462
Improvement Count:    68461
==============================
Solution tour: 
0 14 18 6 18 9 
4 17 2 17 8 
11 2 23 17 4 9 22 21 22 14 18 9 
6 9 12 9 18 1 15 
12 15 9 
3 14 15 14 
13 14 22 9 12 3 15 
1 18 14 0 23 0 23 
2 5 
9 12 9 17 19 0 17 
==============================

====== Algorithm Status ======
Valor:                3835
Time:                 512002
nIter:                132057
Best Iter:            132057
Improvement Count:    132056
==============================
Solution tour: 
0 14 18 6 18 9 
4 17 2 17 8 2 
11 2 23 0 17 4 9 22 21 22 14 18 9 
6 9 12 9 18 1 15 
12 15 9 
3 14 15 14 
13 14 22 9 12 3 15 
1 18 14 0 23 0 23 
2 5 8 17 
==============================

====== Algorithm Status ======
Valor:                3835
Time:                 1024002
nIter:                258775
Best Iter:            258775
Improvement Count:    258776
==============================
Solution tour: 
0 14 18 6 18 9 
4 17 2 17 8 2 
11 2 23 0 17 4 9 22 21 22 14 18 9 
6 9 12 9 18 1 15 
12 15 9 
3 14 15 14 
13 14 22 9 12 3 15 
1 18 14 0 23 0 23 
2 5 8 17 
==============================

====== Algorithm Status ======
Valor:                3835
Time:                 1024002
nIter:                258775
Best Iter:            258775
Improvement Count:    258776
==============================
Solution tour: 
0 14 18 6 18 9 
4 17 2 17 8 2 
11 2 23 0 17 4 9 22 21 22 14 18 9 
6 9 12 9 18 1 15 
12 15 9 
3 14 15 14 
13 14 22 9 12 3 15 
1 18 14 0 23 0 23 
2 5 8 17 
==============================

