=========== Input ===========
File name:                ./instances/created-instances/mm-5-25-1110588.cdop
Total node count:         31
Truck node count:         5
Drone node count:         25
=============================

========== Settings ==========
Settings file:        ./settings/Memetic-LS_MPX_1287823.config
Seed:                 1287823
Reduction method:     -
Max iter:             1024000
Population size:      13
Crossover:            MA-MPX
Local Search:         -
Warm Start:           -
==============================

====== Algorithm Status ======
Valor:                3224
Time:                 250
nIter:                509
Best Iter:            509
Improvement Count:    508
==============================
Solution tour: 
0 18 23 
3 24 17 10 28 7 
5 13 30 3 30 29 10 29 27 16 21 2 9 
2 8 11 24 22 26 
1 19 12 
4 8 25 
==============================

====== Algorithm Status ======
Valor:                3224
Time:                 500
nIter:                938
Best Iter:            938
Improvement Count:    937
==============================
Solution tour: 
0 18 23 
3 24 17 10 28 7 
5 13 30 3 30 29 10 29 27 16 21 2 9 
2 8 11 24 22 26 
1 19 12 
4 8 25 
==============================

====== Algorithm Status ======
Valor:                3311
Time:                 1000
nIter:                1869
Best Iter:            1869
Improvement Count:    1868
==============================
Solution tour: 
0 18 23 
3 24 17 10 20 7 
5 13 30 3 30 29 26 16 27 16 21 2 9 
2 8 11 24 22 5 
1 19 12 
4 8 25 
==============================

====== Algorithm Status ======
Valor:                3513
Time:                 2000
nIter:                3604
Best Iter:            3604
Improvement Count:    3603
==============================
Solution tour: 
0 11 27 17 
3 24 17 10 20 
5 7 13 30 3 30 29 26 16 27 16 2 21 9 8 
2 8 11 24 22 5 
1 19 12 
4 8 25 
==============================

====== Algorithm Status ======
Valor:                3888
Time:                 4000
nIter:                7011
Best Iter:            7011
Improvement Count:    7010
==============================
Solution tour: 
0 11 27 17 24 
3 5 22 24 11 17 10 20 
1 19 12 
4 8 25 
5 14 7 13 30 18 23 3 30 29 24 16 27 16 2 21 28 8 
2 8 11 24 
==============================

====== Algorithm Status ======
Valor:                4011
Time:                 8000
nIter:                13214
Best Iter:            13214
Improvement Count:    13213
==============================
Solution tour: 
0 11 27 17 24 
3 5 22 24 11 17 10 20 
1 19 12 
4 8 25 
5 14 7 14 13 30 3 23 18 24 29 30 16 6 27 16 2 21 28 8 
2 8 11 24 
==============================

====== Algorithm Status ======
Valor:                4043
Time:                 16000
nIter:                24027
Best Iter:            24027
Improvement Count:    24026
==============================
Solution tour: 
0 11 27 17 24 
3 5 22 24 11 17 10 20 
1 19 12 
4 8 10 
5 14 7 13 14 13 30 3 23 18 24 29 30 16 6 27 16 2 21 28 25 8 
2 8 11 24 
==============================

====== Algorithm Status ======
Valor:                4219
Time:                 32001
nIter:                43636
Best Iter:            43636
Improvement Count:    43635
==============================
Solution tour: 
0 11 27 17 24 
3 5 22 6 24 11 8 25 
1 19 12 
4 8 10 20 
5 14 7 13 14 13 30 3 17 27 23 18 24 29 30 16 27 16 2 21 28 10 8 
2 8 11 24 
==============================

====== Algorithm Status ======
Valor:                4281
Time:                 64000
nIter:                82444
Best Iter:            82444
Improvement Count:    82443
==============================
Solution tour: 
0 11 27 17 24 
3 5 22 6 24 11 8 25 
1 19 12 
4 8 10 20 
5 14 7 13 14 13 30 3 24 17 27 23 18 29 30 16 27 16 2 21 28 25 8 
2 8 11 24 
==============================

====== Algorithm Status ======
Valor:                4546
Time:                 128000
nIter:                154857
Best Iter:            154857
Improvement Count:    154856
==============================
Solution tour: 
0 11 0 24 6 20 27 17 6 
3 5 22 5 8 28 8 25 
1 19 12 
4 8 10 20 
5 14 7 13 14 13 30 29 24 17 27 23 18 30 16 27 16 2 21 
2 8 11 27 24 11 24 
==============================

====== Algorithm Status ======
Valor:                4822
Time:                 256001
nIter:                302188
Best Iter:            302188
Improvement Count:    302187
==============================
Solution tour: 
0 11 0 24 
3 11 27 17 6 20 6 28 6 5 22 5 
4 8 25 19 
1 19 12 8 10 20 
5 14 7 13 14 13 30 29 24 17 27 23 18 30 16 27 16 2 21 
2 20 8 20 27 11 24 
==============================

====== Algorithm Status ======
Valor:                4992
Time:                 512000
nIter:                556646
Best Iter:            556646
Improvement Count:    556645
==============================
Solution tour: 
0 11 0 24 
3 24 11 27 17 6 20 6 28 6 5 22 5 
4 8 25 19 
1 19 12 19 8 10 20 
5 14 7 13 14 13 30 29 24 17 27 23 18 30 16 27 6 17 2 21 
2 20 10 6 27 20 27 11 24 
==============================

====== Algorithm Status ======
Valor:                4992
Time:                 1024002
nIter:                1056785
Best Iter:            1056785
Improvement Count:    1056786
==============================
Solution tour: 
0 11 0 24 
3 24 11 27 17 6 20 6 28 6 5 22 5 
4 8 25 19 
1 19 12 19 8 10 20 
5 14 7 13 14 13 30 29 24 17 27 23 18 30 16 27 6 17 2 21 
2 20 10 6 27 20 27 11 24 
==============================

====== Algorithm Status ======
Valor:                4992
Time:                 1024002
nIter:                1056785
Best Iter:            1056785
Improvement Count:    1056786
==============================
Solution tour: 
0 11 0 24 
3 24 11 27 17 6 20 6 28 6 5 22 5 
4 8 25 19 
1 19 12 19 8 10 20 
5 14 7 13 14 13 30 29 24 17 27 23 18 30 16 27 6 17 2 21 
2 20 10 6 27 20 27 11 24 
==============================

