=========== Input ===========
File name:                ./instances/created-instances/mm-5-10-1762875.cdop
Total node count:         16
Truck node count:         5
Drone node count:         10
=============================

========== Settings ==========
Settings file:        ./settings/Memetic-LS_MMX_1287823.config
Seed:                 1287823
Reduction method:     -
Max iter:             1024000
Population size:      13
Crossover:            MA-MMX
Local Search:         -
Warm Start:           -
==============================

====== Algorithm Status ======
Valor:                1873
Time:                 250
nIter:                1646
Best Iter:            1646
Improvement Count:    1645
==============================
Solution tour: 
0 11 10 6 8 
1 8 
2 8 6 10 
5 7 14 
4 14 2 14 15 14 13 14 7 
==============================

====== Algorithm Status ======
Valor:                1873
Time:                 500
nIter:                3457
Best Iter:            3457
Improvement Count:    3456
==============================
Solution tour: 
0 11 10 6 8 
1 8 
2 8 6 10 
5 7 14 
4 14 2 14 15 14 13 14 7 
==============================

====== Algorithm Status ======
Valor:                1935
Time:                 1000
nIter:                6882
Best Iter:            6882
Improvement Count:    6881
==============================
Solution tour: 
0 11 10 6 8 
1 8 
2 8 6 10 
5 7 14 
4 14 1 2 1 15 3 13 3 14 7 
==============================

====== Algorithm Status ======
Valor:                1957
Time:                 2000
nIter:                13348
Best Iter:            13348
Improvement Count:    13347
==============================
Solution tour: 
0 6 5 11 10 6 8 
1 8 
2 8 6 10 
5 7 14 
4 14 1 2 1 15 3 13 14 7 
==============================

====== Algorithm Status ======
Valor:                1957
Time:                 4000
nIter:                25711
Best Iter:            25711
Improvement Count:    25710
==============================
Solution tour: 
0 6 5 11 10 6 8 
1 8 
2 8 6 10 
5 7 14 
4 14 1 2 1 15 3 13 14 7 
==============================

====== Algorithm Status ======
Valor:                2125
Time:                 8000
nIter:                50228
Best Iter:            50228
Improvement Count:    50227
==============================
Solution tour: 
0 11 5 11 8 
1 8 
2 8 11 10 6 10 
5 7 14 7 15 12 
4 14 2 9 2 1 2 3 13 
==============================

====== Algorithm Status ======
Valor:                2125
Time:                 16000
nIter:                99436
Best Iter:            99436
Improvement Count:    99435
==============================
Solution tour: 
0 11 5 11 8 
1 8 
2 8 11 10 6 10 
5 7 14 7 15 12 
4 14 2 9 2 1 2 3 13 
==============================

====== Algorithm Status ======
Valor:                2136
Time:                 32000
nIter:                194604
Best Iter:            194604
Improvement Count:    194603
==============================
Solution tour: 
0 5 11 8 
1 8 
2 8 11 5 10 6 10 
5 7 14 7 15 12 
4 14 2 9 2 1 2 3 13 
==============================

====== Algorithm Status ======
Valor:                2148
Time:                 64000
nIter:                373878
Best Iter:            373878
Improvement Count:    373877
==============================
Solution tour: 
0 5 11 8 
1 8 
2 8 11 5 10 6 10 
5 7 14 7 15 4 12 
4 14 3 2 9 2 1 2 3 13 
==============================

====== Algorithm Status ======
Valor:                2183
Time:                 128000
nIter:                757722
Best Iter:            757722
Improvement Count:    757721
==============================
Solution tour: 
0 11 5 10 8 
1 8 
2 8 6 10 
5 7 14 7 15 14 4 12 
4 14 2 9 2 1 2 3 13 
==============================

====== Algorithm Status ======
Valor:                2228
Time:                 256000
nIter:                1541549
Best Iter:            1541549
Improvement Count:    1541548
==============================
Solution tour: 
0 11 5 10 6 8 
1 8 
2 8 6 10 
5 15 14 7 14 4 12 
4 14 2 9 2 1 2 3 13 
==============================

====== Algorithm Status ======
Valor:                2228
Time:                 512000
nIter:                3118619
Best Iter:            3118619
Improvement Count:    3118618
==============================
Solution tour: 
0 11 5 10 6 8 
1 8 
2 8 6 10 
5 15 14 7 14 4 12 
4 14 2 9 2 1 2 3 13 
==============================

====== Algorithm Status ======
Valor:                2228
Time:                 1024001
nIter:                6291944
Best Iter:            6291944
Improvement Count:    6291945
==============================
Solution tour: 
0 11 5 10 6 8 
1 8 
2 8 6 10 
5 15 14 7 14 4 12 
4 14 2 9 2 1 2 3 13 
==============================

====== Algorithm Status ======
Valor:                2228
Time:                 1024001
nIter:                6291944
Best Iter:            6291944
Improvement Count:    6291945
==============================
Solution tour: 
0 11 5 10 6 8 
1 8 
2 8 6 10 
5 15 14 7 14 4 12 
4 14 2 9 2 1 2 3 13 
==============================

