=========== Input ===========
File name:                ./instances/created-instances/mm-20-25-1917698.cdop
Total node count:         46
Truck node count:         20
Drone node count:         25
=============================

========== Settings ==========
Settings file:        ./settings/Memetic-LS_MMX_1099666.config
Seed:                 1099666
Reduction method:     -
Max iter:             1024000
Population size:      13
Crossover:            MA-MMX
Local Search:         -
Warm Start:           -
==============================

====== Algorithm Status ======
Valor:                2043
Time:                 250
nIter:                389
Best Iter:            389
Improvement Count:    388
==============================
Solution tour: 
0 36 43 
7 24 37 
20 
11 
15 
14 38 39 38 32 38 
4 
18 28 12 37 
12 
13 31 
==============================

====== Algorithm Status ======
Valor:                2230
Time:                 502
nIter:                791
Best Iter:            791
Improvement Count:    790
==============================
Solution tour: 
0 36 43 0 
7 24 37 39 38 32 
17 
19 38 39 12 
18 28 
4 8 37 
12 37 
13 31 
==============================

====== Algorithm Status ======
Valor:                2539
Time:                 1000
nIter:                1552
Best Iter:            1552
Improvement Count:    1551
==============================
Solution tour: 
0 36 43 44 43 
7 24 37 39 38 32 
17 
19 38 39 
18 
4 8 37 
12 37 
3 
14 38 44 31 
==============================

====== Algorithm Status ======
Valor:                2822
Time:                 2001
nIter:                3062
Best Iter:            3062
Improvement Count:    3061
==============================
Solution tour: 
0 36 41 44 43 
7 24 35 24 37 39 38 32 
17 
19 38 39 43 44 34 
4 8 45 44 45 
3 
14 38 44 31 
==============================

====== Algorithm Status ======
Valor:                3515
Time:                 4000
nIter:                5923
Best Iter:            5923
Improvement Count:    5922
==============================
Solution tour: 
0 36 24 41 24 25 
1 39 25 38 32 33 39 38 32 30 33 30 32 33 27 33 32 38 25 
17 
19 38 39 43 31 44 34 
4 45 44 45 
3 
14 38 44 31 
==============================

====== Algorithm Status ======
Valor:                3949
Time:                 8003
nIter:                10473
Best Iter:            10473
Improvement Count:    10472
==============================
Solution tour: 
0 36 24 41 24 25 
1 39 25 39 38 32 44 33 32 33 44 32 30 32 29 27 29 33 29 33 27 33 38 25 
17 
19 38 39 43 31 44 34 
4 45 44 45 
3 
14 38 44 31 
==============================

====== Algorithm Status ======
Valor:                3975
Time:                 16002
nIter:                19413
Best Iter:            19413
Improvement Count:    19412
==============================
Solution tour: 
0 36 24 41 24 25 
1 39 25 39 38 32 44 33 32 33 
12 30 32 29 27 29 33 29 33 27 33 38 25 
17 
19 38 39 43 31 44 34 
4 45 44 45 
3 
14 38 44 31 
==============================

====== Algorithm Status ======
Valor:                4461
Time:                 32001
nIter:                39783
Best Iter:            39783
Improvement Count:    39782
==============================
Solution tour: 
0 36 24 41 14 42 14 39 25 39 
1 39 38 32 44 33 44 33 32 33 
12 30 32 30 
2 
18 41 27 29 27 33 29 33 25 
17 
19 38 39 43 44 43 44 34 
4 45 44 42 
3 
14 38 44 31 
==============================

====== Algorithm Status ======
Valor:                4900
Time:                 64000
nIter:                78954
Best Iter:            78954
Improvement Count:    78953
==============================
Solution tour: 
0 36 24 14 41 14 42 14 39 25 39 
1 39 38 32 44 32 44 33 32 33 44 12 44 
12 30 32 30 21 
18 41 29 41 29 27 33 29 33 12 33 27 29 
17 
19 38 39 43 44 45 
4 45 44 42 
3 
14 38 44 31 
==============================

====== Algorithm Status ======
Valor:                5159
Time:                 128002
nIter:                153431
Best Iter:            153431
Improvement Count:    153430
==============================
Solution tour: 
0 36 24 14 41 14 42 14 39 25 39 
1 39 38 32 44 33 32 33 44 12 44 9 
12 30 21 27 29 41 
18 41 29 27 33 29 33 12 33 27 35 27 35 
17 32 38 39 43 44 45 
4 45 44 42 
3 
14 38 44 31 
==============================

====== Algorithm Status ======
Valor:                5228
Time:                 256000
nIter:                295926
Best Iter:            295926
Improvement Count:    295925
==============================
Solution tour: 
0 36 24 14 41 14 42 14 39 25 39 
1 39 38 32 44 33 32 33 44 12 44 9 12 9 
12 30 21 27 29 41 
18 41 29 27 33 29 33 12 33 27 35 27 35 
17 44 38 39 43 44 45 
4 45 42 44 42 
3 
14 38 44 31 
==============================

====== Algorithm Status ======
Valor:                5286
Time:                 512001
nIter:                576439
Best Iter:            576439
Improvement Count:    576438
==============================
Solution tour: 
0 36 24 14 41 14 42 14 39 25 39 
1 39 38 32 44 33 32 33 44 12 44 9 12 9 
12 30 12 27 29 41 
18 41 29 27 33 29 33 12 33 27 
4 27 35 36 35 
17 44 38 39 43 44 45 35 45 42 44 42 
3 
14 38 44 31 
==============================

====== Algorithm Status ======
Valor:                5385
Time:                 1024004
nIter:                1124400
Best Iter:            1124400
Improvement Count:    1124401
==============================
Solution tour: 
0 36 24 14 41 14 42 14 39 25 39 
1 39 38 32 44 33 32 33 44 12 9 
12 30 12 18 27 29 41 
18 41 29 27 33 29 33 12 33 27 
4 27 35 27 0 35 36 35 
17 14 12 44 42 44 38 39 43 44 45 35 45 42 
3 
14 38 44 31 
==============================

====== Algorithm Status ======
Valor:                5385
Time:                 1024004
nIter:                1124400
Best Iter:            1124400
Improvement Count:    1124401
==============================
Solution tour: 
0 36 24 14 41 14 42 14 39 25 39 
1 39 38 32 44 33 32 33 44 12 9 
12 30 12 18 27 29 41 
18 41 29 27 33 29 33 12 33 27 
4 27 35 27 0 35 36 35 
17 14 12 44 42 44 38 39 43 44 45 35 45 42 
3 
14 38 44 31 
==============================

