=========== Input ===========
File name:                ./instances/created-instances/mm-10-40-1891798.cdop
Total node count:         51
Truck node count:         10
Drone node count:         40
=============================

========== Settings ==========
Settings file:        ./settings/Memetic_MPX_1287823.config
Seed:                 1287823
Reduction method:     -
Max iter:             1024000
Population size:      13
Crossover:            MA-MPX
Local Search:         LS
Warm Start:           -
==============================

====== Algorithm Status ======
Valor:                5727
Time:                 255
nIter:                26
Best Iter:            26
Improvement Count:    25
==============================
Solution tour: 
0 7 35 
7 22 34 45 28 50 17 14 1 44 
1 17 21 12 27 33 31 33 6 46 
9 46 29 26 23 43 
4 43 11 43 23 6 19 
5 19 
6 23 21 12 37 19 49 22 32 39 41 49 48 40 
10 45 20 15 24 25 24 36 13 
3 14 1 11 29 
8 32 20 19 
2 39 49 41 
==============================

====== Algorithm Status ======
Valor:                6276
Time:                 503
nIter:                55
Best Iter:            55
Improvement Count:    54
==============================
Solution tour: 
0 41 49 19 9 6 23 43 11 4 43 23 6 19 48 
10 48 45 20 16 40 42 37 15 24 25 24 36 13 27 38 18 26 
7 22 34 49 39 32 
5 19 11 43 
4 23 4 1 11 
1 21 17 
3 14 44 1 44 50 9 46 29 46 9 20 32 22 32 
8 32 20 19 
2 19 
6 35 7 35 
==============================

====== Algorithm Status ======
Valor:                6276
Time:                 1006
nIter:                96
Best Iter:            96
Improvement Count:    95
==============================
Solution tour: 
0 41 49 19 9 6 23 43 11 4 43 23 6 19 48 
10 48 45 20 16 40 42 37 15 24 25 24 36 13 27 38 18 26 
7 22 34 49 39 32 
5 19 11 43 
4 23 4 1 11 
1 21 17 
3 14 44 1 44 50 9 46 29 46 9 20 32 22 32 
8 32 20 19 
2 19 
6 35 7 35 
==============================

====== Algorithm Status ======
Valor:                6276
Time:                 2005
nIter:                186
Best Iter:            186
Improvement Count:    185
==============================
Solution tour: 
0 41 49 19 9 6 23 43 11 4 43 23 6 19 48 
10 48 45 20 16 40 42 37 15 24 25 24 36 13 27 38 18 26 
7 22 34 49 39 32 
5 19 11 43 
4 23 4 1 11 
1 21 17 
3 14 44 1 44 50 9 46 29 46 9 20 32 22 32 
8 32 20 19 
2 19 
6 35 7 35 
==============================

====== Algorithm Status ======
Valor:                6830
Time:                 4009
nIter:                383
Best Iter:            383
Improvement Count:    382
==============================
Solution tour: 
0 41 49 41 39 19 6 23 43 11 4 43 23 6 46 9 39 48 
10 45 20 45 10 16 40 42 9 46 37 15 24 25 24 36 30 36 13 12 27 38 18 26 35 
7 22 34 48 39 32 8 29 33 
5 19 11 43 
4 23 4 11 
1 17 21 17 
3 14 1 44 1 11 29 46 29 
8 32 39 
2 23 2 39 
==============================

====== Algorithm Status ======
Valor:                6830
Time:                 8007
nIter:                747
Best Iter:            747
Improvement Count:    746
==============================
Solution tour: 
0 41 49 41 39 19 6 23 43 11 4 43 23 6 46 9 39 48 
10 45 20 45 10 16 40 42 9 46 37 15 24 25 24 36 30 36 13 12 27 38 18 26 35 
7 22 34 48 39 32 8 29 33 
5 19 11 43 
4 23 4 11 
1 17 21 17 
3 14 1 44 1 11 29 46 29 
8 32 39 
2 23 2 39 
==============================

====== Algorithm Status ======
Valor:                6830
Time:                 16010
nIter:                1478
Best Iter:            1478
Improvement Count:    1477
==============================
Solution tour: 
0 41 49 41 39 19 6 23 43 11 4 43 23 6 46 9 39 48 
10 45 20 45 10 16 40 42 9 46 37 15 24 25 24 36 30 36 13 12 27 38 18 26 35 
7 22 34 48 39 32 8 29 33 
5 19 11 43 
4 23 4 11 
1 17 21 17 
3 14 1 44 1 11 29 46 29 
8 32 39 
2 23 2 39 
==============================

====== Algorithm Status ======
Valor:                6830
Time:                 32022
nIter:                2831
Best Iter:            2831
Improvement Count:    2830
==============================
Solution tour: 
0 41 49 41 39 19 6 23 43 11 4 43 23 6 46 9 39 48 
10 45 20 45 10 16 40 42 9 46 37 15 24 25 24 36 30 36 13 12 27 38 18 26 35 
7 22 34 48 39 32 8 29 33 
5 19 11 43 
4 23 4 11 
1 17 21 17 
3 14 1 44 1 11 29 46 29 
8 32 39 
2 23 2 39 
==============================

====== Algorithm Status ======
Valor:                7158
Time:                 64008
nIter:                5456
Best Iter:            5456
Improvement Count:    5455
==============================
Solution tour: 
0 32 39 
2 39 49 41 49 39 48 
10 45 20 45 10 16 40 42 9 46 37 15 24 25 24 36 30 36 13 12 27 38 18 26 7 35 
7 22 34 48 39 32 8 29 33 31 
5 19 11 43 23 43 4 43 11 19 6 
4 23 4 11 
1 17 21 17 
3 14 1 44 1 11 46 29 46 
9 
6 19 29 8 32 
==============================

====== Algorithm Status ======
Valor:                7158
Time:                 128002
nIter:                10339
Best Iter:            10339
Improvement Count:    10338
==============================
Solution tour: 
0 32 39 
2 39 49 41 49 39 48 
10 45 20 45 10 16 40 42 9 46 37 15 24 25 24 36 30 36 13 12 27 38 18 26 7 35 
7 22 34 48 39 32 8 29 33 31 
5 19 11 43 23 43 4 43 11 19 6 
4 23 4 11 
1 17 21 17 
3 14 1 44 1 11 46 29 46 
9 
6 19 29 8 32 
==============================

====== Algorithm Status ======
Valor:                7265
Time:                 256008
nIter:                19594
Best Iter:            19594
Improvement Count:    19593
==============================
Solution tour: 
0 32 39 
2 39 49 41 49 39 48 
10 45 20 45 10 16 42 40 42 9 46 37 15 24 25 24 36 30 36 13 12 27 38 18 26 7 35 
7 22 34 48 39 32 8 29 33 31 
5 19 11 43 23 43 4 43 11 19 6 23 6 
4 23 4 11 
1 17 21 17 
3 14 1 44 1 11 46 29 46 
9 6 19 20 32 
==============================

====== Algorithm Status ======
Valor:                7265
Time:                 512001
nIter:                37524
Best Iter:            37524
Improvement Count:    37523
==============================
Solution tour: 
0 32 39 
2 39 49 41 49 39 48 
10 45 20 45 10 16 42 40 42 9 46 37 15 24 25 24 36 30 36 13 12 27 38 18 26 7 35 
7 22 34 48 39 32 8 29 33 31 
5 19 11 43 23 43 4 43 11 19 6 23 6 
4 23 4 11 
1 17 21 17 
3 14 1 44 1 11 46 29 46 
9 6 19 20 32 
==============================

====== Algorithm Status ======
Valor:                7265
Time:                 1024004
nIter:                72648
Best Iter:            72648
Improvement Count:    72649
==============================
Solution tour: 
0 32 39 
2 39 49 41 49 39 48 
10 45 20 45 10 16 42 40 42 9 46 37 15 24 25 24 36 30 36 13 12 27 38 18 26 7 35 
7 22 34 48 39 32 8 29 33 31 
5 19 11 43 23 43 4 43 11 19 6 23 6 
4 23 4 11 
1 17 21 17 
3 14 1 44 1 11 46 29 46 
9 6 19 20 32 
==============================

====== Algorithm Status ======
Valor:                7265
Time:                 1024004
nIter:                72648
Best Iter:            72648
Improvement Count:    72649
==============================
Solution tour: 
0 32 39 
2 39 49 41 49 39 48 
10 45 20 45 10 16 42 40 42 9 46 37 15 24 25 24 36 30 36 13 12 27 38 18 26 7 35 
7 22 34 48 39 32 8 29 33 31 
5 19 11 43 23 43 4 43 11 19 6 23 6 
4 23 4 11 
1 17 21 17 
3 14 1 44 1 11 46 29 46 
9 6 19 20 32 
==============================

