=========== Input ===========
File name:                ./instances/created-instances/mm-15-40-1917698.cdop
Total node count:         56
Truck node count:         15
Drone node count:         40
=============================

========== Settings ==========
Settings file:        ./settings/Memetic-LS_MMX_1287823.config
Seed:                 1287823
Reduction method:     -
Max iter:             1024000
Population size:      13
Crossover:            MA-MMX
Local Search:         -
Warm Start:           -
==============================

====== Algorithm Status ======
Valor:                1854
Time:                 250
nIter:                286
Best Iter:            286
Improvement Count:    285
==============================
Solution tour: 
0 20 
15 33 
9 
13 36 55 12 42 12 
1 
12 30 
11 40 
8 40 
10 40 25 17 40 17 21 
==============================

====== Algorithm Status ======
Valor:                2325
Time:                 503
nIter:                531
Best Iter:            531
Improvement Count:    530
==============================
Solution tour: 
0 20 
15 33 
9 40 36 12 55 42 55 42 12 
1 
12 30 
11 40 42 40 
8 18 40 
10 40 17 55 42 
3 21 
==============================

====== Algorithm Status ======
Valor:                2991
Time:                 1002
nIter:                1033
Best Iter:            1033
Improvement Count:    1032
==============================
Solution tour: 
0 50 33 
9 40 50 
12 
1 
15 42 12 42 55 42 30 12 30 40 42 40 
8 18 41 32 41 17 41 40 17 40 41 40 
10 42 
3 21 
==============================

====== Algorithm Status ======
Valor:                3390
Time:                 2000
nIter:                1930
Best Iter:            1930
Improvement Count:    1929
==============================
Solution tour: 
0 50 40 
9 33 37 50 
12 50 51 42 55 42 30 12 
1 28 
15 42 12 30 40 42 40 
8 18 41 32 41 17 40 17 41 40 
10 42 
3 21 
==============================

====== Algorithm Status ======
Valor:                3547
Time:                 4009
nIter:                3679
Best Iter:            3679
Improvement Count:    3678
==============================
Solution tour: 
0 50 40 42 40 
8 18 41 32 41 40 41 17 41 40 17 40 47 33 54 33 37 50 
12 50 51 42 55 12 
1 28 
15 42 30 40 
10 42 
3 21 
==============================

====== Algorithm Status ======
Valor:                3658
Time:                 8003
nIter:                6895
Best Iter:            6895
Improvement Count:    6894
==============================
Solution tour: 
0 50 31 50 40 42 40 
8 18 41 32 41 40 41 40 41 17 41 40 17 47 54 47 33 47 33 54 37 50 
12 50 49 28 51 28 
15 42 30 40 
10 42 
3 21 
==============================

====== Algorithm Status ======
Valor:                4302
Time:                 16000
nIter:                12857
Best Iter:            12857
Improvement Count:    12856
==============================
Solution tour: 
0 50 31 50 3 40 3 42 40 
8 18 41 32 41 40 29 40 17 40 41 54 39 33 47 33 54 33 54 47 54 37 50 
12 49 51 28 
15 42 48 30 40 
10 42 
3 21 
==============================

====== Algorithm Status ======
Valor:                4556
Time:                 32000
nIter:                24206
Best Iter:            24206
Improvement Count:    24205
==============================
Solution tour: 
0 50 31 48 31 50 48 50 3 40 3 42 40 
8 18 3 18 41 32 41 40 29 40 17 40 41 54 39 33 47 33 54 33 54 47 54 37 50 
12 49 51 28 
15 30 
10 42 
3 21 
==============================

====== Algorithm Status ======
Valor:                5531
Time:                 64000
nIter:                45842
Best Iter:            45842
Improvement Count:    45841
==============================
Solution tour: 
0 50 31 30 48 30 31 48 31 50 48 50 45 51 45 3 40 3 45 3 42 40 
8 18 3 18 41 32 41 40 29 40 17 40 41 26 40 26 41 54 39 33 47 33 39 54 47 54 37 50 
12 49 28 
15 42 
3 21 
==============================

====== Algorithm Status ======
Valor:                6001
Time:                 128000
nIter:                85807
Best Iter:            85807
Improvement Count:    85806
==============================
Solution tour: 
0 50 31 30 48 30 31 48 31 50 48 50 45 51 45 3 40 3 45 3 42 40 
1 
13 3 18 32 41 40 29 40 17 40 41 26 40 26 41 54 39 33 47 33 39 54 47 54 33 54 37 50 
12 49 28 
15 55 42 55 48 55 50 55 21 
==============================

====== Algorithm Status ======
Valor:                6170
Time:                 256000
nIter:                164740
Best Iter:            164740
Improvement Count:    164739
==============================
Solution tour: 
0 50 31 30 48 30 31 48 31 50 48 50 45 51 45 40 3 45 3 42 3 40 
1 
13 3 18 3 32 41 40 29 40 17 40 41 26 40 26 41 54 39 33 47 33 39 54 47 54 33 54 50 37 50 
12 49 28 
15 55 48 55 50 55 
3 41 32 53 
==============================

====== Algorithm Status ======
Valor:                6264
Time:                 512002
nIter:                321958
Best Iter:            321958
Improvement Count:    321957
==============================
Solution tour: 
0 50 31 30 48 30 31 48 31 50 48 50 45 51 45 40 3 45 3 42 3 54 
1 
13 3 18 3 40 29 40 17 40 41 26 40 9 40 26 41 54 39 33 47 33 39 54 47 54 33 54 41 50 37 50 
12 49 28 
15 55 48 55 50 55 
3 41 32 53 
==============================

====== Algorithm Status ======
Valor:                6570
Time:                 1024001
nIter:                634721
Best Iter:            634721
Improvement Count:    634722
==============================
Solution tour: 
0 50 31 30 48 30 31 48 31 50 48 50 45 51 45 40 3 45 3 42 3 54 
1 38 
13 3 18 3 40 29 9 40 17 41 40 9 26 40 41 26 41 35 17 35 41 54 39 33 47 33 39 54 47 54 33 54 
12 49 28 
15 55 48 55 50 55 
3 32 51 32 53 
==============================

====== Algorithm Status ======
Valor:                6570
Time:                 1024001
nIter:                634721
Best Iter:            634721
Improvement Count:    634722
==============================
Solution tour: 
0 50 31 30 48 30 31 48 31 50 48 50 45 51 45 40 3 45 3 42 3 54 
1 38 
13 3 18 3 40 29 9 40 17 41 40 9 26 40 41 26 41 35 17 35 41 54 39 33 47 33 39 54 47 54 33 54 
12 49 28 
15 55 48 55 50 55 
3 32 51 32 53 
==============================

