=========== Input ===========
File name:                ./instances/created-instances/mm-5-40-1891798.cdop
Total node count:         46
Truck node count:         5
Drone node count:         40
=============================

========== Settings ==========
Settings file:        ./settings/Memetic-LS_MPX_1099666.config
Seed:                 1099666
Reduction method:     -
Max iter:             1024000
Population size:      13
Crossover:            MA-MPX
Local Search:         -
Warm Start:           -
==============================

====== Algorithm Status ======
Valor:                3097
Time:                 250
nIter:                318
Best Iter:            318
Improvement Count:    317
==============================
Solution tour: 
0 43 42 25 44 6 21 19 9 
5 14 32 35 12 20 8 25 37 23 35 
1 33 
4 13 24 7 
3 7 20 14 
2 18 
==============================

====== Algorithm Status ======
Valor:                3486
Time:                 500
nIter:                626
Best Iter:            626
Improvement Count:    625
==============================
Solution tour: 
0 42 43 30 25 44 6 21 40 31 9 
2 18 
4 13 24 7 
5 14 32 35 12 20 8 25 37 23 35 
3 7 20 14 
1 21 19 33 
==============================

====== Algorithm Status ======
Valor:                3545
Time:                 1001
nIter:                1181
Best Iter:            1181
Improvement Count:    1180
==============================
Solution tour: 
0 42 43 30 25 44 6 38 21 40 31 9 
2 18 
4 13 24 7 
5 14 32 23 35 12 20 8 25 37 35 
3 7 20 14 
1 21 19 33 
==============================

====== Algorithm Status ======
Valor:                3903
Time:                 2000
nIter:                2213
Best Iter:            2213
Improvement Count:    2212
==============================
Solution tour: 
0 42 8 18 30 28 25 19 10 6 21 38 40 31 9 15 39 
2 8 
4 13 24 7 
5 32 14 23 35 12 20 8 25 37 7 
3 35 20 14 
1 21 19 33 
==============================

====== Algorithm Status ======
Valor:                4398
Time:                 4000
nIter:                4241
Best Iter:            4241
Improvement Count:    4240
==============================
Solution tour: 
0 18 8 37 30 28 25 19 6 10 6 21 38 31 40 9 41 15 39 
2 8 
4 13 24 7 
5 32 23 35 12 20 8 25 35 
3 7 20 14 
1 21 33 
==============================

====== Algorithm Status ======
Valor:                4492
Time:                 8000
nIter:                8224
Best Iter:            8224
Improvement Count:    8223
==============================
Solution tour: 
0 18 8 32 30 28 25 19 6 10 6 21 38 31 40 9 41 15 39 
2 8 
4 13 24 7 
5 37 23 35 12 20 8 25 35 
3 7 20 14 
1 26 33 
==============================

====== Algorithm Status ======
Valor:                4756
Time:                 16000
nIter:                16075
Best Iter:            16075
Improvement Count:    16074
==============================
Solution tour: 
0 18 8 32 30 28 25 21 19 6 10 6 
2 38 31 40 9 41 15 39 21 2 8 
4 13 24 16 7 
5 37 23 35 12 20 8 25 17 35 
3 7 20 14 
1 36 26 33 
==============================

====== Algorithm Status ======
Valor:                5159
Time:                 32000
nIter:                29748
Best Iter:            29748
Improvement Count:    29747
==============================
Solution tour: 
0 2 8 32 30 28 25 21 38 11 19 6 10 6 22 
2 38 9 31 40 9 41 15 39 21 18 8 
5 37 26 23 35 12 20 8 25 17 6 
4 13 24 7 
3 7 16 7 20 14 
1 36 27 33 
==============================

====== Algorithm Status ======
Valor:                5510
Time:                 64000
nIter:                52377
Best Iter:            52377
Improvement Count:    52376
==============================
Solution tour: 
0 38 2 8 4 32 30 28 25 21 38 11 
2 6 10 6 22 18 38 9 0 40 31 0 9 41 15 39 21 19 8 
5 37 30 26 23 35 12 36 8 25 17 6 
4 13 23 24 14 7 
3 7 16 7 20 29 14 
1 36 27 33 
==============================

====== Algorithm Status ======
Valor:                5854
Time:                 128000
nIter:                88360
Best Iter:            88360
Improvement Count:    88359
==============================
Solution tour: 
0 38 2 8 4 42 32 30 28 25 44 9 38 11 
2 6 22 6 8 18 38 21 0 40 31 0 9 41 15 39 21 19 37 
5 37 30 26 23 35 12 36 8 25 17 6 
4 13 43 23 24 7 
3 7 16 7 20 14 29 
1 36 27 11 33 
==============================

====== Algorithm Status ======
Valor:                6144
Time:                 256000
nIter:                159923
Best Iter:            159923
Improvement Count:    159922
==============================
Solution tour: 
0 38 2 8 4 6 32 30 28 25 40 38 9 11 
2 45 6 22 6 8 18 33 38 40 0 40 31 0 9 41 15 39 21 37 17 37 
5 37 30 26 23 35 12 
1 21 38 19 6 
4 13 43 23 24 23 7 
3 7 16 7 20 14 29 36 27 11 33 
==============================

====== Algorithm Status ======
Valor:                6562
Time:                 512000
nIter:                293400
Best Iter:            293400
Improvement Count:    293399
==============================
Solution tour: 
0 38 2 8 4 6 32 30 28 25 40 38 33 11 
2 45 42 22 6 
4 8 18 33 38 40 0 40 31 38 9 41 15 39 21 38 
5 37 17 37 30 26 23 35 12 13 
1 38 21 19 6 22 43 13 43 23 24 23 20 7 
3 7 16 7 20 14 29 36 27 11 33 
==============================

====== Algorithm Status ======
Valor:                6683
Time:                 1024001
nIter:                512453
Best Iter:            512453
Improvement Count:    512454
==============================
Solution tour: 
0 44 38 2 8 4 6 30 28 25 40 38 33 11 
2 45 42 22 6 
5 37 17 37 30 32 14 23 35 12 13 
4 8 18 33 38 40 0 40 31 38 9 41 15 39 21 38 44 2 38 21 19 6 22 43 13 
1 43 23 24 23 20 7 
3 7 16 7 20 14 29 36 27 11 33 
==============================

====== Algorithm Status ======
Valor:                6683
Time:                 1024001
nIter:                512453
Best Iter:            512453
Improvement Count:    512454
==============================
Solution tour: 
0 44 38 2 8 4 6 30 28 25 40 38 33 11 
2 45 42 22 6 
5 37 17 37 30 32 14 23 35 12 13 
4 8 18 33 38 40 0 40 31 38 9 41 15 39 21 38 44 2 38 21 19 6 22 43 13 
1 43 23 24 23 20 7 
3 7 16 7 20 14 29 36 27 11 33 
==============================

