=========== Input ===========
File name:                ./instances/created-instances/mm-20-25-1762875.cdop
Total node count:         46
Truck node count:         20
Drone node count:         25
=============================

========== Settings ==========
Settings file:        ./settings/Memetic_MMX_1881515.config
Seed:                 1881515
Reduction method:     -
Max iter:             1024000
Population size:      13
Crossover:            MA-MMX
Local Search:         LS
Warm Start:           -
==============================

====== Algorithm Status ======
Valor:                5192
Time:                 258
nIter:                21
Best Iter:            21
Improvement Count:    20
==============================
Solution tour: 
0 24 23 19 23 35 44 25 34 37 12 37 36 10 38 28 6 9 8 11 30 27 4 9 6 45 6 13 9 22 13 22 21 22 
4 26 4 31 13 31 23 13 39 20 34 28 42 17 42 28 38 25 44 33 32 33 22 33 34 25 10 36 13 6 24 
==============================

====== Algorithm Status ======
Valor:                5286
Time:                 500
nIter:                39
Best Iter:            39
Improvement Count:    38
==============================
Solution tour: 
0 24 23 26 23 
20 39 34 37 12 37 10 36 10 38 28 10 20 23 19 13 23 31 6 45 6 9 13 4 22 21 22 27 40 9 6 45 6 13 9 22 13 22 21 22 
4 26 4 31 13 31 23 13 39 20 34 28 42 17 42 28 38 25 44 25 44 35 32 33 22 33 34 25 36 13 6 24 
==============================

====== Algorithm Status ======
Valor:                5519
Time:                 1002
nIter:                73
Best Iter:            73
Improvement Count:    72
==============================
Solution tour: 
0 24 31 23 26 23 
20 39 20 34 37 12 37 36 10 36 25 12 8 11 30 11 18 35 13 6 45 6 9 6 45 13 9 4 22 21 22 40 27 7 45 0 22 13 22 
4 26 4 31 13 31 39 36 1 42 17 42 28 38 25 44 35 18 33 22 33 44 25 34 33 32 22 
==============================

====== Algorithm Status ======
Valor:                5929
Time:                 2001
nIter:                153
Best Iter:            153
Improvement Count:    152
==============================
Solution tour: 
0 24 31 23 19 23 26 23 
20 39 20 34 20 12 37 12 8 44 25 36 10 36 41 30 11 30 41 37 34 37 10 13 31 23 31 13 6 45 6 9 22 13 22 
4 26 4 31 14 10 38 28 42 17 42 28 38 25 44 18 35 18 32 40 21 4 27 4 22 21 22 33 22 5 
==============================

====== Algorithm Status ======
Valor:                6088
Time:                 4014
nIter:                310
Best Iter:            310
Improvement Count:    309
==============================
Solution tour: 
0 6 13 23 19 23 13 26 13 23 26 23 
20 39 20 34 20 12 37 12 8 12 25 44 30 11 30 41 35 18 35 44 25 34 37 10 36 10 13 31 23 31 13 45 6 45 13 22 21 
4 26 4 31 14 10 38 28 42 17 42 28 38 10 20 33 32 22 4 27 4 22 21 22 33 22 13 6 24 5 
==============================

====== Algorithm Status ======
Valor:                6186
Time:                 8008
nIter:                612
Best Iter:            612
Improvement Count:    611
==============================
Solution tour: 
0 6 13 9 13 26 23 19 23 
20 39 20 34 20 12 37 12 8 12 25 44 35 41 30 11 30 41 35 18 35 44 25 36 1 36 25 37 34 37 10 36 10 13 31 23 31 13 45 6 45 13 22 21 22 27 
4 26 4 31 14 10 38 28 17 42 17 38 10 20 33 32 22 4 22 33 22 13 24 
==============================

====== Algorithm Status ======
Valor:                6211
Time:                 16018
nIter:                1226
Best Iter:            1226
Improvement Count:    1225
==============================
Solution tour: 
0 45 6 9 6 13 9 13 26 23 19 23 
20 39 20 34 12 8 12 37 12 25 44 18 35 18 41 30 11 30 41 35 44 25 36 1 36 25 37 34 37 10 36 10 13 31 23 31 13 45 6 45 13 22 21 22 27 
4 26 4 31 14 10 38 28 17 42 17 38 10 20 33 32 22 4 22 33 22 13 23 24 
==============================

====== Algorithm Status ======
Valor:                6285
Time:                 32002
nIter:                2396
Best Iter:            2396
Improvement Count:    2395
==============================
Solution tour: 
0 45 6 9 6 13 23 26 23 19 23 
20 39 20 34 12 8 12 37 12 25 44 35 18 35 41 30 11 30 41 35 44 25 36 1 36 25 37 34 37 10 36 10 13 31 23 31 13 6 45 13 22 4 22 21 22 21 4 27 
4 26 4 31 14 10 38 28 17 42 17 38 10 20 33 32 22 33 22 0 24 
==============================

====== Algorithm Status ======
Valor:                6368
Time:                 64011
nIter:                4799
Best Iter:            4799
Improvement Count:    4798
==============================
Solution tour: 
0 5 24 43 14 31 23 26 23 19 23 
20 34 37 12 8 12 37 25 44 35 18 41 30 11 30 41 18 35 44 25 36 1 36 10 36 25 37 34 20 23 13 23 31 13 9 6 45 6 9 13 6 13 22 4 22 21 22 21 4 27 
4 26 4 31 14 10 38 42 17 42 28 38 10 20 39 20 33 32 22 33 22 13 31 24 
==============================

====== Algorithm Status ======
Valor:                6454
Time:                 128001
nIter:                9418
Best Iter:            9418
Improvement Count:    9417
==============================
Solution tour: 
0 24 43 14 31 23 26 23 19 23 
20 34 37 12 8 12 37 25 44 35 18 41 30 11 30 41 18 35 44 25 36 1 36 10 36 37 34 20 23 13 31 13 9 6 45 6 9 13 6 13 22 4 21 22 21 4 27 
4 26 4 22 13 23 31 14 10 38 28 42 17 42 28 38 10 20 39 20 33 32 33 22 
==============================

====== Algorithm Status ======
Valor:                6465
Time:                 256004
nIter:                18598
Best Iter:            18598
Improvement Count:    18597
==============================
Solution tour: 
0 24 43 14 31 23 26 23 19 23 
20 34 37 12 25 44 35 18 41 30 11 30 41 18 35 44 25 36 1 36 10 36 25 12 37 34 20 23 13 31 13 9 6 45 6 9 13 6 13 22 4 21 22 21 4 27 
4 26 4 22 13 23 31 14 10 38 28 42 17 42 28 38 10 20 39 20 33 32 22 33 22 
==============================

====== Algorithm Status ======
Valor:                6465
Time:                 512007
nIter:                36926
Best Iter:            36926
Improvement Count:    36925
==============================
Solution tour: 
0 24 43 14 31 23 26 23 19 23 
20 34 37 12 25 44 35 18 41 30 11 30 41 18 35 44 25 36 1 36 10 36 25 12 37 34 20 23 13 31 13 9 6 45 6 9 13 6 13 22 4 21 22 21 4 27 
4 26 4 22 13 23 31 14 10 38 28 42 17 42 28 38 10 20 39 20 33 32 22 33 22 
==============================

====== Algorithm Status ======
Valor:                6542
Time:                 1024006
nIter:                74013
Best Iter:            74013
Improvement Count:    74014
==============================
Solution tour: 
0 24 43 14 31 23 26 23 19 23 
20 34 37 12 8 12 25 44 35 18 11 30 11 18 35 44 25 36 1 36 10 36 25 12 37 34 20 23 13 31 23 31 13 9 6 45 6 9 13 6 13 22 4 21 22 21 4 27 
4 26 4 22 13 10 38 28 42 17 42 28 38 10 20 39 20 33 32 40 32 22 33 22 
==============================

====== Algorithm Status ======
Valor:                6542
Time:                 1024006
nIter:                74013
Best Iter:            74013
Improvement Count:    74014
==============================
Solution tour: 
0 24 43 14 31 23 26 23 19 23 
20 34 37 12 8 12 25 44 35 18 11 30 11 18 35 44 25 36 1 36 10 36 25 12 37 34 20 23 13 31 23 31 13 9 6 45 6 9 13 6 13 22 4 21 22 21 4 27 
4 26 4 22 13 10 38 28 42 17 42 28 38 10 20 39 20 33 32 40 32 22 33 22 
==============================

