=========== Input ===========
File name:                ./instances/created-instances/mm-5-25-1891798.cdop
Total node count:         31
Truck node count:         5
Drone node count:         25
=============================

========== Settings ==========
Settings file:        ./settings/Memetic_MPX_1881515.config
Seed:                 1881515
Reduction method:     -
Max iter:             1024000
Population size:      13
Crossover:            MA-MPX
Local Search:         LS
Warm Start:           -
==============================

====== Algorithm Status ======
Valor:                4734
Time:                 252
nIter:                60
Best Iter:            60
Improvement Count:    59
==============================
Solution tour: 
0 11 19 21 19 11 21 0 21 26 23 12 14 12 13 
1 13 1 4 5 30 24 16 24 30 4 
2 18 9 18 8 15 4 6 22 3 20 7 20 3 22 6 
5 25 28 17 28 
==============================

====== Algorithm Status ======
Valor:                4734
Time:                 501
nIter:                108
Best Iter:            108
Improvement Count:    107
==============================
Solution tour: 
0 11 19 21 19 11 21 0 21 26 23 12 14 12 13 
1 13 1 4 5 30 24 16 24 30 4 
2 18 9 18 8 15 4 6 22 3 20 7 20 3 22 6 
5 25 28 17 28 
==============================

====== Algorithm Status ======
Valor:                4734
Time:                 1001
nIter:                201
Best Iter:            201
Improvement Count:    200
==============================
Solution tour: 
0 11 19 21 19 11 21 0 21 26 23 12 14 12 13 
1 13 1 4 5 30 24 16 24 30 4 
2 18 9 18 8 15 4 6 22 3 20 7 20 3 22 6 
5 25 28 17 28 
==============================

====== Algorithm Status ======
Valor:                4734
Time:                 2003
nIter:                384
Best Iter:            384
Improvement Count:    383
==============================
Solution tour: 
0 11 19 21 19 11 21 0 21 26 23 12 14 12 13 
1 13 1 4 5 30 24 16 24 30 4 
2 18 9 18 8 15 4 6 22 3 20 7 20 3 22 6 
5 25 28 17 28 
==============================

====== Algorithm Status ======
Valor:                4886
Time:                 4003
nIter:                742
Best Iter:            742
Improvement Count:    741
==============================
Solution tour: 
0 11 19 11 0 21 26 23 24 12 14 12 13 4 5 30 
5 25 28 17 28 6 22 6 27 6 4 
2 18 9 18 8 15 4 13 16 7 20 3 22 
3 20 7 1 13 1 
4 1 19 21 
==============================

====== Algorithm Status ======
Valor:                4931
Time:                 8000
nIter:                1438
Best Iter:            1438
Improvement Count:    1437
==============================
Solution tour: 
0 11 19 11 21 0 21 26 23 24 12 14 12 13 4 5 30 
5 25 28 17 28 6 22 6 27 6 4 
2 8 18 9 18 8 15 9 4 10 4 13 16 7 20 3 22 
3 20 7 1 13 1 4 6 8 11 
==============================

====== Algorithm Status ======
Valor:                4931
Time:                 16004
nIter:                2800
Best Iter:            2800
Improvement Count:    2799
==============================
Solution tour: 
0 11 19 11 21 0 21 26 23 24 12 14 12 13 4 5 30 
5 25 28 17 28 6 22 6 27 6 4 
2 8 18 9 18 8 15 9 4 10 4 13 16 7 20 3 22 
3 20 7 1 13 1 4 6 8 11 
==============================

====== Algorithm Status ======
Valor:                5084
Time:                 32004
nIter:                6153
Best Iter:            6153
Improvement Count:    6152
==============================
Solution tour: 
0 21 19 11 21 0 11 19 5 14 12 13 12 14 
5 25 28 17 28 6 4 13 
1 13 16 13 4 10 4 
2 18 9 15 8 6 22 6 22 5 30 24 30 26 29 23 7 20 
3 20 7 1 
4 6 27 19 21 11 
==============================

====== Algorithm Status ======
Valor:                5095
Time:                 64000
nIter:                12985
Best Iter:            12985
Improvement Count:    12984
==============================
Solution tour: 
0 21 19 21 11 21 0 11 19 5 14 12 13 12 14 
5 25 28 17 28 6 4 13 
1 13 4 10 4 
2 18 9 15 8 6 22 6 22 5 30 24 30 26 23 29 24 16 7 20 
3 20 7 1 
4 6 27 19 11 
==============================

====== Algorithm Status ======
Valor:                5095
Time:                 128001
nIter:                26742
Best Iter:            26742
Improvement Count:    26741
==============================
Solution tour: 
0 21 19 21 11 21 0 11 19 5 14 12 13 12 14 
5 25 28 17 28 6 4 13 
1 13 4 10 4 
2 18 9 15 8 6 22 6 22 5 30 24 30 26 23 29 24 16 7 20 
3 20 7 1 
4 6 27 19 11 
==============================

====== Algorithm Status ======
Valor:                5099
Time:                 256003
nIter:                54231
Best Iter:            54231
Improvement Count:    54230
==============================
Solution tour: 
0 21 19 21 11 21 0 11 19 5 14 12 13 12 14 
5 25 28 17 28 6 4 13 
1 13 4 10 4 
2 18 9 15 8 22 6 22 5 30 24 30 5 26 23 24 16 7 20 
3 20 7 1 
4 6 27 19 11 
==============================

====== Algorithm Status ======
Valor:                5229
Time:                 512002
nIter:                108070
Best Iter:            108070
Improvement Count:    108069
==============================
Solution tour: 
0 21 19 21 11 21 0 11 19 5 14 23 14 12 14 20 14 
5 25 17 28 6 4 13 
1 13 4 10 4 
2 18 9 15 9 18 8 6 22 6 28 5 30 24 30 5 26 22 16 1 7 20 
3 20 7 1 
4 6 27 19 11 
==============================

====== Algorithm Status ======
Valor:                5229
Time:                 1024004
nIter:                216508
Best Iter:            216508
Improvement Count:    216509
==============================
Solution tour: 
0 21 19 21 11 21 0 11 19 5 14 23 14 12 14 20 14 
5 25 17 28 6 4 13 
1 13 4 10 4 
2 18 9 15 9 18 8 6 22 6 28 5 30 24 30 5 26 22 16 1 7 20 
3 20 7 1 
4 6 27 19 11 
==============================

====== Algorithm Status ======
Valor:                5229
Time:                 1024004
nIter:                216508
Best Iter:            216508
Improvement Count:    216509
==============================
Solution tour: 
0 21 19 21 11 21 0 11 19 5 14 23 14 12 14 20 14 
5 25 17 28 6 4 13 
1 13 4 10 4 
2 18 9 15 9 18 8 6 22 6 28 5 30 24 30 5 26 22 16 1 7 20 
3 20 7 1 
4 6 27 19 11 
==============================

