=========== Input ===========
File name:                ./instances/created-instances/mm-10-10-1762875.cdop
Total node count:         21
Truck node count:         10
Drone node count:         10
=============================

========== Settings ==========
Settings file:        ./settings/Memetic_MMX_1099666.config
Seed:                 1099666
Reduction method:     -
Max iter:             1024000
Population size:      13
Crossover:            MA-MMX
Local Search:         LS
Warm Start:           -
==============================

====== Algorithm Status ======
Valor:                2794
Time:                 250
nIter:                103
Best Iter:            103
Improvement Count:    102
==============================
Solution tour: 
0 6 13 5 13 6 17 6 7 9 7 14 11 8 11 3 15 18 15 3 19 10 1 
5 1 10 0 16 12 16 20 19 1 16 
7 16 
==============================

====== Algorithm Status ======
Valor:                2804
Time:                 500
nIter:                208
Best Iter:            208
Improvement Count:    207
==============================
Solution tour: 
0 6 13 5 13 6 17 6 7 9 7 14 11 8 11 3 15 18 15 3 19 1 10 1 
5 1 0 10 0 16 12 16 20 16 
7 16 
==============================

====== Algorithm Status ======
Valor:                2856
Time:                 1000
nIter:                417
Best Iter:            417
Improvement Count:    416
==============================
Solution tour: 
0 5 13 5 0 6 13 6 17 6 7 9 7 14 11 8 11 3 15 3 15 19 10 1 
5 1 10 19 13 0 10 0 16 12 16 20 16 
7 16 
==============================

====== Algorithm Status ======
Valor:                2856
Time:                 2001
nIter:                832
Best Iter:            832
Improvement Count:    831
==============================
Solution tour: 
0 5 13 5 0 6 13 6 17 6 7 9 7 14 11 8 11 3 15 3 15 19 10 1 
5 1 10 19 13 0 10 0 16 12 16 20 16 
7 16 
==============================

====== Algorithm Status ======
Valor:                2856
Time:                 4001
nIter:                1674
Best Iter:            1674
Improvement Count:    1673
==============================
Solution tour: 
0 5 13 5 0 6 13 6 17 6 7 9 7 14 11 8 11 3 15 3 15 19 10 1 
5 1 10 19 13 0 10 0 16 12 16 20 16 
7 16 
==============================

====== Algorithm Status ======
Valor:                2859
Time:                 8001
nIter:                3165
Best Iter:            3165
Improvement Count:    3164
==============================
Solution tour: 
0 5 13 5 0 6 13 0 6 17 6 7 9 7 14 11 8 11 3 15 3 19 10 1 
5 1 10 19 13 6 0 10 0 16 12 16 15 18 15 16 
7 16 
==============================

====== Algorithm Status ======
Valor:                2859
Time:                 16002
nIter:                6210
Best Iter:            6210
Improvement Count:    6209
==============================
Solution tour: 
0 5 13 5 0 6 13 0 6 17 6 7 9 7 14 11 8 11 3 15 3 19 10 1 
5 1 10 19 13 6 0 10 0 16 12 16 15 18 15 16 
7 16 
==============================

====== Algorithm Status ======
Valor:                2873
Time:                 32001
nIter:                12412
Best Iter:            12412
Improvement Count:    12411
==============================
Solution tour: 
0 6 17 6 7 9 7 14 11 8 11 3 15 3 19 10 19 1 10 1 
5 1 19 13 6 13 5 13 0 10 0 16 12 16 20 16 15 18 
7 16 7 
==============================

====== Algorithm Status ======
Valor:                2881
Time:                 64000
nIter:                24716
Best Iter:            24716
Improvement Count:    24715
==============================
Solution tour: 
0 13 6 17 6 7 9 7 14 11 8 11 3 15 3 15 16 12 10 19 1 
5 1 19 13 5 0 6 13 19 10 1 10 0 5 13 0 10 12 16 20 16 15 18 
7 16 7 
==============================

====== Algorithm Status ======
Valor:                2892
Time:                 128004
nIter:                47509
Best Iter:            47509
Improvement Count:    47508
==============================
Solution tour: 
0 5 13 5 0 6 17 6 7 9 7 14 11 8 11 3 15 3 15 16 12 10 19 1 
5 1 19 13 6 13 19 10 1 10 0 10 12 16 20 16 15 18 15 16 
7 16 
==============================

====== Algorithm Status ======
Valor:                2927
Time:                 256001
nIter:                95563
Best Iter:            95563
Improvement Count:    95562
==============================
Solution tour: 
0 5 13 5 0 6 17 6 7 14 7 9 7 18 15 3 11 8 11 3 15 16 12 19 1 
5 1 19 13 6 13 19 10 1 10 0 10 19 12 16 20 16 
7 16 
==============================

====== Algorithm Status ======
Valor:                2927
Time:                 512000
nIter:                191147
Best Iter:            191147
Improvement Count:    191146
==============================
Solution tour: 
0 5 13 5 0 6 17 6 7 14 7 9 7 18 15 3 11 8 11 3 15 16 12 19 1 
5 1 19 13 6 13 19 10 1 10 0 10 19 12 16 20 16 
7 16 
==============================

====== Algorithm Status ======
Valor:                2927
Time:                 1024003
nIter:                383540
Best Iter:            383540
Improvement Count:    383541
==============================
Solution tour: 
0 5 13 5 0 6 17 6 7 14 7 9 7 18 15 3 11 8 11 3 15 16 12 19 1 
5 1 19 13 6 13 19 10 1 10 0 10 19 12 16 20 16 
7 16 
==============================

====== Algorithm Status ======
Valor:                2927
Time:                 1024003
nIter:                383540
Best Iter:            383540
Improvement Count:    383541
==============================
Solution tour: 
0 5 13 5 0 6 17 6 7 14 7 9 7 18 15 3 11 8 11 3 15 16 12 19 1 
5 1 19 13 6 13 19 10 1 10 0 10 19 12 16 20 16 
7 16 
==============================

