=========== Input ===========
File name:                ./instances/created-instances/mm-15-25-1762875.cdop
Total node count:         41
Truck node count:         15
Drone node count:         25
=============================

========== Settings ==========
Settings file:        ./settings/Memetic_MMX_1287823.config
Seed:                 1287823
Reduction method:     -
Max iter:             1024000
Population size:      13
Crossover:            MA-MMX
Local Search:         LS
Warm Start:           -
==============================

====== Algorithm Status ======
Valor:                5611
Time:                 252
nIter:                24
Best Iter:            24
Improvement Count:    23
==============================
Solution tour: 
0 13 
2 16 29 
6 4 25 30 38 30 7 29 7 
13 
1 40 24 40 1 21 34 21 10 23 31 26 12 27 12 8 33 17 39 8 39 17 33 32 19 23 33 12 32 12 33 
8 35 12 31 23 9 7 9 23 39 11 28 18 19 37 19 25 13 
==============================

====== Algorithm Status ======
Valor:                5642
Time:                 501
nIter:                43
Best Iter:            43
Improvement Count:    42
==============================
Solution tour: 
0 13 
2 16 29 
6 7 9 25 30 38 30 7 29 7 
13 
1 40 24 40 1 36 21 34 21 10 14 10 35 27 26 12 27 12 32 33 17 39 8 39 17 33 32 19 37 8 33 12 33 
8 35 32 12 31 23 31 9 7 28 18 37 19 13 
==============================

====== Algorithm Status ======
Valor:                5845
Time:                 1001
nIter:                77
Best Iter:            77
Improvement Count:    76
==============================
Solution tour: 
0 13 1 36 32 12 32 12 27 12 35 10 14 
5 13 7 9 23 31 23 8 33 8 13 20 4 25 30 38 30 7 29 7 
13 5 14 10 
1 40 24 40 1 21 34 21 10 37 19 32 12 33 26 17 33 12 32 33 17 39 17 18 9 7 19 39 11 28 18 19 37 13 
==============================

====== Algorithm Status ======
Valor:                6041
Time:                 2010
nIter:                157
Best Iter:            157
Improvement Count:    156
==============================
Solution tour: 
0 13 1 36 32 12 27 12 35 10 14 
5 13 9 7 9 23 31 23 8 33 8 13 20 4 25 30 38 30 7 29 7 13 5 14 10 
1 40 24 40 1 21 34 21 10 19 37 19 32 12 33 26 17 33 12 34 12 32 33 17 39 17 22 28 22 39 18 26 27 13 
==============================

====== Algorithm Status ======
Valor:                6234
Time:                 4001
nIter:                321
Best Iter:            321
Improvement Count:    320
==============================
Solution tour: 
0 13 7 19 37 19 18 26 18 12 27 12 35 10 14 
5 13 9 7 9 23 31 23 33 39 8 33 8 30 38 30 7 29 7 13 5 14 10 
1 40 24 40 1 21 34 21 36 32 27 35 8 39 17 33 12 34 12 32 12 33 17 39 22 28 22 39 26 38 33 20 13 
==============================

====== Algorithm Status ======
Valor:                6427
Time:                 8004
nIter:                638
Best Iter:            638
Improvement Count:    637
==============================
Solution tour: 
0 13 7 29 7 6 29 6 16 5 19 37 19 18 28 22 28 18 33 8 33 12 33 26 12 27 12 32 12 35 10 14 
5 13 9 7 9 23 31 23 30 38 30 25 19 7 13 5 14 10 21 
1 40 24 40 1 21 34 21 36 32 33 17 39 22 39 17 33 20 13 
==============================

====== Algorithm Status ======
Valor:                6461
Time:                 16005
nIter:                1284
Best Iter:            1284
Improvement Count:    1283
==============================
Solution tour: 
0 13 7 29 7 6 29 6 16 5 19 37 19 18 28 22 28 18 17 39 8 39 17 33 8 33 12 27 12 32 12 35 10 14 
5 13 9 7 9 23 31 23 30 38 30 25 19 7 13 5 14 10 21 
1 40 24 40 1 21 34 21 36 32 12 33 17 39 22 39 26 33 20 13 
==============================

====== Algorithm Status ======
Valor:                6461
Time:                 32006
nIter:                2573
Best Iter:            2573
Improvement Count:    2572
==============================
Solution tour: 
0 13 7 29 7 6 29 6 16 5 19 37 19 18 28 22 28 18 17 39 8 39 17 33 8 33 12 27 12 32 12 35 10 14 
5 13 9 7 9 23 31 23 30 38 30 25 19 7 13 5 14 10 21 
1 40 24 40 1 21 34 21 36 32 12 33 17 39 22 39 26 33 20 13 
==============================

====== Algorithm Status ======
Valor:                6474
Time:                 64008
nIter:                5151
Best Iter:            5151
Improvement Count:    5150
==============================
Solution tour: 
0 13 7 29 7 6 29 6 16 5 19 37 19 18 28 22 28 18 17 39 8 39 17 33 8 33 12 27 12 32 12 35 10 14 
5 13 9 7 9 23 31 23 30 38 30 25 19 7 13 5 14 10 36 
1 40 24 40 1 21 10 34 21 34 12 33 17 39 22 39 26 33 20 13 
==============================

====== Algorithm Status ======
Valor:                6534
Time:                 128009
nIter:                10113
Best Iter:            10113
Improvement Count:    10112
==============================
Solution tour: 
0 13 7 29 6 0 5 16 5 0 6 29 7 19 37 19 18 28 11 28 22 28 18 26 39 8 39 17 33 8 33 12 27 12 32 12 35 10 14 
5 13 9 7 9 23 31 23 30 38 30 25 19 7 13 5 14 10 21 36 
1 40 24 40 1 10 34 21 34 12 33 17 39 22 39 20 13 
==============================

====== Algorithm Status ======
Valor:                6687
Time:                 256004
nIter:                20520
Best Iter:            20520
Improvement Count:    20519
==============================
Solution tour: 
0 13 7 29 16 29 6 29 7 19 37 19 18 28 11 28 22 28 18 26 33 17 39 8 35 8 39 17 33 8 33 12 32 12 27 12 34 10 14 
5 13 9 7 9 23 31 23 30 38 30 25 19 7 13 5 14 10 34 21 36 
1 40 24 40 1 21 34 12 33 32 33 20 13 
==============================

====== Algorithm Status ======
Valor:                6687
Time:                 512015
nIter:                41486
Best Iter:            41486
Improvement Count:    41485
==============================
Solution tour: 
0 13 7 29 16 29 6 29 7 19 37 19 18 28 11 28 22 28 18 26 33 17 39 8 35 8 39 17 33 8 33 12 32 12 27 12 34 10 14 
5 13 9 7 9 23 31 23 30 38 30 25 19 7 13 5 14 10 34 21 36 
1 40 24 40 1 21 34 12 33 32 33 20 13 
==============================

====== Algorithm Status ======
Valor:                6687
Time:                 1024001
nIter:                83835
Best Iter:            83835
Improvement Count:    83836
==============================
Solution tour: 
0 13 7 29 16 29 6 29 7 19 37 19 18 28 11 28 22 28 18 26 33 17 39 8 35 8 39 17 33 8 33 12 32 12 27 12 34 10 14 
5 13 9 7 9 23 31 23 30 38 30 25 19 7 13 5 14 10 34 21 36 
1 40 24 40 1 21 34 12 33 32 33 20 13 
==============================

====== Algorithm Status ======
Valor:                6687
Time:                 1024001
nIter:                83835
Best Iter:            83835
Improvement Count:    83836
==============================
Solution tour: 
0 13 7 29 16 29 6 29 7 19 37 19 18 28 11 28 22 28 18 26 33 17 39 8 35 8 39 17 33 8 33 12 32 12 27 12 34 10 14 
5 13 9 7 9 23 31 23 30 38 30 25 19 7 13 5 14 10 34 21 36 
1 40 24 40 1 21 34 12 33 32 33 20 13 
==============================

