=========== Input ===========
File name:                ./instances/created-instances/mm-10-10-1767920.cdop
Total node count:         21
Truck node count:         10
Drone node count:         10
=============================

========== Settings ==========
Settings file:        ./settings/Memetic-LS_MPX_1287823.config
Seed:                 1287823
Reduction method:     -
Max iter:             1024000
Population size:      13
Crossover:            MA-MPX
Local Search:         -
Warm Start:           -
==============================

====== Algorithm Status ======
Valor:                2307
Time:                 250
nIter:                887
Best Iter:            887
Improvement Count:    886
==============================
Solution tour: 
0 11 15 
1 19 16 
2 16 
9 14 13 
10 13 
3 
6 17 16 
4 20 18 6 
5 12 
7 
8 15 
==============================

====== Algorithm Status ======
Valor:                2441
Time:                 500
nIter:                1740
Best Iter:            1740
Improvement Count:    1739
==============================
Solution tour: 
0 11 18 20 19 
1 7 
8 15 19 16 
2 16 
9 14 13 
10 13 
3 
6 17 16 
4 20 18 
5 12 
7 
==============================

====== Algorithm Status ======
Valor:                2489
Time:                 1000
nIter:                3469
Best Iter:            3469
Improvement Count:    3468
==============================
Solution tour: 
0 11 20 18 20 19 
1 7 
8 15 19 16 
2 16 
9 14 13 
10 13 
3 
6 17 16 
4 20 
5 12 
7 11 
==============================

====== Algorithm Status ======
Valor:                2739
Time:                 2000
nIter:                6682
Best Iter:            6682
Improvement Count:    6681
==============================
Solution tour: 
0 11 20 18 20 19 
4 16 17 20 4 
7 11 
8 15 19 16 
2 16 
6 14 
9 14 13 
3 
1 13 14 
10 13 18 6 
5 12 
==============================

====== Algorithm Status ======
Valor:                3013
Time:                 4000
nIter:                12457
Best Iter:            12457
Improvement Count:    12456
==============================
Solution tour: 
0 11 20 18 20 19 
4 16 17 20 4 
7 
8 19 16 
2 16 4 20 
6 14 
10 14 
9 14 13 
3 13 18 6 
5 16 20 11 15 
1 18 13 12 8 
==============================

====== Algorithm Status ======
Valor:                3107
Time:                 8000
nIter:                21926
Best Iter:            21926
Improvement Count:    21925
==============================
Solution tour: 
0 8 7 20 18 20 19 
4 16 17 20 4 
7 
8 13 19 16 
2 16 4 19 20 
10 14 
9 14 13 
3 13 18 6 
5 16 11 15 
6 14 
1 13 12 8 
==============================

====== Algorithm Status ======
Valor:                3231
Time:                 16000
nIter:                40142
Best Iter:            40142
Improvement Count:    40141
==============================
Solution tour: 
0 8 7 20 18 20 19 11 7 
4 16 17 20 4 
7 
8 13 19 16 
2 16 4 19 20 6 
10 14 
9 14 13 
3 13 18 13 12 
5 16 11 15 
6 14 
1 13 
==============================

====== Algorithm Status ======
Valor:                3314
Time:                 32000
nIter:                78318
Best Iter:            78318
Improvement Count:    78317
==============================
Solution tour: 
0 8 19 20 18 20 19 11 7 
4 16 17 20 4 
7 
8 16 19 16 
2 16 4 20 3 
10 14 
9 14 13 
3 13 18 13 12 
5 11 15 
6 14 
1 13 
==============================

====== Algorithm Status ======
Valor:                3401
Time:                 64000
nIter:                152460
Best Iter:            152460
Improvement Count:    152459
==============================
Solution tour: 
0 8 19 20 18 20 19 11 7 
4 16 17 20 4 
7 
8 7 16 19 16 
2 16 4 20 3 
10 14 
9 14 13 
3 13 18 13 12 
5 
6 1 14 
1 13 
==============================

====== Algorithm Status ======
Valor:                3442
Time:                 128000
nIter:                294535
Best Iter:            294535
Improvement Count:    294534
==============================
Solution tour: 
0 8 19 20 18 20 19 11 7 
4 16 17 20 4 
7 
8 7 16 19 16 
2 16 4 20 3 
10 14 
9 14 13 
3 13 18 13 19 12 
5 
6 1 14 
1 13 
==============================

====== Algorithm Status ======
Valor:                3503
Time:                 256000
nIter:                571214
Best Iter:            571214
Improvement Count:    571213
==============================
Solution tour: 
0 8 19 20 18 20 19 16 7 
4 16 17 20 17 15 4 
7 
8 7 11 7 16 
2 16 4 20 3 
10 14 
9 14 13 
3 13 18 13 19 12 
5 
6 1 14 
1 13 
==============================

====== Algorithm Status ======
Valor:                3507
Time:                 512000
nIter:                1099817
Best Iter:            1099817
Improvement Count:    1099816
==============================
Solution tour: 
0 8 19 20 18 20 19 16 7 
4 16 17 20 17 15 20 4 
6 1 14 
1 
7 
8 7 11 7 16 
2 16 4 20 3 
10 14 
9 14 13 
3 13 18 13 19 12 
==============================

====== Algorithm Status ======
Valor:                3525
Time:                 1024001
nIter:                2176835
Best Iter:            2176835
Improvement Count:    2176836
==============================
Solution tour: 
0 8 19 20 18 20 19 16 7 
4 16 17 20 17 11 15 20 4 
6 1 14 
1 
7 
8 7 11 7 16 
2 16 4 20 3 
10 14 
9 14 13 
3 13 18 13 12 
==============================

====== Algorithm Status ======
Valor:                3525
Time:                 1024001
nIter:                2176835
Best Iter:            2176835
Improvement Count:    2176836
==============================
Solution tour: 
0 8 19 20 18 20 19 16 7 
4 16 17 20 17 11 15 20 4 
6 1 14 
1 
7 
8 7 11 7 16 
2 16 4 20 3 
10 14 
9 14 13 
3 13 18 13 12 
==============================

