=========== Input ===========
File name:                ./instances/created-instances/mm-5-40-1767920.cdop
Total node count:         46
Truck node count:         5
Drone node count:         40
=============================

========== Settings ==========
Settings file:        ./settings/Memetic_MMX_1881515.config
Seed:                 1881515
Reduction method:     -
Max iter:             1024000
Population size:      13
Crossover:            MA-MMX
Local Search:         LS
Warm Start:           -
==============================

====== Algorithm Status ======
Valor:                6484
Time:                 255
nIter:                18
Best Iter:            18
Improvement Count:    17
==============================
Solution tour: 
0 28 0 35 16 21 18 21 16 23 1 29 8 3 12 6 8 29 1 31 37 34 15 18 17 43 17 37 17 18 15 32 13 26 13 43 40 43 7 39 10 6 12 3 8 25 24 8 24 25 
3 29 40 10 39 23 42 29 12 42 12 10 40 9 40 4 40 7 39 31 39 7 14 22 20 22 44 45 20 9 15 31 7 31 
==============================

====== Algorithm Status ======
Valor:                6810
Time:                 506
nIter:                39
Best Iter:            39
Improvement Count:    38
==============================
Solution tour: 
0 28 0 16 21 35 18 15 18 21 16 23 1 29 8 29 37 34 3 25 8 3 12 6 12 3 8 25 24 8 24 25 29 1 31 39 7 40 9 
4 9 40 43 17 18 21 18 15 18 17 20 22 44 45 20 10 39 14 22 20 17 43 40 41 32 13 26 13 43 7 39 10 39 31 0 28 0 11 42 12 42 11 30 
==============================

====== Algorithm Status ======
Valor:                7079
Time:                 1031
nIter:                86
Best Iter:            86
Improvement Count:    85
==============================
Solution tour: 
0 37 17 7 0 21 16 21 18 35 0 31 23 1 29 8 29 3 29 8 29 3 25 8 3 12 6 12 3 8 25 24 8 24 25 3 29 1 23 31 39 7 40 4 40 9 
4 9 40 43 17 18 21 18 15 18 17 20 22 44 20 45 20 22 14 22 20 17 43 40 41 32 13 26 13 43 7 39 10 39 31 0 28 0 11 42 12 42 11 30 
==============================

====== Algorithm Status ======
Valor:                7316
Time:                 2003
nIter:                208
Best Iter:            208
Improvement Count:    207
==============================
Solution tour: 
0 35 18 21 39 37 34 37 17 7 21 16 29 24 8 24 1 29 3 29 8 29 3 25 8 3 12 6 12 3 8 25 24 8 24 25 3 29 1 23 31 39 7 40 4 40 9 
4 9 40 43 17 18 16 21 18 15 18 17 20 22 5 36 5 44 20 45 20 22 14 22 20 17 43 40 41 32 33 32 13 26 13 43 7 39 10 39 31 0 28 0 11 42 12 42 11 30 
==============================

====== Algorithm Status ======
Valor:                7397
Time:                 4002
nIter:                384
Best Iter:            384
Improvement Count:    383
==============================
Solution tour: 
0 31 16 21 39 37 34 37 17 43 7 21 16 29 24 8 24 1 29 3 29 8 29 3 25 8 3 12 6 12 3 8 25 24 8 24 25 3 29 1 23 31 39 7 40 4 40 9 
4 9 40 43 17 18 21 18 15 18 17 20 5 36 5 44 20 45 20 22 14 22 20 38 43 40 41 32 33 32 13 26 13 43 7 39 10 39 31 0 28 0 30 11 42 12 42 11 30 
==============================

====== Algorithm Status ======
Valor:                7470
Time:                 8008
nIter:                720
Best Iter:            720
Improvement Count:    719
==============================
Solution tour: 
0 31 37 31 23 16 21 16 39 34 37 17 43 7 1 29 8 29 3 25 8 3 12 6 12 3 8 25 24 8 24 25 3 29 1 23 31 39 7 40 4 40 9 
4 9 40 43 17 18 21 18 15 18 17 20 22 5 36 5 44 20 45 20 22 14 22 20 38 43 40 41 32 33 32 13 26 13 43 7 39 10 39 31 0 28 0 30 11 42 12 42 11 30 
==============================

====== Algorithm Status ======
Valor:                7471
Time:                 16007
nIter:                1460
Best Iter:            1460
Improvement Count:    1459
==============================
Solution tour: 
0 31 37 31 23 16 21 16 39 34 37 17 43 40 7 1 29 8 29 3 25 8 3 12 6 12 3 8 25 24 8 24 25 3 29 3 29 1 23 31 39 7 40 4 9 40 9 
4 40 43 17 18 21 18 15 18 17 20 22 5 36 5 44 20 45 20 22 14 22 20 38 43 38 41 32 33 32 13 26 13 43 7 39 10 39 31 0 28 0 30 11 42 12 42 11 30 
==============================

====== Algorithm Status ======
Valor:                7471
Time:                 32004
nIter:                2913
Best Iter:            2913
Improvement Count:    2912
==============================
Solution tour: 
0 31 37 31 23 16 21 16 39 34 37 17 43 40 7 1 29 8 29 3 25 8 3 12 6 12 3 8 25 24 8 24 25 3 29 3 29 1 23 31 39 7 40 4 9 40 9 
4 40 43 17 18 21 18 15 18 17 20 22 5 36 5 44 20 45 20 22 14 22 20 38 43 38 41 32 33 32 13 26 13 43 7 39 10 39 31 0 28 0 30 11 42 12 42 11 30 
==============================

====== Algorithm Status ======
Valor:                7523
Time:                 64008
nIter:                5937
Best Iter:            5937
Improvement Count:    5936
==============================
Solution tour: 
0 31 37 34 21 16 21 39 10 39 34 37 10 6 10 42 1 29 8 29 3 25 8 3 12 6 12 3 8 25 24 8 24 25 3 29 1 23 31 39 7 40 7 40 4 9 40 9 
4 40 43 17 18 21 18 15 18 17 20 5 36 5 44 20 45 20 22 14 22 20 38 43 38 41 32 33 32 13 26 13 43 40 7 39 31 0 28 0 30 11 42 12 42 11 35 
==============================

====== Algorithm Status ======
Valor:                7526
Time:                 128000
nIter:                11694
Best Iter:            11694
Improvement Count:    11693
==============================
Solution tour: 
0 35 0 31 37 34 21 16 21 39 10 39 34 37 10 6 10 42 1 29 8 29 3 25 8 3 12 6 12 3 8 25 24 8 24 25 3 29 1 23 31 39 7 40 4 9 40 9 
4 40 43 17 18 21 18 15 18 17 20 22 5 36 5 44 20 45 20 22 14 22 20 38 43 38 41 32 33 32 13 26 13 43 40 7 39 31 0 28 0 30 11 42 12 42 11 
==============================

====== Algorithm Status ======
Valor:                7573
Time:                 256008
nIter:                22994
Best Iter:            22994
Improvement Count:    22993
==============================
Solution tour: 
0 35 21 16 21 39 34 37 16 42 10 39 10 6 10 42 1 29 8 29 3 25 8 3 12 6 12 3 8 25 24 8 24 25 3 29 1 23 31 39 7 40 4 9 40 9 
4 40 43 17 18 21 18 15 18 17 20 22 5 36 5 44 20 45 20 22 14 22 20 17 43 38 41 32 33 32 13 26 13 43 40 7 39 31 0 28 0 30 11 42 12 42 11 30 
==============================

====== Algorithm Status ======
Valor:                7636
Time:                 512005
nIter:                44731
Best Iter:            44731
Improvement Count:    44730
==============================
Solution tour: 
0 31 37 34 37 16 21 16 42 10 6 10 39 10 42 1 29 8 29 3 25 8 24 8 3 12 6 12 3 8 25 24 25 3 29 1 23 16 37 31 39 7 40 9 4 9 40 
4 40 43 17 18 15 18 21 18 17 20 44 5 36 5 20 45 20 22 14 22 20 17 43 38 41 32 33 32 13 26 13 43 40 7 39 31 0 28 0 35 0 30 11 42 12 42 11 30 
==============================

====== Algorithm Status ======
Valor:                7573
Time:                 1024008
nIter:                89765
Best Iter:            89765
Improvement Count:    89766
==============================
Solution tour: 
0 31 37 34 37 16 21 16 42 10 6 10 39 10 42 1 29 8 29 3 25 8 24 8 3 12 6 12 3 8 25 24 25 3 29 1 23 16 37 31 39 7 40 9 4 9 40 
4 40 43 17 18 15 18 21 18 17 20 44 5 36 5 20 45 20 22 14 22 20 17 43 38 41 32 33 32 13 26 13 43 40 7 39 31 0 28 0 35 0 30 11 42 12 42 11 
==============================

====== Algorithm Status ======
Valor:                7573
Time:                 1024008
nIter:                89765
Best Iter:            89765
Improvement Count:    89766
==============================
Solution tour: 
0 31 37 34 37 16 21 16 42 10 6 10 39 10 42 1 29 8 29 3 25 8 24 8 3 12 6 12 3 8 25 24 25 3 29 1 23 16 37 31 39 7 40 9 4 9 40 
4 40 43 17 18 15 18 21 18 17 20 44 5 36 5 20 45 20 22 14 22 20 17 43 38 41 32 33 32 13 26 13 43 40 7 39 31 0 28 0 35 0 30 11 42 12 42 11 
==============================

