=========== Input ===========
File name:                ./instances/created-instances/mm-15-40-1917698.cdop
Total node count:         56
Truck node count:         15
Drone node count:         40
=============================

========== Settings ==========
Settings file:        ./settings/Memetic-LS_MMX_1881515.config
Seed:                 1881515
Reduction method:     -
Max iter:             1024000
Population size:      13
Crossover:            MA-MMX
Local Search:         -
Warm Start:           -
==============================

====== Algorithm Status ======
Valor:                2994
Time:                 250
nIter:                315
Best Iter:            315
Improvement Count:    314
==============================
Solution tour: 
0 21 
6 
5 35 21 35 
14 22 35 
12 49 43 55 23 28 23 28 
15 55 
3 42 
1 44 35 17 44 17 
2 17 35 51 39 
==============================

====== Algorithm Status ======
Valor:                2994
Time:                 501
nIter:                539
Best Iter:            539
Improvement Count:    538
==============================
Solution tour: 
0 21 
6 
5 35 21 35 
14 22 35 
12 49 43 55 23 28 23 28 
15 55 
3 42 
1 44 35 17 44 17 
2 17 35 51 39 
==============================

====== Algorithm Status ======
Valor:                3044
Time:                 1000
nIter:                993
Best Iter:            993
Improvement Count:    992
==============================
Solution tour: 
0 21 
6 
5 35 21 35 
14 22 35 
12 49 43 55 23 17 23 28 23 28 
15 55 
3 42 
1 44 35 17 44 
2 17 35 51 39 
==============================

====== Algorithm Status ======
Valor:                3551
Time:                 2003
nIter:                1877
Best Iter:            1877
Improvement Count:    1876
==============================
Solution tour: 
0 35 21 35 22 
14 22 35 
12 49 55 49 43 49 43 55 43 23 17 23 15 23 28 23 15 28 
15 55 
3 42 
1 44 17 44 17 35 17 
2 17 35 51 39 
==============================

====== Algorithm Status ======
Valor:                3907
Time:                 4000
nIter:                3535
Best Iter:            3535
Improvement Count:    3534
==============================
Solution tour: 
0 35 21 35 22 
14 22 35 45 
12 49 55 49 43 49 29 43 55 23 17 23 17 40 15 23 28 23 
15 28 15 55 
3 42 55 44 17 35 17 
2 17 35 51 39 
==============================

====== Algorithm Status ======
Valor:                3980
Time:                 8009
nIter:                6814
Best Iter:            6814
Improvement Count:    6813
==============================
Solution tour: 
0 35 21 35 22 
14 22 35 49 
12 49 55 49 43 49 43 29 43 55 23 17 23 17 40 15 23 28 23 
15 28 15 55 
3 55 42 55 44 35 17 
2 17 35 51 35 39 
==============================

====== Algorithm Status ======
Valor:                4433
Time:                 16000
nIter:                13063
Best Iter:            13063
Improvement Count:    13062
==============================
Solution tour: 
0 35 21 35 22 
14 22 35 49 
12 49 55 49 43 55 43 29 43 49 23 17 23 17 40 15 23 28 23 
15 28 15 55 
3 55 42 55 44 35 17 23 
2 17 35 51 45 51 45 50 
==============================

====== Algorithm Status ======
Valor:                4441
Time:                 32000
nIter:                25535
Best Iter:            25535
Improvement Count:    25534
==============================
Solution tour: 
0 35 21 35 22 
14 22 35 49 
12 49 55 49 43 55 43 29 43 49 23 17 23 17 40 15 23 28 23 
15 28 15 55 
3 55 42 55 44 35 17 23 
2 17 35 51 45 51 55 50 
==============================

====== Algorithm Status ======
Valor:                4829
Time:                 64005
nIter:                49513
Best Iter:            49513
Improvement Count:    49512
==============================
Solution tour: 
0 21 37 18 35 22 
14 22 35 41 49 
12 49 55 49 43 55 43 29 43 49 23 17 44 17 44 17 40 15 23 28 23 
15 28 15 55 
3 55 42 55 42 55 51 35 17 23 
2 17 35 12 51 45 51 55 50 
==============================

====== Algorithm Status ======
Valor:                5314
Time:                 128001
nIter:                95258
Best Iter:            95258
Improvement Count:    95257
==============================
Solution tour: 
0 32 21 37 18 35 22 
14 22 35 41 49 
12 49 55 49 43 55 43 29 43 49 2 23 17 44 17 40 23 28 23 
15 28 15 55 
3 55 42 55 15 51 35 17 23 26 23 
2 17 35 51 32 51 32 45 51 45 50 
==============================

====== Algorithm Status ======
Valor:                5768
Time:                 256000
nIter:                183925
Best Iter:            183925
Improvement Count:    183924
==============================
Solution tour: 
0 50 37 21 37 18 35 22 
14 22 35 41 40 41 40 49 
12 49 55 49 43 55 43 29 43 49 2 23 17 44 17 40 53 23 53 23 28 23 
15 28 15 55 42 55 30 40 17 19 17 23 26 23 
2 17 35 45 51 45 50 55 50 
==============================

====== Algorithm Status ======
Valor:                5998
Time:                 512000
nIter:                339544
Best Iter:            339544
Improvement Count:    339543
==============================
Solution tour: 
0 50 37 21 37 18 35 22 
14 22 40 41 35 41 40 49 
12 49 55 49 43 55 43 29 43 49 23 17 44 17 40 
15 28 23 28 53 28 15 55 42 55 31 30 31 30 49 40 17 19 17 23 26 23 
2 17 35 45 51 45 50 55 50 
==============================

====== Algorithm Status ======
Valor:                6832
Time:                 1024002
nIter:                617841
Best Iter:            617841
Improvement Count:    617842
==============================
Solution tour: 
0 21 37 20 37 18 35 22 
14 22 3 40 41 26 41 40 43 
12 49 55 49 43 49 12 43 55 43 29 43 44 17 40 28 23 28 53 28 15 55 42 55 48 31 48 31 50 55 31 48 55 50 31 30 48 30 49 40 17 23 26 23 
2 23 17 35 45 51 45 12 50 48 50 
==============================

====== Algorithm Status ======
Valor:                6832
Time:                 1024002
nIter:                617841
Best Iter:            617841
Improvement Count:    617842
==============================
Solution tour: 
0 21 37 20 37 18 35 22 
14 22 3 40 41 26 41 40 43 
12 49 55 49 43 49 12 43 55 43 29 43 44 17 40 28 23 28 53 28 15 55 42 55 48 31 48 31 50 55 31 48 55 50 31 30 48 30 49 40 17 23 26 23 
2 23 17 35 45 51 45 12 50 48 50 
==============================

