=========== Input ===========
File name:                ./instances/created-instances/mm-10-25-1891798.cdop
Total node count:         36
Truck node count:         10
Drone node count:         25
=============================

========== Settings ==========
Settings file:        ./settings/Memetic_MMX_1099666.config
Seed:                 1099666
Reduction method:     -
Max iter:             1024000
Population size:      13
Crossover:            MA-MMX
Local Search:         LS
Warm Start:           -
==============================

====== Algorithm Status ======
Valor:                5706
Time:                 262
nIter:                25
Best Iter:            25
Improvement Count:    24
==============================
Solution tour: 
0 5 33 18 31 15 24 12 21 12 24 15 25 13 6 11 6 23 19 9 19 23 6 9 23 
4 12 4 19 16 1 28 1 14 17 3 17 14 23 1 23 33 
5 19 8 32 22 34 0 8 29 32 
8 20 8 0 35 7 35 7 26 0 22 
==============================

====== Algorithm Status ======
Valor:                5733
Time:                 501
nIter:                47
Best Iter:            47
Improvement Count:    46
==============================
Solution tour: 
0 20 29 5 33 18 33 31 29 27 15 24 12 21 12 24 15 25 15 13 6 11 6 23 19 9 19 4 23 6 9 23 
4 12 4 19 16 1 28 1 14 17 3 17 14 23 1 23 33 
5 19 2 20 32 8 32 0 35 7 35 7 34 26 8 0 22 
==============================

====== Algorithm Status ======
Valor:                5742
Time:                 1001
nIter:                99
Best Iter:            99
Improvement Count:    98
==============================
Solution tour: 
0 5 33 18 33 31 15 24 12 21 12 24 15 25 13 6 11 6 23 19 9 19 23 6 9 23 
4 12 4 19 16 1 28 1 14 17 3 17 14 23 1 23 33 
5 19 8 32 22 34 22 0 8 29 32 
8 20 8 0 22 32 26 7 35 
==============================

====== Algorithm Status ======
Valor:                6007
Time:                 2006
nIter:                209
Best Iter:            209
Improvement Count:    208
==============================
Solution tour: 
0 5 33 18 33 31 25 15 24 12 21 12 24 15 13 15 27 6 11 6 23 19 9 19 23 6 9 23 
4 12 4 19 16 1 28 1 14 17 3 17 14 23 1 23 33 
5 29 20 8 32 8 0 22 32 22 34 26 0 35 7 35 
==============================

====== Algorithm Status ======
Valor:                6009
Time:                 4006
nIter:                432
Best Iter:            432
Improvement Count:    431
==============================
Solution tour: 
0 5 33 18 33 25 15 24 12 21 12 24 15 13 15 27 6 11 6 23 19 9 19 23 6 9 23 
4 12 4 19 16 1 28 1 14 17 3 17 14 23 1 23 33 
5 29 20 8 32 8 0 22 32 22 34 26 0 35 7 35 
==============================

====== Algorithm Status ======
Valor:                6153
Time:                 8000
nIter:                893
Best Iter:            893
Improvement Count:    892
==============================
Solution tour: 
0 8 29 5 33 18 33 25 15 25 24 12 21 12 24 31 24 13 15 24 15 27 6 11 6 23 19 9 19 4 23 6 9 23 
4 12 4 19 16 28 1 14 17 3 17 14 23 1 23 33 
5 29 8 20 8 32 8 0 22 32 22 34 26 0 35 7 35 
==============================

====== Algorithm Status ======
Valor:                6153
Time:                 16004
nIter:                1766
Best Iter:            1766
Improvement Count:    1765
==============================
Solution tour: 
0 8 29 5 33 18 33 25 15 25 24 12 21 12 24 31 24 13 15 24 15 27 6 11 6 23 19 9 19 4 23 6 9 23 
4 12 4 19 16 28 1 14 17 3 17 14 23 1 23 33 
5 29 8 20 8 32 8 0 22 32 22 34 26 0 35 7 35 
==============================

====== Algorithm Status ======
Valor:                6206
Time:                 32007
nIter:                3510
Best Iter:            3510
Improvement Count:    3509
==============================
Solution tour: 
0 8 29 5 33 18 33 25 15 25 24 12 21 12 24 31 24 13 15 24 15 27 6 11 6 23 19 2 9 19 4 23 6 2 19 9 6 9 23 
4 12 4 19 16 28 1 14 17 3 17 14 1 23 33 
5 29 8 20 8 32 8 0 22 32 22 34 26 0 35 7 35 
==============================

====== Algorithm Status ======
Valor:                6226
Time:                 64009
nIter:                6882
Best Iter:            6882
Improvement Count:    6881
==============================
Solution tour: 
0 8 20 29 5 33 18 33 15 13 15 25 15 24 15 27 6 11 6 23 19 2 9 19 4 23 6 2 19 9 6 9 23 
4 12 21 12 4 19 16 19 23 1 28 1 14 17 3 17 14 1 23 33 
5 29 20 8 32 8 0 22 32 22 34 26 0 35 7 35 
==============================

====== Algorithm Status ======
Valor:                6433
Time:                 128006
nIter:                14050
Best Iter:            14050
Improvement Count:    14049
==============================
Solution tour: 
0 8 29 5 33 18 33 31 24 12 21 12 24 15 13 15 25 15 24 31 27 33 23 6 11 6 9 23 19 2 19 9 19 4 23 9 6 23 
4 19 16 19 23 1 28 1 14 17 3 17 14 1 23 33 
5 29 20 8 32 8 0 26 0 22 32 22 34 22 0 35 7 35 
==============================

====== Algorithm Status ======
Valor:                6437
Time:                 256017
nIter:                28642
Best Iter:            28642
Improvement Count:    28641
==============================
Solution tour: 
0 8 20 29 5 33 18 33 27 31 24 12 21 12 24 15 13 15 25 15 24 31 27 33 23 6 11 6 9 6 23 19 2 19 9 19 4 23 
4 19 16 19 23 1 28 1 14 17 3 17 14 1 23 33 
5 29 20 8 32 8 0 26 0 22 32 22 34 22 0 35 7 35 
==============================

