=========== Input ===========
File name:                ./instances/created-instances/mm-15-10-1110588.cdop
Total node count:         26
Truck node count:         15
Drone node count:         10
=============================

========== Settings ==========
Settings file:        ./settings/Memetic_MPX_1099666.config
Seed:                 1099666
Reduction method:     -
Max iter:             1024000
Population size:      13
Crossover:            MA-MPX
Local Search:         LS
Warm Start:           -
==============================

====== Algorithm Status ======
Valor:                3492
Time:                 251
nIter:                85
Best Iter:            85
Improvement Count:    84
==============================
Solution tour: 
0 21 6 19 18 16 18 4 
10 5 12 5 
14 
3 21 3 14 7 15 
11 15 7 17 12 
4 
12 4 18 19 16 19 23 6 0 
6 24 14 24 22 
15 2 
13 24 25 20 25 24 13 22 24 13 0 13 
2 23 
==============================

====== Algorithm Status ======
Valor:                3492
Time:                 500
nIter:                164
Best Iter:            164
Improvement Count:    163
==============================
Solution tour: 
0 21 6 19 18 16 18 4 
10 5 12 5 
14 
3 21 3 14 7 15 
11 15 7 17 12 
4 
12 4 18 19 16 19 23 6 0 
6 24 14 24 22 
15 2 
13 24 25 20 25 24 13 22 24 13 0 13 
2 23 
==============================

====== Algorithm Status ======
Valor:                3492
Time:                 1001
nIter:                331
Best Iter:            331
Improvement Count:    330
==============================
Solution tour: 
0 21 6 19 18 16 18 4 
10 5 12 5 
14 
3 21 3 14 7 15 
11 15 7 17 12 
4 
12 4 18 19 16 19 23 6 0 
6 24 14 24 22 
15 2 
13 24 25 20 25 24 13 22 24 13 0 13 
2 23 
==============================

====== Algorithm Status ======
Valor:                3492
Time:                 2001
nIter:                668
Best Iter:            668
Improvement Count:    667
==============================
Solution tour: 
0 21 6 19 18 16 18 4 
10 5 12 5 
14 
3 21 3 14 7 15 
11 15 7 17 12 
4 
12 4 18 19 16 19 23 6 0 
6 24 14 24 22 
15 2 
13 24 25 20 25 24 13 22 24 13 0 13 
2 23 
==============================

====== Algorithm Status ======
Valor:                3528
Time:                 4001
nIter:                1323
Best Iter:            1323
Improvement Count:    1322
==============================
Solution tour: 
0 13 24 25 11 15 11 7 17 12 5 14 21 25 20 25 24 22 24 13 21 6 
15 7 14 19 18 16 18 
4 0 
5 0 23 
2 13 0 6 21 14 5 12 
1 12 
14 
3 21 3 14 7 21 
13 22 6 
==============================

====== Algorithm Status ======
Valor:                3712
Time:                 8001
nIter:                2714
Best Iter:            2714
Improvement Count:    2713
==============================
Solution tour: 
0 6 21 18 19 18 16 19 
12 5 14 24 
6 0 23 0 
13 24 22 24 25 24 13 
2 13 0 3 21 
3 
14 5 12 
9 13 
10 15 
11 
15 7 14 
7 21 25 20 25 21 6 
5 
==============================

====== Algorithm Status ======
Valor:                3867
Time:                 16000
nIter:                5488
Best Iter:            5488
Improvement Count:    5487
==============================
Solution tour: 
0 6 21 18 19 18 16 19 14 
12 5 14 24 
6 24 14 3 0 23 0 
13 24 22 24 25 24 13 
2 13 0 3 21 
3 14 5 12 17 
9 13 21 
10 11 15 
11 
15 7 14 
7 21 25 20 25 21 6 
==============================

====== Algorithm Status ======
Valor:                3867
Time:                 32001
nIter:                10853
Best Iter:            10853
Improvement Count:    10852
==============================
Solution tour: 
0 6 21 18 19 18 16 19 14 
12 5 14 24 
6 24 14 3 0 23 0 
13 24 22 24 25 24 13 
2 13 0 3 21 
3 14 5 12 17 
9 13 21 
10 11 15 
11 
15 7 14 
7 21 25 20 25 21 6 
==============================

====== Algorithm Status ======
Valor:                3867
Time:                 64000
nIter:                21421
Best Iter:            21421
Improvement Count:    21420
==============================
Solution tour: 
0 6 21 18 19 18 16 19 14 
12 5 14 24 
6 24 14 3 0 23 0 
13 24 22 24 25 24 13 
2 13 0 3 21 
3 14 5 12 17 
9 13 21 
10 11 15 
11 
15 7 14 
7 21 25 20 25 21 6 
==============================

====== Algorithm Status ======
Valor:                3867
Time:                 128003
nIter:                42513
Best Iter:            42513
Improvement Count:    42512
==============================
Solution tour: 
0 6 21 18 19 18 16 19 14 
12 5 14 24 
6 24 14 3 0 23 0 
13 24 22 24 25 24 13 
2 13 0 3 21 
3 14 5 12 17 
9 13 21 
10 11 15 
11 
15 7 14 
7 21 25 20 25 21 6 
==============================

====== Algorithm Status ======
Valor:                3867
Time:                 256001
nIter:                84757
Best Iter:            84757
Improvement Count:    84756
==============================
Solution tour: 
0 6 21 18 19 18 16 19 14 
12 5 14 24 
6 24 14 3 0 23 0 
13 24 22 24 25 24 13 
2 13 0 3 21 
3 14 5 12 17 
9 13 21 
10 11 15 
11 
15 7 14 
7 21 25 20 25 21 6 
==============================

====== Algorithm Status ======
Valor:                3867
Time:                 512002
nIter:                169361
Best Iter:            169361
Improvement Count:    169360
==============================
Solution tour: 
0 6 21 18 19 18 16 19 14 
12 5 14 24 
6 24 14 3 0 23 0 
13 24 22 24 25 24 13 
2 13 0 3 21 
3 14 5 12 17 
9 13 21 
10 11 15 
11 
15 7 14 
7 21 25 20 25 21 6 
==============================

====== Algorithm Status ======
Valor:                3869
Time:                 1024002
nIter:                335471
Best Iter:            335471
Improvement Count:    335472
==============================
Solution tour: 
0 6 0 24 6 21 25 21 
6 24 14 3 0 23 0 
13 24 22 24 25 24 13 
2 13 0 3 21 18 
4 0 13 25 20 25 24 21 
3 14 5 12 17 7 15 11 
15 19 16 19 12 
1 
12 5 14 24 
==============================

====== Algorithm Status ======
Valor:                3869
Time:                 1024002
nIter:                335471
Best Iter:            335471
Improvement Count:    335472
==============================
Solution tour: 
0 6 0 24 6 21 25 21 
6 24 14 3 0 23 0 
13 24 22 24 25 24 13 
2 13 0 3 21 18 
4 0 13 25 20 25 24 21 
3 14 5 12 17 7 15 11 
15 19 16 19 12 
1 
12 5 14 24 
==============================

