=========== Input ===========
File name:                ./instances/created-instances/mm-25-10-1767920.cdop
Total node count:         36
Truck node count:         25
Drone node count:         10
=============================

========== Settings ==========
Settings file:        ./settings/Memetic-LS_MMX_1099666.config
Seed:                 1099666
Reduction method:     -
Max iter:             1024000
Population size:      13
Crossover:            MA-MMX
Local Search:         -
Warm Start:           -
==============================

====== Algorithm Status ======
Valor:                1329
Time:                 250
nIter:                743
Best Iter:            743
Improvement Count:    742
==============================
Solution tour: 
0 
8 
2 
3 
1 
15 
25 
17 
16 
12 
14 
20 
10 
9 27 
11 
18 
6 16 34 
==============================

====== Algorithm Status ======
Valor:                1410
Time:                 500
nIter:                1435
Best Iter:            1435
Improvement Count:    1434
==============================
Solution tour: 
0 24 
8 
2 
3 
1 
15 
25 
17 
16 
12 
14 
20 
10 
9 27 2 
11 
18 
6 16 34 
==============================

====== Algorithm Status ======
Valor:                1737
Time:                 1000
nIter:                2774
Best Iter:            2774
Improvement Count:    2773
==============================
Solution tour: 
0 
7 35 
8 
2 
3 
10 
15 
25 
17 24 31 
16 
12 
14 
20 29 
1 27 
11 
18 
6 34 
==============================

====== Algorithm Status ======
Valor:                1944
Time:                 2000
nIter:                5857
Best Iter:            5857
Improvement Count:    5856
==============================
Solution tour: 
0 
7 
2 
8 35 
3 
10 0 30 
15 
25 
17 24 31 
16 
12 
14 
20 29 
1 24 27 24 27 
11 34 
==============================

====== Algorithm Status ======
Valor:                2226
Time:                 4000
nIter:                11358
Best Iter:            11358
Improvement Count:    11357
==============================
Solution tour: 
0 34 
7 
2 
8 35 
3 
10 30 
15 
25 
17 
13 31 
16 27 
12 
14 
20 24 
1 24 27 24 
6 29 
==============================

====== Algorithm Status ======
Valor:                2518
Time:                 8000
nIter:                22350
Best Iter:            22350
Improvement Count:    22349
==============================
Solution tour: 
0 17 34 
7 
2 
8 35 33 35 33 
3 6 
10 30 
15 
25 
17 
13 31 
16 
12 13 
14 
20 24 
1 24 27 24 
6 29 
==============================

====== Algorithm Status ======
Valor:                3004
Time:                 16000
nIter:                44849
Best Iter:            44849
Improvement Count:    44848
==============================
Solution tour: 
0 17 
22 17 34 
7 2 3 
8 35 33 35 1 
3 1 6 
10 30 
15 
25 
17 
13 31 13 
14 
20 24 3 24 27 
11 27 24 
6 24 29 
==============================

====== Algorithm Status ======
Valor:                3111
Time:                 32000
nIter:                88663
Best Iter:            88663
Improvement Count:    88662
==============================
Solution tour: 
0 17 
22 17 24 17 34 
7 2 
8 35 33 35 1 
3 1 6 
10 30 
15 
25 6 
13 31 13 
14 
20 24 3 24 27 
11 27 24 
6 24 29 
==============================

====== Algorithm Status ======
Valor:                3337
Time:                 64000
nIter:                173815
Best Iter:            173815
Improvement Count:    173814
==============================
Solution tour: 
0 17 
22 17 25 17 8 2 
7 34 
8 35 33 35 17 1 
3 1 6 
10 6 30 
15 6 
25 6 
13 31 13 
14 
20 24 3 24 27 
11 27 24 
6 24 29 
==============================

====== Algorithm Status ======
Valor:                3627
Time:                 128000
nIter:                328707
Best Iter:            328707
Improvement Count:    328706
==============================
Solution tour: 
0 17 0 17 25 27 8 7 2 
7 34 7 
8 35 33 17 
22 33 35 17 1 
3 1 16 1 24 11 30 21 
15 
10 6 
25 17 
13 31 13 
20 24 3 24 27 
11 27 24 
6 24 29 
==============================

====== Algorithm Status ======
Valor:                3786
Time:                 256000
nIter:                628608
Best Iter:            628608
Improvement Count:    628607
==============================
Solution tour: 
0 17 0 17 25 27 8 2 8 7 2 
7 34 7 
8 35 33 35 33 
22 17 1 
3 1 16 1 8 24 11 30 21 
15 
10 6 25 17 
13 31 13 17 
24 27 
11 27 24 
6 24 29 
==============================

====== Algorithm Status ======
Valor:                3804
Time:                 512000
nIter:                1177260
Best Iter:            1177260
Improvement Count:    1177259
==============================
Solution tour: 
0 17 0 17 25 27 8 2 8 7 2 
7 34 7 
8 35 33 35 33 
22 17 1 
3 1 16 1 8 24 8 11 30 21 
15 
10 6 25 17 
13 31 
14 13 17 
24 27 
11 27 24 
6 24 29 
==============================

====== Algorithm Status ======
Valor:                3843
Time:                 1024001
nIter:                2312522
Best Iter:            2312522
Improvement Count:    2312523
==============================
Solution tour: 
0 17 0 17 25 27 8 2 8 7 2 
7 34 7 
8 35 33 35 33 
22 17 1 
3 1 16 1 8 24 8 11 30 21 
15 
10 6 25 17 
13 31 
14 20 13 17 
24 27 
11 27 24 
6 24 29 
==============================

====== Algorithm Status ======
Valor:                3843
Time:                 1024001
nIter:                2312522
Best Iter:            2312522
Improvement Count:    2312523
==============================
Solution tour: 
0 17 0 17 25 27 8 2 8 7 2 
7 34 7 
8 35 33 35 33 
22 17 1 
3 1 16 1 8 24 8 11 30 21 
15 
10 6 25 17 
13 31 
14 20 13 17 
24 27 
11 27 24 
6 24 29 
==============================

