=========== Input ===========
File name:                ./instances/created-instances/mm-15-25-1767920.cdop
Total node count:         41
Truck node count:         15
Drone node count:         25
=============================

========== Settings ==========
Settings file:        ./settings/Memetic-LS_MMX_1881515.config
Seed:                 1881515
Reduction method:     -
Max iter:             1024000
Population size:      13
Crossover:            MA-MMX
Local Search:         -
Warm Start:           -
==============================

====== Algorithm Status ======
Valor:                1923
Time:                 250
nIter:                460
Best Iter:            460
Improvement Count:    459
==============================
Solution tour: 
0 
3 
9 21 7 5 
14 
12 
10 28 27 16 28 27 28 16 28 37 28 
6 
2 27 
13 18 
7 19 
11 20 
==============================

====== Algorithm Status ======
Valor:                2316
Time:                 503
nIter:                886
Best Iter:            886
Improvement Count:    885
==============================
Solution tour: 
0 
3 
9 21 7 21 7 18 5 
14 
12 19 16 28 37 32 16 32 37 32 
10 28 16 28 1 32 
2 27 
13 20 
==============================

====== Algorithm Status ======
Valor:                2641
Time:                 1000
nIter:                1714
Best Iter:            1714
Improvement Count:    1713
==============================
Solution tour: 
0 
3 
9 21 7 21 35 30 
14 
12 19 16 28 37 32 16 32 
10 28 1 28 16 22 1 22 32 
2 27 
13 20 
==============================

====== Algorithm Status ======
Valor:                3201
Time:                 2001
nIter:                3250
Best Iter:            3250
Improvement Count:    3249
==============================
Solution tour: 
0 23 25 
7 21 7 36 35 36 7 36 35 36 21 36 30 
14 
12 19 16 28 37 32 16 32 28 
10 28 1 28 16 22 38 22 1 22 34 28 27 
13 20 
==============================

====== Algorithm Status ======
Valor:                3416
Time:                 4003
nIter:                6217
Best Iter:            6217
Improvement Count:    6216
==============================
Solution tour: 
0 23 39 25 
7 21 7 36 35 36 21 30 
14 
12 19 38 40 16 28 37 32 16 32 28 
10 28 1 28 16 34 38 34 22 38 22 1 22 27 
13 20 
==============================

====== Algorithm Status ======
Valor:                3429
Time:                 8000
nIter:                11689
Best Iter:            11689
Improvement Count:    11688
==============================
Solution tour: 
0 23 39 25 
7 21 7 36 35 36 21 30 
14 
12 19 38 40 16 28 37 32 16 32 28 
10 28 1 28 16 28 34 38 34 22 38 22 1 22 27 
13 20 
==============================

====== Algorithm Status ======
Valor:                4208
Time:                 16000
nIter:                22658
Best Iter:            22658
Improvement Count:    22657
==============================
Solution tour: 
0 37 25 
7 21 7 25 21 36 35 36 34 38 40 34 28 16 40 38 34 40 34 16 32 16 17 1 17 32 17 16 28 
10 28 1 28 34 27 38 22 1 22 38 27 
13 20 
==============================

====== Algorithm Status ======
Valor:                4461
Time:                 32000
nIter:                42906
Best Iter:            42906
Improvement Count:    42905
==============================
Solution tour: 
0 37 11 25 
7 23 7 25 18 36 21 36 35 36 34 38 40 34 28 16 34 40 38 34 16 32 16 17 32 17 1 17 16 28 
10 28 1 28 34 27 38 22 1 22 38 27 34 
13 20 
==============================

====== Algorithm Status ======
Valor:                4735
Time:                 64000
nIter:                81241
Best Iter:            81241
Improvement Count:    81240
==============================
Solution tour: 
0 37 11 7 25 
7 23 7 4 18 21 4 21 18 4 35 36 35 36 34 38 40 34 40 34 28 16 20 38 34 40 34 20 16 32 16 17 32 17 1 17 16 28 
10 28 1 28 34 27 38 22 1 22 38 27 34 
13 20 
==============================

====== Algorithm Status ======
Valor:                4992
Time:                 128002
nIter:                150205
Best Iter:            150205
Improvement Count:    150204
==============================
Solution tour: 
0 37 11 7 25 
7 23 4 29 4 18 4 7 4 21 36 35 36 35 36 34 38 34 40 34 28 16 20 33 20 16 32 16 17 1 20 1 17 16 28 
10 28 1 28 34 27 38 22 1 22 38 27 34 
13 20 
==============================

====== Algorithm Status ======
Valor:                5268
Time:                 256000
nIter:                283315
Best Iter:            283315
Improvement Count:    283314
==============================
Solution tour: 
0 37 11 7 25 
7 23 4 29 4 21 4 7 4 18 36 35 36 34 38 34 40 34 28 16 20 1 20 32 16 17 16 32 17 26 20 16 28 
10 28 1 28 34 27 38 22 
1 22 33 22 38 20 26 17 1 17 
13 20 
==============================

====== Algorithm Status ======
Valor:                5475
Time:                 512001
nIter:                537693
Best Iter:            537693
Improvement Count:    537692
==============================
Solution tour: 
0 37 11 7 25 
7 23 4 29 4 21 4 7 4 18 35 36 35 36 34 38 34 40 34 28 16 20 1 17 32 16 17 16 32 17 26 20 16 28 
10 28 1 28 34 27 
9 27 38 22 
1 22 33 22 38 20 26 17 1 20 
13 20 
==============================

====== Algorithm Status ======
Valor:                5491
Time:                 1024004
nIter:                1073535
Best Iter:            1073535
Improvement Count:    1073536
==============================
Solution tour: 
0 37 11 7 25 
7 23 4 29 4 21 4 35 4 18 36 35 36 34 38 34 40 34 28 16 20 1 17 32 16 17 16 32 17 26 20 16 28 
10 28 1 28 34 27 
9 27 38 22 
1 22 33 19 22 38 20 26 17 1 20 
13 20 
==============================

====== Algorithm Status ======
Valor:                5491
Time:                 1024004
nIter:                1073535
Best Iter:            1073535
Improvement Count:    1073536
==============================
Solution tour: 
0 37 11 7 25 
7 23 4 29 4 21 4 35 4 18 36 35 36 34 38 34 40 34 28 16 20 1 17 32 16 17 16 32 17 26 20 16 28 
10 28 1 28 34 27 
9 27 38 22 
1 22 33 19 22 38 20 26 17 1 20 
13 20 
==============================

