=========== Input ===========
File name:                ./instances/created-instances/mm-10-40-1917698.cdop
Total node count:         51
Truck node count:         10
Drone node count:         40
=============================

========== Settings ==========
Settings file:        ./settings/Memetic-LS_MPX_1287823.config
Seed:                 1287823
Reduction method:     -
Max iter:             1000
Population size:      13
Crossover:            MA-MPX
Local Search:         -
==============================

====== Algorithm Status ======
Valor:                5221
Time:                 253
nIter:                135
Best Iter:            135
Improvement Count:    134
==============================
Solution tour: 
0 26 39 48 39 33 37 4 21 
4 50 15 
1 22 1 36 3 39 38 5 34 20 25 44 41 
6 12 49 9 43 39 
3 42 17 42 24 
9 29 46 49 30 9 49 26 42 26 43 9 47 14 47 28 
5 44 38 
2 
8 11 
7 32 24 13 40 27 38 16 
==============================

====== Algorithm Status ======
Valor:                5221
Time:                 500
nIter:                277
Best Iter:            277
Improvement Count:    276
==============================
Solution tour: 
0 26 39 48 39 33 37 4 21 
4 50 15 
1 22 1 36 3 39 38 5 34 20 25 44 41 
6 12 49 9 43 39 
3 42 17 42 24 
9 29 46 49 30 9 49 26 42 26 43 9 47 14 47 28 
5 44 38 
2 
8 11 
7 32 24 13 40 27 38 16 
==============================

====== Algorithm Status ======
Valor:                5221
Time:                 1001
nIter:                555
Best Iter:            555
Improvement Count:    556
==============================
Solution tour: 
0 26 39 48 39 33 37 4 21 
4 50 15 
1 22 1 36 3 39 38 5 34 20 25 44 41 
6 12 49 9 43 39 
3 42 17 42 24 
9 29 46 49 30 9 49 26 42 26 43 9 47 14 47 28 
5 44 38 
2 
8 11 
7 32 24 13 40 27 38 16 
==============================

====== Algorithm Status ======
Valor:                5221
Time:                 1001
nIter:                555
Best Iter:            555
Improvement Count:    556
==============================
Solution tour: 
0 26 39 48 39 33 37 4 21 
4 50 15 
1 22 1 36 3 39 38 5 34 20 25 44 41 
6 12 49 9 43 39 
3 42 17 42 24 
9 29 46 49 30 9 49 26 42 26 43 9 47 14 47 28 
5 44 38 
2 
8 11 
7 32 24 13 40 27 38 16 
==============================

