=========== Input ===========
File name:                ./instances/created-instances/mm-15-10-1917698.cdop
Total node count:         26
Truck node count:         15
Drone node count:         10
=============================

========== Settings ==========
Settings file:        ./settings/Memetic_MMX_1287823.config
Seed:                 1287823
Reduction method:     -
Max iter:             1000
Population size:      13
Crossover:            MA-MMX
Local Search:         LS
==============================

====== Algorithm Status ======
Valor:                3816
Time:                 253
nIter:                47
Best Iter:            47
Improvement Count:    46
==============================
Solution tour: 
0 23 0 17 0 19 4 9 18 1 3 12 9 12 15 1 18 14 0 14 18 9 6 9 22 21 22 
9 4 17 4 2 5 
2 23 2 17 2 8 15 14 13 16 13 14 22 14 15 12 
==============================

====== Algorithm Status ======
Valor:                3912
Time:                 500
nIter:                113
Best Iter:            113
Improvement Count:    112
==============================
Solution tour: 
0 17 0 23 0 23 4 9 12 15 14 15 1 15 12 9 5 2 23 2 17 4 17 2 5 9 6 9 18 
9 22 21 22 14 0 19 0 14 13 14 1 18 14 18 6 22 20 25 20 22 9 4 23 
==============================

====== Algorithm Status ======
Valor:                3949
Time:                 1005
nIter:                231
Best Iter:            231
Improvement Count:    232
==============================
Solution tour: 
0 17 8 23 2 23 0 23 17 4 9 12 9 5 2 17 2 5 9 6 9 18 1 15 14 15 12 15 18 
9 22 21 22 14 0 17 0 19 0 14 13 14 1 18 14 18 6 20 25 20 22 9 4 17 
==============================

====== Algorithm Status ======
Valor:                3949
Time:                 1005
nIter:                231
Best Iter:            231
Improvement Count:    232
==============================
Solution tour: 
0 17 8 23 2 23 0 23 17 4 9 12 9 5 2 17 2 5 9 6 9 18 1 15 14 15 12 15 18 
9 22 21 22 14 0 17 0 19 0 14 13 14 1 18 14 18 6 20 25 20 22 9 4 17 
==============================

