=========== Input ===========
File name:                ./instances/created-instances/mm-15-10-1767920.cdop
Total node count:         26
Truck node count:         15
Drone node count:         10
=============================

========== Settings ==========
Settings file:        ./settings/Memetic-LS_MMX_1881515.config
Seed:                 1881515
Reduction method:     -
Max iter:             1000
Population size:      13
Crossover:            MA-MMX
Local Search:         -
==============================

====== Algorithm Status ======
Valor:                3129
Time:                 250
nIter:                771
Best Iter:            771
Improvement Count:    770
==============================
Solution tour: 
0 24 2 5 23 11 
14 
11 
4 18 4 23 
5 
2 21 
7 
8 
12 
6 25 23 2 23 
9 17 
10 22 18 22 19 22 1 3 16 
3 
1 8 
13 8 1 20 1 
==============================

====== Algorithm Status ======
Valor:                3207
Time:                 500
nIter:                1575
Best Iter:            1575
Improvement Count:    1574
==============================
Solution tour: 
0 24 2 5 23 11 
14 
11 
4 18 4 23 
5 
2 21 23 
6 23 2 23 
9 17 
10 22 18 22 19 22 1 3 16 
3 
1 8 
13 8 1 20 1 
==============================

====== Algorithm Status ======
Valor:                3273
Time:                 1001
nIter:                3179
Best Iter:            3179
Improvement Count:    3180
==============================
Solution tour: 
0 24 2 
14 2 5 23 
4 18 4 23 
5 
2 21 23 
6 23 2 23 
9 17 
10 22 18 22 19 22 1 3 16 
3 
1 8 
13 8 1 20 1 
==============================

====== Algorithm Status ======
Valor:                3273
Time:                 1001
nIter:                3179
Best Iter:            3179
Improvement Count:    3180
==============================
Solution tour: 
0 24 2 
14 2 5 23 
4 18 4 23 
5 
2 21 23 
6 23 2 23 
9 17 
10 22 18 22 19 22 1 3 16 
3 
1 8 
13 8 1 20 1 
==============================

