=========== Input ===========
File name:                ./instances/created-instances/mm-15-10-1767920.cdop
Total node count:         26
Truck node count:         15
Drone node count:         10
=============================

========== Settings ==========
Settings file:        ./settings/Memetic_MMX_1881515.config
Seed:                 1881515
Reduction method:     -
Max iter:             1000
Population size:      13
Crossover:            MA-MMX
Local Search:         LS
==============================

====== Algorithm Status ======
Valor:                4296
Time:                 254
nIter:                58
Best Iter:            58
Improvement Count:    57
==============================
Solution tour: 
0 20 1 20 0 24 
2 5 23 5 2 21 18 4 18 8 
13 16 3 22 10 15 9 15 9 16 3 16 
15 16 6 16 
9 17 19 22 19 12 3 1 3 15 3 12 13 8 
11 14 11 24 
4 23 2 23 25 24 
==============================

====== Algorithm Status ======
Valor:                4304
Time:                 503
nIter:                113
Best Iter:            113
Improvement Count:    112
==============================
Solution tour: 
0 20 1 20 0 24 
2 5 23 5 2 21 18 4 18 11 12 13 8 
13 16 3 22 10 15 9 15 9 16 3 16 
15 16 6 16 
9 17 19 22 19 12 3 1 3 15 3 12 11 14 11 24 
4 23 2 23 25 24 
==============================

====== Algorithm Status ======
Valor:                4304
Time:                 1004
nIter:                210
Best Iter:            210
Improvement Count:    211
==============================
Solution tour: 
0 20 1 20 0 24 
2 5 23 5 2 21 18 4 18 11 12 13 8 
13 16 3 22 10 15 9 15 9 16 3 16 
15 16 6 16 
9 17 19 22 19 12 3 1 3 15 3 12 11 14 11 24 
4 23 2 23 25 24 
==============================

====== Algorithm Status ======
Valor:                4304
Time:                 1004
nIter:                210
Best Iter:            210
Improvement Count:    211
==============================
Solution tour: 
0 20 1 20 0 24 
2 5 23 5 2 21 18 4 18 11 12 13 8 
13 16 3 22 10 15 9 15 9 16 3 16 
15 16 6 16 
9 17 19 22 19 12 3 1 3 15 3 12 11 14 11 24 
4 23 2 23 25 24 
==============================

