=========== Input ===========
File name:                ./instances/created-instances/mm-10-10-1767920.cdop
Total node count:         21
Truck node count:         10
Drone node count:         10
=============================

========== Settings ==========
Settings file:        ./settings/Memetic-LS_MPX_1881515.config
Seed:                 1881515
Reduction method:     -
Max iter:             1000
Population size:      13
Crossover:            MA-MPX
Local Search:         -
==============================

====== Algorithm Status ======
Valor:                3006
Time:                 250
nIter:                522
Best Iter:            522
Improvement Count:    521
==============================
Solution tour: 
0 
8 
7 
4 16 17 16 4 7 19 20 18 20 19 4 12 
5 
2 16 2 7 11 15 17 20 
6 5 6 
9 
3 13 18 1 14 
1 11 7 8 
==============================

====== Algorithm Status ======
Valor:                3006
Time:                 500
nIter:                1076
Best Iter:            1076
Improvement Count:    1075
==============================
Solution tour: 
0 
8 
7 
4 16 17 16 4 7 19 20 18 20 19 4 12 
5 
2 16 2 7 11 15 17 20 
6 5 6 
9 
3 13 18 1 14 
1 11 7 8 
==============================

====== Algorithm Status ======
Valor:                3006
Time:                 1001
nIter:                2178
Best Iter:            2178
Improvement Count:    2179
==============================
Solution tour: 
0 
8 
7 
4 16 17 16 4 7 19 20 18 20 19 4 12 
5 
2 16 2 7 11 15 17 20 
6 5 6 
9 
3 13 18 1 14 
1 11 7 8 
==============================

====== Algorithm Status ======
Valor:                3006
Time:                 1001
nIter:                2178
Best Iter:            2178
Improvement Count:    2179
==============================
Solution tour: 
0 
8 
7 
4 16 17 16 4 7 19 20 18 20 19 4 12 
5 
2 16 2 7 11 15 17 20 
6 5 6 
9 
3 13 18 1 14 
1 11 7 8 
==============================

