=========== Input ===========
File name:                ./instances/created-instances/mm-10-25-1891798.cdop
Total node count:         36
Truck node count:         10
Drone node count:         25
=============================

========== Settings ==========
Settings file:        ./settings/Memetic-LS_MMX_1287823.config
Seed:                 1287823
Reduction method:     -
Max iter:             1000
Population size:      13
Crossover:            MA-MMX
Local Search:         -
==============================

====== Algorithm Status ======
Valor:                5250
Time:                 251
nIter:                360
Best Iter:            360
Improvement Count:    359
==============================
Solution tour: 
0 7 35 
7 18 33 18 29 8 32 22 32 
8 20 29 
5 19 16 19 11 
6 23 1 14 17 
3 13 3 17 14 
1 23 
4 12 4 19 
9 19 26 34 27 15 24 15 25 15 
2 6 11 12 21 12 24 31 8 
==============================

====== Algorithm Status ======
Valor:                5250
Time:                 500
nIter:                729
Best Iter:            729
Improvement Count:    728
==============================
Solution tour: 
0 7 35 
7 18 33 18 29 8 32 22 32 
8 20 29 
5 19 16 19 11 
6 23 1 14 17 
3 13 3 17 14 
1 23 
4 12 4 19 
9 19 26 34 27 15 24 15 25 15 
2 6 11 12 21 12 24 31 8 
==============================

====== Algorithm Status ======
Valor:                5250
Time:                 1001
nIter:                1450
Best Iter:            1450
Improvement Count:    1451
==============================
Solution tour: 
0 7 35 
7 18 33 18 29 8 32 22 32 
8 20 29 
5 19 16 19 11 
6 23 1 14 17 
3 13 3 17 14 
1 23 
4 12 4 19 
9 19 26 34 27 15 24 15 25 15 
2 6 11 12 21 12 24 31 8 
==============================

====== Algorithm Status ======
Valor:                5250
Time:                 1001
nIter:                1450
Best Iter:            1450
Improvement Count:    1451
==============================
Solution tour: 
0 7 35 
7 18 33 18 29 8 32 22 32 
8 20 29 
5 19 16 19 11 
6 23 1 14 17 
3 13 3 17 14 
1 23 
4 12 4 19 
9 19 26 34 27 15 24 15 25 15 
2 6 11 12 21 12 24 31 8 
==============================

