=========== Input ===========
File name:                ./instances/created-instances/mm-10-25-1110588.cdop
Total node count:         36
Truck node count:         10
Drone node count:         25
=============================

========== Settings ==========
Settings file:        ./settings/Memetic_MMX_1099666.config
Seed:                 1099666
Reduction method:     -
Max iter:             1000
Population size:      13
Crossover:            MA-MMX
Local Search:         LS
==============================

====== Algorithm Status ======
Valor:                5148
Time:                 253
nIter:                28
Best Iter:            28
Improvement Count:    27
==============================
Solution tour: 
0 20 0 26 22 18 22 
6 22 5 29 22 30 12 30 27 34 27 21 24 21 1 8 9 17 5 32 33 35 15 4 26 13 26 19 26 0 
3 11 31 16 14 21 8 14 9 14 8 21 34 27 30 22 29 25 2 25 20 0 7 
==============================

====== Algorithm Status ======
Valor:                5237
Time:                 500
nIter:                57
Best Iter:            57
Improvement Count:    56
==============================
Solution tour: 
0 20 0 26 22 18 22 
6 22 5 22 30 12 30 27 34 27 21 24 21 8 14 9 17 5 32 33 35 15 4 26 13 26 19 26 0 3 6 
3 11 31 16 14 9 8 9 14 8 21 34 27 30 22 29 25 2 25 20 0 7 
==============================

====== Algorithm Status ======
Valor:                5714
Time:                 1004
nIter:                121
Best Iter:            121
Improvement Count:    122
==============================
Solution tour: 
0 20 0 3 13 29 22 18 22 26 22 
6 22 30 12 30 27 34 27 21 24 21 8 14 9 17 5 17 9 5 32 5 15 16 33 13 26 19 26 13 3 19 6 
3 11 31 33 16 14 9 14 8 9 8 21 35 28 12 35 12 30 22 2 25 2 26 
==============================

====== Algorithm Status ======
Valor:                5714
Time:                 1004
nIter:                121
Best Iter:            121
Improvement Count:    122
==============================
Solution tour: 
0 20 0 3 13 29 22 18 22 26 22 
6 22 30 12 30 27 34 27 21 24 21 8 14 9 17 5 17 9 5 32 5 15 16 33 13 26 19 26 13 3 19 6 
3 11 31 33 16 14 9 14 8 9 8 21 35 28 12 35 12 30 22 2 25 2 26 
==============================

