=========== Input ===========
File name:                ./instances/created-instances/mm-10-40-1891798.cdop
Total node count:         51
Truck node count:         10
Drone node count:         40
=============================

========== Settings ==========
Settings file:        ./settings/Memetic_MPX_1099666.config
Seed:                 1099666
Reduction method:     -
Max iter:             1000
Population size:      13
Crossover:            MA-MPX
Local Search:         LS
==============================

====== Algorithm Status ======
Valor:                6037
Time:                 252
nIter:                18
Best Iter:            18
Improvement Count:    17
==============================
Solution tour: 
0 40 42 48 39 32 8 38 18 26 17 
1 44 1 28 23 4 43 
8 29 46 
2 39 49 34 22 48 
10 45 20 49 41 49 19 11 1 14 
3 13 36 24 25 24 21 12 27 38 33 29 21 23 
6 43 
4 23 43 11 43 23 46 
9 46 29 8 32 
5 11 19 
==============================

====== Algorithm Status ======
Valor:                6347
Time:                 511
nIter:                37
Best Iter:            37
Improvement Count:    36
==============================
Solution tour: 
0 32 
5 19 26 35 
7 22 49 41 39 32 39 
2 45 34 48 40 
10 45 20 41 49 20 46 11 43 11 1 14 17 
3 13 36 24 25 24 30 12 27 38 31 33 29 21 
1 44 1 28 23 4 43 
6 19 6 43 
4 23 43 23 6 32 
8 29 46 9 6 
9 46 29 8 32 
==============================

====== Algorithm Status ======
Valor:                6627
Time:                 1005
nIter:                73
Best Iter:            73
Improvement Count:    74
==============================
Solution tour: 
0 32 22 32 
5 19 26 35 
7 22 41 49 41 39 32 
8 29 46 9 6 23 
2 45 34 48 40 
10 45 20 49 19 11 43 11 1 14 17 
3 13 36 24 25 24 30 12 27 38 33 29 21 
1 44 1 28 23 4 43 
6 19 6 43 
4 23 43 23 6 
9 46 29 8 32 
==============================

====== Algorithm Status ======
Valor:                6627
Time:                 1005
nIter:                73
Best Iter:            73
Improvement Count:    74
==============================
Solution tour: 
0 32 22 32 
5 19 26 35 
7 22 41 49 41 39 32 
8 29 46 9 6 23 
2 45 34 48 40 
10 45 20 49 19 11 43 11 1 14 17 
3 13 36 24 25 24 30 12 27 38 33 29 21 
1 44 1 28 23 4 43 
6 19 6 43 
4 23 43 23 6 
9 46 29 8 32 
==============================

