=========== Input ===========
File name:                ./instances/created-instances/mm-10-25-1110588.cdop
Total node count:         36
Truck node count:         10
Drone node count:         25
=============================

========== Settings ==========
Settings file:        ./settings/Memetic-LS_MPX_1099666.config
Seed:                 1099666
Reduction method:     -
Max iter:             1000
Population size:      13
Crossover:            MA-MPX
Local Search:         -
==============================

====== Algorithm Status ======
Valor:                4047
Time:                 250
nIter:                244
Best Iter:            244
Improvement Count:    243
==============================
Solution tour: 
0 20 19 
2 22 
6 22 5 32 15 
4 13 26 22 30 22 18 25 
5 29 26 13 31 11 32 5 34 
1 21 24 35 12 30 12 28 35 33 35 24 21 
8 14 9 14 
9 34 27 34 
7 
3 7 
==============================

====== Algorithm Status ======
Valor:                4047
Time:                 500
nIter:                473
Best Iter:            473
Improvement Count:    472
==============================
Solution tour: 
0 20 19 
2 22 
6 22 5 32 15 
4 13 26 22 30 22 18 25 
5 29 26 13 31 11 32 5 34 
1 21 24 35 12 30 12 28 35 33 35 24 21 
8 14 9 14 
9 34 27 34 
7 
3 7 
==============================

====== Algorithm Status ======
Valor:                4047
Time:                 1001
nIter:                965
Best Iter:            965
Improvement Count:    966
==============================
Solution tour: 
0 20 19 
2 22 
6 22 5 32 15 
4 13 26 22 30 22 18 25 
5 29 26 13 31 11 32 5 34 
1 21 24 35 12 30 12 28 35 33 35 24 21 
8 14 9 14 
9 34 27 34 
7 
3 7 
==============================

====== Algorithm Status ======
Valor:                4047
Time:                 1001
nIter:                965
Best Iter:            965
Improvement Count:    966
==============================
Solution tour: 
0 20 19 
2 22 
6 22 5 32 15 
4 13 26 22 30 22 18 25 
5 29 26 13 31 11 32 5 34 
1 21 24 35 12 30 12 28 35 33 35 24 21 
8 14 9 14 
9 34 27 34 
7 
3 7 
==============================

