=========== Input ===========
File name:                ./instances/created-instances/mm-15-10-1891798.cdop
Total node count:         26
Truck node count:         15
Drone node count:         10
=============================

========== Settings ==========
Settings file:        ./settings/Memetic_MPX_1287823.config
Seed:                 1287823
Reduction method:     -
Max iter:             1000
Population size:      13
Crossover:            MA-MPX
Local Search:         LS
==============================

====== Algorithm Status ======
Valor:                3505
Time:                 250
nIter:                64
Best Iter:            64
Improvement Count:    63
==============================
Solution tour: 
0 13 18 
14 5 24 4 
9 18 
8 18 23 5 
6 5 23 
2 
5 25 5 
3 20 11 2 20 2 13 21 19 
13 19 21 13 16 9 4 
11 9 23 18 22 
7 12 15 17 
15 5 15 14 
12 22 
==============================

====== Algorithm Status ======
Valor:                3551
Time:                 501
nIter:                123
Best Iter:            123
Improvement Count:    122
==============================
Solution tour: 
0 
6 20 
2 11 20 
11 
8 18 9 
4 24 4 
1 25 5 15 17 15 5 
14 22 0 
15 5 6 11 2 24 6 5 8 
7 0 13 21 13 19 21 
10 21 19 16 9 23 
12 23 
5 23 
9 16 2 13 19 13 
==============================

====== Algorithm Status ======
Valor:                3854
Time:                 1004
nIter:                251
Best Iter:            251
Improvement Count:    252
==============================
Solution tour: 
0 4 9 16 9 
15 17 15 5 
8 18 9 23 
7 23 
5 15 25 5 23 
9 
11 9 
4 24 4 9 6 5 
2 20 11 20 2 13 19 21 
10 21 19 13 19 7 
12 
14 5 24 5 
6 20 9 
13 18 22 
==============================

====== Algorithm Status ======
Valor:                3854
Time:                 1004
nIter:                251
Best Iter:            251
Improvement Count:    252
==============================
Solution tour: 
0 4 9 16 9 
15 17 15 5 
8 18 9 23 
7 23 
5 15 25 5 23 
9 
11 9 
4 24 4 9 6 5 
2 20 11 20 2 13 19 21 
10 21 19 13 19 7 
12 
14 5 24 5 
6 20 9 
13 18 22 
==============================

