=========== Input ===========
File name:                ./instances/created-instances/mm-10-10-1762875.cdop
Total node count:         21
Truck node count:         10
Drone node count:         10
=============================

========== Settings ==========
Settings file:        ./settings/Memetic-LS_MPX_1881515.config
Seed:                 1881515
Reduction method:     -
Max iter:             1000
Population size:      13
Crossover:            MA-MPX
Local Search:         -
==============================

====== Algorithm Status ======
Valor:                2075
Time:                 250
nIter:                643
Best Iter:            643
Improvement Count:    642
==============================
Solution tour: 
0 
2 19 10 
1 10 
3 4 7 11 
8 
5 13 2 
9 4 15 3 15 
4 14 9 7 16 
7 9 18 16 20 17 
6 13 5 
==============================

====== Algorithm Status ======
Valor:                2148
Time:                 500
nIter:                1283
Best Iter:            1283
Improvement Count:    1282
==============================
Solution tour: 
0 
10 19 10 
1 10 
3 4 7 11 
8 
5 13 2 
9 4 15 3 15 
4 14 9 7 16 
7 9 18 16 20 17 
6 13 5 
==============================

====== Algorithm Status ======
Valor:                2148
Time:                 1001
nIter:                2588
Best Iter:            2588
Improvement Count:    2589
==============================
Solution tour: 
0 
10 19 10 
1 10 
3 4 7 11 
8 
5 13 2 
9 4 15 3 15 
4 14 9 7 16 
7 9 18 16 20 17 
6 13 5 
==============================

====== Algorithm Status ======
Valor:                2148
Time:                 1001
nIter:                2588
Best Iter:            2588
Improvement Count:    2589
==============================
Solution tour: 
0 
10 19 10 
1 10 
3 4 7 11 
8 
5 13 2 
9 4 15 3 15 
4 14 9 7 16 
7 9 18 16 20 17 
6 13 5 
==============================

