=========== Input ===========
File name:                ./instances/created-instances/mm-10-40-1762875.cdop
Total node count:         51
Truck node count:         10
Drone node count:         40
=============================

========== Settings ==========
Settings file:        ./settings/Memetic-LS_MMX_1881515.config
Seed:                 1881515
Reduction method:     -
Max iter:             1000
Population size:      13
Crossover:            MA-MMX
Local Search:         -
==============================

====== Algorithm Status ======
Valor:                4298
Time:                 254
nIter:                240
Best Iter:            240
Improvement Count:    239
==============================
Solution tour: 
0 39 48 
2 40 31 24 
1 22 33 32 36 44 43 15 37 
3 16 35 42 
8 30 45 30 12 
5 
9 27 46 
4 46 28 14 
7 20 19 34 21 27 
6 
==============================

====== Algorithm Status ======
Valor:                4298
Time:                 500
nIter:                476
Best Iter:            476
Improvement Count:    475
==============================
Solution tour: 
0 39 48 
2 40 31 24 
1 22 33 32 36 44 43 15 37 
3 16 35 42 
8 30 45 30 12 
5 
9 27 46 
4 46 28 14 
7 20 19 34 21 27 
6 
==============================

====== Algorithm Status ======
Valor:                4298
Time:                 1007
nIter:                975
Best Iter:            975
Improvement Count:    976
==============================
Solution tour: 
0 39 48 
2 40 31 24 
1 22 33 32 36 44 43 15 37 
3 16 35 42 
8 30 45 30 12 
5 
9 27 46 
4 46 28 14 
7 20 19 34 21 27 
6 
==============================

====== Algorithm Status ======
Valor:                4298
Time:                 1007
nIter:                975
Best Iter:            975
Improvement Count:    976
==============================
Solution tour: 
0 39 48 
2 40 31 24 
1 22 33 32 36 44 43 15 37 
3 16 35 42 
8 30 45 30 12 
5 
9 27 46 
4 46 28 14 
7 20 19 34 21 27 
6 
==============================

