=========== Input ===========
File name:                ./instances/created-instances/mm-15-40-1891798.cdop
Total node count:         56
Truck node count:         15
Drone node count:         40
=============================

========== Settings ==========
Settings file:        ./settings/Memetic-LS_MPX_1881515.config
Seed:                 1881515
Reduction method:     -
Max iter:             1000
Population size:      13
Crossover:            MA-MPX
Local Search:         -
==============================

====== Algorithm Status ======
Valor:                4560
Time:                 250
nIter:                175
Best Iter:            175
Improvement Count:    174
==============================
Solution tour: 
0 
7 33 35 10 41 21 41 55 40 42 
8 
12 
14 
5 39 54 27 15 52 20 29 24 
6 24 28 26 37 26 
11 45 
3 25 
1 45 53 17 34 
4 47 
9 
2 44 24 38 39 24 46 49 
10 43 29 51 
13 50 13 
==============================

====== Algorithm Status ======
Valor:                4560
Time:                 500
nIter:                340
Best Iter:            340
Improvement Count:    339
==============================
Solution tour: 
0 
7 33 35 10 41 21 41 55 40 42 
8 
12 
14 
5 39 54 27 15 52 20 29 24 
6 24 28 26 37 26 
11 45 
3 25 
1 45 53 17 34 
4 47 
9 
2 44 24 38 39 24 46 49 
10 43 29 51 
13 50 13 
==============================

====== Algorithm Status ======
Valor:                4560
Time:                 1003
nIter:                675
Best Iter:            675
Improvement Count:    676
==============================
Solution tour: 
0 
7 33 35 10 41 21 41 55 40 42 
8 
12 
14 
5 39 54 27 15 52 20 29 24 
6 24 28 26 37 26 
11 45 
3 25 
1 45 53 17 34 
4 47 
9 
2 44 24 38 39 24 46 49 
10 43 29 51 
13 50 13 
==============================

====== Algorithm Status ======
Valor:                4560
Time:                 1003
nIter:                675
Best Iter:            675
Improvement Count:    676
==============================
Solution tour: 
0 
7 33 35 10 41 21 41 55 40 42 
8 
12 
14 
5 39 54 27 15 52 20 29 24 
6 24 28 26 37 26 
11 45 
3 25 
1 45 53 17 34 
4 47 
9 
2 44 24 38 39 24 46 49 
10 43 29 51 
13 50 13 
==============================

