=========== Input ===========
File name:                ./instances/created-instances/mm-10-10-1917698.cdop
Total node count:         21
Truck node count:         10
Drone node count:         10
=============================

========== Settings ==========
Settings file:        ./settings/Memetic_MPX_1881515.config
Seed:                 1881515
Reduction method:     -
Max iter:             1000
Population size:      13
Crossover:            MA-MPX
Local Search:         LS
==============================

====== Algorithm Status ======
Valor:                3377
Time:                 251
nIter:                122
Best Iter:            122
Improvement Count:    121
==============================
Solution tour: 
0 17 16 0 
4 0 2 9 12 14 12 19 3 13 15 6 15 
10 1 15 
1 
6 19 12 13 
3 19 6 14 
9 2 
5 18 17 8 18 2 
8 2 18 8 17 11 17 
==============================

====== Algorithm Status ======
Valor:                3377
Time:                 501
nIter:                225
Best Iter:            225
Improvement Count:    224
==============================
Solution tour: 
0 17 16 0 
4 0 2 9 12 14 12 19 3 13 15 6 15 
10 1 15 
1 
6 19 12 13 
3 19 6 14 
9 2 
5 18 17 8 18 2 
8 2 18 8 17 11 17 
==============================

====== Algorithm Status ======
Valor:                3377
Time:                 1001
nIter:                428
Best Iter:            428
Improvement Count:    429
==============================
Solution tour: 
0 17 16 0 
4 0 2 9 12 14 12 19 3 13 15 6 15 
10 1 15 
1 
6 19 12 13 
3 19 6 14 
9 2 
5 18 17 8 18 2 
8 2 18 8 17 11 17 
==============================

====== Algorithm Status ======
Valor:                3377
Time:                 1001
nIter:                428
Best Iter:            428
Improvement Count:    429
==============================
Solution tour: 
0 17 16 0 
4 0 2 9 12 14 12 19 3 13 15 6 15 
10 1 15 
1 
6 19 12 13 
3 19 6 14 
9 2 
5 18 17 8 18 2 
8 2 18 8 17 11 17 
==============================

