=========== Input ===========
File name:                ./instances/created-instances/mm-10-10-1110588.cdop
Total node count:         21
Truck node count:         10
Drone node count:         10
=============================

========== Settings ==========
Settings file:        ./settings/Memetic_MMX_1287823.config
Seed:                 1287823
Reduction method:     -
Max iter:             1000
Population size:      13
Crossover:            MA-MMX
Local Search:         LS
==============================

====== Algorithm Status ======
Valor:                3307
Time:                 250
nIter:                106
Best Iter:            106
Improvement Count:    105
==============================
Solution tour: 
0 10 15 7 16 11 20 11 0 13 12 13 
4 13 11 5 11 16 14 16 7 15 13 20 13 
6 2 6 15 10 11 10 0 12 18 12 0 19 
==============================

====== Algorithm Status ======
Valor:                3315
Time:                 500
nIter:                197
Best Iter:            197
Improvement Count:    196
==============================
Solution tour: 
0 10 15 16 15 7 20 16 7 16 11 20 11 10 0 12 13 
4 13 11 16 14 16 7 15 10 11 13 20 13 12 3 0 
6 2 6 12 18 12 0 19 
==============================

====== Algorithm Status ======
Valor:                3333
Time:                 1004
nIter:                376
Best Iter:            376
Improvement Count:    377
==============================
Solution tour: 
0 10 15 7 16 11 10 0 12 13 
4 13 20 11 16 14 16 7 15 10 11 20 13 12 3 14 3 0 
6 2 6 15 19 12 18 12 0 19 
==============================

====== Algorithm Status ======
Valor:                3333
Time:                 1004
nIter:                376
Best Iter:            376
Improvement Count:    377
==============================
Solution tour: 
0 10 15 7 16 11 10 0 12 13 
4 13 20 11 16 14 16 7 15 10 11 20 13 12 3 14 3 0 
6 2 6 15 19 12 18 12 0 19 
==============================

