=========== Input ===========
File name:                ./instances/created-instances/mm-10-10-1762875.cdop
Total node count:         21
Truck node count:         10
Drone node count:         10
=============================

========== Settings ==========
Settings file:        ./settings/Memetic-LS_MMX_1099666.config
Seed:                 1099666
Reduction method:     -
Max iter:             1000
Population size:      13
Crossover:            MA-MMX
Local Search:         -
==============================

====== Algorithm Status ======
Valor:                2167
Time:                 250
nIter:                888
Best Iter:            888
Improvement Count:    887
==============================
Solution tour: 
0 16 19 10 
1 10 
3 4 7 11 
8 
5 13 2 
9 4 15 3 15 
4 14 9 7 16 
7 9 18 16 20 17 
6 13 5 
==============================

====== Algorithm Status ======
Valor:                2167
Time:                 500
nIter:                1886
Best Iter:            1886
Improvement Count:    1885
==============================
Solution tour: 
0 16 19 10 
1 10 
3 4 7 11 
8 
5 13 2 
9 4 15 3 15 
4 14 9 7 16 
7 9 18 16 20 17 
6 13 5 
==============================

====== Algorithm Status ======
Valor:                2199
Time:                 1001
nIter:                3869
Best Iter:            3869
Improvement Count:    3870
==============================
Solution tour: 
0 16 19 10 
1 10 19 
3 4 7 11 
8 
5 13 2 
9 4 15 3 15 
4 14 9 7 16 
7 9 18 16 20 17 
6 13 5 
==============================

====== Algorithm Status ======
Valor:                2199
Time:                 1001
nIter:                3869
Best Iter:            3869
Improvement Count:    3870
==============================
Solution tour: 
0 16 19 10 
1 10 19 
3 4 7 11 
8 
5 13 2 
9 4 15 3 15 
4 14 9 7 16 
7 9 18 16 20 17 
6 13 5 
==============================

