=========== Input ===========
File name:                ./instances/created-instances/mm-15-40-1767920.cdop
Total node count:         56
Truck node count:         15
Drone node count:         40
=============================

========== Settings ==========
Settings file:        ./settings/Memetic_MPX_1881515.config
Seed:                 1881515
Reduction method:     -
Max iter:             1000
Population size:      13
Crossover:            MA-MPX
Local Search:         LS
==============================

====== Algorithm Status ======
Valor:                5913
Time:                 251
nIter:                14
Best Iter:            14
Improvement Count:    13
==============================
Solution tour: 
0 33 28 15 10 
9 
10 
15 32 26 12 
8 24 8 
12 55 41 18 
4 18 41 44 35 36 29 37 34 50 45 17 45 42 8 
11 8 
13 20 50 20 
1 16 27 6 11 46 43 46 
7 55 7 52 
5 47 5 23 47 23 25 55 43 
14 43 42 40 26 32 
6 11 54 11 
2 13 49 20 49 33 22 19 31 
==============================

====== Algorithm Status ======
Valor:                5928
Time:                 515
nIter:                28
Best Iter:            28
Improvement Count:    27
==============================
Solution tour: 
0 31 19 22 38 53 40 54 11 32 
15 
10 9 16 3 17 50 20 49 13 
14 37 24 8 24 
7 55 8 18 
4 18 41 44 35 41 18 47 5 52 
5 48 5 47 23 47 2 30 6 17 
3 45 17 45 
9 28 
1 27 6 32 6 
13 49 33 22 51 22 33 49 34 
2 
6 
12 
8 
11 8 42 43 46 26 32 26 
==============================

====== Algorithm Status ======
Valor:                6369
Time:                 1004
nIter:                54
Best Iter:            54
Improvement Count:    55
==============================
Solution tour: 
0 33 28 3 
6 3 
12 
4 18 41 44 35 41 18 47 5 52 
5 48 5 47 23 47 2 30 6 17 3 32 
15 
10 15 32 
3 50 45 17 45 
9 10 28 32 26 12 55 43 
14 37 24 40 26 20 50 20 45 50 
1 16 27 6 32 6 
7 46 43 54 11 8 24 8 
13 49 33 22 51 22 33 49 34 
2 55 42 40 49 19 31 
==============================

====== Algorithm Status ======
Valor:                6369
Time:                 1004
nIter:                54
Best Iter:            54
Improvement Count:    55
==============================
Solution tour: 
0 33 28 3 
6 3 
12 
4 18 41 44 35 41 18 47 5 52 
5 48 5 47 23 47 2 30 6 17 3 32 
15 
10 15 32 
3 50 45 17 45 
9 10 28 32 26 12 55 43 
14 37 24 40 26 20 50 20 45 50 
1 16 27 6 32 6 
7 46 43 54 11 8 24 8 
13 49 33 22 51 22 33 49 34 
2 55 42 40 49 19 31 
==============================

