=========== Input ===========
File name:                ./instances/created-instances/mm-10-40-1767920.cdop
Total node count:         51
Truck node count:         10
Drone node count:         40
=============================

========== Settings ==========
Settings file:        ./settings/Memetic_MMX_1099666.config
Seed:                 1099666
Reduction method:     -
Max iter:             1000
Population size:      13
Crossover:            MA-MMX
Local Search:         LS
==============================

====== Algorithm Status ======
Valor:                6165
Time:                 259
nIter:                16
Best Iter:            16
Improvement Count:    15
==============================
Solution tour: 
0 39 42 45 42 39 32 30 23 11 23 19 22 46 24 38 47 7 41 8 25 48 49 25 33 39 33 13 23 25 49 1 49 44 3 31 14 9 26 9 14 31 3 21 44 3 27 14 
10 9 10 1 25 23 20 7 29 19 12 15 35 43 35 34 35 28 36 23 41 8 41 17 16 
5 45 8 18 50 37 
==============================

====== Algorithm Status ======
Valor:                6170
Time:                 514
nIter:                31
Best Iter:            31
Improvement Count:    30
==============================
Solution tour: 
0 37 0 39 42 45 42 39 23 11 23 19 16 22 24 46 24 38 47 7 41 25 48 25 33 39 33 18 13 23 25 49 1 49 1 44 3 31 48 49 25 33 42 19 23 13 25 1 49 1 44 3 31 14 9 26 9 14 
10 9 10 27 3 1 25 23 17 20 7 29 19 12 15 35 43 35 34 18 50 37 8 45 22 45 43 34 35 28 36 39 
==============================

====== Algorithm Status ======
Valor:                6493
Time:                 1019
nIter:                65
Best Iter:            65
Improvement Count:    66
==============================
Solution tour: 
0 37 0 39 42 45 42 19 23 11 23 24 46 24 38 47 22 24 46 24 22 16 7 41 8 25 48 25 33 39 33 1 25 49 31 3 49 1 49 25 8 23 19 42 23 13 25 1 49 3 27 14 9 26 9 14 31 44 31 
10 9 10 27 3 25 23 17 20 7 29 7 19 12 15 28 34 43 34 35 43 35 34 18 50 37 3 31 14 
3 13 48 39 0 30 
==============================

====== Algorithm Status ======
Valor:                6493
Time:                 1019
nIter:                65
Best Iter:            65
Improvement Count:    66
==============================
Solution tour: 
0 37 0 39 42 45 42 19 23 11 23 24 46 24 38 47 22 24 46 24 22 16 7 41 8 25 48 25 33 39 33 1 25 49 31 3 49 1 49 25 8 23 19 42 23 13 25 1 49 3 27 14 9 26 9 14 31 44 31 
10 9 10 27 3 25 23 17 20 7 29 7 19 12 15 28 34 43 34 35 43 35 34 18 50 37 3 31 14 
3 13 48 39 0 30 
==============================

