=========== Input ===========
File name:                ./instances/created-instances/mm-10-10-1891798.cdop
Total node count:         21
Truck node count:         10
Drone node count:         10
=============================

========== Settings ==========
Settings file:        ./settings/Memetic_MPX_1287823.config
Seed:                 1287823
Reduction method:     -
Max iter:             1000
Population size:      13
Crossover:            MA-MPX
Local Search:         LS
==============================

====== Algorithm Status ======
Valor:                3163
Time:                 251
nIter:                107
Best Iter:            107
Improvement Count:    106
==============================
Solution tour: 
0 20 9 0 8 
7 8 18 11 19 11 
8 20 5 11 
5 20 10 16 19 9 4 
6 11 4 
10 0 10 
4 17 14 12 
1 11 6 4 
9 
2 6 9 1 12 14 1 9 20 8 
==============================

====== Algorithm Status ======
Valor:                3213
Time:                 501
nIter:                206
Best Iter:            206
Improvement Count:    205
==============================
Solution tour: 
0 20 9 0 8 
7 8 18 11 19 11 
8 20 5 11 
5 20 10 16 19 9 4 
6 11 10 0 10 
4 3 17 14 12 
1 11 6 4 
9 
2 6 9 1 12 14 1 9 20 8 
==============================

====== Algorithm Status ======
Valor:                3213
Time:                 1001
nIter:                405
Best Iter:            405
Improvement Count:    406
==============================
Solution tour: 
0 20 9 0 8 
7 8 18 11 19 11 
8 20 5 11 
5 20 10 16 19 9 4 
6 11 10 0 10 
4 3 17 14 12 
1 11 6 4 
9 
2 6 9 1 12 14 1 9 20 8 
==============================

====== Algorithm Status ======
Valor:                3213
Time:                 1001
nIter:                405
Best Iter:            405
Improvement Count:    406
==============================
Solution tour: 
0 20 9 0 8 
7 8 18 11 19 11 
8 20 5 11 
5 20 10 16 19 9 4 
6 11 10 0 10 
4 3 17 14 12 
1 11 6 4 
9 
2 6 9 1 12 14 1 9 20 8 
==============================

