=========== Input ===========
File name:                ./instances/created-instances/mm-15-10-1762875.cdop
Total node count:         26
Truck node count:         15
Drone node count:         10
=============================

========== Settings ==========
Settings file:        ./settings/Memetic_MMX_1881515.config
Seed:                 1881515
Reduction method:     -
Max iter:             1000
Population size:      13
Crossover:            MA-MMX
Local Search:         LS
==============================

====== Algorithm Status ======
Valor:                3831
Time:                 252
nIter:                70
Best Iter:            70
Improvement Count:    69
==============================
Solution tour: 
0 19 8 5 6 
2 6 5 13 9 19 0 5 16 5 8 17 20 17 21 10 17 11 18 20 
15 20 18 11 3 11 17 10 21 1 24 19 23 19 25 19 9 13 5 
==============================

====== Algorithm Status ======
Valor:                3831
Time:                 501
nIter:                144
Best Iter:            144
Improvement Count:    143
==============================
Solution tour: 
0 19 8 5 6 
2 6 5 13 9 19 0 5 16 5 8 17 20 17 21 10 17 11 18 20 
15 20 18 11 3 11 17 10 21 1 24 19 23 19 25 19 9 13 5 
==============================

====== Algorithm Status ======
Valor:                3831
Time:                 1002
nIter:                276
Best Iter:            276
Improvement Count:    277
==============================
Solution tour: 
0 19 8 5 6 
2 6 5 13 9 19 0 5 16 5 8 17 20 17 21 10 17 11 18 20 
15 20 18 11 3 11 17 10 21 1 24 19 23 19 25 19 9 13 5 
==============================

====== Algorithm Status ======
Valor:                3831
Time:                 1002
nIter:                276
Best Iter:            276
Improvement Count:    277
==============================
Solution tour: 
0 19 8 5 6 
2 6 5 13 9 19 0 5 16 5 8 17 20 17 21 10 17 11 18 20 
15 20 18 11 3 11 17 10 21 1 24 19 23 19 25 19 9 13 5 
==============================

