=========== Input ===========
File name:                ./instances/created-instances/mm-15-10-1762875.cdop
Total node count:         26
Truck node count:         15
Drone node count:         10
=============================

========== Settings ==========
Settings file:        ./settings/Memetic_MMX_1287823.config
Seed:                 1287823
Reduction method:     -
Max iter:             1000
Population size:      13
Crossover:            MA-MMX
Local Search:         LS
==============================

====== Algorithm Status ======
Valor:                3648
Time:                 252
nIter:                63
Best Iter:            63
Improvement Count:    62
==============================
Solution tour: 
0 19 25 15 20 17 10 21 17 11 18 11 
3 11 23 19 0 5 13 5 16 5 6 5 
8 19 23 11 17 20 18 20 15 25 19 23 19 9 6 2 6 9 19 8 5 
==============================

====== Algorithm Status ======
Valor:                3748
Time:                 500
nIter:                138
Best Iter:            138
Improvement Count:    137
==============================
Solution tour: 
0 19 25 20 17 10 21 10 17 11 18 11 
3 11 23 19 0 5 13 5 16 5 6 5 
8 19 23 11 17 20 25 19 9 19 8 20 15 20 18 20 8 5 
==============================

====== Algorithm Status ======
Valor:                3758
Time:                 1006
nIter:                268
Best Iter:            268
Improvement Count:    269
==============================
Solution tour: 
0 19 9 19 25 20 17 10 21 17 11 18 11 
3 11 17 20 19 0 5 13 5 16 5 6 5 
8 12 21 10 23 19 23 19 24 19 8 20 15 20 18 20 8 5 
==============================

====== Algorithm Status ======
Valor:                3758
Time:                 1006
nIter:                268
Best Iter:            268
Improvement Count:    269
==============================
Solution tour: 
0 19 9 19 25 20 17 10 21 17 11 18 11 
3 11 17 20 19 0 5 13 5 16 5 6 5 
8 12 21 10 23 19 23 19 24 19 8 20 15 20 18 20 8 5 
==============================

