=========== Input ===========
File name:                ./instances/created-instances/mm-10-10-1917698.cdop
Total node count:         21
Truck node count:         10
Drone node count:         10
=============================

========== Settings ==========
Settings file:        ./settings/Memetic-LS_MMX_1287823.config
Seed:                 1287823
Reduction method:     -
Max iter:             1000
Population size:      13
Crossover:            MA-MMX
Local Search:         -
==============================

====== Algorithm Status ======
Valor:                2757
Time:                 250
nIter:                960
Best Iter:            960
Improvement Count:    959
==============================
Solution tour: 
0 17 
4 13 15 6 15 
1 
6 19 
3 19 6 20 12 14 12 14 20 14 
9 2 
8 2 18 11 
7 18 8 17 8 18 17 
==============================

====== Algorithm Status ======
Valor:                2981
Time:                 500
nIter:                1905
Best Iter:            1905
Improvement Count:    1904
==============================
Solution tour: 
0 17 3 13 15 6 15 
1 
6 19 
3 19 6 20 12 19 12 20 14 18 2 
8 2 18 11 17 18 8 17 8 18 17 
==============================

====== Algorithm Status ======
Valor:                3034
Time:                 1001
nIter:                3711
Best Iter:            3711
Improvement Count:    3712
==============================
Solution tour: 
0 17 3 13 15 6 15 
1 
6 19 
3 19 6 12 19 12 20 14 12 14 12 14 20 12 14 18 2 
8 2 18 17 11 17 8 18 8 17 
==============================

====== Algorithm Status ======
Valor:                3034
Time:                 1001
nIter:                3711
Best Iter:            3711
Improvement Count:    3712
==============================
Solution tour: 
0 17 3 13 15 6 15 
1 
6 19 
3 19 6 12 19 12 20 14 12 14 12 14 20 12 14 18 2 
8 2 18 17 11 17 8 18 8 17 
==============================

