=========== Input ===========
File name:                ./instances/created-instances/mm-10-25-1917698.cdop
Total node count:         36
Truck node count:         10
Drone node count:         25
=============================

========== Settings ==========
Settings file:        ./settings/Memetic-LS_MPX_1287823.config
Seed:                 1287823
Reduction method:     -
Max iter:             1000
Population size:      13
Crossover:            MA-MPX
Local Search:         -
==============================

====== Algorithm Status ======
Valor:                3821
Time:                 250
nIter:                292
Best Iter:            292
Improvement Count:    291
==============================
Solution tour: 
0 21 
4 30 4 17 16 30 27 28 
1 15 35 19 6 14 3 13 24 9 
6 27 30 
3 28 25 18 16 32 16 26 
9 30 
5 11 
2 11 5 34 23 
8 
7 29 12 21 33 21 
==============================

====== Algorithm Status ======
Valor:                3821
Time:                 500
nIter:                601
Best Iter:            601
Improvement Count:    600
==============================
Solution tour: 
0 21 
4 30 4 17 16 30 27 28 
1 15 35 19 6 14 3 13 24 9 
6 27 30 
3 28 25 18 16 32 16 26 
9 30 
5 11 
2 11 5 34 23 
8 
7 29 12 21 33 21 
==============================

====== Algorithm Status ======
Valor:                3821
Time:                 1001
nIter:                1184
Best Iter:            1184
Improvement Count:    1185
==============================
Solution tour: 
0 21 
4 30 4 17 16 30 27 28 
1 15 35 19 6 14 3 13 24 9 
6 27 30 
3 28 25 18 16 32 16 26 
9 30 
5 11 
2 11 5 34 23 
8 
7 29 12 21 33 21 
==============================

====== Algorithm Status ======
Valor:                3821
Time:                 1001
nIter:                1184
Best Iter:            1184
Improvement Count:    1185
==============================
Solution tour: 
0 21 
4 30 4 17 16 30 27 28 
1 15 35 19 6 14 3 13 24 9 
6 27 30 
3 28 25 18 16 32 16 26 
9 30 
5 11 
2 11 5 34 23 
8 
7 29 12 21 33 21 
==============================

