=========== Input ===========
File name:                ./instances/created-instances/mm-10-40-1762875.cdop
Total node count:         51
Truck node count:         10
Drone node count:         40
=============================

========== Settings ==========
Settings file:        ./settings/Memetic_MPX_1099666.config
Seed:                 1099666
Reduction method:     -
Max iter:             1000
Population size:      13
Crossover:            MA-MPX
Local Search:         LS
==============================

====== Algorithm Status ======
Valor:                6050
Time:                 250
nIter:                22
Best Iter:            22
Improvement Count:    21
==============================
Solution tour: 
0 39 
5 13 5 27 9 44 28 36 43 42 18 
9 27 46 
4 
7 17 35 16 24 26 11 18 42 4 46 13 
10 13 47 48 
2 21 
8 30 8 31 24 31 40 33 22 1 12 29 12 32 12 
1 22 33 25 33 30 45 40 31 15 37 
3 37 15 24 16 35 42 6 46 27 
==============================

====== Algorithm Status ======
Valor:                6050
Time:                 517
nIter:                41
Best Iter:            41
Improvement Count:    40
==============================
Solution tour: 
0 39 
5 13 5 27 9 44 28 36 43 42 18 
9 27 46 
4 
7 17 35 16 24 26 11 18 42 4 46 13 
10 13 47 48 
2 21 
8 30 8 31 24 31 40 33 22 1 12 29 12 32 12 
1 22 33 25 33 30 45 40 31 15 37 
3 37 15 24 16 35 42 6 46 27 
==============================

====== Algorithm Status ======
Valor:                6314
Time:                 1027
nIter:                87
Best Iter:            87
Improvement Count:    88
==============================
Solution tour: 
0 6 42 18 11 26 24 32 33 25 19 12 32 9 46 
4 43 14 43 36 28 15 31 8 30 
8 31 24 31 40 33 22 33 32 12 
1 34 22 45 40 31 15 37 
3 37 15 16 24 16 35 42 35 
2 48 47 13 
5 27 46 6 27 21 27 6 5 13 
10 13 46 
9 27 41 
7 
6 
==============================

====== Algorithm Status ======
Valor:                6314
Time:                 1027
nIter:                87
Best Iter:            87
Improvement Count:    88
==============================
Solution tour: 
0 6 42 18 11 26 24 32 33 25 19 12 32 9 46 
4 43 14 43 36 28 15 31 8 30 
8 31 24 31 40 33 22 33 32 12 
1 34 22 45 40 31 15 37 
3 37 15 16 24 16 35 42 35 
2 48 47 13 
5 27 46 6 27 21 27 6 5 13 
10 13 46 
9 27 41 
7 
6 
==============================

