=========== Input ===========
File name:                ./instances/created-instances/mm-10-10-1891798.cdop
Total node count:         21
Truck node count:         10
Drone node count:         10
=============================

========== Settings ==========
Settings file:        ./settings/Memetic-LS_MMX_1881515.config
Seed:                 1881515
Reduction method:     -
Max iter:             1000
Population size:      13
Crossover:            MA-MMX
Local Search:         -
==============================

====== Algorithm Status ======
Valor:                2712
Time:                 250
nIter:                826
Best Iter:            826
Improvement Count:    825
==============================
Solution tour: 
0 20 9 19 8 
7 
8 11 
5 20 10 16 
6 4 
3 4 11 6 16 10 20 5 18 11 
1 11 8 15 13 17 
4 14 1 
9 
2 6 11 12 4 9 20 
==============================

====== Algorithm Status ======
Valor:                2712
Time:                 500
nIter:                1606
Best Iter:            1606
Improvement Count:    1605
==============================
Solution tour: 
0 20 9 19 8 
7 
8 11 
5 20 10 16 
6 4 
3 4 11 6 16 10 20 5 18 11 
1 11 8 15 13 17 
4 14 1 
9 
2 6 11 12 4 9 20 
==============================

====== Algorithm Status ======
Valor:                2712
Time:                 1001
nIter:                3147
Best Iter:            3147
Improvement Count:    3148
==============================
Solution tour: 
0 20 9 19 8 
7 
8 11 
5 20 10 16 
6 4 
3 4 11 6 16 10 20 5 18 11 
1 11 8 15 13 17 
4 14 1 
9 
2 6 11 12 4 9 20 
==============================

====== Algorithm Status ======
Valor:                2712
Time:                 1001
nIter:                3147
Best Iter:            3147
Improvement Count:    3148
==============================
Solution tour: 
0 20 9 19 8 
7 
8 11 
5 20 10 16 
6 4 
3 4 11 6 16 10 20 5 18 11 
1 11 8 15 13 17 
4 14 1 
9 
2 6 11 12 4 9 20 
==============================

