=========== Input ===========
File name:                ./instances/created-instances/mm-10-10-1917698.cdop
Total node count:         21
Truck node count:         10
Drone node count:         10
=============================

========== Settings ==========
Settings file:        ./settings/Memetic_MPX_1287823.config
Seed:                 1287823
Reduction method:     -
Max iter:             1000
Population size:      13
Crossover:            MA-MPX
Local Search:         LS
==============================

====== Algorithm Status ======
Valor:                3109
Time:                 252
nIter:                106
Best Iter:            106
Improvement Count:    105
==============================
Solution tour: 
0 2 9 
4 0 4 2 
7 2 16 17 
5 17 18 17 
8 18 8 2 8 17 11 17 13 
3 13 12 14 12 15 19 
6 15 13 15 
1 15 
9 
2 0 17 
==============================

====== Algorithm Status ======
Valor:                3249
Time:                 501
nIter:                199
Best Iter:            199
Improvement Count:    198
==============================
Solution tour: 
0 
8 17 12 14 15 
1 15 
10 13 3 13 12 15 
6 19 6 15 13 15 12 19 12 
9 2 18 
5 17 18 2 8 18 17 11 17 8 2 0 
4 0 17 
==============================

====== Algorithm Status ======
Valor:                3249
Time:                 1001
nIter:                401
Best Iter:            401
Improvement Count:    402
==============================
Solution tour: 
0 
8 17 12 14 15 
1 15 
10 13 3 13 12 15 
6 19 6 15 13 15 12 19 12 
9 2 18 
5 17 18 2 8 18 17 11 17 8 2 0 
4 0 17 
==============================

====== Algorithm Status ======
Valor:                3249
Time:                 1001
nIter:                401
Best Iter:            401
Improvement Count:    402
==============================
Solution tour: 
0 
8 17 12 14 15 
1 15 
10 13 3 13 12 15 
6 19 6 15 13 15 12 19 12 
9 2 18 
5 17 18 2 8 18 17 11 17 8 2 0 
4 0 17 
==============================

