=========== Input ===========
File name:                ./instances/created-instances/mm-10-10-1917698.cdop
Total node count:         21
Truck node count:         10
Drone node count:         10
=============================

========== Settings ==========
Settings file:        ./settings/Memetic_MMX_1099666.config
Seed:                 1099666
Reduction method:     -
Max iter:             1000
Population size:      13
Crossover:            MA-MMX
Local Search:         LS
==============================

====== Algorithm Status ======
Valor:                3408
Time:                 250
nIter:                86
Best Iter:            86
Improvement Count:    85
==============================
Solution tour: 
0 17 11 17 18 20 14 12 15 
1 13 3 0 4 0 2 9 12 19 6 19 12 14 9 2 8 18 8 17 8 2 17 0 9 
4 3 13 15 6 1 15 13 16 
2 18 2 
==============================

====== Algorithm Status ======
Valor:                3481
Time:                 500
nIter:                174
Best Iter:            174
Improvement Count:    173
==============================
Solution tour: 
0 17 11 17 8 2 8 18 8 17 0 2 9 2 5 20 14 12 13 15 
1 15 13 3 13 4 0 4 13 12 19 12 15 6 1 6 19 6 15 12 14 9 16 
2 18 2 
==============================

====== Algorithm Status ======
Valor:                3520
Time:                 1001
nIter:                348
Best Iter:            348
Improvement Count:    349
==============================
Solution tour: 
0 17 11 17 8 2 8 18 8 17 0 2 9 16 2 5 20 14 12 13 15 
1 15 13 3 13 3 4 0 4 13 12 19 12 15 6 1 6 19 6 15 12 14 9 
2 18 2 
==============================

====== Algorithm Status ======
Valor:                3520
Time:                 1001
nIter:                348
Best Iter:            348
Improvement Count:    349
==============================
Solution tour: 
0 17 11 17 8 2 8 18 8 17 0 2 9 16 2 5 20 14 12 13 15 
1 15 13 3 13 3 4 0 4 13 12 19 12 15 6 1 6 19 6 15 12 14 9 
2 18 2 
==============================

