=========== Input ===========
File name:                ./instances/created-instances/mm-15-25-1917698.cdop
Total node count:         41
Truck node count:         15
Drone node count:         25
=============================

========== Settings ==========
Settings file:        ./settings/Memetic-LS_MMX_1287823.config
Seed:                 1287823
Reduction method:     -
Max iter:             1000
Population size:      13
Crossover:            MA-MMX
Local Search:         -
==============================

====== Algorithm Status ======
Valor:                4402
Time:                 250
nIter:                289
Best Iter:            289
Improvement Count:    288
==============================
Solution tour: 
0 
4 34 4 39 
10 33 1 37 6 
13 35 3 15 18 32 12 29 30 29 12 3 28 
14 15 22 38 
3 
6 17 32 9 30 31 6 21 38 28 17 19 
9 40 9 32 
12 36 
5 40 28 26 23 2 23 2 
8 
11 8 
7 8 
2 
==============================

====== Algorithm Status ======
Valor:                4402
Time:                 500
nIter:                575
Best Iter:            575
Improvement Count:    574
==============================
Solution tour: 
0 
4 34 4 39 
10 33 1 37 6 
13 35 3 15 18 32 12 29 30 29 12 3 28 
14 15 22 38 
3 
6 17 32 9 30 31 6 21 38 28 17 19 
9 40 9 32 
12 36 
5 40 28 26 23 2 23 2 
8 
11 8 
7 8 
2 
==============================

====== Algorithm Status ======
Valor:                4502
Time:                 1002
nIter:                1208
Best Iter:            1208
Improvement Count:    1209
==============================
Solution tour: 
0 
4 34 4 39 
10 33 1 37 6 
13 35 3 15 18 32 12 29 30 29 12 3 28 
14 15 22 38 
3 
6 17 32 31 6 21 38 28 17 19 
9 40 9 32 
12 36 
5 40 28 26 23 26 23 2 23 2 
8 
11 8 
7 8 
2 
==============================

====== Algorithm Status ======
Valor:                4502
Time:                 1002
nIter:                1208
Best Iter:            1208
Improvement Count:    1209
==============================
Solution tour: 
0 
4 34 4 39 
10 33 1 37 6 
13 35 3 15 18 32 12 29 30 29 12 3 28 
14 15 22 38 
3 
6 17 32 31 6 21 38 28 17 19 
9 40 9 32 
12 36 
5 40 28 26 23 26 23 2 23 2 
8 
11 8 
7 8 
2 
==============================

