=========== Input ===========
File name:                ./instances/created-instances/mm-10-10-1762875.cdop
Total node count:         21
Truck node count:         10
Drone node count:         10
=============================

========== Settings ==========
Settings file:        ./settings/Memetic_MMX_1881515.config
Seed:                 1881515
Reduction method:     -
Max iter:             1000
Population size:      13
Crossover:            MA-MMX
Local Search:         LS
==============================

====== Algorithm Status ======
Valor:                2810
Time:                 250
nIter:                122
Best Iter:            122
Improvement Count:    121
==============================
Solution tour: 
0 16 15 3 15 16 20 16 18 9 7 6 0 5 13 6 17 6 13 19 13 5 0 10 1 
5 1 10 19 10 12 16 7 9 4 14 11 8 11 7 16 12 10 
==============================

====== Algorithm Status ======
Valor:                2829
Time:                 503
nIter:                247
Best Iter:            247
Improvement Count:    246
==============================
Solution tour: 
0 7 16 15 3 11 15 18 7 9 7 6 0 5 13 6 17 6 13 19 13 5 0 10 1 
5 1 10 19 10 12 16 7 11 14 11 8 11 3 15 16 12 10 
==============================

====== Algorithm Status ======
Valor:                2855
Time:                 1002
nIter:                478
Best Iter:            478
Improvement Count:    479
==============================
Solution tour: 
0 7 16 15 18 7 9 7 6 0 5 13 0 13 6 17 6 13 19 13 5 0 10 1 
5 1 10 19 10 12 16 7 14 11 8 11 3 15 3 15 16 20 16 12 10 
==============================

====== Algorithm Status ======
Valor:                2855
Time:                 1002
nIter:                478
Best Iter:            478
Improvement Count:    479
==============================
Solution tour: 
0 7 16 15 18 7 9 7 6 0 5 13 0 13 6 17 6 13 19 13 5 0 10 1 
5 1 10 19 10 12 16 7 14 11 8 11 3 15 3 15 16 20 16 12 10 
==============================

