=========== Input ===========
File name:                ./instances/created-instances/mm-10-10-1917698.cdop
Total node count:         21
Truck node count:         10
Drone node count:         10
=============================

========== Settings ==========
Settings file:        ./settings/Memetic-LS_MPX_1881515.config
Seed:                 1881515
Reduction method:     -
Max iter:             1000
Population size:      13
Crossover:            MA-MPX
Local Search:         -
==============================

====== Algorithm Status ======
Valor:                2691
Time:                 250
nIter:                638
Best Iter:            638
Improvement Count:    637
==============================
Solution tour: 
0 17 
4 13 15 6 15 
1 
6 19 
3 19 6 20 12 14 20 14 
9 2 
5 18 
2 
8 2 18 11 
7 18 8 18 17 
==============================

====== Algorithm Status ======
Valor:                2691
Time:                 500
nIter:                1292
Best Iter:            1292
Improvement Count:    1291
==============================
Solution tour: 
0 17 
4 13 15 6 15 
1 
6 19 
3 19 6 20 12 14 20 14 
9 2 
5 18 
2 
8 2 18 11 
7 18 8 18 17 
==============================

====== Algorithm Status ======
Valor:                2691
Time:                 1001
nIter:                2617
Best Iter:            2617
Improvement Count:    2618
==============================
Solution tour: 
0 17 
4 13 15 6 15 
1 
6 19 
3 19 6 20 12 14 20 14 
9 2 
5 18 
2 
8 2 18 11 
7 18 8 18 17 
==============================

====== Algorithm Status ======
Valor:                2691
Time:                 1001
nIter:                2617
Best Iter:            2617
Improvement Count:    2618
==============================
Solution tour: 
0 17 
4 13 15 6 15 
1 
6 19 
3 19 6 20 12 14 20 14 
9 2 
5 18 
2 
8 2 18 11 
7 18 8 18 17 
==============================

