=========== Input ===========
File name:                ./instances/created-instances/mm-10-10-1110588.cdop
Total node count:         21
Truck node count:         10
Drone node count:         10
=============================

========== Settings ==========
Settings file:        ./settings/Memetic_MMX_1099666.config
Seed:                 1099666
Reduction method:     -
Max iter:             1000
Population size:      13
Crossover:            MA-MMX
Local Search:         LS
==============================

====== Algorithm Status ======
Valor:                3276
Time:                 250
nIter:                89
Best Iter:            89
Improvement Count:    88
==============================
Solution tour: 
0 19 11 13 0 3 12 13 4 13 12 
3 14 10 0 
6 2 6 0 10 11 20 13 20 11 10 15 7 16 14 16 
7 15 19 0 12 18 12 
==============================

====== Algorithm Status ======
Valor:                3276
Time:                 501
nIter:                184
Best Iter:            184
Improvement Count:    183
==============================
Solution tour: 
0 19 11 13 0 3 12 13 4 13 12 
3 14 10 0 
6 2 6 0 10 11 20 13 20 11 10 15 7 16 14 16 
7 15 19 0 12 18 12 
==============================

====== Algorithm Status ======
Valor:                3424
Time:                 1001
nIter:                366
Best Iter:            366
Improvement Count:    367
==============================
Solution tour: 
0 19 0 10 11 13 12 18 12 0 6 
2 6 0 12 13 4 14 
3 14 4 13 20 13 11 16 7 15 10 15 
6 15 7 16 14 16 11 10 
==============================

====== Algorithm Status ======
Valor:                3424
Time:                 1001
nIter:                366
Best Iter:            366
Improvement Count:    367
==============================
Solution tour: 
0 19 0 10 11 13 12 18 12 0 6 
2 6 0 12 13 4 14 
3 14 4 13 20 13 11 16 7 15 10 15 
6 15 7 16 14 16 11 10 
==============================

