=========== Input ===========
File name:                ./instances/created-instances/mm-10-25-1891798.cdop
Total node count:         36
Truck node count:         10
Drone node count:         25
=============================

========== Settings ==========
Settings file:        ./settings/Memetic-LS_MMX_1099666.config
Seed:                 1099666
Reduction method:     -
Max iter:             1000
Population size:      13
Crossover:            MA-MMX
Local Search:         -
==============================

====== Algorithm Status ======
Valor:                5250
Time:                 252
nIter:                375
Best Iter:            375
Improvement Count:    374
==============================
Solution tour: 
0 7 35 
7 18 33 18 29 8 32 22 32 
8 20 29 
5 19 16 19 11 
6 23 1 14 17 
3 13 3 17 14 
1 23 
4 12 4 19 
9 19 26 34 27 15 24 15 25 15 
2 6 11 12 21 12 24 31 8 
==============================

====== Algorithm Status ======
Valor:                5250
Time:                 500
nIter:                723
Best Iter:            723
Improvement Count:    722
==============================
Solution tour: 
0 7 35 
7 18 33 18 29 8 32 22 32 
8 20 29 
5 19 16 19 11 
6 23 1 14 17 
3 13 3 17 14 
1 23 
4 12 4 19 
9 19 26 34 27 15 24 15 25 15 
2 6 11 12 21 12 24 31 8 
==============================

====== Algorithm Status ======
Valor:                5250
Time:                 1001
nIter:                1455
Best Iter:            1455
Improvement Count:    1456
==============================
Solution tour: 
0 7 35 
7 18 33 18 29 8 32 22 32 
8 20 29 
5 19 16 19 11 
6 23 1 14 17 
3 13 3 17 14 
1 23 
4 12 4 19 
9 19 26 34 27 15 24 15 25 15 
2 6 11 12 21 12 24 31 8 
==============================

====== Algorithm Status ======
Valor:                5250
Time:                 1001
nIter:                1455
Best Iter:            1455
Improvement Count:    1456
==============================
Solution tour: 
0 7 35 
7 18 33 18 29 8 32 22 32 
8 20 29 
5 19 16 19 11 
6 23 1 14 17 
3 13 3 17 14 
1 23 
4 12 4 19 
9 19 26 34 27 15 24 15 25 15 
2 6 11 12 21 12 24 31 8 
==============================

