=========== Input ===========
File name:                ./instances/created-instances/mm-25-10-1917698.cdop
Total node count:         36
Truck node count:         25
Drone node count:         10
=============================

========== Settings ==========
Settings file:        ./settings/Memetic-LS_MMX_1287823.config
Seed:                 1287823
Reduction method:     -
Max iter:             1000
Population size:      13
Crossover:            MA-MMX
Local Search:         -
==============================

====== Algorithm Status ======
Valor:                3040
Time:                 250
nIter:                498
Best Iter:            498
Improvement Count:    497
==============================
Solution tour: 
0 29 0 
20 0 2 18 32 34 35 
4 
19 
17 35 
10 
13 
1 
22 23 
16 33 16 
23 
6 34 9 31 
14 
3 14 
12 9 32 
24 32 
18 
2 0 26 2 
8 0 8 
11 
7 5 2 26 
==============================

====== Algorithm Status ======
Valor:                3152
Time:                 500
nIter:                1056
Best Iter:            1056
Improvement Count:    1055
==============================
Solution tour: 
0 29 18 
2 0 
20 0 2 18 32 28 35 
4 
19 
17 35 
10 
13 
1 
22 23 
16 33 16 
23 
6 34 9 31 9 31 
14 
3 14 
12 9 32 
24 32 
18 29 0 26 2 
8 0 8 
11 2 26 
==============================

====== Algorithm Status ======
Valor:                3152
Time:                 1001
nIter:                2108
Best Iter:            2108
Improvement Count:    2109
==============================
Solution tour: 
0 29 18 
2 0 
20 0 2 18 32 28 35 
4 
19 
17 35 
10 
13 
1 
22 23 
16 33 16 
23 
6 34 9 31 9 31 
14 
3 14 
12 9 32 
24 32 
18 29 0 26 2 
8 0 8 
11 2 26 
==============================

====== Algorithm Status ======
Valor:                3152
Time:                 1001
nIter:                2108
Best Iter:            2108
Improvement Count:    2109
==============================
Solution tour: 
0 29 18 
2 0 
20 0 2 18 32 28 35 
4 
19 
17 35 
10 
13 
1 
22 23 
16 33 16 
23 
6 34 9 31 9 31 
14 
3 14 
12 9 32 
24 32 
18 29 0 26 2 
8 0 8 
11 2 26 
==============================

