=========== Input ===========
File name:                ./instances/created-instances/mm-25-25-1917698.cdop
Total node count:         51
Truck node count:         25
Drone node count:         25
=============================

========== Settings ==========
Settings file:        ./settings/Memetic-LS_MPX_1881515.config
Seed:                 1881515
Reduction method:     -
Max iter:             1000
Population size:      13
Crossover:            MA-MPX
Local Search:         -
==============================

====== Algorithm Status ======
Valor:                2367
Time:                 253
nIter:                300
Best Iter:            300
Improvement Count:    299
==============================
Solution tour: 
0 
20 
4 
19 42 
17 44 
10 
13 
1 
22 45 
16 43 
23 33 
6 
14 46 
3 31 
15 
9 41 
12 48 
21 
24 39 
5 
18 
2 
8 
11 
7 
==============================

====== Algorithm Status ======
Valor:                2367
Time:                 500
nIter:                555
Best Iter:            555
Improvement Count:    554
==============================
Solution tour: 
0 
20 
4 
19 42 
17 44 
10 
13 
1 
22 45 
16 43 
23 33 
6 
14 46 
3 31 
15 
9 41 
12 48 
21 
24 39 
5 
18 
2 
8 
11 
7 
==============================

====== Algorithm Status ======
Valor:                2367
Time:                 1003
nIter:                1155
Best Iter:            1155
Improvement Count:    1156
==============================
Solution tour: 
0 
20 
4 
19 42 
17 44 
10 
13 
1 
22 45 
16 43 
23 33 
6 
14 46 
3 31 
15 
9 41 
12 48 
21 
24 39 
5 
18 
2 
8 
11 
7 
==============================

====== Algorithm Status ======
Valor:                2367
Time:                 1003
nIter:                1155
Best Iter:            1155
Improvement Count:    1156
==============================
Solution tour: 
0 
20 
4 
19 42 
17 44 
10 
13 
1 
22 45 
16 43 
23 33 
6 
14 46 
3 31 
15 
9 41 
12 48 
21 
24 39 
5 
18 
2 
8 
11 
7 
==============================

