=========== Input ===========
File name:                ./instances/created-instances/mm-25-25-1891798.cdop
Total node count:         51
Truck node count:         25
Drone node count:         25
=============================

========== Settings ==========
Settings file:        ./settings/Memetic-LS_MPX_1099666.config
Seed:                 1099666
Reduction method:     -
Max iter:             1000
Population size:      13
Crossover:            MA-MPX
Local Search:         -
==============================

====== Algorithm Status ======
Valor:                2139
Time:                 250
nIter:                298
Best Iter:            298
Improvement Count:    297
==============================
Solution tour: 
0 
7 27 
19 
8 
12 
14 
24 30 
17 40 
21 
15 
5 
6 
11 48 
3 
18 46 
1 
4 47 
9 
22 42 28 
2 
16 
20 
23 
10 
13 33 
==============================

====== Algorithm Status ======
Valor:                2139
Time:                 500
nIter:                611
Best Iter:            611
Improvement Count:    610
==============================
Solution tour: 
0 
7 27 
19 
8 
12 
14 
24 30 
17 40 
21 
15 
5 
6 
11 48 
3 
18 46 
1 
4 47 
9 
22 42 28 
2 
16 
20 
23 
10 
13 33 
==============================

====== Algorithm Status ======
Valor:                2139
Time:                 1004
nIter:                1200
Best Iter:            1200
Improvement Count:    1201
==============================
Solution tour: 
0 
7 27 
19 
8 
12 
14 
24 30 
17 40 
21 
15 
5 
6 
11 48 
3 
18 46 
1 
4 47 
9 
22 42 28 
2 
16 
20 
23 
10 
13 33 
==============================

====== Algorithm Status ======
Valor:                2139
Time:                 1004
nIter:                1200
Best Iter:            1200
Improvement Count:    1201
==============================
Solution tour: 
0 
7 27 
19 
8 
12 
14 
24 30 
17 40 
21 
15 
5 
6 
11 48 
3 
18 46 
1 
4 47 
9 
22 42 28 
2 
16 
20 
23 
10 
13 33 
==============================

