=========== Input ===========
File name:                ./instances/created-instances/mm-25-25-1762875.cdop
Total node count:         51
Truck node count:         25
Drone node count:         25
=============================

========== Settings ==========
Settings file:        ./settings/Memetic-LS_MMX_1287823.config
Seed:                 1287823
Reduction method:     -
Max iter:             1000
Population size:      13
Crossover:            MA-MMX
Local Search:         -
==============================

====== Algorithm Status ======
Valor:                3432
Time:                 250
nIter:                285
Best Iter:            285
Improvement Count:    284
==============================
Solution tour: 
0 7 0 
5 
16 
2 
14 41 35 8 38 
24 30 
13 24 
10 
1 40 44 40 44 27 
17 31 39 36 
8 46 37 
3 34 42 49 29 50 22 29 22 
23 22 32 
22 
19 
9 
21 
15 48 
6 47 
==============================

====== Algorithm Status ======
Valor:                3456
Time:                 500
nIter:                566
Best Iter:            566
Improvement Count:    565
==============================
Solution tour: 
0 7 0 
5 
16 
2 
14 41 35 8 38 
24 30 
13 24 
10 
1 40 44 40 44 27 
17 31 39 36 
8 46 37 
3 34 42 49 34 42 49 29 50 22 29 22 
23 22 32 
22 
19 
9 
21 
15 48 
6 47 
==============================

====== Algorithm Status ======
Valor:                3758
Time:                 1001
nIter:                1174
Best Iter:            1174
Improvement Count:    1175
==============================
Solution tour: 
0 7 0 
5 
16 
14 41 35 41 35 8 38 
24 30 
13 24 
10 
1 40 44 40 44 27 
17 31 39 31 39 36 
8 46 37 
3 34 49 34 42 29 22 50 22 29 
23 22 32 
22 
19 
9 
21 
15 48 
6 47 
==============================

====== Algorithm Status ======
Valor:                3758
Time:                 1001
nIter:                1174
Best Iter:            1174
Improvement Count:    1175
==============================
Solution tour: 
0 7 0 
5 
16 
14 41 35 41 35 8 38 
24 30 
13 24 
10 
1 40 44 40 44 27 
17 31 39 31 39 36 
8 46 37 
3 34 49 34 42 29 22 50 22 29 
23 22 32 
22 
19 
9 
21 
15 48 
6 47 
==============================

