=========== Input ===========
File name:                ./instances/created-instances/mm-25-10-1767920.cdop
Total node count:         36
Truck node count:         25
Drone node count:         10
=============================

========== Settings ==========
Settings file:        ./settings/Memetic_MPX_1099666.config
Seed:                 1099666
Reduction method:     -
Max iter:             1000
Population size:      13
Crossover:            MA-MPX
Local Search:         LS
==============================

====== Algorithm Status ======
Valor:                3482
Time:                 252
nIter:                50
Best Iter:            50
Improvement Count:    49
==============================
Solution tour: 
0 17 14 20 
13 35 33 
21 33 35 13 
20 
14 29 24 6 
16 1 
3 1 16 21 9 10 
15 10 20 24 8 
7 
8 27 24 27 11 27 8 1 
9 
22 17 13 30 
12 
4 7 
5 34 32 31 
19 4 2 7 8 35 
==============================

====== Algorithm Status ======
Valor:                3482
Time:                 504
nIter:                100
Best Iter:            100
Improvement Count:    99
==============================
Solution tour: 
0 17 14 20 
13 35 33 
21 33 35 13 
20 
14 29 24 6 
16 1 
3 1 16 21 9 10 
15 10 20 24 8 
7 
8 27 24 27 11 27 8 1 
9 
22 17 13 30 
12 
4 7 
5 34 32 31 
19 4 2 7 8 35 
==============================

====== Algorithm Status ======
Valor:                3713
Time:                 1003
nIter:                196
Best Iter:            196
Improvement Count:    197
==============================
Solution tour: 
0 17 0 14 20 
13 35 33 
21 33 35 13 
20 
14 29 24 6 
16 1 
3 1 16 21 9 10 
15 10 20 24 8 
7 2 
8 27 24 27 11 27 8 1 
22 17 13 30 
12 
4 7 
5 34 32 31 
19 4 2 7 8 35 
==============================

====== Algorithm Status ======
Valor:                3713
Time:                 1003
nIter:                196
Best Iter:            196
Improvement Count:    197
==============================
Solution tour: 
0 17 0 14 20 
13 35 33 
21 33 35 13 
20 
14 29 24 6 
16 1 
3 1 16 21 9 10 
15 10 20 24 8 
7 2 
8 27 24 27 11 27 8 1 
22 17 13 30 
12 
4 7 
5 34 32 31 
19 4 2 7 8 35 
==============================

