=========== Input ===========
File name:                ./instances/created-instances/mm-20-10-1917698.cdop
Total node count:         31
Truck node count:         20
Drone node count:         10
=============================

========== Settings ==========
Settings file:        ./settings/Memetic-LS_MMX_1099666.config
Seed:                 1099666
Reduction method:     -
Max iter:             1000
Population size:      13
Crossover:            MA-MMX
Local Search:         -
==============================

====== Algorithm Status ======
Valor:                2372
Time:                 250
nIter:                608
Best Iter:            608
Improvement Count:    607
==============================
Solution tour: 
0 24 
4 21 14 21 
19 14 29 
17 
10 17 9 30 15 
13 15 3 
1 25 
14 3 27 
3 
15 9 0 11 2 12 6 22 
16 22 
6 12 
7 
==============================

====== Algorithm Status ======
Valor:                2727
Time:                 500
nIter:                1279
Best Iter:            1279
Improvement Count:    1278
==============================
Solution tour: 
0 24 
4 21 14 21 
19 14 29 
17 
10 17 9 30 9 30 15 
13 15 3 
1 3 27 
3 
15 9 0 9 6 22 
16 22 
6 12 6 25 6 30 
==============================

====== Algorithm Status ======
Valor:                2949
Time:                 1001
nIter:                2643
Best Iter:            2643
Improvement Count:    2644
==============================
Solution tour: 
0 24 
4 21 14 21 
19 14 29 14 29 
17 
10 17 9 30 9 15 
13 15 3 
1 3 27 
3 
15 9 0 9 6 12 6 25 12 25 30 
==============================

====== Algorithm Status ======
Valor:                2949
Time:                 1001
nIter:                2643
Best Iter:            2643
Improvement Count:    2644
==============================
Solution tour: 
0 24 
4 21 14 21 
19 14 29 14 29 
17 
10 17 9 30 9 15 
13 15 3 
1 3 27 
3 
15 9 0 9 6 12 6 25 12 25 30 
==============================

