=========== Input ===========
File name:                ./instances/created-instances/mm-20-10-1917698.cdop
Total node count:         31
Truck node count:         20
Drone node count:         10
=============================

========== Settings ==========
Settings file:        ./settings/Memetic_MPX_1099666.config
Seed:                 1099666
Reduction method:     -
Max iter:             1000
Population size:      13
Crossover:            MA-MPX
Local Search:         LS
==============================

====== Algorithm Status ======
Valor:                3151
Time:                 250
nIter:                68
Best Iter:            68
Improvement Count:    67
==============================
Solution tour: 
0 
4 29 14 15 
13 17 
10 17 9 30 9 12 21 
5 21 23 21 
12 15 25 6 
1 25 15 3 27 12 
9 15 9 4 0 2 
11 
7 
20 4 19 
14 29 27 3 24 
3 
19 3 
15 12 26 12 9 
==============================

====== Algorithm Status ======
Valor:                3151
Time:                 500
nIter:                133
Best Iter:            133
Improvement Count:    132
==============================
Solution tour: 
0 
4 29 14 15 
13 17 
10 17 9 30 9 12 21 
5 21 23 21 
12 15 25 6 
1 25 15 3 27 12 
9 15 9 4 0 2 
11 
7 
20 4 19 
14 29 27 3 24 
3 
19 3 
15 12 26 12 9 
==============================

====== Algorithm Status ======
Valor:                3322
Time:                 1002
nIter:                258
Best Iter:            258
Improvement Count:    259
==============================
Solution tour: 
0 2 
4 29 14 3 15 
13 17 
10 17 9 30 9 12 26 28 21 
5 21 23 21 28 26 
12 15 25 6 
18 29 27 3 
1 15 6 25 15 1 3 27 12 
6 12 9 
15 3 
9 15 9 4 24 0 2 
11 
8 9 
==============================

====== Algorithm Status ======
Valor:                3322
Time:                 1002
nIter:                258
Best Iter:            258
Improvement Count:    259
==============================
Solution tour: 
0 2 
4 29 14 3 15 
13 17 
10 17 9 30 9 12 26 28 21 
5 21 23 21 28 26 
12 15 25 6 
18 29 27 3 
1 15 6 25 15 1 3 27 12 
6 12 9 
15 3 
9 15 9 4 24 0 2 
11 
8 9 
==============================

