=========== Input ===========
File name:                ./instances/created-instances/mm-25-10-1891798.cdop
Total node count:         36
Truck node count:         25
Drone node count:         10
=============================

========== Settings ==========
Settings file:        ./settings/Memetic_MPX_1287823.config
Seed:                 1287823
Reduction method:     -
Max iter:             1000
Population size:      13
Crossover:            MA-MPX
Local Search:         LS
==============================

====== Algorithm Status ======
Valor:                4019
Time:                 254
nIter:                50
Best Iter:            50
Improvement Count:    49
==============================
Solution tour: 
0 26 0 12 14 12 
24 
12 30 
19 30 31 
15 31 35 31 17 28 34 
17 29 24 
14 24 5 27 33 
9 2 22 
2 32 
25 9 
13 2 11 6 11 
5 33 9 25 
22 25 28 21 
18 
1 27 
4 
11 16 
10 
==============================

====== Algorithm Status ======
Valor:                4019
Time:                 500
nIter:                101
Best Iter:            101
Improvement Count:    100
==============================
Solution tour: 
0 26 0 12 14 12 
24 
12 30 
19 30 31 
15 31 35 31 17 28 34 
17 29 24 
14 24 5 27 33 
9 2 22 
2 32 
25 9 
13 2 11 6 11 
5 33 9 25 
22 25 28 21 
18 
1 27 
4 
11 16 
10 
==============================

====== Algorithm Status ======
Valor:                4129
Time:                 1001
nIter:                209
Best Iter:            209
Improvement Count:    210
==============================
Solution tour: 
0 26 27 33 14 
12 14 30 
19 30 31 
15 31 35 31 28 34 
6 11 16 11 6 31 35 31 17 34 28 34 
17 29 24 
14 24 5 33 27 
4 9 4 
2 32 
25 9 
11 4 22 
13 2 22 6 11 9 13 26 
5 33 9 25 22 2 13 26 
==============================

====== Algorithm Status ======
Valor:                4129
Time:                 1001
nIter:                209
Best Iter:            209
Improvement Count:    210
==============================
Solution tour: 
0 26 27 33 14 
12 14 30 
19 30 31 
15 31 35 31 28 34 
6 11 16 11 6 31 35 31 17 34 28 34 
17 29 24 
14 24 5 33 27 
4 9 4 
2 32 
25 9 
11 4 22 
13 2 22 6 11 9 13 26 
5 33 9 25 22 2 13 26 
==============================

