=========== Input ===========
File name:                ./instances/created-instances/mm-25-25-1891798.cdop
Total node count:         51
Truck node count:         25
Drone node count:         25
=============================

========== Settings ==========
Settings file:        ./settings/Memetic-LS_MPX_1881515.config
Seed:                 1881515
Reduction method:     -
Max iter:             1000
Population size:      13
Crossover:            MA-MPX
Local Search:         -
==============================

====== Algorithm Status ======
Valor:                2139
Time:                 250
nIter:                295
Best Iter:            295
Improvement Count:    294
==============================
Solution tour: 
0 
7 27 
19 
8 
12 
14 
24 30 
17 40 
21 
15 
5 
6 
11 48 
3 
18 46 
1 
4 47 
9 
22 42 28 
2 
16 
20 
23 
10 
13 33 
==============================

====== Algorithm Status ======
Valor:                2139
Time:                 500
nIter:                586
Best Iter:            586
Improvement Count:    585
==============================
Solution tour: 
0 
7 27 
19 
8 
12 
14 
24 30 
17 40 
21 
15 
5 
6 
11 48 
3 
18 46 
1 
4 47 
9 
22 42 28 
2 
16 
20 
23 
10 
13 33 
==============================

====== Algorithm Status ======
Valor:                2139
Time:                 1001
nIter:                1181
Best Iter:            1181
Improvement Count:    1182
==============================
Solution tour: 
0 
7 27 
19 
8 
12 
14 
24 30 
17 40 
21 
15 
5 
6 
11 48 
3 
18 46 
1 
4 47 
9 
22 42 28 
2 
16 
20 
23 
10 
13 33 
==============================

====== Algorithm Status ======
Valor:                2139
Time:                 1001
nIter:                1181
Best Iter:            1181
Improvement Count:    1182
==============================
Solution tour: 
0 
7 27 
19 
8 
12 
14 
24 30 
17 40 
21 
15 
5 
6 
11 48 
3 
18 46 
1 
4 47 
9 
22 42 28 
2 
16 
20 
23 
10 
13 33 
==============================

