=========== Input ===========
File name:                ./instances/created-instances/mm-20-25-1891798.cdop
Total node count:         46
Truck node count:         20
Drone node count:         25
=============================

========== Settings ==========
Settings file:        ./settings/Memetic_MPX_1287823.config
Seed:                 1287823
Reduction method:     -
Max iter:             1000
Population size:      13
Crossover:            MA-MPX
Local Search:         LS
==============================

====== Algorithm Status ======
Valor:                4658
Time:                 258
nIter:                30
Best Iter:            30
Improvement Count:    29
==============================
Solution tour: 
0 36 
10 36 42 
13 43 2 
16 2 
11 6 28 43 
9 22 30 21 27 32 26 38 27 38 26 
17 26 15 
5 31 43 13 
2 9 45 39 24 
12 40 33 29 35 
15 34 
8 5 15 6 
1 22 30 44 
20 
4 11 4 25 45 25 8 
19 
==============================

====== Algorithm Status ======
Valor:                5010
Time:                 504
nIter:                57
Best Iter:            57
Improvement Count:    56
==============================
Solution tour: 
0 24 9 45 11 45 25 
8 5 
14 28 12 
5 12 28 23 37 23 
7 23 28 12 40 33 29 35 2 9 30 22 
6 15 17 26 
17 38 26 21 29 39 24 31 41 36 
10 42 
20 42 13 43 5 
15 26 38 27 32 26 39 4 
11 4 6 
1 22 30 9 2 
13 2 43 
==============================

====== Algorithm Status ======
Valor:                5010
Time:                 1004
nIter:                115
Best Iter:            115
Improvement Count:    116
==============================
Solution tour: 
0 24 9 45 11 45 25 
8 5 
14 28 12 
5 12 28 23 37 23 
7 23 28 12 40 33 29 35 2 9 30 22 
6 15 17 26 
17 38 26 21 29 39 24 31 41 36 
10 42 
20 42 13 43 5 
15 26 38 27 32 26 39 4 
11 4 6 
1 22 30 9 2 
13 2 43 
==============================

====== Algorithm Status ======
Valor:                5010
Time:                 1004
nIter:                115
Best Iter:            115
Improvement Count:    116
==============================
Solution tour: 
0 24 9 45 11 45 25 
8 5 
14 28 12 
5 12 28 23 37 23 
7 23 28 12 40 33 29 35 2 9 30 22 
6 15 17 26 
17 38 26 21 29 39 24 31 41 36 
10 42 
20 42 13 43 5 
15 26 38 27 32 26 39 4 
11 4 6 
1 22 30 9 2 
13 2 43 
==============================

