=========== Input ===========
File name:                ./instances/created-instances/mm-25-10-1767920.cdop
Total node count:         36
Truck node count:         25
Drone node count:         10
=============================

========== Settings ==========
Settings file:        ./settings/Memetic_MMX_1287823.config
Seed:                 1287823
Reduction method:     -
Max iter:             1000
Population size:      13
Crossover:            MA-MMX
Local Search:         LS
==============================

====== Algorithm Status ======
Valor:                4009
Time:                 250
nIter:                38
Best Iter:            38
Improvement Count:    37
==============================
Solution tour: 
0 17 24 8 35 33 35 8 32 34 7 5 7 2 7 30 31 11 27 11 8 1 17 25 21 
9 21 16 1 3 1 8 27 24 27 30 
11 30 26 6 16 6 24 29 14 20 14 13 6 
13 14 0 22 17 
==============================

====== Algorithm Status ======
Valor:                4043
Time:                 504
nIter:                78
Best Iter:            78
Improvement Count:    77
==============================
Solution tour: 
0 17 24 8 35 33 35 8 32 34 7 5 7 2 7 8 30 11 27 8 1 17 25 21 
9 21 16 1 3 1 8 27 24 27 11 31 16 6 24 29 14 20 14 13 6 
13 14 0 22 17 
==============================

====== Algorithm Status ======
Valor:                4043
Time:                 1005
nIter:                150
Best Iter:            150
Improvement Count:    151
==============================
Solution tour: 
0 17 24 8 35 33 35 8 32 34 7 5 7 2 7 8 30 11 27 8 1 17 25 21 
9 21 16 1 3 1 8 27 24 27 11 31 16 6 24 29 14 20 14 13 6 
13 14 0 22 17 
==============================

====== Algorithm Status ======
Valor:                4043
Time:                 1005
nIter:                150
Best Iter:            150
Improvement Count:    151
==============================
Solution tour: 
0 17 24 8 35 33 35 8 32 34 7 5 7 2 7 8 30 11 27 8 1 17 25 21 
9 21 16 1 3 1 8 27 24 27 11 31 16 6 24 29 14 20 14 13 6 
13 14 0 22 17 
==============================

