=========== Input ===========
File name:                ./instances/created-instances/mm-25-10-1762875.cdop
Total node count:         36
Truck node count:         25
Drone node count:         10
=============================

========== Settings ==========
Settings file:        ./settings/Memetic-LS_MPX_1287823.config
Seed:                 1287823
Reduction method:     -
Max iter:             1000
Population size:      13
Crossover:            MA-MPX
Local Search:         -
==============================

====== Algorithm Status ======
Valor:                2954
Time:                 250
nIter:                471
Best Iter:            471
Improvement Count:    470
==============================
Solution tour: 
0 14 
5 
16 
2 
14 
24 13 33 
13 20 
10 
1 17 31 
17 30 
12 
8 
3 
23 18 
11 
18 23 
22 26 35 
20 35 19 24 
19 10 27 
9 29 
21 
15 11 32 29 21 
4 0 
7 
6 0 30 
==============================

====== Algorithm Status ======
Valor:                2954
Time:                 500
nIter:                937
Best Iter:            937
Improvement Count:    936
==============================
Solution tour: 
0 14 
5 
16 
2 
14 
24 13 33 
13 20 
10 
1 17 31 
17 30 
12 
8 
3 
23 18 
11 
18 23 
22 26 35 
20 35 19 24 
19 10 27 
9 29 
21 
15 11 32 29 21 
4 0 
7 
6 0 30 
==============================

====== Algorithm Status ======
Valor:                2954
Time:                 1002
nIter:                1935
Best Iter:            1935
Improvement Count:    1936
==============================
Solution tour: 
0 14 
5 
16 
2 
14 
24 13 33 
13 20 
10 
1 17 31 
17 30 
12 
8 
3 
23 18 
11 
18 23 
22 26 35 
20 35 19 24 
19 10 27 
9 29 
21 
15 11 32 29 21 
4 0 
7 
6 0 30 
==============================

====== Algorithm Status ======
Valor:                2954
Time:                 1002
nIter:                1935
Best Iter:            1935
Improvement Count:    1936
==============================
Solution tour: 
0 14 
5 
16 
2 
14 
24 13 33 
13 20 
10 
1 17 31 
17 30 
12 
8 
3 
23 18 
11 
18 23 
22 26 35 
20 35 19 24 
19 10 27 
9 29 
21 
15 11 32 29 21 
4 0 
7 
6 0 30 
==============================

