=========== Input ===========
File name:                ./instances/created-instances/mm-20-10-1767920.cdop
Total node count:         31
Truck node count:         20
Drone node count:         10
=============================

========== Settings ==========
Settings file:        ./settings/Memetic-LS_MPX_1099666.config
Seed:                 1099666
Reduction method:     -
Max iter:             1000
Population size:      13
Crossover:            MA-MPX
Local Search:         -
==============================

====== Algorithm Status ======
Valor:                2972
Time:                 250
nIter:                510
Best Iter:            510
Improvement Count:    509
==============================
Solution tour: 
0 24 21 
13 
1 
3 25 7 8 29 
15 
10 
9 
16 
6 
12 
8 26 7 
19 18 
4 18 
2 22 23 22 2 
5 2 
18 
7 16 9 30 28 
11 22 11 8 
14 
17 26 8 7 25 27 22 
==============================

====== Algorithm Status ======
Valor:                2972
Time:                 501
nIter:                1020
Best Iter:            1020
Improvement Count:    1019
==============================
Solution tour: 
0 24 21 
13 
1 
3 25 7 8 29 
15 
10 
9 
16 
6 
12 
8 26 7 
19 18 
4 18 
2 22 23 22 2 
5 2 
18 
7 16 9 30 28 
11 22 11 8 
14 
17 26 8 7 25 27 22 
==============================

====== Algorithm Status ======
Valor:                2972
Time:                 1001
nIter:                2044
Best Iter:            2044
Improvement Count:    2045
==============================
Solution tour: 
0 24 21 
13 
1 
3 25 7 8 29 
15 
10 
9 
16 
6 
12 
8 26 7 
19 18 
4 18 
2 22 23 22 2 
5 2 
18 
7 16 9 30 28 
11 22 11 8 
14 
17 26 8 7 25 27 22 
==============================

====== Algorithm Status ======
Valor:                2972
Time:                 1001
nIter:                2044
Best Iter:            2044
Improvement Count:    2045
==============================
Solution tour: 
0 24 21 
13 
1 
3 25 7 8 29 
15 
10 
9 
16 
6 
12 
8 26 7 
19 18 
4 18 
2 22 23 22 2 
5 2 
18 
7 16 9 30 28 
11 22 11 8 
14 
17 26 8 7 25 27 22 
==============================

