=========== Input ===========
File name:                ./instances/created-instances/mm-20-10-1110588.cdop
Total node count:         31
Truck node count:         20
Drone node count:         10
=============================

========== Settings ==========
Settings file:        ./settings/Memetic_MMX_1287823.config
Seed:                 1287823
Reduction method:     -
Max iter:             1000
Population size:      13
Crossover:            MA-MMX
Local Search:         LS
==============================

====== Algorithm Status ======
Valor:                3570
Time:                 251
nIter:                67
Best Iter:            67
Improvement Count:    66
==============================
Solution tour: 
0 19 25 10 28 20 8 4 20 28 10 25 23 24 
2 29 27 26 23 6 25 6 20 4 
18 4 20 4 12 4 5 14 5 25 22 30 25 5 20 18 20 3 29 23 29 27 23 25 19 
==============================

====== Algorithm Status ======
Valor:                3805
Time:                 500
nIter:                128
Best Iter:            128
Improvement Count:    127
==============================
Solution tour: 
0 19 25 30 25 5 28 10 28 20 28 5 25 23 24 2 29 
2 24 23 29 27 29 23 6 25 6 20 
18 20 4 
1 4 12 8 4 18 4 
20 8 12 4 5 
14 5 30 22 19 
==============================

====== Algorithm Status ======
Valor:                3829
Time:                 1002
nIter:                254
Best Iter:            254
Improvement Count:    255
==============================
Solution tour: 
0 19 25 5 28 10 28 20 28 5 25 23 24 2 29 
2 24 23 29 27 29 23 6 25 6 20 
18 20 4 8 
1 4 12 8 4 18 4 
20 8 12 4 5 
14 5 30 25 19 22 19 
==============================

====== Algorithm Status ======
Valor:                3829
Time:                 1002
nIter:                254
Best Iter:            254
Improvement Count:    255
==============================
Solution tour: 
0 19 25 5 28 10 28 20 28 5 25 23 24 2 29 
2 24 23 29 27 29 23 6 25 6 20 
18 20 4 8 
1 4 12 8 4 18 4 
20 8 12 4 5 
14 5 30 25 19 22 19 
==============================

