=========== Input ===========
File name:                ./instances/created-instances/mm-20-25-1110588.cdop
Total node count:         46
Truck node count:         20
Drone node count:         25
=============================

========== Settings ==========
Settings file:        ./settings/Memetic_MMX_1099666.config
Seed:                 1099666
Reduction method:     -
Max iter:             1000
Population size:      13
Crossover:            MA-MMX
Local Search:         LS
==============================

====== Algorithm Status ======
Valor:                5669
Time:                 253
nIter:                27
Best Iter:            27
Improvement Count:    26
==============================
Solution tour: 
0 34 24 43 16 19 38 16 38 30 38 19 31 19 34 25 34 6 
3 14 3 33 2 40 2 33 24 13 26 24 34 25 3 13 27 29 27 13 3 6 25 6 23 
13 24 33 40 45 11 45 36 45 10 15 11 15 10 45 36 20 42 20 36 44 35 21 39 32 43 37 3 
==============================

====== Algorithm Status ======
Valor:                5714
Time:                 503
nIter:                50
Best Iter:            50
Improvement Count:    49
==============================
Solution tour: 
0 34 24 43 39 19 16 19 38 16 38 30 38 19 31 19 34 25 34 6 
3 14 3 33 2 40 2 33 24 13 26 24 34 25 3 13 27 29 27 13 3 6 25 6 23 
13 24 33 40 45 11 45 36 45 10 15 11 15 10 45 36 20 42 20 36 44 35 21 39 32 43 37 3 
==============================

====== Algorithm Status ======
Valor:                5833
Time:                 1006
nIter:                89
Best Iter:            89
Improvement Count:    90
==============================
Solution tour: 
0 34 24 43 16 19 38 16 38 30 38 19 39 19 31 19 34 25 34 6 
3 14 3 33 2 40 2 33 24 13 26 24 34 25 33 3 13 27 29 27 13 3 6 25 6 23 
13 24 33 40 45 11 45 36 45 37 45 10 15 11 15 10 45 36 20 42 20 36 28 36 
==============================

====== Algorithm Status ======
Valor:                5833
Time:                 1006
nIter:                89
Best Iter:            89
Improvement Count:    90
==============================
Solution tour: 
0 34 24 43 16 19 38 16 38 30 38 19 39 19 31 19 34 25 34 6 
3 14 3 33 2 40 2 33 24 13 26 24 34 25 33 3 13 27 29 27 13 3 6 25 6 23 
13 24 33 40 45 11 45 36 45 37 45 10 15 11 15 10 45 36 20 42 20 36 28 36 
==============================

