=========== Input ===========
File name:                ./instances/created-instances/mm-25-25-1891798.cdop
Total node count:         51
Truck node count:         25
Drone node count:         25
=============================

========== Settings ==========
Settings file:        ./settings/Memetic_MMX_1881515.config
Seed:                 1881515
Reduction method:     -
Max iter:             1000
Population size:      13
Crossover:            MA-MMX
Local Search:         LS
==============================

====== Algorithm Status ======
Valor:                5524
Time:                 254
nIter:                19
Best Iter:            19
Improvement Count:    18
==============================
Solution tour: 
0 45 33 13 36 
8 37 35 37 42 15 42 28 4 27 41 17 29 17 30 12 35 
24 42 37 
5 37 24 35 5 12 5 50 22 16 46 44 16 25 16 22 36 19 36 0 26 49 25 47 41 27 22 27 4 48 11 27 11 47 31 40 31 41 43 38 45 
==============================

====== Algorithm Status ======
Valor:                5786
Time:                 503
nIter:                43
Best Iter:            43
Improvement Count:    42
==============================
Solution tour: 
0 45 36 8 30 15 42 15 29 17 29 40 17 41 27 47 11 47 4 11 48 28 4 2 43 2 4 27 11 27 35 24 35 37 35 5 37 42 37 17 40 31 
24 37 24 42 
5 24 5 33 45 38 49 25 16 22 16 25 47 31 41 27 4 22 45 20 50 47 15 37 5 36 0 26 0 36 19 36 45 
==============================

====== Algorithm Status ======
Valor:                6123
Time:                 1015
nIter:                95
Best Iter:            95
Improvement Count:    96
==============================
Solution tour: 
0 45 36 8 36 30 15 42 15 29 17 29 28 29 17 40 31 41 27 4 47 11 47 4 11 48 11 4 2 43 2 4 27 11 27 35 37 24 35 5 37 42 37 34 37 35 
24 37 33 5 41 31 
5 24 5 12 5 33 45 38 49 25 16 22 16 25 47 9 22 45 20 50 47 25 37 5 36 0 26 0 36 45 
==============================

====== Algorithm Status ======
Valor:                6123
Time:                 1015
nIter:                95
Best Iter:            95
Improvement Count:    96
==============================
Solution tour: 
0 45 36 8 36 30 15 42 15 29 17 29 28 29 17 40 31 41 27 4 47 11 47 4 11 48 11 4 2 43 2 4 27 11 27 35 37 24 35 5 37 42 37 34 37 35 
24 37 33 5 41 31 
5 24 5 12 5 33 45 38 49 25 16 22 16 25 47 9 22 45 20 50 47 25 37 5 36 0 26 0 36 45 
==============================

