=========== Input ===========
File name:                ./instances/created-instances/mm-25-10-1110588.cdop
Total node count:         36
Truck node count:         25
Drone node count:         10
=============================

========== Settings ==========
Settings file:        ./settings/Memetic-LS_MPX_1881515.config
Seed:                 1881515
Reduction method:     -
Max iter:             1000
Population size:      13
Crossover:            MA-MPX
Local Search:         -
==============================

====== Algorithm Status ======
Valor:                3116
Time:                 250
nIter:                495
Best Iter:            495
Improvement Count:    494
==============================
Solution tour: 
0 13 
24 
23 
13 
22 13 
2 
6 
16 
19 17 
18 31 
12 34 33 
1 
8 
9 20 
4 
20 
17 
7 
10 
11 15 28 
15 
21 35 
5 30 29 30 
14 30 13 0 
3 
==============================

====== Algorithm Status ======
Valor:                3116
Time:                 500
nIter:                1005
Best Iter:            1005
Improvement Count:    1004
==============================
Solution tour: 
0 13 
24 
23 
13 
22 13 
2 
6 
16 
19 17 
18 31 
12 34 33 
1 
8 
9 20 
4 
20 
17 
7 
10 
11 15 28 
15 
21 35 
5 30 29 30 
14 30 13 0 
3 
==============================

====== Algorithm Status ======
Valor:                3116
Time:                 1001
nIter:                2015
Best Iter:            2015
Improvement Count:    2016
==============================
Solution tour: 
0 13 
24 
23 
13 
22 13 
2 
6 
16 
19 17 
18 31 
12 34 33 
1 
8 
9 20 
4 
20 
17 
7 
10 
11 15 28 
15 
21 35 
5 30 29 30 
14 30 13 0 
3 
==============================

====== Algorithm Status ======
Valor:                3116
Time:                 1001
nIter:                2015
Best Iter:            2015
Improvement Count:    2016
==============================
Solution tour: 
0 13 
24 
23 
13 
22 13 
2 
6 
16 
19 17 
18 31 
12 34 33 
1 
8 
9 20 
4 
20 
17 
7 
10 
11 15 28 
15 
21 35 
5 30 29 30 
14 30 13 0 
3 
==============================

