=========== Input ===========
File name:                ./instances/created-instances/mm-25-10-1110588.cdop
Total node count:         36
Truck node count:         25
Drone node count:         10
=============================

========== Settings ==========
Settings file:        ./settings/Memetic-LS_MMX_1881515.config
Seed:                 1881515
Reduction method:     -
Max iter:             1000
Population size:      13
Crossover:            MA-MMX
Local Search:         -
==============================

====== Algorithm Status ======
Valor:                3153
Time:                 250
nIter:                529
Best Iter:            529
Improvement Count:    528
==============================
Solution tour: 
0 13 
24 
23 
13 
22 13 
2 
6 
16 
19 17 
18 31 
12 34 33 
1 
8 
9 20 
4 
20 
10 
11 15 28 
15 
21 35 
5 30 29 30 
14 30 13 0 
3 
==============================

====== Algorithm Status ======
Valor:                3153
Time:                 500
nIter:                1110
Best Iter:            1110
Improvement Count:    1109
==============================
Solution tour: 
0 13 
24 
23 
13 
22 13 
2 
6 
16 
19 17 
18 31 
12 34 33 
1 
8 
9 20 
4 
20 
10 
11 15 28 
15 
21 35 
5 30 29 30 
14 30 13 0 
3 
==============================

====== Algorithm Status ======
Valor:                3153
Time:                 1001
nIter:                2233
Best Iter:            2233
Improvement Count:    2234
==============================
Solution tour: 
0 13 
24 
23 
13 
22 13 
2 
6 
16 
19 17 
18 31 
12 34 33 
1 
8 
9 20 
4 
20 
10 
11 15 28 
15 
21 35 
5 30 29 30 
14 30 13 0 
3 
==============================

====== Algorithm Status ======
Valor:                3153
Time:                 1001
nIter:                2233
Best Iter:            2233
Improvement Count:    2234
==============================
Solution tour: 
0 13 
24 
23 
13 
22 13 
2 
6 
16 
19 17 
18 31 
12 34 33 
1 
8 
9 20 
4 
20 
10 
11 15 28 
15 
21 35 
5 30 29 30 
14 30 13 0 
3 
==============================

