=========== Input ===========
File name:                ./instances/created-instances/mm-20-25-1891798.cdop
Total node count:         46
Truck node count:         20
Drone node count:         25
=============================

========== Settings ==========
Settings file:        ./settings/Memetic-LS_MMX_1287823.config
Seed:                 1287823
Reduction method:     -
Max iter:             1000
Population size:      13
Crossover:            MA-MMX
Local Search:         -
==============================

====== Algorithm Status ======
Valor:                3526
Time:                 250
nIter:                307
Best Iter:            307
Improvement Count:    306
==============================
Solution tour: 
0 23 37 23 
7 23 19 29 
19 34 9 45 25 
8 40 
17 
15 
5 31 
6 15 35 28 43 
11 
3 21 26 27 38 
18 
1 26 39 4 11 
4 24 
9 
2 
16 
10 36 10 42 44 30 22 2 
13 
==============================

====== Algorithm Status ======
Valor:                3610
Time:                 503
nIter:                621
Best Iter:            621
Improvement Count:    620
==============================
Solution tour: 
0 23 37 23 
7 23 19 29 
19 34 9 45 25 
8 40 
17 
15 
5 31 
6 15 35 28 43 
11 
3 21 26 27 38 
18 
1 26 39 4 11 
4 24 
9 
2 
16 
10 36 10 42 44 30 22 30 22 45 
==============================

====== Algorithm Status ======
Valor:                3789
Time:                 1002
nIter:                1287
Best Iter:            1287
Improvement Count:    1288
==============================
Solution tour: 
0 23 37 23 
7 23 19 29 
19 34 9 45 25 
8 40 
17 
15 
5 15 
6 15 35 28 43 
11 21 27 38 
18 
1 26 39 26 39 4 11 
4 24 
9 
2 
16 
10 36 10 42 44 4 22 30 22 45 
==============================

====== Algorithm Status ======
Valor:                3789
Time:                 1002
nIter:                1287
Best Iter:            1287
Improvement Count:    1288
==============================
Solution tour: 
0 23 37 23 
7 23 19 29 
19 34 9 45 25 
8 40 
17 
15 
5 15 
6 15 35 28 43 
11 21 27 38 
18 
1 26 39 26 39 4 11 
4 24 
9 
2 
16 
10 36 10 42 44 4 22 30 22 45 
==============================

