=========== Input ===========
File name:                ./instances/created-instances/mm-25-25-1767920.cdop
Total node count:         51
Truck node count:         25
Drone node count:         25
=============================

========== Settings ==========
Settings file:        ./settings/Memetic_MPX_1881515.config
Seed:                 1881515
Reduction method:     -
Max iter:             1000
Population size:      13
Crossover:            MA-MPX
Local Search:         LS
==============================

====== Algorithm Status ======
Valor:                5204
Time:                 256
nIter:                27
Best Iter:            27
Improvement Count:    26
==============================
Solution tour: 
0 
13 46 
24 46 27 46 11 
8 47 
4 34 
19 31 32 29 41 20 13 
20 
21 37 
22 27 
11 30 
7 30 11 27 8 11 38 13 44 
17 42 35 33 17 44 22 49 
1 36 3 36 26 
18 26 
23 36 
3 35 42 17 41 
14 41 17 33 37 
25 22 3 16 9 10 
15 10 9 16 3 49 22 37 33 
==============================

====== Algorithm Status ======
Valor:                5228
Time:                 507
nIter:                50
Best Iter:            50
Improvement Count:    49
==============================
Solution tour: 
0 17 33 
17 44 13 46 8 13 38 9 
16 9 
6 12 46 27 11 8 46 24 
14 
24 44 11 30 
7 
8 47 
18 26 18 
19 4 47 11 
12 46 
13 
20 13 1 36 
3 16 
9 3 36 
23 30 8 11 27 8 27 11 8 46 27 46 47 
4 34 48 19 45 39 31 29 41 14 41 17 42 35 42 
25 33 37 22 49 22 9 22 
==============================

====== Algorithm Status ======
Valor:                5228
Time:                 1018
nIter:                97
Best Iter:            97
Improvement Count:    98
==============================
Solution tour: 
0 17 33 
17 44 13 46 8 13 38 9 
16 9 
6 12 46 27 11 8 46 24 
14 
24 44 11 30 
7 
8 47 
18 26 18 
19 4 47 11 
12 46 
13 
20 13 1 36 
3 16 
9 3 36 
23 30 8 11 27 8 27 11 8 46 27 46 47 
4 34 48 19 45 39 31 29 41 14 41 17 42 35 42 
25 33 37 22 49 22 9 22 
==============================

====== Algorithm Status ======
Valor:                5228
Time:                 1018
nIter:                97
Best Iter:            97
Improvement Count:    98
==============================
Solution tour: 
0 17 33 
17 44 13 46 8 13 38 9 
16 9 
6 12 46 27 11 8 46 24 
14 
24 44 11 30 
7 
8 47 
18 26 18 
19 4 47 11 
12 46 
13 
20 13 1 36 
3 16 
9 3 36 
23 30 8 11 27 8 27 11 8 46 27 46 47 
4 34 48 19 45 39 31 29 41 14 41 17 42 35 42 
25 33 37 22 49 22 9 22 
==============================

