=========== Input ===========
File name:                ./instances/created-instances/mm-20-10-1110588.cdop
Total node count:         31
Truck node count:         20
Drone node count:         10
=============================

========== Settings ==========
Settings file:        ./settings/Memetic-LS_MPX_1881515.config
Seed:                 1881515
Reduction method:     -
Max iter:             1000
Population size:      13
Crossover:            MA-MPX
Local Search:         -
==============================

====== Algorithm Status ======
Valor:                2496
Time:                 250
nIter:                510
Best Iter:            510
Improvement Count:    509
==============================
Solution tour: 
0 
13 24 
2 
6 25 30 
16 
19 22 25 6 23 
18 
12 14 27 14 20 4 
1 29 5 4 12 
8 
9 
11 
15 11 
10 
7 
17 12 
4 
5 
14 
3 
==============================

====== Algorithm Status ======
Valor:                2496
Time:                 500
nIter:                1056
Best Iter:            1056
Improvement Count:    1055
==============================
Solution tour: 
0 
13 24 
2 
6 25 30 
16 
19 22 25 6 23 
18 
12 14 27 14 20 4 
1 29 5 4 12 
8 
9 
11 
15 11 
10 
7 
17 12 
4 
5 
14 
3 
==============================

====== Algorithm Status ======
Valor:                2496
Time:                 1001
nIter:                2097
Best Iter:            2097
Improvement Count:    2098
==============================
Solution tour: 
0 
13 24 
2 
6 25 30 
16 
19 22 25 6 23 
18 
12 14 27 14 20 4 
1 29 5 4 12 
8 
9 
11 
15 11 
10 
7 
17 12 
4 
5 
14 
3 
==============================

====== Algorithm Status ======
Valor:                2496
Time:                 1001
nIter:                2097
Best Iter:            2097
Improvement Count:    2098
==============================
Solution tour: 
0 
13 24 
2 
6 25 30 
16 
19 22 25 6 23 
18 
12 14 27 14 20 4 
1 29 5 4 12 
8 
9 
11 
15 11 
10 
7 
17 12 
4 
5 
14 
3 
==============================

