=========== Input ===========
File name:                ./instances/created-instances/mm-5-10-1891798.cdop
Total node count:         16
Truck node count:         5
Drone node count:         10
=============================

========== Settings ==========
Settings file:        ./settings/Memetic_MPX_1287823.config
Seed:                 1287823
Reduction method:     -
Max iter:             1000
Population size:      13
Crossover:            MA-MPX
Local Search:         LS
==============================

====== Algorithm Status ======
Valor:                3122
Time:                 251
nIter:                187
Best Iter:            187
Improvement Count:    186
==============================
Solution tour: 
0 15 0 2 6 14 4 8 4 10 6 
5 6 0 6 2 10 1 13 
1 4 
3 7 3 4 14 12 14 6 10 5 
4 1 
2 11 9 8 10 2 
==============================

====== Algorithm Status ======
Valor:                3171
Time:                 501
nIter:                358
Best Iter:            358
Improvement Count:    357
==============================
Solution tour: 
0 15 0 2 6 14 4 8 4 
5 6 0 6 2 10 
2 11 9 2 
1 4 
3 7 13 7 3 4 14 12 14 6 10 6 5 
4 1 2 
==============================

====== Algorithm Status ======
Valor:                3171
Time:                 1002
nIter:                690
Best Iter:            690
Improvement Count:    691
==============================
Solution tour: 
0 15 0 2 6 14 4 8 4 
5 6 0 6 2 10 
2 11 9 2 
1 4 
3 7 13 7 3 4 14 12 14 6 10 6 5 
4 1 2 
==============================

====== Algorithm Status ======
Valor:                3171
Time:                 1002
nIter:                690
Best Iter:            690
Improvement Count:    691
==============================
Solution tour: 
0 15 0 2 6 14 4 8 4 
5 6 0 6 2 10 
2 11 9 2 
1 4 
3 7 13 7 3 4 14 12 14 6 10 6 5 
4 1 2 
==============================

