=========== Input ===========
File name:                ./instances/created-instances/mm-5-10-1110588.cdop
Total node count:         16
Truck node count:         5
Drone node count:         10
=============================

========== Settings ==========
Settings file:        ./settings/Memetic_MMX_1287823.config
Seed:                 1287823
Reduction method:     -
Max iter:             1000
Population size:      13
Crossover:            MA-MMX
Local Search:         LS
==============================

====== Algorithm Status ======
Valor:                2632
Time:                 250
nIter:                150
Best Iter:            150
Improvement Count:    149
==============================
Solution tour: 
0 13 0 5 3 5 9 5 14 5 0 15 12 15 7 
3 6 3 7 9 7 12 1 8 15 8 10 5 11 
5 2 5 15 
==============================

====== Algorithm Status ======
Valor:                2711
Time:                 501
nIter:                305
Best Iter:            305
Improvement Count:    304
==============================
Solution tour: 
0 5 14 5 
2 5 11 5 9 5 0 3 6 3 0 13 0 15 8 
1 8 10 8 15 7 3 7 9 7 15 12 15 
==============================

====== Algorithm Status ======
Valor:                2711
Time:                 1001
nIter:                606
Best Iter:            606
Improvement Count:    607
==============================
Solution tour: 
0 5 14 5 
2 5 11 5 9 5 0 3 6 3 0 13 0 15 8 
1 8 10 8 15 7 3 7 9 7 15 12 15 
==============================

====== Algorithm Status ======
Valor:                2711
Time:                 1001
nIter:                606
Best Iter:            606
Improvement Count:    607
==============================
Solution tour: 
0 5 14 5 
2 5 11 5 9 5 0 3 6 3 0 13 0 15 8 
1 8 10 8 15 7 3 7 9 7 15 12 15 
==============================

