=========== Input ===========
File name:                ./instances/created-instances/mm-5-40-1891798.cdop
Total node count:         46
Truck node count:         5
Drone node count:         40
=============================

========== Settings ==========
Settings file:        ./settings/Memetic-LS_MMX_1287823.config
Seed:                 1287823
Reduction method:     -
Max iter:             1000
Population size:      13
Crossover:            MA-MMX
Local Search:         -
==============================

====== Algorithm Status ======
Valor:                5818
Time:                 251
nIter:                154
Best Iter:            154
Improvement Count:    153
==============================
Solution tour: 
0 40 19 24 23 24 35 23 14 6 10 27 15 39 21 38 19 25 28 22 6 
4 13 16 7 
3 43 22 31 38 11 41 9 38 31 10 
1 13 12 36 8 
2 8 20 37 17 37 30 32 30 26 13 42 45 2 38 21 33 38 18 38 40 
==============================

====== Algorithm Status ======
Valor:                5899
Time:                 500
nIter:                301
Best Iter:            301
Improvement Count:    300
==============================
Solution tour: 
0 40 19 24 23 24 35 23 6 10 27 15 39 21 38 19 25 28 22 6 
4 13 16 7 
3 43 22 31 38 11 41 9 38 31 10 
1 13 12 36 8 
2 8 20 37 17 37 30 32 30 26 45 2 38 21 33 38 18 38 40 
==============================

====== Algorithm Status ======
Valor:                5899
Time:                 1001
nIter:                620
Best Iter:            620
Improvement Count:    621
==============================
Solution tour: 
0 40 19 24 23 24 35 23 6 10 27 15 39 21 38 19 25 28 22 6 
4 13 16 7 
3 43 22 31 38 11 41 9 38 31 10 
1 13 12 36 8 
2 8 20 37 17 37 30 32 30 26 45 2 38 21 33 38 18 38 40 
==============================

====== Algorithm Status ======
Valor:                5899
Time:                 1001
nIter:                620
Best Iter:            620
Improvement Count:    621
==============================
Solution tour: 
0 40 19 24 23 24 35 23 6 10 27 15 39 21 38 19 25 28 22 6 
4 13 16 7 
3 43 22 31 38 11 41 9 38 31 10 
1 13 12 36 8 
2 8 20 37 17 37 30 32 30 26 45 2 38 21 33 38 18 38 40 
==============================

