=========== Input ===========
File name:                ./instances/created-instances/mm-5-25-1891798.cdop
Total node count:         31
Truck node count:         5
Drone node count:         25
=============================

========== Settings ==========
Settings file:        ./settings/Memetic_MPX_1881515.config
Seed:                 1881515
Reduction method:     -
Max iter:             1000
Population size:      13
Crossover:            MA-MPX
Local Search:         LS
==============================

====== Algorithm Status ======
Valor:                4754
Time:                 254
nIter:                58
Best Iter:            58
Improvement Count:    57
==============================
Solution tour: 
0 21 19 11 19 21 0 11 21 25 5 14 23 12 13 
4 30 24 16 24 29 26 22 6 4 
1 13 1 7 1 4 
2 4 8 18 9 18 8 6 22 3 7 20 7 
3 20 3 22 
5 4 6 28 
==============================

====== Algorithm Status ======
Valor:                4797
Time:                 500
nIter:                119
Best Iter:            119
Improvement Count:    118
==============================
Solution tour: 
0 21 19 11 19 21 0 11 21 25 5 14 12 13 
4 5 30 24 16 24 29 23 26 22 6 4 
2 4 18 9 18 8 6 22 3 7 20 7 
1 13 1 4 13 
3 20 3 22 
5 4 6 28 
==============================

====== Algorithm Status ======
Valor:                4797
Time:                 1002
nIter:                235
Best Iter:            235
Improvement Count:    236
==============================
Solution tour: 
0 21 19 11 19 21 0 11 21 25 5 14 12 13 
4 5 30 24 16 24 29 23 26 22 6 4 
2 4 18 9 18 8 6 22 3 7 20 7 
1 13 1 4 13 
3 20 3 22 
5 4 6 28 
==============================

====== Algorithm Status ======
Valor:                4797
Time:                 1002
nIter:                235
Best Iter:            235
Improvement Count:    236
==============================
Solution tour: 
0 21 19 11 19 21 0 11 21 25 5 14 12 13 
4 5 30 24 16 24 29 23 26 22 6 4 
2 4 18 9 18 8 6 22 3 7 20 7 
1 13 1 4 13 
3 20 3 22 
5 4 6 28 
==============================

