=========== Input ===========
File name:                ./instances/created-instances/mm-5-10-1917698.cdop
Total node count:         16
Truck node count:         5
Drone node count:         10
=============================

========== Settings ==========
Settings file:        ./settings/Memetic-LS_MMX_1287823.config
Seed:                 1287823
Reduction method:     -
Max iter:             1000
Population size:      13
Crossover:            MA-MMX
Local Search:         -
==============================

====== Algorithm Status ======
Valor:                2615
Time:                 250
nIter:                1074
Best Iter:            1074
Improvement Count:    1073
==============================
Solution tour: 
0 
4 10 6 10 6 15 6 14 15 14 3 8 6 8 
1 8 
3 11 
2 3 2 3 12 13 12 3 11 3 10 12 10 3 7 9 
==============================

====== Algorithm Status ======
Valor:                2697
Time:                 500
nIter:                2126
Best Iter:            2126
Improvement Count:    2125
==============================
Solution tour: 
0 
4 10 6 10 6 15 6 14 15 14 3 8 6 8 
1 8 
3 2 3 12 13 12 3 11 12 11 3 10 12 10 3 7 9 
==============================

====== Algorithm Status ======
Valor:                2718
Time:                 1001
nIter:                4376
Best Iter:            4376
Improvement Count:    4377
==============================
Solution tour: 
0 
4 10 6 10 4 6 15 14 15 14 3 8 6 8 
1 8 
3 2 3 12 13 12 3 11 12 11 3 10 12 10 3 7 9 
==============================

====== Algorithm Status ======
Valor:                2718
Time:                 1001
nIter:                4376
Best Iter:            4376
Improvement Count:    4377
==============================
Solution tour: 
0 
4 10 6 10 4 6 15 14 15 14 3 8 6 8 
1 8 
3 2 3 12 13 12 3 11 12 11 3 10 12 10 3 7 9 
==============================

