=========== Input ===========
File name:                ./instances/created-instances/mm-5-10-1917698.cdop
Total node count:         16
Truck node count:         5
Drone node count:         10
=============================

========== Settings ==========
Settings file:        ./settings/Memetic_MPX_1287823.config
Seed:                 1287823
Reduction method:     -
Max iter:             1000
Population size:      13
Crossover:            MA-MPX
Local Search:         LS
==============================

====== Algorithm Status ======
Valor:                3010
Time:                 250
nIter:                149
Best Iter:            149
Improvement Count:    148
==============================
Solution tour: 
0 14 15 14 2 0 
5 12 2 7 2 3 9 
3 8 6 12 13 12 6 10 6 8 
1 8 3 12 10 
4 2 4 10 12 3 11 3 
2 14 
==============================

====== Algorithm Status ======
Valor:                3115
Time:                 504
nIter:                300
Best Iter:            300
Improvement Count:    299
==============================
Solution tour: 
0 14 15 14 2 7 2 
3 8 6 12 11 12 13 12 6 10 3 10 6 8 
1 8 3 12 10 
4 2 4 10 12 3 11 3 2 14 0 
5 0 9 
==============================

====== Algorithm Status ======
Valor:                3115
Time:                 1002
nIter:                557
Best Iter:            557
Improvement Count:    558
==============================
Solution tour: 
0 14 15 14 2 7 2 
3 8 6 12 11 12 13 12 6 10 3 10 6 8 
1 8 3 12 10 
4 2 4 10 12 3 11 3 2 14 0 
5 0 9 
==============================

====== Algorithm Status ======
Valor:                3115
Time:                 1002
nIter:                557
Best Iter:            557
Improvement Count:    558
==============================
Solution tour: 
0 14 15 14 2 7 2 
3 8 6 12 11 12 13 12 6 10 3 10 6 8 
1 8 3 12 10 
4 2 4 10 12 3 11 3 2 14 0 
5 0 9 
==============================

