=========== Input ===========
File name:                ./instances/created-instances/mm-5-40-1891798.cdop
Total node count:         46
Truck node count:         5
Drone node count:         40
=============================

========== Settings ==========
Settings file:        ./settings/Memetic_MMX_1099666.config
Seed:                 1099666
Reduction method:     -
Max iter:             1000
Population size:      13
Crossover:            MA-MMX
Local Search:         LS
==============================

====== Algorithm Status ======
Valor:                6876
Time:                 261
nIter:                16
Best Iter:            16
Improvement Count:    15
==============================
Solution tour: 
0 33 18 38 11 21 11 38 33 38 21 38 2 8 2 45 14 29 14 16 7 16 43 1 16 7 
3 7 20 26 36 6 4 8 18 8 27 11 41 9 39 15 44 0 40 25 28 5 37 17 37 5 28 19 32 30 32 14 13 12 35 23 24 23 35 22 6 10 42 10 6 22 31 40 
==============================

====== Algorithm Status ======
Valor:                6871
Time:                 501
nIter:                34
Best Iter:            34
Improvement Count:    33
==============================
Solution tour: 
0 33 18 2 38 11 21 11 38 33 38 21 38 2 8 2 45 14 29 14 32 37 17 37 30 32 26 14 29 14 16 13 7 16 43 1 16 7 
3 7 20 26 36 6 4 8 18 8 2 11 41 9 39 15 44 33 0 40 25 28 5 37 17 37 5 28 32 30 32 14 12 35 23 24 23 35 22 6 10 42 10 6 22 45 19 31 40 
==============================

====== Algorithm Status ======
Valor:                7127
Time:                 1031
nIter:                85
Best Iter:            85
Improvement Count:    86
==============================
Solution tour: 
0 40 8 4 13 43 45 2 38 21 38 33 11 2 11 33 38 18 8 6 22 45 18 10 6 8 18 38 2 8 2 45 22 26 14 29 14 13 16 7 
3 7 20 36 6 4 8 41 9 39 15 44 40 31 25 28 5 37 17 37 5 32 30 32 14 35 23 24 23 35 12 43 22 6 10 42 10 4 6 45 19 31 40 
==============================

====== Algorithm Status ======
Valor:                7127
Time:                 1031
nIter:                85
Best Iter:            85
Improvement Count:    86
==============================
Solution tour: 
0 40 8 4 13 43 45 2 38 21 38 33 11 2 11 33 38 18 8 6 22 45 18 10 6 8 18 38 2 8 2 45 22 26 14 29 14 13 16 7 
3 7 20 36 6 4 8 41 9 39 15 44 40 31 25 28 5 37 17 37 5 32 30 32 14 35 23 24 23 35 12 43 22 6 10 42 10 4 6 45 19 31 40 
==============================

