=========== Input ===========
File name:                ./instances/created-instances/mm-5-10-1762875.cdop
Total node count:         16
Truck node count:         5
Drone node count:         10
=============================

========== Settings ==========
Settings file:        ./settings/Memetic-LS_MMX_1287823.config
Seed:                 1287823
Reduction method:     -
Max iter:             1000
Population size:      13
Crossover:            MA-MMX
Local Search:         -
==============================

====== Algorithm Status ======
Valor:                2012
Time:                 250
nIter:                1640
Best Iter:            1640
Improvement Count:    1639
==============================
Solution tour: 
0 7 14 
4 14 7 
3 13 3 2 1 2 8 
1 8 2 11 5 15 5 10 6 
==============================

====== Algorithm Status ======
Valor:                2012
Time:                 500
nIter:                3321
Best Iter:            3321
Improvement Count:    3320
==============================
Solution tour: 
0 7 14 
4 14 7 
3 13 3 2 1 2 8 
1 8 2 11 5 15 5 10 6 
==============================

====== Algorithm Status ======
Valor:                2012
Time:                 1001
nIter:                6814
Best Iter:            6814
Improvement Count:    6815
==============================
Solution tour: 
0 7 14 
4 14 7 
3 13 3 2 1 2 8 
1 8 2 11 5 15 5 10 6 
==============================

====== Algorithm Status ======
Valor:                2012
Time:                 1001
nIter:                6814
Best Iter:            6814
Improvement Count:    6815
==============================
Solution tour: 
0 7 14 
4 14 7 
3 13 3 2 1 2 8 
1 8 2 11 5 15 5 10 6 
==============================

