=========== Input ===========
File name:                ./instances/created-instances/mm-5-40-1762875.cdop
Total node count:         46
Truck node count:         5
Drone node count:         40
=============================

========== Settings ==========
Settings file:        ./settings/Memetic_MPX_1099666.config
Seed:                 1099666
Reduction method:     -
Max iter:             1000
Population size:      13
Crossover:            MA-MPX
Local Search:         LS
==============================

====== Algorithm Status ======
Valor:                5797
Time:                 261
nIter:                20
Best Iter:            20
Improvement Count:    19
==============================
Solution tour: 
0 26 11 15 30 15 20 16 8 41 
4 41 12 42 14 25 19 25 14 36 14 23 20 17 11 17 44 39 30 36 44 
3 27 35 17 23 28 45 40 45 
5 8 41 43 27 7 36 30 39 44 23 44 39 31 10 31 39 32 
1 18 31 34 33 37 9 13 38 6 
==============================

====== Algorithm Status ======
Valor:                6178
Time:                 506
nIter:                42
Best Iter:            42
Improvement Count:    41
==============================
Solution tour: 
0 26 11 15 30 15 23 16 11 26 5 
2 37 33 21 24 32 39 30 36 7 27 35 42 35 43 35 22 
4 41 14 25 19 25 14 36 30 34 20 17 36 44 
3 23 28 5 45 40 45 
5 8 41 4 35 7 35 27 3 44 23 44 29 
1 18 31 10 31 38 13 38 6 
==============================

====== Algorithm Status ======
Valor:                6179
Time:                 1012
nIter:                87
Best Iter:            87
Improvement Count:    88
==============================
Solution tour: 
0 26 11 15 30 15 23 20 28 16 11 26 5 
2 37 33 21 24 32 39 30 36 7 27 35 42 35 43 35 22 
4 41 14 25 19 25 14 36 30 34 20 17 36 44 
3 23 28 5 45 40 45 
5 8 41 4 22 35 7 35 27 3 44 23 44 29 
1 18 31 10 31 38 13 38 6 
==============================

====== Algorithm Status ======
Valor:                6179
Time:                 1012
nIter:                87
Best Iter:            87
Improvement Count:    88
==============================
Solution tour: 
0 26 11 15 30 15 23 20 28 16 11 26 5 
2 37 33 21 24 32 39 30 36 7 27 35 42 35 43 35 22 
4 41 14 25 19 25 14 36 30 34 20 17 36 44 
3 23 28 5 45 40 45 
5 8 41 4 22 35 7 35 27 3 44 23 44 29 
1 18 31 10 31 38 13 38 6 
==============================

