=========== Input ===========
File name:                ../instances/realistic-instances/20-10-1917698.cdop
Total node count:         31
Truck node count:         20
Drone node count:         10
=============================

Version identifier: 22.2.0.0 | 2026-05-04 | 5dff98e58
CPXPARAM_Threads                                 6
CPXPARAM_TimeLimit                               1024
Legacy callback                                  LD
Lazy constraint(s) or lazy constraint/branch callback is present.
    Disabling dual reductions (CPX_PARAM_REDUCE) in presolve.
    Disabling presolve reductions that prevent crushing forms (CPX_PARAM_PREREFORM).
         Disabling repeat represolve because of lazy constraint/incumbent callback.
Tried aggregator 1 time.
MIP Presolve eliminated 42 rows and 21 columns.
MIP Presolve modified 506142 coefficients.
Reduced MIP has 16367 rows, 425653 columns, and 2196449 nonzeros.
Reduced MIP has 425192 binaries, 0 generals, 0 SOSs, and 0 indicators.
Presolve time = 1.24 sec. (1309.19 ticks)
Probing time = 0.26 sec. (136.06 ticks)
Clique table members: 232.
MIP emphasis: balance optimality and feasibility.
MIP search method: traditional branch-and-cut.
Parallel mode: deterministic, using up to 6 threads.
Root relaxation solution time = 21.82 sec. (16905.47 ticks)

        Nodes                                         Cuts/
   Node  Left     Objective  IInf  Best Integer    Best Bound    ItCnt     Gap         Variable B NodeID Parent  Depth

      0     0     1926.0752   154                   1926.0752      200         
      0     0     1901.5137   150                    Cuts: 90     3352         
      0     0     1901.1135   150                    Cuts: 52     4153         
      0     0     1901.1135   167                     Cuts: 9     4176         
      0     0     1901.1135   140                     Cuts: 9     4242         
      0     0     1901.1135   140                    Cuts: 14     4258         
Heuristic still looking.
Heuristic still looking.
Heuristic still looking.
      0     2     1901.1135   140                   1901.1135     4258                                 0             0
Elapsed time = 145.89 sec. (179457.47 ticks, tree = 0.02 MB, solutions = 0)
      1     3     1899.7736   152                   1901.0902     4684                  x410259 N      5      0      1
      2     3     1899.7736   153                   1900.9987     5124                  x410259 U      6      0      1
      3     4     1899.1745    80                   1900.9987     5745                      x41 N      4      5      2
      4     6     1899.1745    58                   1899.7709     6632                  x410069 D     10      4      3
      5     6     1899.1745    56                   1899.7709     6623                  x410069 N      2      4      3
      6     4     1898.6955   145                   1899.7709     6212                      x41 U     11      5      2
      7     5     1897.4560   137                   1899.7709     8034                  x312387 N      3      6      2
      9     5     1899.1745    88                   1899.7696     7569                  x312387 U     12      6      2
     10    12     1899.1745    69                   1899.1745    13495                  x410069 D     18     12      3
     11     7     1898.6659    87                   1899.1745     8625                     x107 N      1     10      4
Elapsed time = 196.38 sec. (203212.18 ticks, tree = 0.02 MB, solutions = 0)
     12     7     1898.6427    58                   1899.1745     9189                     x107 D     16     10      4
     14    10     1895.6943   140                   1899.1745    12935                     x255 D      9      3      3
     15    11     1895.7701   147                   1899.1745    12984                     x527 D     23     17      4
     16    13     1898.9935   138                   1899.1745    14952                     x116 D     24     18      4
     17    17     1895.6905   115                   1899.1745    24784                      x74 U     29     23      5
     18    20     1895.4868   149                   1899.1745    26501                     x238 D     35     29      6
     21    19     1898.6659    93                   1899.1745    27934                     x116 U     30     18      4
     22    14     1898.2794   140                   1899.1745    21283                     x106 D     22     16      5
     23    15     1898.2794   147                   1899.1745    24219                     x106 D     14      8      5
     24    21     1895.1977   118                   1899.1745    27429                     x109 D     41     35      7
Elapsed time = 289.52 sec. (240147.02 ticks, tree = 1.39 MB, solutions = 0)
     27    23     1898.4535    98                   1899.1745    33675                      x28 U     13      7      6
     28    25     1898.0123    82                   1899.1745    40359                      x64 D     28     22      6
     30    28     1893.5066   154                   1899.1745    43597                     x238 U     27     21      6
     31    26     1898.0123    80                   1899.1745    43992                     x255 U     20     14      6
     32    27     1891.1158   155                   1899.1745    46535                     x109 U     47     35      7
     35    32     1891.9607   167                   1899.1745    49971                     x238 D     33     21      6
     36    25     1895.7263   165                   1899.1745    38704                     x527 U     42     24      5
     39    34     1897.9693    92                   1899.1745    52731                      x60 D     32     20      7
     41    36     1895.1049   142                   1899.1745    54397                  x410105 U     65     53      9
     42    40     1897.7574   138                   1899.1745    64910                  x213066 D     38     32      8
Elapsed time = 351.35 sec. (276660.46 ticks, tree = 3.33 MB, solutions = 0)
     43    41     1897.7125   126                   1899.1745    65273                     x527 D     44     38      9
     45    31     1887.9805   131                   1899.1745    51713                  x167908 U     25     13      7
     49    45     1894.9451   141                   1899.1745    66413                      x49 D     83     77     11
     51    30     1886.6263   200                   1899.1745    51083                      x64 U     34     22      6
     52    45     1898.4307   113                   1899.1745    71828                  x284846 D     31     19      8
     54    47     1894.8922   135                   1899.1745    67352                     x118 D     95     83     12
     55    48     1894.7632   115                   1899.1745    67662                      x28 U    101     89     13
     57    40     1892.1909    73                   1899.1745    66092                     x118 D     57     45      9
     58    49     1892.4420    92                   1899.1745    80784                     x118 U     63     45      9
     59    37     1891.7900   140                   1899.1745    65705                     x109 U     54     36      6
Elapsed time = 411.55 sec. (299116.51 ticks, tree = 2.77 MB, solutions = 0)
     62    52     1892.1350    72                   1899.1745    81645                      x48 U     81     75     12
     63    50     1892.3853   140                   1899.1745    70737                      x84 D    113    101     14
     64    58     1894.7016    89                   1899.1745    92763                     x140 D    119    107     15
     66    46     1887.9805   122                   1899.1745    76573                  x284846 U     37     19      8
     67    64     1898.4211   108                   1899.1745   105735                   x50903 D     43     31      9
     69    59     1883.8411    98                   1899.1745    94696                     x140 U    125    107     15
     75    66     1898.3739   111                   1899.1745   106403                      x63 U     55     49     11
     76    65     1894.6857   109                   1899.1745    94921                      x96 U    161    155     20
     78    51     1896.9884    82                   1899.1745    91328                     x106 U     60     48      7
     80    46     1897.1102   124                   1899.1745    81811                      x60 D     40     28      7
Elapsed time = 466.57 sec. (317667.04 ticks, tree = 3.99 MB, solutions = 0)
     81    73     1884.5982    84                   1899.1745   108148                  x220984 U    173    161     21
     84    74     1894.6608    85                   1899.1745   108420                      x50 U    179    167     22
     86    62     1897.6232   133                   1899.1745    99337                     x247 D     62     50     11
     87    75     1894.2348    91                   1899.1745   109448                   x84514 U    185    179     23
     89    77     1894.1510    98                   1899.1745   110436                  x336475 D    197    185     24
     90    74     1898.2346    71                   1899.1745   114901                      x30 D     72     66      8
     92    78     1882.8355    73                   1899.1745   111799                  x336475 U    203    185     24
     94    79     1897.5522   115                   1899.1745   125919                  x312387 D     80     74     13
     95    85     1893.7894   106                   1899.1745   130964                      x94 U    209    197     25
     96    76     1895.7374   133                   1899.1745   123529                      x30 U     78     66      8
Elapsed time = 550.13 sec. (346439.87 ticks, tree = 8.27 MB, solutions = 0)
     97    86     1891.6496   102                   1899.1745   131991                      x94 D    215    197     25
     99    53     1886.9565    65                   1899.1745    90877                      x48 D     87     75     12
    101    88     1893.7164   112                   1899.1745   132279                     x239 D    227    221     27
    104    80     1888.5525   123                   1899.1745   129187                  x312387 U     86     74     13
    105    81     1897.5194   115                   1899.1745   129292                  x310516 D     92     80     14
    107    91     1893.7065    98                   1899.1745   133230                  x160196 D    245    233     29
    109    77     1898.0123    79                   1899.1745   127001                     x107 D     84     72      9
    111    92     1893.5910   114                   1899.1745   135020                     x241 D    251    245     30
    113    83     1884.0110    73                   1899.1745   132943                  x410027 D    104     92     15
    117    98     1898.1850   100                   1899.1745   146199                     x292 D     91     85     16
Elapsed time = 610.68 sec. (369120.42 ticks, tree = 11.10 MB, solutions = 0)
    118   104     1893.5391   100                   1899.1745   154599                     x111 U    257    251     31
    119    91     1875.6301    57                   1899.1745   146136                      x50 D     99     81     13
    121   105     1893.3783   106                   1899.1745   155645                  x160614 D    263    257     32
    122   106     1893.3261   104                   1899.1745   155817                      x36 U    269    263     33
    125   108     1893.0504   116                   1899.1745   156732                      x44 U    281    275     35
    126   109     1892.9910    97                   1899.1745   156918                  x257697 D    287    281     36
    128    99     1891.9312   106                   1899.1745   149435                     x292 U     97     85     16
    129    97     1894.1156    78                   1899.1745   153956                      x60 U     96     84     10
    131   111     1896.6473   112                   1899.1745   165295                     x102 D    116    110     17
    134   122     1897.9693   118                   1899.1745   178501                     x238 U    114    108     12
Elapsed time = 674.79 sec. (391360.09 ticks, tree = 14.31 MB, solutions = 0)
    135    77     1891.5349   112                   1899.1745   121085                     x237 D     64     52      9
    136   110     1865.3391   114                   1899.1745   160182                  x257697 U    293    281     36
    137   133     1892.6998   113                   1899.1745   193497                  x410257 D    299    287     37
    139   134     1892.6871    97                   1899.1745   193608                     x436 U    305    299     38
    140   122     1877.7662    82                   1899.1745   187633                     x102 U    122    110     17
    141   119     1892.4113    70                   1899.1745   176469                     x118 U    109     91     17
    142   126     1896.6473    94                   1899.1745   188484                     x306 D     70     58     10
    144   135     1897.9758    98                   1899.1745   196335                  x410338 D    115    103     18
    145   135     1881.5745   113                   1899.1745   196100                     x436 D    311    299     38
    146   136     1892.6494   101                   1899.1745   196288                  x410261 D    317    305     39
Elapsed time = 753.20 sec. (416950.57 ticks, tree = 15.69 MB, solutions = 0)
    147   123     1896.1533    70                   1899.1745   190342                     x138 U    128    116     18
    148   137     1890.3049   107                   1899.1745   197946                     x237 U    323    317     40
    150   147     1890.0211   104                   1899.1745   213704                  x126958 D    335    323     41
    152   149     1889.7540   103                   1899.1745   214685                   x84145 D    347    341     43
    156   127     1896.1533    64                   1899.1745   192437                     x138 U     76     70     11
    158   153     1888.9472    86                   1899.1745   215739                  x127438 D    371    365     47
    159   154     1888.6083   116                   1899.1745   216519                   x84265 D    377    371     48
    160   140     1897.5194   119                   1899.1745   206273                      x74 U    132    120     14
    162   155     1888.4918   122                   1899.1745   217051                  x127330 D    383    377     49
    169   160     1888.2965   119                   1899.1745   217717                   x84808 D    413    407     54
Elapsed time = 825.84 sec. (443785.22 ticks, tree = 20.30 MB, solutions = 0)
    176   148     1894.7277    81                   1899.1745   224134                     x138 D     82     70     11
    180   165     1853.0134   106                   1899.1745   220970                   x84415 U    443    431     58
    193   188     1887.8080   111                   1899.1745   250611                  x127249 D    521    515     71
    216   158     1897.8976    78                   1899.1745   245550                     x255 U    139    127     21
    224   214     1870.9349    90                   1899.1745   252254                   x84664 U    677    665     96
    228   218     1887.1332   104                   1899.1745   253150                   x84551 D    701    695    100
    233   159     1889.6129   119                   1899.1745   249162                     x255 D    145    127     21
    236   222     1885.9160    93                   1899.1745   254732                     x316 U    725    719    104
    240   185     1879.1368    60                   1899.1745   278802                      x64 U    162    144     17
    244   236     1801.9633    50                   1899.1745   289000                     x316 D    731    719    104
Elapsed time = 959.61 sec. (492642.63 ticks, tree = 34.20 MB, solutions = 0)
    255   155     1882.9489    76                   1899.1745   250993                      x38 D    135    117     16
    265   241     1891.6705    64                   1899.1745   303651                      x60 D    141    129     17
    275   192     1893.1635    99                   1899.1745   287031                      x48 D    169    157     24
    282   261     1867.1300   123                   1899.1745   292973                   x84432 U    881    869    127

Clique cuts applied:  8
Cover cuts applied:  1
Implied bound cuts applied:  25
Flow cuts applied:  21
Mixed integer rounding cuts applied:  15
Zero-half cuts applied:  6

Root node processing (before b&c):
  Real time             =  144.52 sec. (177558.49 ticks)
Parallel b&c, 6 threads:
  Real time             =  880.10 sec. (339947.48 ticks)
  Sync time (average)   =   53.10 sec.
  Wait time (average)   =    0.00 sec.
                          ------------
Total (root+branch&cut) = 1024.61 sec. (517505.97 ticks)
========================================
STATUS DA SOLUCAO: AbortTimeLim
========================================
Nao ha solucao viavel disponivel para impressao.
