=========== Input ===========
File name:                ../instances/realistic-instances/5-10-1110588.cdop
Total node count:         16
Truck node count:         5
Drone node count:         10
=============================

Version identifier: 22.2.0.0 | 2026-05-04 | 5dff98e58
CPXPARAM_Threads                                 6
CPXPARAM_TimeLimit                               1024
Legacy callback                                  LD
Lazy constraint(s) or lazy constraint/branch callback is present.
    Disabling dual reductions (CPX_PARAM_REDUCE) in presolve.
    Disabling presolve reductions that prevent crushing forms (CPX_PARAM_PREREFORM).
         Disabling repeat represolve because of lazy constraint/incumbent callback.
Tried aggregator 1 time.
MIP Presolve eliminated 12 rows and 6 columns.
MIP Presolve modified 9132 coefficients.
Reduced MIP has 977 rows, 9553 columns, and 49818 nonzeros.
Reduced MIP has 9512 binaries, 0 generals, 0 SOSs, and 0 indicators.
Presolve time = 0.02 sec. (31.27 ticks)
Probing time = 0.01 sec. (4.79 ticks)
Cover probing fixed 0 vars, tightened 99 bounds.
Clique table members: 22.
MIP emphasis: balance optimality and feasibility.
MIP search method: traditional branch-and-cut.
Parallel mode: deterministic, using up to 6 threads.
Root relaxation solution time = 0.10 sec. (156.25 ticks)

        Nodes                                         Cuts/
   Node  Left     Objective  IInf  Best Integer    Best Bound    ItCnt     Gap         Variable B NodeID Parent  Depth

      0     0     1978.1880    42                   1978.1880       15         
      0     0     1976.3250    57                    Cuts: 10      105         
      0     0     1976.0811    64                    Cuts: 16      144         
      0     0     1976.0811    70                     Cuts: 7      151         
      0     2     1976.0811    58                   1976.0811      151                                 0             0
Elapsed time = 1.13 sec. (3262.15 ticks, tree = 0.02 MB, solutions = 0)
      4     6     1970.5246    63                   1974.7924      731                      x75 D     18     12      3
     26    16     1969.6560    45                   1974.6829     2130                    x8248 D     16     10      4
     47    40     1963.4572    51                   1974.5134     5572                    x5428 D     49     43     10
     65    61     1961.6660    29                   1974.5134    10627                      x44 D     39     27      6
     90    80     1957.7035    52                   1974.5134    13332                    x2781 D    136    130     17
    124    98     1951.3086    25                   1974.5134    16890                      x46 D    133    127     20
    150   121     1948.7131    51                   1974.5134    19176                      x64 U    143    131     16
    186   169     1935.3236    60                   1974.5134    25351                    x8717 D    211    205     33
    224   197     1953.8427    33                   1974.5134    30771                      x23 U    179    173     20
    367   331     1946.9142    43                   1974.5134    45775                      x45 D    204    192     26
Elapsed time = 3.37 sec. (6470.82 ticks, tree = 2.51 MB, solutions = 0)
    471   367     1938.8039    47                   1974.5134    50339                      x90 D    240    234     30
    599   539     1860.2636    54                   1974.5134    71053                      x39 U    761    755     98
    694   601     1958.4755    43                   1972.3139    78563                      x33 D   1031   1025      8
    770   689     1798.0504    15                   1972.3139    93664                      x57 D    555    549     80
    836   785     1936.0818    64                   1972.3139   113905                      x40 D   1193   1187     28
    929   849     1838.0202     5                   1972.3139   126526                    x2914 U    618    606     74
    980   868    infeasible                         1970.1085   135930                      x49 U   1403   1391     57
   1025   935     1928.4199    41                   1970.1085   153674                      x12 U    813    801     26
   1086   997     1896.0000     6                   1970.1085   174778                    x1754 D    934    928     81
   1137  1027     1842.0000    34                   1970.1085   183482                    x8706 U   1101   1095     69
Elapsed time = 11.10 sec. (16178.27 ticks, tree = 11.61 MB, solutions = 0)
   1181  1072     1902.0000    10                   1970.1085   206897                    x2641 U   1285   1273     67
   1211  1109     1855.0000    32                   1970.1085   219574                    x5792 D   1346   1340     77
   1275  1137     1950.7220    46                   1970.1085   245158                      x35 D   1269   1263     14
   1319  1147     1905.2487    56                   1970.1085   251046                      x45 U   1532   1526     26
   1398  1229     1963.9799    99                   1970.1085   271486                    x2906 N   1682     40      7
   1473  1285     1932.6067    42                   1970.1085   288435                      x38 D   1874   1868     33
   1542  1299     1954.0065    58                   1969.8437   298717                      x43 U   1204   1198     10
   1651  1401     1866.7002    24                   1968.2435   316505                      x63 U   1444   1438     42
   1722  1526     1879.4170    62                   1968.2435   347027                      x73 U   1314   1296     44
   1811  1549     1941.3581    44                   1967.7323   355699                      x79 D   1771   1765     13
Elapsed time = 18.08 sec. (25907.55 ticks, tree = 20.75 MB, solutions = 0)
   1870  1666     1892.9752    78                   1967.7323   385530                      x56 U   1959   1953     38
   1962  1686     1937.7268    17                   1967.7323   392050                      x14 U   1858   1852     31
   2050  1791     1923.4103    32                   1967.7323   408062                      x23 D   2020   2014     58
   2109  1887     1847.0000    40                   1966.8463   433157                      x74 U   2189   2183     69
   2187  1929     1948.9773    33                   1966.8463   441610                      x12 D   2427   2415     14
   2309  1961     1928.8704    29                   1966.8463   445287                      x29 D   2619   2613     44
   2392  2120     1833.8946    83                   1966.8463   482868                      x42 D   1998   1992     60
   2480  2167     1856.6151    46                   1966.8463   491552                      x92 D   2365   2359     31
   2548  2267     1930.5372    69                   1966.1298   512253                    x8692 D   2396   2384     18
   2630  2335     1893.7162   107                   1966.1298   531205                      x23 U   2522   2510     36
Elapsed time = 25.84 sec. (35585.87 ticks, tree = 36.15 MB, solutions = 0)
   2722  2454     1832.0000    33                   1966.1298   554915                    x4996 D   2160   2154     82
   2797  2529     1821.7608    38                   1966.1021   569590                      x14 U   3011   3005    105
   2871  2511     1845.2523    37                   1966.1021   568481                      x60 D   3106   3100     53
   2959  2579     1916.1040    47                   1966.1021   583321                      x21 U   2935   2923     16
   3054  2678     1863.6499    57                   1965.4849   611022                      x40 D   3055   3043     29
   3145  2746     1918.4571    93                   1965.4622   631264                      x38 D   2478   2472     37
   3219  2831     1843.1926    50                   1965.4139   643382                    x2479 D   3605   3599     80
   3306  2958     1930.9540    83                   1965.4139   670570                      x17 D   3779   3767     27
   3395  2986     1880.0000    17                   1965.4139   689225                    x4535 D   3489   3483     90
   3459  3085     1880.0000    11                   1965.4139   719771                    x1923 D   3507   3495     92
Elapsed time = 33.29 sec. (45273.20 ticks, tree = 51.83 MB, solutions = 0)
   3516  3130     1892.0000     8                   1965.4139   734343                    x2913 U   2958   2952    117
   3592  3202     1930.6581    82                   1965.4139   752513                      x11 U   3637   3631     12
   3687  3205     1828.0000    14                   1965.4139   760731                    x8781 D   3597   3591    103
   3774  3366    infeasible                         1965.4139   801802                    x3355 U   4439   4427    124
   3857  3401     1929.4644    78                   1965.4139   812335                      x15 U   3670   3664     11
   3929  3465     1914.4375    27                   1965.4139   819808                      x52 D   3807   3801     25
   3967  3489     1813.5010    32                   1965.4139   829510                      x30 D   3504   3498     56
   4014  3633     1892.9275    71                   1964.8870   873014                      x54 U   4051   4045     72
   4114  3645     1892.8492    48                   1964.6029   874251                      x13 U   4129   4117     84
   4192  3804     1861.2305    26                   1964.6029   909400                      x47 D   4150   4144     73
Elapsed time = 41.20 sec. (54988.10 ticks, tree = 67.17 MB, solutions = 0)
   4221  3778     1809.5478    53                   1964.6029   907877                    x3866 U   4291   4279    103
   4252  3814     1843.2286    44                   1964.6029   916030                    x2407 U   4101   4083     68
   4321  3844     1899.5617    40                   1964.6029   922790                      x49 D   4925   4919     51
   4379  3936     1897.1435    45                   1964.6029   954096                    x1092 D   4991   4985     60
   4452  3956     1781.9691    39                   1964.6029   968084                      x63 U   3630   3618     73
   4548  4083     1913.0000    10                   1964.6029   985095                    x8414 D   4708   4702     84
   4629  4083    infeasible                         1964.6029   989753                    x2901 U   4423   4411    118
   4685  4105     1928.5055    60                   1964.6029   993644                      x17 D   4555   4549     25
   4755  4266     1905.9297    56                   1964.6029  1025983                      x23 D   5441   5435     34
   4821  4264     1939.7755    77                   1964.6029  1024492                      x12 D   5050   5044     16
Elapsed time = 48.79 sec. (64890.17 ticks, tree = 78.28 MB, solutions = 0)
   4895  4442     1909.4992    28                   1964.6029  1073238                      x50 U   4765   4753     56
   4947  4455     1907.9491    29                   1963.9445  1076447                      x53 U   4843   4837     67
   5026  4498     1921.1133    24                   1963.9068  1092748                      x52 D   3924   3918     18
   5109  4508     1897.6979    44                   1963.9068  1090919                      x56 U   5404   5398     75
   5167  4660     1912.1716    19                   1963.9068  1134679                      x46 D   4062   4056     39
   5221  4619     1898.1409    54                   1963.9068  1124136                      x53 U   5181   5175     63
   5263  4743     1850.2050    40                   1963.9068  1156566                    x5619 U   5277   5265     75
   5307  4749     1850.0658    52                   1963.9068  1158067                      x19 D   5325   5319     82
   5349  4860     1948.0182   115                   1963.9068  1192624                    x2693 D   5029   5023      7
   5410  4878     1911.8291    94                   1963.9068  1196001                      x38 D   5149   5143     26
Elapsed time = 56.25 sec. (74563.58 ticks, tree = 93.90 MB, solutions = 0)
   5502  4967     1890.1385    39                   1963.9068  1230446                      x18 D   5956   5950     44
   5561  4924     1907.4945    61                   1963.9068  1213687                      x45 D   5637   5631     51
   5620  4932     1845.8066    51                   1963.9068  1218725                      x32 D   5341   5335     57
   5674  5098     1839.7902    44                   1963.9068  1258707                    x2545 D   5437   5431     73
   5728  5112     1888.0000    13                   1963.9068  1268020                    x5568 D   6130   6124     72
   5781  5227     1888.0000    20                   1963.9068  1306330                    x5915 D   6196   6190     82
   5837  5152     1734.0000     6                   1963.9068  1286379                    x5350 D   5738   5732    150
   5908  5308     1933.8975   134                   1963.9068  1329528                      x69 D   5665   5659     13
   5989  5328     1891.6719    69                   1963.9068  1332964                      x50 U   5797   5785     29
   6083  5345     1944.0976    93                   1963.9068  1336325                      x69 U   5947   5941      9
Elapsed time = 63.65 sec. (84190.00 ticks, tree = 106.20 MB, solutions = 0)
   6149  5496     1895.5856    63                   1963.5484  1365844                    x6029 D   6067   6061     29
   6244  5574     1909.1145   106                   1963.2927  1383347                      x38 D   6856   6850     36
   6325  5591     1905.5802    65                   1963.2927  1386703                      x56 U   6958   6946     49
   6373  5724     1872.3472    51                   1963.2927  1428089                      x64 D   7084   7078     68
   6421  5673     1893.5408    60                   1963.2927  1420260                    x7789 D   7235   7229     68
   6509  5868     1756.0000    11                   1963.2927  1458620                    x2385 U   6553   6547    109
   6558  5896     1751.4171    21                   1963.2927  1473116                      x16 U   5190   5178    109
   6619  5908     1906.1536    45                   1963.2927  1471826                      x72 D   7408   7402     37
   6671  6060     1904.7273    36                   1963.2927  1508430                    x4014 D   7516   7510     55
   6914  6167     1770.5032     7                   1963.2927  1543508                    x6796 U   6621   6609     89
Elapsed time = 74.10 sec. (96697.16 ticks, tree = 128.27 MB, solutions = 0)
*  6994  6302      integral     0     1675.0000     1963.2927  1572920   17.21%
   7066  6337     1901.7731    56     1675.0000     1963.1939  1595595   17.21%             x35 D   7763   7757     25
   7223  6478     1930.3652    78     1675.0000     1963.1939  1651506   17.21%           x2119 D   7304   7298     16
   7420  6608     1809.0000     8     1675.0000     1963.1939  1698305   17.21%           x7183 U   7604   7598     66
   7679  6820     1890.1962    66     1675.0000     1962.2570  1758453   17.15%             x38 D   8381   8375     40
   8010  7074     1838.7569    51     1675.0000     1962.1991  1817814   17.15%             x31 U   8599   8593     69
   8324  7385     1894.9858   119     1675.0000     1961.7645  1901828   17.12%             x76 D   8564   8552     26
   8652  7725     1804.0000    14     1675.0000     1961.7645  1968502   17.12%           x4586 D   7194   7188     88
   8919  8000     1796.8952    62     1675.0000     1961.3375  2044267   17.09%           x4610 U   9469   9463     73
   9193  8140     1809.0000    46     1675.0000     1961.3065  2069781   17.09%           x6052 D   8997   8991    114
   9546  8552     1904.6833    53     1675.0000     1961.1715  2170569   17.08%           x5752 U   9784   9778     48
Elapsed time = 104.20 sec. (135078.82 ticks, tree = 196.40 MB, solutions = 1)
   9845  8756     1753.4082    18     1675.0000     1960.9302  2223166   17.07%           x5428 D  10651  10645     89
  10139  9082     1916.1097    55     1675.0000     1960.8973  2289890   17.07%             x76 D  10606  10600     21
  10420  9242     1884.3575    34     1675.0000     1960.8966  2318661   17.07%             x45 D  11057  11051     53
  10639  9511     1827.0000    10     1675.0000     1960.8966  2387985   17.07%           x4586 D  11369  11363    104
  10895  9795     1938.7518    46     1675.0000     1960.7244  2445123   17.06%             x64 D  10748  10742     16
  11182  9977     1878.8006    57     1675.0000     1960.7132  2484209   17.06%             x56 U  10485  10479     46
  11415 10188    infeasible           1675.0000     1960.7127  2538555   17.06%           x3253 U  12281  12269    118
  11732 10507     1787.9221    55     1675.0000     1960.7127  2600362   17.06%             x20 D  12653  12647     74
  11942 10778     1743.0000    12     1675.0000     1960.7127  2653276   17.06%           x1355 D  12845  12839    106
  12097 11003     1742.0000     3     1675.0000     1960.7127  2715941   17.06%           x7644 D  12959  12953    123
Elapsed time = 136.37 sec. (173368.84 ticks, tree = 276.38 MB, solutions = 1)
  12354 11071     1908.9623   116     1675.0000     1960.3569  2745915   17.04%           x5976 U  11864  11852     15
  12602 11309     1812.0000    28     1675.0000     1960.3260  2818005   17.03%           x2045 D  12045  12039     75
  12807 11533     1795.0000     2     1675.0000     1960.3260  2875969   17.03%            x731 U  13786  13774     91
* 12855 11519      integral     0     1795.0000     1960.3260  2875972    9.21%
  12966 10091     1895.1911    65     1795.0000     1960.3260  2943939    9.21%             x46 D  14026  14020     49
  13237 10240     1884.3387    62     1795.0000     1960.3038  3002224    9.21%             x39 U  14212  14206     80
  13527 10305     1798.0000    44     1795.0000     1959.8753  3031480    9.19%           x6046 D  12992  12986     87
  13885 10817     1809.0000    20     1795.0000     1959.8753  3126347    9.19%           x3566 D  15029  15023    146
  14202 10872     1895.3211    34     1795.0000     1959.8667  3135271    9.18%             x25 D  12480  12474     43
  14499 11222     1899.4584    92     1795.0000     1959.3411  3203348    9.16%           x1225 D  13929  13923     27
  14830 11602     1867.3851    68     1795.0000     1959.0878  3287543    9.14%             x26 U  13068  13062     37
Elapsed time = 169.13 sec. (211678.25 ticks, tree = 307.95 MB, solutions = 2)
  15041 11891    infeasible           1795.0000     1959.0777  3337340    9.14%           x7955 D  14607  14601    139
  15252 12107     1928.6925    73     1795.0000     1959.0565  3382670    9.14%             x12 D  15847  15841     17
* 15309 12025      integral     0     1811.0000     1959.0565  3369379    8.18%
  15412 11729     1892.8493    27     1811.0000     1959.0322  3436319    8.17%             x48 U  13980  13974     30
  15564 11897     1850.0000    24     1811.0000     1959.0322  3479855    8.17%           x8708 D  14148  14136     54
  15701 12001     1865.2431    41     1811.0000     1958.7909  3534625    8.16%           x2785 D  16630  16624     82
  15819 12062    infeasible           1811.0000     1958.7901  3554172    8.16%           x8738 D  15639  15633     96
  15878 12273     1882.0000     8     1811.0000     1958.7901  3676064    8.16%           x6255 D  16985  16979     71
  16011 12313     1874.2196    51     1811.0000     1958.7901  3693333    8.16%             x63 D  16972  16966     47
  16149 12467     1862.0000    21     1811.0000     1958.6716  3757554    8.15%           x7863 D  17242  17230     91
  16268 12527     1902.6244    60     1811.0000     1958.6716  3782017    8.15%             x54 D  15224  15218     38
Elapsed time = 204.72 sec. (250229.88 ticks, tree = 341.82 MB, solutions = 3)
  16405 12646     1837.0000    19     1811.0000     1958.5367  3828834    8.15%           x4416 D  17776  17770     64
  16537 12766     1928.0787    88     1811.0000     1958.5367  3902674    8.15%             x86 D  17956  17950     12
  16683 12852    infeasible           1811.0000     1958.2802  3924812    8.13%           x5348 U  17125  17113     66
  16829 12922     1832.0000     3     1811.0000     1958.2802  3973031    8.13%           x5398 D  15312  15300    113
  16996 13181     1842.1943    38     1811.0000     1958.2802  4059310    8.13%           x8176 D  17731  17725    107
  17114 13284     1925.1652   110     1811.0000     1958.2802  4081665    8.13%           x1675 D  18455  18449     15
  17218 13473     1862.1465    90     1811.0000     1958.2802  4148146    8.13%             x61 D  18821  18815     75
  17432 13519     1897.8696   108     1811.0000     1957.9696  4189342    8.12%             x34 D  15986  15980     35
  17609 13643     1875.3520    65     1811.0000     1957.9696  4223858    8.12%           x1092 D  19493  19487     74
  17849 13910     1818.1982    83     1811.0000     1957.9696  4307103    8.12%             x62 D  18823  18817     87
Elapsed time = 240.88 sec. (288637.92 ticks, tree = 396.37 MB, solutions = 3)
  18015 13976     1840.0000    11     1811.0000     1957.9696  4328273    8.12%           x2145 D  19799  19793    124
  18179 14264     1862.1605   152     1811.0000     1957.9696  4418691    8.12%           x4785 D  20045  20039     44
  18393 14269     1857.7687    97     1811.0000     1957.9696  4408003    8.12%           x4206 D  19543  19537     68
  18565 14405     1849.6465    50     1811.0000     1957.9696  4468446    8.12%             x62 D  16776  16770     71
  18733 14527     1902.5747    68     1811.0000     1957.9696  4506519    8.12%             x38 D  20191  20185     47
  18934 14832     1850.0000    56     1811.0000     1957.9696  4589826    8.12%           x5577 D  20545  20539    106
  19101 14877     1854.2339    86     1811.0000     1957.4186  4609639    8.08%             x13 D  21209  21197     31
  19375 15079     1840.1074    64     1811.0000     1957.4186  4647396    8.08%             x16 D  17886  17880     60
  19553 15166     1857.1758    36     1811.0000     1957.4186  4727489    8.08%           x5752 D  17120  17114     43
  19770 15472     1820.1412    72     1811.0000     1956.3640  4788822    8.03%             x52 D  19390  19384     50
Elapsed time = 277.67 sec. (327047.40 ticks, tree = 462.88 MB, solutions = 3)
  20035 15921     1883.0422   108     1811.0000     1956.0003  4917132    8.01%             x48 U  17498  17486     45
  20279 15776        cutoff           1811.0000     1955.7588  4877130    7.99%             x17 U  18882  18870     66
  20530 16212     1927.4417   174     1811.0000     1955.7292  4985066    7.99%             x11 D  19332   1037      9
  20756 16391     1884.8012    49     1811.0000     1955.7292  5054694    7.99%             x37 D  18200  18194     51
  20900 16509     1842.0000    54     1811.0000     1955.7292  5086810    7.99%           x8720 U  21279  21273    135
  21054 16635     1834.0000    77     1811.0000     1955.7292  5109784    7.99%           x2331 D  19998  19992    120
  21268 16707     1840.0000    35     1811.0000     1955.7292  5145640    7.99%           x4104 D  20272  20266    138
  21422 17147     1893.3981   145     1811.0000     1955.7292  5296870    7.99%             x63 U  24185  24167     19
  21557 17229    infeasible           1811.0000     1955.7292  5334451    7.99%           x5753 U  20208  20196    152
  21787 17284     1828.1162    74     1811.0000     1955.7292  5346435    7.99%             x58 D  20580  20574     81
Elapsed time = 313.82 sec. (365761.54 ticks, tree = 543.22 MB, solutions = 3)
  21960 17473     1902.4987    35     1811.0000     1955.1785  5405385    7.96%             x58 D  24899  24893     48
  22205 17736     1881.5020    77     1811.0000     1954.8417  5497158    7.94%           x5976 D  21238  21232     55
  22370 17943     1839.0927    44     1811.0000     1954.8417  5566358    7.94%           x5428 D  21120  21114     54
  22518 18033     1852.3326    13     1811.0000     1954.8417  5589934    7.94%             x62 D  20252  20246     60
  22683 18123     1853.0000    58     1811.0000     1954.0728  5615604    7.90%           x5882 D  21718  21712    134
  22860 18280     1866.7926    64     1811.0000     1954.0728  5657920    7.90%           x2620 D  24123  24117     72
  23070 18389     1835.9660   104     1811.0000     1953.9401  5724706    7.89%             x42 D  22156  22150     33
  23288 18760     1813.0000    22     1811.0000     1953.9401  5837068    7.89%           x5350 D  22558  22552    100
  23477 19068     1820.9541    61     1811.0000     1953.9401  5931120    7.89%             x49 D  24945  24939     53
  23672 19111     1899.4448    55     1811.0000     1953.8300  5941887    7.89%           x5369 U  25233  25227     45
Elapsed time = 348.51 sec. (404072.54 ticks, tree = 625.31 MB, solutions = 3)
  23837 19136     1887.6297    54     1811.0000     1953.6951  5957525    7.88%             x40 D  22170  22164     56
  23958 19460     1900.5951    80     1811.0000     1953.6951  6063750    7.88%           x5399 D  21800  21794     25
  24104 19385     1833.6756    27     1811.0000     1953.2623  6039235    7.86%             x50 D  25713  25701     33
  24343 19546     1903.1225    62     1811.0000     1953.0863  6096734    7.85%           x5497 D  22692  22686     39
  24595 19764     1905.0064   112     1811.0000     1953.0207  6162028    7.84%            x572 D  27041  27029     24
  24743 19840     1872.0000    10     1811.0000     1953.0207  6191102    7.84%           x2568 D  22322  22316    111
  24905 20144     1827.9216    57     1811.0000     1952.7708  6260907    7.83%           x5847 D  27027  27021     70
  25103 20223     1903.6572    94     1811.0000     1952.7708  6297768    7.83%           x3784 D  27647  27641     53
  25315 20601     1897.4275    84     1811.0000     1952.6100  6418180    7.82%           x1092 D  27851  27845     87
  25556 20602    infeasible           1811.0000     1952.5970  6402169    7.82%           x5614 D  28059  28053    101
Elapsed time = 383.77 sec. (442521.60 ticks, tree = 693.70 MB, solutions = 3)
  25752 20976     1850.6671    59     1811.0000     1952.4460  6531211    7.81%             x54 D  28347  28341     43
  25952 21093     1846.7652    36     1811.0000     1952.4460  6555351    7.81%             x62 D  24904  24898     76
  26153 21140     1851.7030    98     1811.0000     1952.4460  6565337    7.81%             x27 D  25222  25216     55
  26421 21134     1843.9106    97     1811.0000     1952.3257  6590707    7.80%             x17 D  28283  28277     36
  26620 21414     1882.0000    44     1811.0000     1952.3129  6667544    7.80%           x3921 D  26491  26485     98
  26808 21710     1889.3974    74     1811.0000     1952.3129  6727648    7.80%             x22 D  29105  29099     31
  26930 21942     1890.8290    83     1811.0000     1952.3129  6782530    7.80%           x3156 D  25818  25812     50
  27098 22013     1895.0263    45     1811.0000     1952.3129  6804598    7.80%             x29 D  29589  29583     51
  27259 22297     1814.0000    10     1811.0000     1952.3129  6898894    7.80%           x8956 D  25154  25148    101
  27422 22529     1920.2406   151     1811.0000     1952.3129  6973767    7.80%             x73 U  29825  29819      7
Elapsed time = 421.22 sec. (480830.58 ticks, tree = 784.03 MB, solutions = 3)
  27602 22738     1890.4606    49     1811.0000     1952.3129  7033028    7.80%             x23 D  25844  25838     59
* 27615+22393                         1831.0000     1952.3129             6.63%
  27714 22614     1897.2890    67     1831.0000     1952.3129  6996369    6.63%           x8696 U  30371  30359     19
  27833 20487     1899.5214    40     1831.0000     1952.3129  7089136    6.63%             x25 D  27364  27358     62
  27985 20457     1840.3207    98     1831.0000     1951.7890  7072531    6.60%             x19 D  30123  30117     69
  28158 20550     1905.7120    91     1831.0000     1951.7890  7149436    6.60%             x25 D  27012  27006     49
  28283 20814     1887.7414    83     1831.0000     1951.7890  7250239    6.60%           x2780 D  31049  31043     93
  28411 21061     1907.3071    78     1831.0000     1951.6534  7317315    6.59%             x17 D  27493  27487     32
  28523 20862     1894.7658    83     1831.0000     1951.5632  7266710    6.58%           x7759 U  31379  31373     25
  28617 21190     1858.7162    92     1831.0000     1951.5632  7383295    6.58%             x61 D  31589  31583     60
  28714 21280     1882.3110    80     1831.0000     1951.5632  7412556    6.58%             x28 U  26960  26954     38
Elapsed time = 458.74 sec. (519461.11 ticks, tree = 739.18 MB, solutions = 4)
  28793 21297     1902.1066   170     1831.0000     1951.5632  7425201    6.58%           x8698 U  27134    133     21
  28893 21347     1848.6950    70     1831.0000     1951.5632  7434943    6.58%           x2723 D  27434  27428     71
  29108 21601     1837.0000    68     1831.0000     1951.5632  7562616    6.58%           x2919 D  27426  27420    118
  29239 21569     1907.2132    47     1831.0000     1951.5632  7539505    6.58%           x1616 D  32615  32609     69
  29305 21667     1846.0000    28     1831.0000     1951.5632  7625069    6.58%           x1251 D  27925  27919    104
  29414 21670    infeasible           1831.0000     1951.5632  7592148    6.58%           x4547 D  27888  27882    192
  29508 21905     1846.0000    43     1831.0000     1951.4530  7697933    6.58%           x5348 D  28412  28406     79
  29604 22027     1867.9971    51     1831.0000     1951.4530  7735731    6.58%             x38 D  28350  28344     31
* 29648+22106                         1846.0000     1951.4530             5.71%
  29720 22144     1849.0000    12     1846.0000     1951.4530  7795699    5.71%           x1080 D  28402  28396     75
  29839 19275     1918.7417   118     1846.0000     1951.1760  7846178    5.70%             x31 U  28333  28327     18
Elapsed time = 499.94 sec. (558109.46 ticks, tree = 659.04 MB, solutions = 5)
  30010 19251     1908.5021    66     1846.0000     1951.1760  7798862    5.70%             x48 U  33041  33035     50
  30174 19282     1901.7544    37     1846.0000     1951.1760  7843073    5.70%           x6215 U  28788  28776     23
* 30296+19430                         1856.0000     1951.0977             5.12%
  30312 19601     1875.4552    53     1856.0000     1951.0977  7995018    5.12%             x27 D  28909  28903     40
  30467 19559     1896.1226    74     1856.0000     1950.7053  7978442    5.10%             x11 U  29298  29292     36
  30658 19603    infeasible           1856.0000     1950.6661  7990419    5.10%           x4856 D  29586  29580     84
  30763 17582     1877.0000    67     1856.0000     1950.5146  8099798    5.09%           x7183 D  33821  33809     90
  30887 17928        cutoff           1856.0000     1950.4914  8248844    5.09%             x24 D  29498  29480     38
  31011 17976     1906.5316    58     1856.0000     1950.4914  8259320    5.09%             x40 D  29822  29816     49
  31063 17918     1858.2828    36     1856.0000     1950.4914  8229360    5.09%           x7835 D  29644  29638     59
  31138 18238     1906.3179    18     1856.0000     1950.4914  8396315    5.09%             x80 D  30164  30158     27
Elapsed time = 539.64 sec. (596720.99 ticks, tree = 619.58 MB, solutions = 6)
  31235 18183     1911.3886    80     1856.0000     1950.4914  8374459    5.09%             x45 D  33519  33513     51
  31315 18085     1868.7408    98     1856.0000     1950.4914  8339014    5.09%             x12 D  30016  30010     30
  31386 18110     1920.0069    71     1856.0000     1950.4914  8344808    5.09%             x34 D  30202  30196     31
  31452 18524     1878.0000    23     1856.0000     1950.4914  8542618    5.09%           x5550 D  30530  30524     88
  31484 18487     1909.9409   111     1856.0000     1950.4914  8526607    5.09%             x14 U  34053  34047     16
  31564 18528     1887.9680    51     1856.0000     1950.4914  8538233    5.09%             x17 D  34335  34329     35
  31651 18734     1888.5887   113     1856.0000     1950.4914  8620809    5.09%             x34 D  34755  34749     49
  31706 18722     1877.0000    33     1856.0000     1950.4377  8653586    5.09%           x3591 D  29827  29821    149
  31771 18770     1891.8920   111     1856.0000     1950.4377  8718527    5.09%             x58 D  34163  34157     64
  31873 18849     1927.1495    70     1856.0000     1950.4377  8743761    5.09%           x5976 D  35367  35361     21
Elapsed time = 584.54 sec. (635441.88 ticks, tree = 649.03 MB, solutions = 6)
  31937 18751     1874.6867    68     1856.0000     1950.4377  8699015    5.09%             x80 U  30746  30734     37
  32011 18990     1897.9980   176     1856.0000     1950.4377  8806243    5.09%             x31 U  34565  34547     25
  32117 19022     1936.1650   125     1856.0000     1950.4377  8817389    5.09%             x60 D  34817  34811      9
  32205 18962     1906.7179    67     1856.0000     1950.4377  8806824    5.09%             x33 U  31352   2967     13
  32311 19317     1860.0548    33     1856.0000     1950.3990  8987144    5.09%             x37 N  30486  30474     25
  32406 19347     1864.9305   100     1856.0000     1950.3990  8997693    5.09%           x8694 D  30696  30690     28
  32527 19387     1893.3493    45     1856.0000     1950.3990  9007608    5.09%           x8176 D  30960  30954     58
  32632 19299     1894.2841    89     1856.0000     1950.3990  8976137    5.09%           x2693 D  35315  35309     25
  32716 19519     1900.9163    86     1856.0000     1950.3990  9092102    5.09%             x15 U  32504  32498     44
  32868 19556     1867.9019    59     1856.0000     1950.3990  9124091    5.09%             x25 D  35693  35687     52
Elapsed time = 627.14 sec. (674615.43 ticks, tree = 686.41 MB, solutions = 6)
  32985 19581     1889.8994    66     1856.0000     1950.3990  9112298    5.09%             x25 D  32930  32924     41
* 32989+19567                         1859.0000     1950.3990             4.92%
  33059 19666     1922.9411   134     1859.0000     1950.3990  9172542    4.92%             x48 U  31590  31584     13
  33204 19339     1876.3705    43     1859.0000     1950.3990  9298493    4.92%             x58 D  31932  31926     47
  33352 19387     1881.6256    95     1859.0000     1950.3990  9348448    4.92%             x31 U  37149  37143     25
  33542 19590     1898.5191    94     1859.0000     1950.3990  9419350    4.92%             x21 D  33326  33320     42
  33694 19460     1892.5763    74     1859.0000     1950.3990  9368310    4.92%             x34 D  37677  37671     51
  33888 19337     1899.0456    78     1859.0000     1950.0426  9340676    4.90%             x64 D  30271  30265     25
  34090 19915     1882.4903    76     1859.0000     1948.5069  9521302    4.81%             x37 D  38187  38175     50
  34320 20174     1877.5896    47     1859.0000     1948.3601  9591258    4.81%             x51 D  34358  34352     54
  34519 20215     1896.7565    79     1859.0000     1948.3133  9602483    4.80%           x3156 D  34640  34634     30
Elapsed time = 664.17 sec. (713103.00 ticks, tree = 730.00 MB, solutions = 7)
  34725 20265     1923.1959    63     1859.0000     1948.1699  9628628    4.80%             x53 U  37331  37325     17
  34872 20789     1875.6161    71     1859.0000     1948.1699  9820944    4.80%             x64 U  35072  35060     32
  34991 20800     1886.3947    55     1859.0000     1948.1415  9828308    4.80%             x48 U  35186  35180     24
  35196 20844     1863.5486    61     1859.0000     1948.1415  9839970    4.80%             x12 D  35474  35468     40
  35442 20884     1870.4235    83     1859.0000     1947.8887  9850401    4.78%             x40 D  35732  35726     50
  35620 21272     1918.2654   115     1859.0000     1947.7774  9989312    4.78%             x64 D  38225  38219     21
  35812 21488     1908.8773    62     1859.0000     1947.7129 10060201    4.77%             x52 D  34638  34632     43
  36022 21323     1896.1803    54     1859.0000     1947.7129 10001308    4.77%           x8121 D  38531  38525     72
  36183 21470     1890.3059    83     1859.0000     1947.5398 10050761    4.76%           x4322 D  36578  36572     21
  36283 21752     1900.6214    81     1859.0000     1947.5398 10147655    4.76%           x5379 U  40269  40263     66
Elapsed time = 702.36 sec. (751492.37 ticks, tree = 813.34 MB, solutions = 7)
  36364 21645        cutoff           1859.0000     1947.5398 10128385    4.76%             x34 D  33493  33487     30
  36454 22025     1928.5832   114     1859.0000     1947.5398 10247918    4.76%             x33 D  33727  33721     12
  36591 22226     1896.0020    61     1859.0000     1947.5398 10320800    4.76%           x3823 D  37544  37538     82
  36702 22249     1886.1403    90     1859.0000     1947.5398 10331642    4.76%             x69 U  37730  37718     20
  36795 22215     1905.2152   124     1859.0000     1947.5398 10316329    4.76%             x69 D  35880  35874     27
  36880 22295     1890.5056    88     1859.0000     1947.5398 10354444    4.76%           x8696 D  38132  38126     25
  36997 22305    infeasible           1859.0000     1947.5398 10377209    4.76%           x3061 D  33784  33778    107
  37126 22680     1872.1019    51     1859.0000     1947.5398 10524475    4.76%             x19 D  38582  38576     69
  37214 22526     1894.7725   102     1859.0000     1947.5398 10458623    4.76%           x7717 D  39185  39179     67
  37318 22997     1928.5405   144     1859.0000     1947.5398 10653186    4.76%             x73 U  38960  38954     16
Elapsed time = 747.72 sec. (790137.78 ticks, tree = 881.23 MB, solutions = 7)
  37424 22842     1900.7408    51     1859.0000     1947.5398 10587678    4.76%           x7835 D  37410  37404     29
  37540 23051     1866.4059    65     1859.0000     1947.5398 10671489    4.76%           x3156 D  39284  39278     70
  37638 23122     1903.1594    35     1859.0000     1947.5398 10711240    4.76%             x58 D  37854  37848     45
  37686 23135     1902.3565    32     1859.0000     1947.5398 10719914    4.76%             x29 D  37932  37926     58
  37809 23267     1900.8868   105     1859.0000     1947.5398 10756795    4.76%             x38 D  40415  40409     29
  37939 23234     1896.6164   108     1859.0000     1947.5398 10737887    4.76%             x14 U  38568  38562     30
  38039 23485     1870.3947    87     1859.0000     1947.5398 10907629    4.76%           x4154 D  38868  38862     49
  38109 23517     1923.8067    77     1859.0000     1947.5398 10917781    4.76%             x12 D  39138  39132     15
  38244 23672     1882.0000    66     1859.0000     1947.5398 11044399    4.76%           x4008 D  40581  40575    118
* 38351+23524                         1902.0000     1946.5737             2.34%
  38376 23590     1876.5410    98     1902.0000     1946.5737 10950605    2.34%           x3156 D  40460  40454     26
Elapsed time = 790.63 sec. (828557.52 ticks, tree = 913.86 MB, solutions = 8)
  38545 23679    infeasible           1902.0000     1946.5737 11057716    2.34%           x2152 D  40635  40629    127
  38710 23678    infeasible           1902.0000     1946.5737 11063974    2.34%           x2152 U  40641  40629    127
  39012  8978     1924.1836   125     1902.0000     1945.3810 11107604    2.28%             x81 D  40290  40284     15
* 39229+ 9012                         1909.0000     1945.3810             1.91%
  39286  9050     1910.5982    97     1909.0000     1945.2537 11219572    1.90%           x5752 U  35149   1158     25
  39540  9096     1914.7714    87     1909.0000     1945.2537 11254913    1.90%             x54 D  41583  41577     34
  39827  6350     1928.5289   103     1909.0000     1945.0951 11338389    1.89%             x60 D  42320  42314     24
  40072  6559     1914.3672    79     1909.0000     1944.8500 11408744    1.88%           x8686 U  35869  35863     24
  40321  6700        cutoff           1909.0000     1944.4066 11460001    1.85%             x56 D  42243    777     22
  40633  7002     1917.6158    64     1909.0000     1944.3493 11552567    1.85%           x2859 U  43220  43214     24
  40934  7239     1914.4741    72     1909.0000     1944.3493 11635638    1.85%             x73 D  42867  42861     20
Elapsed time = 826.88 sec. (866813.00 ticks, tree = 267.44 MB, solutions = 9)
  41229  7362     1925.6819    39     1909.0000     1944.2035 11688879    1.84%             x44 D  37003  36997     15
  41553  7427     1914.1711    48     1909.0000     1943.7846 11700611    1.82%             x32 D  37459  37453     61
  41839  7565        cutoff           1909.0000     1943.7761 11739487    1.82%             x33 U  43044  43032     32
  42058  7644        cutoff           1909.0000     1943.3541 11787805    1.80%           x7644 U  44669  44651     22
  42291  8042        cutoff           1909.0000     1943.2879 11903766    1.80%             x11 D  44337   2979     14
  42580  8346     1924.7858   107     1909.0000     1943.1321 11989178    1.79%           x4014 D  43800  43794     36
* 42792  8259      integral     0     1911.0000     1942.9645 11964990    1.67%
  42821  8139     1915.3756    62     1911.0000     1942.8249 11927833    1.67%           x4429 D  45003  44997     38
  43069  7737     1931.6303    76     1911.0000     1942.3752 12150132    1.64%             x16 D  39229  39223     23
  43351  7772     1914.3287   120     1911.0000     1941.6586 12161517    1.60%             x12 D  39493  39487     11
  43660  7798     1924.4560    58     1911.0000     1941.6586 12170711    1.60%             x64 D  39775  39769     22
Elapsed time = 863.90 sec. (905078.54 ticks, tree = 284.59 MB, solutions = 10)
  43958  8162     1918.8335    74     1911.0000     1940.8188 12292664    1.56%             x60 D  46577  46565     22
* 44174+ 8058                         1913.0000     1940.4903             1.44%
  44232  8253     1931.2573   192     1913.0000     1940.3177 12333423    1.43%             x69 U  46736   8195     10
  44477  8285     1924.0123    50     1913.0000     1940.1790 12345717    1.42%             x37 D  47054  47048     29
* 44517+ 7654                         1917.0000     1940.1790             1.21%
  44669  8548     1917.3025    71     1917.0000     1940.0706 12435940    1.20%             x60 D  40468  40462     16
  44906  5936     1919.7551    83     1917.0000     1939.6710 12610921    1.18%             x75 U  40843  40837     35
  45168  5952        cutoff           1917.0000     1939.4734 12599591    1.17%             x90 D  47996  47990     14
  45477  5993     1924.9984    53     1917.0000     1939.2987 12634141    1.16%           x7526 D  41443  41437     19
  45783  6348     1925.9027   121     1917.0000     1939.1891 12826004    1.16%             x66 U  41518  41506     16
  46099  6377     1926.1637    73     1917.0000     1938.9125 12838113    1.14%             x33 D  41908  41902     12
  46422  6257     1924.5608    79     1917.0000     1938.8039 12771789    1.14%           x7644 D  47514  47508     19
Elapsed time = 899.43 sec. (943365.15 ticks, tree = 237.16 MB, solutions = 12)
  46729  6693     1921.7615    92     1917.0000     1938.7214 12970300    1.13%           x3156 D  49337  49331     28
  46988  6993     1920.0049   105     1917.0000     1938.2109 13126487    1.11%             x16 D  42949  42943     16
  47269  6955     1930.1035    81     1917.0000     1938.2109 13103424    1.11%           x7526 D  42982  42976     28
  47579  7102     1925.3024   146     1917.0000     1938.0247 13213525    1.10%           x2119 U  48498  13170     15
  47876  7116     1925.3334    76     1917.0000     1937.6768 13198472    1.08%             x90 D  44005  43999     19
  48187  7158        cutoff           1917.0000     1937.5591 13237134    1.07%             x41 D  49146  49134     16
Starting limited solution polishing.
  48443  7497     1921.3975    88     1917.0000     1937.1723 13402760    1.05%             x26 U  44218  44206     18
  48714  7620     1922.6993    66     1917.0000     1936.7770 13459759    1.03%             x50 D  49656  49650     17
  49044  7643        cutoff           1917.0000     1936.6728 13490369    1.03%           x7835 U  50715   5665     14
  49375  7759        cutoff           1917.0000     1936.3744 13534371    1.01%             x51 U  52049  52037     19
Elapsed time = 935.83 sec. (981638.90 ticks, tree = 326.42 MB, solutions = 12)
  49682  7830     1929.0593    85     1917.0000     1936.1989 13576273    1.00%             x52 D  52616  52610     21
  49979  7959     1923.2172   132     1917.0000     1936.0117 13652221    0.99%             x43 U  46243  46237     19
  50286  8065     1922.9767    39     1917.0000     1935.6566 13728614    0.97%           x2859 U  51951  51945     22
  50564  8487     1922.3957    88     1917.0000     1935.4922 13943874    0.96%             x90 U  52185  34434     10
  50871  8607     1926.8357    87     1917.0000     1935.3223 14015294    0.96%             x44 D  46588  46582     14
  51128  8716     1929.7140    95     1917.0000     1935.1644 14062074    0.95%             x81 N  54104  40939     11
  51351  8811     1920.4880    59     1917.0000     1934.6949 14112246    0.92%           x3355 N  51714  51708     36
  51525  8817     1928.9071    62     1917.0000     1934.6949 14117841    0.92%             x16 D  51846  51840     21
  51698  9010        cutoff           1917.0000     1934.4421 14241415    0.91%             x72 U  47572   4154     12
  51867  8852     1928.9928    54     1917.0000     1934.3002 14135403    0.90%             x26 U  52320  21083     12
Elapsed time = 969.92 sec. (1019962.75 ticks, tree = 392.33 MB, solutions = 12)
  52058  9109     1919.1325    70     1917.0000     1934.0032 14316260    0.89%             x51 N  48481  48475     15
  52305  9199     1927.3403    68     1917.0000     1933.9095 14370795    0.88%             x34 D  54027  54021     25
  52587  9224     1930.3928    71     1917.0000     1933.6975 14415063    0.87%           x1686 U  48364  40833     14
  52816  9306        cutoff           1917.0000     1933.6112 14454165    0.87%             x33 U  55748  55730     15
  53084  9321     1923.2566    66     1917.0000     1933.3589 14464888    0.85%             x35 D  55982  55976     24
  53375  9553     1921.7195   114     1917.0000     1933.1672 14669680    0.84%             x12 D  56264  56258     20
  53648  9562     1925.0889    67     1917.0000     1933.0688 14679481    0.84%             x52 D  56504  56498     26
  53895  9723     1925.3644   111     1917.0000     1932.7793 14789689    0.82%             x53 D  57065  49255     11
  54161  9619     1923.9078    56     1917.0000     1932.7793 14729613    0.82%             x11 U  50095  50089     14
  54398  9863        cutoff           1917.0000     1932.5906 14883557    0.81%             x41 U  57476  45914     15
Elapsed time = 1006.75 sec. (1058275.03 ticks, tree = 453.19 MB, solutions = 12)
  54562  9875    infeasible           1917.0000     1932.4670 14924533    0.81%           x1462 D  50044  50038     57
  54801 10030     1925.0575    39     1917.0000     1932.3979 15088748    0.80%             x16 D  56601  56595     19
  55052 10029     1924.8608    74     1917.0000     1932.3255 15101128    0.80%             x33 D  56859  56853     21
  55224 10010        cutoff           1917.0000     1932.2352 15070903    0.79%             x53 U  58667  58655     21

Clique cuts applied:  3
Cover cuts applied:  24
Implied bound cuts applied:  21
Flow cuts applied:  1
Mixed integer rounding cuts applied:  9
Zero-half cuts applied:  4
Gomory fractional cuts applied:  1
User cuts applied:  5851

Root node processing (before b&c):
  Real time             =    1.12 sec. (3252.16 ticks)
Parallel b&c, 6 threads:
  Real time             = 1022.89 sec. (1073570.53 ticks)
  Sync time (average)   =   73.37 sec.
  Wait time (average)   =    0.00 sec.
                          ------------
Total (root+branch&cut) = 1024.01 sec. (1076822.69 ticks)
========================================
STATUS DA SOLUCAO: AbortTimeLim
========================================
Nao ha solucao viavel disponivel para impressao.
