=========== Input ===========
File name:                ../instances/realistic-instances/5-40-1767920.cdop
Total node count:         46
Truck node count:         5
Drone node count:         40
=============================

Version identifier: 22.2.0.0 | 2026-05-04 | 5dff98e58
CPXPARAM_Threads                                 6
CPXPARAM_TimeLimit                               1024
Legacy callback                                  LD
Lazy constraint(s) or lazy constraint/branch callback is present.
    Disabling dual reductions (CPX_PARAM_REDUCE) in presolve.
    Disabling presolve reductions that prevent crushing forms (CPX_PARAM_PREREFORM).
         Disabling repeat represolve because of lazy constraint/incumbent callback.
Tried aggregator 1 time.
MIP Presolve eliminated 12 rows and 6 columns.
MIP Presolve modified 103212 coefficients.
Reduced MIP has 3947 rows, 78403 columns, and 441824 nonzeros.
Reduced MIP has 78362 binaries, 0 generals, 0 SOSs, and 0 indicators.
Presolve time = 0.24 sec. (296.06 ticks)
Probing time = 0.04 sec. (26.60 ticks)
Cover probing fixed 0 vars, tightened 77 bounds.
Clique table members: 22.
MIP emphasis: balance optimality and feasibility.
MIP search method: traditional branch-and-cut.
Parallel mode: deterministic, using up to 6 threads.
Root relaxation solution time = 0.61 sec. (741.78 ticks)

        Nodes                                         Cuts/
   Node  Left     Objective  IInf  Best Integer    Best Bound    ItCnt     Gap         Variable B NodeID Parent  Depth

      0     0     3518.7648    58                   3518.7648      142         
      0     0     3505.9683    54                     Cuts: 8      350         
      0     0     3505.9683    54                     Cuts: 6      358         
      0     0     3505.0344    60                     Cuts: 4      460         
      0     0     3505.0344    60                 ZeroHalf: 3      461         
Heuristic still looking.
      0     2     3406.0493   107                   3505.0344      461                                 0             0
Elapsed time = 29.56 sec. (64833.47 ticks, tree = 0.02 MB, solutions = 0)
      1     3     3400.4149   107                   3406.0493      520                     x194 N      5      0      1
      3     4     3400.3852   142                   3405.8821      554                     x144 D     11      5      2
      4     5     3402.1256   140                   3405.8821      554                      x91 N      3      6      2
      7     7     3401.0064   113                   3405.8821      644                   x69438 D      9      3      3
      9     8     3400.3079   132                   3405.8762      630                      x91 D     23     17      4
     11     9     3388.6294   131                   3402.9158      843                   x70543 D      7      1      4
     14    13     3388.4667   131                   3402.9158     1559                   x73553 D     13      7      5
     20    16     3401.6421   173                   3402.9158     2903                   x68153 D     24     18      4
     26    19     3399.8177   137                   3402.9158     3058                   x47363 D     47     41      8
     37    15     3385.2714   161                   3402.9158     2347                     x223 U     25     13      6
Elapsed time = 36.33 sec. (68758.75 ticks, tree = 0.33 MB, solutions = 0)
     45    28     3398.6916   186                   3402.9158     4866                   x71376 D     65     59     10
     56    49     3396.5800   166                   3402.9158    10435                   x34070 U     83     71     12
     63    58     3391.9335   153                   3402.9158    13996                     x222 D     89     77     13
     69    64     3399.8794    94                   3402.9158    14854                     x144 D     78     72      9
     73    72     3370.1305   161                   3402.9158    17227                   x61076 U     62     50     10
     80    75     3399.7690    98                   3402.9158    19940                   x72275 D     90     78     10
     87    83     3376.7594   110                   3402.9158    22562                   x47543 U     80     68     12
    100    84     3393.9863   188                   3402.9158    22856                     x181 D     81     75     12
    113   100     3374.4208   126                   3402.9158    27155                   x48303 U    131    119     18
    132   115     3389.7775   151                   3402.9158    31685                   x42270 D    105     93     14
Elapsed time = 55.04 sec. (79216.71 ticks, tree = 3.57 MB, solutions = 0)
    143   124     3371.1344   156                   3402.9158    33217                   x42460 D    181    175     23
    156   142     3390.0207   103                   3402.9158    36986                     x181 D    180    174     21
    165   153     3389.4782   198                   3402.9158    40380                     x217 D    191    179     25
    178   165     3369.1118    79                   3402.9158    45562                   x76108 D    223    205     27
    197   163     3341.2190   101                   3402.9158    45368                   x38349 U    164    158     20
    215   203     3385.3614   101                   3402.9158    55501                      x98 D    210    204     24
    227   215     3387.4522   171                   3402.9158    58317                   x34725 D    287    275     36
    239   208     3353.6874    91                   3402.9158    57778                   x74726 U    196    184     23
    256   238     3384.0049   217                   3402.9158    65343                     x176 D    219    213     28
    274   247     3385.9832    96                   3402.9158    67602                   x74730 D    341    329     42
Elapsed time = 76.44 sec. (89210.33 ticks, tree = 9.82 MB, solutions = 0)
    282   249     3380.5495   164                   3402.9158    68325                      x51 U    353    341     43
    293   231     3372.7943   139                   3402.9158    65226                     x102 U    276    258     30
    308   267     3382.9244   189                   3402.9158    74418                   x75969 D    267    255     34
    326   269     3381.6937   133                   3402.9158    75143                     x188 D    279    267     35
    342   297     3377.6239    82                   3402.9158    80078                     x122 D    467    461     59
    361   310     3338.6317    81                   3402.9158    83160                     x206 D    332    320     38
    375   315     3337.6588    84                   3402.9158    86593                   x48685 U    469    457     55
    393   370     3374.2408    87                   3402.9158    97579                   x39252 D    327    321     40
    407   362     3326.2364    97                   3402.9158    92876                     x188 U    422    416     50
    436   415     3322.9872    81                   3402.9158   106378                   x20652 D    476    470     57
Elapsed time = 99.08 sec. (99439.28 ticks, tree = 19.47 MB, solutions = 0)
    453   388     3364.5222   138                   3402.9158   103069                     x226 U    563    551     70
    486   426     3320.5936    71                   3402.9158   106856                   x75900 D    542    530     66
    517   433     3353.0890    97                   3402.9158   110446                   x74560 D    607    601     74
    545   491     3310.9301    86                   3402.9158   119867                   x18501 U    628    616     83
    583   514     3345.5697    75                   3402.9158   120129                   x62433 D    766    760    106
    617   456     3365.0176   134                   3402.9158   116346                   x41146 D    695    689     87
    643   542     3344.3411    89                   3402.9158   120987                   x18687 D    934    928    134
    684   623     3344.1667    83                   3402.9158   132270                   x63369 D    988    976    142
    711   663     3346.5789    76                   3402.9158   137568                   x48093 D    859    847    108
    732   667     3346.3094    85                   3402.9158   138538                   x48230 D    883    871    111
Elapsed time = 119.05 sec. (109256.70 ticks, tree = 34.42 MB, solutions = 0)
    761   653     3343.5055    96                   3402.9158   134007                   x16971 D   1168   1162    170
    797   740     3369.3127   123                   3402.9158   143377                   x72522 D    612    606     72
    831   695     3343.4018    96                   3402.9158   140440                   x48792 D   1051   1045    135
    857   756     3352.4158   145                   3402.9158   144817                   x35794 U    708    696     86
    881   750     3342.8444    89                   3402.9158   141443                   x63154 D   1474   1468    219
    911   850     3342.7303    90                   3402.9158   151557                   x63289 D   1558   1552    232
    933   800     3312.8853    98                   3402.9158   150507                   x35051 D    758    746     93
    961   862     3342.1995   176                   3402.9158   153118                     x143 U   1630   1624    241
   1008   891     3326.3244   104                   3402.9158   154344                   x66434 D   1345   1339    179
   1048   904     3324.8098    81                   3402.9158   154850                   x66934 D   1423   1417    191
Elapsed time = 139.38 sec. (118972.74 ticks, tree = 49.17 MB, solutions = 0)
   1091   919     3344.6817    68                   3402.9158   160070                   x63985 U    906    894    112
   1129  1054     3320.8213    79                   3402.9158   171299                   x68077 D   1621   1615    224
   1168  1090     3341.4142    56                   3402.9158   177765                   x25915 U   1019   1001    122
   1194  1126     3360.3434    81                   3402.9158   183119                   x24326 U    543    531     63
   1226  1088     3354.9288    71                   3402.9158   175610                   x62570 D   1086   1080    138
   1265  1186     3176.0514    77                   3402.9158   189532                     x187 U   1831   1819    256
   1297  1132     3341.0565   186                   3402.9158   182361                   x71417 D   2080   2074    308
   1335  1225     3319.2118    63                   3402.9158   192354                   x64035 U   1236   1224    157
   1371  1233     3348.3308   124                   3402.9158   193068                   x64079 D   1284   1278    164
   1401  1333     3348.0069   123                   3402.9158   209461                   x62711 D   1326   1320    171
Elapsed time = 159.84 sec. (128750.86 ticks, tree = 75.41 MB, solutions = 0)
   1426  1336     3346.5271    62                   3402.9158   210346                   x62686 U   1344   1332    173
   1449  1309     3001.3450    57                   3402.9158   205615                   x67062 D   2107   2101    292
   1475  1383     3330.5205    82                   3402.9158   216892                      x75 U   2218   2212    327
   1492  1436     3304.8048   113                   3402.9158   224768                   x47339 D   1034   1028    130
   1505  1386     3333.9397   172                   3402.9158   218246                   x34023 D   2236   2230    329
   1520  1485     3350.3772    87                   3402.9158   237840                      x75 D    843    837     98
   1543  1444     3304.2408    62                   3402.9158   226966                   x54038 D   1082   1076    137
   1571  1513     2976.5256    79                   3402.9158   241850                   x49820 D   2305   2293    315
   1581  1510     3304.2408    62                   3402.9158   245350                   x67078 D   1094   1082    138
   1602  1533     3332.6238   165                   3402.9158   247781                     x141 D   2386   2380    350
Elapsed time = 182.23 sec. (138550.33 ticks, tree = 87.81 MB, solutions = 0)
   1614  1539     3340.9089    93                   3402.9158   251461                     x141 D   1494   1488    192
   1637  1587     2971.8370    67                   3402.9158   261636                   x62076 D   2413   2407    328
   1659  1598     2955.2288    51                   3402.9158   262630                   x61840 D   2479   2473    335
   1692  1617     2944.1870    49                   3402.9158   263390                   x47840 D   2593   2587    349
   1730  1643     3331.5010   182                   3402.9158   275785                   x35402 D   2512   2506    368
   1742  1687     3303.5111    72                   3402.9158   288893                     x184 D   1208   1196    154
   1756  1621     3346.1827    72                   3402.9158   274037                   x39520 D   1005    993    120
   1769  1708     3346.1606   164                   3402.9158   296829                   x38062 D   1017   1005    121
   1800  1702     3302.7394    61                   3402.9158   291025                   x63396 D   1298   1292    169
   1821  1763     2934.2410    31                   3402.9158   306648                    x7300 U   2767   2749    367
Elapsed time = 204.75 sec. (148487.52 ticks, tree = 102.42 MB, solutions = 0)
   1840  1775     2937.8667    32                   3402.9158   307626                   x15383 U   2839   2827    375
   1858  1713     3322.4285    54                   3402.9158   296225                   x67354 U   1734   1722    222
   1872  1803     3328.3919   141                   3402.9158   321443                   x62500 D   2722   2716    398
   1876  1787     3322.4285    54                   3402.9158   318860                   x30191 U   1758   1740    224
   1896  1807     3322.8637   174                   3402.9158   323937                   x75721 U   2746   2734    400
   1911  1856     3302.1550    68                   3402.9158   335325                   x19470 D   1352   1346    178
   1925  1877     3327.2107    73                   3402.9158   342815                   x14583 U   1794   1782    228
   1942  1895     3326.8259   105                   3402.9158   347453                     x178 D   2812   2794    408
   1954  1902     3325.9346   110                   3402.9158   348316                   x70655 D   2854   2848    413
   2014  1916     3344.2812    77                   3402.9158   359589                    x5726 D   1541   1535    190
Elapsed time = 236.23 sec. (161612.25 ticks, tree = 111.95 MB, solutions = 0)
   2067  2010     3344.2762    57                   3402.9158   385031                    x4286 D   1679   1673    207
   2119  2044     3321.4602   156                   3402.9158   397195                   x56938 D   3160   3154    455
   2177  2121     2943.7621    37                   3402.9158   442876                   x76147 D   3097   3085    410
   2275  2178     3297.6730    51                   3402.9158   452316                   x75560 D   1676   1670    224
   2305  2221     2943.7271    91                   3402.9158   474826                   x14184 D   3169   3163    421
   2393  2277     3337.3683    94                   3402.9158   488768                     x152 D   2088   2082    267
   2471  2392     3336.3768    67                   3402.9158   506941                   x68154 D   2049   2043    248
   2551  2396     3337.1183    52                   3402.9158   510640                     x178 D   2160   2154    277
   2628  2545     3296.9315    49                   3402.9158   549057                    x3540 D   2000   1994    268
   2735  2584     3335.6064    66                   3402.9158   556336                   x52450 D   2421   2415    304
Elapsed time = 323.72 sec. (200506.78 ticks, tree = 153.96 MB, solutions = 0)
   2801  2628     3338.0213   130                   3402.9158   571823                   x41132 D   1997   1991    247
   2855  2758     3336.2109    61                   3402.9158   599454                     x184 D   2550   2544    329
   2900  2830     3335.0472    50                   3402.9158   628337                     x113 D   2565   2547    321
   2950  2904     3307.0541    89                   3402.9158   655543                      x83 D   4348   4342    626
   3013  2913     3338.0213    98                   3402.9158   667438                   x15570 D   2159   2147    267
   3043  2982     3306.3445   109                   3402.9158   687827                   x34646 D   4582   4576    661
   3075  3016     3332.0548   159                   3402.9158   699745                   x24116 D   2697   2691    343
   3109  3050     2894.3022    33                   3402.9158   712277                     x115 D   3937   3931    526
   3141  3067     3286.4171    59                   3402.9158   721358                      x67 D   2522   2510    337
   3180  3130     3334.0716    65                   3402.9158   760887                     x159 D   2688   2682    349
Elapsed time = 426.07 sec. (239751.69 ticks, tree = 188.38 MB, solutions = 0)
   3211  3113     3246.4608   117                   3402.9158   751436                     x148 U   2877   2865    367
   3244  3135     3269.8717    60                   3402.9158   760704                     x197 U   2618   2600    349
   3289  3171     3330.1462   106                   3402.9158   787901                      x53 D   2985   2979    384
   3335  3272     3299.3481    93                   3402.9158   841648                   x35063 D   4918   4912    708
   3358  3275     3213.4978    67                   3402.9158   847735                    x9953 U   4936   4924    710
   3389  3337     3214.1489    83                   3402.9158   883666                   x64305 U   5002   4984    719
   3429  3349     2894.2481    27                   3402.9158   892156                   x33949 D   4267   4261    569
   3448  3352    infeasible                         3402.9158   898147                   x14203 U   4309   4297    574
   3475  3395     3329.1997    52                   3402.9158   913353                     x197 D   3189   3183    415
   3527  3449     3293.7437   157                   3402.9158   946065                   x33433 D   5152   5146    741
Elapsed time = 507.50 sec. (279935.80 ticks, tree = 208.48 MB, solutions = 0)
   3580  3482     3277.6925    63                   3402.9158   963252                   x36714 D   2381   2375    294
   3620  3516     3277.9715    69                   3402.9158   998444                      x53 D   2954   2948    396
   3669  3603     3293.3857   120                   3402.9158  1037405                   x35851 D   5332   5326    765
   3711  3593     3327.9510    67                   3402.9158  1035888                     x142 D   3312   3306    440
   3741  3630     3196.9630   101                   3402.9158  1045181                     x231 U   5494   5476    787
   3809  3723     3290.1502   137                   3402.9158  1085576                   x21804 D   5716   5710    823
   3859  3740     3289.6145   143                   3402.9158  1088937                   x22884 D   5818   5812    839
   3941  3744     3328.4944    52                   3402.9158  1114765                      x85 D   3429   3423    450
   3981  3834     3182.4922    96                   3402.9158  1139377                     x170 U   6016   5998    868
   4043  3948     3154.6687   109                   3402.9158  1184481                   x21873 D   6166   6154    887
Elapsed time = 599.80 sec. (319872.71 ticks, tree = 240.64 MB, solutions = 0)
   4100  3901     3327.4818    70                   3402.9158  1173867                      x60 D   3618   3612    480
   4135  4060     3114.6997    87                   3402.9158  1222055                    x4835 U   6424   6418    923
   4198  4077     3134.4258    84                   3402.9158  1225475                   x56093 D   6526   6520    934
   4268  4158     3133.2281    83                   3402.9158  1275632                   x21803 D   6592   6586    943
   4333  4197     3130.4262   125                   3402.9158  1278008                   x21368 D   6826   6820    981
   4388  4176    infeasible                         3402.9158  1303326                   x50386 D   3179   3167    396
   4442  4177     3397.0797   153                   3402.9158  1307957                     x154 D   3197   3191      5
   4479  4320     2990.4470    95                   3402.9158  1332379                   x63899 D   7294   7288   1049
   4516  4355     3341.4203    77                   3402.9158  1363499                   x41588 U   3311   3293     17
   4542  4361     3260.4738    32                   3402.9158  1375931                   x28159 D   3602   3596    485
Elapsed time = 691.58 sec. (359168.57 ticks, tree = 267.27 MB, solutions = 0)
   4572  4457     3334.7149    69                   3402.9158  1425669                   x34070 U   3449   3443     35
   4613  4478     3306.9892    59                   3402.9158  1456218                     x119 U   3942   3936    524
   4639  4484     3303.7700    58                   3402.9158  1459752                     x113 U   3978   3972    530
   4692  4529     3284.2250    63                   3402.9158  1493529                       x4 D   3641   3623     57
   4728  4561     2768.1559    17                   3402.9158  1520353                   x73265 U   5059   5047    678
   4768  4593     3303.6812    34                   3402.9158  1542722                     x200 D   4137   4131    550
   4801  4629     3222.0095    40                   3402.9158  1554422                      x99 D   3797   3791     79
   4829  4670     2670.5537    14                   3402.9158  1583419                   x73723 U   5113   5095    683
   4862  4743     3266.7539    54                   3402.9158  1620653                   x25915 U   7876   7864     68
   4900  4715     3221.9245    45                   3402.9158  1607977                     x185 D   3911   3905     96
Elapsed time = 782.70 sec. (398833.29 ticks, tree = 289.81 MB, solutions = 0)
   4923  4775     3123.5556    37                   3402.9158  1669592                      x13 U   4248   4242    561
   4965  4765     3303.6050    43                   3402.9158  1668219                     x107 D   4197   4185    558
   5002  4780    infeasible                         3402.9158  1679048                   x75966 U   4302   4290    567
   5026  4811     3252.8223    35                   3402.9158  1697665                   x71593 U   4052   4040    541
   5061  4912     3353.5098   130                   3402.9158  1772645                     x153 U   8182   8176     17
   5106  4926     3335.7508   222                   3402.9158  1776027                      x52 D   8266   8260     31
   5161  4985     3317.6460   209                   3402.9158  1826734                   x73723 D   8374   8368     49
   5207  5031     3257.4106    34                   3402.9158  1837763                   x54249 D   4340   4334    586
   5253  5010     3324.3315    89                   3402.9158  1834162                      x51 D   8524   8518     22
   5310  5047     3148.2682    56                   3402.9158  1861759                   x64215 D   4602   4596    613
Elapsed time = 874.84 sec. (438204.11 ticks, tree = 310.71 MB, solutions = 0)
   5377  5072     3221.5965    53                   3402.9158  1893613                      x72 D   4253   4247    146
   5408  5221     3221.5888    39                   3402.9158  1940892                   x34575 D   4289   4283    151
   5443  5199     3297.6540    34                   3402.9158  1924509                   x75111 D   4677   4671    622
   5503  5215     3287.0206    31                   3402.9158  1928363                      x30 U   4773   4767    637
   5551  5269     3293.2489    76                   3402.9158  1974814                   x74744 U   8842   8836     60
   5592  5362     3221.5228    61                   3402.9158  2031287                     x100 D   4499   4493    184
   5640  5371     3221.4787    40                   3402.9158  2035001                     x104 D   4565   4559    194
   5679  5384    infeasible                         3402.9158  2064716                   x75894 U   4694   4688    631
   5709  5386    infeasible                         3402.9158  2069741                   x75103 U   4730   4718    634
   5781  5424     2719.3307    24                   3401.0064  2109438                   x67712 D   6037   6031    813
Elapsed time = 965.78 sec. (477744.66 ticks, tree = 334.80 MB, solutions = 0)
   5841  5526    infeasible                         3400.3079  2177487                     x169 U   6091   6079    820
   5909  5608     3025.0184    72                   3400.3079  2203300                   x67627 U   9478   9466    148
   5959  5519     3312.6284   176                   3400.3079  2159529                      x75 U   5232   5220     29
   6013  5618     3348.8050   178                   3400.3079  2216886                   x74868 D   9556   9550     14
   6083  5686     2719.2466    25                   3400.3067  2249123                   x75393 D   6397   6385    862
   6147  5635     3350.5821    77                   3400.3067  2230479                      x48 D   5012   5000     19

Clique cuts applied:  2
Cover cuts applied:  11
Implied bound cuts applied:  12
Zero-half cuts applied:  7
Gomory fractional cuts applied:  2
User cuts applied:  1692

Root node processing (before b&c):
  Real time             =   29.48 sec. (64762.25 ticks)
Parallel b&c, 6 threads:
  Real time             =  994.56 sec. (440695.04 ticks)
  Sync time (average)   =   57.14 sec.
  Wait time (average)   =    0.00 sec.
                          ------------
Total (root+branch&cut) = 1024.04 sec. (505457.29 ticks)
========================================
STATUS DA SOLUCAO: AbortTimeLim
========================================
Nao ha solucao viavel disponivel para impressao.
