=========== Input ===========
File name:                ../instances/realistic-instances/10-10-1767920.cdop
Total node count:         21
Truck node count:         10
Drone node count:         10
=============================

Version identifier: 22.2.0.0 | 2026-05-04 | 5dff98e58
CPXPARAM_Threads                                 6
CPXPARAM_TimeLimit                               1024
Legacy callback                                  LD
Lazy constraint(s) or lazy constraint/branch callback is present.
    Disabling dual reductions (CPX_PARAM_REDUCE) in presolve.
    Disabling presolve reductions that prevent crushing forms (CPX_PARAM_PREREFORM).
         Disabling repeat represolve because of lazy constraint/incumbent callback.
Tried aggregator 1 time.
MIP Presolve eliminated 22 rows and 11 columns.
MIP Presolve modified 72482 coefficients.
Reduced MIP has 3457 rows, 54053 columns, and 281879 nonzeros.
Reduced MIP has 53922 binaries, 0 generals, 0 SOSs, and 0 indicators.
Presolve time = 0.14 sec. (200.86 ticks)
Probing time = 0.03 sec. (19.65 ticks)
Cover probing fixed 0 vars, tightened 271 bounds.
Clique table members: 67.
MIP emphasis: balance optimality and feasibility.
MIP search method: traditional branch-and-cut.
Parallel mode: deterministic, using up to 6 threads.
Root relaxation solution time = 0.44 sec. (678.67 ticks)

        Nodes                                         Cuts/
   Node  Left     Objective  IInf  Best Integer    Best Bound    ItCnt     Gap         Variable B NodeID Parent  Depth

      0     0     1848.9036   109                   1848.9036       35         
      0     0     1839.8215    82                    Cuts: 38      694         
      0     0     1839.8215    89                    Cuts: 33      749         
      0     0     1839.8215    88                    Cuts: 15      882         
      0     2     1816.3082   106                   1839.8215      882                                 0             0
Elapsed time = 19.26 sec. (41536.23 ticks, tree = 0.02 MB, solutions = 0)
      1     3     1811.6629   107                   1814.1094     1274                      x77 D      6      0      1
      3     4     1807.0176   109                   1814.1094     1749                      x61 D     12      6      2
      4     5     1807.7837   108                   1810.9467     2578                      x56 D     11      5      2
      6     8     1802.0698    98                   1810.1230     3391                      x65 D      9      3      3
     11     6     1805.6985   152                   1810.1230     2884                      x65 D     18     12      3
     12    10     1800.1872   115                   1810.1230     4474                      x22 U     21     15      5
     14     7     1807.0840   107                   1807.7641     3626                      x83 N      1     11      3
     16    11     1795.6669   133                   1807.7641     6859                      x66 D     10      4      3
     18    15     1799.6662   100                   1807.7641     8415                      x22 D     27     15      5
     21    16     1800.9799   108                   1807.0808    10522                      x31 U     29     23      5
Elapsed time = 26.65 sec. (47403.23 ticks, tree = 0.31 MB, solutions = 0)
     26    23     1792.4131   116                   1807.0757    14138                      x68 U     22     10      4
     29    24     1797.2375    87                   1807.0757    17126                      x65 D     35     29      6
     33    31     1804.6607   133                   1807.0757    23041                   x26968 D     42     30      6
     38    37     1791.3057   129                   1807.0757    29021                      x31 D     40     34      7
     43    31     1799.8444   120                   1807.0757    22726                      x38 D     47     41      7
     51    35     1793.6831   105                   1807.0757    27907                      x28 D     44     32      8
     58    44     1785.9805   104                   1807.0757    37264                      x80 D     52     46      8
     67    54     1784.1487    95                   1807.0757    44819                      x80 U     58     46      8
     75    62     1799.9682    91                   1807.0757    49870                      x70 U     96     84     11
     82    65     1794.4382   134                   1807.0757    51298                      x28 D     93     87     13
Elapsed time = 43.38 sec. (58196.64 ticks, tree = 1.73 MB, solutions = 0)
     90    80     1784.8013   119                   1807.0757    64200                      x65 U     70     52      9
     95    86     1786.5325    67                   1807.0757    67682                      x74 U     91     79     13
    101    68     1780.2323   167                   1807.0757    58540                      x18 D    101     89     12
    108    91     1794.3663   101                   1807.0757    78961                      x25 U    113    107     14
    112   104     1799.7460    99                   1807.0757    91517                      x74 U    104     92     15
    118   106     1799.0550   103                   1807.0757    92702                      x88 U    116    110     17
    124    92     1788.5031   121                   1807.0757    83434                      x25 D    119    107     14
    128   121     1788.9970   112                   1807.0757   112174                     x101 D    134    122     19
    131   122     1798.2704   108                   1807.0757   113439                      x86 U    140    128     20
    140   134     1775.9746   132                   1807.0757   122438                      x35 D    136    130     18
Elapsed time = 67.21 sec. (70419.60 ticks, tree = 3.92 MB, solutions = 0)
    150   129     1792.5528   104                   1807.0757   118868                      x63 D    147    141     19
    153   131     1775.2584    69                   1807.0757   123347                      x25 D    139    127     18
    159   137     1782.6014   141                   1807.0757   131170                      x71 D    131    113     15
    165   140     1797.6627    98                   1807.0757   132318                      x39 U    176    164     24
    175   148     1779.7869    99                   1807.0757   140027                      x86 U    169    163     21
    183   161     1790.3423   115                   1807.0757   153835                   x16413 U    194    182     26
    184   157     1779.6097   108                   1807.0757   153122                      x66 U    216    204     27
    193   176     1791.8004    80                   1807.0757   178226                      x79 D    177    171     23
    198   189     1786.9158   102                   1807.0757   193362                   x26965 D    179    173     21
    200   190     1775.9604    90                   1807.0757   194444                   x50831 D    185    179     22
Elapsed time = 88.75 sec. (81395.56 ticks, tree = 6.23 MB, solutions = 0)
    209   181     1774.6181    84                   1807.0757   185165                      x45 U    184    178     23
    212   179     1791.2422   135                   1807.0757   185715                      x33 D    195    183     25
    216   198     1774.2506   102                   1807.0757   200054                   x50831 U    196    184     24
    222   200     1797.0066   108                   1807.0757   206339                      x33 D    240    234     30
    229   217     1777.2453    75                   1807.0757   236704                      x64 U    242    224     31
    233   225     1795.9219   146                   1807.0757   244513                      x49 D    252    246     32
    239   209     1778.1281    64                   1807.0757   225603                      x33 D    253    241     31
    244   235     1787.3891   122                   1807.0757   266269                      x68 D    266    260     35
    250   232     1790.5228   111                   1807.0757   262387                      x80 D    225    219     29
    257   245     1764.1145   122                   1807.0757   283701                   x26965 D    238    232     30
Elapsed time = 112.80 sec. (93702.86 ticks, tree = 9.25 MB, solutions = 0)
    260   234     1790.2085   154                   1807.0757   265089                      x89 D    237    231     31
    266   260     1787.3308   157                   1807.0757   304209                      x20 D    296    290     40
    271   256     1794.5346   131                   1807.0757   301389                      x78 D    282    276     36
    272   244     1739.3954    72                   1807.0757   283726                   x44092 U    257    239     30
    277   268     1789.9140   145                   1807.0757   319650                      x36 D    249    243     33
    283   252     1777.9550   111                   1807.0757   292040                      x36 D    301    295     39
    286   274     1755.4371   113                   1807.0757   328411                      x48 D    274    262     33
    289   270     1789.7288   150                   1807.0757   323591                      x49 D    261    255     35
    296   279     1777.8420    66                   1807.0757   339316                      x55 D    319    313     42
    302   284     1789.2725    87                   1807.0757   345835                     x145 U    279    273     38
Elapsed time = 136.07 sec. (105985.50 ticks, tree = 11.26 MB, solutions = 0)
    304   278     1792.7090   107                   1807.0757   339048                      x15 D    312    306     41
    310   287     1789.0587    95                   1807.0757   348547                      x14 D    297    291     40
    319   290     1789.0239    93                   1807.0757   349584                   x35828 D    315    309     43
    322   282     1786.2691    87                   1807.0757   345427                      x52 D    326    320     44
    325   293     1722.5083    93                   1807.0757   361371                   x50973 U    317    305     35
    329   305     1741.5803   131                   1807.0757   374228                   x39450 D    328    310     39
    331   296     1791.7078   104                   1807.0757   369472                      x46 D    336    324     44
    339   298     1791.6027   116                   1807.0757   370697                   x51820 D    348    342     46
    343   332     1788.5711   122                   1807.0757   420530                      x12 D    339    333     46
    348   333     1788.2874   115                   1807.0757   422357                      x50 D    345    339     47
Elapsed time = 157.91 sec. (117334.59 ticks, tree = 13.93 MB, solutions = 0)
    358   338     1719.7255   121                   1807.0757   434751                      x76 D    370    364     44
    361   336     1788.1335   100                   1807.0757   424720                      x94 D    363    357     50
    366   340     1719.0433   108                   1807.0757   438091                      x89 D    394    388     47
    370   342    infeasible                         1807.0757   442612                      x20 U    418    406     50
    375   324     1789.5591   113                   1807.0757   416894                      x21 D    366    360     49
    379   345     1718.1563   132                   1807.0757   444653                      x15 D    436    430     53
    387   372     1717.9834   116                   1807.0757   498128                      x64 D    460    454     57
    392   355     1785.8550    94                   1807.0757   467118                      x76 D    387    375     53
    398   363     1786.1986    87                   1807.0757   477263                      x46 D    392    386     55
    407   373    infeasible                         1807.0757   502953                      x37 U    478    466     59
Elapsed time = 180.80 sec. (128706.56 ticks, tree = 16.12 MB, solutions = 0)
    413   374     1777.3573    55                   1807.0757   514900                      x79 D    385    379     50
    422   368     1786.1785    90                   1807.0757   480963                      x15 D    422    416     60
    428   392     1786.1653    86                   1807.0757   528481                      x51 D    446    440     64
    431   376     1715.4705   138                   1807.0757   509098                      x49 D    496    490     62
    435   378     1777.1924   101                   1807.0757   521114                      x23 D    409    403     54
    439   408     1788.8535    95                   1807.0757   567335                      x90 D    402    390     53
    445   382     1700.7491   117                   1807.0757   521507                   x27469 D    425    419     47
    449   398     1783.6068   126                   1807.0757   547346                      x40 D    435    429     61
    456   407     1715.1070   101                   1807.0757   557157                      x40 D    526    520     67
    464   399     1744.8258   111                   1807.0757   552086                      x16 U    441    435     62
Elapsed time = 205.75 sec. (141257.31 ticks, tree = 17.55 MB, solutions = 0)
    468   410     1706.4578   101                   1807.0757   575567                      x32 U    414    402     54
    476   420     1776.8143    60                   1807.0757   584714                      x51 D    445    439     60
    484   438     1786.0829    86                   1807.0757   597198                      x82 D    518    512     76
    488   408    infeasible                         1807.0757   567795                      x82 U    544    538     70
    491   432     1798.4967   132                   1807.0757   595107                      x41 U    521    515     14
    497   444     1714.2074    93                   1807.0757   623961                      x16 D    556    550     71
    499   443     1782.5423    81                   1807.0757   616030                      x82 D    483    471     67
    503   423     1776.6814    76                   1807.0757   595567                      x58 D    463    457     63
    508   441     1786.0513    89                   1807.0757   605679                      x69 D    536    530     79
    525   450     1712.9098   115                   1807.0757   633396                      x59 D    592    586     77
Elapsed time = 241.17 sec. (158140.42 ticks, tree = 20.28 MB, solutions = 0)
    537   465     1776.4594    47                   1807.0757   664060                      x82 D    499    493     69
    550   477     1786.0745   105                   1807.0757   697414                      x44 D    456    450     60
    562   507     1780.3387    83                   1807.0757   741673                      x43 D    531    525     75
    577   538     1786.0000    69                   1807.0757   810758                     x196 U    602    596     90
    593   516     1750.9775    79                   1807.0757   767904                      x26 D    486    480     63
    607   511     1772.5210    67                   1807.0757   760456                      x97 D    555    549     79
    616   565     1767.2876    63                   1807.0757   883090                      x46 U    579    567     81
    633   570     1710.0000   104                   1807.0757   901605                      x72 D    682    676     91
    640   585     1767.4084   102                   1807.0757   950040                      x36 D    719    713     42
    649   587     1766.7701    74                   1807.0757   955442                      x76 D    731    725     44
Elapsed time = 329.18 sec. (200257.13 ticks, tree = 27.77 MB, solutions = 0)
    660   589     1766.3763    75                   1807.0757   960981                      x42 D    743    737     46
    668   590     1765.7817    72                   1807.0757   966741                      x63 D    749    743     47
    676   608     1762.5719    93                   1807.0757  1009968                   x48274 U    643    631     89
    684   639     1665.5472    70                   1807.0757  1100303                      x29 U    684    672     86
    690   641     1681.5053    90                   1807.0757  1105405                      x75 D    696    690     87
    699   624     1772.0000    97                   1807.0757  1066789                   x34055 D    704    698    101
    708   652     1767.0000    78                   1807.0757  1183768                     x178 D    639    633     88
    714   670     1764.3069    75                   1807.0757  1231329                      x69 D    821    815     58
    723   665     1772.0000    83                   1807.0757  1207553                   x13932 D    734    728    106
    736   672     1764.0633    91                   1807.0757  1243515                      x87 D    845    839     61
Elapsed time = 411.70 sec. (240930.23 ticks, tree = 32.48 MB, solutions = 0)
    744   673     1763.8233    92                   1807.0757  1248594                      x89 D    851    845     62
    757   687     1687.5560    50                   1807.0757  1321911                     x170 D    746    734    107
    769   680     1710.0000   108                   1807.0757  1280410                   x12482 U    748    736     99
    784   724     1680.0000   152                   1807.0757  1376791                     x194 U    906    894    115
    791   684     1754.6797    83                   1807.0757  1328424                   x51305 U    691    679     94
    798   737     1761.1307   111                   1807.0757  1513676                      x29 D    923    917     74
    812   764     1673.3765    37                   1807.0757  1537833                   x48024 U    966    954    123
    822   770     1661.3732    47                   1807.0757  1548348                     x136 U   1002    996    128
    831   720     1710.0000    74                   1807.0757  1460402                     x170 D    778    766    102
    853   774     1776.0000    62                   1807.0757  1636086                   x43674 D    739    733    101
Elapsed time = 497.49 sec. (284430.54 ticks, tree = 38.50 MB, solutions = 0)
    860   769     1710.0000   104                   1807.0757  1616840                     x132 D    796    790    105
    874   798     1790.7838   111                   1807.0757  1700821                      x60 D   1140   1134     14
    881   804     1788.3259   163                   1807.0757  1707476                      x71 D   1176   1170     18
    903   787     1792.0977   123                   1807.0757  1688803                      x18 D    920    908     11
    922   813     1775.7456    40                   1807.0757  1745987                       x3 U    805    799    111
    928   862     1759.0000    66                   1807.0757  1876116                   x11403 D   1031   1025     92
    937   856     1752.7103   105                   1807.0757  1866303                      x76 U   1236   1224     25
    953   814     1745.0000    60                   1807.0757  1764449                     x136 D    823    817    113
    964   885     1797.5824   118                   1807.0757  1893838                      x35 U   1076   1070     32
    972   865     1782.8923   149                   1807.0757  1884026                     x174 D   1290   1284     32
Elapsed time = 581.15 sec. (327225.19 ticks, tree = 44.02 MB, solutions = 0)
    982   892     1797.5080    43                   1807.0757  1898102                      x55 D   1118   1112     39
    999   898     1797.4778    50                   1807.0757  1902169                      x76 D   1154   1148     45
   1011   895     1710.0000    87                   1807.0757  1970626                   x39449 D    862    856    114
   1021   935     1797.4307    73                   1807.0757  2073459                      x47 D   1190   1184     51
   1027   925     1774.9030   120                   1807.0757  2045334                      x42 D   1386   1368     45
   1037   890    infeasible                         1807.0757  1969688                     x131 U    871    859    119
   1055   960    infeasible                         1805.6449  2183185                   x34474 U    904    892    119
   1069   979     1789.9053    89                   1805.6449  2220688                      x28 D    979    967     19
   1091   974     1799.6728    93                   1805.6449  2198900                      x64 U   1030   1018     16
   1105   966     1769.3344    98                   1805.6449  2153560                      x16 D   1458   1452     57
Elapsed time = 670.56 sec. (369463.20 ticks, tree = 49.72 MB, solutions = 0)
   1120   919     1759.0000    70                   1805.6449  2097721                      x93 D   1085   1079    100
   1138   987     1769.0690    60                   1805.6449  2243450                      x32 D   1518   1512     67
   1165  1021     1765.0520    91                   1805.6449  2310066                      x48 U   1093   1087     32
   1189  1074    infeasible                         1805.6449  2392503                      x42 U   1264   1252     51
   1203  1032     1714.6256   100                   1805.6449  2322460                      x52 U   1159   1147     41
   1213  1059     1797.2543    49                   1805.6449  2409061                      x11 D   1280   1274     66
   1222  1062     1797.2383    39                   1805.6449  2413518                      x63 D   1298   1292     69
   1239  1081     1765.0285    29                   1805.6449  2430040                      x33 D   1213   1207     50
   1254  1071     1797.1423    49                   1805.6449  2422007                      x57 D   1352   1346     78
   1270  1085     1765.0265    38                   1805.6449  2439293                      x47 D   1237   1231     54
Elapsed time = 757.31 sec. (411287.47 ticks, tree = 56.72 MB, solutions = 0)
   1290  1134     1768.9929    71                   1805.6449  2491835                     x175 U   1462   1450     80
   1313  1097     1765.0210    57                   1805.6449  2447504                      x99 D   1309   1303     66
   1325  1147     1723.8756   101                   1805.6449  2516206                      x66 D   1674   1656     87
   1346  1232     1756.1676    84                   1805.6449  2653539                      x41 U   1722   1716     94
   1366  1238     1736.7516    60                   1805.6449  2658645                     x144 D   1758   1752     99
   1378  1241    infeasible                         1805.6449  2664628                     x143 U   1788   1776    102
   1397  1251     1731.2178    35                   1805.6449  2710092                      x86 U    987    981    132
   1424  1253     1723.0642    53                   1805.6449  2675141                      x43 D   1872   1866    114
   1434  1257     1723.0000    88                   1805.6449  2680574                   x15998 D   1896   1890    118
   1453  1348     1717.0000    19                   1805.6449  2876237                   x47672 D   1065   1053    140
Elapsed time = 839.64 sec. (451023.68 ticks, tree = 72.18 MB, solutions = 0)
   1468  1297     1793.5856   105                   1805.6449  2828030                      x30 U   1708   1696     14
   1478  1319     1657.4870    38                   1805.6449  2866305                       x3 D   1956   1938    124
   1505  1313     1746.9286    79                   1805.6449  2838376                      x55 D   1804   1792     25
   1539  1277     1796.4394    85                   1805.6449  2801063                     x143 D   1508   1502    103
   1564  1435     1789.6335    94                   1805.6449  3019453                      x64 D   2106   2094     20
   1579  1375    infeasible                         1805.6449  2923032                     x127 U   1562   1556    111
   1600  1432     1719.7496    98                   1805.6449  2988580                     x121 D   1996   1990     51
   1621  1442     1718.3893    44                   1805.6449  2993196                      x78 D   2056   2050     59
   1634  1446     1690.4565    32                   1805.6449  3053449                   x16052 U   1113   1095    145
   1645  1462     1775.3311    87                   1805.6449  3043053                     x146 D   2268   2262     43
Elapsed time = 922.54 sec. (490967.80 ticks, tree = 78.89 MB, solutions = 0)
   1655  1529     1775.1727    95                   1805.6449  3123337                      x91 U   2304   2298     49
   1669  1494     1571.8652    71                   1805.6449  3104545                     x143 D   2164   2158     76
   1683  1502     1543.1999    78                   1805.6449  3109278                      x53 D   2218   2212     84
   1701  1508     1542.4600    83                   1805.6449  3115072                      x21 D   2278   2272     92
   1711  1516     1541.6132    73                   1805.6449  3119926                      x40 D   2326   2320    100
   1724  1544     1758.2814    56                   1805.6449  3259836                   x33571 D   1235   1229    117
   1755  1601     1795.6641    81                   1805.6449  3302532                      x85 U   2490   2484     24
   1776  1615     1787.1761    66                   1805.6449  3307308                      x80 D   2574   2568     38
   1808  1632     1740.1839   106                   1805.6449  3312002                      x99 D   2682   2676     56
   1837  1580     1801.5232    97                   1805.6449  3301421                      x18 U   2446   2440     15
Elapsed time = 1007.76 sec. (532951.65 ticks, tree = 85.50 MB, solutions = 0)
   1860  1589     1791.6070    86                   1805.6449  3306484                   x50831 U   2500   2494     24
   1892  1624     1778.3103   140                   1805.6449  3426732                      x31 D   1814   1802     28

Clique cuts applied:  2
Cover cuts applied:  3
Implied bound cuts applied:  25
Flow cuts applied:  2
Mixed integer rounding cuts applied:  18
Zero-half cuts applied:  9
Gomory fractional cuts applied:  4
User cuts applied:  2436

Root node processing (before b&c):
  Real time             =   19.18 sec. (41459.47 ticks)
Parallel b&c, 6 threads:
  Real time             = 1004.86 sec. (502490.70 ticks)
  Sync time (average)   =   54.17 sec.
  Wait time (average)   =    0.00 sec.
                          ------------
Total (root+branch&cut) = 1024.04 sec. (543950.18 ticks)
========================================
STATUS DA SOLUCAO: AbortTimeLim
========================================
Nao ha solucao viavel disponivel para impressao.
