=========== Input ===========
File name:                ../instances/realistic-instances/10-10-1110588.cdop
Total node count:         21
Truck node count:         10
Drone node count:         10
=============================

Version identifier: 22.2.0.0 | 2026-05-04 | 5dff98e58
CPXPARAM_Threads                                 6
CPXPARAM_TimeLimit                               1024
Legacy callback                                  LD
Lazy constraint(s) or lazy constraint/branch callback is present.
    Disabling dual reductions (CPX_PARAM_REDUCE) in presolve.
    Disabling presolve reductions that prevent crushing forms (CPX_PARAM_PREREFORM).
         Disabling repeat represolve because of lazy constraint/incumbent callback.
Tried aggregator 1 time.
MIP Presolve eliminated 22 rows and 11 columns.
MIP Presolve modified 73082 coefficients.
Reduced MIP has 3457 rows, 54053 columns, and 281864 nonzeros.
Reduced MIP has 53922 binaries, 0 generals, 0 SOSs, and 0 indicators.
Presolve time = 0.14 sec. (189.18 ticks)
Probing time = 0.03 sec. (19.65 ticks)
Cover probing fixed 0 vars, tightened 474 bounds.
Clique table members: 67.
MIP emphasis: balance optimality and feasibility.
MIP search method: traditional branch-and-cut.
Parallel mode: deterministic, using up to 6 threads.
Root relaxation solution time = 0.45 sec. (643.97 ticks)

        Nodes                                         Cuts/
   Node  Left     Objective  IInf  Best Integer    Best Bound    ItCnt     Gap         Variable B NodeID Parent  Depth

      0     0     1855.5630    85                   1855.5630       32         
      0     0     1844.0473    77                    Cuts: 29       88         
      0     0     1844.0473    87                    Cuts: 14      128         
      0     0     1844.0473    90                    Cuts: 23      155         
      0     2     1844.0473    90                   1844.0473      155                                 0             0
Elapsed time = 5.19 sec. (9203.46 ticks, tree = 0.02 MB, solutions = 0)
      1     3     1838.5069    94                   1844.0045      390                      x51 N      5      0      1
      3     5     1840.6171    68                   1840.6171     1206                   x50919 N      3      6      2
      4     6     1840.6171    98                   1840.6171     1223                    x5151 U      9      3      3
      6     6     1838.8592    97                   1840.6171     1524                    x5151 N      2      3      3
      9    10     1839.7349   106                   1840.6134     2808                    x5151 U     18     12      3
     13     7     1831.8985    99                   1840.6111     2307                      x57 N      1      9      4
     18     4     1830.0782   108                   1840.6111     1936                      x16 N      4      5      2
     19    15     1839.3237   109                   1840.2444     4941                      x47 D     27     21      6
     22    14     1829.7927    79                   1840.2444     4652                      x58 U      7      1      5
     29    24     1828.6545    99                   1840.2444     9551                      x61 U     29     17      4
Elapsed time = 9.24 sec. (14400.37 ticks, tree = 0.34 MB, solutions = 0)
     37    29     1827.1521    64                   1840.2444    10709                      x78 D     19      7      6
     46    39     1827.9973   105                   1840.2444    14842                      x47 D     34     28      6
     62    48     1823.4291    81                   1840.2444    17126                      x91 D     58     46      9
     67    59     1832.6879    58                   1840.2444    23131                     x181 U     75     57     10
     77    66     1835.4670    93                   1840.2444    26365                   x27625 D     93     81     12
     91    75     1827.4313    80                   1840.2444    29269                    x8080 D     95     83     11
    122    98     1833.0657    79                   1840.2444    35185                   x27732 D    159    153     23
    161   127     1826.1334    51                   1840.2444    41535                      x58 U    155    143     17
    183   130     1818.4457    66                   1840.2444    40890                   x27733 D    229    223     35
    217   169     1822.4014   109                   1840.2444    45908                   x27793 D    188    182     28
Elapsed time = 19.11 sec. (24938.64 ticks, tree = 3.88 MB, solutions = 0)
    238   217     1828.2479    88                   1840.2444    54971                      x19 U    351    339     53
    262   215     1819.7755   134                   1840.2444    52177                   x48501 D    326    320     51
    285   265     1826.4968   106                   1840.2444    64172                      x48 U    399    393     61
    301   269     1820.1900    61                   1840.2444    67990                     x972 U    239    233     29
    307   277     1821.6440    87                   1840.2444    70622                   x27564 D    166    160     22
    338   296     1816.2538    87                   1840.2444    76218                   x48600 D    464    458     73
    352   306     1814.4085    36                   1840.2444    81130                     x699 U    263    251     31
    365   327     1833.0089   134                   1840.2444    90768                     x699 D    210    204     26
    380   341     1814.6588   101                   1840.2444    95496                   x48310 D    483    477     74
    391   346     1788.4894    84                   1840.2444    94761                      x65 U    340    328     46
Elapsed time = 29.42 sec. (35075.78 ticks, tree = 10.04 MB, solutions = 0)
    399   356     1803.5956   116                   1840.2444   104281                      x58 D    488    470     75
    426   394     1811.9965   106                   1840.2444   119297                   x51012 D    519    507     79
    447   402     1817.2242   108                   1840.2444   121886                      x61 U    394    382     54
    462   397     1810.6691   102                   1840.2444   113656                   x16462 D    601    595     92
    484   410     1814.6244    72                   1840.2444   122823                   x16336 D    442    436     62
    507   426     1812.3948   110                   1840.2444   129032                     x157 D    620    614     95
    522   483     1813.8882    91                   1840.2444   139201                   x50917 D    496    490     70
    534   491     1812.4614    96                   1840.2444   139936                      x20 U    544    538     78
    542   521     1807.4941    77                   1840.2444   156024                   x16397 N    691    679    105
    556   495     1808.9103    51                   1840.2444   150982                      x42 D    335    317     38
Elapsed time = 39.37 sec. (45295.47 ticks, tree = 15.54 MB, solutions = 0)
    572   540     1830.5850    73                   1840.2444   164027                    x4880 D    294    282     36
    582   540    infeasible                         1840.2444   168579                      x38 U    747    735    113
    588   541     1791.7028   116                   1840.2444   169501                      x38 D    753    735    113
    599   573     1809.2824   130                   1840.2444   183913                      x57 U    616    604     86
    607   549     1766.3551    94                   1840.2444   179861                      x27 U    686    680    104
    611   585     1786.6121    82                   1840.2444   194250                   x45310 D    817    811    124
    623   583     1829.3463   104                   1840.2444   188303                      x41 D    354    348     45
    632   599    infeasible                         1840.2444   211639                      x78 U    640    634     89
    634   585    infeasible                         1840.2444   197827                     x160 U    865    853    129
    642   598     1788.0630   120                   1840.2444   209330                    x1029 U    807    801    119
Elapsed time = 50.61 sec. (56118.23 ticks, tree = 19.34 MB, solutions = 0)
    653   613     1807.3220    49                   1840.2444   219588                      x22 D    437    431     55
    659   614     1807.1781    65                   1840.2444   220567                      x80 D    443    437     56
    665   620     1787.5687   124                   1840.2444   230578                      x27 D    831    819    122
    683   617     1829.8624    82                   1840.2444   223725                   x24742 U    937    931     17
    694   627     1796.0258    98                   1840.2444   227741                   x16165 D    748    742    104
    716   629     1828.8147    78                   1840.2444   245165                    x5210 U    384    378     49
    741   625     1826.1664    82                   1840.2444   240279                   x51011 U    788    776      8
    752   667    infeasible                         1840.2444   263721                   x48579 U    921    909    135
    777   674     1836.3300    74                   1839.8025   264706                      x22 D    963    957     10
    800   683     1815.9285    86                   1839.8025   270000                      x58 U    842    836     14
Elapsed time = 61.21 sec. (66615.09 ticks, tree = 22.60 MB, solutions = 0)
    815   683     1832.8111   115                   1839.8025   267037                      x65 D   1017   1011     18
    826   731     1831.7697   105                   1839.8025   293103                      x42 U   1018   1012     12
    836   734     1830.2148    55                   1839.8025   294245                      x22 D   1036   1030     14
    846   701     1792.0247    96                   1839.8025   289484                   x50931 D    569    563     73
    859   704    infeasible                         1839.8025   290863                   x48639 U    599    587     77
    871   767     1777.3955    49                   1839.8025   307015                      x21 U   1083   1077     27
    885   776     1775.3824    71                   1839.8025   314474                      x64 U    498    486     65
    902   796     1828.9725    82                   1839.8025   329912                      x53 U   1063   1057     32
    916   789     1786.3775    66                   1839.8025   318690                   x48529 D    713    707     94
    926   839     1776.5929    65                   1839.8025   350692                   x48407 D    743    737     99
Elapsed time = 73.25 sec. (77509.35 ticks, tree = 28.94 MB, solutions = 0)
    930   824     1822.6387    97                   1839.8025   349145                     x148 D    540    528     70
    946   816     1717.9523    31                   1839.8025   344720                      x20 D   1155   1143     38
    954   817     1753.1520    32                   1839.8025   345585                      x38 D   1161   1149     39
    966   850     1757.0030    70                   1839.8025   354323                   x48604 D    821    809    111
    976   860     1821.0791    32                   1839.8025   363001                      x37 D   1156   1150     31
    984   896     1832.7964    97                   1839.8025   384092                     x151 D    863    857      9
   1002   861     1815.7449    79                   1839.8025   371000                     x151 D   1209   1203     10
   1014   885     1820.7188    92                   1839.8025   381928                   x48384 D    636    630     86
   1026   903     1819.1672    89                   1839.8025   389429                      x75 D   1171   1165     49
   1044   912     1815.0736   112                   1839.8025   396608                     x118 D   1299   1293     23
Elapsed time = 83.47 sec. (87474.15 ticks, tree = 31.76 MB, solutions = 0)
   1055   907     1818.8775    95                   1839.8025   391280                      x18 D   1195   1189     53
   1060   915     1789.0205    64                   1839.8025   398532                      x58 U   1323   1317     26
   1068   948     1831.0067   128                   1839.8025   420208                      x48 U    977    965     24
   1082   931     1809.8834    49                   1839.8025   416640                      x79 D   1010   1004     37
   1093   955     1829.7468   113                   1839.8025   422357                      x63 U   1019   1013     31
   1104   961     1818.5498   105                   1839.8025   424665                      x30 D   1231   1225     59
   1114   964     1818.1226    84                   1839.8025   425715                     x188 D   1249   1243     62
   1119   981     1735.4097   100                   1839.8025   433604                      x53 D   1401   1389     36
   1130  1014     1817.9208    96                   1839.8025   455522                     x184 D   1261   1249     63
   1139  1035     1777.2292    32                   1839.8025   462016                   x27763 D   1467   1461     47
Elapsed time = 98.11 sec. (98401.64 ticks, tree = 36.69 MB, solutions = 0)
   1150  1012    infeasible                         1839.8025   459071                     x134 D   1273   1261     64
   1154  1046     1819.1349    50                   1839.8025   468670                   x15102 D   1318   1312     54
   1156  1041    infeasible                         1839.8025   465449                      x47 U   1515   1503     54
   1165  1048     1824.2156    50                   1839.8025   480204                      x78 D   1309   1297      7
   1175  1050     1823.9042    69                   1839.8025   480405                      x60 U   1321   1315      9
   1187  1057     1816.0415    72                   1839.8025   481456                      x55 D   1363   1357     15
   1193  1067     1766.0437    55                   1839.8025   488344                      x31 D   1587   1581     65
   1203  1070     1764.2021   108                   1839.8025   491332                      x15 D   1121   1115     44
   1210  1073     1763.9367    94                   1839.8025   492095                      x65 D   1139   1133     47
   1233  1106     1763.5700   103                   1839.8025   515080                      x46 D   1187   1181     54
Elapsed time = 113.91 sec. (112614.41 ticks, tree = 39.56 MB, solutions = 0)
   1261  1112     1762.9342   118                   1839.8025   518999                      x19 D   1235   1229     61
   1273  1125     1765.2090    64                   1839.8025   533745                   x15127 D   1791   1785     97
   1281  1126     1805.0584    92                   1839.8025   557643                      x66 N   1259     51      9
   1298  1155     1772.7351   116                   1839.8025   556507                      x32 D   1064   1058     44
   1319  1186     1658.0862    73                   1839.8025   630724                    x5135 D    858    852    121
   1345  1184     1799.1734   111                   1839.8025   613515                      x66 D   1435   1429     25
   1375  1210     1789.3058   103                   1839.8025   639586                      x45 U   1959   1953     34
   1400  1249     1753.2797    77                   1839.8025   673992                      x42 D   1415   1409     30
   1421  1259     1751.3418    83                   1839.8025   676835                      x27 D   1475   1469     40
   1438  1273     1567.6188    44                   1839.8025   705666                      x63 D    954    948    133
Elapsed time = 159.15 sec. (152534.39 ticks, tree = 48.23 MB, solutions = 0)
   1479  1317     1824.8308   102                   1839.1966   747605                     x159 D    996    990      7
   1506  1325     1801.5428    68                   1839.1966   735251                     x972 U   2169   2163     33
   1530  1329     1797.6135   130                   1839.1966   761692                      x15 D   1573   1567     43
   1547  1372     1754.9455    28                   1837.6735   793586                      x48 U   1262   1250     68
   1575  1416     1715.2423    96                   1837.6735   831375                   x24719 D   1316   1310     75
   1596  1410     1773.3834    94                   1837.6735   824636                      x74 U   1612   1600     17
   1624  1421     1674.1240    55                   1837.6735   838930                   x36579 D   1358   1352     80
   1649  1475     1815.0616    46                   1837.6735   889380                     x156 D   1176   1170     33
   1674  1487     1795.4790    93                   1837.6735   898544                   x51711 D   1735   1729     65
   1699  1515     1747.5828    47                   1837.6735   935974                      x56 D   1673   1667     69
Elapsed time = 212.89 sec. (192521.10 ticks, tree = 62.46 MB, solutions = 0)
   1716  1515     1716.5681    53                   1837.6735   921519                   x27785 D   1798   1792     42
   1745  1529     1813.4631    89                   1837.6735   948090                      x64 D   1254   1248     46
   1773  1568     1686.3511    54                   1837.6735   974682                      x59 D   1924   1918     61
   1798  1586     1794.6546    77                   1837.6735  1005330                      x77 D   1801   1795     72
   1824  1634    infeasible                         1837.6735  1054340                      x67 U   1592   1586    110
   1841  1614     1681.5654    65                   1837.6735  1028756                    x5210 U   2020   2008     74
   1867  1654     1678.4434    90                   1837.6735  1071383                   x27766 D   2074   2068     82
   1883  1653    infeasible                         1837.6735  1075532                     x132 D   2098   2092     85
   1904  1659     1751.9551    54                   1837.6735  1082634                      x50 D   2134   2128     15
   1919  1699     1746.1994    38                   1837.6735  1148312                   x32426 D   1889   1883     96
Elapsed time = 274.87 sec. (232145.72 ticks, tree = 73.20 MB, solutions = 0)
   1943  1719     1811.3878    64                   1837.6735  1173932                      x69 D   1326   1320     56
   1964  1725     1794.0000    87                   1837.6735  1190303                   x31096 D   1939   1933     89
   1980  1743     1738.4503    67                   1836.6594  1198148                    x5210 U   2266   2260     37
   1996  1748     1738.0383    31                   1836.6594  1201176                      x63 D   2296   2290     42
   2011  1751     1737.8649    49                   1836.6594  1204235                      x70 D   2314   2308     45
   2042  1811     1778.9634   136                   1836.6594  1292719                      x75 D   1940   1934     25
   2080  1798     1737.6282    39                   1836.6594  1283133                      x32 D   2368   2362     54
   2100  1816     1746.0000    55                   1836.6594  1315799                     x175 U   2063   2057    119
   2114  1817    infeasible                         1836.6594  1320884                   x32807 U   2081   2069    121
   2132  1885     1776.2462   138                   1836.6594  1368182                      x62 D   2102   2096     49
Elapsed time = 340.45 sec. (272039.14 ticks, tree = 84.36 MB, solutions = 0)
   2154  1895     1731.0000    15                   1836.6594  1391642                   x35739 D   2141   2129    127
   2168  1851     1795.4932    83                   1836.6594  1365033                     x163 U   2601   2595     96
   2187  1919    infeasible                         1836.6594  1417794                   x27475 D   2137   2131    114
   2208  1959     1736.1851    51                   1836.6594  1487178                      x77 D   2560   2554     86
   2224  1952     1801.0135    93                   1836.6594  1485569                      x53 U   1542   1536     86
   2241  1975    infeasible                         1836.6594  1516581                   x13989 U   2261   2249    139
   2260  1966     1735.6373    43                   1836.4820  1496902                   x50855 U   2602   2596     93
   2289  1976     1738.9862    85                   1836.4820  1509593                      x74 D   2269   2263     24
   2312  2025     1731.0000    15                   1836.4820  1588465                   x42844 D   2339   2327    147
   2340  2028     1731.0000    15                   1836.4820  1593046                    x1863 D   2381   2369    152
Elapsed time = 404.23 sec. (312140.24 ticks, tree = 92.81 MB, solutions = 0)
   2358  2040     1701.0224    25                   1836.4820  1615770                    x5158 U   2650   2644    100
   2371  2039    infeasible                         1836.4277  1619192                     x137 D   2656   2650    101
   2394  2039     1809.2066   113                   1836.4277  1625306                      x74 N   2668     90     12
   2415  2087     1777.8446    76                   1836.4277  1655486                      x37 D   2527   2521     29
   2441  2098     1747.7062    97                   1836.4277  1684008                      x14 D   2567   2561     33
   2475  2141     1731.0000    55                   1836.4277  1767033                   x50951 D   2673   2667    105
   2509  2163     1741.8621    86                   1836.4277  1758659                      x15 D   2717   2711     58
   2538  2183     1611.0000    26                   1836.4277  1813016                      x10 D   1932   1920    138
   2566  2241     1736.4535    67                   1836.4277  1829481                      x56 D   2837   2831     78
   2598  2179     1725.1350    84                   1836.4277  1806831                     x163 D   2872   2854     37
Elapsed time = 464.81 sec. (351616.86 ticks, tree = 101.86 MB, solutions = 0)
   2620  2268     1757.2413    87                   1836.4277  1845477                      x22 D   2552   2546     36
   2668  2304     1792.1880    36                   1836.4277  1883086                     x183 D   2130   2124     37
   2709  2329     1677.1354    32                   1836.4277  1916702                   x31107 D   3017   3011    106
   2747  2362     1745.3481    86                   1835.7303  1924563                      x31 D   2804   2798     78
   2776  2377     1755.7457   109                   1835.7303  1943601                      x11 D   3046   3034     22
   2820  2384     1755.5699    85                   1835.7303  1947842                      x76 D   3088   3076     27
   2854  2431     1793.1734    52                   1835.0210  2005679                     x107 U   3113   3107     18
   2879  2419     1772.3255   100                   1835.0210  1981580                     x152 U   2913   2907     39
   2915  2390     1735.9719    90                   1835.0210  1952593                      x65 U   3124   3106     31
   2938  2521    infeasible                         1835.0210  2040514                      x74 U   2985   2973     49
Elapsed time = 526.58 sec. (390588.99 ticks, tree = 122.42 MB, solutions = 0)
   2967  2551     1754.9284    98                   1835.0210  2067969                      x37 D   3184   3178     40
   2996  2518     1759.7910    48                   1835.0210  2032323                      x76 D   2592   2586     75
   3025  2628     1752.2974    75                   1835.0210  2116597                      x59 D   3081   3075     62
   3053  2642     1754.1247    77                   1835.0210  2129331                      x27 D   3250   3244     49
   3074  2622    infeasible                         1835.0210  2109359                     x141 D   2688   2682     91
   3092  2692     1803.4468    66                   1835.0210  2170615                      x45 U   2724   2718     12
   3118  2735     1753.5597    83                   1835.0210  2212157                      x31 D   3322   3316     60
   3142  2746     1693.9011    90                   1835.0210  2226431                   x48555 D   3461   3455     64
   3172  2722     1777.6447    29                   1835.0210  2181153                      x55 D   2904   2898     38
   3196  2759     1799.0837    72                   1835.0210  2238259                   x36529 U   3569   3557     10
Elapsed time = 594.73 sec. (430537.97 ticks, tree = 136.53 MB, solutions = 0)
   3216  2738     1817.0767    74                   1835.0210  2249942                      x47 N   3116     36      6
   3237  2796     1777.1253    20                   1835.0210  2279338                      x70 D   2994   2988     51
   3271  2833     1792.7505    95                   1835.0210  2302121                     x163 D   3635   3629     18
   3299  2814     1752.0130    73                   1835.0210  2295151                   x41171 D   3472   3466     83
   3326  2861     1744.7481    42                   1835.0210  2338505                   x27543 D   3453   3447    118
   3348  2921     1722.0138    69                   1835.0210  2389554                       x3 D   3562   3556     97
   3362  2861    infeasible                         1835.0210  2349198                   x27674 U   3477   3465    120
   3386  2969     1795.3830    45                   1835.0210  2416125                      x27 U   3344   3332     34
   3404  2976    infeasible                         1835.0210  2439170                   x27743 D   3567   3561    133
   3427  2977     1796.7184   114                   1835.0210  2447006                      x61 D   3585   3579     10
Elapsed time = 662.43 sec. (471435.25 ticks, tree = 149.37 MB, solutions = 0)
   3460  2991     1786.3327    62                   1835.0210  2449870                     x137 D   3669   3663     21
   3486  3042     1780.0902    87                   1835.0210  2491060                   x18179 D   3711   3705     27
   3516  3005     1740.5767    34                   1835.0210  2470350                     x159 D   3971   3959     63
   3539  3028     1733.9673    36                   1835.0210  2478595                   x18421 D   3500   3494     56
   3582  3057     1675.1351    38                   1835.0210  2503556                    x4880 U   3246   3240     89
   3627  3151     1752.4801   115                   1835.0210  2577715                     x163 D   3897   3891     25
   3675  3115     1760.8389    97                   1835.0210  2552159                     x184 D   4133   4127     34
   3706  3216     1566.0000    12                   1835.0210  2634986                   x28751 D   3175   3169    117
   3736  3135     1774.0694    64                   1835.0210  2576227                    x5210 D   3650   3644     31
   3774  3196     1744.3261    41                   1835.0210  2616032                      x64 D   4048   4042     76
Elapsed time = 722.49 sec. (510646.02 ticks, tree = 162.49 MB, solutions = 0)
   3802  3310    infeasible                         1835.0210  2699779                   x26093 U   3384   3372    105
   3826  3269     1750.1949    54                   1835.0210  2675409                      x63 D   3734   3728     41
   3846  3273     1745.0459    53                   1835.0210  2678545                       x7 D   3758   3752     45
   3872  3217    -2768.9145     0                   1835.0210  2637045                   x28751 U   3181   3169    117
   3910  3418     1709.3237    64                   1835.0210  2763538                   x27464 D   4395   4389     39
   3952  3374    infeasible                         1835.0210  2748601                      x82 U   3788   3782     49
   3969  3426     1431.0000    25                   1835.0210  2782451                   x24582 D   3301   3289    132
   3999  3432    infeasible                         1835.0210  2790020                   x24536 U   3361   3355    140
   4025  3479     1712.0223    58                   1835.0210  2816002                      x62 D   4469   4463     81
   4067  3539     1754.5151   119                   1834.6893  2880604                      x24 U   4611   4605     27
Elapsed time = 779.30 sec. (551134.44 ticks, tree = 183.11 MB, solutions = 0)
   4108  3543     1725.1037    60                   1834.6893  2924631                      x22 D   4456   4450     41
   4145  3541    infeasible                         1834.6893  2888312                     x173 D   4647   4635     32
   4174  3567     1704.0104    61                   1834.6893  2929366                      x83 D   4600   4594     65
   4213  3641     1774.0464   128                   1834.6893  2990163                   x36680 D   4725   4719     21
   4249  3680     1702.9723    56                   1834.6893  2999780                      x71 D   4708   4702     83
   4271  3684     1682.5768    39                   1834.6893  3002898                      x50 D   4738   4732     88
   4298  3663     1757.9752    62                   1834.6893  3000498                     x118 U   4857   4845     35
   4330  3725    infeasible                         1834.6893  3050855                      x25 U   4142   4130     61
   4351  3734     1619.6513    38                   1834.6893  3054928                      x76 D   4208   4202     71
   4363  3763    infeasible                         1834.6893  3096596                   x41276 D   4667   4661    109
Elapsed time = 840.92 sec. (590984.26 ticks, tree = 196.52 MB, solutions = 0)
   4380  3711     1773.3312    91                   1834.6893  3049751                      x82 D   3877   3871     23
   4400  3763     1743.5704   127                   1834.6893  3106945                   x27461 U   4679    123     18
   4439  3791     1733.4355    83                   1834.6893  3128103                     x132 D   3979   3973     33
   4485  3850    infeasible                         1834.6893  3166490                     x146 D   4388   4382     38
   4528  3867     1771.9858    53                   1834.6893  3200926                   x24720 U   4894   4888     24
   4565  3876     1770.4326    46                   1834.6893  3204973                      x23 D   4948   4942     31
   4609  3940     1695.7167    54                   1834.6893  3252944                     x104 U   4502   4484     32
   4644  3946     1677.7377    71                   1834.6893  3256267                      x74 D   4538   4532     36
   4668  4040     1763.0467    34                   1834.6893  3311563                     x152 D   5020   5014     40
   4708  4052     1758.1793    55                   1834.6893  3315274                   x48621 D   5092   5086     52
Elapsed time = 899.64 sec. (630398.08 ticks, tree = 214.06 MB, solutions = 0)
   4746  3982     1625.7327    92                   1834.6893  3267970                   x48699 D   4754   4748     67
   4781  4081     1605.9649    48                   1834.6893  3322467                      x58 D   5272   5266     81
   4813  4095     1743.5843    79                   1834.6893  3352610                      x27 D   4862   4856     23
   4856  4196     1601.8851    53                   1834.6893  3396454                      x43 D   5362   5350     93
   4883  4119     1725.3524    77                   1834.6893  3358952                     x168 U   5006   5000     47
   4924  4129     1720.1860    62                   1834.6893  3362253                      x23 D   5066   5060     57
   4953  4282     1539.2765    52                   1834.6893  3467757                     x154 D   4585   4573    122
   4988  4330     1776.4100    93                   1834.6893  3538895                     x132 D   5415   5409     20
   5032  4269     1705.0262    87                   1834.6893  3458447                      x41 D   5192   5186     78
   5068  4353     1768.2065    22                   1834.6893  3543811                      x18 D   5553   5547     43
Elapsed time = 961.80 sec. (669893.40 ticks, tree = 232.42 MB, solutions = 0)
   5103  4359     1767.5924    32                   1834.6893  3546805                      x55 D   5589   5583     49
   5136  4366     1702.5761    59                   1834.6893  3577856                      x44 D   5300   5294     96
   5161  4472     1766.1157    19                   1834.6893  3635922                      x41 D   5673   5667     63
   5195  4373     1701.6617    41                   1834.6893  3584370                     x183 U   5342   5336    103
   5233  4502     1584.0000    21                   1834.6893  3662928                   x10202 D   5704   5692    141
   5267  4383     1673.2473    57                   1834.6893  3591451                   x10867 U   5420   5414    115
   5288  4453     1689.7932    60                   1834.6893  3613561                      x91 U   5161   5155    101
   5307  4527     1757.1736   120                   1834.6893  3682435                      x20 U   5492   5486     32
   5334  4586     1608.9483    32                   1834.6893  3699645                      x74 D   5221   5215    111
   5356  4544     1736.9012    40                   1834.6893  3689027                      x58 D   5594   5588     44
Elapsed time = 1021.85 sec. (708788.58 ticks, tree = 243.86 MB, solutions = 0)
   5368  4580    infeasible                         1834.6893  3733252                    x3929 U   4038   4026    171

Clique cuts applied:  2
Cover cuts applied:  6
Implied bound cuts applied:  33
Flow cuts applied:  3
Mixed integer rounding cuts applied:  13
Zero-half cuts applied:  1
Gomory fractional cuts applied:  1
User cuts applied:  2636

Root node processing (before b&c):
  Real time             =    5.14 sec. (9154.91 ticks)
Parallel b&c, 6 threads:
  Real time             = 1019.01 sec. (712679.28 ticks)
  Sync time (average)   =   41.92 sec.
  Wait time (average)   =    0.00 sec.
                          ------------
Total (root+branch&cut) = 1024.15 sec. (721834.19 ticks)
========================================
STATUS DA SOLUCAO: AbortTimeLim
========================================
Nao ha solucao viavel disponivel para impressao.
