=========== Input ===========
File name:                ../instances/realistic-instances/10-25-1767920.cdop
Total node count:         36
Truck node count:         10
Drone node count:         25
=============================

Version identifier: 22.2.0.0 | 2026-05-04 | 5dff98e58
CPXPARAM_Threads                                 6
CPXPARAM_TimeLimit                               1024
Legacy callback                                  LD
Lazy constraint(s) or lazy constraint/branch callback is present.
    Disabling dual reductions (CPX_PARAM_REDUCE) in presolve.
    Disabling presolve reductions that prevent crushing forms (CPX_PARAM_PREREFORM).
         Disabling repeat represolve because of lazy constraint/incumbent callback.
Tried aggregator 1 time.
MIP Presolve eliminated 22 rows and 11 columns.
MIP Presolve modified 224662 coefficients.
Reduced MIP has 6142 rows, 158378 columns, and 874854 nonzeros.
Reduced MIP has 158247 binaries, 0 generals, 0 SOSs, and 0 indicators.
Presolve time = 0.41 sec. (555.23 ticks)
Probing time = 0.09 sec. (52.32 ticks)
Cover probing fixed 0 vars, tightened 464 bounds.
Clique table members: 67.
MIP emphasis: balance optimality and feasibility.
MIP search method: traditional branch-and-cut.
Parallel mode: deterministic, using up to 6 threads.
Root relaxation solution time = 1.92 sec. (1985.17 ticks)

        Nodes                                         Cuts/
   Node  Left     Objective  IInf  Best Integer    Best Bound    ItCnt     Gap         Variable B NodeID Parent  Depth

      0     0     2671.7724    49                   2671.7724       44         
      0     0     2671.2891    68                    Cuts: 24       80         
      0     0     2671.2891    68                    Cuts: 15       91         
      0     0     2671.2891    68                  MIRcuts: 3       92         
      0     2     2671.2891    68                   2671.2891       92                                 0             0
Elapsed time = 13.51 sec. (21456.30 ticks, tree = 0.02 MB, solutions = 0)
      1     3     2671.1559    96                   2671.1559      229                  x143373 D      6      0      1
      2     4     2671.0508    96                   2671.1559      373                     x269 D     12      6      2
      4     6     2670.9762    80                   2671.1559      549                   x56830 U     24     18      4
      5     7     2670.8720    74                   2671.1559      613                  x115693 U     30     24      5
      7     4     2665.8603    68                   2671.1559      626                     x269 N      4      6      2
      9     9     2670.7565    73                   2671.0428      829                  x145644 D     42     36      7
     10    11     2670.6800    74                   2671.0428     1291                  x146201 D     48     42      8
     14     6     2668.4523    80                   2671.0428     1164                   x56830 N      2     18      4
     18    14     2668.4115    79                   2670.7565     2130                  x111662 D      8      2      5
     28    25     2668.2431    71                   2670.7383     3594                   x70712 U     26     14      7
Elapsed time = 20.91 sec. (25730.91 ticks, tree = 0.70 MB, solutions = 0)
     62    49     2670.2624    55                   2670.5430     6607                     x210 D    108    102     16
     92    69     2669.9457    76                   2670.5430     7633                     x197 D    156    150     24
    103    88     2669.9157    69                   2670.5430    10009                  x115042 D    168    156     25
    132   126     2662.5295    86                   2670.5430    13056                   x75701 D    179    173     22
    157   147     2661.7378    73                   2670.5430    15556                   x89430 D    239    233     32
    181   174     2660.7049    73                   2670.5430    16823                   x89556 D    311    305     43
    201   177     2650.0006    83                   2670.5430    17282                     x208 U    329    317     45
    234   197     2663.9518    61                   2670.5430    21679                   x89585 D    302    296     43
    267   236     2658.9245    67                   2670.5430    24475                   x75683 D    473    467     68
    310   277     2658.1259    67                   2670.5430    27307                   x75767 D    533    527     78
Elapsed time = 114.16 sec. (35574.32 ticks, tree = 16.18 MB, solutions = 0)
    340   309     2657.8715   105                   2670.5430    28284                   x88764 D    394    388     59
    389   335     2662.7315    84                   2670.5430    28961                   x88422 D    536    530     82
    431   389     2662.4510    93                   2670.5430    30105                   x89261 D    602    596     93
    472   423     2654.5454    70                   2670.5430    31974                  x144511 D    381    375     60
    535   459     2656.0651    67                   2670.5430    33524                   x89522 D    893    887    136
    577   499     2661.7393    77                   2670.5430    35602                   x88569 D    806    800    125
    642   585     2661.3977    84                   2670.5430    37644                   x88633 D    926    920    145
    671   591     2667.0591   101                   2670.5430    39287                   x54400 D    540    534     81
    706   661     2661.0089    71                   2670.5430    40180                   x88908 D   1058   1052    167
    737   679     2524.5280    66                   2670.5430    44401                   x89541 D   1049   1043    162
Elapsed time = 128.56 sec. (45293.24 ticks, tree = 48.73 MB, solutions = 0)
    770   739     2660.3009    83                   2670.5430    45919                   x89306 D   1190   1184    189
    795   714     2339.6620    46                   2670.5430    46216                   x10621 D   1048   1042    164
    813   776     2511.9334    10                   2670.5430    51105                   x88492 U   1208   1202    192
    819   788     2440.8580    24                   2670.5430    53137                     x152 U   1091   1085    167
    828   811     2623.8279    50                   2670.5430    54694                  x115436 D    846    834    131
    844   797     2334.9515    53                   2670.5430    54365                  x152595 D   1108   1102    172
    875   852     2511.1738     8                   2670.5430    60383                     x150 U   1256   1250    197
    886   857     2560.5885    52                   2670.5430    59783                     x213 D    978    966    151
    900   874     2333.3160    77                   2670.5430    63400                   x51880 D   1198   1192    186
    914   891     2663.7389    61                   2670.5430    64202                   x79928 D   1044   1038    162
Elapsed time = 145.46 sec. (55304.67 ticks, tree = 66.89 MB, solutions = 0)
    928   910     2662.9395    59                   2670.5430    66272                   x79622 D   1116   1110    174
    939   920     2662.0794    66                   2670.5430    66683                     x144 U   1176   1170    184
    949   875     2333.2631    71                   2670.5430    63518                   x52372 D   1204   1198    187
    967   917     2333.0629    48                   2670.5430    69782                     x247 D   1234   1228    192
    978   948     2660.1322    66                   2670.5430    70912                  x116025 D   1308   1302    206
    984   961     2659.9297    63                   2670.5430    72726                  x116007 D   1326   1320    209
   1001   914     2437.1255    38                   2670.5430    70191                   x74962 D   1205   1199    185
   1014   998     2332.6375    58                   2670.5430    75871                  x114845 D   1342   1336    207
   1026  1009     2332.3048    71                   2670.5430    76113                  x114912 D   1408   1402    218
   1049  1027     2331.9487    68                   2670.5430    76314                  x115707 D   1516   1510    236
Elapsed time = 307.05 sec. (65908.30 ticks, tree = 78.53 MB, solutions = 0)
   1063  1010     2658.4375    61                   2670.5430    76426                  x115855 D   1518   1512    241
   1071  1016     2656.0845    59                   2670.5430    76765                  x115995 D   1554   1548    247
   1079  1049     2321.1669    38                   2670.5430    78890                   x13489 U   1582   1570    245
   1089  1056     2288.9394    39                   2670.5430    82093                   x52005 U   1618   1606    250
   1100  1068     2502.0783    57                   2670.5430    84359                  x115731 U   1578   1572    251
   1106  1067     2331.2510    63                   2670.5430    82228                  x115387 D   1684   1678    261
   1118  1096     2330.5683    41                   2670.5430    85729                   x52108 D   1750   1744    272
   1126  1092     2454.8739    32                   2670.5430    87984                     x236 U   1632   1620    256
   1144  1114     2330.0255    39                   2670.5430    92321                   x52071 D   1828   1822    284
   1153  1120     2431.0452    42                   2670.5430    93771                  x117502 D   1692   1686    265
Elapsed time = 321.32 sec. (79575.51 ticks, tree = 86.63 MB, solutions = 0)
   1157  1123     2443.9328    40                   2670.5430    94443                  x117953 D   1710   1704    267
   1164  1141     2441.5106    41                   2670.5430    95897                  x117439 D   1752   1746    274
   1171  1146     2440.1010    42                   2670.5430    96221                  x118047 D   1782   1776    279
   1174  1148     2439.6081    45                   2670.5430    96584                  x118371 D   1794   1788    281
   1175  1140     2244.9619    50                   2670.5430    98815                      x89 U   1882   1870    291
   1190  1151     2333.5727    35                   2670.5430    99034                  x118371 U   1800   1788    281
   1193  1163     2438.6168    42                   2670.5430   106738                  x117879 D   1818   1812    284
   1217  1187     2269.9078    35                   2670.5430   107577                   x52528 D   2050   2044    318
   1241  1183     2434.0929    41                   2670.5430   106994                  x122719 D   1938   1932    304
   1250  1209     2433.4513    46                   2670.5430   108316                  x122598 D   1992   1986    313
Elapsed time = 333.41 sec. (90848.16 ticks, tree = 94.54 MB, solutions = 0)
   1269  1236     2198.6228    42                   2670.5430   110740                   x52436 U   2212   2200    343
   1288  1264     2269.1834    40                   2670.5430   112722                   x52713 D   2296   2290    357
   1312  1275     2262.2093    37                   2670.5430   113061                   x53021 D   2368   2362    367
   1325  1267     2414.6892    31                   2670.5430   119594                   x88372 U   1313   1301    198
   1329  1281     2231.0940    39                   2670.5430   120709                     x152 D   2398   2386    370
   1341  1312     2427.1563    46                   2670.5430   120195                  x118541 D   2220   2214    350
   1343  1283     2217.3721    40                   2670.5430   122044                   x74782 U   2410   2392    371
   1363  1322     2231.8359    39                   2670.5430   122790                   x52055 D   2506   2500    387
   1369  1318     2314.7800    48                   2670.5430   122082                  x123528 U   2256   2244    354
   1384  1332     2421.4353    45                   2670.5430   124860                  x118278 D   2316   2310    364
Elapsed time = 347.99 sec. (104914.86 ticks, tree = 105.13 MB, solutions = 0)
   1391  1350     2086.9247    40                   2670.5430   125992                   x54779 D   2590   2584    399
   1396  1355     2086.5634    23                   2670.5430   126555                   x54940 D   2620   2614    403
   1400  1358     2055.3430    24                   2670.5430   127206                  x115176 U   2638   2626    405
   1404  1374     2054.0625    26                   2670.5430   129022                   x54520 U   2656   2644    407
   1416  1365     2267.6169    61                   2670.5430   129270                  x115475 D   2370   2358    371
   1435  1388     2264.4261    62                   2670.5430   130999                  x118485 U   2436   2430    382
   1445  1396     2263.1503    61                   2670.5430   131206                      x66 D   2484   2478    390
   1448  1388     2434.8775    32                   2670.5430   139104                      x89 U   1355   1349    203
   1463  1425     2263.0120    60                   2670.5430   141572                  x149406 D   2526   2520    396
   1472  1409     2036.2647    24                   2670.5430   141838                  x115058 U   2800   2788    426
Elapsed time = 359.52 sec. (115860.76 ticks, tree = 111.89 MB, solutions = 0)
   1482  1439     2082.1076    24                   2670.5430   143599                  x115445 D   2860   2854    436
   1483  1434     2161.6180    47                   2670.5430   143496                   x79098 U   2580   2568    404
   1495  1454     2434.4916    28                   2670.5430   150153                   x88370 D   1385   1379    207
   1502  1456     2433.4832    29                   2670.5430   150794                   x75534 D   1397   1391    209
   1511  1472     2013.8548    26                   2670.5430   153200                  x115105 U   2932   2920    444
   1518  1477     2099.9382    64                   2670.5430   154560                  x117621 D   2646   2640    414
   1524  1482     2009.5940    32                   2670.5430   154739                  x114996 U   2992   2980    452
   1530  1479     2066.9925    55                   2670.5430   156512                  x118171 D   2670   2652    416
   1537  1495     2064.3606    53                   2670.5430   158118                   x89941 D   2706   2700    422
   1562  1508     2040.0635    26                   2670.5430   166926                     x130 D   3064   3052    461
Elapsed time = 377.39 sec. (133181.94 ticks, tree = 120.41 MB, solutions = 0)
   1584  1533     2013.9251    26                   2670.5430   169906                  x115174 U   3124   3112    468
   1597  1551     2061.1355    37                   2670.5430   174743                   x86672 D   2880   2874    447
   1632  1573     2058.9367    33                   2670.5430   184357                     x185 D   3208   3202    479
   1658  1618     2057.2006    38                   2670.5430   186006                   x79104 D   3180   3174    494
   1708  1613     2057.9759    35                   2670.5430   189528                   x75467 D   3280   3274    489
   1778  1726     2042.1157    38                   2670.5430   193966                  x123444 D   3708   3702    580
   1802  1741     2020.7303    36                   2670.5430   195493                  x115451 U   3798   3786    594
   1835  1772     2027.2240    32                   2670.5430   198696                  x115469 D   3888   3882    608
   1847  1804     2055.1147    33                   2670.5430   214467                      x81 D   3454   3442    515
   1879  1824     2022.4751    35                   2670.5430   217377                  x115726 D   4014   4002    627
Elapsed time = 421.31 sec. (173128.60 ticks, tree = 148.15 MB, solutions = 0)
   1884  1849     2430.0900    26                   2670.5430   227118                  x143129 D   1685   1673    248
   1916  1856    infeasible                         2670.5430   230904                  x122367 U   4116   4104    640
   1930  1867     1820.0315    15                   2670.5430   241012                   x55636 U   3526   3514    524
   1973  1879    infeasible                         2670.5430   240305                  x122840 U   4302   4290    666
   1989  1908     2006.0867    31                   2670.5430   249991                  x123119 D   4380   4374    677
   2017  1946     2427.4469    26                   2670.5430   258258                      x36 U   1853   1847    274
   2033  1958    infeasible                         2670.5430   262934                  x123353 U   4584   4572    705
   2054  1973     2005.3248    31                   2670.5430   267310                  x122678 D   4656   4650    716
   2072  1989    infeasible                         2670.5430   271945                   x86505 U   4746   4734    727
   2097  2010     2004.9490    28                   2670.5430   273286                   x86001 D   4884   4878    749
Elapsed time = 535.60 sec. (213297.32 ticks, tree = 164.44 MB, solutions = 0)
   2118  2026     2004.8455    27                   2670.5430   278142                   x86474 D   4998   4992    765
   2135  2036     2003.8104    39                   2670.5430   280233                   x89984 D   5094   5088    778
   2166  2037     2418.7669    31                   2670.5430   284125                     x113 D   1961   1949    288
   2180  2058     2383.9466    25                   2670.5430   288593                     x165 U   1985   1973    290
   2183  2075     2591.2373   134                   2670.4697   299390                  x146201 U   5346     42      8
   2189  2078     2581.9197   110                   2670.4697   297402                     x113 U     73     67     12
   2208  2101     2576.9040    97                   2670.4697   317938                     x128 U   5454   5448     23
   2226  2117     2582.9513    83                   2670.4697   319326                      x28 D   5550   5544     38
   2236  2125     2582.6135    93                   2670.4697   321323                  x122409 D   5598   5592     45
   2245  2119     2139.3222    54                   2670.4697   350695                   x75592 D   2009   1997    293
Elapsed time = 586.22 sec. (254051.44 ticks, tree = 174.14 MB, solutions = 0)
   2253  2131     2567.7224   109                   2670.4697   345695                  x152648 D    145    133     20
   2265  2151     2573.5679    66                   2670.4697   365407                      x70 D    163    157     23
   2274  2164     2410.9606    70                   2670.4697   390167                   x85893 D    747    735    112
   2290  2162     2578.6893    93                   2670.4697   388037                     x230 U   2039   2033     17
   2305  2169     2572.3141   109                   2670.4697   394734                   x40124 D    181    175     25
   2322  2174     2564.2941    78                   2670.4697   396734                   x56523 D    211    199     28
   2343  2198     2425.3691    99                   2670.4697   411613                   x52566 D   5850   5844     78
   2355  2232     2422.5182   107                   2670.4697   436168                      x73 D   5874   5868     80
   2367  2236     2418.8081    68                   2670.4697   437962                      x83 D   5898   5892     83
   2390  2241     2416.6328    91                   2670.4697   439917                   x56522 D   5928   5922     87
Elapsed time = 682.40 sec. (294202.72 ticks, tree = 187.37 MB, solutions = 0)
   2418  2261     2559.9294    95                   2670.4697   444886                     x114 D   2261   2249     47
   2428  2264     2567.2650    85                   2670.4697   451305                  x123352 N    307    295     41
   2452  2296     2563.7239    93                   2670.4697   464012                      x83 D   2297   2291     52
   2467  2326     2351.6427    82                   2670.4697   479136                   x39369 D   1478   1466    225
   2478  2347     2386.1111    24                   2670.4697   494059                   x75652 D    957    951    138
   2499  2347     2393.8880    86                   2670.4697   485932                   x89168 D   6096   6090    110
   2524  2379     2566.0485   122                   2670.4697   505611                     x225 D    457    451     65
   2544  2404     2389.7330    84                   2670.4697   510408                     x117 D   6210   6204    128
   2560  2406     2380.1392    68                   2670.4697   512157                   x56777 U   6222   6210    129
   2575  2444     2383.0415    65                   2670.4697   528347                   x88990 D   6252   6246    134
Elapsed time = 778.79 sec. (334992.28 ticks, tree = 211.69 MB, solutions = 0)
   2593  2461     2473.0528    66                   2670.4697   535429                     x150 D   2423   2411     67
   2603  2478     2560.5280   103                   2670.4697   549083                  x122406 D    625    619     88
   2612  2483     2344.5146    75                   2670.4697   554700                   x70674 U   1604   1592    240
   2622  2463     2338.0012    56                   2670.4697   546633                   x75684 U   1029   1017    146
   2634  2504     2367.7482    59                   2670.4697   571676                  x114924 D   6312   6300    141
   2648  2533     2306.7708    80                   2670.4697   581424                   x39674 U   1670   1658    250
   2665  2506     2345.5994    50                   2670.4697   574878                  x146200 U   6324   6312    142
   2687  2552     2339.7830    57                   2670.4697   582588                   x75394 D   1784   1778    268
   2713  2542     2313.4302    45                   2670.4697   594704                     x268 U   6354   6348    147
   2726  2556     2456.8160    66                   2670.4697   605031                   x89464 U    841    829    117
Elapsed time = 873.56 sec. (377742.06 ticks, tree = 225.75 MB, solutions = 0)
   2745  2559     2423.0938    72                   2670.4697   607091                     x100 U    859    847    119
   2755  2582     2289.1175    62                   2670.4697   619074                  x122341 U   6462   6450    161
   2783  2621     2414.9847    91                   2670.4697   631056                  x122661 D    895    889    124
   2795  2636     2428.5591    52                   2670.4697   648272                      x65 D   2633   2627     90
   2811  2681     2563.8779    75                   2670.4697   677559                   x55008 U   1167   1155     27
   2827  2640     2426.5340    38                   2670.4697   651860                  x115720 D   2657   2651     93
   2843  2688     2559.9637   134                   2670.4697   681739                     x195 D   1209   1203     33
   2852  2697     2556.0532    83                   2670.4697   703756                     x114 D   3742   3730     17
   2882  2706     2553.3163    86                   2670.4697   705633                  x144467 D   3796   3790     25
   2899  2742     2327.4418    62                   2670.4697   727443                      x69 D   1946   1940    291
Elapsed time = 984.08 sec. (417707.41 ticks, tree = 247.08 MB, solutions = 0)
   2914  2721     2268.5676    46                   2670.4697   724200                   x89506 U   6618   6606    181
   2932  2747     2320.7789    61                   2670.4697   733199                  x124245 D   1988   1982    296
   2962  2802     2407.7954    58                   2670.4697   765023                     x152 U    991    985    135

Clique cuts applied:  3
Cover cuts applied:  1
Implied bound cuts applied:  12
Flow cuts applied:  1
Mixed integer rounding cuts applied:  9
Gomory fractional cuts applied:  1
User cuts applied:  4453

Root node processing (before b&c):
  Real time             =   13.34 sec. (21318.54 ticks)
Parallel b&c, 6 threads:
  Real time             = 1010.73 sec. (411847.71 ticks)
  Sync time (average)   =   31.32 sec.
  Wait time (average)   =    0.00 sec.
                          ------------
Total (root+branch&cut) = 1024.07 sec. (433166.26 ticks)
========================================
STATUS DA SOLUCAO: AbortTimeLim
========================================
Nao ha solucao viavel disponivel para impressao.
