=========== Input ===========
File name:                ../instances/realistic-instances/10-25-1110588.cdop
Total node count:         36
Truck node count:         10
Drone node count:         25
=============================

Version identifier: 22.2.0.0 | 2026-05-04 | 5dff98e58
CPXPARAM_Threads                                 6
CPXPARAM_TimeLimit                               1024
Legacy callback                                  LD
Lazy constraint(s) or lazy constraint/branch callback is present.
    Disabling dual reductions (CPX_PARAM_REDUCE) in presolve.
    Disabling presolve reductions that prevent crushing forms (CPX_PARAM_PREREFORM).
         Disabling repeat represolve because of lazy constraint/incumbent callback.
Tried aggregator 1 time.
MIP Presolve eliminated 22 rows and 11 columns.
MIP Presolve modified 206462 coefficients.
Reduced MIP has 6142 rows, 158378 columns, and 875012 nonzeros.
Reduced MIP has 158247 binaries, 0 generals, 0 SOSs, and 0 indicators.
Presolve time = 0.39 sec. (544.01 ticks)
Probing time = 0.07 sec. (52.36 ticks)
Cover probing fixed 0 vars, tightened 355 bounds.
Clique table members: 67.
MIP emphasis: balance optimality and feasibility.
MIP search method: traditional branch-and-cut.
Parallel mode: deterministic, using up to 6 threads.
Root relaxation solution time = 6.67 sec. (6588.06 ticks)

        Nodes                                         Cuts/
   Node  Left     Objective  IInf  Best Integer    Best Bound    ItCnt     Gap         Variable B NodeID Parent  Depth

      0     0     3025.8589    62                   3025.8589      205         
      0     0     3025.8589    50                    Cuts: 30      226         
      0     0     3025.7375    81                    Cuts: 17      641         
      0     0     3024.4171    72                    Cuts: 18      808         
      0     0     3023.7662    49                    Cuts: 16      885         
      0     0     3022.6288    56                     Cuts: 7     1008         
      0     0     3022.0656    67                    Cuts: 10     1099         
      0     0     3021.7462    57                     Cuts: 7     1162         
      0     0     3021.7462    57                 Impl Bds: 1     1163         
Heuristic still looking.
      0     2     3021.7462    57                   3021.7462     1163                                 0             0
Elapsed time = 24.22 sec. (37370.94 ticks, tree = 0.02 MB, solutions = 0)
      1     3     3021.2943    43                   3021.2813     1284                     x241 D      6      0      1
      3     3     3014.5823    78                   3021.2649     1697                     x241 N      5      0      1
      6     8     3019.1433    55                   3020.8595     2248                     x199 U     24     18      4
     11     7     3020.6273    78                   3020.8595     2089                     x199 U     10      4      3
     13    11     3018.7985    46                   3020.8595     2510                     x190 D     42     36      7
     15    11     3020.3037    88                   3020.8595     2780                     x190 D     16     10      4
     19    14     3017.9929    80                   3020.6227     3373                      x51 D     13      7      5
     22    15     3017.8232    84                   3020.6227     3447                     x235 D     19     13      6
     26    19     3003.8893    47                   3020.5335     4916                     x130 D     35     29      7
     36    24     3010.2249    60                   3020.5335     6773                     x130 D     26     14      5
Elapsed time = 32.51 sec. (42340.40 ticks, tree = 0.79 MB, solutions = 0)
     47    30     3017.1816    96                   3020.5335     8364                      x63 D     37     19      7
     55    40     3003.7989    82                   3020.5335    10378                     x138 D     38     20      6
     62    53     3004.5330    62                   3020.5335    13759                      x58 U     70     58     10
     66    57     3003.6201    79                   3020.5335    15505                      x63 U     90     78     12
     71    65     3010.1237    61                   3020.5335    18272                      x29 U     56     50      9
     75    69     3003.3411    68                   3020.5335    18987                     x161 U    102     96     14
     78    70     3008.1846    45                   3020.5335    19705                     x126 U     88     76     12
     80    71     2988.3786    76                   3020.5335    19682                      x69 D     81     75     11
     85    66     3010.0898    69                   3020.5335    18412                     x162 U     62     56     10
     95    78     3003.5230    82                   3020.5335    22984                     x126 D     97     91     14
Elapsed time = 50.50 sec. (53926.05 ticks, tree = 3.28 MB, solutions = 0)
     98    80     3012.7102    45                   3020.5335    23382                      x54 D    112    106     16
    102    79     3003.2654    63                   3020.5335    24098                      x58 D    103     97     15
    103    92     2985.3592    61                   3020.5335    28145                     x131 N    105     93     14
    108    99     3009.1191    65                   3020.5335    32385                      x73 U    104     98     17
    110   101     2985.4707    72                   3020.5335    33793                      x90 D    117    111     16
    118   105     2999.3233    53                   3020.5335    36607                  x145590 U    107    101     14
    121   100     3008.5429    86                   3020.5335    33845                      x59 U    110    104     18
    123   107     3003.1370    73                   3020.5335    39069                      x54 D    127    121     18
    128   119     2998.9838    54                   3020.5335    45095                  x152576 D    125    107     15
    131   114     3003.0560    75                   3020.5335    43842                     x119 D    133    127     19
Elapsed time = 73.94 sec. (65037.99 ticks, tree = 4.75 MB, solutions = 0)
    135   116     3002.9908    91                   3020.5335    44464                      x89 D    145    139     21
    140   128     3001.3147    73                   3020.5335    55471                     x186 D    150    144     20
    144   130     3001.1191    90                   3020.5335    55950                      x73 U    162    150     21
    149   126     3007.9286    85                   3020.5335    54839                      x55 U    122    110     19
    151   127     3007.5927    67                   3020.5335    55348                     x204 D    128    122     20
    156   133     2986.3411    51                   3020.5335    60235                      x90 U    155    143     18
    159   142     2981.2693    90                   3020.5335    68946                      x45 U    159    153     22
    165   137     3007.4089    70                   3020.5335    63574                  x152592 D    140    128     21
    167   140     3002.6163    68                   3020.5335    65588                     x109 D    175    169     26
    169   149     3012.5104    49                   3020.5335    73948                      x48 D    178    172     26
Elapsed time = 105.20 sec. (77273.06 ticks, tree = 6.55 MB, solutions = 0)
    170   159     3012.5016    54                   3020.5335    81433                     x160 D    184    178     27
    176   166     2981.1685    81                   3020.5335    92581                     x126 D    183    171     25
    181   161     3012.4846    34                   3020.5335    82625                     x139 D    196    190     29
    183   161     2990.4738    54                   3020.5335    89089                   x47641 U    152    140     22
    185   162     2976.3599    77                   3020.5335    87684                     x128 U    179    167     20
    186   175     2994.8917    60                   3020.5335   102581                     x119 D    185    173     21
    187   170     2997.3368    80                   3020.5335    98089                   x54348 U    205    193     30
    190   178     3001.9778    74                   3020.5335   106781                     x122 D    211    199     31
    192   183     3012.4365    45                   3020.5335   115257                  x152576 U    214    202     31
    194   184     3012.4171    46                   3020.5335   116295                      x45 D    220    214     32
Elapsed time = 204.62 sec. (94116.30 ticks, tree = 8.45 MB, solutions = 0)
    198   179     2990.5025    71                   3020.5335   110123                     x122 U    217    199     31
    201   185     2994.1095    56                   3020.5335   119374                     x156 D    203    197     23
    203   189     3003.2548    67                   3020.5335   128643                  x152600 D    170    158     24
    207   194     3001.7519    72                   3020.5335   137087                   x43864 D    235    229     34
    209   190     2981.7534    43                   3020.5335   125714                     x128 U    244    232     35
    210   196     3001.6266    54                   3020.5335   137840                  x152536 U    247    241     36
    213   204     2990.6265    52                   3020.5335   146626                     x152 D    259    247     37
    218   197     3012.3516    47                   3020.5335   141331                      x36 D    256    250     37
    220   206     2962.5075   100                   3020.5335   153834                     x164 U    219    213     29
    223   206     2977.3076    72                   3020.5335   149552                     x168 U    271    253     38
Elapsed time = 232.82 sec. (107712.69 ticks, tree = 10.17 MB, solutions = 0)
    230   198     2966.3944    75                   3020.5335   147217                      x65 D    182    170     25
    234   211     3001.5497    76                   3020.5335   149760                      x79 D    301    295     43
    238   224     3001.5119    83                   3020.5335   166193                   x20518 D    313    307     45
    242   227     2974.5856    96                   3020.5335   172780                      x79 D    243    237     32
    245   229     2973.9099   113                   3020.5335   173927                      x98 D    255    249     34
    248   225     2951.9738    60                   3020.5335   169762                   x20518 U    319    307     45
    250   230     2991.3300    64                   3020.5335   182721                     x164 D    245    239     27
    254   216     2972.1258   100                   3020.5335   169091                      x83 D    206    188     27
    256   236     3001.4005    68                   3020.5335   190171                     x121 D    337    331     48
    260   232     3012.2495    55                   3020.5335   188656                  x152592 D    304    292     43
Elapsed time = 261.83 sec. (124146.06 ticks, tree = 12.58 MB, solutions = 0)
    262   243     2973.1826    81                   3020.5335   196452                     x160 D    279    267     36
    266   239     3001.3789    85                   3020.5335   191388                   x48183 D    355    349     51
    268   245     3012.2332    57                   3020.5335   206587                   x47641 D    310    304     44
    270   244     2941.5540    66                   3020.5335   200148                     x125 U    285    279     37
    274   254     2973.0486   105                   3020.5335   217845                     x112 D    297    291     38
    278   247     3012.2050    59                   3020.5335   207922                      x96 D    322    316     46
    281   250     2970.8845    66                   3020.5335   215591                     x139 U    263    257     30
    283   257     2961.0289    90                   3020.5335   219748                   x28187 D    315    303     40
    289   260     2953.6912    65                   3020.5335   220494                     x172 U    333    321     42
    292   252     2989.3275    89                   3020.5335   217343                     x122 D    275    269     31
Elapsed time = 286.94 sec. (137178.04 ticks, tree = 13.96 MB, solutions = 0)
    295   248     2982.1620    48                   3020.5335   212870                      x96 U    328    316     46
    297   270     3012.2050    57                   3020.5335   244216                     x204 D    334    322     47
    299   259     2969.1476    92                   3020.5335   228132                      x90 D    260    254     35
    301   267     2984.1191    53                   3020.5335   239577                     x110 U    287    281     33
    302   268     2988.9739    63                   3020.5335   239926                     x110 D    293    281     33
    306   284     2971.4431    76                   3020.5335   257574                     x139 D    351    339     44
    308   274     3012.1902    36                   3020.5335   248233                     x210 D    358    352     50
    312   274     2968.6377    60                   3020.5335   251758                      x48 D    266    260     36
    315   293     2988.7226    38                   3020.5335   269831                      x36 D    305    299     35
    316   298     3007.1631    38                   3020.5335   276631                     x210 U    364    352     50
Elapsed time = 391.81 sec. (153740.76 ticks, tree = 17.75 MB, solutions = 0)
    318   293     3001.0484    73                   3020.5335   268352                     x125 D    421    415     59
    319   273    infeasible                         3020.5335   256260                     x119 U    272    266     37
    321   303     3000.9816    95                   3020.5335   277976                     x160 D    427    421     60
    324   303     2968.4669    60                   3020.5335   285120                     x119 D    278    266     37
    328   300     3012.1394    34                   3020.5335   279547                      x76 D    376    370     52
    330   306     3000.9210    60                   3020.5335   279580                  x131695 D    445    439     63
    333   308     2972.9740    45                   3020.5335   290052                      x83 U    335    323     38
    335   309     2986.8341    37                   3020.5335   291369                      x96 D    341    329     39
    336   311     2949.3298    36                   3020.5335   299306                      x76 U    382    370     52
    345   310     2932.5977    50                   3020.5335   295909                      x30 U    347    341     40
Elapsed time = 418.97 sec. (172359.13 ticks, tree = 18.53 MB, solutions = 0)
    351   316     3009.6873    35                   3020.5335   304522                     x228 U    412    394     55
    356   322     3000.7461    55                   3020.5335   306190                      x37 D    493    481     69
    367   330     2968.1600    51                   3020.5335   330070                      x79 D    314    302     42
    378   331     2967.9023    84                   3020.5335   332383                     x134 D    320    314     43
    384   345     2985.0811    65                   3020.5335   341203                     x204 D    401    389     46
    391   353     2967.5356   101                   3020.5335   356306                     x125 D    350    344     48
    396   355     2967.3870    56                   3020.5335   357987                      x51 D    362    356     50
    403   375     2984.0797    55                   3020.5335   371727                  x152612 D    443    437     52
    406   376     2974.5687    52                   3020.5335   374336                  x152612 U    449    437     52
    409   378     3012.0123    59                   3020.5335   381703                  x131279 D    478    472     64
Elapsed time = 483.33 sec. (215501.20 ticks, tree = 24.23 MB, solutions = 0)
    414   368     3000.4567   107                   3020.5335   363126                      x84 D    601    595     86
    422   398     3000.4084    96                   3020.5335   401885                   x98873 D    637    631     92
    432   407     3000.3582    92                   3020.5335   403079                  x131798 D    691    685    101
    439   393     2983.2068    52                   3020.5335   409388                      x42 D    479    467     55
    440   388     2966.8930    91                   3020.5335   399931                     x114 D    422    416     58
    444   402     2966.5719   103                   3020.5335   421736                     x159 D    434    428     60
    449   404     2946.7173    55                   3020.5335   429282                     x142 U    496    484     66
    452   403    infeasible                         3020.5335   428923                     x123 U    452    440     62
    459   407     3011.9814    47                   3020.5335   432800                      x60 D    514    508     69
    468   425     2935.0919    51                   3020.5335   448487                     x115 U    497    479     56
Elapsed time = 554.42 sec. (261570.15 ticks, tree = 28.12 MB, solutions = 0)
    472   446     3000.2733   123                   3020.5335   475479                   x21316 D    781    775    111
    483   451     3000.1874    99                   3020.5335   477048                   x68158 D    811    805    116
    488   439     3011.9464    65                   3020.5335   472395                      x68 D    550    544     74
    490   434     2965.3879    80                   3020.5335   460709                     x139 D    494    488     69
    492   456     3000.1670   110                   3020.5335   478396                   x21017 D    841    835    121
    493   448     2893.1985   111                   3020.5335   509555                   x19123 D    521    509     59
    496   458     2915.3028    80                   3020.5335   531322                      x88 D    562    550     75
    498   471    infeasible                         3020.5335   583172                      x30 U    506    494     70
    499   472     2885.4704   149                   3020.5335   555170                   x19123 U    527    509     59
    501   477     2892.2851    89                   3020.5335   619767                      x63 U    533    521     60
Elapsed time = 672.09 sec. (335667.28 ticks, tree = 31.53 MB, solutions = 0)
    504   476     2874.2128   128                   3020.5335   617672                     x115 U    853    841    122
    505   480     2912.4249   147                   3020.5335   711056                      x98 U    859    847    123
    509   482     2912.3515   114                   3020.5335   711581                     x162 U    871    865    125
    511   479     2886.6579   132                   3020.5335   627711                     x152 D    545    533     61
    516   480     2914.5012    89                   3020.5335   697537                      x98 U    580    562     76
    519   479     2891.2422   164                   3020.5335   655167                      x65 U    198    192     25
    520   484     2876.8639    96                   3020.5335   723140                      x53 D    557    551     62
    522   486     2888.6582    95                   3020.5335   724102                  x145489 D    569    563     63
    527   486     2450.3345    90                   3020.5335   742057                   x12168 D    536    524     73
    529   492     2888.0748   164                   3020.5335   762305                     x110 D    216    210     28
Elapsed time = 765.66 sec. (389336.77 ticks, tree = 33.26 MB, solutions = 0)
    534   487     2404.6174    96                   3020.5335   745863                   x12168 U    542    524     73
    538   486     2911.2336   124                   3020.5335   736946                      x73 U    592    580     77
    545   504     2905.4174   140                   3020.5335   792830                     x152 D    598    592     78
    549   505     2911.1386    99                   3020.5335   793029                     x152 U    604    592     78
    556   498     2902.1764   213                   3020.5335   778645                     x139 U    907    901    129
    561   511     2446.1234    88                   3020.5335   809343                      x18 D    572    560     76
    566   508     2904.9428   126                   3020.5335   798374                     x138 D    622    610     80
    572   510     2908.4196   105                   3020.5335   799218                      x83 U    634    628     82
    578   522     2814.2721   136                   3020.5335   843980                     x135 D    405    393     49
    585   530     2874.6894   107                   3020.5335   854937                     x129 U    641    635     70
Elapsed time = 866.05 sec. (442120.36 ticks, tree = 37.53 MB, solutions = 0)
    589   523     2901.7209   185                   3020.5335   855606                      x73 U    925    919    131
    591   525     2809.3748   169                   3020.5335   848197                      x53 D    423    411     51
    596   531     2851.2585   103                   3020.5335   862435                     x129 D    647    635     70
    599   546     2440.1190    93                   3020.5335   878301                      x17 D    602    596     79
    602   567     2843.6919   124                   3020.5335   901821                     x126 U    330    318     40
    608   569     2897.6873   208                   3020.5335   914649                      x65 U    943    937    133
    620   544     2894.3844   105                   3020.5335   872022                     x169 D    682    676     88
    623   532     2864.2421    82                   3020.5335   869804                      x55 D    653    641     71
    628   572     2639.3638   110                   3020.5335   907801                      x59 U    360    348     43
    630   571     2864.2262    77                   3020.5335   931282                     x142 D    659    653     72
Elapsed time = 963.38 sec. (492036.43 ticks, tree = 42.08 MB, solutions = 0)
    632   563     2800.5651    92                   3020.5335   895723                  x115932 D    489    483     60
    637   546     2877.1885    98                   3020.5335   880182                  x116837 U    694    682     89
    638   587     2796.6055    55                   3020.5335   956952                  x115932 U    495    483     60
    643   573     2879.1795   176                   3020.5335   921871                     x131 D    967    955    136
    649   608     2881.1264   120                   3020.5335   987202                  x130819 U    706    688     90
    656   592     2796.8863   100                   3020.5335   960959                   x28172 D    525    519     65
    661   609     2892.9856   100                   3020.5335   988706                  x154513 D    712    700     91

Clique cuts applied:  1
Cover cuts applied:  1
Implied bound cuts applied:  13
Flow cuts applied:  2
Mixed integer rounding cuts applied:  14
Zero-half cuts applied:  6
User cuts applied:  4341

Root node processing (before b&c):
  Real time             =   23.99 sec. (36933.11 ticks)
Parallel b&c, 6 threads:
  Real time             = 1000.10 sec. (495119.82 ticks)
  Sync time (average)   =   40.41 sec.
  Wait time (average)   =    0.00 sec.
                          ------------
Total (root+branch&cut) = 1024.09 sec. (532052.93 ticks)
========================================
STATUS DA SOLUCAO: AbortTimeLim
========================================
Nao ha solucao viavel disponivel para impressao.
