=========== Input ===========
File name:                ../instances/realistic-instances/15-25-1891798.cdop
Total node count:         41
Truck node count:         15
Drone node count:         25
=============================

Version identifier: 22.2.0.0 | 2026-05-04 | 5dff98e58
CPXPARAM_Threads                                 6
CPXPARAM_TimeLimit                               1024
Legacy callback                                  LD
Lazy constraint(s) or lazy constraint/branch callback is present.
    Disabling dual reductions (CPX_PARAM_REDUCE) in presolve.
    Disabling presolve reductions that prevent crushing forms (CPX_PARAM_PREREFORM).
         Disabling repeat represolve because of lazy constraint/incumbent callback.
Tried aggregator 1 time.
MIP Presolve eliminated 32 rows and 16 columns.
MIP Presolve modified 628512 coefficients.
Reduced MIP has 13197 rows, 432553 columns, and 2367359 nonzeros.
Reduced MIP has 432282 binaries, 0 generals, 0 SOSs, and 0 indicators.
Presolve time = 1.57 sec. (1775.90 ticks)
Probing time = 0.27 sec. (100.38 ticks)
Cover probing fixed 0 vars, tightened 1053 bounds.
Clique table members: 137.
MIP emphasis: balance optimality and feasibility.
MIP search method: traditional branch-and-cut.
Parallel mode: deterministic, using up to 6 threads.
Root relaxation solution time = 26.16 sec. (21643.39 ticks)

        Nodes                                         Cuts/
   Node  Left     Objective  IInf  Best Integer    Best Bound    ItCnt     Gap         Variable B NodeID Parent  Depth

      0     0     2715.3550   110                   2715.3550      279         
      0     0     2670.9315   103                    Cuts: 35      689         
      0     0     2670.9315   108                    Cuts: 22      733         
      0     0     2670.9315   105                    Cuts: 14      741         
      0     0     2670.9315   105                     Cuts: 4      744         
Heuristic still looking.
      0     2     2670.9315   105                   2670.9315      744                                 0             0
Elapsed time = 81.30 sec. (89505.53 ticks, tree = 0.02 MB, solutions = 0)
      1     3     2669.3748   102                   2670.7036     1137                  x188788 U      6      0      1
      3     5     2669.3748    86                   2669.3742     1391                   x65929 U     11      5      2
      4     4     2669.3165   105                   2669.3742     1301                     x204 D     12      6      2
      5     6     2669.2774    92                   2669.3742     1491                   x65930 D     17     11      3
      7     7     2669.2209   118                   2669.3740     1676                     x319 D     18     12      3
      9     9     2668.1131    89                   2669.3696     1827                  x419883 D     10      4      3
     12     5     2668.1450   103                   2669.3696     1678                   x65929 N      3      5      2
     18    11     2669.1264   105                   2669.2797     2024                     x199 D     29     23      5
     21    12     2667.8447   102                   2669.2797     2094                  x369715 D     16     10      4
     28    27     2667.7260    86                   2669.1497     3347                      x75 D     28     22      6
Elapsed time = 92.40 sec. (94924.24 ticks, tree = 1.66 MB, solutions = 0)
     36    30     2668.9144    91                   2669.1342     3773                      x39 D     41     35      7
     45    41     2659.4344    85                   2669.1342     4598                     x244 U     43     31      8
     56    51     2668.8144   114                   2669.1342     7470                      x75 D     72     60     11
     66    58     2661.3314    93                   2669.1342     8055                  x187325 D     91     85     15
     74    62     2667.4309    99                   2669.1342     9051                     x328 D     64     52     10
     84    75     2667.6468   107                   2669.1342    10246                     x215 D     62     50     11
     95    78     2667.6221    93                   2669.1342    11164                     x287 U     63     51     10
    106    84    infeasible                         2669.1342    12143                     x211 U    116    104     17
    110    95     2664.0716   106                   2669.1342    13891                     x167 D     99     93     14
    113    86     2658.2304   124                   2669.1342    12303                      x64 D    128    122     19
Elapsed time = 117.62 sec. (105906.34 ticks, tree = 8.88 MB, solutions = 0)
    116    96     2662.7009   108                   2669.1342    14425                      x35 D    111     99     15
    119    90     2590.3006    97                   2669.1342    14179                  x187273 U    175    163     23
    122   108     2597.9941    88                   2669.1342    18628                     x228 U    181    169     24
    127   107     2646.8373   127                   2669.1342    18119                     x395 D    102     90     14
    133   109     2653.7759   111                   2669.1342    19572                     x141 D    123    111     16
    138   114     2648.6685    75                   2669.1342    22169                  x255269 D    120    114     17
    139   115     2653.9228   114                   2669.1342    24297                      x64 D    135    129     18
    143   120     2653.9091   117                   2669.1342    24711                     x185 D    147    141     20
    147   120     2653.8589    95                   2669.1342    24909                      x37 D    153    147     21
    153   129     2648.6157   128                   2669.1342    30013                      x66 U    138    132     19
Elapsed time = 155.57 sec. (120111.99 ticks, tree = 13.22 MB, solutions = 0)
    154   122     2653.8724    97                   2669.1342    26729                      x37 D    136    130     18
    155   130     2631.5811    56                   2669.1342    30728                      x66 D    144    132     19
    157   139     2597.2991    88                   2669.1342    33852                     x163 D    217    211     28
    159   139     2648.1990   120                   2669.1342    33720                      x53 D    156    150     21
    162   121     2642.4957   106                   2669.1342    26624                      x37 U    159    147     21
    163   127     2646.7155    80                   2669.1342    29713                      x91 D    137    131     19
    165   143     2648.5015   117                   2669.1342    38545                     x276 D    165    153     22
    167   140     2656.0476   119                   2669.1342    37311                     x163 D    158    146     22
    170   148     2648.5011   109                   2669.1342    42788                      x66 U    171    165     23
    171   156     2648.1566   100                   2669.1342    50045                      x37 D    168    156     22
Elapsed time = 192.44 sec. (138139.59 ticks, tree = 16.01 MB, solutions = 0)
    173   149     2648.5006   110                   2669.1342    42795                  x376262 D    177    171     24
    174   157     2648.1428    88                   2669.1342    50116                     x219 D    174    168     23
    176   151     2595.8214    88                   2669.1342    45898                      x34 U    235    223     30
    177   152     2649.9176   110                   2669.1342    47913                     x163 U    164    146     22
    179   153     2646.3002    92                   2669.1342    47864                      x94 D    149    137     20
    180   158     2648.5006   106                   2669.1342    51043                  x376262 D    160    154     21
    182   162     2596.3868    94                   2669.1342    52599                      x80 D    241    229     31
    183   163     2656.0156   102                   2669.1342    54601                      x37 D    170    158     23
    184   165     2640.9271    69                   2669.1342    57347                      x94 U    155    137     20
    185   167     2628.9849    86                   2669.1342    57067                  x376262 U    166    154     21
Elapsed time = 223.48 sec. (154854.11 ticks, tree = 17.24 MB, solutions = 0)
    186   165     2627.6219    91                   2669.1342    56196                  x338650 U    195    183     26
    188   171     2648.4954   103                   2669.1342    58804                  x420227 D    172    160     22
    192   174     2646.2100    87                   2669.1342    62466                     x163 U    186    174     24
    195   175     2647.2918    85                   2669.1342    62955                   x68526 D    192    180     25
    197   173     2648.4543   107                   2669.1342    59684                  x343505 D    184    178     24
    198   178     2648.4380   107                   2669.1342    66272                      x59 U    190    184     25
    200   176     2628.4091    46                   2669.1342    64600                   x68526 U    198    180     25
    202   170     2643.7258   102                   2669.1342    60216                      x94 U    182    170     24
    204   186     2648.4469   117                   2669.1342    75797                     x118 U    219    207     29
    207   188     2648.4427   107                   2669.1342    76050                  x419789 U    231    219     30
Elapsed time = 267.86 sec. (173461.78 ticks, tree = 20.86 MB, solutions = 0)
    208   171     2645.6014    88                   2669.1342    60851                      x82 D    167    161     22
    209   189     2648.4008    85                   2669.1342    76767                      x78 U    237    225     31
    211   176     2595.3150    85                   2669.1342    67713                     x162 D    259    253     33
    212   190     2648.4190   108                   2669.1342    82328                  x389697 D    202    190     26
    214   191     2648.4072   100                   2669.1342    82515                   x48644 D    208    202     27
    216   188     2643.2010    76                   2669.1342    80524                      x82 U    173    161     22
    219   192     2625.6249    68                   2669.1342    85119                   x48644 U    214    202     27
    221   200     2648.4008    98                   2669.1342    92594                     x118 U    220    208     28
    223   183     2654.0710   123                   2669.1342    76927                      x82 D    188    176     25
    224   202     2648.3553   100                   2669.1342    93034                      x78 U    232    226     30
Elapsed time = 324.89 sec. (194695.31 ticks, tree = 23.44 MB, solutions = 0)
    225   190     2648.3892    87                   2669.1342    76966                     x149 U    243    237     32
    227   207     2648.3553    87                   2669.1342   101577                      x34 U    249    243     33
    229   208     2648.3197    85                   2669.1342   101880                      x81 U    255    249     34
    231   197     2645.3472    87                   2669.1342    89475                     x398 D    185    179     24
    232   211     2645.3327    89                   2669.1342   104649                     x145 D    191    185     25
    233   201     2593.3556    91                   2669.1342    98130                     x145 U    271    259     34
    238   218     2648.2879   110                   2669.1342   108731                      x70 U    256    250     34
    239   219     2648.2563   110                   2669.1342   109283                      x26 U    262    256     35
    240   219     2636.3455    76                   2669.1342   113595                  x388586 U    206    188     26
    241   220     2648.2001   110                   2669.1342   110499                      x81 U    268    262     36
Elapsed time = 383.46 sec. (218066.16 ticks, tree = 26.74 MB, solutions = 0)
    242   210     2619.2485   114                   2669.1342   107524                      x44 D    267    255     35
    243   212     2594.8337    85                   2669.1342   111174                     x145 D    277    259     34
    244   227     2594.8033    86                   2669.1342   123646                     x159 D    283    277     35
    246   212     2644.3082    92                   2669.1342   109411                     x118 D    197    191     26
    250   231     2653.8217   114                   2669.1342   129138                  x343505 D    224    218     29
    252   234     2645.0308   117                   2669.1342   135479                     x359 D    252    246     33
    254   235     2644.9314    76                   2669.1342   135693                     x352 D    258    252     34
    256   236     2644.8613    80                   2669.1342   135901                     x145 D    264    258     35
    257   237     2644.8300    88                   2669.1342   136074                      x70 D    270    264     36
    259   233     2653.7252   139                   2669.1342   130588                  x383042 D    236    230     31
Elapsed time = 447.12 sec. (240412.20 ticks, tree = 29.32 MB, solutions = 0)
    261   230     2590.5175    98                   2669.1342   127991                  x369715 U    301    289     37
    262   239     2594.3546    97                   2669.1342   148147                  x388586 D    307    295     38
    265   232     2626.9780    99                   2669.1342   138247                     x118 U    203    191     26
    266   242     2594.3253   102                   2669.1342   148789                      x75 D    325    319     41
    269   245     2594.3213    95                   2669.1342   148926                  x371353 D    343    337     44
    271   240     2644.2188   105                   2669.1342   152926                     x159 D    209    197     27
    273   241     2644.1575    99                   2669.1342   153347                      x31 D    215    209     28
    275   234     2613.3918    98                   2669.1342   142546                      x26 D    279    261     36
    277   238     2643.9415   123                   2669.1342   139683                  x188787 D    276    270     37
    284   247     2653.6755   141                   2669.1342   158070                     x398 D    260    254     34
Elapsed time = 503.58 sec. (263643.92 ticks, tree = 31.70 MB, solutions = 0)
    293   251     2653.6643   145                   2669.1342   158634                     x178 D    284    278     38
    294   256     2647.5787   137                   2669.1342   172071                  x383042 D    304    298     41
    296   255     2644.6028   107                   2669.1342   167306                     x215 D    300    288     39
    302   280     2653.6480   108                   2669.1342   185002                     x129 D    302    296     40
    308   281     2643.6714    73                   2669.1342   195179                     x141 U    239    233     31
    319   284     2594.0341   136                   2669.1342   193217                  x238889 D    391    385     50
    326   286     2633.5983   108                   2669.1342   188750                  x260183 U    338    326     45
    336   286     2640.4988    84                   2669.1342   195508                   x65740 D    269    263     35
    347   287     2593.9344   105                   2669.1342   195207                      x82 D    409    403     53
    351   313     2605.9937    60                   2669.1342   208373                     x191 U    329    317     43
Elapsed time = 628.83 sec. (311250.91 ticks, tree = 44.82 MB, solutions = 0)
    361   300     2639.5320    59                   2669.1342   205299                      x59 U    384    378     49
    366   302     2639.3023    85                   2669.1342   206157                     x149 U    396    390     51
    368   323     2593.7625    90                   2669.1342   227273                      x86 D    427    421     55
    373   341     2639.1213    77                   2669.1342   235111                  x259962 D    420    414     54
    374   318     2598.8005    84                   2669.1342   214398                     x137 D    359    347     47
    380   314     2647.6848    97                   2669.1342   226282                     x151 U    309    303     40
    382   355     2605.3404    76                   2669.1342   257161                  x260183 U    370    352     48
    389   351     2603.0933    46                   2669.1342   247361                      x35 U    371    365     48
    391   342     2593.1791    92                   2669.1342   244047                     x150 D    439    433     57
    394   359     2624.2985    68                   2669.1342   260544                  x416524 U    394    382     51
Elapsed time = 800.71 sec. (375739.68 ticks, tree = 53.29 MB, solutions = 0)
    400   375     2646.3105   104                   2669.1342   290609                  x338650 D    418    412     55
    404   377     2638.5847    76                   2669.1342   297213                  x237023 D    462    456     59
    407   377     2616.4066    90                   2669.1342   292899                  x352598 U    430    418     56
    410   352     2581.7100   100                   2669.1342   254667                      x35 D    377    365     48
    416   368     2612.5104   125                   2669.1342   291481                     x116 U    392    380     51
    418   384     2593.0448   146                   2669.1342   323412                      x94 D    451    439     58
    419   380     2637.2515    71                   2669.1342   298764                     x197 D    480    468     61
    422   401     2638.1011    64                   2669.1342   339503                      x76 U    492    486     63
    426   386     2592.8873   130                   2669.1342   325337                     x208 D    463    457     60
    429   390     2652.8222   133                   2669.1342   333706                      x38 U    422    416     56
Elapsed time = 945.20 sec. (427236.49 ticks, tree = 59.40 MB, solutions = 0)
    433   389     2592.7626   108                   2669.1342   326794                  x419997 U    481    475     63
    435   402     2594.3023    68                   2669.1342   344407                      x76 D    498    486     63
    437   386     2646.9958    92                   2669.1342   315633                  x343378 D    363    357     48
    443   408     2592.5196   117                   2669.1342   346240                     x112 D    499    493     66
    446   410     2592.4054   120                   2669.1342   346807                  x107376 D    511    505     68
    448   378     2579.1819    69                   2669.1342   317324                      x78 D    383    371     49

Clique cuts applied:  4
Cover cuts applied:  1
Implied bound cuts applied:  14
Flow cuts applied:  13
Mixed integer rounding cuts applied:  19
Zero-half cuts applied:  3
Gomory fractional cuts applied:  1

Root node processing (before b&c):
  Real time             =   80.39 sec. (88241.93 ticks)
Parallel b&c, 6 threads:
  Real time             =  944.00 sec. (372487.28 ticks)
  Sync time (average)   =   49.27 sec.
  Wait time (average)   =    0.00 sec.
                          ------------
Total (root+branch&cut) = 1024.39 sec. (460729.22 ticks)
========================================
STATUS DA SOLUCAO: AbortTimeLim
========================================
Nao ha solucao viavel disponivel para impressao.
