=========== Input ===========
File name:                ../instances/realistic-instances/20-25-1891798.cdop
Total node count:         46
Truck node count:         20
Drone node count:         25
=============================

Version identifier: 22.2.0.0 | 2026-05-04 | 5dff98e58
CPXPARAM_Threads                                 6
CPXPARAM_TimeLimit                               1024
Legacy callback                                  LD
Lazy constraint(s) or lazy constraint/branch callback is present.
    Disabling dual reductions (CPX_PARAM_REDUCE) in presolve.
    Disabling presolve reductions that prevent crushing forms (CPX_PARAM_PREREFORM).
         Disabling repeat represolve because of lazy constraint/incumbent callback.
Tried aggregator 1 time.
MIP Presolve eliminated 42 rows and 21 columns.
MIP Presolve modified 1320012 coefficients.
Reduced MIP has 24152 rows, 936178 columns, and 5082809 nonzeros.
Reduced MIP has 935717 binaries, 0 generals, 0 SOSs, and 0 indicators.
Presolve time = 2.92 sec. (3495.58 ticks)
Probing time = 0.59 sec. (299.90 ticks)
Clique table members: 232.
MIP emphasis: balance optimality and feasibility.
MIP search method: traditional branch-and-cut.
Parallel mode: deterministic, using up to 6 threads.
Root relaxation solution time = 68.58 sec. (50787.57 ticks)

        Nodes                                         Cuts/
   Node  Left     Objective  IInf  Best Integer    Best Bound    ItCnt     Gap         Variable B NodeID Parent  Depth

      0     0     2970.2960   152                   2970.2960      267         
      0     0     2939.6994   169                    Cuts: 56     1128         
      0     0     2939.6276   161                    Cuts: 62     1485         
      0     0     2939.6276   157                    Cuts: 39     1510         
      0     0     2939.6276   166                    Cuts: 19     1530         
      0     0     2939.6276   168                     Cuts: 9     1537         
Heuristic still looking.
Heuristic still looking.
      0     2     2939.6276   168                   2939.6276     1537                                 0             0
Elapsed time = 256.78 sec. (288812.02 ticks, tree = 0.02 MB, solutions = 0)
      1     3     2939.4207   155                   2939.4096     1750                     x457 D      6      0      1
      2     4     2938.8621   114                   2939.3756     1951                  x800388 D     12      6      2
      3     5     2937.4725   138                   2939.3756     2186                  x386771 N      3     12      3
      4     4     2938.0394   161                   2939.3756     2262                  x800388 N      4      6      2
      5     5     2938.1616   128                   2939.3756     2508                  x386771 U     18     12      3
      6     3     2932.7195   128                   2939.3756     3892                     x457 N      5      0      1
      7     6     2936.9559   126                   2939.3756     2561                     x344 D      9      3      4
      8     8     2937.9814   126                   2939.2104     3371                     x259 D     24     18      4
      9     7     2934.4465   145                   2939.2104     3553                  x800389 N      1      4      3
     10     7     2935.5291   139                   2939.2104     4053                  x800389 U     10      4      3
Elapsed time = 355.29 sec. (329059.42 ticks, tree = 0.43 MB, solutions = 0)
     12    11     2937.8762   121                   2938.0288     6143                     x240 D     30     24      5
     13    10     2936.7567   133                   2938.0288     6404                     x469 D     15      9      5
     14     6     2935.4009   128                   2938.0288     4573                     x344 N      2      3      4
     15    13     2935.3649   135                   2938.0033     8465                     x469 D     16     10      4
     17    12     2934.1217   120                   2938.0033     7856                     x469 D      7      1      4
     18    14     2931.8164   115                   2938.0033     9984                  x386794 D     17     11      3
     19    18     2933.9414   119                   2938.0033    12193                     x259 D     13      7      5
     20    17     2935.0988   136                   2938.0033    11909                      x91 D      8      2      5
     21    14     2934.1556   161                   2938.0033     9203                     x557 D     22     16      5
     22    19     2931.8164   109                   2938.0033    13735                     x573 D     23     17      4
Elapsed time = 419.72 sec. (366381.94 ticks, tree = 2.48 MB, solutions = 0)
     23    16     2935.4009   136                   2938.0033    11303                     x360 U     21     15      6
     25    20     2935.0629   157                   2938.0033    14632                     x149 D     14      8      6
     26    22     2934.7111   114                   2938.0033    15682                     x557 U     28     16      5
     27    20     2931.5529   109                   2938.0033    14063                     x573 U     29     17      4
     28    23     2935.3784   139                   2938.0033    18060                  x793301 D     27     21      7
     30    23     2934.5612   120                   2938.0033    15771                     x567 D     34     28      6
     33    33     2937.6047   134                   2938.0033    22079                     x190 U     48     36      7
     36    34     2933.8363   120                   2938.0033    23960                     x240 D     31     19      7
     37    27     2931.0474   109                   2938.0033    18646                  x386771 U     35     29      5
     38    32     2927.2108   115                   2938.0033    19836                     x553 U     46     34      7
Elapsed time = 482.92 sec. (395591.14 ticks, tree = 4.95 MB, solutions = 0)
     39    33     2934.3358   120                   2938.0033    20263                     x524 D     52     40      8
     41    29     2930.1034   141                   2938.0033    19884                     x361 U     26     14      7
     42    35     2934.2521   128                   2938.0033    20492                     x344 D     64     58     10
     43    35     2928.3890   120                   2938.0033    25391                     x240 U     37     19      7
     44    35     2934.5848   138                   2938.0033    25955                     x564 U     32     20      8
     45    24     2931.9793   118                   2938.0033    19389                  x793301 U     33     21      7
     46    36     2930.8781   143                   2938.0033    26166                     x344 D     43     31      8
     47    36     2934.6430   154                   2938.0033    26638                     x564 D     38     20      8
     48    35     2937.1814   116                   2938.0033    22685                     x528 D     60     48      8
     49    37     2934.6054   164                   2938.0033    26668                     x370 N     44     38      9
Elapsed time = 542.22 sec. (421294.96 ticks, tree = 5.78 MB, solutions = 0)
     51    43     2934.9657   151                   2938.0033    29359                  x430224 D     45     39      9
     52    53     2934.9227   156                   2938.0033    33956                  x432640 D     51     45     10
     54    54     2934.0599   133                   2938.0033    35891                  x430742 D     76     64     11
     55    55     2926.8924   119                   2938.0033    36707                  x430742 U     82     64     11
     56    28     2929.2932   112                   2938.0033    21995                  x386771 D     41     29      5
     60    54     2933.8370   150                   2938.0033    35008                  x432640 U     57     45     10
     62    57     2926.6319   119                   2938.0033    37657                  x418334 U     94     76     12
     63    58     2919.2354    84                   2938.0033    41016                     x524 U     59     47      7
     64    51     2928.4835   134                   2938.0033    35561                     x370 U     50     38      9
     66    61     2933.1578   142                   2938.0033    43474                     x115 U    100     88     13
Elapsed time = 616.18 sec. (450890.53 ticks, tree = 10.71 MB, solutions = 0)
     67    63     2934.3928   161                   2938.0033    45544                     x557 D     62     56     11
     69    63     2936.6436   157                   2938.0033    46964                     x533 D     78     66     10
     71    64     2936.5831   137                   2938.0033    47139                     x577 D     84     78     11
     72    65     2936.5084   143                   2938.0033    47284                  x680575 D     90     84     12
     74    66     2934.5160   155                   2938.0033    49146                     x557 D     69     51     11
     75    66     2928.9764   110                   2938.0033    47669                  x680575 U     96     84     12
     76    67     2936.4644   141                   2938.0033    47759                     x437 D    102     90     13
     78    68     2936.4135   144                   2938.0033    47815                  x672709 D    108    102     14
     79    67     2931.9067    68                   2938.0033    53015                     x361 U     55     49      9
     82    68     2931.8930    59                   2938.0033    53074                     x308 D     61     55     10
Elapsed time = 662.70 sec. (468021.21 ticks, tree = 12.36 MB, solutions = 0)
     85    69     2931.5330    56                   2938.0033    53238                     x308 U     67     55     10
     89    75     2913.3997   114                   2938.0033    54229                  x386774 U     95     83     12
     93    71     2931.4540    67                   2938.0033    53593                  x507417 U     79     61     11
     96    73     2931.4540    60                   2938.0033    53946                  x767994 U     91     73     12
     99    75     2931.4540    60                   2938.0033    54294                  x838310 U    103     85     13
    101    78     2929.8803    97                   2938.0033    55041                     x190 U    113    107     15
    102    79     2929.6089    98                   2938.0033    55257                      x87 U    119    113     16
    105    80     2936.0889   145                   2938.0033    56334                     x567 D    132    120     16
    106    81     2935.9373   142                   2938.0033    56479                  x386800 D    138    132     17
    107    62     2932.0288   161                   2938.0033    46722                     x115 D    106     88     13
Elapsed time = 712.44 sec. (487780.46 ticks, tree = 11.53 MB, solutions = 0)
    109    82     2917.5273   113                   2938.0033    57144                  x386800 U    144    132     17
    111    80     2929.3201   120                   2938.0033    55386                     x557 D    125    119     17
    114    69     2933.5711   163                   2938.0033    51667                     x541 U     87     75     13
    116    84     2935.8991   147                   2938.0033    57776                  x550289 D    156    150     19
    117    83     2895.3553    71                   2938.0033    56169                     x538 U    143    131     19
    118   103     2929.1309   128                   2938.0033    69562                  x651532 D    149    137     20
    119    85     2920.6493   112                   2938.0033    58542                  x550289 U    162    150     19
    120    86     2935.8318   107                   2938.0033    58618                  x387142 D    168    156     20
    122    87     2935.6999   135                   2938.0033    58727                     x535 D    174    168     21
    123    87     2933.2725   151                   2938.0033    65659                     x359 U     86     74     13
Elapsed time = 760.45 sec. (503813.56 ticks, tree = 17.71 MB, solutions = 0)
    124    90     2933.4585   149                   2938.0033    68331                     x541 D     93     75     13
    127    92     2933.4038   158                   2938.0033    68478                  x913000 D    105     99     15
    128    93     2933.3959   141                   2938.0033    68626                     x349 D    111    105     16
    130   105     2929.1018   109                   2938.0033    70900                     x532 D    161    149     21
    133   107     2923.5680   114                   2938.0033    70958                     x549 D    179    167     23
    134   108     2923.5680   105                   2938.0033    70987                     x541 D    185    173     24
    135   109     2918.6455   111                   2938.0033    71638                     x609 D    191    185     25
    136    78     2931.8930    59                   2938.0033    54623                    x6851 D    121    109     15
    138   123     2919.0353   110                   2938.0033    74228                  x418334 D    203    197     26
    139    88     2927.5137   157                   2938.0033    67356                     x359 D     92     74     13
Elapsed time = 809.26 sec. (522980.30 ticks, tree = 18.53 MB, solutions = 0)
    144   125     2918.6441   112                   2938.0033    74351                  x383091 U    215    203     27
    146   127     2917.9567   109                   2938.0033    74607                     x525 U    227    221     29
    149   119     2931.8930    59                   2938.0033    72464                   x79731 D    151    145     18
    150   128     2893.1354    93                   2938.0033    75046                     x525 D    233    221     29
    153   121     2931.8930    59                   2938.0033    72806                   x93798 D    163    151     19
    157   133     2917.4791   120                   2938.0033    75119                  x387128 D    263    257     34
    159   123     2931.8930    59                   2938.0033    73127                   x95866 D    175    163     20
    162    94     2920.0458   169                   2938.0033    71179                     x349 U    117    105     16
    163   124     2931.4540    60                   2938.0033    73617                   x95866 U    181    163     20
    172   131     2933.3480   121                   2938.0033    81988                  x913060 D    123    111     17
Elapsed time = 860.58 sec. (541162.61 ticks, tree = 28.82 MB, solutions = 0)
    186   150     2931.8930    69                   2938.0033    87700                  x116547 D    223    211     24
    196   143     2885.1341    98                   2938.0033    76805                  x386772 U    323    311     40
    203   155     2931.4540    66                   2938.0033    88836                  x135158 U    253    235     26
    210   159     2931.8930    69                   2938.0033    89305                  x155840 D    277    265     29
    216   176     2902.8976    96                   2938.0033    90577                  x386332 U    371    359     46
    225   180     2916.5924   101                   2938.0033    91176                  x386063 D    395    383     49
    235   183     2895.3809    98                   2938.0033    91450                  x733882 U    419    413     52
    252   222     2924.3917   138                   2938.0033   109202                     x541 D    220    208     27
    267   229     2927.5909   138                   2938.0033   109317                  x598167 D    262    256     34
    284   238     2795.9938   118                   2938.0033   111357                  x256024 U    503    497     62
Elapsed time = 967.73 sec. (582530.53 ticks, tree = 63.83 MB, solutions = 0)
    298   219     2931.8930    69                   2938.0033   106842                  x226154 D    385    373     38
    311   243     2752.2978   105                   2938.0033   112167                  x255983 U    551    539     66
    316   244     2854.0377   105                   2938.0033   110994                  x858653 U    358    346     47
    325   199     2935.0232   153                   2938.0033   103340                     x553 D    240    234     29
    333   202     2934.9236   162                   2938.0033   103791                  x386621 D    258    252     32

Clique cuts applied:  5
Implied bound cuts applied:  29
Flow cuts applied:  21
Mixed integer rounding cuts applied:  14
Zero-half cuts applied:  15
Lift and project cuts applied:  1

Root node processing (before b&c):
  Real time             =  254.13 sec. (285401.46 ticks)
Parallel b&c, 6 threads:
  Real time             =  771.36 sec. (320298.94 ticks)
  Sync time (average)   =   83.36 sec.
  Wait time (average)   =    0.00 sec.
                          ------------
Total (root+branch&cut) = 1025.49 sec. (605700.40 ticks)
========================================
STATUS DA SOLUCAO: AbortTimeLim
========================================
Nao ha solucao viavel disponivel para impressao.
