=========== Input ===========
File name:                ../instances/realistic-instances/25-10-1110588.cdop
Total node count:         36
Truck node count:         25
Drone node count:         10
=============================

Version identifier: 22.2.0.0 | 2026-05-04 | 5dff98e58
CPXPARAM_Threads                                 6
CPXPARAM_TimeLimit                               1024
Legacy callback                                  LD
Lazy constraint(s) or lazy constraint/branch callback is present.
    Disabling dual reductions (CPX_PARAM_REDUCE) in presolve.
    Disabling presolve reductions that prevent crushing forms (CPX_PARAM_PREREFORM).
         Disabling repeat represolve because of lazy constraint/incumbent callback.
Tried aggregator 1 time.
MIP Presolve eliminated 52 rows and 26 columns.
MIP Presolve modified 1164052 coefficients.
Reduced MIP has 28297 rows, 878753 columns, and 4518223 nonzeros.
Reduced MIP has 878052 binaries, 0 generals, 0 SOSs, and 0 indicators.
Presolve time = 2.96 sec. (3307.49 ticks)
Probing time = 0.57 sec. (284.09 ticks)
Clique table members: 352.
MIP emphasis: balance optimality and feasibility.
MIP search method: traditional branch-and-cut.
Parallel mode: deterministic, using up to 6 threads.
Root relaxation solution time = 70.83 sec. (49107.50 ticks)

        Nodes                                         Cuts/
   Node  Left     Objective  IInf  Best Integer    Best Bound    ItCnt     Gap         Variable B NodeID Parent  Depth

      0     0     2091.0794   141                   2091.0794      277         
      0     0     2048.3108   164                    Cuts: 87     1331         
      0     0     2042.9075   179                    Cuts: 68     2714         
      0     0     2042.1528   208                    Cuts: 56     3173         
      0     0     2041.5456   206                    Cuts: 33     3546         
      0     0     2041.5151   219                    Cuts: 33     3699         
      0     0     2040.7545   202                     Cuts: 9     4018         
      0     0     2039.8630   207                    Cuts: 48     4134         
      0     0     2038.4872   190                    Cuts: 26     4413         
      0     0     2038.3193   191                    Cuts: 26     4567         
Heuristic still looking.
Heuristic still looking.
Heuristic still looking.
      0     2     2038.3193   191                   2038.3193     4567                                 0             0
Elapsed time = 343.27 sec. (339555.42 ticks, tree = 0.02 MB, solutions = 0)
      1     3     2038.1615   193                   2038.1615     4590                   x87222 D      6      0      1
      2     4     2037.9162   209                   2038.1615     4732                  x509934 D     12      6      2
      3     5     2037.7899   209                   2038.1615     4768                  x527548 D     18     12      3
      4     6     2037.6855   193                   2038.1615     4784                  x711301 D     24     18      4
      5     7     2037.5980   209                   2038.1615     4802                  x148869 D     30     24      5
      6     3     2020.9022   169                   2038.1615     6186                   x87222 N      5      0      1
      7     9     2020.7811   169                   2038.1615     6426                  x518337 D     11      5      2
      8    10     2020.6630   169                   2038.1615     6428                  x711612 D     17     11      3
      9    11     2020.4718   169                   2038.1615     6432                  x711521 D     23     17      4
     10    12     2020.0877   169                   2038.1615     6576                  x710821 D     29     23      5
Elapsed time = 383.50 sec. (363065.30 ticks, tree = 1.73 MB, solutions = 0)
     14    14     2020.0410   169                   2038.1615     6621                  x265194 D     41     35      7
     15    12     2020.1614   171                   2037.9117     8238                  x674337 D     10      4      3
     18    14     2015.6499   167                   2037.9117     8297                  x711612 U     22     10      4
     20     5     2019.5443   168                   2037.9117     6131                  x527548 N      3     12      3
     24    16     2010.1344   150                   2037.9117     8967                   x86759 U     34     16      5
     25    22     2019.9375   175                   2037.5761    13836                  x674132 D     40     28      6
     28    17     2019.0628   162                   2037.5761    13079                  x518337 D      7      1      6
     30    23     2019.9314   184                   2037.5761    13848                  x674175 D     46     40      7
     31    23     2019.2784   176                   2037.5761    13920                  x673079 D     15      9      5
     33    16     2019.9390   174                   2037.5761    12775                  x604329 U     54     42      8
Elapsed time = 433.60 sec. (385933.21 ticks, tree = 2.16 MB, solutions = 0)
     36    32     2019.9301   183                   2037.5761    15709                  x711521 D     52     46      8
     37    25     2010.0539   126                   2037.5761    14182                  x673079 U     19      7      7
     39    24     2009.7735   127                   2037.5761    14445                  x673079 U     21      9      5
     40    33     2019.7927   175                   2037.5761    17034                  x517079 D     60     54      9
     41    39     2018.8524   170                   2037.5761    17512                   x86759 D     25     13      8
     43    37     2008.6058   177                   2037.5761    17968                  x711521 U     58     46      8
     46    44     2018.7351   170                   2037.5761    18143                  x711613 D     31     25      9
     48    43     2019.0678   175                   2037.5761    18192                  x711521 D     33     27      7
     50    45     2019.6875   173                   2037.5761    19000                  x710821 D     64     52      9
     56    46     2019.4122   186                   2037.5761    19022                  x516875 D     72     66     11
Elapsed time = 478.83 sec. (408920.73 ticks, tree = 7.32 MB, solutions = 0)
     60    47     2019.9186   173                   2037.5761    20296                  x673079 D     65     53      9
     61    53     2009.7954   139                   2037.5761    21205                  x517079 U     67     55     13
     63    54     2010.6505   137                   2037.5761    22205                  x517079 U     44     32      9
     66    60     2018.0536   170                   2037.5761    22925                  x672874 D     73     61     14
     70    55     2019.8682   172                   2037.5761    22341                  x517079 D     77     65     10
     75    68     2019.1383   185                   2037.5761    26358                  x673079 D     90     84     13
     80    71     2019.5053   164                   2037.5761    27426                  x674439 D     94     88     13
     81    72     1990.6679   143                   2037.5761    28091                  x674439 U    100     88     13
     83    65     2004.0731   141                   2037.5761    24782                  x836425 U     69     57     11
     86    61     2005.0668   146                   2037.5761    23994                  x672874 U     79     61     14
Elapsed time = 524.24 sec. (425234.99 ticks, tree = 11.62 MB, solutions = 0)
     89    72     2018.8458   175                   2037.5761    27311                  x674337 D    114    102     16
     90    77     2017.5945   167                   2037.5761    30212                  x516875 D     85     73     15
     93    77     2015.2646   179                   2037.5761    28969                   x87608 U     87     75     13
     97    81     2018.4988   166                   2037.5761    32863                  x516875 D     62     50     11
    100    78     2018.0227   175                   2037.5761    29159                   x86759 D     93     81     14
    104    81     2014.5576   154                   2037.5761    30584                  x265194 D    109    103     18
    109    83     2014.4757   157                   2037.5761    30604                  x836629 D    121    115     20
    121    87     2018.4159   170                   2037.5761    33543                  x674337 D     98     92     16
    122    82     2006.6734   143                   2037.5761    32223                  x639111 U    113    101     14
    125    89     2018.3579   166                   2037.5761    34097                  x638906 D    110     98     17
Elapsed time = 565.73 sec. (439284.63 ticks, tree = 19.36 MB, solutions = 0)
    126    85     2001.0413   153                   2037.5761    31286                  x836425 U    133    121     21
    128    92     2005.3655   152                   2037.5761    35561                  x638906 U    154    142     19
    129    93     2019.1092   166                   2037.5761    35655                  x148405 D    160    148     20
    130    83     2017.6433   172                   2037.5761    29464                  x517079 D    123    117     18
    131    90     2005.1160   149                   2037.5761    35287                  x638906 U    116     98     17
    133    94     2009.7815   159                   2037.5761    36669                  x148405 U    166    148     20
    137   117     2018.3135   175                   2037.5761    39808                   x87608 D    128    122     19
    138   118     2018.3060   175                   2037.5761    39921                  x674174 D    134    128     20
    141   120     2018.2972   175                   2037.5761    40000                  x836425 D    146    140     22
    142   106     2008.8672   142                   2037.5761    38167                  x517079 U    129    117     18
Elapsed time = 618.27 sec. (456238.84 ticks, tree = 24.95 MB, solutions = 0)
    144   126     2001.2256   147                   2037.5761    43540                  x516917 U    157    139     23
    145   127     2014.1776   176                   2037.5761    43675                  x673778 D    163    151     24
    147   121     2004.0343   167                   2037.5761    40842                  x836425 U    152    140     22
    149   135     2017.5954   174                   2037.5761    45378                  x148405 D    147    135     20
    150   132     2018.2706   182                   2037.5761    43982                  x673870 D    158    146     23
    152   138     2018.5720   175                   2037.5761    47017                   x87517 D    190    178     23
    153   133     2014.6217   161                   2037.5761    44426                  x673870 U    164    146     23
    154   134     2018.1067   179                   2037.5761    44704                  x672917 D    170    158     24
    160   140     2014.0639   170                   2037.5761    46543                  x673870 U    177    165     23
    162   141     2017.2959   175                   2037.5761    46559                  x672917 D    183    171     24
Elapsed time = 666.19 sec. (473042.90 ticks, tree = 34.84 MB, solutions = 0)
    165   143     2013.8039   176                   2037.5761    49484                  x710616 D    187    181     27
    171   139     2009.7966   162                   2037.5761    48219                   x87517 U    196    178     23
    173   140     2017.9399   191                   2037.5761    48398                   x86593 D    202    190     24
    174   144     2007.4495   161                   2037.5761    47353                  x673778 U    201    189     26
    177   135     2005.1387   147                   2037.5761    45904                  x672917 U    176    158     24
    178   166     2018.0915   182                   2037.5761    56907                  x836466 D    182    170     25
    184   155     2018.5671   195                   2037.5761    52299                   x86759 D    162    156     22
    186   168     2017.7363   183                   2037.5761    57180                     x650 D    194    188     27
    189   173     2013.2206   158                   2037.5761    58600                     x650 U    223    211     31
    194   175     2013.0767   183                   2037.5761    58652                  x518175 D    235    229     33
Elapsed time = 709.05 sec. (488501.56 ticks, tree = 42.58 MB, solutions = 0)
    198   181     2018.3248   191                   2037.5761    60378                   x87608 D    174    162     23
    201   168     2016.5853   179                   2037.5761    56078                  x705789 D    243    237     32
    202   170     2017.3839   165                   2037.5761    57907                  x672755 D    206    194     28
    204   183     2018.1410   196                   2037.5761    60518                   x86548 D    186    180     25
    209   176     1999.3300   149                   2037.5761    59549                  x518175 U    241    229     33
    211   178     2012.9819   182                   2037.5761    59604                  x518012 D    253    247     35
    217   187     2017.5699   186                   2037.5761    60962                     x650 D    210    204     29
    222   189     2017.5628   185                   2037.5761    61170                  x115695 D    222    210     30
    224   171     1994.3591   155                   2037.5761    59072                  x672755 U    212    194     28
    225   179     1988.7419   148                   2037.5761    60652                  x518012 U    259    247     35
Elapsed time = 754.14 sec. (503169.25 ticks, tree = 44.73 MB, solutions = 0)
    228   189     2016.5258   160                   2037.5761    62988                  x510320 U    143    125     17
    233   194     2018.8051   179                   2037.5761    63081                  x836424 D    173    167     22
    235   195     2017.2501   177                   2037.5761    64989                  x148259 D    256    244     29
    238   202     2001.0380   150                   2037.5761    67072                  x265195 U    279    267     35
    239   203     2014.2850   183                   2037.5761    67177                  x616467 D    285    273     36
    243   211     2012.9624   177                   2037.5761    70196                  x523165 D    265    253     36
    244   204     2017.1275   156                   2037.5761    68238                  x673181 D    218    206     29
    247   206     2015.3269   165                   2037.5761    68492                  x510320 U    230    218     30
    251   200     1999.2922   152                   2037.5761    66193                  x836425 U    286    274     32
    256   209     2016.6854   177                   2037.5761    68892                  x509529 D    248    242     33
Elapsed time = 790.03 sec. (522962.78 ticks, tree = 52.04 MB, solutions = 0)
    266   248     2016.6796   177                   2037.5761    79743                   x87517 D    260    248     34
    279   258     2010.4919   117                   2037.5761    82279                   x76695 U    252    240     33
    292   252     2011.8721   174                   2037.5761    80479                  x673795 U    284    272     37
    302   267     2012.6213   174                   2037.5761    84216                  x705891 D    319    313     43
    311   276     2012.2986   156                   2037.5761    85058                  x207142 U    310    298     35
    318   256     2005.6788   139                   2037.5761    81736                  x509367 U    308    296     40
    328   297     2011.6695   166                   2037.5761    90110                     x209 D    381    375     49
    340   282     2011.8516   158                   2037.5761    85986                  x837562 D    346    340     40
    350   330     2015.6222   189                   2037.5761    96559                  x672755 D    396    390     52
    357   332     1988.5582   157                   2037.5761    97496                  x673180 U    408    396     53
Elapsed time = 912.17 sec. (566286.80 ticks, tree = 101.93 MB, solutions = 0)
    366   338     2014.8097   198                   2037.5761    97752                  x516917 D    444    438     59
    371   338     2012.9784   174                   2037.5761   104630                  x128275 D    423    417     54
    379   339     2001.6687   168                   2037.5761    98789                  x516917 U    450    438     59
    389   373     2008.1599   144                   2037.5761   113749                  x517424 U    299    281     36
    400   340     2011.3579   154                   2037.5761   103683                  x673810 D    421    415     56
    408   347     2012.5558   175                   2037.5761   106575                  x283077 D    477    471     61
    413   379     2015.0749   164                   2037.5761   114889                  x603680 D    335    323     41
    422   378     2011.3902   167                   2037.5761   117230                  x266237 D    388    376     44

Clique cuts applied:  8
Cover cuts applied:  1
Implied bound cuts applied:  24
Flow cuts applied:  13
Mixed integer rounding cuts applied:  34
Zero-half cuts applied:  38

Root node processing (before b&c):
  Real time             =  340.41 sec. (334979.79 ticks)
Parallel b&c, 6 threads:
  Real time             =  684.82 sec. (273428.59 ticks)
  Sync time (average)   =   87.93 sec.
  Wait time (average)   =    0.00 sec.
                          ------------
Total (root+branch&cut) = 1025.24 sec. (608408.38 ticks)
========================================
STATUS DA SOLUCAO: AbortTimeLim
========================================
Nao ha solucao viavel disponivel para impressao.
