=========== Input ===========
File name:                ../instances/realistic-instances/25-25-1917698.cdop
Total node count:         51
Truck node count:         25
Drone node count:         25
=============================

Version identifier: 22.2.0.0 | 2026-05-04 | 5dff98e58
CPXPARAM_Threads                                 6
CPXPARAM_TimeLimit                               1024
Legacy callback                                  LD
Lazy constraint(s) or lazy constraint/branch callback is present.
    Disabling dual reductions (CPX_PARAM_REDUCE) in presolve.
    Disabling presolve reductions that prevent crushing forms (CPX_PARAM_PREREFORM).
         Disabling repeat represolve because of lazy constraint/incumbent callback.
Tried aggregator 1 time.
MIP Presolve eliminated 52 rows and 26 columns.
MIP Presolve modified 2359452 coefficients.
Reduced MIP has 39757 rows, 1762253 columns, and 9500106 nonzeros.
Reduced MIP has 1761552 binaries, 0 generals, 0 SOSs, and 0 indicators.
Presolve time = 5.57 sec. (6761.59 ticks)
Probing time = 1.19 sec. (544.84 ticks)
Clique table members: 352.
MIP emphasis: balance optimality and feasibility.
MIP search method: traditional branch-and-cut.
Parallel mode: deterministic, using up to 6 threads.
Root relaxation solution time = 185.12 sec. (123570.24 ticks)

        Nodes                                         Cuts/
   Node  Left     Objective  IInf  Best Integer    Best Bound    ItCnt     Gap         Variable B NodeID Parent  Depth

      0     0     2902.6494   202                   2902.6494      339         
      0     0     2862.3473   172                   Cuts: 120     1967         
      0     0     2861.6581   199                    Cuts: 56     2498         
      0     0     2861.6581   200                    Cuts: 38     2535         
      0     0     2861.6581   207                    Cuts: 15     2550         
Heuristic still looking.
Heuristic still looking.
Heuristic still looking.
      0     2     2861.6581   207                   2861.6581     2550                                 0             0
Elapsed time = 747.04 sec. (740713.09 ticks, tree = 0.02 MB, solutions = 0)
      1     3     2861.2440   204                   2861.6581     3507                     x402 N      5      0      1
      2     3     2860.6642   167                   2861.6138     3954                     x402 U      6      0      1
      3     4     2859.9468    57                   2861.6138     3745                  x854084 N      4      5      2
      4     5     2860.4623    86                   2861.2440     5014                     x791 N      3      6      2
      5     4     2860.6642   151                   2861.2440     3930                  x854084 D     11      5      2
      6     5     2860.4014   168                   2861.2440     5422                     x791 D     12      6      2
      7     8     2860.4623    82                   2860.6627     5792                     x791 D     17     11      3
      8     9     2860.3925   140                   2860.6627     6256                     x759 D     18     12      3
      9    11     2860.3814   132                   2860.6627     6429                     x728 D     24     18      4
     10     6     2859.8128   131                   2860.6627     6068                 x1023582 D     10      4      3
Elapsed time = 870.06 sec. (790242.25 ticks, tree = 0.75 MB, solutions = 0)
     12    10     2860.3487    92                   2860.6627     6801                      x47 U     23     17      4
     13     6     2859.6171    68                   2860.6627     6892                 x1023582 N      2      4      3
     14     7     2860.3146    81                   2860.6627     6276                     x189 U      9      3      3
     15    13     2859.6906   140                   2860.6627     7265                  x974132 U     36     24      5
     16    11     2860.3487    84                   2860.6627     6802                 x1724209 D     29     23      5
     17    13     2859.2873    66                   2860.6627     9555                 x1023581 D      8      2      4
     18    12     2859.7902   136                   2860.6627     8086                     x748 D     16     10      4
     19    17     2860.3147    91                   2860.6627    11049                     x371 D     42     30      6
     20    14     2860.2502   105                   2860.6627    10901                  x811074 D     15      9      4
     22    21     2859.7902   134                   2860.6627    12765                     x759 D     22     16      5
Elapsed time = 998.74 sec. (833770.85 ticks, tree = 5.12 MB, solutions = 0)
     23    24     2860.3146    69                   2860.6627    13852                     x851 D     41     35      7
     24    20     2859.2512   140                   2860.6627    12713                  x783149 D     14      8      5
     25     7     2854.9977   110                   2860.6627     8677                     x189 N      1      3      3
     26    22     2860.1887   139                   2860.6627    14462                 x1023582 D     48     42      7

Clique cuts applied:  8
Implied bound cuts applied:  41
Flow cuts applied:  9
Mixed integer rounding cuts applied:  23
Zero-half cuts applied:  18
Gomory fractional cuts applied:  2

Root node processing (before b&c):
  Real time             =  729.30 sec. (732358.36 ticks)
Parallel b&c, 6 threads:
  Real time             =  311.80 sec. (129037.99 ticks)
  Sync time (average)   =  130.60 sec.
  Wait time (average)   =    0.00 sec.
                          ------------
Total (root+branch&cut) = 1041.10 sec. (861396.35 ticks)
========================================
STATUS DA SOLUCAO: AbortTimeLim
========================================
Nao ha solucao viavel disponivel para impressao.
