=========== Input ===========
File name:                ../instances/realistic-instances/5-25-1891798.cdop
Total node count:         31
Truck node count:         5
Drone node count:         25
=============================

Version identifier: 22.2.0.0 | 2026-05-04 | 5dff98e58
CPXPARAM_Threads                                 6
CPXPARAM_TimeLimit                               1024
Legacy callback                                  LD
Lazy constraint(s) or lazy constraint/branch callback is present.
    Disabling dual reductions (CPX_PARAM_REDUCE) in presolve.
    Disabling presolve reductions that prevent crushing forms (CPX_PARAM_PREREFORM).
         Disabling repeat represolve because of lazy constraint/incumbent callback.
Tried aggregator 1 time.
MIP Presolve eliminated 12 rows and 6 columns.
MIP Presolve modified 47232 coefficients.
Reduced MIP has 2237 rows, 35653 columns, and 196934 nonzeros.
Reduced MIP has 35612 binaries, 0 generals, 0 SOSs, and 0 indicators.
Presolve time = 0.08 sec. (119.14 ticks)
Probing time = 0.02 sec. (12.98 ticks)
Cover probing fixed 0 vars, tightened 72 bounds.
Clique table members: 22.
MIP emphasis: balance optimality and feasibility.
MIP search method: traditional branch-and-cut.
Parallel mode: deterministic, using up to 6 threads.
Root relaxation solution time = 0.21 sec. (360.45 ticks)

        Nodes                                         Cuts/
   Node  Left     Objective  IInf  Best Integer    Best Bound    ItCnt     Gap         Variable B NodeID Parent  Depth

      0     0     3037.5874    43                   3037.5874       22         
      0     0     3037.0099    42                    Cuts: 11       67         
      0     0     3035.9269    48                     Cuts: 6      136         
      0     0     3035.7844    48                     Cuts: 3      139         
      0     0     3035.7844    52                 ZeroHalf: 2      141         
      0     2     2981.2572    58                   3035.7844      141                                 0             0
Elapsed time = 5.96 sec. (15557.28 ticks, tree = 0.02 MB, solutions = 0)
      3     5     2961.0116    48                   2978.7959      376                     x119 N      3      4      3
      8     9     2957.2053    32                   2974.5646      933                      x72 D      7      1      5
     14    15     2948.4484    26                   2974.2110     1978                      x72 D      8      2      5
     19    17     2971.2126    68                   2974.2110     2285                   x33617 D     23     17      4
     23    23     2968.3198    77                   2974.2110     2987                   x33617 D     36     30      6
     32    25     2952.3492    76                   2974.2110     3278                   x33631 U     27     15      6
     42    38     2961.9839    80                   2974.2110     4445                     x158 D     53     41      7
     52    39     2958.9167    58                   2974.2110     4717                     x158 U     59     41      7
     60    60     2959.4002   109                   2974.2110     6828                   x33631 D     58     52     10
     95    83     2956.7939    64                   2974.2110     9233                   x28654 D    167    161     20
Elapsed time = 9.11 sec. (18898.04 ticks, tree = 1.54 MB, solutions = 0)
    126   107     2954.1426    79                   2974.2110    12063                      x72 D    105     99     15
    165   141     2951.4667   106                   2974.2110    13271                   x23154 U    100     88     14
    185   182     2907.4765    74                   2974.2110    18249                   x23724 U    503    491     71
    215   190     2945.9358    35                   2974.2110    20213                     x108 U    164    158     29
    241   231     2953.0885    88                   2974.2110    28950                   x33647 D    157    145     24
    258   226     2956.9645    58                   2974.2110    29480                      x94 D    216    210     27
    285   261     2950.1871    65                   2974.2110    37806                      x80 D    183    177     25
    309   270     2951.7922    70                   2974.2110    38657                   x33928 U    241    235     36
    325   292     2925.2778    68                   2974.2110    44949                      x61 U    264    246     31
    351   338     2807.8515    30                   2974.2110    53149                    x9804 U    803    791    109
Elapsed time = 17.88 sec. (28795.41 ticks, tree = 8.33 MB, solutions = 0)
    372   315     2950.6565    73                   2974.2110    50875                   x33625 D    300    294     37
    385   365     2930.2503    39                   2974.2110    61256                   x33625 D    337    325     49
    420   382     2946.6097    70                   2974.2110    62063                   x33626 D    439    433     65
    452   392     2930.5219    26                   2974.2110    69313                      x17 U    284    278     42
    468   447     2945.2411    70                   2974.2110    77766                   x16641 D    517    511     77
    499   433     2807.5195    45                   2974.2110    75620                   x33613 D    959    953    128
    521   454     2940.6355    75                   2974.2110    81622                     x108 U    390    378     48
    532   461     2922.6683    61                   2974.2110    84791                     x125 U    339    327     49
    551   518     2938.3188    49                   2974.2110    96400                   x27214 D    420    414     51
    565   538     2806.4501    26                   2974.2110   106882                      x40 D   1049   1043    139
Elapsed time = 26.65 sec. (38650.57 ticks, tree = 14.85 MB, solutions = 0)
    586   558     2935.1572    66                   2974.2110   112542                   x29294 D    468    462     57
    604   569     2941.4231    45                   2974.2110   116935                   x21314 D    544    538     78
    647   599     2915.0176    62                   2974.2110   120352                   x21252 D    907    901    140
    679   610     2916.6976    74                   2974.2110   123755                   x20874 D    618    612     80
    728   704     2936.5733    79                   2974.2110   144004                   x20599 D    730    724    108
    777   673     2801.0216    30                   2974.2110   142264                      x49 D   1145   1139    152
    815   729     2894.5962    53                   2974.2110   138392                   x21434 D   1104   1098    158
    839   814     2943.2453    51                   2974.2110   161957                   x33617 N    832     17      4
    856   702     2887.0442    31                   2974.2110   149808                   x25715 U    380    362     51
    879   830     2938.7143    60                   2974.2110   163923                   x34019 D    928    922     18
Elapsed time = 35.56 sec. (48635.89 ticks, tree = 24.69 MB, solutions = 0)
    894   832     2929.5893    63                   2974.2110   171612                     x113 U   1141   1135     28
    910   836     2928.4607    47                   2974.2110   173041                     x148 D   1165   1159     31
    938   881     2919.6721    56                   2974.2110   184200                   x33613 D   1261   1249     45
    951   895     2949.1778    71                   2974.2110   190581                      x99 D    494    488     15
    967   907     2934.5112    24                   2974.2110   192315                   x17179 D    585    579     87
    978   928     2898.3373    63                   2974.2110   196480                   x33643 U   1303   1297     50
    988   908     2881.7669    22                   2974.2110   195406                   x17179 U    591    579     87
   1026   990     2880.3232    45                   2974.2110   208666                   x21434 D   1525   1519     85
   1044   993     2955.9728    55                   2974.2110   210491                      x92 N   1561     29      6
   1063  1003     2937.6745    21                   2974.2110   211855                      x51 U   1621   1609     14
Elapsed time = 44.92 sec. (59064.57 ticks, tree = 30.61 MB, solutions = 0)
   1069   797     2927.1285   103                   2974.2110   154891                     x129 D   1200   1194     11
   1076   986     2792.0992    21                   2974.2110   219949                      x39 D   1277   1265    169
   1084  1034     2926.5725    26                   2974.2110   231766                      x70 D   1218   1212     13
   1091  1037     2926.0027    87                   2974.2110   232802                      x99 D   1236   1230     16
   1098  1066     2935.2586    54                   2974.2110   246215                     x115 D   1705   1699     26
   1110  1074     2913.3490    26                   2974.2110   258590                      x80 U   1132   1114     47
   1125  1078     2930.5879    31                   2974.2110   259344                      x59 U   1156   1150     50
   1156  1090     2923.1969    27                   2974.2110   266156                   x27423 D    686    680     43
   1168  1087     2930.0564    53                   2974.2110   270037                      x37 D   1747   1741     32
   1184  1132     2928.9991    86                   2974.2110   295518                     x149 D   1777   1771     37
Elapsed time = 53.26 sec. (69157.07 ticks, tree = 35.05 MB, solutions = 0)
   1221  1160     2923.7103    68                   2974.2110   302655                     x114 D   1356   1350     33
   1248  1173     2914.0438    38                   2974.2110   307723                      x94 U    729    723    104
   1262  1190     2915.1266    59                   2974.2110   316819                      x27 U    764    758     53
   1276  1233     2715.0308    81                   2974.2110   325877                   x28873 D   1499   1493    198
   1293  1247     2913.7802    56                   2974.2110   333756                     x132 U    771    765    110
   1311  1243     2920.6550    75                   2974.2110   331960                   x33625 D   1434   1428     45
   1321  1248     2919.8946    70                   2974.2110   333008                   x27717 D   1464   1458     50
   1336  1256     2906.4025    43                   2974.2110   337608                   x33625 U    825    807    117
   1353  1290     2918.6481    47                   2974.2110   354456                   x33606 D   1530   1524     61
   1366  1273     2897.3488    43                   2974.2110   346149                   x17228 U   2041   2029     74
Elapsed time = 63.08 sec. (79051.49 ticks, tree = 39.89 MB, solutions = 0)
   1379  1275     2911.5360    51                   2974.2110   347465                      x48 D   2053   2047     76
   1392  1318     2909.4409    37                   2974.2110   368820                   x20807 D   2083   2077     81
   1396  1354     2917.8617    68                   2974.2110   383109                      x27 U   1566   1554     65
   1452  1368     2917.1534    64                   2974.2110   383938                     x106 U   1650   1644     79
   1467  1371     2934.7392    45                   2974.2110   382625                   x33643 D   1161   1155      5
   1488  1413     2926.1609    78                   2974.2110   405577                      x74 D   1221   1209     12
   1504  1355    infeasible                         2974.2110   396787                      x31 U   1390   1378     82
   1524  1374     2905.4859    40                   2974.2110   399737                      x78 D   2179   2173     94
   1540  1454     2837.8534    44                   2974.2110   416281                    x9572 D   1728   1722     90
   1559  1440    infeasible                         2974.2110   414084                   x28665 U   1661   1643    217
Elapsed time = 70.88 sec. (88972.55 ticks, tree = 45.82 MB, solutions = 0)
   1575  1518     2576.0962    34                   2974.2110   438911                    x7877 D   1721   1715    225
   1597  1464     2842.3293    24                   2974.2110   423953                      x48 D   1450   1444     92
   1614  1530     2571.8852    47                   2974.2110   441514                   x28945 D   1793   1781    234
   1638  1517     2947.0380   129                   2974.2110   449597                    x4587 N   1818     24      5
   1668  1528     2926.1085    87                   2974.2110   450877                      x45 U   1884   1878     14
   1701  1598     2564.0284    35                   2974.2110   472673                    x8062 D   1943   1937    255
   1735  1554     2901.8118    50                   2974.2110   463941                     x112 D   2401   2395    127
   1763  1629     2934.5493   111                   2974.2110   485601                     x109 D   2419   2413      9
   1786  1690     2562.6060    21                   2974.2110   503597                      x32 D   2213   2207    292
   1809  1641     2929.2867   113                   2974.2110   487847                      x73 D   2491   2485     21
Elapsed time = 80.02 sec. (98934.61 ticks, tree = 52.70 MB, solutions = 0)
   1829  1650     2860.8839    21                   2974.2110   501910                      x11 U   1082   1076    103
   1848  1639     2911.3914    41                   2974.2110   494377                     x125 D   1461   1455     44
   1862  1745     2910.7441    59                   2974.2110   515295                      x85 D   1491   1485     49
   1879  1748     2927.0122    57                   2974.2110   514459                      x86 D   2629   2623     44
   1905  1757     2910.5183    56                   2974.2110   517684                     x148 U   1563   1557     60
   1931  1782     2915.8881    95                   2974.2110   537984                     x133 U   2256   2250     25
   1952  1797     2922.7503    75                   2974.2110   541409                    x9459 D   2755   2749     65
   1972  1806     2921.7863    86                   2974.2110   542481                   x33606 D   2809   2803     74
   2005  1829     2920.9619   112                   2974.2110   543296                      x92 U   2947   2941     97
   2157  1943     2915.3555   116                   2974.2110   589700                     x157 U   1304   1298     29
Elapsed time = 92.58 sec. (111897.77 ticks, tree = 63.36 MB, solutions = 0)
   2252  2075     2897.6334    29                   2974.2110   611570                      x51 U   1388   1376     41
   2314  2144     2881.1090    77                   2974.2110   639972                     x132 U   3823   3811     37
   2361  2174     2761.8501    32                   2974.2110   660333                     x110 D   1648   1642    122
   2421  2242     2868.4258    76                   2974.2110   685648                   x20822 D   4015   4009     67
   2460  2310     2898.3415    39                   2974.2110   718539                      x80 U   2646   2628     32
   2502  2303     2561.0553    25                   2974.2110   716239                   x34018 D   2993   2987    398
   2573  2345     2561.0395    19                   2974.2110   742006                      x90 D   3131   3119    413
   2610  2426     2535.4274   113                   2974.2110   793388                   x21236 D   4279   4267    104
   2642  2460    infeasible                         2974.2110   823080                      x82 U   1965   1953    116
   2690  2467     2810.2309    67                   2974.2110   828568                      x89 D   2019   2013    124
Elapsed time = 126.21 sec. (150816.78 ticks, tree = 81.90 MB, solutions = 0)
   2750  2497    infeasible                         2974.2110   867458                   x17562 U   3311   3305    438
   2798  2589     2879.0047    68                   2974.2110   924418                      x59 U   4525   4513     25
   2863  2606     2761.0359    21                   2974.2110   953595                   x34013 D   2014   2008    176
   2920  2650     2829.9544    83                   2974.2110   971544                   x16999 D   4759   4753     54
   2988  2715     2895.7171    53                   2968.6160  1006664                      x59 U   3587   3581     25
   3037  2728     2893.2824    27                   2968.6160  1011233                      x51 D   3665   3659     37
   3088  2779     2761.0000    18                   2968.6160  1049435                   x34043 D   2158   2152    197
   3135  2820     2821.2096    64                   2968.6160  1077165                   x18462 D   4981   4975     86
   3158  2780     2761.0000    15                   2968.6160  1049437                   x11259 D   2164   2158    198
   3184  2904     2857.4037    38                   2968.6160  1116052                      x45 U   2228   2222    162
Elapsed time = 161.08 sec. (190119.60 ticks, tree = 97.50 MB, solutions = 0)
   3236  2957     2761.0000    21                   2968.6160  1177233                   x34020 D   2230   2224    208
   3265  2945     2820.1127    70                   2968.6160  1164499                      x52 D   5083   5077    101
   3299  2973     2893.1012    42                   2968.6160  1192092                      x60 D   4007   4001     93
   3336  2984    infeasible                         2968.6160  1215923                    x4199 U   3510   3498    161
   3390  3089     2856.3199    38                   2968.6160  1291885                     x132 U   2600   2594     45
   3431  3147     2799.7104    21                   2968.6160  1326097                     x114 D   2756   2750     70
   3463  3158     2799.5687    53                   2968.6160  1330650                      x80 D   2822   2816     81
   3517  3157     2893.0466    39                   2968.6160  1361769                      x76 D   4133   4127    113
   3567  3207     2799.3473    41                   2968.6160  1393829                      x63 D   2942   2936    101
   3614  3265     2799.2555    24                   2968.6160  1439098                      x53 D   2984   2978    108
Elapsed time = 194.90 sec. (229968.52 ticks, tree = 110.30 MB, solutions = 0)
   3672  3298     2761.0000    22                   2968.6160  1468202                    x6108 D   2482   2470    239
   3715  3386     2813.6379    37                   2968.6160  1516579                   x25184 U   5527   5515    163
   3751  3381     2799.1401    28                   2968.6160  1508021                      x58 D   3086   3080    125
   3788  3430     2796.0000    15                   2968.6160  1585994                   x34044 D   3720   3714    187
   3811  3433     2796.0000    17                   2968.6160  1591834                    x5498 D   3750   3744    191
   3850  3459     2906.9404    49                   2968.6160  1602430                     x117 D   3423   3417     65
   3892  3501     2796.0000    15                   2968.6160  1654305                   x23136 D   3810   3798    198
   4016  3604     2876.6448    23                   2968.6160  1716756                      x73 D   3984   3972     37
   4078  3650     2687.0000    12                   2968.6160  1736199                    x1781 D   2812   2800    283
   4139  3727     2871.8502    25                   2968.6160  1768216                      x53 D   4200   4194     70
Elapsed time = 228.78 sec. (269414.81 ticks, tree = 126.79 MB, solutions = 0)
   4187  3668     2778.0000    35                   2968.6160  1755327                      x93 D   5869   5863    208
   4230  3815     2805.2529    57                   2968.6160  1818914                      x69 U   5929   5923    216
   4277  3856     2912.9340    99                   2968.6160  1845572                      x32 U   3674   3662     19
   4333  3850     2869.0415    43                   2968.6160  1837667                      x58 D   4446   4440    107
   4402  3983     2828.0000    22                   2968.6160  1918659                   x14974 D   4853   4847    222
   4450  3942     2869.0125    32                   2968.6160  1902481                      x56 D   4554   4548    124
   4509  3991     2922.3680    53                   2966.0480  1948927                      x61 U   3082    120     19
   4590  4138     2836.5322   107                   2964.6784  2014511                      x20 U   3244   3238     46
   4650  4126     2800.8391    48                   2964.6784  2007065                      x75 D   4178   4172     84
   4731  4188     2823.9213    42                   2964.6784  2041280                     x115 D   6487   6481     80
Elapsed time = 263.59 sec. (308347.35 ticks, tree = 143.25 MB, solutions = 0)
   4782  4191     2823.6601    50                   2964.6784  2047223                    x9544 D   6529   6523     85
   4871  4248     2786.0000    11                   2964.6784  2087351                    x7558 D   4991   4985    242
   4938  4403     2800.2663    60                   2964.6784  2137596                    x9404 D   4484   4478    131
   4994  4388     2800.0000     8                   2964.3633  2140111                   x17195 D   5256   5250    227
   5059  4561     2897.5750    81                   2964.3633  2222780                      x62 U   5261   5255     31
   5105  4543     2698.2096    22                   2964.3633  2215109                      x35 D   4706   4700    164
   5160  4674     2671.2048    29                   2964.3633  2289216                     x148 U   5447   5435     57
   5260  4691     2903.0000    22                   2964.3633  2309391                   x28419 D   4617   4605    240
   5411  4799     2924.4076    47                   2964.3633  2336766                      x62 U   5958   5952     70
   5510  4838     2831.5257    71                   2964.3633  2351419                      x27 D   4994   4988     45
Elapsed time = 295.87 sec. (347145.95 ticks, tree = 166.49 MB, solutions = 0)
   5587  4851     2828.0276    56                   2964.3633  2356278                      x86 D   5072   5066     57
   5658  5037     2912.6115    21                   2964.3633  2403944                    x9804 U   6486   6480     32
   5762  4978     2808.2019    23                   2963.2201  2398731                      x14 D   4078   4072    128
   5838  5204     2910.8105    50                   2963.2201  2470333                     x106 U   5157   5151     55
   5918  5263     2809.5032    49                   2963.2201  2513037                   x33724 D   6653   6647    112
   5993  5223     2844.5690    22                   2963.2201  2490588                      x93 D   6732   6726     72
   6102  5488     2882.6243    60                   2962.2503  2568373                     x106 U   7579   7573     80
   6198  5608     2896.9007    71                   2962.2503  2601677                   x16606 U   5769   5757    146
   6248  5543     2823.0130    28                   2962.2503  2577055                     x129 D   7921   7915    136
   6297  5618     2808.0692    23                   2962.2503  2614849                      x58 D   4396   4390    181
Elapsed time = 331.24 sec. (386383.08 ticks, tree = 194.57 MB, solutions = 0)
   6346  5811     2928.3080    60                   2962.2503  2676831                     x162 D   6075   6063     17
   6426  5852     2808.0437    46                   2962.2503  2711589                    x8412 D   4444   4438    189
   6492  5853     2822.4387    36                   2962.2503  2703236                     x127 D   8149   8143    174
   6545  5960     2891.3012    44                   2962.2503  2730399                      x98 D   6603   6597     93
   6601  5966     2729.5317    39                   2962.2503  2751627                   x13115 D   5804   5798    162
   6654  6056     2891.4060    98                   2962.2503  2780452                      x37 D   8437   8431     26
   6738  6066     2809.1026    19                   2962.2503  2800613                      x38 D   6977   6971    165
   6800  6172     2889.9361    39                   2962.2503  2830534                      x44 D   8887   8881     30
   6856  6196     2886.1140    38                   2962.2503  2834845                      x42 D   9031   9025     54
   6946  6248     2881.9384    21                   2962.2503  2838536                   x27745 D   9343   9337    106
Elapsed time = 366.59 sec. (424984.26 ticks, tree = 217.38 MB, solutions = 0)
   7011  6270     2808.5949    40                   2961.1412  2898228                   x34306 D   6873   6867    132
   7085  6449     2875.2824    23                   2960.2815  2952589                     x160 D   4762   4750     25
   7143  6488     2806.5579    34                   2960.2815  2978645                     x103 D   7011   7005    153
   7186  6612     2867.7859    37                   2960.2815  3031866                      x75 D   4882   4876     42
   7221  6546     2748.2992    39                   2960.2815  3011663                     x112 D   7986   7980    152
   7268  6600     2731.0491    18                   2960.2815  3028582                      x41 D   9751   9745    173
   7327  6673     2871.0525    46                   2960.2815  3067777                      x59 U   7269   7263     32
   7393  6735     2783.9207    26                   2960.2815  3109753                      x37 D   4942   4936     51
   7461  6710     2748.0768    14                   2959.6237  3098837                      x43 D   8166   8160    182
   7544  6865     2842.3948    48                   2959.6237  3138350                     x120 D   7839   7833    127
Elapsed time = 403.52 sec. (463837.24 ticks, tree = 239.71 MB, solutions = 0)
   7605  6900     2748.0134    14                   2959.6237  3181801                     x111 D   8238   8232    194
   7653  7045     2765.2714    75                   2959.6237  3215413                     x104 U   5026   5020     61
   7762  7055     2743.7046    40                   2959.6237  3220376                     x130 D   5086   5080     68
   7860  7020     2843.3381    26                   2959.6237  3200325                      x68 D   8003   7997    139
   7941  7207     2742.3807    34                   2959.6237  3297525                     x112 D   5302   5296    104
   8041  7347     2911.7140    37                   2959.6237  3330081                     x114 D   7250   7244     16
   8113  7364     2880.4508    49                   2959.3519  3335260                      x94 D   7352   7346     33
   8196  7371     2807.8971    52                   2959.3519  3340692                     x106 U   7400   7394     41
   8260  7547     2802.2072    49                   2959.3519  3416034                      x93 D   7550   7544     66
   8324  7590     2653.4677    16                   2959.3519  3435045                   x31457 D  11011  11005    141
Elapsed time = 438.18 sec. (502890.09 ticks, tree = 266.79 MB, solutions = 0)
   8382  7584     2800.5728    42                   2959.3519  3424593                     x100 D   7772   7766    103
   8515  7794     2827.8632    44                   2958.8444  3484922                      x73 D   8946   8940     96
   8612  7846     2652.0032    14                   2958.8444  3517180                      x56 D  11239  11233    177
   8711  7856     2652.0009    15                   2958.8444  3521811                     x131 D  11299  11293    187
   8791  7859    infeasible                         2958.8444  3526486                   x16435 D  11329  11323    192
   8892  8117     2827.4534    73                   2958.8444  3570854                      x75 D   9642   9636     71
   8965  7988     2728.0909    18                   2958.8444  3559393                      x47 D   9453   9447    167
   9049  8235     2846.5994    35                   2958.8444  3598543                   x27717 D   8750   8744    138
   9098  8221     2697.0052    31                   2958.8444  3646473                      x19 D   9059   9047    104
   9161  8464     2893.5907    44                   2958.8444  3717697                     x119 U  11671  11665     26
Elapsed time = 475.90 sec. (542255.09 ticks, tree = 299.58 MB, solutions = 0)
   9265  8271     2919.7665    70                   2958.8444  3663426                     x162 D   9663   9657     20
   9331  8579     2847.0974    68                   2958.8444  3760038                   x34011 D   9939   9933     66
   9400  8606     2845.4523    35                   2958.8444  3779257                      x52 D   9050   9044    185
   9504  8531     2816.0503    23                   2958.3814  3758748                      x90 D  10224  10218    160
   9614  8516     2729.0055    53                   2958.3814  3751844                      x26 D   9383   9377    155
   9685  8734     2748.2803    25                   2958.3814  3806498                     x125 D  12319  12313    134
   9742  8753     2747.9470    51                   2958.0204  3810842                   x27721 D  12433  12427    153
   9797  9051     2747.6991    42                   2958.0204  3906559                   x18796 D  12517  12511    167
   9847  9064     2747.4860    24                   2958.0204  3911034                      x40 D  12595  12589    180
   9924  9157     2864.4284    25                   2957.9736  3970336                   x27733 D   9611   9605     33
Elapsed time = 511.13 sec. (580939.78 ticks, tree = 326.38 MB, solutions = 0)
   9997  9130     2821.0183    24                   2957.9736  3955274                     x118 D   9374   9368    237
  10045  9215     2860.6138    15                   2957.9736  3979237                      x33 D   9959   9953     91
  10093  9318     2821.0000    15                   2957.9736  4036797                    x8204 D   9476   9470    252
  10132  9441     2816.0000     6                   2957.9736  4073819                   x29348 D  10404  10398    186
  10156  9256     2747.0875    36                   2957.9736  4020331                      x56 D  12841  12835    221
  10187  9475     2888.0148    32                   2957.9736  4097902                   x25916 D   6820   6814    198
  10208  9494     2747.0125    26                   2957.9736  4115351                     x123 D  12901  12895    231
  10228  9519     2850.2861    35                   2957.9736  4135885                      x88 D  11307  11301    164
  10253  9564     2888.0043    41                   2957.9736  4185440                     x111 D   6904   6898    212
  10267  9569     2888.0023    17                   2957.9736  4189916                     x123 D   6934   6928    217
Elapsed time = 551.24 sec. (620813.31 ticks, tree = 342.51 MB, solutions = 0)
  10308  9597     2850.0000    18                   2957.9736  4230949                   x29622 D  11421  11409    181
  10374  9623     2850.0000    11                   2957.9736  4235506                   x32523 D  11577  11571    201
  10412  9634     2821.0000    18                   2957.9736  4312795                    x9131 D   9554   9548    262
  10467  9712     2845.8317    27                   2957.9736  4269778                      x28 D  13573  13567     82
  10507  9777     2840.9152    49                   2957.9736  4352187                     x120 D  13675  13669     99
  10544  9814     2845.5562    25                   2957.9736  4373983                     x133 U  10727  10721    219
  10566  9811     2835.9982    33                   2957.9736  4361570                      x40 D  13879  13873    129
  10587  9854     2741.1718    29                   2957.9736  4417153                   x11196 D  11637  11625    208
  10596  9815     2821.0000    20                   2957.9736  4403384                   x17533 D   9602   9596    269
  10607  9938     2833.2154    24                   2957.9736  4488866                      x68 D  14005  13999    149
Elapsed time = 595.56 sec. (662107.17 ticks, tree = 356.93 MB, solutions = 0)
  10627  9959     2918.6353   108                   2957.9736  4492203                      x27 U  10853  10841     13
  10704  9976     2891.5668   114                   2957.9736  4496839                     x159 U  10955  10949     25
  10782 10050     2799.4929    80                   2957.9736  4524552                   x34377 D  10178  10172    107
  10818 10000     2836.4173   126                   2957.9736  4506594                   x33647 D  11099  11087     41
  10861 10066     2827.8918    52                   2957.9736  4611835                      x69 U  11231  11225     61
  10938 10230     2877.2907    39                   2957.9736  4636458                   x30530 D  10652  10646     74
  11004 10261     2869.7317    39                   2957.9736  4640945                    x4569 U  10838  10826    104
  11038 10240     2906.7084    25                   2957.9736  4691887                      x37 D   7240   7234     17
  11149 10110     2795.0717    63                   2957.9736  4631620                      x28 D  11495  11489    100
  11246 10289     2792.7773    37                   2957.9736  4747501                      x40 D  11573  11567    112
Elapsed time = 628.55 sec. (700808.50 ticks, tree = 370.72 MB, solutions = 0)
  11365 10542     2831.7775   113                   2957.9736  4808453                   x32609 D  14725  14719     61
  11550 10633     2807.7457    86                   2957.9736  4812607                   x34020 D  15271  15265    152
  11637 10522     2805.3701    11                   2957.9736  4797530                   x33983 D  12411  12405    103
  11685 10681     2787.7549    88                   2957.9736  4869203                     x107 D  11957  11951    171
  11759 11006     2856.1553    55                   2957.9736  4928684                   x34303 U  15739  15727     32
  11843 11031     2826.0986    81                   2957.9736  4933576                      x34 U  15895  15889     52
  11940 10824     2754.1140    29                   2957.9736  4917021                   x28256 D  12723  12717    155
  12032 11119     2846.7221    36                   2957.9736  4963088                     x132 U   8464   8452    152
  12078 11181    infeasible                         2957.9736  4975409                   x33589 D  12653  12641    112
  12153 11322     2872.3972    26                   2957.9736  5045066                     x109 D  16423  16417     34
Elapsed time = 666.38 sec. (739587.66 ticks, tree = 412.79 MB, solutions = 0)
  12208 11428     2716.0163    39                   2957.9736  5091883                   x34394 D   8620   8614    174
  12255 11438     2897.7044    39                   2957.9736  5097567                   x34303 D   8704   8698     23
  12381 11538     2893.2864    46                   2957.9736  5101098                      x80 D   9304   9298    123
  12492 11575     2893.1965    41                   2957.9736  5105087                      x63 D   9526   9520    160
  12541 11606     2843.7014     8                   2957.9736  5180120                      x40 U  16957  16945    114
  12576 11519     2874.0138    47                   2957.9736  5164556                     x111 D  11660  11654    235
  12628 11627     2754.0024     8                   2957.9736  5208445                   x28421 U  13059  13053    211
  12673 11846     2845.8204    13                   2957.9736  5247109                      x82 D  13463  13457    138
  12705 11855     2845.2118    38                   2957.9736  5251904                     x110 D  13517  13511    147
  12746 11921     2882.2467    19                   2957.9736  5315922                      x59 U  13251  13245     22
Elapsed time = 704.16 sec. (778454.64 ticks, tree = 437.18 MB, solutions = 0)
  12795 11939     2864.2776    39                   2957.9736  5321110                      x94 U  13359  13353     37
  12847 12016     2893.0132    42                   2957.9736  5361271                      x90 D   9880   9874    219
  12910 11993     2864.8560    24                   2957.9736  5330826                   x12578 D  13683  13677     88
  12952 12147     2838.1550    40                   2957.9736  5398122                      x99 U  13833  13821    112
  12986 12204     2847.1629     7                   2956.9088  5458588                   x15666 U  17407  17395    185
  13012 12175     2892.1000    28                   2956.9088  5436712                    x3429 U  10030  10024    244
  13038 12140     2889.4239    71                   2956.9088  5412417                   x34022 D  10920  10914     14
  13104 12184     2853.5617    35                   2956.9088  5417085                      x87 D  14055  14049    148
  13118 12348     2882.0000    23                   2956.9088  5556448                    x1003 D  10192  10186    271
  13135 12223     2874.0000    23                   2956.9088  5504836                   x10841 D  11846  11834    260
Elapsed time = 741.01 sec. (818245.83 ticks, tree = 449.48 MB, solutions = 0)
  13191 12443     2857.3782    23                   2956.9088  5591849                   x32418 D  11448  11442    102
  13246 12256     2830.1748    33                   2956.9088  5532927                     x108 U  13877  13865    201
  13295 12492     2856.6724    25                   2956.9088  5600392                      x53 D  11742  11736    151
  13316 12444     2805.7100    41                   2956.9088  5640202                      x62 U  13961  13955    211
  13347 12492     2773.0145    14                   2956.9088  5669366                    x7880 D  14409  14403    203
  13430 12620     2856.3370    30                   2956.9088  5733669                      x38 D  11886  11880    175
  13498 12577     2844.7345    32                   2956.9088  5678432                   x14974 D  14937  14931     95
  13522 12532     2877.2380   124                   2956.6713  5722769                      x34 U  12014    216     28
  13575 12768     2854.7748    82                   2956.6713  5778317                   x12578 D  15123  15117     41
  13663 12839    infeasible                         2956.6713  5830810                   x19421 U  12296  12290     73
Elapsed time = 779.95 sec. (857816.93 ticks, tree = 475.16 MB, solutions = 0)
  13749 12805     2841.7327    29                   2956.6713  5816857                    x7600 D  14267  14261     55
  13847 12894     2847.8954    87                   2956.6713  5840710                     x109 U  12662  12650     53
  13925 12847     2911.5209   110                   2956.6713  5822597                   x34303 D  14555  14549     16
  14001 12868     2885.2016    96                   2956.6713  5827210                      x37 U  14681  14669     33
  14091 13112     2881.7559   110                   2956.6152  5935516                     x109 D  14759  14747     43
  14153 13028     2651.9922    54                   2956.6152  5903834                      x48 D  15951  15945    164
  14237 13350     2853.9681    55                   2956.5522  6012534                   x28370 U  18307  18295     80
  14298 13165     2850.3938    44                   2956.5522  5950734                     x117 U  15077  15065     89
  14377 13307     2786.3307    33                   2956.5522  5977287                    x7657 U  13508  13496    179
  14426 13324     2798.3813    14                   2956.5522  5981747                     x121 D  13610  13604    196
Elapsed time = 817.68 sec. (896416.09 ticks, tree = 495.69 MB, solutions = 0)
  14502 13411     2651.0292    54                   2956.4789  6048498                     x123 D  16173  16167    201
  14585 13494     2831.2673    93                   2956.4789  6074278                   x21583 U  11152  11140     57
  14644 13532     2822.2900    24                   2956.4789  6102194                      x34 D  15407  15395    136
  14707 13541     2805.3533    35                   2956.4789  6106852                      x47 D  15461  15455    145
  14787 13710     2876.2920    28                   2956.4789  6180220                   x28195 D  12552  12546     38
  14901 13734     2818.9278    65                   2956.4789  6158657                      x31 D  19219  19213     82
  14998 13780    infeasible                         2956.4789  6163364                   x11995 D  19513  19507    131
  15074 13804     2818.7969    26                   2956.4789  6194476                      x28 D  13116  13110    118
  15179 13879     2752.2782    65                   2956.3919  6245812                     x102 D  11638  11632    135
  15225 14163     2813.2086    13                   2956.3919  6315002                      x31 D  20131  20125    118
Elapsed time = 856.56 sec. (935517.80 ticks, tree = 531.75 MB, solutions = 0)
  15256 14172     2810.3560    21                   2956.3919  6319602                   x17565 D  20185  20179    125
  15313 14261     2752.1745    42                   2956.3919  6395731                      x81 D  11740  11734    151
  15394 14466     2810.2130    66                   2956.3919  6469534                      x35 D  20389  20383    158
  15470 14409     2831.1155    78                   2956.3919  6453789                   x27778 D  14666  14660     99
  15550 14535     2905.5008   102                   2956.2972  6525377                      x74 U  16515  16509     16
  15598 14460     2862.0113    90                   2956.2972  6463942                      x72 D  15020  15014     35
  15653 14719     2829.7477    75                   2956.2972  6576345                      x32 D  15266  15254     67
  15685 14543     2816.3832    24                   2956.2972  6519267                      x52 D  13638  13632    197
  15776 14564     2875.2468    62                   2956.0032  6532623                   x33732 D  16689  16677     37
  15862 14784    infeasible                         2956.0032  6591398                      x21 U  15692  15686    133
Elapsed time = 895.15 sec. (974603.93 ticks, tree = 558.37 MB, solutions = 0)
  15936 14806     2810.0476    30                   2956.0032  6633054                   x28694 D  20803  20797    224
  16005 14806     2730.4808    35                   2956.0032  6602451                      x94 D  15884  15878    159
  16074 14938     2853.6139    61                   2956.0032  6679446                   x25550 U  17097  17085     94
  16187 14938     2917.6282   165                   2956.0032  6703543                     x114 U  12016     81     13
  16256 14964     2880.6713    60                   2956.0032  6708618                     x885 D  12172  12166     39
  16353 15117     2834.5246    42                   2956.0032  6744629                     x114 D  16520  16514     87
  16402 15259     2770.0000    12                   2956.0032  6850199                   x33756 D  14082  14076    261
  16482 15141     2804.6953    25                   2955.8901  6755052                      x33 D  16664  16658    106
  16546 15370     2838.6247    72                   2955.8901  6881050                      x44 D  12718  12712     49
  16597 15561     2753.8942    41                   2955.8901  6937695                   x12712 D  17159  17153    168
Elapsed time = 932.66 sec. (1013193.47 ticks, tree = 591.91 MB, solutions = 0)
  16640 15278     2885.0094    61                   2955.8901  6874511                     x109 D  14316  14310     23
  16693 15583     2841.0232    85                   2955.8901  6948287                      x45 U  17315  17303     37
  16764 15615     2820.3040    34                   2955.8901  6991304                      x50 D  17571  17565    168
  16853 15577     2810.0000    14                   2955.8901  6975708                   x33907 D  21109  21103    271
  16892 15729     2876.0524    36                   2955.8901  7029295                   x27774 D  14850  14844    112
  16941 15725     2806.1457    45                   2955.8901  7063520                      x63 U  12970  12958     85
  16984 15747     2874.0260    34                   2955.8901  7039145                      x29 D  14958  14952    130
  17028 15764     2873.0172    29                   2955.8901  7043632                      x63 D  15060  15054    147
  17058 16002     2872.0981    13                   2955.8901  7175201                     x103 D  15156  15150    163
  17085 15876     2810.0000    10                   2955.8901  7156231                   x30550 D  21193  21181    282
Elapsed time = 973.40 sec. (1053054.08 ticks, tree = 605.59 MB, solutions = 0)
  17122 16131     2751.0835    12                   2955.8901  7269560                      x95 D  18125  18119    167
  17165 16137     2751.0640    45                   2955.8901  7274044                    x9514 D  18161  18155    173
  17214 16091     2725.8785    66                   2955.8901  7257522                    x7617 D  13306  13300    132
  17263 16171     2883.3760   109                   2955.8901  7304095                     x109 U  17372  17360     32
  17313 16105     2725.4710    56                   2955.8901  7266881                      x66 D  13390  13384    146
  17375 16159     2751.0095    17                   2955.8901  7295920                     x131 D  18329  18323    197
  17434 16244     2873.8629    46                   2955.8901  7319355                   x16125 D  17810  17804     95
  17500 16269     2837.4176    70                   2955.8901  7395821                   x33637 U  18189  18171     44
  17598 16306     2843.3189    34                   2955.8901  7400776                      x17 U  18411  18405     79
  17722 16297     2817.4119    20                   2955.8901  7378093                    x3610 D  15972  15966     81
Elapsed time = 1012.35 sec. (1091855.39 ticks, tree = 623.90 MB, solutions = 0)
  17841 16427     2752.2740    58                   2955.8901  7463413                     x117 D  19013  19007    113
  17916 16586     2801.4151    21                   2955.8901  7542348                      x75 D  16134  16128    101
  17974 16509     2868.5090    65                   2955.8901  7499087                      x76 D  18302  18296    174

Clique cuts applied:  4
Cover cuts applied:  18
Implied bound cuts applied:  17
Mixed integer rounding cuts applied:  2
Zero-half cuts applied:  2
Gomory fractional cuts applied:  1
User cuts applied:  2285

Root node processing (before b&c):
  Real time             =    5.93 sec. (15526.72 ticks)
Parallel b&c, 6 threads:
  Real time             = 1018.11 sec. (1091782.67 ticks)
  Sync time (average)   =   62.32 sec.
  Wait time (average)   =    0.00 sec.
                          ------------
Total (root+branch&cut) = 1024.03 sec. (1107309.39 ticks)
========================================
STATUS DA SOLUCAO: AbortTimeLim
========================================
Nao ha solucao viavel disponivel para impressao.
