=========== Input ===========
File name:                ./instances/created-instances/mm-15-10-1762875.cdop
Total node count:         26
Truck node count:         15
Drone node count:         10
=============================

========== Settings ==========
Settings file:        ./settings/Memetic-LS_MPX_1287823.config
Seed:                 1287823
Reduction method:     -
Max iter:             1024000
Population size:      13
Crossover:            MA-MPX
Local Search:         -
Warm Start:           Mario_WS
==============================

====== Algorithm Status ======
Valor:                2770
Time:                 250
nIter:                505
Best Iter:            505
Improvement Count:    504
==============================
Solution tour: 
0 
5 
14 24 22 8 19 9 13 5 
2 10 17 21 
1 21 17 
10 19 23 19 8 
12 
3 17 
11 17 18 20 17 
8 5 
13 
9 
4 21 10 19 25 19 16 
7 
6 5 
==============================

====== Algorithm Status ======
Valor:                2770
Time:                 500
nIter:                974
Best Iter:            974
Improvement Count:    973
==============================
Solution tour: 
0 
5 
14 24 22 8 19 9 13 5 
2 10 17 21 
1 21 17 
10 19 23 19 8 
12 
3 17 
11 17 18 20 17 
8 5 
13 
9 
4 21 10 19 25 19 16 
7 
6 5 
==============================

====== Algorithm Status ======
Valor:                2770
Time:                 1000
nIter:                1923
Best Iter:            1923
Improvement Count:    1922
==============================
Solution tour: 
0 
5 
14 24 22 8 19 9 13 5 
2 10 17 21 
1 21 17 
10 19 23 19 8 
12 
3 17 
11 17 18 20 17 
8 5 
13 
9 
4 21 10 19 25 19 16 
7 
6 5 
==============================

====== Algorithm Status ======
Valor:                2770
Time:                 2000
nIter:                3791
Best Iter:            3791
Improvement Count:    3790
==============================
Solution tour: 
0 
5 
14 24 22 8 19 9 13 5 
2 10 17 21 
1 21 17 
10 19 23 19 8 
12 
3 17 
11 17 18 20 17 
8 5 
13 
9 
4 21 10 19 25 19 16 
7 
6 5 
==============================

====== Algorithm Status ======
Valor:                2770
Time:                 4000
nIter:                7593
Best Iter:            7593
Improvement Count:    7592
==============================
Solution tour: 
0 
5 
14 24 22 8 19 9 13 5 
2 10 17 21 
1 21 17 
10 19 23 19 8 
12 
3 17 
11 17 18 20 17 
8 5 
13 
9 
4 21 10 19 25 19 16 
7 
6 5 
==============================

====== Algorithm Status ======
Valor:                2770
Time:                 8000
nIter:                15319
Best Iter:            15319
Improvement Count:    15318
==============================
Solution tour: 
0 
5 
14 24 22 8 19 9 13 5 
2 10 17 21 
1 21 17 
10 19 23 19 8 
12 
3 17 
11 17 18 20 17 
8 5 
13 
9 
4 21 10 19 25 19 16 
7 
6 5 
==============================

====== Algorithm Status ======
Valor:                2770
Time:                 16000
nIter:                30622
Best Iter:            30622
Improvement Count:    30621
==============================
Solution tour: 
0 
5 
14 24 22 8 19 9 13 5 
2 10 17 21 
1 21 17 
10 19 23 19 8 
12 
3 17 
11 17 18 20 17 
8 5 
13 
9 
4 21 10 19 25 19 16 
7 
6 5 
==============================

====== Algorithm Status ======
Valor:                2770
Time:                 32000
nIter:                61919
Best Iter:            61919
Improvement Count:    61918
==============================
Solution tour: 
0 
5 
14 24 22 8 19 9 13 5 
2 10 17 21 
1 21 17 
10 19 23 19 8 
12 
3 17 
11 17 18 20 17 
8 5 
13 
9 
4 21 10 19 25 19 16 
7 
6 5 
==============================

====== Algorithm Status ======
Valor:                2770
Time:                 64000
nIter:                123405
Best Iter:            123405
Improvement Count:    123404
==============================
Solution tour: 
0 
5 
14 24 22 8 19 9 13 5 
2 10 17 21 
1 21 17 
10 19 23 19 8 
12 
3 17 
11 17 18 20 17 
8 5 
13 
9 
4 21 10 19 25 19 16 
7 
6 5 
==============================

====== Algorithm Status ======
Valor:                2770
Time:                 128000
nIter:                248697
Best Iter:            248697
Improvement Count:    248696
==============================
Solution tour: 
0 
5 
14 24 22 8 19 9 13 5 
2 10 17 21 
1 21 17 
10 19 23 19 8 
12 
3 17 
11 17 18 20 17 
8 5 
13 
9 
4 21 10 19 25 19 16 
7 
6 5 
==============================

====== Algorithm Status ======
Valor:                2770
Time:                 256000
nIter:                499871
Best Iter:            499871
Improvement Count:    499870
==============================
Solution tour: 
0 
5 
14 24 22 8 19 9 13 5 
2 10 17 21 
1 21 17 
10 19 23 19 8 
12 
3 17 
11 17 18 20 17 
8 5 
13 
9 
4 21 10 19 25 19 16 
7 
6 5 
==============================

====== Algorithm Status ======
Valor:                2831
Time:                 512000
nIter:                993259
Best Iter:            993259
Improvement Count:    993258
==============================
Solution tour: 
0 
5 
14 24 21 8 19 9 13 5 
2 10 17 20 10 
1 21 17 
10 23 19 23 19 8 
12 
3 17 
11 17 18 20 17 
8 5 
13 
9 
4 21 10 19 25 19 16 
7 
6 5 
==============================

====== Algorithm Status ======
Valor:                2975
Time:                 1024001
nIter:                1965032
Best Iter:            1965032
Improvement Count:    1965033
==============================
Solution tour: 
0 
5 
14 24 21 8 19 9 13 5 
2 17 
1 21 17 
10 23 19 23 19 8 
3 17 
11 17 20 18 20 17 
8 5 
13 
9 
4 21 10 19 25 19 16 
7 
6 5 
==============================

====== Algorithm Status ======
Valor:                2975
Time:                 1024001
nIter:                1965032
Best Iter:            1965032
Improvement Count:    1965033
==============================
Solution tour: 
0 
5 
14 24 21 8 19 9 13 5 
2 17 
1 21 17 
10 23 19 23 19 8 
3 17 
11 17 20 18 20 17 
8 5 
13 
9 
4 21 10 19 25 19 16 
7 
6 5 
==============================

