=========== Input ===========
File name:                ./instances/created-instances/mm-5-10-1762875.cdop
Total node count:         16
Truck node count:         5
Drone node count:         10
=============================

========== Settings ==========
Settings file:        ./settings/Memetic-LS_MMX_1099666.config
Seed:                 1099666
Reduction method:     -
Max iter:             1024000
Population size:      13
Crossover:            MA-MMX
Local Search:         -
Warm Start:           Mario_WS
==============================

====== Algorithm Status ======
Valor:                1987
Time:                 250
nIter:                1760
Best Iter:            1760
Improvement Count:    1759
==============================
Solution tour: 
0 11 7 14 
4 14 7 
3 13 3 2 1 8 
1 
2 5 10 5 11 5 15 5 6 10 6 
==============================

====== Algorithm Status ======
Valor:                1987
Time:                 500
nIter:                3477
Best Iter:            3477
Improvement Count:    3476
==============================
Solution tour: 
0 11 7 14 
4 14 7 
3 13 3 2 1 8 
1 
2 5 10 5 11 5 15 5 6 10 6 
==============================

====== Algorithm Status ======
Valor:                2058
Time:                 1000
nIter:                6735
Best Iter:            6735
Improvement Count:    6734
==============================
Solution tour: 
0 7 14 
4 14 7 
3 13 3 2 9 2 1 8 
1 
2 8 11 5 15 5 10 5 6 
==============================

====== Algorithm Status ======
Valor:                2058
Time:                 2000
nIter:                12959
Best Iter:            12959
Improvement Count:    12958
==============================
Solution tour: 
0 7 14 
4 14 7 
3 13 3 2 9 2 1 8 
1 
2 8 11 5 15 5 10 5 6 
==============================

====== Algorithm Status ======
Valor:                2103
Time:                 4000
nIter:                25478
Best Iter:            25478
Improvement Count:    25477
==============================
Solution tour: 
0 11 
5 7 14 
4 14 7 
3 13 3 2 9 2 1 8 1 
2 8 5 15 5 10 6 
==============================

====== Algorithm Status ======
Valor:                2183
Time:                 8000
nIter:                49720
Best Iter:            49720
Improvement Count:    49719
==============================
Solution tour: 
0 11 
5 7 14 
4 14 7 
3 13 3 2 9 2 1 8 1 
2 8 12 4 12 15 5 10 6 
==============================

====== Algorithm Status ======
Valor:                2183
Time:                 16000
nIter:                98266
Best Iter:            98266
Improvement Count:    98265
==============================
Solution tour: 
0 11 
5 7 14 
4 14 7 
3 13 3 2 9 2 1 8 1 
2 8 12 4 12 15 5 10 6 
==============================

====== Algorithm Status ======
Valor:                2183
Time:                 32000
nIter:                194345
Best Iter:            194345
Improvement Count:    194344
==============================
Solution tour: 
0 11 
5 7 14 
4 14 7 
3 13 3 2 9 2 1 8 1 
2 8 12 4 12 15 5 10 6 
==============================

====== Algorithm Status ======
Valor:                2183
Time:                 64000
nIter:                390173
Best Iter:            390173
Improvement Count:    390172
==============================
Solution tour: 
0 11 
5 7 14 
4 14 7 
3 13 3 2 9 2 1 8 1 
2 8 12 4 12 15 5 10 6 
==============================

====== Algorithm Status ======
Valor:                2183
Time:                 128000
nIter:                774597
Best Iter:            774597
Improvement Count:    774596
==============================
Solution tour: 
0 11 
5 7 14 
4 14 7 
3 13 3 2 9 2 1 8 1 
2 8 12 4 12 15 5 10 6 
==============================

====== Algorithm Status ======
Valor:                2183
Time:                 256000
nIter:                1547813
Best Iter:            1547813
Improvement Count:    1547812
==============================
Solution tour: 
0 11 
5 7 14 
4 14 7 
3 13 3 2 9 2 1 8 1 
2 8 12 4 12 15 5 10 6 
==============================

====== Algorithm Status ======
Valor:                2215
Time:                 512000
nIter:                3004224
Best Iter:            3004224
Improvement Count:    3004223
==============================
Solution tour: 
0 5 11 
5 15 14 
4 14 7 14 13 
3 8 2 9 2 1 8 1 
2 8 12 4 12 15 5 10 6 
==============================

====== Algorithm Status ======
Valor:                2231
Time:                 1024001
nIter:                5772473
Best Iter:            5772473
Improvement Count:    5772474
==============================
Solution tour: 
0 6 10 5 11 
5 15 14 
4 14 7 14 13 6 8 2 9 2 1 8 1 
2 8 15 12 4 12 15 5 10 6 
==============================

====== Algorithm Status ======
Valor:                2231
Time:                 1024001
nIter:                5772473
Best Iter:            5772473
Improvement Count:    5772474
==============================
Solution tour: 
0 6 10 5 11 
5 15 14 
4 14 7 14 13 6 8 2 9 2 1 8 1 
2 8 15 12 4 12 15 5 10 6 
==============================

