=========== Input ===========
File name:                ./instances/created-instances/mm-5-25-1767920.cdop
Total node count:         31
Truck node count:         5
Drone node count:         25
=============================

========== Settings ==========
Settings file:        ./settings/Memetic_MPX_1099666.config
Seed:                 1099666
Reduction method:     -
Max iter:             1024000
Population size:      13
Crossover:            MA-MPX
Local Search:         LS
Warm Start:           Mario_WS
==============================

====== Algorithm Status ======
Valor:                5087
Time:                 253
nIter:                40
Best Iter:            40
Improvement Count:    39
==============================
Solution tour: 
0 16 21 17 18 7 17 21 7 18 17 7 9 7 14 20 22 20 
5 27 29 6 10 
4 10 13 26 13 10 29 
1 29 25 29 
3 23 21 15 21 23 30 11 24 8 24 11 30 12 6 23 18 21 10 
2 14 2 10 1 19 
==============================

====== Algorithm Status ======
Valor:                5087
Time:                 501
nIter:                87
Best Iter:            87
Improvement Count:    86
==============================
Solution tour: 
0 16 21 17 18 7 17 21 7 18 17 7 9 7 14 20 22 20 
5 27 29 6 10 
4 10 13 26 13 10 29 
1 29 25 29 
3 23 21 15 21 23 30 11 24 8 24 11 30 12 6 23 18 21 10 
2 14 2 10 1 19 
==============================

====== Algorithm Status ======
Valor:                5087
Time:                 1000
nIter:                170
Best Iter:            170
Improvement Count:    169
==============================
Solution tour: 
0 16 21 17 18 7 17 21 7 18 17 7 9 7 14 20 22 20 
5 27 29 6 10 
4 10 13 26 13 10 29 
1 29 25 29 
3 23 21 15 21 23 30 11 24 8 24 11 30 12 6 23 18 21 10 
2 14 2 10 1 19 
==============================

====== Algorithm Status ======
Valor:                5094
Time:                 2001
nIter:                362
Best Iter:            362
Improvement Count:    361
==============================
Solution tour: 
0 16 21 17 18 7 17 21 7 18 17 7 9 7 14 20 22 20 
5 27 29 6 10 
4 10 13 26 13 10 6 29 
1 29 25 29 
3 23 21 15 21 23 30 11 24 8 24 11 30 12 23 18 21 10 
2 14 2 10 1 19 
==============================

====== Algorithm Status ======
Valor:                5322
Time:                 4006
nIter:                734
Best Iter:            734
Improvement Count:    733
==============================
Solution tour: 
0 16 15 17 18 17 21 17 7 17 7 18 7 9 7 14 20 22 20 
4 10 13 26 13 10 6 29 25 29 
3 23 21 15 21 23 3 11 30 28 30 11 30 12 24 8 24 6 23 15 
2 14 2 
5 27 29 1 29 6 10 1 19 
==============================

====== Algorithm Status ======
Valor:                5329
Time:                 8002
nIter:                1360
Best Iter:            1360
Improvement Count:    1359
==============================
Solution tour: 
0 16 15 17 18 17 21 17 7 17 7 18 7 9 7 14 20 22 20 
4 10 13 26 13 10 6 1 29 25 29 
3 23 21 15 21 23 3 11 30 28 30 11 30 12 24 8 24 6 23 17 15 
2 14 2 
5 27 29 1 10 1 19 
==============================

====== Algorithm Status ======
Valor:                5329
Time:                 16004
nIter:                2596
Best Iter:            2596
Improvement Count:    2595
==============================
Solution tour: 
0 16 15 17 18 17 21 17 7 17 7 18 7 9 7 14 20 22 20 
4 10 13 26 13 10 6 1 29 25 29 
3 23 21 15 21 23 3 11 30 28 30 11 30 12 24 8 24 6 23 17 15 
2 14 2 
5 27 29 1 10 1 19 
==============================

====== Algorithm Status ======
Valor:                5354
Time:                 32008
nIter:                5080
Best Iter:            5080
Improvement Count:    5079
==============================
Solution tour: 
0 16 15 17 7 18 17 21 7 17 18 7 9 7 22 20 22 20 
4 10 13 26 13 10 6 29 25 
3 23 21 15 21 17 23 3 11 30 28 30 11 30 12 24 8 24 6 23 17 15 
2 14 2 10 
1 29 8 25 29 1 19 
==============================

====== Algorithm Status ======
Valor:                5354
Time:                 64006
nIter:                10002
Best Iter:            10002
Improvement Count:    10001
==============================
Solution tour: 
0 16 15 17 7 18 17 21 7 17 18 7 9 7 22 20 22 20 
4 10 13 26 13 10 6 29 25 
3 23 21 15 21 17 23 3 11 30 28 30 11 30 12 24 8 24 6 23 17 15 
2 14 2 10 
1 29 8 25 29 1 19 
==============================

====== Algorithm Status ======
Valor:                5354
Time:                 128003
nIter:                19755
Best Iter:            19755
Improvement Count:    19754
==============================
Solution tour: 
0 16 15 17 7 18 17 21 7 17 18 7 9 7 22 20 22 20 
4 10 13 26 13 10 6 29 25 
3 23 21 15 21 17 23 3 11 30 28 30 11 30 12 24 8 24 6 23 17 15 
2 14 2 10 
1 29 8 25 29 1 19 
==============================

====== Algorithm Status ======
Valor:                5446
Time:                 256002
nIter:                39404
Best Iter:            39404
Improvement Count:    39403
==============================
Solution tour: 
0 19 1 16 15 21 15 17 7 18 17 21 17 7 17 18 7 9 7 14 7 20 
5 20 22 20 
2 14 2 10 
4 10 13 26 13 10 6 23 1 29 25 29 
1 19 0 11 
3 23 6 29 12 30 11 24 8 24 11 30 28 30 11 
==============================

====== Algorithm Status ======
Valor:                5508
Time:                 512002
nIter:                84810
Best Iter:            84810
Improvement Count:    84809
==============================
Solution tour: 
0 19 1 10 16 15 21 15 17 7 18 17 21 17 7 17 18 7 9 7 14 7 22 20 4 20 
5 20 22 
2 14 2 10 
4 10 13 26 13 10 1 29 25 
3 23 6 23 3 12 30 11 30 28 30 11 24 8 24 8 25 29 1 19 
==============================

====== Algorithm Status ======
Valor:                5513
Time:                 1024001
nIter:                173889
Best Iter:            173889
Improvement Count:    173890
==============================
Solution tour: 
0 19 1 10 16 15 21 15 17 7 18 17 21 17 7 17 18 7 9 7 14 7 22 20 4 20 
5 20 22 
2 14 2 10 
4 10 13 26 13 10 1 29 25 29 
3 23 6 23 3 12 11 30 28 30 11 24 8 25 8 24 8 29 1 19 
==============================

====== Algorithm Status ======
Valor:                5513
Time:                 1024001
nIter:                173889
Best Iter:            173889
Improvement Count:    173890
==============================
Solution tour: 
0 19 1 10 16 15 21 15 17 7 18 17 21 17 7 17 18 7 9 7 14 7 22 20 4 20 
5 20 22 
2 14 2 10 
4 10 13 26 13 10 1 29 25 29 
3 23 6 23 3 12 11 30 28 30 11 24 8 25 8 24 8 29 1 19 
==============================

