=========== Input ===========
File name:                ./instances/created-instances/mm-20-25-1891798.cdop
Total node count:         46
Truck node count:         20
Drone node count:         25
=============================

========== Settings ==========
Settings file:        ./settings/Memetic_MMX_1099666.config
Seed:                 1099666
Reduction method:     -
Max iter:             1024000
Population size:      13
Crossover:            MA-MMX
Local Search:         LS
Warm Start:           Mario_WS
==============================

====== Algorithm Status ======
Valor:                5534
Time:                 256
nIter:                20
Best Iter:            20
Improvement Count:    19
==============================
Solution tour: 
0 45 39 17 26 38 26 17 39 45 9 22 30 44 34 31 
20 42 13 
19 37 23 
7 23 37 19 13 43 
13 2 43 8 5 
12 5 
8 25 45 25 11 
4 
11 6 28 39 26 32 27 32 33 25 40 35 29 35 22 9 2 
16 2 9 24 
==============================

====== Algorithm Status ======
Valor:                5777
Time:                 507
nIter:                43
Best Iter:            43
Improvement Count:    42
==============================
Solution tour: 
0 36 24 9 45 25 45 39 17 26 38 26 17 39 45 9 22 30 22 9 2 34 44 34 31 41 
20 42 13 
19 37 23 
7 23 37 19 43 13 2 43 
8 25 45 11 
4 
11 40 33 32 26 32 27 32 21 29 33 29 35 15 6 2 
16 2 13 43 28 23 
==============================

====== Algorithm Status ======
Valor:                6096
Time:                 1004
nIter:                82
Best Iter:            82
Improvement Count:    81
==============================
Solution tour: 
0 36 10 36 43 13 2 9 45 25 45 39 17 26 38 26 17 39 45 9 22 30 22 9 2 34 44 34 31 20 41 
20 42 13 
19 37 23 7 23 28 12 40 33 32 27 32 26 32 21 29 33 29 35 15 6 15 5 12 24 11 4 11 2 
16 2 13 43 31 43 
==============================

====== Algorithm Status ======
Valor:                6127
Time:                 2006
nIter:                170
Best Iter:            170
Improvement Count:    169
==============================
Solution tour: 
0 36 10 36 13 43 13 2 9 45 25 45 39 26 17 26 38 26 17 39 45 9 22 30 22 9 2 34 44 34 31 20 41 
20 42 13 
19 37 23 37 23 7 23 28 12 40 33 32 27 32 26 32 33 35 29 33 29 35 15 6 15 5 12 24 4 11 4 2 16 2 43 31 43 
==============================

====== Algorithm Status ======
Valor:                6338
Time:                 4005
nIter:                383
Best Iter:            383
Improvement Count:    382
==============================
Solution tour: 
0 23 0 36 10 36 13 43 13 2 9 45 25 45 39 26 17 26 38 26 39 45 9 22 30 22 9 2 34 31 20 41 
20 42 13 
19 37 23 37 23 7 23 28 12 40 33 32 27 32 26 32 33 29 21 29 35 33 5 15 6 15 5 12 24 4 11 4 22 44 2 16 2 43 
==============================

====== Algorithm Status ======
Valor:                6361
Time:                 8010
nIter:                745
Best Iter:            745
Improvement Count:    744
==============================
Solution tour: 
0 23 0 36 10 42 10 36 43 13 2 9 45 25 45 39 26 17 26 38 26 39 45 9 22 30 22 9 2 34 31 20 41 
20 42 13 43 
19 37 23 37 23 7 23 28 12 40 33 32 27 32 26 32 33 29 21 29 35 29 33 5 15 6 15 5 12 24 4 11 4 22 44 2 16 2 43 
==============================

====== Algorithm Status ======
Valor:                6361
Time:                 16008
nIter:                1455
Best Iter:            1455
Improvement Count:    1454
==============================
Solution tour: 
0 23 0 36 10 42 10 36 43 13 2 9 45 25 45 39 26 17 26 38 26 39 45 9 22 30 22 9 2 34 31 20 41 
20 42 13 43 
19 37 23 37 23 7 23 28 12 40 33 32 27 32 26 32 33 29 21 29 35 29 33 5 15 6 15 5 12 24 4 11 4 22 44 2 16 2 43 
==============================

====== Algorithm Status ======
Valor:                6375
Time:                 32001
nIter:                2907
Best Iter:            2907
Improvement Count:    2906
==============================
Solution tour: 
0 23 0 36 10 44 2 13 2 9 45 25 45 39 26 17 26 38 26 39 45 9 22 30 22 9 2 34 31 41 20 41 
20 42 13 43 13 
19 37 23 37 23 7 23 28 12 40 33 32 27 32 26 32 33 29 21 29 35 29 33 5 15 6 15 5 12 24 4 11 4 2 16 2 43 
==============================

====== Algorithm Status ======
Valor:                6384
Time:                 64006
nIter:                5693
Best Iter:            5693
Improvement Count:    5692
==============================
Solution tour: 
0 36 10 44 34 2 13 2 9 45 25 45 39 26 17 26 38 26 39 45 9 22 30 22 9 2 34 31 20 41 
20 42 13 43 13 
19 37 23 37 23 7 23 28 12 40 33 32 27 32 26 32 33 29 21 29 35 29 33 5 15 6 15 5 12 24 4 11 4 2 16 2 43 
==============================

====== Algorithm Status ======
Valor:                6451
Time:                 128003
nIter:                11421
Best Iter:            11421
Improvement Count:    11420
==============================
Solution tour: 
0 42 44 10 36 10 42 20 2 16 2 13 2 9 45 25 45 39 26 17 26 38 26 39 45 9 22 30 22 9 2 34 31 20 41 
20 42 13 43 13 
19 37 23 37 23 7 23 28 12 40 33 32 27 32 26 32 33 29 21 29 35 29 33 5 15 6 15 5 12 24 4 11 4 2 43 
==============================

====== Algorithm Status ======
Valor:                6451
Time:                 256000
nIter:                22617
Best Iter:            22617
Improvement Count:    22616
==============================
Solution tour: 
0 42 44 10 36 10 42 20 2 16 2 13 2 9 45 25 45 39 26 17 26 38 26 39 45 9 22 30 22 9 2 34 31 20 41 
20 42 13 43 13 
19 37 23 37 23 7 23 28 12 40 33 32 27 32 26 32 33 29 21 29 35 29 33 5 15 6 15 5 12 24 4 11 4 2 43 
==============================

====== Algorithm Status ======
Valor:                6508
Time:                 512012
nIter:                44937
Best Iter:            44937
Improvement Count:    44936
==============================
Solution tour: 
0 43 31 34 2 44 10 36 10 42 20 2 16 2 13 2 9 45 25 45 39 26 17 26 38 26 39 45 9 22 30 22 9 20 41 
20 42 13 43 13 
19 37 19 23 37 23 7 23 28 12 40 12 5 33 32 27 32 26 32 33 29 21 29 35 29 33 5 15 5 12 24 4 11 4 9 2 43 
==============================

====== Algorithm Status ======
Valor:                6508
Time:                 1024002
nIter:                89795
Best Iter:            89795
Improvement Count:    89796
==============================
Solution tour: 
0 43 31 34 2 44 10 36 10 42 20 2 16 2 13 2 9 45 25 45 39 26 17 26 38 26 39 45 9 22 30 22 9 20 41 
20 42 13 43 13 
19 37 19 23 37 23 7 23 28 12 40 12 5 33 32 27 32 26 32 33 29 21 29 35 29 33 5 15 5 12 24 4 11 4 9 2 43 
==============================

====== Algorithm Status ======
Valor:                6508
Time:                 1024002
nIter:                89795
Best Iter:            89795
Improvement Count:    89796
==============================
Solution tour: 
0 43 31 34 2 44 10 36 10 42 20 2 16 2 13 2 9 45 25 45 39 26 17 26 38 26 39 45 9 22 30 22 9 20 41 
20 42 13 43 13 
19 37 19 23 37 23 7 23 28 12 40 12 5 33 32 27 32 26 32 33 29 21 29 35 29 33 5 15 5 12 24 4 11 4 9 2 43 
==============================

