=========== Input ===========
File name:                ./instances/created-instances/mm-10-40-1762875.cdop
Total node count:         51
Truck node count:         10
Drone node count:         40
=============================

========== Settings ==========
Settings file:        ./settings/Memetic_MMX_1881515.config
Seed:                 1881515
Reduction method:     -
Max iter:             1024000
Population size:      13
Crossover:            MA-MMX
Local Search:         LS
Warm Start:           Mario_WS
==============================

====== Algorithm Status ======
Valor:                6094
Time:                 254
nIter:                15
Best Iter:            15
Improvement Count:    14
==============================
Solution tour: 
0 6 41 27 46 6 27 46 6 21 37 15 37 
3 37 16 24 31 8 31 40 31 24 16 44 36 28 15 31 45 30 45 31 44 43 14 43 42 9 34 35 22 33 8 21 
4 46 27 
9 27 
6 46 5 13 47 48 47 12 19 30 8 30 32 33 25 11 26 11 18 42 6 
==============================

====== Algorithm Status ======
Valor:                6385
Time:                 500
nIter:                29
Best Iter:            29
Improvement Count:    28
==============================
Solution tour: 
0 6 42 35 16 35 5 13 10 32 19 32 10 13 
5 39 47 13 42 18 15 37 15 31 8 30 8 40 3 37 24 16 24 8 33 32 12 8 24 37 8 31 40 31 24 31 45 30 45 31 44 23 14 43 42 9 17 29 21 
4 46 27 
9 27 
6 46 41 48 47 1 12 32 33 11 26 28 36 44 6 
==============================

====== Algorithm Status ======
Valor:                6611
Time:                 1013
nIter:                59
Best Iter:            59
Improvement Count:    58
==============================
Solution tour: 
0 6 42 35 16 35 5 13 10 32 19 32 10 13 
5 39 48 47 13 42 18 24 15 37 15 31 8 30 8 40 3 37 24 16 24 8 33 32 12 8 24 37 8 31 40 31 24 31 45 30 45 31 15 24 44 36 23 43 14 43 17 29 21 
4 46 27 
9 27 46 
6 46 41 27 12 32 33 8 37 11 26 28 6 
==============================

====== Algorithm Status ======
Valor:                6753
Time:                 2031
nIter:                123
Best Iter:            123
Improvement Count:    122
==============================
Solution tour: 
0 6 42 35 16 35 5 13 10 32 12 19 32 10 13 
5 39 48 47 13 9 42 18 37 15 37 15 31 8 30 8 40 3 37 24 16 24 8 37 31 8 31 40 31 24 31 45 30 45 37 28 23 43 42 43 14 43 36 44 17 29 21 
4 46 27 
9 27 6 46 
6 27 12 32 33 8 24 26 11 18 42 6 
==============================

====== Algorithm Status ======
Valor:                6915
Time:                 4013
nIter:                244
Best Iter:            244
Improvement Count:    243
==============================
Solution tour: 
0 6 42 35 5 13 10 32 12 19 32 10 13 
5 39 50 48 47 13 27 9 42 18 37 3 31 15 37 15 31 8 30 40 3 37 24 16 24 8 31 40 31 24 31 45 30 45 37 28 36 43 42 43 14 43 36 44 29 17 29 21 
4 46 6 46 27 41 27 
9 27 12 32 33 25 33 22 33 30 8 24 26 11 18 42 6 
==============================

====== Algorithm Status ======
Valor:                6984
Time:                 8000
nIter:                475
Best Iter:            475
Improvement Count:    474
==============================
Solution tour: 
0 6 42 35 17 29 5 13 10 32 12 19 10 13 
5 39 47 48 47 13 9 27 6 46 27 21 15 31 8 30 40 3 37 15 24 16 24 8 31 40 31 24 31 45 30 45 31 15 37 28 36 28 36 43 42 43 14 43 36 44 42 
4 46 6 27 9 32 33 25 33 22 33 32 30 8 24 26 11 18 42 6 
==============================

====== Algorithm Status ======
Valor:                7204
Time:                 16000
nIter:                945
Best Iter:            945
Improvement Count:    944
==============================
Solution tour: 
0 6 42 35 32 12 38 49 38 34 19 12 32 10 13 
5 39 47 48 47 13 9 27 6 46 27 21 24 15 31 8 30 40 3 37 15 24 16 24 8 31 40 31 24 31 45 30 45 31 15 37 28 44 36 43 14 43 36 44 29 17 35 42 
4 46 6 27 9 32 33 25 33 22 33 32 30 8 24 26 11 18 42 6 
==============================

====== Algorithm Status ======
Valor:                7204
Time:                 32003
nIter:                1854
Best Iter:            1854
Improvement Count:    1853
==============================
Solution tour: 
0 6 42 35 32 12 38 49 38 34 19 12 32 10 13 
5 39 47 48 47 13 9 27 21 24 15 31 8 30 40 3 37 15 24 16 24 8 31 40 31 24 31 45 30 45 31 15 37 28 44 36 43 14 43 36 44 29 17 35 42 
4 46 27 6 46 6 27 9 32 33 25 33 22 33 32 30 8 24 26 11 18 42 6 
==============================

====== Algorithm Status ======
Valor:                7384
Time:                 64006
nIter:                3724
Best Iter:            3724
Improvement Count:    3723
==============================
Solution tour: 
0 6 42 35 33 32 12 38 49 38 34 19 12 32 10 13 
5 39 47 48 47 39 5 13 41 27 21 16 24 16 37 15 37 3 40 3 37 15 31 8 31 40 31 24 31 45 30 45 31 15 28 36 43 14 43 36 44 17 29 35 42 
4 46 6 46 9 27 9 32 33 25 33 22 33 8 30 8 24 26 11 18 42 6 
==============================

====== Algorithm Status ======
Valor:                7516
Time:                 128038
nIter:                7435
Best Iter:            7435
Improvement Count:    7434
==============================
Solution tour: 
0 6 27 12 38 49 38 34 19 32 12 32 10 13 
5 39 47 48 47 39 5 13 41 27 21 16 24 16 15 37 3 40 3 37 15 31 8 31 40 31 24 31 45 30 45 31 15 28 36 43 14 43 36 44 18 17 29 17 35 42 
4 46 27 6 46 9 27 9 32 33 25 33 22 33 8 30 8 24 26 11 18 42 6 
==============================

====== Algorithm Status ======
Valor:                7516
Time:                 256004
nIter:                15090
Best Iter:            15090
Improvement Count:    15089
==============================
Solution tour: 
0 6 27 12 38 49 38 34 19 32 12 32 10 13 
5 39 47 48 47 39 5 13 41 27 21 16 24 16 15 37 3 40 3 37 15 31 8 31 40 31 24 31 45 30 45 31 15 28 36 43 14 43 36 44 18 17 29 17 35 42 
4 46 27 6 46 9 27 9 32 33 25 33 22 33 8 30 8 24 26 11 18 42 6 
==============================

====== Algorithm Status ======
Valor:                7581
Time:                 512000
nIter:                30689
Best Iter:            30689
Improvement Count:    30688
==============================
Solution tour: 
0 6 27 12 38 49 38 34 19 32 12 32 10 13 
5 39 47 48 47 39 5 13 41 27 21 29 17 35 16 24 16 24 8 45 30 45 15 37 3 40 3 37 15 31 8 31 40 31 24 31 15 28 36 44 36 43 14 43 42 
4 46 27 6 46 9 27 9 32 33 25 33 22 33 8 30 8 24 26 11 18 42 6 
==============================

====== Algorithm Status ======
Valor:                7581
Time:                 1024007
nIter:                61822
Best Iter:            61822
Improvement Count:    61823
==============================
Solution tour: 
0 6 27 12 38 49 38 34 19 32 12 32 10 13 
5 39 47 48 47 39 5 13 41 27 21 29 17 35 16 24 16 24 8 45 30 45 15 37 3 40 3 37 15 31 8 31 40 31 24 31 15 28 36 44 36 43 14 43 42 
4 46 27 6 46 9 27 9 32 33 25 33 22 33 8 30 8 24 26 11 18 42 6 
==============================

====== Algorithm Status ======
Valor:                7581
Time:                 1024007
nIter:                61822
Best Iter:            61822
Improvement Count:    61823
==============================
Solution tour: 
0 6 27 12 38 49 38 34 19 32 12 32 10 13 
5 39 47 48 47 39 5 13 41 27 21 29 17 35 16 24 16 24 8 45 30 45 15 37 3 40 3 37 15 31 8 31 40 31 24 31 15 28 36 44 36 43 14 43 42 
4 46 27 6 46 9 27 9 32 33 25 33 22 33 8 30 8 24 26 11 18 42 6 
==============================

