=========== Input ===========
File name:                ./instances/created-instances/mm-20-25-1762875.cdop
Total node count:         46
Truck node count:         20
Drone node count:         25
=============================

========== Settings ==========
Settings file:        ./settings/Memetic-LS_MPX_1099666.config
Seed:                 1099666
Reduction method:     -
Max iter:             1024000
Population size:      13
Crossover:            MA-MPX
Local Search:         -
Warm Start:           Mario_WS
==============================

====== Algorithm Status ======
Valor:                2119
Time:                 250
nIter:                317
Best Iter:            317
Improvement Count:    316
==============================
Solution tour: 
0 
16 
5 
14 
2 
17 38 32 
1 36 
10 37 
12 
8 
3 
11 
18 
15 
13 6 
19 30 
9 22 
4 27 
7 
6 28 
==============================

====== Algorithm Status ======
Valor:                2119
Time:                 501
nIter:                615
Best Iter:            615
Improvement Count:    614
==============================
Solution tour: 
0 
16 
5 
14 
2 
17 38 32 
1 36 
10 37 
12 
8 
3 
11 
18 
15 
13 6 
19 30 
9 22 
4 27 
7 
6 28 
==============================

====== Algorithm Status ======
Valor:                2119
Time:                 1000
nIter:                1242
Best Iter:            1242
Improvement Count:    1241
==============================
Solution tour: 
0 
16 
5 
14 
2 
17 38 32 
1 36 
10 37 
12 
8 
3 
11 
18 
15 
13 6 
19 30 
9 22 
4 27 
7 
6 28 
==============================

====== Algorithm Status ======
Valor:                2119
Time:                 2000
nIter:                2535
Best Iter:            2535
Improvement Count:    2534
==============================
Solution tour: 
0 
16 
5 
14 
2 
17 38 32 
1 36 
10 37 
12 
8 
3 
11 
18 
15 
13 6 
19 30 
9 22 
4 27 
7 
6 28 
==============================

====== Algorithm Status ======
Valor:                2119
Time:                 4000
nIter:                5018
Best Iter:            5018
Improvement Count:    5017
==============================
Solution tour: 
0 
16 
5 
14 
2 
17 38 32 
1 36 
10 37 
12 
8 
3 
11 
18 
15 
13 6 
19 30 
9 22 
4 27 
7 
6 28 
==============================

====== Algorithm Status ======
Valor:                2119
Time:                 8000
nIter:                10031
Best Iter:            10031
Improvement Count:    10030
==============================
Solution tour: 
0 
16 
5 
14 
2 
17 38 32 
1 36 
10 37 
12 
8 
3 
11 
18 
15 
13 6 
19 30 
9 22 
4 27 
7 
6 28 
==============================

====== Algorithm Status ======
Valor:                2119
Time:                 16000
nIter:                20212
Best Iter:            20212
Improvement Count:    20211
==============================
Solution tour: 
0 
16 
5 
14 
2 
17 38 32 
1 36 
10 37 
12 
8 
3 
11 
18 
15 
13 6 
19 30 
9 22 
4 27 
7 
6 28 
==============================

====== Algorithm Status ======
Valor:                2119
Time:                 32000
nIter:                40215
Best Iter:            40215
Improvement Count:    40214
==============================
Solution tour: 
0 
16 
5 
14 
2 
17 38 32 
1 36 
10 37 
12 
8 
3 
11 
18 
15 
13 6 
19 30 
9 22 
4 27 
7 
6 28 
==============================

====== Algorithm Status ======
Valor:                2119
Time:                 64000
nIter:                80688
Best Iter:            80688
Improvement Count:    80687
==============================
Solution tour: 
0 
16 
5 
14 
2 
17 38 32 
1 36 
10 37 
12 
8 
3 
11 
18 
15 
13 6 
19 30 
9 22 
4 27 
7 
6 28 
==============================

====== Algorithm Status ======
Valor:                2220
Time:                 128000
nIter:                161837
Best Iter:            161837
Improvement Count:    161836
==============================
Solution tour: 
0 
5 
6 28 
14 
2 
17 38 32 
1 36 25 37 
10 37 
12 
8 
3 
11 
18 
15 
13 6 
19 30 
9 22 
4 27 
==============================

====== Algorithm Status ======
Valor:                2356
Time:                 256000
nIter:                323090
Best Iter:            323090
Improvement Count:    323089
==============================
Solution tour: 
0 
10 37 
12 
8 
3 
13 6 28 
14 
5 
2 
9 22 
4 27 
17 38 32 
1 36 25 37 
19 30 
20 
==============================

====== Algorithm Status ======
Valor:                2356
Time:                 512001
nIter:                648354
Best Iter:            648354
Improvement Count:    648353
==============================
Solution tour: 
0 
10 37 
12 
8 
3 
13 6 28 
14 
5 
2 
9 22 
4 27 
17 38 32 
1 36 25 37 
19 30 
20 
==============================

====== Algorithm Status ======
Valor:                2536
Time:                 1024004
nIter:                1296625
Best Iter:            1296625
Improvement Count:    1296626
==============================
Solution tour: 
0 
5 
2 
9 19 22 
4 27 
7 32 
19 30 
11 
8 
12 
6 
13 6 28 
17 38 32 
18 
1 36 25 37 
20 22 
==============================

====== Algorithm Status ======
Valor:                2536
Time:                 1024004
nIter:                1296625
Best Iter:            1296625
Improvement Count:    1296626
==============================
Solution tour: 
0 
5 
2 
9 19 22 
4 27 
7 32 
19 30 
11 
8 
12 
6 
13 6 28 
17 38 32 
18 
1 36 25 37 
20 22 
==============================

