=========== Input ===========
File name:                ./instances/created-instances/mm-15-40-1891798.cdop
Total node count:         56
Truck node count:         15
Drone node count:         40
=============================

========== Settings ==========
Settings file:        ./settings/Memetic-LS_MPX_1881515.config
Seed:                 1881515
Reduction method:     -
Max iter:             1024000
Population size:      13
Crossover:            MA-MPX
Local Search:         -
Warm Start:           Mario_WS
==============================

====== Algorithm Status ======
Valor:                4560
Time:                 250
nIter:                159
Best Iter:            159
Improvement Count:    158
==============================
Solution tour: 
0 
7 33 35 10 41 21 41 55 40 42 
8 
12 
14 
5 39 54 27 15 52 20 29 24 
6 24 28 26 37 26 
11 45 
3 25 
1 45 53 17 34 
4 47 
9 
2 44 24 38 39 24 46 49 
10 43 29 51 
13 50 13 
==============================

====== Algorithm Status ======
Valor:                4560
Time:                 500
nIter:                321
Best Iter:            321
Improvement Count:    320
==============================
Solution tour: 
0 
7 33 35 10 41 21 41 55 40 42 
8 
12 
14 
5 39 54 27 15 52 20 29 24 
6 24 28 26 37 26 
11 45 
3 25 
1 45 53 17 34 
4 47 
9 
2 44 24 38 39 24 46 49 
10 43 29 51 
13 50 13 
==============================

====== Algorithm Status ======
Valor:                4560
Time:                 1000
nIter:                635
Best Iter:            635
Improvement Count:    634
==============================
Solution tour: 
0 
7 33 35 10 41 21 41 55 40 42 
8 
12 
14 
5 39 54 27 15 52 20 29 24 
6 24 28 26 37 26 
11 45 
3 25 
1 45 53 17 34 
4 47 
9 
2 44 24 38 39 24 46 49 
10 43 29 51 
13 50 13 
==============================

====== Algorithm Status ======
Valor:                4560
Time:                 2000
nIter:                1299
Best Iter:            1299
Improvement Count:    1298
==============================
Solution tour: 
0 
7 33 35 10 41 21 41 55 40 42 
8 
12 
14 
5 39 54 27 15 52 20 29 24 
6 24 28 26 37 26 
11 45 
3 25 
1 45 53 17 34 
4 47 
9 
2 44 24 38 39 24 46 49 
10 43 29 51 
13 50 13 
==============================

====== Algorithm Status ======
Valor:                4560
Time:                 4000
nIter:                2607
Best Iter:            2607
Improvement Count:    2606
==============================
Solution tour: 
0 
7 33 35 10 41 21 41 55 40 42 
8 
12 
14 
5 39 54 27 15 52 20 29 24 
6 24 28 26 37 26 
11 45 
3 25 
1 45 53 17 34 
4 47 
9 
2 44 24 38 39 24 46 49 
10 43 29 51 
13 50 13 
==============================

====== Algorithm Status ======
Valor:                4560
Time:                 8000
nIter:                5190
Best Iter:            5190
Improvement Count:    5189
==============================
Solution tour: 
0 
7 33 35 10 41 21 41 55 40 42 
8 
12 
14 
5 39 54 27 15 52 20 29 24 
6 24 28 26 37 26 
11 45 
3 25 
1 45 53 17 34 
4 47 
9 
2 44 24 38 39 24 46 49 
10 43 29 51 
13 50 13 
==============================

====== Algorithm Status ======
Valor:                4560
Time:                 16000
nIter:                10558
Best Iter:            10558
Improvement Count:    10557
==============================
Solution tour: 
0 
7 33 35 10 41 21 41 55 40 42 
8 
12 
14 
5 39 54 27 15 52 20 29 24 
6 24 28 26 37 26 
11 45 
3 25 
1 45 53 17 34 
4 47 
9 
2 44 24 38 39 24 46 49 
10 43 29 51 
13 50 13 
==============================

====== Algorithm Status ======
Valor:                4560
Time:                 32000
nIter:                21114
Best Iter:            21114
Improvement Count:    21113
==============================
Solution tour: 
0 
7 33 35 10 41 21 41 55 40 42 
8 
12 
14 
5 39 54 27 15 52 20 29 24 
6 24 28 26 37 26 
11 45 
3 25 
1 45 53 17 34 
4 47 
9 
2 44 24 38 39 24 46 49 
10 43 29 51 
13 50 13 
==============================

====== Algorithm Status ======
Valor:                4560
Time:                 64008
nIter:                42405
Best Iter:            42405
Improvement Count:    42404
==============================
Solution tour: 
0 
7 33 35 10 41 21 41 55 40 42 
8 
12 
14 
5 39 54 27 15 52 20 29 24 
6 24 28 26 37 26 
11 45 
3 25 
1 45 53 17 34 
4 47 
9 
2 44 24 38 39 24 46 49 
10 43 29 51 
13 50 13 
==============================

====== Algorithm Status ======
Valor:                4560
Time:                 128000
nIter:                85727
Best Iter:            85727
Improvement Count:    85726
==============================
Solution tour: 
0 
7 33 35 10 41 21 41 55 40 42 
8 
12 
14 
5 39 54 27 15 52 20 29 24 
6 24 28 26 37 26 
11 45 
3 25 
1 45 53 17 34 
4 47 
9 
2 44 24 38 39 24 46 49 
10 43 29 51 
13 50 13 
==============================

====== Algorithm Status ======
Valor:                4560
Time:                 256000
nIter:                171844
Best Iter:            171844
Improvement Count:    171843
==============================
Solution tour: 
0 
7 33 35 10 41 21 41 55 40 42 
8 
12 
14 
5 39 54 27 15 52 20 29 24 
6 24 28 26 37 26 
11 45 
3 25 
1 45 53 17 34 
4 47 
9 
2 44 24 38 39 24 46 49 
10 43 29 51 
13 50 13 
==============================

====== Algorithm Status ======
Valor:                4560
Time:                 512001
nIter:                343605
Best Iter:            343605
Improvement Count:    343604
==============================
Solution tour: 
0 
7 33 35 10 41 21 41 55 40 42 
8 
12 
14 
5 39 54 27 15 52 20 29 24 
6 24 28 26 37 26 
11 45 
3 25 
1 45 53 17 34 
4 47 
9 
2 44 24 38 39 24 46 49 
10 43 29 51 
13 50 13 
==============================

====== Algorithm Status ======
Valor:                4560
Time:                 1024001
nIter:                686138
Best Iter:            686138
Improvement Count:    686139
==============================
Solution tour: 
0 
7 33 35 10 41 21 41 55 40 42 
8 
12 
14 
5 39 54 27 15 52 20 29 24 
6 24 28 26 37 26 
11 45 
3 25 
1 45 53 17 34 
4 47 
9 
2 44 24 38 39 24 46 49 
10 43 29 51 
13 50 13 
==============================

====== Algorithm Status ======
Valor:                4560
Time:                 1024001
nIter:                686138
Best Iter:            686138
Improvement Count:    686139
==============================
Solution tour: 
0 
7 33 35 10 41 21 41 55 40 42 
8 
12 
14 
5 39 54 27 15 52 20 29 24 
6 24 28 26 37 26 
11 45 
3 25 
1 45 53 17 34 
4 47 
9 
2 44 24 38 39 24 46 49 
10 43 29 51 
13 50 13 
==============================

