=========== Input ===========
File name:                ./instances/created-instances/mm-15-10-1762875.cdop
Total node count:         26
Truck node count:         15
Drone node count:         10
=============================

========== Settings ==========
Settings file:        ./settings/Memetic-LS_MMX_1099666.config
Seed:                 1099666
Reduction method:     -
Max iter:             1024000
Population size:      13
Crossover:            MA-MMX
Local Search:         -
Warm Start:           Mario_WS
==============================

====== Algorithm Status ======
Valor:                2770
Time:                 250
nIter:                665
Best Iter:            665
Improvement Count:    664
==============================
Solution tour: 
0 
5 
14 24 22 8 19 9 13 5 
2 10 17 21 
1 21 17 
10 19 23 19 8 
12 
3 17 
11 17 18 20 17 
8 5 
13 
9 
4 21 10 19 25 19 16 
7 
6 5 
==============================

====== Algorithm Status ======
Valor:                2770
Time:                 500
nIter:                1341
Best Iter:            1341
Improvement Count:    1340
==============================
Solution tour: 
0 
5 
14 24 22 8 19 9 13 5 
2 10 17 21 
1 21 17 
10 19 23 19 8 
12 
3 17 
11 17 18 20 17 
8 5 
13 
9 
4 21 10 19 25 19 16 
7 
6 5 
==============================

====== Algorithm Status ======
Valor:                2770
Time:                 1000
nIter:                2741
Best Iter:            2741
Improvement Count:    2740
==============================
Solution tour: 
0 
5 
14 24 22 8 19 9 13 5 
2 10 17 21 
1 21 17 
10 19 23 19 8 
12 
3 17 
11 17 18 20 17 
8 5 
13 
9 
4 21 10 19 25 19 16 
7 
6 5 
==============================

====== Algorithm Status ======
Valor:                2934
Time:                 2000
nIter:                5741
Best Iter:            5741
Improvement Count:    5740
==============================
Solution tour: 
0 
5 
14 24 8 22 8 19 9 19 9 13 5 10 17 21 
1 21 17 
10 19 23 19 17 
11 17 18 20 17 20 5 
13 
9 25 19 25 16 
7 
6 5 
==============================

====== Algorithm Status ======
Valor:                3084
Time:                 4000
nIter:                11526
Best Iter:            11526
Improvement Count:    11525
==============================
Solution tour: 
0 
5 19 9 8 21 8 9 19 9 13 5 10 17 21 
1 21 17 
10 23 19 23 19 17 
11 17 18 20 17 20 5 
13 
9 25 19 25 16 
7 
6 5 
==============================

====== Algorithm Status ======
Valor:                3213
Time:                 8000
nIter:                23653
Best Iter:            23653
Improvement Count:    23652
==============================
Solution tour: 
0 
5 8 19 9 
8 9 19 9 13 5 16 10 17 21 
1 21 17 
10 23 19 25 19 23 19 17 
11 17 20 18 20 17 5 
13 
9 23 19 20 5 
6 5 
==============================

====== Algorithm Status ======
Valor:                3251
Time:                 16000
nIter:                47204
Best Iter:            47204
Improvement Count:    47203
==============================
Solution tour: 
0 
5 8 19 9 
8 9 19 9 13 5 16 10 17 1 21 10 21 
1 17 
10 23 19 25 19 23 19 17 
11 17 20 18 20 17 5 
13 
9 23 19 5 
6 5 
==============================

====== Algorithm Status ======
Valor:                3328
Time:                 32000
nIter:                91004
Best Iter:            91004
Improvement Count:    91003
==============================
Solution tour: 
0 
5 20 8 19 9 
8 9 19 9 13 5 16 5 17 1 21 10 21 
1 17 
10 23 19 25 19 23 21 17 
11 17 20 18 20 17 5 
13 
9 5 
6 5 
==============================

====== Algorithm Status ======
Valor:                3347
Time:                 64000
nIter:                174437
Best Iter:            174437
Improvement Count:    174436
==============================
Solution tour: 
0 
5 20 8 19 9 
8 9 19 9 13 5 16 5 10 17 1 21 10 21 
1 17 
10 23 19 25 19 23 21 17 
11 17 20 18 20 17 8 5 
13 
9 5 
6 5 
==============================

====== Algorithm Status ======
Valor:                3391
Time:                 128000
nIter:                339537
Best Iter:            339537
Improvement Count:    339536
==============================
Solution tour: 
0 
5 8 20 8 19 
8 9 19 9 13 5 16 5 10 17 1 21 10 21 
1 17 
10 23 19 25 19 23 21 17 
11 17 20 18 20 17 8 5 
13 
9 5 
6 5 
==============================

====== Algorithm Status ======
Valor:                3391
Time:                 256000
nIter:                671868
Best Iter:            671868
Improvement Count:    671867
==============================
Solution tour: 
0 
5 8 20 8 19 
8 9 19 9 13 5 16 5 10 17 1 21 10 21 
1 17 
10 23 19 25 19 23 21 17 
11 17 20 18 20 17 8 5 
13 
9 5 
6 5 
==============================

====== Algorithm Status ======
Valor:                3391
Time:                 512000
nIter:                1333694
Best Iter:            1333694
Improvement Count:    1333693
==============================
Solution tour: 
0 
5 8 20 8 19 
8 9 19 9 13 5 16 5 10 17 1 21 10 21 
1 17 
10 23 19 25 19 23 21 17 
11 17 20 18 20 17 8 5 
13 
9 5 
6 5 
==============================

====== Algorithm Status ======
Valor:                3430
Time:                 1024001
nIter:                2714607
Best Iter:            2714607
Improvement Count:    2714608
==============================
Solution tour: 
0 
5 8 20 8 19 
8 9 19 9 13 5 16 5 10 17 1 21 
1 17 
10 23 19 25 19 23 10 21 17 
11 17 20 18 20 17 8 5 
13 
9 5 
6 5 
==============================

====== Algorithm Status ======
Valor:                3430
Time:                 1024001
nIter:                2714607
Best Iter:            2714607
Improvement Count:    2714608
==============================
Solution tour: 
0 
5 8 20 8 19 
8 9 19 9 13 5 16 5 10 17 1 21 
1 17 
10 23 19 25 19 23 10 21 17 
11 17 20 18 20 17 8 5 
13 
9 5 
6 5 
==============================

