=========== Input ===========
File name:                ./instances/created-instances/mm-25-25-1891798.cdop
Total node count:         51
Truck node count:         25
Drone node count:         25
=============================

========== Settings ==========
Settings file:        ./settings/Memetic-LS_MMX_1099666.config
Seed:                 1099666
Reduction method:     -
Max iter:             1024000
Population size:      13
Crossover:            MA-MMX
Local Search:         -
Warm Start:           Mario_WS
==============================

====== Algorithm Status ======
Valor:                2291
Time:                 250
nIter:                334
Best Iter:            334
Improvement Count:    333
==============================
Solution tour: 
0 
7 27 
19 
8 
14 
24 30 
17 40 
11 48 
3 
18 46 
1 
4 47 
9 
22 42 28 42 28 
2 
23 
13 33 
==============================

====== Algorithm Status ======
Valor:                2387
Time:                 503
nIter:                645
Best Iter:            645
Improvement Count:    644
==============================
Solution tour: 
0 
7 27 
19 
8 
14 
24 30 
17 40 
11 48 
3 
18 46 
1 
4 47 
9 42 28 42 
20 31 35 
2 
23 
13 33 
==============================

====== Algorithm Status ======
Valor:                2465
Time:                 1000
nIter:                1274
Best Iter:            1274
Improvement Count:    1273
==============================
Solution tour: 
0 
7 27 
19 
24 30 29 
17 40 
11 48 
3 
18 46 
1 
4 47 
9 42 28 42 
20 31 35 
2 
23 
13 33 
==============================

====== Algorithm Status ======
Valor:                2479
Time:                 2000
nIter:                2546
Best Iter:            2546
Improvement Count:    2545
==============================
Solution tour: 
0 
7 27 
19 
24 30 29 
17 40 
11 48 
3 
18 46 
1 
4 47 
9 42 28 42 
20 42 31 35 
2 
23 
13 33 
==============================

====== Algorithm Status ======
Valor:                2617
Time:                 4003
nIter:                5203
Best Iter:            5203
Improvement Count:    5202
==============================
Solution tour: 
0 20 
7 27 47 27 
19 
24 
5 30 29 
17 40 
11 48 
3 
18 46 
1 
9 47 
4 28 42 28 
2 
23 
13 33 
==============================

====== Algorithm Status ======
Valor:                3020
Time:                 8000
nIter:                10216
Best Iter:            10216
Improvement Count:    10215
==============================
Solution tour: 
0 20 
7 4 27 43 27 
11 
24 
5 30 29 
17 40 48 
3 
18 46 
1 47 
9 47 
4 28 42 
15 42 28 
2 
23 
13 33 
==============================

====== Algorithm Status ======
Valor:                3229
Time:                 16000
nIter:                20348
Best Iter:            20348
Improvement Count:    20347
==============================
Solution tour: 
0 20 38 
7 27 4 27 43 27 48 
3 
18 46 
1 
11 
24 
5 30 29 
17 40 47 
9 47 
4 28 42 
15 42 28 27 
2 
23 
13 33 
==============================

====== Algorithm Status ======
Valor:                3649
Time:                 32000
nIter:                40059
Best Iter:            40059
Improvement Count:    40058
==============================
Solution tour: 
0 45 20 38 26 
16 27 4 27 26 43 4 48 
3 
18 
1 46 27 
11 27 
24 
5 37 30 29 
17 40 47 
9 47 
4 28 42 
15 42 28 
2 
23 
13 33 
==============================

====== Algorithm Status ======
Valor:                3933
Time:                 64000
nIter:                79301
Best Iter:            79301
Improvement Count:    79300
==============================
Solution tour: 
0 45 38 20 38 45 20 26 
16 27 4 27 43 4 48 
3 
18 
1 46 20 
24 
5 37 30 29 
17 40 47 4 47 
9 47 
4 28 42 
15 42 28 4 
2 
23 13 49 
13 33 
==============================

====== Algorithm Status ======
Valor:                4567
Time:                 128000
nIter:                155414
Best Iter:            155414
Improvement Count:    155413
==============================
Solution tour: 
0 45 38 20 38 45 20 45 
22 27 
11 27 4 27 4 48 4 
1 46 37 
5 37 35 37 35 30 29 40 
17 40 47 
9 47 4 47 
4 28 42 
15 42 28 4 45 0 33 45 33 13 33 
==============================

====== Algorithm Status ======
Valor:                4812
Time:                 256000
nIter:                301645
Best Iter:            301645
Improvement Count:    301644
==============================
Solution tour: 
0 45 38 20 38 45 20 45 
22 27 
11 27 4 27 4 48 11 
1 46 37 
5 37 35 37 35 
24 30 
17 40 29 40 31 47 
9 47 27 47 
4 28 42 
15 42 28 4 45 0 33 27 33 49 33 26 
==============================

====== Algorithm Status ======
Valor:                5177
Time:                 512000
nIter:                577300
Best Iter:            577300
Improvement Count:    577299
==============================
Solution tour: 
0 45 38 20 38 45 36 45 20 45 
22 27 
11 47 4 47 11 27 4 27 48 11 48 
1 46 37 
5 37 35 37 42 
24 30 31 40 29 40 31 47 
9 47 
4 28 42 
15 42 28 4 45 0 33 45 33 27 33 49 26 
==============================

====== Algorithm Status ======
Valor:                5244
Time:                 1024001
nIter:                1094657
Best Iter:            1094657
Improvement Count:    1094658
==============================
Solution tour: 
0 45 38 49 44 38 45 36 45 20 45 
22 27 
11 4 47 11 47 11 4 11 27 4 27 48 11 48 
1 46 37 
5 37 35 37 
24 30 31 40 29 40 31 47 
9 47 
4 28 42 
15 42 28 4 45 0 33 5 41 5 33 27 33 49 26 
==============================

====== Algorithm Status ======
Valor:                5244
Time:                 1024001
nIter:                1094657
Best Iter:            1094657
Improvement Count:    1094658
==============================
Solution tour: 
0 45 38 49 44 38 45 36 45 20 45 
22 27 
11 4 47 11 47 11 4 11 27 4 27 48 11 48 
1 46 37 
5 37 35 37 
24 30 31 40 29 40 31 47 
9 47 
4 28 42 
15 42 28 4 45 0 33 5 41 5 33 27 33 49 26 
==============================

