=========== Input ===========
File name:                ./instances/created-instances/mm-25-25-1767920.cdop
Total node count:         51
Truck node count:         25
Drone node count:         25
=============================

========== Settings ==========
Settings file:        ./settings/Memetic_MMX_1287823.config
Seed:                 1287823
Reduction method:     -
Max iter:             1024000
Population size:      13
Crossover:            MA-MMX
Local Search:         LS
Warm Start:           Mario_WS
==============================

====== Algorithm Status ======
Valor:                5708
Time:                 261
nIter:                14
Best Iter:            14
Improvement Count:    13
==============================
Solution tour: 
0 13 20 13 46 27 8 11 47 4 47 20 44 17 44 20 47 4 34 48 39 31 32 50 11 8 27 46 29 17 33 37 22 1 36 3 36 1 8 38 8 27 11 30 23 36 49 42 8 11 26 
11 27 24 14 41 14 24 44 35 42 35 33 17 8 47 8 46 28 5 30 11 44 24 27 11 50 46 13 
==============================

====== Algorithm Status ======
Valor:                5904
Time:                 515
nIter:                27
Best Iter:            27
Improvement Count:    26
==============================
Solution tour: 
0 13 20 44 13 8 46 27 8 11 50 47 4 47 20 44 17 44 20 47 4 34 48 39 48 34 19 31 32 50 11 8 27 11 29 41 14 41 17 33 37 22 49 36 3 36 1 8 38 11 30 
11 27 46 24 44 35 33 17 8 47 8 46 8 13 46 
20 13 44 24 46 8 46 13 38 16 9 16 3 12 31 11 26 6 22 1 
3 22 37 33 13 
==============================

====== Algorithm Status ======
Valor:                6041
Time:                 1014
nIter:                56
Best Iter:            56
Improvement Count:    55
==============================
Solution tour: 
0 13 20 44 13 8 27 46 27 11 17 20 47 4 34 48 40 39 45 39 48 34 19 31 32 50 11 8 27 30 27 11 46 29 41 14 41 17 33 37 22 49 36 3 36 1 8 38 8 11 30 
11 27 46 24 44 35 33 17 8 47 8 46 8 46 13 46 
20 13 44 24 46 44 22 27 8 17 29 17 44 17 42 35 42 17 41 11 12 6 12 13 
==============================

====== Algorithm Status ======
Valor:                6059
Time:                 2008
nIter:                113
Best Iter:            113
Improvement Count:    112
==============================
Solution tour: 
0 13 20 44 13 46 8 27 46 27 11 20 47 4 34 48 40 39 45 39 48 34 19 31 32 50 11 8 27 7 30 11 27 11 46 29 41 14 41 17 33 37 22 49 36 3 36 1 8 38 8 11 30 26 
11 27 46 24 44 35 33 17 8 47 8 46 8 44 24 46 13 44 22 27 8 17 29 17 44 17 42 35 42 17 41 11 12 6 12 13 
==============================

====== Algorithm Status ======
Valor:                6386
Time:                 4002
nIter:                256
Best Iter:            256
Improvement Count:    255
==============================
Solution tour: 
0 13 46 27 11 50 47 4 45 39 45 34 48 34 19 31 32 50 11 8 27 7 30 11 27 11 46 29 41 14 41 17 33 37 22 49 1 49 36 3 36 1 8 38 11 30 7 18 26 18 4 47 
11 27 46 24 44 35 33 17 8 47 8 46 8 13 20 13 44 24 46 13 44 22 27 8 17 29 17 44 17 42 35 42 8 11 12 6 12 13 
==============================

====== Algorithm Status ======
Valor:                6470
Time:                 8005
nIter:                529
Best Iter:            529
Improvement Count:    528
==============================
Solution tour: 
0 13 46 27 11 50 47 4 45 39 45 34 19 48 34 48 19 31 32 50 11 8 7 30 11 27 11 46 29 41 14 41 17 33 37 22 49 1 49 1 36 3 36 1 8 38 11 30 7 18 26 18 47 
11 27 46 24 44 35 33 17 8 47 8 27 8 13 20 13 44 24 46 13 44 22 27 8 17 44 17 41 42 35 42 38 8 11 12 6 12 13 
==============================

====== Algorithm Status ======
Valor:                6470
Time:                 16004
nIter:                1040
Best Iter:            1040
Improvement Count:    1039
==============================
Solution tour: 
0 13 46 27 11 50 47 4 45 39 45 34 19 48 34 48 19 31 32 50 11 8 7 30 11 27 11 46 29 41 14 41 17 33 37 22 49 1 49 1 36 3 36 1 8 38 11 30 7 18 26 18 47 
11 27 46 24 44 35 33 17 8 47 8 27 8 13 20 13 44 24 46 13 44 22 27 8 17 44 17 41 42 35 42 38 8 11 12 6 12 13 
==============================

====== Algorithm Status ======
Valor:                6518
Time:                 32009
nIter:                2075
Best Iter:            2075
Improvement Count:    2074
==============================
Solution tour: 
0 13 46 27 11 50 47 4 45 39 45 4 34 19 48 34 48 19 31 32 7 30 11 8 27 11 46 29 41 14 41 17 33 37 22 49 1 49 1 36 3 36 1 8 38 11 30 7 18 26 18 47 50 
11 27 46 24 44 35 33 17 8 47 8 20 13 20 44 24 46 13 44 22 27 8 17 44 17 41 42 35 42 38 8 11 12 6 12 20 44 13 
==============================

====== Algorithm Status ======
Valor:                6685
Time:                 64008
nIter:                4204
Best Iter:            4204
Improvement Count:    4203
==============================
Solution tour: 
0 13 46 27 11 50 47 4 45 39 45 19 48 34 48 19 31 32 7 30 11 8 27 8 46 29 17 41 14 41 17 33 37 22 9 16 9 16 6 26 18 47 50 24 50 
11 27 46 24 44 35 33 17 8 47 8 38 13 20 44 20 44 24 46 13 44 22 1 36 3 36 1 49 22 27 8 17 44 17 42 35 44 13 38 8 11 30 7 12 6 12 20 13 
==============================

====== Algorithm Status ======
Valor:                6766
Time:                 128011
nIter:                8397
Best Iter:            8397
Improvement Count:    8396
==============================
Solution tour: 
0 13 46 27 11 50 47 4 45 39 45 19 48 34 48 19 31 32 7 30 11 8 27 8 46 29 17 41 14 41 17 33 37 22 49 22 1 3 16 9 16 6 26 18 27 50 24 50 
11 27 46 24 44 35 33 17 8 47 8 38 13 20 44 24 46 13 44 22 1 36 3 36 1 8 17 44 17 35 42 35 44 13 38 8 11 30 7 12 6 12 20 13 
==============================

====== Algorithm Status ======
Valor:                6888
Time:                 256002
nIter:                16782
Best Iter:            16782
Improvement Count:    16781
==============================
Solution tour: 
0 13 46 27 11 50 47 4 45 39 45 4 19 48 34 48 19 31 32 7 30 11 8 27 8 46 29 41 14 41 17 33 37 22 49 22 36 3 16 9 16 6 26 18 26 11 27 50 24 50 11 12 
11 27 46 24 44 35 33 38 8 47 8 38 13 20 13 44 24 46 13 44 22 1 36 3 36 1 22 37 33 17 44 17 35 42 35 44 13 8 11 30 7 12 6 12 20 13 
==============================

====== Algorithm Status ======
Valor:                6888
Time:                 512018
nIter:                32948
Best Iter:            32948
Improvement Count:    32947
==============================
Solution tour: 
0 13 46 27 11 50 47 4 45 39 45 4 19 48 34 48 19 31 32 7 30 11 8 27 8 46 29 41 14 41 17 33 37 22 49 22 36 3 16 9 16 6 26 18 26 11 27 50 24 50 11 12 
11 27 46 24 44 35 33 38 8 47 8 38 13 20 13 44 24 46 13 44 22 1 36 3 36 1 22 37 33 17 44 17 35 42 35 44 13 8 11 30 7 12 6 12 20 13 
==============================

====== Algorithm Status ======
Valor:                6943
Time:                 1024009
nIter:                61129
Best Iter:            61129
Improvement Count:    61130
==============================
Solution tour: 
0 13 46 27 11 50 11 27 8 27 50 
24 50 47 4 45 39 45 19 48 34 48 19 31 32 7 30 11 8 46 29 41 14 41 17 33 37 22 9 22 1 36 3 16 9 16 3 36 1 22 49 22 6 12 6 26 18 26 
11 27 46 24 44 17 20 44 24 46 13 44 22 37 33 17 44 35 42 35 44 13 20 13 38 8 11 30 7 8 47 8 38 13 
==============================

====== Algorithm Status ======
Valor:                6943
Time:                 1024009
nIter:                61129
Best Iter:            61129
Improvement Count:    61130
==============================
Solution tour: 
0 13 46 27 11 50 11 27 8 27 50 
24 50 47 4 45 39 45 19 48 34 48 19 31 32 7 30 11 8 46 29 41 14 41 17 33 37 22 9 22 1 36 3 16 9 16 3 36 1 22 49 22 6 12 6 26 18 26 
11 27 46 24 44 17 20 44 24 46 13 44 22 37 33 17 44 35 42 35 44 13 20 13 38 8 11 30 7 8 47 8 38 13 
==============================

