=========== Input ===========
File name:                ./instances/created-instances/mm-25-25-1110588.cdop
Total node count:         51
Truck node count:         25
Drone node count:         25
=============================

========== Settings ==========
Settings file:        ./settings/Memetic_MMX_1099666.config
Seed:                 1099666
Reduction method:     -
Max iter:             1024000
Population size:      13
Crossover:            MA-MMX
Local Search:         LS
Warm Start:           Mario_WS
==============================

====== Algorithm Status ======
Valor:                5783
Time:                 262
nIter:                17
Best Iter:            17
Improvement Count:    16
==============================
Solution tour: 
0 30 3 30 31 30 25 35 25 44 25 26 23 41 0 26 33 24 37 41 2 23 26 14 
5 14 34 4 20 47 
12 47 
18 39 43 39 32 50 32 43 47 42 46 5 34 31 38 48 43 14 43 32 14 24 13 40 33 2 33 27 49 29 27 29 13 23 13 24 0 28 0 3 
==============================

====== Algorithm Status ======
Valor:                5783
Time:                 503
nIter:                33
Best Iter:            33
Improvement Count:    32
==============================
Solution tour: 
0 30 3 30 31 30 25 35 25 44 25 26 23 41 0 26 33 24 37 41 2 23 26 14 
5 14 34 4 20 47 
12 47 
18 39 43 39 32 50 32 43 47 42 46 5 34 31 38 48 43 14 43 32 14 24 13 40 33 2 33 27 49 29 27 29 13 23 13 24 0 28 0 3 
==============================

====== Algorithm Status ======
Valor:                6091
Time:                 1020
nIter:                62
Best Iter:            62
Improvement Count:    61
==============================
Solution tour: 
0 28 0 3 30 31 30 25 35 25 44 35 26 23 41 0 26 33 40 24 37 41 2 41 23 26 0 14 
5 14 38 34 4 20 47 
12 47 
18 39 43 32 50 32 43 47 42 46 5 48 43 14 24 13 40 33 2 33 49 27 29 49 33 27 49 29 27 29 13 23 13 24 30 3 
==============================

====== Algorithm Status ======
Valor:                6393
Time:                 2014
nIter:                131
Best Iter:            131
Improvement Count:    130
==============================
Solution tour: 
0 26 0 28 0 3 7 30 37 36 20 9 20 4 5 34 19 38 31 30 35 44 25 35 25 44 35 21 26 3 23 13 24 37 3 30 
13 23 41 
23 26 14 43 32 50 32 43 47 18 48 39 18 42 46 17 5 14 24 13 40 33 2 33 40 24 49 27 29 49 33 27 49 29 27 29 13 23 13 30 3 
==============================

====== Algorithm Status ======
Valor:                6717
Time:                 4009
nIter:                285
Best Iter:            285
Improvement Count:    284
==============================
Solution tour: 
0 26 0 28 0 3 7 37 36 4 20 47 20 9 20 4 5 34 31 50 38 31 30 25 35 25 44 35 21 26 28 3 30 13 24 37 24 40 
13 23 41 
23 26 23 24 14 5 43 32 50 32 43 47 18 48 18 39 18 42 46 17 5 14 24 13 40 33 2 33 40 24 49 29 27 49 27 29 13 23 13 30 3 
==============================

====== Algorithm Status ======
Valor:                6821
Time:                 8024
nIter:                578
Best Iter:            578
Improvement Count:    577
==============================
Solution tour: 
0 28 0 26 45 36 4 20 47 20 9 20 4 5 34 38 31 30 35 25 35 44 25 44 35 21 26 0 3 30 13 24 37 24 40 13 23 13 29 27 29 27 
13 23 41 
23 26 23 24 14 5 43 32 50 32 43 18 47 18 48 18 39 18 42 46 17 5 14 24 13 40 33 2 33 40 24 49 27 49 13 30 3 
==============================

====== Algorithm Status ======
Valor:                6821
Time:                 16008
nIter:                1151
Best Iter:            1151
Improvement Count:    1150
==============================
Solution tour: 
0 26 45 36 4 20 47 20 9 20 4 5 34 38 31 30 35 25 35 44 25 44 35 21 26 0 3 30 13 24 37 24 40 13 23 13 29 27 29 27 
13 23 41 
23 26 23 24 14 5 43 32 50 32 43 18 47 18 48 18 39 18 42 46 17 5 14 24 13 40 33 2 33 40 24 49 27 49 13 30 3 0 28 
==============================

====== Algorithm Status ======
Valor:                6913
Time:                 32005
nIter:                2324
Best Iter:            2324
Improvement Count:    2323
==============================
Solution tour: 
0 26 21 45 36 4 20 47 20 4 5 34 38 31 30 25 35 44 25 44 35 25 21 26 0 3 30 13 24 37 24 40 13 23 13 29 27 29 27 
13 23 41 
23 26 23 24 14 5 43 32 50 32 43 18 47 18 48 18 39 18 42 46 17 5 14 24 13 40 33 2 33 40 24 49 27 49 29 13 30 3 0 28 
==============================

====== Algorithm Status ======
Valor:                6934
Time:                 64001
nIter:                4657
Best Iter:            4657
Improvement Count:    4656
==============================
Solution tour: 
0 26 21 45 36 20 4 20 47 20 5 34 38 31 30 24 30 25 35 15 35 44 25 44 35 25 21 26 0 3 30 13 24 37 24 40 
13 23 41 
23 26 23 13 23 24 14 43 32 50 32 43 18 47 18 48 18 39 18 42 46 17 5 14 24 13 40 33 2 33 40 24 49 27 29 27 13 30 3 0 28 
==============================

====== Algorithm Status ======
Valor:                7020
Time:                 128007
nIter:                9229
Best Iter:            9229
Improvement Count:    9228
==============================
Solution tour: 
0 26 21 45 36 20 4 20 47 20 5 34 38 31 30 25 35 15 35 44 25 44 35 25 21 26 0 28 0 3 30 13 24 37 24 40 
13 23 41 
23 26 23 13 23 40 24 14 5 43 32 50 32 43 47 18 48 18 39 18 47 12 42 46 17 5 14 24 13 40 33 2 33 27 49 27 29 27 13 30 3 
==============================

====== Algorithm Status ======
Valor:                7050
Time:                 256009
nIter:                18615
Best Iter:            18615
Improvement Count:    18614
==============================
Solution tour: 
0 26 21 45 36 4 20 47 20 4 34 38 19 38 31 30 25 35 15 35 44 25 44 35 25 21 26 0 28 0 3 30 24 23 13 24 37 24 40 
13 23 41 
23 26 23 40 24 14 5 43 32 50 32 43 47 18 48 18 39 18 47 42 46 17 5 14 24 13 40 33 2 33 27 49 27 29 27 13 30 3 
==============================

====== Algorithm Status ======
Valor:                7168
Time:                 512007
nIter:                37043
Best Iter:            37043
Improvement Count:    37042
==============================
Solution tour: 
0 26 21 45 36 4 20 47 20 4 39 19 16 31 38 19 38 34 5 37 35 15 35 44 25 44 35 25 35 21 26 0 28 0 3 30 24 40 13 23 13 24 30 
13 23 41 
23 26 23 40 24 14 43 32 50 32 43 47 18 48 18 39 18 47 46 42 46 17 5 14 24 13 40 33 2 33 27 49 27 29 27 13 30 3 
==============================

====== Algorithm Status ======
Valor:                7168
Time:                 1024016
nIter:                73858
Best Iter:            73858
Improvement Count:    73859
==============================
Solution tour: 
0 26 21 45 36 4 20 47 20 4 39 19 16 31 38 19 38 34 5 37 35 15 35 44 25 44 35 25 35 21 26 0 28 0 3 30 24 40 13 23 13 24 30 
13 23 41 
23 26 23 40 24 14 43 32 50 32 43 47 18 48 18 39 18 47 46 42 46 17 5 14 24 13 40 33 2 33 27 49 27 29 27 13 30 3 
==============================

====== Algorithm Status ======
Valor:                7168
Time:                 1024016
nIter:                73858
Best Iter:            73858
Improvement Count:    73859
==============================
Solution tour: 
0 26 21 45 36 4 20 47 20 4 39 19 16 31 38 19 38 34 5 37 35 15 35 44 25 44 35 25 35 21 26 0 28 0 3 30 24 40 13 23 13 24 30 
13 23 41 
23 26 23 40 24 14 43 32 50 32 43 47 18 48 18 39 18 47 46 42 46 17 5 14 24 13 40 33 2 33 27 49 27 29 27 13 30 3 
==============================

