=========== Input ===========
File name:                ./instances/created-instances/mm-5-10-1762875.cdop
Total node count:         16
Truck node count:         5
Drone node count:         10
=============================

========== Settings ==========
Settings file:        ./settings/Memetic_MMX_1881515.config
Seed:                 1881515
Reduction method:     -
Max iter:             1024000
Population size:      13
Crossover:            MA-MMX
Local Search:         LS
Warm Start:           Mario_WS
==============================

====== Algorithm Status ======
Valor:                2233
Time:                 250
nIter:                198
Best Iter:            198
Improvement Count:    197
==============================
Solution tour: 
0 6 5 15 5 11 5 10 6 10 5 2 1 8 1 
2 13 14 
4 12 4 14 7 14 2 8 2 9 2 
==============================

====== Algorithm Status ======
Valor:                2233
Time:                 501
nIter:                394
Best Iter:            394
Improvement Count:    393
==============================
Solution tour: 
0 6 5 15 5 11 5 10 6 10 5 2 1 8 1 
2 13 14 
4 12 4 14 7 14 2 8 2 9 2 
==============================

====== Algorithm Status ======
Valor:                2252
Time:                 1001
nIter:                821
Best Iter:            821
Improvement Count:    820
==============================
Solution tour: 
0 11 5 10 6 10 5 15 5 11 8 
2 13 3 14 
4 12 4 14 7 14 2 1 8 1 2 9 2 8 11 
==============================

====== Algorithm Status ======
Valor:                2252
Time:                 2000
nIter:                1640
Best Iter:            1640
Improvement Count:    1639
==============================
Solution tour: 
0 11 5 10 6 10 5 15 5 11 8 
2 13 3 14 
4 12 4 14 7 14 2 1 8 1 2 9 2 8 11 
==============================

====== Algorithm Status ======
Valor:                2252
Time:                 4001
nIter:                3258
Best Iter:            3258
Improvement Count:    3257
==============================
Solution tour: 
0 11 5 10 6 10 5 15 5 11 8 
2 13 3 14 
4 12 4 14 7 14 2 1 8 1 2 9 2 8 11 
==============================

====== Algorithm Status ======
Valor:                2252
Time:                 8000
nIter:                6511
Best Iter:            6511
Improvement Count:    6510
==============================
Solution tour: 
0 11 5 10 6 10 5 15 5 11 8 
2 13 3 14 
4 12 4 14 7 14 2 1 8 1 2 9 2 8 11 
==============================

====== Algorithm Status ======
Valor:                2252
Time:                 16000
nIter:                13072
Best Iter:            13072
Improvement Count:    13071
==============================
Solution tour: 
0 11 5 10 6 10 5 15 5 11 8 
2 13 3 14 
4 12 4 14 7 14 2 1 8 1 2 9 2 8 11 
==============================

====== Algorithm Status ======
Valor:                2252
Time:                 32003
nIter:                26178
Best Iter:            26178
Improvement Count:    26177
==============================
Solution tour: 
0 11 5 10 6 10 5 15 5 11 8 
2 13 3 14 
4 12 4 14 7 14 2 1 8 1 2 9 2 8 11 
==============================

====== Algorithm Status ======
Valor:                2252
Time:                 64000
nIter:                52393
Best Iter:            52393
Improvement Count:    52392
==============================
Solution tour: 
0 11 5 10 6 10 5 15 5 11 8 
2 13 3 14 
4 12 4 14 7 14 2 1 8 1 2 9 2 8 11 
==============================

====== Algorithm Status ======
Valor:                2252
Time:                 128000
nIter:                104319
Best Iter:            104319
Improvement Count:    104318
==============================
Solution tour: 
0 11 5 10 6 10 5 15 5 11 8 
2 13 3 14 
4 12 4 14 7 14 2 1 8 1 2 9 2 8 11 
==============================

====== Algorithm Status ======
Valor:                2252
Time:                 256000
nIter:                208812
Best Iter:            208812
Improvement Count:    208811
==============================
Solution tour: 
0 11 5 10 6 10 5 15 5 11 8 
2 13 3 14 
4 12 4 14 7 14 2 1 8 1 2 9 2 8 11 
==============================

====== Algorithm Status ======
Valor:                2252
Time:                 512000
nIter:                418448
Best Iter:            418448
Improvement Count:    418447
==============================
Solution tour: 
0 11 5 10 6 10 5 15 5 11 8 
2 13 3 14 
4 12 4 14 7 14 2 1 8 1 2 9 2 8 11 
==============================

====== Algorithm Status ======
Valor:                2270
Time:                 1024001
nIter:                829067
Best Iter:            829067
Improvement Count:    829068
==============================
Solution tour: 
0 11 5 10 6 10 5 15 14 7 14 
4 12 4 14 13 3 15 
5 11 8 1 2 9 2 8 2 1 8 11 
==============================

====== Algorithm Status ======
Valor:                2270
Time:                 1024001
nIter:                829067
Best Iter:            829067
Improvement Count:    829068
==============================
Solution tour: 
0 11 5 10 6 10 5 15 14 7 14 
4 12 4 14 13 3 15 
5 11 8 1 2 9 2 8 2 1 8 11 
==============================

