=========== Input ===========
File name:                ./instances/created-instances/mm-5-25-1110588.cdop
Total node count:         31
Truck node count:         5
Drone node count:         25
=============================

========== Settings ==========
Settings file:        ./settings/Memetic-LS_MMX_1881515.config
Seed:                 1881515
Reduction method:     -
Max iter:             1024000
Population size:      13
Crossover:            MA-MMX
Local Search:         -
Warm Start:           Mario_WS
==============================

====== Algorithm Status ======
Valor:                3749
Time:                 250
nIter:                445
Best Iter:            445
Improvement Count:    444
==============================
Solution tour: 
0 11 8 
2 9 23 21 
1 17 24 17 6 17 27 17 20 6 27 6 20 27 24 11 24 27 20 10 27 11 27 16 30 13 
4 28 26 
3 25 
==============================

====== Algorithm Status ======
Valor:                3776
Time:                 500
nIter:                878
Best Iter:            878
Improvement Count:    877
==============================
Solution tour: 
0 11 8 
2 9 23 21 
1 17 24 17 6 17 27 17 20 6 27 6 20 27 24 11 24 27 20 10 20 27 11 27 16 30 13 
4 28 26 
3 25 
==============================

====== Algorithm Status ======
Valor:                3954
Time:                 1000
nIter:                1712
Best Iter:            1712
Improvement Count:    1711
==============================
Solution tour: 
0 11 8 
2 9 23 21 
1 17 24 17 6 17 27 17 20 6 27 6 20 27 24 11 24 27 20 10 20 11 27 16 30 13 30 13 14 13 
4 28 26 
3 25 
==============================

====== Algorithm Status ======
Valor:                3954
Time:                 2000
nIter:                3228
Best Iter:            3228
Improvement Count:    3227
==============================
Solution tour: 
0 11 8 
2 9 23 21 
1 17 24 17 6 17 27 17 20 6 27 6 20 27 24 11 24 27 20 10 20 11 27 16 30 13 30 13 14 13 
4 28 26 
3 25 
==============================

====== Algorithm Status ======
Valor:                3984
Time:                 4000
nIter:                6356
Best Iter:            6356
Improvement Count:    6355
==============================
Solution tour: 
0 11 8 
2 9 23 21 
1 17 24 17 6 17 27 17 20 6 27 11 6 20 27 24 11 24 27 20 10 20 16 27 16 30 13 14 13 30 
4 28 26 
3 25 
==============================

====== Algorithm Status ======
Valor:                4171
Time:                 8000
nIter:                12707
Best Iter:            12707
Improvement Count:    12706
==============================
Solution tour: 
0 11 7 19 15 17 24 17 6 11 8 
2 6 17 27 17 20 6 27 6 20 27 24 11 24 27 20 10 20 16 27 16 30 13 30 13 14 13 20 23 20 28 
4 30 26 28 
3 25 
==============================

====== Algorithm Status ======
Valor:                4355
Time:                 16000
nIter:                23809
Best Iter:            23809
Improvement Count:    23808
==============================
Solution tour: 
0 11 7 19 11 17 24 17 10 11 8 17 6 17 27 17 
2 20 6 27 6 20 27 24 11 24 27 20 10 20 16 27 16 30 
3 30 13 30 13 14 13 20 23 20 28 
4 28 26 28 25 
==============================

====== Algorithm Status ======
Valor:                4609
Time:                 32000
nIter:                44962
Best Iter:            44962
Improvement Count:    44961
==============================
Solution tour: 
0 11 7 11 17 24 17 10 11 8 10 17 6 17 27 17 
2 20 6 27 6 20 27 11 24 11 0 24 0 24 27 20 10 20 16 27 16 30 
3 30 13 30 13 14 13 14 20 23 20 
4 28 26 28 25 
==============================

====== Algorithm Status ======
Valor:                4646
Time:                 64000
nIter:                85190
Best Iter:            85190
Improvement Count:    85189
==============================
Solution tour: 
0 11 7 11 17 24 17 10 11 10 8 10 17 6 17 27 17 
2 20 6 27 6 20 27 11 24 11 0 24 0 24 27 20 10 20 16 27 16 30 
3 30 13 14 13 20 23 20 28 
4 28 26 28 25 
==============================

====== Algorithm Status ======
Valor:                4646
Time:                 128001
nIter:                167562
Best Iter:            167562
Improvement Count:    167561
==============================
Solution tour: 
0 11 7 11 17 24 17 10 11 10 8 10 17 6 17 27 17 
2 20 6 27 6 20 27 11 24 11 0 24 0 24 27 20 10 20 16 27 16 30 
3 30 13 14 13 20 23 20 28 
4 28 26 28 25 
==============================

====== Algorithm Status ======
Valor:                4940
Time:                 256000
nIter:                324112
Best Iter:            324112
Improvement Count:    324111
==============================
Solution tour: 
0 11 7 14 7 11 17 24 17 10 26 10 17 6 17 27 17 
2 27 6 20 27 11 0 24 27 24 11 27 20 10 20 10 16 27 16 30 
3 30 13 14 13 30 23 20 6 28 26 28 25 8 25 28 11 24 
==============================

====== Algorithm Status ======
Valor:                4983
Time:                 512000
nIter:                583469
Best Iter:            583469
Improvement Count:    583468
==============================
Solution tour: 
0 11 7 14 7 11 17 6 17 10 26 10 17 24 17 27 17 
2 27 6 20 27 11 0 24 27 24 11 27 20 10 20 28 16 27 16 30 
3 30 13 14 13 30 20 23 20 6 28 26 28 25 8 25 28 6 11 24 
==============================

====== Algorithm Status ======
Valor:                5002
Time:                 1024001
nIter:                1115339
Best Iter:            1115339
Improvement Count:    1115340
==============================
Solution tour: 
0 11 7 14 7 
5 17 6 17 10 26 10 17 24 17 27 17 
2 27 6 20 27 11 0 24 27 24 11 27 20 10 20 28 16 27 16 30 
3 30 13 14 13 30 20 23 20 6 28 26 28 25 8 25 28 6 11 24 
==============================

====== Algorithm Status ======
Valor:                5002
Time:                 1024001
nIter:                1115339
Best Iter:            1115339
Improvement Count:    1115340
==============================
Solution tour: 
0 11 7 14 7 
5 17 6 17 10 26 10 17 24 17 27 17 
2 27 6 20 27 11 0 24 27 24 11 27 20 10 20 28 16 27 16 30 
3 30 13 14 13 30 20 23 20 6 28 26 28 25 8 25 28 6 11 24 
==============================

