=========== Input ===========
File name:                ./instances/created-instances/mm-15-25-1767920.cdop
Total node count:         41
Truck node count:         15
Drone node count:         25
=============================

========== Settings ==========
Settings file:        ./settings/Memetic_MPX_1881515.config
Seed:                 1881515
Reduction method:     -
Max iter:             1024000
Population size:      13
Crossover:            MA-MPX
Local Search:         LS
Warm Start:           Mario_WS
==============================

====== Algorithm Status ======
Valor:                4650
Time:                 250
nIter:                28
Best Iter:            28
Improvement Count:    27
==============================
Solution tour: 
0 31 0 20 26 20 1 10 
15 10 16 17 
1 28 16 
6 
13 24 
12 8 24 30 
9 27 9 1 20 17 
11 17 1 17 16 28 
10 19 22 33 22 38 34 40 29 35 36 35 
4 35 36 35 29 4 
2 
7 4 21 4 18 
3 32 16 32 17 
8 12 37 
==============================

====== Algorithm Status ======
Valor:                4650
Time:                 502
nIter:                58
Best Iter:            58
Improvement Count:    57
==============================
Solution tour: 
0 31 0 20 26 20 1 10 
15 10 16 17 
1 28 16 
6 
13 24 
12 8 24 30 
9 27 9 1 20 17 
11 17 1 17 16 28 
10 19 22 33 22 38 34 40 29 35 36 35 
4 35 36 35 29 4 
2 
7 4 21 4 18 
3 32 16 32 17 
8 12 37 
==============================

====== Algorithm Status ======
Valor:                5112
Time:                 1000
nIter:                114
Best Iter:            114
Improvement Count:    113
==============================
Solution tour: 
0 38 34 40 34 
13 17 26 20 33 19 22 1 20 26 32 16 17 
11 
8 24 30 7 
4 21 4 18 4 35 36 35 29 37 
14 13 26 17 1 20 3 9 27 9 
3 6 7 25 
5 25 7 23 7 
2 7 31 13 24 13 20 
1 17 16 28 16 32 28 
10 
15 10 28 
6 17 8 
==============================

====== Algorithm Status ======
Valor:                5112
Time:                 2003
nIter:                220
Best Iter:            220
Improvement Count:    219
==============================
Solution tour: 
0 38 34 40 34 
13 17 26 20 33 19 22 1 20 26 32 16 17 
11 
8 24 30 7 
4 21 4 18 4 35 36 35 29 37 
14 13 26 17 1 20 3 9 27 9 
3 6 7 25 
5 25 7 23 7 
2 7 31 13 24 13 20 
1 17 16 28 16 32 28 
10 
15 10 28 
6 17 8 
==============================

====== Algorithm Status ======
Valor:                5112
Time:                 4012
nIter:                432
Best Iter:            432
Improvement Count:    431
==============================
Solution tour: 
0 38 34 40 34 
13 17 26 20 33 19 22 1 20 26 32 16 17 
11 
8 24 30 7 
4 21 4 18 4 35 36 35 29 37 
14 13 26 17 1 20 3 9 27 9 
3 6 7 25 
5 25 7 23 7 
2 7 31 13 24 13 20 
1 17 16 28 16 32 28 
10 
15 10 28 
6 17 8 
==============================

====== Algorithm Status ======
Valor:                5112
Time:                 8009
nIter:                848
Best Iter:            848
Improvement Count:    847
==============================
Solution tour: 
0 38 34 40 34 
13 17 26 20 33 19 22 1 20 26 32 16 17 
11 
8 24 30 7 
4 21 4 18 4 35 36 35 29 37 
14 13 26 17 1 20 3 9 27 9 
3 6 7 25 
5 25 7 23 7 
2 7 31 13 24 13 20 
1 17 16 28 16 32 28 
10 
15 10 28 
6 17 8 
==============================

====== Algorithm Status ======
Valor:                5112
Time:                 16004
nIter:                1703
Best Iter:            1703
Improvement Count:    1702
==============================
Solution tour: 
0 38 34 40 34 
13 17 26 20 33 19 22 1 20 26 32 16 17 
11 
8 24 30 7 
4 21 4 18 4 35 36 35 29 37 
14 13 26 17 1 20 3 9 27 9 
3 6 7 25 
5 25 7 23 7 
2 7 31 13 24 13 20 
1 17 16 28 16 32 28 
10 
15 10 28 
6 17 8 
==============================

====== Algorithm Status ======
Valor:                5112
Time:                 32008
nIter:                3372
Best Iter:            3372
Improvement Count:    3371
==============================
Solution tour: 
0 38 34 40 34 
13 17 26 20 33 19 22 1 20 26 32 16 17 
11 
8 24 30 7 
4 21 4 18 4 35 36 35 29 37 
14 13 26 17 1 20 3 9 27 9 
3 6 7 25 
5 25 7 23 7 
2 7 31 13 24 13 20 
1 17 16 28 16 32 28 
10 
15 10 28 
6 17 8 
==============================

====== Algorithm Status ======
Valor:                5112
Time:                 64005
nIter:                6678
Best Iter:            6678
Improvement Count:    6677
==============================
Solution tour: 
0 38 34 40 34 
13 17 26 20 33 19 22 1 20 26 32 16 17 
11 
8 24 30 7 
4 21 4 18 4 35 36 35 29 37 
14 13 26 17 1 20 3 9 27 9 
3 6 7 25 
5 25 7 23 7 
2 7 31 13 24 13 20 
1 17 16 28 16 32 28 
10 
15 10 28 
6 17 8 
==============================

====== Algorithm Status ======
Valor:                5163
Time:                 128008
nIter:                13250
Best Iter:            13250
Improvement Count:    13249
==============================
Solution tour: 
0 38 34 40 34 
13 20 17 26 20 33 19 22 1 20 26 32 16 17 
11 
8 24 30 7 
4 21 4 18 4 35 36 35 4 29 37 
14 13 26 17 1 20 1 3 9 27 9 
3 6 7 25 
2 7 24 13 24 8 
5 25 7 23 7 6 
1 17 16 28 16 32 28 
10 
15 10 28 
6 17 8 
==============================

====== Algorithm Status ======
Valor:                5171
Time:                 256002
nIter:                25972
Best Iter:            25972
Improvement Count:    25971
==============================
Solution tour: 
0 38 34 40 34 
13 20 17 26 20 33 19 22 1 20 26 32 16 17 
11 17 
8 24 30 7 
4 21 4 18 4 35 36 35 4 29 37 
14 13 26 17 1 20 1 3 9 27 9 
3 6 7 25 
2 7 24 13 24 8 
5 25 7 23 7 6 15 10 28 
1 17 16 28 16 32 28 31 
==============================

====== Algorithm Status ======
Valor:                5173
Time:                 512007
nIter:                51547
Best Iter:            51547
Improvement Count:    51546
==============================
Solution tour: 
0 31 22 38 34 40 34 13 7 23 25 
7 4 18 4 21 
4 21 4 18 4 35 36 35 4 29 37 
14 13 26 17 1 20 1 3 9 27 9 
3 6 7 25 30 
6 17 1 20 26 20 13 
2 7 24 13 24 8 17 28 
10 28 
1 17 16 28 16 9 27 
15 10 15 27 9 16 32 16 17 8 
12 8 
11 37 
==============================

====== Algorithm Status ======
Valor:                5233
Time:                 1024009
nIter:                102233
Best Iter:            102233
Improvement Count:    102234
==============================
Solution tour: 
0 31 22 38 34 40 34 13 7 23 25 
7 4 18 4 7 21 
4 21 4 18 4 35 36 35 4 29 37 
14 13 26 17 1 20 1 3 9 27 9 
3 6 7 25 30 
6 17 1 20 26 20 13 20 
2 7 24 13 24 8 17 1 28 
10 28 
1 17 16 28 16 9 27 
15 10 15 27 9 16 32 16 17 8 
==============================

====== Algorithm Status ======
Valor:                5233
Time:                 1024009
nIter:                102233
Best Iter:            102233
Improvement Count:    102234
==============================
Solution tour: 
0 31 22 38 34 40 34 13 7 23 25 
7 4 18 4 7 21 
4 21 4 18 4 35 36 35 4 29 37 
14 13 26 17 1 20 1 3 9 27 9 
3 6 7 25 30 
6 17 1 20 26 20 13 20 
2 7 24 13 24 8 17 1 28 
10 28 
1 17 16 28 16 9 27 
15 10 15 27 9 16 32 16 17 8 
==============================

