=========== Input ===========
File name:                ./instances/created-instances/mm-5-25-1891798.cdop
Total node count:         31
Truck node count:         5
Drone node count:         25
=============================

========== Settings ==========
Settings file:        ./settings/Memetic-LS_MPX_1287823.config
Seed:                 1287823
Reduction method:     -
Max iter:             1024000
Population size:      13
Crossover:            MA-MPX
Local Search:         -
Warm Start:           Mario_WS
==============================

====== Algorithm Status ======
Valor:                3709
Time:                 250
nIter:                279
Best Iter:            279
Improvement Count:    278
==============================
Solution tour: 
0 11 8 10 
4 15 
3 20 12 24 16 8 18 9 18 7 20 14 30 25 11 19 
1 13 1 28 19 27 6 22 26 23 
2 4 12 0 21 
==============================

====== Algorithm Status ======
Valor:                3709
Time:                 500
nIter:                573
Best Iter:            573
Improvement Count:    572
==============================
Solution tour: 
0 11 8 10 
4 15 
3 20 12 24 16 8 18 9 18 7 20 14 30 25 11 19 
1 13 1 28 19 27 6 22 26 23 
2 4 12 0 21 
==============================

====== Algorithm Status ======
Valor:                3709
Time:                 1000
nIter:                1191
Best Iter:            1191
Improvement Count:    1190
==============================
Solution tour: 
0 11 8 10 
4 15 
3 20 12 24 16 8 18 9 18 7 20 14 30 25 11 19 
1 13 1 28 19 27 6 22 26 23 
2 4 12 0 21 
==============================

====== Algorithm Status ======
Valor:                3709
Time:                 2000
nIter:                2393
Best Iter:            2393
Improvement Count:    2392
==============================
Solution tour: 
0 11 8 10 
4 15 
3 20 12 24 16 8 18 9 18 7 20 14 30 25 11 19 
1 13 1 28 19 27 6 22 26 23 
2 4 12 0 21 
==============================

====== Algorithm Status ======
Valor:                3709
Time:                 4001
nIter:                4815
Best Iter:            4815
Improvement Count:    4814
==============================
Solution tour: 
0 11 8 10 
4 15 
3 20 12 24 16 8 18 9 18 7 20 14 30 25 11 19 
1 13 1 28 19 27 6 22 26 23 
2 4 12 0 21 
==============================

====== Algorithm Status ======
Valor:                3709
Time:                 8000
nIter:                9757
Best Iter:            9757
Improvement Count:    9756
==============================
Solution tour: 
0 11 8 10 
4 15 
3 20 12 24 16 8 18 9 18 7 20 14 30 25 11 19 
1 13 1 28 19 27 6 22 26 23 
2 4 12 0 21 
==============================

====== Algorithm Status ======
Valor:                3709
Time:                 16000
nIter:                19333
Best Iter:            19333
Improvement Count:    19332
==============================
Solution tour: 
0 11 8 10 
4 15 
3 20 12 24 16 8 18 9 18 7 20 14 30 25 11 19 
1 13 1 28 19 27 6 22 26 23 
2 4 12 0 21 
==============================

====== Algorithm Status ======
Valor:                3709
Time:                 32001
nIter:                38430
Best Iter:            38430
Improvement Count:    38429
==============================
Solution tour: 
0 11 8 10 
4 15 
3 20 12 24 16 8 18 9 18 7 20 14 30 25 11 19 
1 13 1 28 19 27 6 22 26 23 
2 4 12 0 21 
==============================

====== Algorithm Status ======
Valor:                3709
Time:                 64000
nIter:                76498
Best Iter:            76498
Improvement Count:    76497
==============================
Solution tour: 
0 11 8 10 
4 15 
3 20 12 24 16 8 18 9 18 7 20 14 30 25 11 19 
1 13 1 28 19 27 6 22 26 23 
2 4 12 0 21 
==============================

====== Algorithm Status ======
Valor:                3709
Time:                 128000
nIter:                153430
Best Iter:            153430
Improvement Count:    153429
==============================
Solution tour: 
0 11 8 10 
4 15 
3 20 12 24 16 8 18 9 18 7 20 14 30 25 11 19 
1 13 1 28 19 27 6 22 26 23 
2 4 12 0 21 
==============================

====== Algorithm Status ======
Valor:                4358
Time:                 256000
nIter:                312896
Best Iter:            312896
Improvement Count:    312895
==============================
Solution tour: 
0 11 19 28 6 4 10 4 
5 4 13 
4 
1 13 1 4 30 5 25 6 22 
3 20 7 23 24 16 8 18 9 18 12 14 27 6 27 
2 4 15 0 21 
==============================

====== Algorithm Status ======
Valor:                4593
Time:                 512000
nIter:                648810
Best Iter:            648810
Improvement Count:    648809
==============================
Solution tour: 
0 11 19 27 6 4 10 4 
1 13 1 
4 30 5 22 6 22 26 14 20 3 7 
3 16 24 23 8 18 9 18 17 28 13 12 14 5 25 
5 30 4 13 4 
2 4 9 15 0 21 
==============================

====== Algorithm Status ======
Valor:                4665
Time:                 1024001
nIter:                1207384
Best Iter:            1207384
Improvement Count:    1207385
==============================
Solution tour: 
0 11 19 4 6 4 10 4 
1 13 1 
4 30 5 22 6 22 26 14 20 3 20 7 
3 16 24 23 8 18 9 18 28 17 28 13 12 14 5 25 
5 30 4 13 4 
2 4 15 0 21 
==============================

====== Algorithm Status ======
Valor:                4665
Time:                 1024001
nIter:                1207384
Best Iter:            1207384
Improvement Count:    1207385
==============================
Solution tour: 
0 11 19 4 6 4 10 4 
1 13 1 
4 30 5 22 6 22 26 14 20 3 20 7 
3 16 24 23 8 18 9 18 28 17 28 13 12 14 5 25 
5 30 4 13 4 
2 4 15 0 21 
==============================

