=========== Input ===========
File name:                ./instances/created-instances/mm-20-10-1110588.cdop
Total node count:         31
Truck node count:         20
Drone node count:         10
=============================

========== Settings ==========
Settings file:        ./settings/Memetic_MMX_1099666.config
Seed:                 1099666
Reduction method:     -
Max iter:             1024000
Population size:      13
Crossover:            MA-MMX
Local Search:         LS
Warm Start:           Mario_WS
==============================

====== Algorithm Status ======
Valor:                3695
Time:                 253
nIter:                60
Best Iter:            60
Improvement Count:    59
==============================
Solution tour: 
0 19 22 30 5 29 27 14 5 28 20 4 
12 4 
1 4 8 12 
9 12 
17 28 8 4 20 10 
7 10 11 15 
11 10 20 28 5 14 24 6 25 19 25 6 23 24 2 29 2 24 13 
==============================

====== Algorithm Status ======
Valor:                3966
Time:                 505
nIter:                129
Best Iter:            129
Improvement Count:    128
==============================
Solution tour: 
0 19 22 30 25 5 29 2 26 27 14 5 28 20 4 
12 4 
1 4 20 18 12 8 12 
9 12 17 28 10 11 15 
11 10 28 5 14 2 24 2 29 23 25 19 25 6 25 23 6 20 3 
==============================

====== Algorithm Status ======
Valor:                3984
Time:                 1000
nIter:                240
Best Iter:            240
Improvement Count:    239
==============================
Solution tour: 
0 19 22 30 25 5 29 2 26 27 14 5 20 28 20 4 
12 4 
1 4 20 18 12 8 12 
9 12 17 28 10 11 15 
11 10 28 5 14 2 24 2 29 23 25 19 25 6 25 23 0 3 20 3 
==============================

====== Algorithm Status ======
Valor:                4006
Time:                 2001
nIter:                456
Best Iter:            456
Improvement Count:    455
==============================
Solution tour: 
0 19 22 30 25 5 29 2 14 5 18 20 28 20 4 
12 4 8 4 
1 4 20 18 12 8 12 
9 12 17 28 10 11 15 
11 10 28 5 14 2 24 2 29 27 29 23 25 19 25 6 25 23 0 3 
==============================

====== Algorithm Status ======
Valor:                4075
Time:                 4000
nIter:                929
Best Iter:            929
Improvement Count:    928
==============================
Solution tour: 
0 19 22 30 25 5 29 2 24 2 14 5 4 18 20 28 20 4 
12 4 8 4 
1 4 20 18 12 8 12 
9 12 17 28 10 11 15 
11 10 28 5 14 27 29 23 25 19 25 6 25 23 13 0 3 
==============================

====== Algorithm Status ======
Valor:                4131
Time:                 8000
nIter:                1897
Best Iter:            1897
Improvement Count:    1896
==============================
Solution tour: 
0 19 22 30 5 25 5 29 2 24 2 29 27 14 5 4 20 18 20 28 20 4 18 
12 4 12 8 4 8 12 
9 12 17 28 10 11 15 
11 10 28 5 14 27 29 23 25 19 25 6 25 23 13 0 3 
==============================

====== Algorithm Status ======
Valor:                4131
Time:                 16001
nIter:                3752
Best Iter:            3752
Improvement Count:    3751
==============================
Solution tour: 
0 19 22 30 5 25 5 29 2 24 2 29 27 14 5 4 20 18 20 28 20 4 18 
12 4 12 8 4 8 12 
9 12 17 28 10 11 15 
11 10 28 5 14 27 29 23 25 19 25 6 25 23 13 0 3 
==============================

====== Algorithm Status ======
Valor:                4131
Time:                 32003
nIter:                7469
Best Iter:            7469
Improvement Count:    7468
==============================
Solution tour: 
0 19 22 30 5 25 5 29 2 24 2 29 27 14 5 4 20 18 20 28 20 4 18 
12 4 12 8 4 8 12 
9 12 17 28 10 11 15 
11 10 28 5 14 27 29 23 25 19 25 6 25 23 13 0 3 
==============================

====== Algorithm Status ======
Valor:                4131
Time:                 64002
nIter:                14902
Best Iter:            14902
Improvement Count:    14901
==============================
Solution tour: 
0 19 22 30 5 25 5 29 2 24 2 29 27 14 5 4 20 18 20 28 20 4 18 
12 4 12 8 4 8 12 
9 12 17 28 10 11 15 
11 10 28 5 14 27 29 23 25 19 25 6 25 23 13 0 3 
==============================

====== Algorithm Status ======
Valor:                4131
Time:                 128001
nIter:                29534
Best Iter:            29534
Improvement Count:    29533
==============================
Solution tour: 
0 19 22 30 5 25 5 29 2 24 2 29 27 14 5 4 20 18 20 28 20 4 18 
12 4 12 8 4 8 12 
9 12 17 28 10 11 15 
11 10 28 5 14 27 29 23 25 19 25 6 25 23 13 0 3 
==============================

====== Algorithm Status ======
Valor:                4217
Time:                 256001
nIter:                58839
Best Iter:            58839
Improvement Count:    58838
==============================
Solution tour: 
0 14 5 30 22 30 5 25 5 4 
20 18 20 28 20 4 18 
12 18 4 12 4 8 12 
9 12 17 28 10 11 15 
11 10 28 5 14 27 29 2 24 2 29 23 25 23 6 25 19 22 19 25 6 23 29 27 26 13 0 3 
==============================

====== Algorithm Status ======
Valor:                4220
Time:                 512001
nIter:                117502
Best Iter:            117502
Improvement Count:    117501
==============================
Solution tour: 
0 3 14 5 30 22 30 5 25 5 14 4 
20 18 20 28 20 4 18 
12 18 4 12 4 8 12 
9 12 17 28 10 11 15 
11 10 28 5 29 2 24 2 29 23 25 6 23 6 25 19 22 19 25 23 29 27 13 
==============================

====== Algorithm Status ======
Valor:                4233
Time:                 1024004
nIter:                235627
Best Iter:            235627
Improvement Count:    235628
==============================
Solution tour: 
0 3 20 4 8 12 4 5 30 16 19 25 5 14 5 4 
20 18 20 28 20 4 18 
12 18 4 12 
9 12 17 28 10 11 15 
11 10 28 5 25 23 29 27 29 2 24 2 29 23 25 6 25 19 22 30 22 19 0 3 
==============================

====== Algorithm Status ======
Valor:                4233
Time:                 1024004
nIter:                235627
Best Iter:            235627
Improvement Count:    235628
==============================
Solution tour: 
0 3 20 4 8 12 4 5 30 16 19 25 5 14 5 4 
20 18 20 28 20 4 18 
12 18 4 12 
9 12 17 28 10 11 15 
11 10 28 5 25 23 29 27 29 2 24 2 29 23 25 6 25 19 22 30 22 19 0 3 
==============================

