=========== Input ===========
File name:                ./instances/created-instances/mm-15-40-1110588.cdop
Total node count:         56
Truck node count:         15
Drone node count:         40
=============================

========== Settings ==========
Settings file:        ./settings/Memetic-LS_MPX_1099666.config
Seed:                 1099666
Reduction method:     -
Max iter:             1024000
Population size:      13
Crossover:            MA-MPX
Local Search:         -
Warm Start:           Mario_WS
==============================

====== Algorithm Status ======
Valor:                5711
Time:                 250
nIter:                141
Best Iter:            141
Improvement Count:    140
==============================
Solution tour: 
0 
13 32 19 52 39 25 38 22 31 
2 31 51 
6 21 20 27 50 54 49 45 37 41 4 34 54 
11 
10 14 3 21 39 21 3 35 54 
7 43 49 35 14 23 32 18 
12 40 12 55 29 16 48 36 28 
1 
8 13 47 22 53 34 44 
9 50 34 4 46 
4 
5 
14 35 
3 
==============================

====== Algorithm Status ======
Valor:                5711
Time:                 500
nIter:                284
Best Iter:            284
Improvement Count:    283
==============================
Solution tour: 
0 
13 32 19 52 39 25 38 22 31 
2 31 51 
6 21 20 27 50 54 49 45 37 41 4 34 54 
11 
10 14 3 21 39 21 3 35 54 
7 43 49 35 14 23 32 18 
12 40 12 55 29 16 48 36 28 
1 
8 13 47 22 53 34 44 
9 50 34 4 46 
4 
5 
14 35 
3 
==============================

====== Algorithm Status ======
Valor:                5711
Time:                 1002
nIter:                540
Best Iter:            540
Improvement Count:    539
==============================
Solution tour: 
0 
13 32 19 52 39 25 38 22 31 
2 31 51 
6 21 20 27 50 54 49 45 37 41 4 34 54 
11 
10 14 3 21 39 21 3 35 54 
7 43 49 35 14 23 32 18 
12 40 12 55 29 16 48 36 28 
1 
8 13 47 22 53 34 44 
9 50 34 4 46 
4 
5 
14 35 
3 
==============================

====== Algorithm Status ======
Valor:                5711
Time:                 2002
nIter:                1065
Best Iter:            1065
Improvement Count:    1064
==============================
Solution tour: 
0 
13 32 19 52 39 25 38 22 31 
2 31 51 
6 21 20 27 50 54 49 45 37 41 4 34 54 
11 
10 14 3 21 39 21 3 35 54 
7 43 49 35 14 23 32 18 
12 40 12 55 29 16 48 36 28 
1 
8 13 47 22 53 34 44 
9 50 34 4 46 
4 
5 
14 35 
3 
==============================

====== Algorithm Status ======
Valor:                5711
Time:                 4000
nIter:                2104
Best Iter:            2104
Improvement Count:    2103
==============================
Solution tour: 
0 
13 32 19 52 39 25 38 22 31 
2 31 51 
6 21 20 27 50 54 49 45 37 41 4 34 54 
11 
10 14 3 21 39 21 3 35 54 
7 43 49 35 14 23 32 18 
12 40 12 55 29 16 48 36 28 
1 
8 13 47 22 53 34 44 
9 50 34 4 46 
4 
5 
14 35 
3 
==============================

====== Algorithm Status ======
Valor:                5711
Time:                 8000
nIter:                4213
Best Iter:            4213
Improvement Count:    4212
==============================
Solution tour: 
0 
13 32 19 52 39 25 38 22 31 
2 31 51 
6 21 20 27 50 54 49 45 37 41 4 34 54 
11 
10 14 3 21 39 21 3 35 54 
7 43 49 35 14 23 32 18 
12 40 12 55 29 16 48 36 28 
1 
8 13 47 22 53 34 44 
9 50 34 4 46 
4 
5 
14 35 
3 
==============================

====== Algorithm Status ======
Valor:                5711
Time:                 16001
nIter:                8428
Best Iter:            8428
Improvement Count:    8427
==============================
Solution tour: 
0 
13 32 19 52 39 25 38 22 31 
2 31 51 
6 21 20 27 50 54 49 45 37 41 4 34 54 
11 
10 14 3 21 39 21 3 35 54 
7 43 49 35 14 23 32 18 
12 40 12 55 29 16 48 36 28 
1 
8 13 47 22 53 34 44 
9 50 34 4 46 
4 
5 
14 35 
3 
==============================

====== Algorithm Status ======
Valor:                5711
Time:                 32000
nIter:                16862
Best Iter:            16862
Improvement Count:    16861
==============================
Solution tour: 
0 
13 32 19 52 39 25 38 22 31 
2 31 51 
6 21 20 27 50 54 49 45 37 41 4 34 54 
11 
10 14 3 21 39 21 3 35 54 
7 43 49 35 14 23 32 18 
12 40 12 55 29 16 48 36 28 
1 
8 13 47 22 53 34 44 
9 50 34 4 46 
4 
5 
14 35 
3 
==============================

====== Algorithm Status ======
Valor:                5711
Time:                 64000
nIter:                34007
Best Iter:            34007
Improvement Count:    34006
==============================
Solution tour: 
0 
13 32 19 52 39 25 38 22 31 
2 31 51 
6 21 20 27 50 54 49 45 37 41 4 34 54 
11 
10 14 3 21 39 21 3 35 54 
7 43 49 35 14 23 32 18 
12 40 12 55 29 16 48 36 28 
1 
8 13 47 22 53 34 44 
9 50 34 4 46 
4 
5 
14 35 
3 
==============================

====== Algorithm Status ======
Valor:                5711
Time:                 128009
nIter:                67755
Best Iter:            67755
Improvement Count:    67754
==============================
Solution tour: 
0 
13 32 19 52 39 25 38 22 31 
2 31 51 
6 21 20 27 50 54 49 45 37 41 4 34 54 
11 
10 14 3 21 39 21 3 35 54 
7 43 49 35 14 23 32 18 
12 40 12 55 29 16 48 36 28 
1 
8 13 47 22 53 34 44 
9 50 34 4 46 
4 
5 
14 35 
3 
==============================

====== Algorithm Status ======
Valor:                5711
Time:                 256001
nIter:                135740
Best Iter:            135740
Improvement Count:    135739
==============================
Solution tour: 
0 
13 32 19 52 39 25 38 22 31 
2 31 51 
6 21 20 27 50 54 49 45 37 41 4 34 54 
11 
10 14 3 21 39 21 3 35 54 
7 43 49 35 14 23 32 18 
12 40 12 55 29 16 48 36 28 
1 
8 13 47 22 53 34 44 
9 50 34 4 46 
4 
5 
14 35 
3 
==============================

====== Algorithm Status ======
Valor:                5711
Time:                 512000
nIter:                272749
Best Iter:            272749
Improvement Count:    272748
==============================
Solution tour: 
0 
13 32 19 52 39 25 38 22 31 
2 31 51 
6 21 20 27 50 54 49 45 37 41 4 34 54 
11 
10 14 3 21 39 21 3 35 54 
7 43 49 35 14 23 32 18 
12 40 12 55 29 16 48 36 28 
1 
8 13 47 22 53 34 44 
9 50 34 4 46 
4 
5 
14 35 
3 
==============================

====== Algorithm Status ======
Valor:                5737
Time:                 1024001
nIter:                541668
Best Iter:            541668
Improvement Count:    541669
==============================
Solution tour: 
0 
13 32 19 52 39 25 38 22 31 
2 31 51 
6 21 20 27 50 54 49 45 37 41 4 34 54 
11 
15 33 
10 14 3 21 39 21 3 35 54 
7 43 49 35 14 23 32 18 
12 40 12 55 29 16 48 36 28 
1 
8 13 47 22 53 34 44 
9 50 34 4 46 
4 
5 
14 35 
==============================

====== Algorithm Status ======
Valor:                5737
Time:                 1024001
nIter:                541668
Best Iter:            541668
Improvement Count:    541669
==============================
Solution tour: 
0 
13 32 19 52 39 25 38 22 31 
2 31 51 
6 21 20 27 50 54 49 45 37 41 4 34 54 
11 
15 33 
10 14 3 21 39 21 3 35 54 
7 43 49 35 14 23 32 18 
12 40 12 55 29 16 48 36 28 
1 
8 13 47 22 53 34 44 
9 50 34 4 46 
4 
5 
14 35 
==============================

