=========== Input ===========
File name:                ./instances/created-instances/mm-25-10-1917698.cdop
Total node count:         36
Truck node count:         25
Drone node count:         10
=============================

========== Settings ==========
Settings file:        ./settings/Memetic_MMX_1287823.config
Seed:                 1287823
Reduction method:     -
Max iter:             1024000
Population size:      13
Crossover:            MA-MMX
Local Search:         LS
Warm Start:           Mario_WS
==============================

====== Algorithm Status ======
Valor:                4224
Time:                 251
nIter:                28
Best Iter:            28
Improvement Count:    27
==============================
Solution tour: 
0 2 29 18 2 26 
2 18 31 9 32 35 4 35 12 34 12 26 3 35 
17 
19 31 14 25 
3 14 3 25 32 9 31 29 0 8 0 29 0 
4 29 31 3 6 34 6 22 6 3 9 33 28 32 28 30 
5 30 
24 30 28 0 26 
==============================

====== Algorithm Status ======
Valor:                4507
Time:                 504
nIter:                53
Best Iter:            53
Improvement Count:    52
==============================
Solution tour: 
0 2 18 2 26 
2 0 9 33 32 24 5 33 28 33 32 33 32 9 3 25 3 
14 3 26 29 4 19 17 13 14 31 14 
13 10 13 31 29 31 3 6 34 6 23 22 9 22 6 3 31 9 32 33 28 5 28 32 28 30 
5 30 
24 30 28 0 26 
==============================

====== Algorithm Status ======
Valor:                4657
Time:                 1001
nIter:                108
Best Iter:            108
Improvement Count:    107
==============================
Solution tour: 
0 2 18 2 26 2 35 9 32 24 30 5 33 32 28 32 33 9 3 25 3 
14 3 26 0 29 4 19 17 13 14 31 14 
13 10 13 31 29 31 3 6 34 6 23 22 9 22 6 3 31 9 33 28 5 30 28 30 
24 32 9 31 29 0 26 
==============================

====== Algorithm Status ======
Valor:                4657
Time:                 2010
nIter:                223
Best Iter:            223
Improvement Count:    222
==============================
Solution tour: 
0 2 18 2 26 2 35 9 32 24 30 5 33 32 28 32 33 9 3 25 3 
14 3 26 0 29 4 19 17 13 14 31 14 
13 10 13 31 29 31 3 6 34 6 23 22 9 22 6 3 31 9 33 28 5 30 28 30 
24 32 9 31 29 0 26 
==============================

====== Algorithm Status ======
Valor:                4794
Time:                 4009
nIter:                443
Best Iter:            443
Improvement Count:    442
==============================
Solution tour: 
0 2 18 2 26 2 35 9 32 24 30 5 30 28 32 28 33 9 3 25 3 
14 3 26 0 29 4 19 17 13 14 31 14 
13 10 13 17 19 4 29 31 3 6 34 6 22 23 22 9 22 6 3 31 9 33 28 5 28 30 
24 32 9 31 29 
==============================

====== Algorithm Status ======
Valor:                4977
Time:                 8000
nIter:                975
Best Iter:            975
Improvement Count:    974
==============================
Solution tour: 
0 2 18 2 26 2 35 9 33 28 30 24 30 5 30 28 33 9 32 28 32 9 31 2 0 26 3 25 3 
14 3 26 0 29 4 19 17 13 14 31 14 
13 10 13 17 19 31 29 31 3 6 34 6 22 23 22 1 22 6 3 31 9 0 8 0 29 
==============================

====== Algorithm Status ======
Valor:                4984
Time:                 16007
nIter:                1993
Best Iter:            1993
Improvement Count:    1992
==============================
Solution tour: 
0 2 18 2 26 2 35 9 33 28 5 28 30 24 30 5 30 28 33 9 32 28 32 9 31 2 0 26 3 25 3 
14 3 26 0 29 4 19 17 13 14 31 14 
13 10 13 17 19 31 29 31 9 3 6 34 6 22 23 22 1 22 6 3 31 19 4 29 
==============================

====== Algorithm Status ======
Valor:                4984
Time:                 32014
nIter:                4093
Best Iter:            4093
Improvement Count:    4092
==============================
Solution tour: 
0 2 18 2 26 2 35 9 33 28 5 28 30 24 30 5 30 28 33 9 32 28 32 9 31 2 0 26 3 25 3 
14 3 26 0 29 4 19 17 13 14 31 14 
13 10 13 17 19 31 29 31 9 3 6 34 6 22 23 22 1 22 6 3 31 19 4 29 
==============================

====== Algorithm Status ======
Valor:                4984
Time:                 64002
nIter:                8253
Best Iter:            8253
Improvement Count:    8252
==============================
Solution tour: 
0 2 18 2 26 2 35 9 33 28 5 28 30 24 30 5 30 28 33 9 32 28 32 9 31 2 0 26 3 25 3 
14 3 26 0 29 4 19 17 13 14 31 14 
13 10 13 17 19 31 29 31 9 3 6 34 6 22 23 22 1 22 6 3 31 19 4 29 
==============================

====== Algorithm Status ======
Valor:                4984
Time:                 128004
nIter:                16583
Best Iter:            16583
Improvement Count:    16582
==============================
Solution tour: 
0 2 18 2 26 2 35 9 33 28 5 28 30 24 30 5 30 28 33 9 32 28 32 9 31 2 0 26 3 25 3 
14 3 26 0 29 4 19 17 13 14 31 14 
13 10 13 17 19 31 29 31 9 3 6 34 6 22 23 22 1 22 6 3 31 19 4 29 
==============================

====== Algorithm Status ======
Valor:                5030
Time:                 256009
nIter:                33378
Best Iter:            33378
Improvement Count:    33377
==============================
Solution tour: 
0 2 18 2 26 2 35 2 31 9 33 28 30 24 30 5 30 28 33 9 32 28 32 9 31 2 0 26 3 25 3 
14 3 26 0 29 4 19 17 13 14 31 14 
13 10 13 17 
19 4 29 31 3 6 34 12 35 12 34 6 22 23 22 1 22 6 3 31 29 
==============================

====== Algorithm Status ======
Valor:                5030
Time:                 512000
nIter:                67501
Best Iter:            67501
Improvement Count:    67500
==============================
Solution tour: 
0 2 18 2 26 2 35 2 31 9 33 28 30 24 30 5 30 28 33 9 32 28 32 9 31 2 0 26 3 25 3 
14 3 26 0 29 4 19 17 13 14 31 14 
13 10 13 17 
19 4 29 31 3 6 34 12 35 12 34 6 22 23 22 1 22 6 3 31 29 
==============================

====== Algorithm Status ======
Valor:                5030
Time:                 1024001
nIter:                135716
Best Iter:            135716
Improvement Count:    135717
==============================
Solution tour: 
0 2 18 2 26 2 35 2 31 9 33 28 30 24 30 5 30 28 33 9 32 28 32 9 31 2 0 26 3 25 3 
14 3 26 0 29 4 19 17 13 14 31 14 
13 10 13 17 
19 4 29 31 3 6 34 12 35 12 34 6 22 23 22 1 22 6 3 31 29 
==============================

====== Algorithm Status ======
Valor:                5030
Time:                 1024001
nIter:                135716
Best Iter:            135716
Improvement Count:    135717
==============================
Solution tour: 
0 2 18 2 26 2 35 2 31 9 33 28 30 24 30 5 30 28 33 9 32 28 32 9 31 2 0 26 3 25 3 
14 3 26 0 29 4 19 17 13 14 31 14 
13 10 13 17 
19 4 29 31 3 6 34 12 35 12 34 6 22 23 22 1 22 6 3 31 29 
==============================

