=========== Input ===========
File name:                ./instances/created-instances/mm-20-25-1917698.cdop
Total node count:         46
Truck node count:         20
Drone node count:         25
=============================

========== Settings ==========
Settings file:        ./settings/Memetic_MPX_1881515.config
Seed:                 1881515
Reduction method:     -
Max iter:             1024000
Population size:      13
Crossover:            MA-MPX
Local Search:         LS
Warm Start:           Mario_WS
==============================

====== Algorithm Status ======
Valor:                4871
Time:                 257
nIter:                28
Best Iter:            28
Improvement Count:    27
==============================
Solution tour: 
0 9 33 44 31 44 42 27 35 27 45 
8 2 18 41 29 42 3 14 18 
4 24 36 17 36 35 
10 
13 34 1 25 39 38 39 
1 39 
14 
3 42 12 30 
15 30 12 3 
16 38 
6 43 44 12 
9 12 37 
5 45 18 
12 33 12 44 43 42 29 41 
18 2 
==============================

====== Algorithm Status ======
Valor:                4871
Time:                 503
nIter:                53
Best Iter:            53
Improvement Count:    52
==============================
Solution tour: 
0 9 33 44 31 44 42 27 35 27 45 
8 2 18 41 29 42 3 14 18 
4 24 36 17 36 35 
10 
13 34 1 25 39 38 39 
1 39 
14 
3 42 12 30 
15 30 12 3 
16 38 
6 43 44 12 
9 12 37 
5 45 18 
12 33 12 44 43 42 29 41 
18 2 
==============================

====== Algorithm Status ======
Valor:                4871
Time:                 1002
nIter:                104
Best Iter:            104
Improvement Count:    103
==============================
Solution tour: 
0 9 33 44 31 44 42 27 35 27 45 
8 2 18 41 29 42 3 14 18 
4 24 36 17 36 35 
10 
13 34 1 25 39 38 39 
1 39 
14 
3 42 12 30 
15 30 12 3 
16 38 
6 43 44 12 
9 12 37 
5 45 18 
12 33 12 44 43 42 29 41 
18 2 
==============================

====== Algorithm Status ======
Valor:                4918
Time:                 2001
nIter:                219
Best Iter:            219
Improvement Count:    218
==============================
Solution tour: 
0 9 33 44 31 44 12 42 29 27 35 27 45 
4 24 36 17 36 35 
19 42 14 
10 
13 34 1 25 39 38 39 
1 39 
14 
17 14 3 9 12 33 12 44 30 
3 42 12 30 
15 30 12 3 
16 38 
6 43 44 26 37 12 9 
8 2 18 41 29 42 3 14 42 41 18 
2 
==============================

====== Algorithm Status ======
Valor:                4958
Time:                 4020
nIter:                434
Best Iter:            434
Improvement Count:    433
==============================
Solution tour: 
0 19 45 
8 45 
18 41 29 42 3 42 9 12 33 44 43 44 12 30 12 3 40 
17 
3 14 3 17 
13 17 
14 17 29 34 1 39 
1 34 40 34 
4 24 4 27 2 
7 0 42 12 44 31 44 33 
12 
9 15 36 35 36 
19 17 
10 35 27 35 
==============================

====== Algorithm Status ======
Valor:                4958
Time:                 8004
nIter:                881
Best Iter:            881
Improvement Count:    880
==============================
Solution tour: 
0 19 45 
8 45 
18 41 29 42 3 42 9 12 33 44 43 44 12 30 12 3 40 
17 
3 14 3 17 
13 17 
14 17 29 34 1 39 
1 34 40 34 
4 24 4 27 2 
7 0 42 12 44 31 44 33 
12 
9 15 36 35 36 
19 17 
10 35 27 35 
==============================

====== Algorithm Status ======
Valor:                5079
Time:                 16008
nIter:                1780
Best Iter:            1780
Improvement Count:    1779
==============================
Solution tour: 
0 9 12 44 31 44 12 42 3 
13 17 14 41 42 14 3 17 13 
10 40 17 40 34 1 39 38 
6 43 32 30 12 44 33 
12 33 27 
15 36 
17 
19 17 
3 14 39 25 39 
1 14 42 24 35 27 35 45 
4 
18 41 37 12 
9 33 29 
14 17 29 
11 
8 45 
==============================

====== Algorithm Status ======
Valor:                5253
Time:                 32002
nIter:                3557
Best Iter:            3557
Improvement Count:    3556
==============================
Solution tour: 
0 9 12 33 44 31 44 12 42 3 
14 36 17 
13 17 14 41 42 14 3 17 
10 40 17 40 34 1 39 38 
6 43 32 30 12 44 33 
12 33 27 45 
5 37 21 18 
2 27 29 33 12 
9 
15 36 35 
17 
19 17 
20 18 14 
3 14 39 25 39 
1 14 42 24 35 27 35 45 
18 41 24 35 
==============================

====== Algorithm Status ======
Valor:                5512
Time:                 64003
nIter:                7013
Best Iter:            7013
Improvement Count:    7012
==============================
Solution tour: 
0 9 12 33 44 31 44 12 42 3 
14 36 17 
13 17 14 41 42 14 3 17 25 
1 39 25 39 1 34 
10 40 17 40 34 1 39 38 
6 43 32 30 12 44 33 41 
18 4 45 
19 14 42 
3 45 
4 24 14 3 42 
12 33 27 35 27 45 
5 37 21 18 
2 27 29 33 12 
9 
15 9 36 35 36 
==============================

====== Algorithm Status ======
Valor:                5512
Time:                 128001
nIter:                13867
Best Iter:            13867
Improvement Count:    13866
==============================
Solution tour: 
0 9 12 33 44 31 44 12 42 3 
14 36 17 
13 17 14 41 42 14 3 17 25 
1 39 25 39 1 34 
10 40 17 40 34 1 39 38 
6 43 32 30 12 44 33 41 
18 4 45 
19 14 42 
3 45 
4 24 14 3 42 
12 33 27 35 27 45 
5 37 21 18 
2 27 29 33 12 
9 
15 9 36 35 36 
==============================

====== Algorithm Status ======
Valor:                5512
Time:                 256012
nIter:                27465
Best Iter:            27465
Improvement Count:    27464
==============================
Solution tour: 
0 9 12 33 44 31 44 12 42 3 
14 36 17 
13 17 14 41 42 14 3 17 25 
1 39 25 39 1 34 
10 40 17 40 34 1 39 38 
6 43 32 30 12 44 33 41 
18 4 45 
19 14 42 
3 45 
4 24 14 3 42 
12 33 27 35 27 45 
5 37 21 18 
2 27 29 33 12 
9 
15 9 36 35 36 
==============================

====== Algorithm Status ======
Valor:                5512
Time:                 512002
nIter:                54721
Best Iter:            54721
Improvement Count:    54720
==============================
Solution tour: 
0 9 12 33 44 31 44 12 42 3 
14 36 17 
13 17 14 41 42 14 3 17 25 
1 39 25 39 1 34 
10 40 17 40 34 1 39 38 
6 43 32 30 12 44 33 41 
18 4 45 
19 14 42 
3 45 
4 24 14 3 42 
12 33 27 35 27 45 
5 37 21 18 
2 27 29 33 12 
9 
15 9 36 35 36 
==============================

====== Algorithm Status ======
Valor:                5512
Time:                 1024002
nIter:                109138
Best Iter:            109138
Improvement Count:    109139
==============================
Solution tour: 
0 9 12 33 44 31 44 12 42 3 
14 36 17 
13 17 14 41 42 14 3 17 25 
1 39 25 39 1 34 
10 40 17 40 34 1 39 38 
6 43 32 30 12 44 33 41 
18 4 45 
19 14 42 
3 45 
4 24 14 3 42 
12 33 27 35 27 45 
5 37 21 18 
2 27 29 33 12 
9 
15 9 36 35 36 
==============================

====== Algorithm Status ======
Valor:                5512
Time:                 1024002
nIter:                109138
Best Iter:            109138
Improvement Count:    109139
==============================
Solution tour: 
0 9 12 33 44 31 44 12 42 3 
14 36 17 
13 17 14 41 42 14 3 17 25 
1 39 25 39 1 34 
10 40 17 40 34 1 39 38 
6 43 32 30 12 44 33 41 
18 4 45 
19 14 42 
3 45 
4 24 14 3 42 
12 33 27 35 27 45 
5 37 21 18 
2 27 29 33 12 
9 
15 9 36 35 36 
==============================

