=========== Input ===========
File name:                ./instances/created-instances/mm-10-40-1110588.cdop
Total node count:         51
Truck node count:         10
Drone node count:         40
=============================

========== Settings ==========
Settings file:        ./settings/Memetic-LS_MPX_1881515.config
Seed:                 1881515
Reduction method:     -
Max iter:             1024000
Population size:      13
Crossover:            MA-MPX
Local Search:         -
Warm Start:           Mario_WS
==============================

====== Algorithm Status ======
Valor:                4920
Time:                 251
nIter:                119
Best Iter:            119
Improvement Count:    118
==============================
Solution tour: 
0 20 35 30 49 
2 29 49 29 2 25 36 19 36 
6 
4 5 26 
5 
1 38 43 17 43 47 41 31 40 48 33 15 42 
8 1 21 46 34 27 12 50 49 50 3 13 39 44 
9 14 9 14 24 39 30 18 11 45 36 37 29 32 
7 
3 
==============================

====== Algorithm Status ======
Valor:                4920
Time:                 501
nIter:                255
Best Iter:            255
Improvement Count:    254
==============================
Solution tour: 
0 20 35 30 49 
2 29 49 29 2 25 36 19 36 
6 
4 5 26 
5 
1 38 43 17 43 47 41 31 40 48 33 15 42 
8 1 21 46 34 27 12 50 49 50 3 13 39 44 
9 14 9 14 24 39 30 18 11 45 36 37 29 32 
7 
3 
==============================

====== Algorithm Status ======
Valor:                4920
Time:                 1001
nIter:                537
Best Iter:            537
Improvement Count:    536
==============================
Solution tour: 
0 20 35 30 49 
2 29 49 29 2 25 36 19 36 
6 
4 5 26 
5 
1 38 43 17 43 47 41 31 40 48 33 15 42 
8 1 21 46 34 27 12 50 49 50 3 13 39 44 
9 14 9 14 24 39 30 18 11 45 36 37 29 32 
7 
3 
==============================

====== Algorithm Status ======
Valor:                4920
Time:                 2000
nIter:                1038
Best Iter:            1038
Improvement Count:    1037
==============================
Solution tour: 
0 20 35 30 49 
2 29 49 29 2 25 36 19 36 
6 
4 5 26 
5 
1 38 43 17 43 47 41 31 40 48 33 15 42 
8 1 21 46 34 27 12 50 49 50 3 13 39 44 
9 14 9 14 24 39 30 18 11 45 36 37 29 32 
7 
3 
==============================

====== Algorithm Status ======
Valor:                4920
Time:                 4000
nIter:                2105
Best Iter:            2105
Improvement Count:    2104
==============================
Solution tour: 
0 20 35 30 49 
2 29 49 29 2 25 36 19 36 
6 
4 5 26 
5 
1 38 43 17 43 47 41 31 40 48 33 15 42 
8 1 21 46 34 27 12 50 49 50 3 13 39 44 
9 14 9 14 24 39 30 18 11 45 36 37 29 32 
7 
3 
==============================

====== Algorithm Status ======
Valor:                4920
Time:                 8001
nIter:                4238
Best Iter:            4238
Improvement Count:    4237
==============================
Solution tour: 
0 20 35 30 49 
2 29 49 29 2 25 36 19 36 
6 
4 5 26 
5 
1 38 43 17 43 47 41 31 40 48 33 15 42 
8 1 21 46 34 27 12 50 49 50 3 13 39 44 
9 14 9 14 24 39 30 18 11 45 36 37 29 32 
7 
3 
==============================

====== Algorithm Status ======
Valor:                4920
Time:                 16008
nIter:                8460
Best Iter:            8460
Improvement Count:    8459
==============================
Solution tour: 
0 20 35 30 49 
2 29 49 29 2 25 36 19 36 
6 
4 5 26 
5 
1 38 43 17 43 47 41 31 40 48 33 15 42 
8 1 21 46 34 27 12 50 49 50 3 13 39 44 
9 14 9 14 24 39 30 18 11 45 36 37 29 32 
7 
3 
==============================

====== Algorithm Status ======
Valor:                4920
Time:                 32000
nIter:                16735
Best Iter:            16735
Improvement Count:    16734
==============================
Solution tour: 
0 20 35 30 49 
2 29 49 29 2 25 36 19 36 
6 
4 5 26 
5 
1 38 43 17 43 47 41 31 40 48 33 15 42 
8 1 21 46 34 27 12 50 49 50 3 13 39 44 
9 14 9 14 24 39 30 18 11 45 36 37 29 32 
7 
3 
==============================

====== Algorithm Status ======
Valor:                5177
Time:                 64000
nIter:                32656
Best Iter:            32656
Improvement Count:    32655
==============================
Solution tour: 
0 20 
6 30 
2 29 18 29 2 25 36 19 36 35 
8 1 21 46 34 27 12 50 49 50 3 13 39 44 
1 38 43 17 43 47 41 31 40 48 33 15 42 
4 5 26 
5 
9 14 9 24 39 30 49 11 45 32 
10 
7 
3 20 
==============================

====== Algorithm Status ======
Valor:                5190
Time:                 128003
nIter:                68789
Best Iter:            68789
Improvement Count:    68788
==============================
Solution tour: 
0 20 6 30 
2 29 18 29 2 25 36 19 36 35 
8 1 21 46 34 27 12 50 49 50 3 13 39 44 
1 38 43 17 43 47 41 31 40 26 33 15 42 
4 5 48 
5 
9 14 9 24 39 30 11 45 32 
10 
7 
3 20 
==============================

====== Algorithm Status ======
Valor:                5190
Time:                 256004
nIter:                142619
Best Iter:            142619
Improvement Count:    142618
==============================
Solution tour: 
0 20 6 30 
2 29 18 29 2 25 36 19 36 35 
8 1 21 46 34 27 12 50 49 50 3 13 39 44 
1 38 43 17 43 47 41 31 40 26 33 15 42 
4 5 48 
5 
9 14 9 24 39 30 11 45 32 
10 
7 
3 20 
==============================

====== Algorithm Status ======
Valor:                5246
Time:                 512008
nIter:                285824
Best Iter:            285824
Improvement Count:    285823
==============================
Solution tour: 
0 20 6 30 
6 25 
2 29 18 29 2 25 36 19 36 35 
8 1 21 46 34 27 12 50 49 50 3 13 39 44 
1 38 43 17 43 47 41 31 40 26 33 15 42 
4 5 48 
5 
9 14 9 24 39 30 11 45 32 
7 
3 20 
==============================

====== Algorithm Status ======
Valor:                5246
Time:                 1024001
nIter:                566167
Best Iter:            566167
Improvement Count:    566168
==============================
Solution tour: 
0 20 6 30 
6 25 
2 29 18 29 2 25 36 19 36 35 
8 1 21 46 34 27 12 50 49 50 3 13 39 44 
1 38 43 17 43 47 41 31 40 26 33 15 42 
4 5 48 
5 
9 14 9 24 39 30 11 45 32 
7 
3 20 
==============================

====== Algorithm Status ======
Valor:                5246
Time:                 1024001
nIter:                566167
Best Iter:            566167
Improvement Count:    566168
==============================
Solution tour: 
0 20 6 30 
6 25 
2 29 18 29 2 25 36 19 36 35 
8 1 21 46 34 27 12 50 49 50 3 13 39 44 
1 38 43 17 43 47 41 31 40 26 33 15 42 
4 5 48 
5 
9 14 9 24 39 30 11 45 32 
7 
3 20 
==============================

