=========== Input ===========
File name:                ./instances/created-instances/mm-10-40-1762875.cdop
Total node count:         51
Truck node count:         10
Drone node count:         40
=============================

========== Settings ==========
Settings file:        ./settings/Memetic_MPX_1881515.config
Seed:                 1881515
Reduction method:     -
Max iter:             1024000
Population size:      13
Crossover:            MA-MPX
Local Search:         LS
Warm Start:           Mario_WS
==============================

====== Algorithm Status ======
Valor:                6089
Time:                 274
nIter:                24
Best Iter:            24
Improvement Count:    23
==============================
Solution tour: 
0 27 9 14 
9 32 33 22 
1 12 32 10 13 41 0 
6 42 18 11 26 28 36 44 43 
4 21 27 46 6 13 
10 32 12 19 30 45 30 
8 31 24 16 35 42 
7 42 35 16 24 31 40 31 15 37 
3 37 15 11 18 42 9 27 
5 13 5 27 
2 47 48 47 39 41 46 6 
==============================

====== Algorithm Status ======
Valor:                6105
Time:                 500
nIter:                45
Best Iter:            45
Improvement Count:    44
==============================
Solution tour: 
0 27 9 14 
9 32 33 22 
1 12 32 10 13 41 0 
6 42 18 11 26 28 36 44 43 
4 21 27 46 48 47 39 6 13 
10 32 12 19 30 45 30 
8 31 24 16 35 42 
7 42 35 16 24 31 40 31 15 37 
3 37 15 11 18 42 9 27 
5 13 5 27 6 
==============================

====== Algorithm Status ======
Valor:                6105
Time:                 1010
nIter:                84
Best Iter:            84
Improvement Count:    83
==============================
Solution tour: 
0 27 9 14 
9 32 33 22 
1 12 32 10 13 41 0 
6 42 18 11 26 28 36 44 43 
4 21 27 46 48 47 39 6 13 
10 32 12 19 30 45 30 
8 31 24 16 35 42 
7 42 35 16 24 31 40 31 15 37 
3 37 15 11 18 42 9 27 
5 13 5 27 6 
==============================

====== Algorithm Status ======
Valor:                6105
Time:                 2005
nIter:                158
Best Iter:            158
Improvement Count:    157
==============================
Solution tour: 
0 27 9 14 
9 32 33 22 
1 12 32 10 13 41 0 
6 42 18 11 26 28 36 44 43 
4 21 27 46 48 47 39 6 13 
10 32 12 19 30 45 30 
8 31 24 16 35 42 
7 42 35 16 24 31 40 31 15 37 
3 37 15 11 18 42 9 27 
5 13 5 27 6 
==============================

====== Algorithm Status ======
Valor:                6105
Time:                 4003
nIter:                325
Best Iter:            325
Improvement Count:    324
==============================
Solution tour: 
0 27 9 14 
9 32 33 22 
1 12 32 10 13 41 0 
6 42 18 11 26 28 36 44 43 
4 21 27 46 48 47 39 6 13 
10 32 12 19 30 45 30 
8 31 24 16 35 42 
7 42 35 16 24 31 40 31 15 37 
3 37 15 11 18 42 9 27 
5 13 5 27 6 
==============================

====== Algorithm Status ======
Valor:                6769
Time:                 8005
nIter:                642
Best Iter:            642
Improvement Count:    641
==============================
Solution tour: 
0 
6 27 6 46 5 13 
10 30 8 31 24 8 40 8 24 16 35 42 
7 42 35 16 24 31 40 31 15 37 
3 37 15 31 8 30 45 30 21 29 17 9 27 9 42 
4 44 28 36 44 36 43 14 43 42 18 11 26 11 18 
9 32 33 22 34 38 
2 47 48 47 39 
5 13 5 46 27 12 
1 12 32 12 32 10 13 41 46 6 0 
==============================

====== Algorithm Status ======
Valor:                6769
Time:                 16010
nIter:                1232
Best Iter:            1232
Improvement Count:    1231
==============================
Solution tour: 
0 
6 27 6 46 5 13 
10 30 8 31 24 8 40 8 24 16 35 42 
7 42 35 16 24 31 40 31 15 37 
3 37 15 31 8 30 45 30 21 29 17 9 27 9 42 
4 44 28 36 44 36 43 14 43 42 18 11 26 11 18 
9 32 33 22 34 38 
2 47 48 47 39 
5 13 5 46 27 12 
1 12 32 12 32 10 13 41 46 6 0 
==============================

====== Algorithm Status ======
Valor:                6769
Time:                 32009
nIter:                2392
Best Iter:            2392
Improvement Count:    2391
==============================
Solution tour: 
0 
6 27 6 46 5 13 
10 30 8 31 24 8 40 8 24 16 35 42 
7 42 35 16 24 31 40 31 15 37 
3 37 15 31 8 30 45 30 21 29 17 9 27 9 42 
4 44 28 36 44 36 43 14 43 42 18 11 26 11 18 
9 32 33 22 34 38 
2 47 48 47 39 
5 13 5 46 27 12 
1 12 32 12 32 10 13 41 46 6 0 
==============================

====== Algorithm Status ======
Valor:                6769
Time:                 64010
nIter:                4767
Best Iter:            4767
Improvement Count:    4766
==============================
Solution tour: 
0 
6 27 6 46 5 13 
10 30 8 31 24 8 40 8 24 16 35 42 
7 42 35 16 24 31 40 31 15 37 
3 37 15 31 8 30 45 30 21 29 17 9 27 9 42 
4 44 28 36 44 36 43 14 43 42 18 11 26 11 18 
9 32 33 22 34 38 
2 47 48 47 39 
5 13 5 46 27 12 
1 12 32 12 32 10 13 41 46 6 0 
==============================

====== Algorithm Status ======
Valor:                7059
Time:                 128021
nIter:                9507
Best Iter:            9507
Improvement Count:    9506
==============================
Solution tour: 
0 41 0 
6 46 41 
7 42 35 16 24 31 40 31 15 37 24 
8 31 24 16 37 
3 37 15 31 8 30 45 30 8 24 21 29 17 9 27 9 42 
4 44 28 36 44 36 43 14 43 42 18 11 26 11 18 42 
9 32 33 22 1 34 38 
2 47 48 47 39 
5 9 5 13 5 46 27 12 
10 32 
1 32 12 32 19 32 10 13 41 27 46 6 0 
==============================

====== Algorithm Status ======
Valor:                7184
Time:                 256000
nIter:                18165
Best Iter:            18165
Improvement Count:    18164
==============================
Solution tour: 
0 6 46 27 46 
6 27 41 
7 42 35 16 24 31 40 31 15 37 24 
8 31 24 16 37 3 40 33 32 19 12 
1 22 33 25 33 8 40 
3 37 15 31 8 30 45 30 8 24 29 21 27 9 42 
4 44 28 36 44 36 43 14 43 36 28 26 11 18 17 
9 32 33 22 34 38 12 32 12 
10 13 5 46 5 13 47 48 39 
5 9 27 6 
==============================

====== Algorithm Status ======
Valor:                7229
Time:                 512004
nIter:                36109
Best Iter:            36109
Improvement Count:    36108
==============================
Solution tour: 
0 
6 46 27 41 
7 42 35 16 24 31 40 31 15 37 24 
8 31 24 16 37 3 40 8 33 32 19 12 
1 22 33 25 33 8 40 
3 37 15 31 8 30 45 30 8 24 29 21 27 9 42 
4 44 28 36 44 36 43 14 43 36 28 26 11 18 17 
9 32 33 22 34 38 12 32 12 
10 13 5 46 5 13 47 48 47 39 
5 9 27 6 
==============================

====== Algorithm Status ======
Valor:                7229
Time:                 1024007
nIter:                72135
Best Iter:            72135
Improvement Count:    72136
==============================
Solution tour: 
0 
6 46 27 41 
7 42 35 16 24 31 40 31 15 37 24 
8 31 24 16 37 3 40 8 33 32 19 12 
1 22 33 25 33 8 40 
3 37 15 31 8 30 45 30 8 24 29 21 27 9 42 
4 44 28 36 44 36 43 14 43 36 28 26 11 18 17 
9 32 33 22 34 38 12 32 12 
10 13 5 46 5 13 47 48 47 39 
5 9 27 6 
==============================

====== Algorithm Status ======
Valor:                7229
Time:                 1024007
nIter:                72135
Best Iter:            72135
Improvement Count:    72136
==============================
Solution tour: 
0 
6 46 27 41 
7 42 35 16 24 31 40 31 15 37 24 
8 31 24 16 37 3 40 8 33 32 19 12 
1 22 33 25 33 8 40 
3 37 15 31 8 30 45 30 8 24 29 21 27 9 42 
4 44 28 36 44 36 43 14 43 36 28 26 11 18 17 
9 32 33 22 34 38 12 32 12 
10 13 5 46 5 13 47 48 47 39 
5 9 27 6 
==============================

