=========== Input ===========
File name:                ./instances/created-instances/mm-10-40-1891798.cdop
Total node count:         51
Truck node count:         10
Drone node count:         40
=============================

========== Settings ==========
Settings file:        ./settings/Memetic-LS_MPX_1881515.config
Seed:                 1881515
Reduction method:     -
Max iter:             1024000
Population size:      13
Crossover:            MA-MPX
Local Search:         -
Warm Start:           Mario_WS
==============================

====== Algorithm Status ======
Valor:                5359
Time:                 250
nIter:                192
Best Iter:            192
Improvement Count:    191
==============================
Solution tour: 
0 35 
7 22 32 
8 32 39 2 50 14 
5 19 
6 19 39 48 34 9 46 9 14 
3 13 12 23 43 11 
1 44 1 17 21 1 28 19 26 23 
4 11 43 4 43 23 37 27 38 29 20 10 40 42 29 33 20 45 16 
9 
2 39 49 41 
==============================

====== Algorithm Status ======
Valor:                5359
Time:                 500
nIter:                369
Best Iter:            369
Improvement Count:    368
==============================
Solution tour: 
0 35 
7 22 32 
8 32 39 2 50 14 
5 19 
6 19 39 48 34 9 46 9 14 
3 13 12 23 43 11 
1 44 1 17 21 1 28 19 26 23 
4 11 43 4 43 23 37 27 38 29 20 10 40 42 29 33 20 45 16 
9 
2 39 49 41 
==============================

====== Algorithm Status ======
Valor:                5359
Time:                 1005
nIter:                735
Best Iter:            735
Improvement Count:    734
==============================
Solution tour: 
0 35 
7 22 32 
8 32 39 2 50 14 
5 19 
6 19 39 48 34 9 46 9 14 
3 13 12 23 43 11 
1 44 1 17 21 1 28 19 26 23 
4 11 43 4 43 23 37 27 38 29 20 10 40 42 29 33 20 45 16 
9 
2 39 49 41 
==============================

====== Algorithm Status ======
Valor:                5359
Time:                 2000
nIter:                1485
Best Iter:            1485
Improvement Count:    1484
==============================
Solution tour: 
0 35 
7 22 32 
8 32 39 2 50 14 
5 19 
6 19 39 48 34 9 46 9 14 
3 13 12 23 43 11 
1 44 1 17 21 1 28 19 26 23 
4 11 43 4 43 23 37 27 38 29 20 10 40 42 29 33 20 45 16 
9 
2 39 49 41 
==============================

====== Algorithm Status ======
Valor:                5359
Time:                 4000
nIter:                2929
Best Iter:            2929
Improvement Count:    2928
==============================
Solution tour: 
0 35 
7 22 32 
8 32 39 2 50 14 
5 19 
6 19 39 48 34 9 46 9 14 
3 13 12 23 43 11 
1 44 1 17 21 1 28 19 26 23 
4 11 43 4 43 23 37 27 38 29 20 10 40 42 29 33 20 45 16 
9 
2 39 49 41 
==============================

====== Algorithm Status ======
Valor:                5359
Time:                 8000
nIter:                5797
Best Iter:            5797
Improvement Count:    5796
==============================
Solution tour: 
0 35 
7 22 32 
8 32 39 2 50 14 
5 19 
6 19 39 48 34 9 46 9 14 
3 13 12 23 43 11 
1 44 1 17 21 1 28 19 26 23 
4 11 43 4 43 23 37 27 38 29 20 10 40 42 29 33 20 45 16 
9 
2 39 49 41 
==============================

====== Algorithm Status ======
Valor:                5359
Time:                 16002
nIter:                11385
Best Iter:            11385
Improvement Count:    11384
==============================
Solution tour: 
0 35 
7 22 32 
8 32 39 2 50 14 
5 19 
6 19 39 48 34 9 46 9 14 
3 13 12 23 43 11 
1 44 1 17 21 1 28 19 26 23 
4 11 43 4 43 23 37 27 38 29 20 10 40 42 29 33 20 45 16 
9 
2 39 49 41 
==============================

====== Algorithm Status ======
Valor:                5359
Time:                 32000
nIter:                22033
Best Iter:            22033
Improvement Count:    22032
==============================
Solution tour: 
0 35 
7 22 32 
8 32 39 2 50 14 
5 19 
6 19 39 48 34 9 46 9 14 
3 13 12 23 43 11 
1 44 1 17 21 1 28 19 26 23 
4 11 43 4 43 23 37 27 38 29 20 10 40 42 29 33 20 45 16 
9 
2 39 49 41 
==============================

====== Algorithm Status ======
Valor:                5359
Time:                 64000
nIter:                42397
Best Iter:            42397
Improvement Count:    42396
==============================
Solution tour: 
0 35 
7 22 32 
8 32 39 2 50 14 
5 19 
6 19 39 48 34 9 46 9 14 
3 13 12 23 43 11 
1 44 1 17 21 1 28 19 26 23 
4 11 43 4 43 23 37 27 38 29 20 10 40 42 29 33 20 45 16 
9 
2 39 49 41 
==============================

====== Algorithm Status ======
Valor:                5359
Time:                 128001
nIter:                81737
Best Iter:            81737
Improvement Count:    81736
==============================
Solution tour: 
0 35 
7 22 32 
8 32 39 2 50 14 
5 19 
6 19 39 48 34 9 46 9 14 
3 13 12 23 43 11 
1 44 1 17 21 1 28 19 26 23 
4 11 43 4 43 23 37 27 38 29 20 10 40 42 29 33 20 45 16 
9 
2 39 49 41 
==============================

====== Algorithm Status ======
Valor:                5359
Time:                 256000
nIter:                158081
Best Iter:            158081
Improvement Count:    158080
==============================
Solution tour: 
0 35 
7 22 32 
8 32 39 2 50 14 
5 19 
6 19 39 48 34 9 46 9 14 
3 13 12 23 43 11 
1 44 1 17 21 1 28 19 26 23 
4 11 43 4 43 23 37 27 38 29 20 10 40 42 29 33 20 45 16 
9 
2 39 49 41 
==============================

====== Algorithm Status ======
Valor:                5359
Time:                 512000
nIter:                306642
Best Iter:            306642
Improvement Count:    306641
==============================
Solution tour: 
0 35 
7 22 32 
8 32 39 2 50 14 
5 19 
6 19 39 48 34 9 46 9 14 
3 13 12 23 43 11 
1 44 1 17 21 1 28 19 26 23 
4 11 43 4 43 23 37 27 38 29 20 10 40 42 29 33 20 45 16 
9 
2 39 49 41 
==============================

====== Algorithm Status ======
Valor:                5359
Time:                 1024001
nIter:                600377
Best Iter:            600377
Improvement Count:    600378
==============================
Solution tour: 
0 35 
7 22 32 
8 32 39 2 50 14 
5 19 
6 19 39 48 34 9 46 9 14 
3 13 12 23 43 11 
1 44 1 17 21 1 28 19 26 23 
4 11 43 4 43 23 37 27 38 29 20 10 40 42 29 33 20 45 16 
9 
2 39 49 41 
==============================

====== Algorithm Status ======
Valor:                5359
Time:                 1024001
nIter:                600377
Best Iter:            600377
Improvement Count:    600378
==============================
Solution tour: 
0 35 
7 22 32 
8 32 39 2 50 14 
5 19 
6 19 39 48 34 9 46 9 14 
3 13 12 23 43 11 
1 44 1 17 21 1 28 19 26 23 
4 11 43 4 43 23 37 27 38 29 20 10 40 42 29 33 20 45 16 
9 
2 39 49 41 
==============================

