=========== Input ===========
File name:                ./instances/created-instances/mm-25-10-1762875.cdop
Total node count:         36
Truck node count:         25
Drone node count:         10
=============================

========== Settings ==========
Settings file:        ./settings/Memetic-LS_MMX_1881515.config
Seed:                 1881515
Reduction method:     -
Max iter:             1024000
Population size:      13
Crossover:            MA-MMX
Local Search:         -
Warm Start:           Mario_WS
==============================

====== Algorithm Status ======
Valor:                3025
Time:                 250
nIter:                455
Best Iter:            455
Improvement Count:    454
==============================
Solution tour: 
0 14 
5 
16 
2 
14 
24 13 33 
13 20 
10 
1 17 31 
17 30 
12 
8 
3 
23 18 
11 
18 23 
22 26 35 
20 35 19 24 
19 10 27 
9 29 
21 
15 11 32 29 21 
4 0 
7 0 30 
==============================

====== Algorithm Status ======
Valor:                3025
Time:                 500
nIter:                948
Best Iter:            948
Improvement Count:    947
==============================
Solution tour: 
0 14 
5 
16 
2 
14 
24 13 33 
13 20 
10 
1 17 31 
17 30 
12 
8 
3 
23 18 
11 
18 23 
22 26 35 
20 35 19 24 
19 10 27 
9 29 
21 
15 11 32 29 21 
4 0 
7 0 30 
==============================

====== Algorithm Status ======
Valor:                3041
Time:                 1000
nIter:                1978
Best Iter:            1978
Improvement Count:    1977
==============================
Solution tour: 
0 14 
5 
16 
14 
24 13 33 
13 20 
10 
1 17 31 
17 30 
12 
8 
3 
23 18 
11 
18 23 
22 26 35 
20 35 19 24 
19 10 27 
9 29 
21 
15 11 32 29 21 
4 0 
7 0 30 
==============================

====== Algorithm Status ======
Valor:                3079
Time:                 2000
nIter:                4056
Best Iter:            4056
Improvement Count:    4055
==============================
Solution tour: 
0 14 
5 13 15 
24 
14 33 
13 20 
10 
1 17 31 
17 30 
12 
8 
3 
23 18 
11 
18 23 
22 26 35 
20 35 19 24 
19 10 27 
9 29 
21 
15 11 32 29 21 
4 0 
7 0 30 
==============================

====== Algorithm Status ======
Valor:                3079
Time:                 4000
nIter:                8217
Best Iter:            8217
Improvement Count:    8216
==============================
Solution tour: 
0 14 
5 13 15 
24 
14 33 
13 20 
10 
1 17 31 
17 30 
12 
8 
3 
23 18 
11 
18 23 
22 26 35 
20 35 19 24 
19 10 27 
9 29 
21 
15 11 32 29 21 
4 0 
7 0 30 
==============================

====== Algorithm Status ======
Valor:                3379
Time:                 8000
nIter:                16535
Best Iter:            16535
Improvement Count:    16534
==============================
Solution tour: 
0 
14 
24 33 
5 13 33 
13 20 21 20 
10 
1 17 31 
17 30 
12 
8 
3 
23 18 23 
22 26 35 26 35 
20 35 19 24 
19 10 27 
9 29 32 29 21 
4 0 
7 0 19 0 30 
==============================

====== Algorithm Status ======
Valor:                3468
Time:                 16000
nIter:                33052
Best Iter:            33052
Improvement Count:    33051
==============================
Solution tour: 
0 13 
5 2 33 13 33 
13 20 21 20 
10 20 17 31 
17 30 
12 
8 
3 
23 18 23 
22 26 35 26 35 
20 35 19 24 
19 27 
9 29 32 21 
4 0 
7 0 19 13 19 13 0 30 
==============================

====== Algorithm Status ======
Valor:                3558
Time:                 32000
nIter:                66613
Best Iter:            66613
Improvement Count:    66612
==============================
Solution tour: 
0 13 33 2 33 
13 20 21 20 
10 20 17 31 
17 30 
12 
8 
3 
23 18 23 
22 26 29 35 26 35 
20 35 19 24 
19 27 
9 29 32 29 21 
4 0 
7 0 19 13 19 13 0 30 
==============================

====== Algorithm Status ======
Valor:                3799
Time:                 64000
nIter:                133370
Best Iter:            133370
Improvement Count:    133369
==============================
Solution tour: 
0 13 33 2 33 
13 29 20 
10 20 17 31 
17 30 
12 
8 
3 
23 18 26 18 8 26 34 26 29 26 35 
20 19 24 
19 27 
9 29 32 29 21 
4 0 
7 0 19 0 30 
==============================

====== Algorithm Status ======
Valor:                3945
Time:                 128000
nIter:                263368
Best Iter:            263368
Improvement Count:    263367
==============================
Solution tour: 
0 13 33 2 33 
13 29 20 
10 30 17 31 
17 30 8 
12 
8 18 
23 18 26 18 8 26 34 26 29 26 35 
20 19 24 
19 27 
9 29 32 29 21 
4 0 
7 0 19 13 0 30 
==============================

====== Algorithm Status ======
Valor:                4003
Time:                 256001
nIter:                517243
Best Iter:            517243
Improvement Count:    517242
==============================
Solution tour: 
0 13 33 2 33 
13 29 20 
10 30 17 31 
17 30 20 8 
12 
8 18 
23 18 26 18 8 26 34 26 29 26 35 
20 19 24 
19 27 
9 29 32 29 21 
4 0 
7 0 19 13 0 30 
==============================

====== Algorithm Status ======
Valor:                4167
Time:                 512000
nIter:                1017603
Best Iter:            1017603
Improvement Count:    1017602
==============================
Solution tour: 
0 13 33 
24 33 2 33 
13 20 8 20 
10 30 17 31 
17 30 8 
12 
8 18 
23 18 26 18 8 26 34 26 29 26 35 
20 19 24 
19 27 
9 29 32 29 21 
4 0 
7 0 19 13 0 30 
==============================

====== Algorithm Status ======
Valor:                4167
Time:                 1024001
nIter:                2003722
Best Iter:            2003722
Improvement Count:    2003723
==============================
Solution tour: 
0 13 33 
24 33 2 33 
13 20 8 20 
10 30 17 31 
17 30 8 
12 
8 18 
23 18 26 18 8 26 34 26 29 26 35 
20 19 24 
19 27 
9 29 32 29 21 
4 0 
7 0 19 13 0 30 
==============================

====== Algorithm Status ======
Valor:                4167
Time:                 1024001
nIter:                2003722
Best Iter:            2003722
Improvement Count:    2003723
==============================
Solution tour: 
0 13 33 
24 33 2 33 
13 20 8 20 
10 30 17 31 
17 30 8 
12 
8 18 
23 18 26 18 8 26 34 26 29 26 35 
20 19 24 
19 27 
9 29 32 29 21 
4 0 
7 0 19 13 0 30 
==============================

