=========== Input ===========
File name:                ./instances/created-instances/mm-20-25-1110588.cdop
Total node count:         46
Truck node count:         20
Drone node count:         25
=============================

========== Settings ==========
Settings file:        ./settings/Memetic-LS_MMX_1881515.config
Seed:                 1881515
Reduction method:     -
Max iter:             1024000
Population size:      13
Crossover:            MA-MMX
Local Search:         -
Warm Start:           Mario_WS
==============================

====== Algorithm Status ======
Valor:                4159
Time:                 251
nIter:                303
Best Iter:            303
Improvement Count:    302
==============================
Solution tour: 
0 36 37 27 
13 24 33 
2 40 33 
6 38 30 32 39 27 29 
16 
19 31 39 43 39 
12 7 28 42 8 
1 
8 43 4 
9 4 25 6 23 44 15 
11 
15 
10 
7 
17 20 31 
4 25 34 24 41 
5 
14 
3 
==============================

====== Algorithm Status ======
Valor:                4159
Time:                 500
nIter:                594
Best Iter:            594
Improvement Count:    593
==============================
Solution tour: 
0 36 37 27 
13 24 33 
2 40 33 
6 38 30 32 39 27 29 
16 
19 31 39 43 39 
12 7 28 42 8 
1 
8 43 4 
9 4 25 6 23 44 15 
11 
15 
10 
7 
17 20 31 
4 25 34 24 41 
5 
14 
3 
==============================

====== Algorithm Status ======
Valor:                4159
Time:                 1001
nIter:                1203
Best Iter:            1203
Improvement Count:    1202
==============================
Solution tour: 
0 36 37 27 
13 24 33 
2 40 33 
6 38 30 32 39 27 29 
16 
19 31 39 43 39 
12 7 28 42 8 
1 
8 43 4 
9 4 25 6 23 44 15 
11 
15 
10 
7 
17 20 31 
4 25 34 24 41 
5 
14 
3 
==============================

====== Algorithm Status ======
Valor:                4159
Time:                 2000
nIter:                2385
Best Iter:            2385
Improvement Count:    2384
==============================
Solution tour: 
0 36 37 27 
13 24 33 
2 40 33 
6 38 30 32 39 27 29 
16 
19 31 39 43 39 
12 7 28 42 8 
1 
8 43 4 
9 4 25 6 23 44 15 
11 
15 
10 
7 
17 20 31 
4 25 34 24 41 
5 
14 
3 
==============================

====== Algorithm Status ======
Valor:                4270
Time:                 4000
nIter:                4656
Best Iter:            4656
Improvement Count:    4655
==============================
Solution tour: 
0 36 37 36 27 
13 24 33 
2 40 33 
6 38 30 32 39 29 
16 
19 31 39 43 39 31 
12 7 28 42 8 
1 
8 43 4 
9 4 25 6 23 44 15 
11 
15 
10 28 20 31 25 34 24 41 
5 
14 
3 
==============================

====== Algorithm Status ======
Valor:                4270
Time:                 8000
nIter:                9562
Best Iter:            9562
Improvement Count:    9561
==============================
Solution tour: 
0 36 37 36 27 
13 24 33 
2 40 33 
6 38 30 32 39 29 
16 
19 31 39 43 39 31 
12 7 28 42 8 
1 
8 43 4 
9 4 25 6 23 44 15 
11 
15 
10 28 20 31 25 34 24 41 
5 
14 
3 
==============================

====== Algorithm Status ======
Valor:                4290
Time:                 16002
nIter:                19392
Best Iter:            19392
Improvement Count:    19391
==============================
Solution tour: 
0 36 37 36 27 
13 24 27 40 33 
6 38 30 32 39 29 
16 
19 31 39 43 39 31 
12 7 28 42 8 
1 
8 43 4 
9 4 25 6 23 44 15 
11 
15 
10 28 20 31 25 34 24 41 
5 
14 
3 
==============================

====== Algorithm Status ======
Valor:                4510
Time:                 32003
nIter:                38846
Best Iter:            38846
Improvement Count:    38845
==============================
Solution tour: 
0 36 37 36 27 
13 24 27 33 40 
6 38 30 
16 
19 31 39 31 
12 7 28 42 8 
1 
8 43 4 
9 4 25 33 25 6 23 44 15 
11 
15 
10 28 20 31 25 34 25 34 24 
5 29 23 6 
3 
==============================

====== Algorithm Status ======
Valor:                4667
Time:                 64000
nIter:                76909
Best Iter:            76909
Improvement Count:    76908
==============================
Solution tour: 
0 36 37 36 27 
13 27 40 33 40 
6 38 30 
16 
19 31 39 31 
12 7 28 7 28 42 8 
1 
8 43 4 
9 4 25 33 25 6 25 23 44 15 
11 
15 
10 28 20 31 25 31 34 25 34 24 29 23 6 
3 
==============================

====== Algorithm Status ======
Valor:                4837
Time:                 128000
nIter:                151223
Best Iter:            151223
Improvement Count:    151222
==============================
Solution tour: 
0 36 37 27 
13 27 40 33 40 
6 38 30 38 
19 31 39 31 
12 7 28 7 28 42 8 
1 
8 43 4 
9 4 25 33 25 6 25 23 44 15 
11 
15 36 20 31 19 34 25 34 24 29 6 23 6 
3 
==============================

====== Algorithm Status ======
Valor:                4866
Time:                 256000
nIter:                299679
Best Iter:            299679
Improvement Count:    299678
==============================
Solution tour: 
0 36 37 27 
13 27 40 33 40 
6 38 30 38 
19 31 39 31 
12 7 28 7 28 42 8 
1 
8 43 4 
9 4 25 33 25 6 25 23 44 15 
11 
15 36 20 
17 20 31 19 34 25 34 24 29 23 6 
3 
==============================

====== Algorithm Status ======
Valor:                4964
Time:                 512000
nIter:                595456
Best Iter:            595456
Improvement Count:    595455
==============================
Solution tour: 
0 36 37 27 
13 27 40 33 40 
6 38 30 38 
19 31 39 12 4 28 7 28 42 8 
1 
8 43 4 
9 25 33 25 6 25 23 44 15 
11 
15 36 20 
17 20 31 19 34 25 34 24 29 23 6 24 6 
3 
==============================

====== Algorithm Status ======
Valor:                5154
Time:                 1024002
nIter:                1129591
Best Iter:            1129591
Improvement Count:    1129592
==============================
Solution tour: 
0 36 37 27 
13 27 40 33 40 
6 38 30 38 
19 31 39 4 12 4 28 7 28 42 8 
1 
8 43 4 
9 25 33 25 6 25 23 44 15 
11 
15 36 20 
17 20 31 19 34 25 34 24 13 29 27 29 23 6 24 6 
3 
==============================

====== Algorithm Status ======
Valor:                5154
Time:                 1024002
nIter:                1129591
Best Iter:            1129591
Improvement Count:    1129592
==============================
Solution tour: 
0 36 37 27 
13 27 40 33 40 
6 38 30 38 
19 31 39 4 12 4 28 7 28 42 8 
1 
8 43 4 
9 25 33 25 6 25 23 44 15 
11 
15 36 20 
17 20 31 19 34 25 34 24 13 29 27 29 23 6 24 6 
3 
==============================

