=========== Input ===========
File name:                ./instances/created-instances/mm-5-40-1110588.cdop
Total node count:         46
Truck node count:         5
Drone node count:         40
=============================

========== Settings ==========
Settings file:        ./settings/Memetic_MMX_1099666.config
Seed:                 1099666
Reduction method:     -
Max iter:             1024000
Population size:      13
Crossover:            MA-MMX
Local Search:         LS
Warm Start:           Mario_WS
==============================

====== Algorithm Status ======
Valor:                6203
Time:                 270
nIter:                25
Best Iter:            25
Improvement Count:    24
==============================
Solution tour: 
0 27 20 6 11 31 45 39 45 38 9 38 13 15 4 25 32 44 32 28 16 28 10 28 16 20 17 34 37 8 37 42 19 22 8 44 25 6 35 
3 25 44 26 33 15 41 36 41 15 5 35 34 17 20 6 20 35 23 21 43 34 24 30 13 30 31 18 34 3 24 3 35 20 27 18 31 30 15 4 15 
==============================

====== Algorithm Status ======
Valor:                6356
Time:                 502
nIter:                56
Best Iter:            56
Improvement Count:    55
==============================
Solution tour: 
0 27 2 6 11 31 45 39 38 9 38 30 13 15 33 37 15 40 42 37 33 42 36 22 32 44 32 28 16 28 10 28 33 37 42 15 5 
3 5 4 37 8 25 44 26 33 15 41 15 5 35 34 17 20 6 20 35 23 21 43 17 34 24 5 13 30 31 3 24 3 35 20 27 34 18 31 30 15 4 15 30 
==============================

====== Algorithm Status ======
Valor:                6361
Time:                 1000
nIter:                102
Best Iter:            102
Improvement Count:    101
==============================
Solution tour: 
0 27 20 6 11 31 45 39 45 38 9 30 26 44 32 28 20 16 28 10 28 16 20 17 34 37 8 37 42 19 22 44 25 28 6 35 
3 25 44 26 33 15 41 36 41 15 5 11 35 34 17 20 6 20 35 23 21 43 34 24 31 30 13 30 31 18 34 3 24 3 35 20 27 34 18 31 11 6 27 
==============================

====== Algorithm Status ======
Valor:                6668
Time:                 2002
nIter:                197
Best Iter:            197
Improvement Count:    196
==============================
Solution tour: 
0 27 20 35 3 29 38 9 38 11 33 37 8 32 44 32 28 33 16 20 28 20 16 28 10 28 16 34 24 3 24 3 5 41 36 41 
4 15 5 3 43 23 17 20 6 11 31 30 13 15 4 31 45 39 45 30 15 33 6 20 27 17 34 35 6 25 44 26 42 15 40 15 13 30 31 11 6 35 34 17 34 18 
==============================

====== Algorithm Status ======
Valor:                6752
Time:                 4000
nIter:                354
Best Iter:            354
Improvement Count:    353
==============================
Solution tour: 
0 27 20 35 3 29 38 9 38 11 33 37 8 32 44 32 28 16 20 28 20 16 28 10 28 16 34 24 34 3 24 3 5 41 36 41 7 41 
4 15 5 3 43 23 17 20 6 11 31 30 13 15 4 31 45 39 45 30 31 6 20 27 34 35 6 28 25 44 26 42 15 40 15 13 45 31 11 6 35 34 17 34 18 
==============================

====== Algorithm Status ======
Valor:                6931
Time:                 8015
nIter:                687
Best Iter:            687
Improvement Count:    686
==============================
Solution tour: 
0 27 20 35 3 29 38 9 38 11 33 37 8 32 44 32 28 6 16 6 20 16 28 10 28 16 20 17 34 24 34 3 24 3 5 41 36 41 7 12 
4 15 5 3 43 23 17 20 6 11 31 30 13 15 4 31 45 39 45 13 30 31 11 6 20 27 34 35 6 25 44 26 42 15 40 15 13 45 31 3 35 34 17 34 18 
==============================

====== Algorithm Status ======
Valor:                7076
Time:                 16030
nIter:                1256
Best Iter:            1256
Improvement Count:    1255
==============================
Solution tour: 
0 27 20 35 34 17 34 18 29 38 9 38 13 30 31 11 33 15 37 42 37 8 25 44 32 28 6 20 16 6 16 28 10 28 16 20 
5 3 34 3 24 34 24 3 5 41 36 41 40 7 12 22 
4 15 5 24 0 43 23 17 20 6 11 31 30 13 15 4 31 45 39 45 31 18 34 35 20 27 
==============================

====== Algorithm Status ======
Valor:                7077
Time:                 32000
nIter:                2351
Best Iter:            2351
Improvement Count:    2350
==============================
Solution tour: 
0 27 20 17 34 18 29 38 9 38 13 30 31 11 33 15 37 42 37 8 25 44 32 28 6 20 16 6 16 28 10 28 16 20 35 11 
5 3 35 34 35 3 24 34 24 3 5 41 36 41 40 7 12 22 
4 15 5 24 0 43 21 23 17 20 6 11 31 30 13 15 4 31 45 39 45 31 35 20 27 
==============================

====== Algorithm Status ======
Valor:                7089
Time:                 64000
nIter:                4505
Best Iter:            4505
Improvement Count:    4504
==============================
Solution tour: 
0 27 20 17 34 17 34 18 29 38 9 38 13 30 31 11 33 15 37 42 37 8 25 44 32 28 16 6 20 16 28 10 28 16 20 35 11 
5 3 35 34 35 3 24 34 24 3 5 41 36 41 15 40 7 12 22 
4 15 5 24 0 43 23 21 23 17 20 6 11 31 30 13 15 4 31 45 39 45 31 35 20 27 
==============================

====== Algorithm Status ======
Valor:                7361
Time:                 128028
nIter:                8919
Best Iter:            8919
Improvement Count:    8918
==============================
Solution tour: 
0 27 20 17 34 18 29 38 9 38 45 39 45 31 45 14 13 30 31 11 33 37 42 37 8 25 44 32 28 20 16 28 10 28 16 6 16 20 6 11 31 30 13 
5 3 35 34 35 3 24 34 24 3 5 41 36 41 5 15 42 15 40 7 12 22 19 22 
4 15 5 24 0 43 23 21 23 35 6 20 35 20 27 
==============================

====== Algorithm Status ======
Valor:                7443
Time:                 256008
nIter:                18215
Best Iter:            18215
Improvement Count:    18214
==============================
Solution tour: 
0 27 20 17 34 18 29 38 9 38 45 39 45 31 45 13 15 33 8 37 42 37 8 25 44 32 44 25 10 16 28 10 28 16 6 20 16 20 6 11 31 30 13 30 31 
5 3 35 34 35 3 24 34 24 3 5 41 36 41 5 15 42 15 40 7 12 22 19 22 
4 15 5 24 0 43 23 21 23 35 34 17 20 35 20 27 
==============================

====== Algorithm Status ======
Valor:                7469
Time:                 512006
nIter:                36426
Best Iter:            36426
Improvement Count:    36425
==============================
Solution tour: 
0 27 20 17 34 18 29 38 9 38 45 39 45 31 45 14 13 15 33 8 37 42 37 8 25 44 32 44 25 10 28 6 20 16 28 10 28 16 20 6 11 31 30 13 30 31 
5 3 34 35 3 24 34 24 3 5 41 36 41 5 15 42 15 40 7 12 22 19 22 
4 15 5 24 0 43 23 21 23 35 34 17 20 35 20 27 
==============================

====== Algorithm Status ======
Valor:                7513
Time:                 1024018
nIter:                72787
Best Iter:            72787
Improvement Count:    72788
==============================
Solution tour: 
0 27 20 17 34 18 29 38 9 38 39 45 31 45 14 45 39 30 15 33 37 8 37 42 26 44 32 44 25 28 10 28 16 20 6 20 16 6 11 31 30 13 30 31 
5 3 34 35 3 24 34 24 3 5 41 36 41 5 15 42 15 40 7 12 22 19 22 
4 15 5 24 0 43 23 21 23 35 34 17 20 35 20 27 
==============================

====== Algorithm Status ======
Valor:                7513
Time:                 1024018
nIter:                72787
Best Iter:            72787
Improvement Count:    72788
==============================
Solution tour: 
0 27 20 17 34 18 29 38 9 38 39 45 31 45 14 45 39 30 15 33 37 8 37 42 26 44 32 44 25 28 10 28 16 20 6 20 16 6 11 31 30 13 30 31 
5 3 34 35 3 24 34 24 3 5 41 36 41 5 15 42 15 40 7 12 22 19 22 
4 15 5 24 0 43 23 21 23 35 34 17 20 35 20 27 
==============================

