=========== Input ===========
File name:                ./instances/created-instances/mm-10-10-1767920.cdop
Total node count:         21
Truck node count:         10
Drone node count:         10
=============================

========== Settings ==========
Settings file:        ./settings/Memetic-LS_MPX_1881515.config
Seed:                 1881515
Reduction method:     -
Max iter:             1024000
Population size:      13
Crossover:            MA-MPX
Local Search:         -
Warm Start:           Mario_WS
==============================

====== Algorithm Status ======
Valor:                3006
Time:                 250
nIter:                471
Best Iter:            471
Improvement Count:    470
==============================
Solution tour: 
0 
8 
7 
4 16 17 16 4 7 19 20 18 20 19 4 12 
5 
2 16 2 7 11 15 17 20 
6 5 6 
9 
3 13 18 1 14 
1 11 7 8 
==============================

====== Algorithm Status ======
Valor:                3006
Time:                 500
nIter:                958
Best Iter:            958
Improvement Count:    957
==============================
Solution tour: 
0 
8 
7 
4 16 17 16 4 7 19 20 18 20 19 4 12 
5 
2 16 2 7 11 15 17 20 
6 5 6 
9 
3 13 18 1 14 
1 11 7 8 
==============================

====== Algorithm Status ======
Valor:                3006
Time:                 1000
nIter:                1982
Best Iter:            1982
Improvement Count:    1981
==============================
Solution tour: 
0 
8 
7 
4 16 17 16 4 7 19 20 18 20 19 4 12 
5 
2 16 2 7 11 15 17 20 
6 5 6 
9 
3 13 18 1 14 
1 11 7 8 
==============================

====== Algorithm Status ======
Valor:                3006
Time:                 2000
nIter:                3987
Best Iter:            3987
Improvement Count:    3986
==============================
Solution tour: 
0 
8 
7 
4 16 17 16 4 7 19 20 18 20 19 4 12 
5 
2 16 2 7 11 15 17 20 
6 5 6 
9 
3 13 18 1 14 
1 11 7 8 
==============================

====== Algorithm Status ======
Valor:                3006
Time:                 4000
nIter:                8176
Best Iter:            8176
Improvement Count:    8175
==============================
Solution tour: 
0 
8 
7 
4 16 17 16 4 7 19 20 18 20 19 4 12 
5 
2 16 2 7 11 15 17 20 
6 5 6 
9 
3 13 18 1 14 
1 11 7 8 
==============================

====== Algorithm Status ======
Valor:                3006
Time:                 8000
nIter:                16631
Best Iter:            16631
Improvement Count:    16630
==============================
Solution tour: 
0 
8 
7 
4 16 17 16 4 7 19 20 18 20 19 4 12 
5 
2 16 2 7 11 15 17 20 
6 5 6 
9 
3 13 18 1 14 
1 11 7 8 
==============================

====== Algorithm Status ======
Valor:                3016
Time:                 16000
nIter:                33452
Best Iter:            33452
Improvement Count:    33451
==============================
Solution tour: 
0 11 7 8 
7 
4 16 17 16 4 7 19 20 18 20 19 4 12 
5 
2 16 2 7 11 15 17 20 
6 5 6 
9 
10 
3 13 18 1 14 
1 11 8 
==============================

====== Algorithm Status ======
Valor:                3052
Time:                 32000
nIter:                65586
Best Iter:            65586
Improvement Count:    65585
==============================
Solution tour: 
0 11 7 8 
7 
4 16 17 16 4 7 19 20 18 20 19 4 12 
5 
2 16 2 7 11 15 17 20 
6 5 6 
9 
10 
3 13 18 1 14 
1 11 8 18 13 
==============================

====== Algorithm Status ======
Valor:                3052
Time:                 64000
nIter:                129039
Best Iter:            129039
Improvement Count:    129038
==============================
Solution tour: 
0 11 7 8 
7 
4 16 17 16 4 7 19 20 18 20 19 4 12 
5 
2 16 2 7 11 15 17 20 
6 5 6 
9 
10 
3 13 18 1 14 
1 11 8 18 13 
==============================

====== Algorithm Status ======
Valor:                3079
Time:                 128000
nIter:                254533
Best Iter:            254533
Improvement Count:    254532
==============================
Solution tour: 
0 11 7 8 
7 
4 16 17 16 4 7 19 20 18 20 19 4 12 
5 
2 16 2 7 11 15 20 17 20 
6 5 6 
9 
10 
3 13 18 1 14 
1 8 11 18 13 
==============================

====== Algorithm Status ======
Valor:                3383
Time:                 256000
nIter:                492529
Best Iter:            492529
Improvement Count:    492528
==============================
Solution tour: 
0 8 11 7 19 8 
7 
8 19 20 
4 16 17 16 4 20 18 20 19 12 
5 
2 16 2 7 11 15 20 17 20 
6 5 6 
3 13 1 14 
9 
10 9 14 
1 13 18 13 
==============================

====== Algorithm Status ======
Valor:                3418
Time:                 512000
nIter:                967905
Best Iter:            967905
Improvement Count:    967904
==============================
Solution tour: 
0 8 11 7 19 8 
7 
8 19 20 
6 5 6 
3 13 1 14 
9 
10 9 14 
1 13 18 13 
2 16 2 7 11 15 20 17 20 
4 16 17 16 4 20 18 20 19 12 
==============================

====== Algorithm Status ======
Valor:                3430
Time:                 1024001
nIter:                2001544
Best Iter:            2001544
Improvement Count:    2001545
==============================
Solution tour: 
0 8 11 7 19 8 
7 
8 19 20 
6 5 6 
3 13 11 1 14 
9 
10 9 14 
1 13 18 13 
2 16 2 7 11 15 20 17 20 
4 16 17 16 4 20 18 20 19 12 
==============================

====== Algorithm Status ======
Valor:                3430
Time:                 1024001
nIter:                2001544
Best Iter:            2001544
Improvement Count:    2001545
==============================
Solution tour: 
0 8 11 7 19 8 
7 
8 19 20 
6 5 6 
3 13 11 1 14 
9 
10 9 14 
1 13 18 13 
2 16 2 7 11 15 20 17 20 
4 16 17 16 4 20 18 20 19 12 
==============================

