=========== Input ===========
File name:                ./instances/created-instances/mm-20-10-1891798.cdop
Total node count:         31
Truck node count:         20
Drone node count:         10
=============================

========== Settings ==========
Settings file:        ./settings/Memetic-LS_MPX_1287823.config
Seed:                 1287823
Reduction method:     -
Max iter:             1024000
Population size:      13
Crossover:            MA-MPX
Local Search:         -
Warm Start:           Mario_WS
==============================

====== Algorithm Status ======
Valor:                3195
Time:                 250
nIter:                535
Best Iter:            535
Improvement Count:    534
==============================
Solution tour: 
0 7 23 
7 28 24 9 21 26 17 
19 24 5 
8 
12 
14 15 29 
17 29 
15 
5 12 28 25 
6 
11 22 30 6 25 18 
3 
18 
1 4 16 
4 
9 
2 
16 27 29 2 
10 
13 
==============================

====== Algorithm Status ======
Valor:                3195
Time:                 500
nIter:                1026
Best Iter:            1026
Improvement Count:    1025
==============================
Solution tour: 
0 7 23 
7 28 24 9 21 26 17 
19 24 5 
8 
12 
14 15 29 
17 29 
15 
5 12 28 25 
6 
11 22 30 6 25 18 
3 
18 
1 4 16 
4 
9 
2 
16 27 29 2 
10 
13 
==============================

====== Algorithm Status ======
Valor:                3195
Time:                 1000
nIter:                1957
Best Iter:            1957
Improvement Count:    1956
==============================
Solution tour: 
0 7 23 
7 28 24 9 21 26 17 
19 24 5 
8 
12 
14 15 29 
17 29 
15 
5 12 28 25 
6 
11 22 30 6 25 18 
3 
18 
1 4 16 
4 
9 
2 
16 27 29 2 
10 
13 
==============================

====== Algorithm Status ======
Valor:                3195
Time:                 2000
nIter:                3866
Best Iter:            3866
Improvement Count:    3865
==============================
Solution tour: 
0 7 23 
7 28 24 9 21 26 17 
19 24 5 
8 
12 
14 15 29 
17 29 
15 
5 12 28 25 
6 
11 22 30 6 25 18 
3 
18 
1 4 16 
4 
9 
2 
16 27 29 2 
10 
13 
==============================

====== Algorithm Status ======
Valor:                3195
Time:                 4000
nIter:                7737
Best Iter:            7737
Improvement Count:    7736
==============================
Solution tour: 
0 7 23 
7 28 24 9 21 26 17 
19 24 5 
8 
12 
14 15 29 
17 29 
15 
5 12 28 25 
6 
11 22 30 6 25 18 
3 
18 
1 4 16 
4 
9 
2 
16 27 29 2 
10 
13 
==============================

====== Algorithm Status ======
Valor:                3195
Time:                 8000
nIter:                15271
Best Iter:            15271
Improvement Count:    15270
==============================
Solution tour: 
0 7 23 
7 28 24 9 21 26 17 
19 24 5 
8 
12 
14 15 29 
17 29 
15 
5 12 28 25 
6 
11 22 30 6 25 18 
3 
18 
1 4 16 
4 
9 
2 
16 27 29 2 
10 
13 
==============================

====== Algorithm Status ======
Valor:                3195
Time:                 16000
nIter:                30321
Best Iter:            30321
Improvement Count:    30320
==============================
Solution tour: 
0 7 23 
7 28 24 9 21 26 17 
19 24 5 
8 
12 
14 15 29 
17 29 
15 
5 12 28 25 
6 
11 22 30 6 25 18 
3 
18 
1 4 16 
4 
9 
2 
16 27 29 2 
10 
13 
==============================

====== Algorithm Status ======
Valor:                3195
Time:                 32000
nIter:                60855
Best Iter:            60855
Improvement Count:    60854
==============================
Solution tour: 
0 7 23 
7 28 24 9 21 26 17 
19 24 5 
8 
12 
14 15 29 
17 29 
15 
5 12 28 25 
6 
11 22 30 6 25 18 
3 
18 
1 4 16 
4 
9 
2 
16 27 29 2 
10 
13 
==============================

====== Algorithm Status ======
Valor:                3195
Time:                 64000
nIter:                121441
Best Iter:            121441
Improvement Count:    121440
==============================
Solution tour: 
0 7 23 
7 28 24 9 21 26 17 
19 24 5 
8 
12 
14 15 29 
17 29 
15 
5 12 28 25 
6 
11 22 30 6 25 18 
3 
18 
1 4 16 
4 
9 
2 
16 27 29 2 
10 
13 
==============================

====== Algorithm Status ======
Valor:                3260
Time:                 128000
nIter:                242664
Best Iter:            242664
Improvement Count:    242663
==============================
Solution tour: 
0 7 23 
7 28 24 9 21 26 17 
19 24 5 
8 
12 
14 15 29 
17 29 
15 
5 12 28 25 
6 
11 22 30 6 25 18 
3 
18 
1 4 16 
4 
9 
20 
16 27 29 2 
10 
==============================

====== Algorithm Status ======
Valor:                3260
Time:                 256000
nIter:                488014
Best Iter:            488014
Improvement Count:    488013
==============================
Solution tour: 
0 7 23 
7 28 24 9 21 26 17 
19 24 5 
8 
12 
14 15 29 
17 29 
15 
5 12 28 25 
6 
11 22 30 6 25 18 
3 
18 
1 4 16 
4 
9 
20 
16 27 29 2 
10 
==============================

====== Algorithm Status ======
Valor:                3290
Time:                 512000
nIter:                971598
Best Iter:            971598
Improvement Count:    971597
==============================
Solution tour: 
0 7 23 
7 28 24 9 21 26 17 
19 24 5 
8 
12 
14 15 29 
17 29 
15 
5 12 28 25 
6 
11 22 30 6 25 18 
3 
18 
1 4 16 
4 
9 
20 
16 27 29 2 
13 24 
==============================

====== Algorithm Status ======
Valor:                3290
Time:                 1024001
nIter:                1928809
Best Iter:            1928809
Improvement Count:    1928810
==============================
Solution tour: 
0 7 23 
7 28 24 9 21 26 17 
19 24 5 
8 
12 
14 15 29 
17 29 
15 
5 12 28 25 
6 
11 22 30 6 25 18 
3 
18 
1 4 16 
4 
9 
20 
16 27 29 2 
13 24 
==============================

====== Algorithm Status ======
Valor:                3290
Time:                 1024001
nIter:                1928809
Best Iter:            1928809
Improvement Count:    1928810
==============================
Solution tour: 
0 7 23 
7 28 24 9 21 26 17 
19 24 5 
8 
12 
14 15 29 
17 29 
15 
5 12 28 25 
6 
11 22 30 6 25 18 
3 
18 
1 4 16 
4 
9 
20 
16 27 29 2 
13 24 
==============================

