=========== Input ===========
File name:                ./instances/created-instances/mm-10-25-1891798.cdop
Total node count:         36
Truck node count:         10
Drone node count:         25
=============================

========== Settings ==========
Settings file:        ./settings/Memetic_MPX_1099666.config
Seed:                 1099666
Reduction method:     -
Max iter:             1024000
Population size:      13
Crossover:            MA-MPX
Local Search:         LS
Warm Start:           Mario_WS
==============================

====== Algorithm Status ======
Valor:                5331
Time:                 250
nIter:                30
Best Iter:            30
Improvement Count:    29
==============================
Solution tour: 
0 35 7 18 33 
5 19 16 19 23 
6 11 
4 19 9 26 34 32 
8 20 29 32 
7 35 33 18 29 8 32 22 32 
2 20 8 27 15 25 15 24 15 24 12 21 12 13 17 
3 17 14 17 11 6 23 
1 23 9 19 2 
10 22 
==============================

====== Algorithm Status ======
Valor:                5797
Time:                 501
nIter:                68
Best Iter:            68
Improvement Count:    67
==============================
Solution tour: 
0 35 7 35 
7 35 7 18 33 5 33 18 29 8 32 22 32 
2 32 8 27 15 25 15 24 15 24 12 21 12 13 12 17 
3 17 14 17 11 6 11 4 23 
1 23 6 9 23 19 9 
6 23 
4 19 2 8 0 8 26 
9 19 
5 29 20 
8 20 0 22 34 10 16 19 
==============================

====== Algorithm Status ======
Valor:                5797
Time:                 1002
nIter:                135
Best Iter:            135
Improvement Count:    134
==============================
Solution tour: 
0 35 7 35 
7 35 7 18 33 5 33 18 29 8 32 22 32 
2 32 8 27 15 25 15 24 15 24 12 21 12 13 12 17 
3 17 14 17 11 6 11 4 23 
1 23 6 9 23 19 9 
6 23 
4 19 2 8 0 8 26 
9 19 
5 29 20 
8 20 0 22 34 10 16 19 
==============================

====== Algorithm Status ======
Valor:                5797
Time:                 2014
nIter:                270
Best Iter:            270
Improvement Count:    269
==============================
Solution tour: 
0 35 7 35 
7 35 7 18 33 5 33 18 29 8 32 22 32 
2 32 8 27 15 25 15 24 15 24 12 21 12 13 12 17 
3 17 14 17 11 6 11 4 23 
1 23 6 9 23 19 9 
6 23 
4 19 2 8 0 8 26 
9 19 
5 29 20 
8 20 0 22 34 10 16 19 
==============================

====== Algorithm Status ======
Valor:                5973
Time:                 4003
nIter:                528
Best Iter:            528
Improvement Count:    527
==============================
Solution tour: 
0 26 
7 35 7 18 33 5 33 18 29 8 32 22 32 
2 32 8 27 15 25 15 24 15 24 12 21 12 24 13 12 17 
3 17 14 17 12 6 11 6 23 4 23 
1 23 6 9 19 2 19 23 19 9 
6 23 
9 19 
4 19 
5 29 20 2 20 
8 20 0 34 16 
10 22 0 8 
==============================

====== Algorithm Status ======
Valor:                6061
Time:                 8006
nIter:                1090
Best Iter:            1090
Improvement Count:    1089
==============================
Solution tour: 
0 26 
7 35 7 18 33 5 33 18 29 8 32 22 32 
2 32 8 27 15 25 15 24 15 13 12 21 12 24 12 17 
3 17 14 17 6 11 6 23 4 23 
1 23 6 9 19 2 19 23 19 9 
6 23 
9 19 
4 19 
5 29 20 2 20 
8 20 0 22 34 16 
10 22 0 8 
==============================

====== Algorithm Status ======
Valor:                6080
Time:                 16004
nIter:                2171
Best Iter:            2171
Improvement Count:    2170
==============================
Solution tour: 
0 8 0 26 
7 35 7 18 33 5 33 18 29 8 32 22 32 
2 32 8 27 15 25 15 24 15 13 12 21 12 24 12 17 
3 17 14 17 6 11 6 23 4 23 
1 23 6 9 19 2 19 23 19 9 
6 23 
9 19 
4 19 
5 29 20 2 20 
8 20 0 22 34 10 16 22 
==============================

====== Algorithm Status ======
Valor:                6095
Time:                 32001
nIter:                4261
Best Iter:            4261
Improvement Count:    4260
==============================
Solution tour: 
0 8 0 26 
7 35 7 18 33 5 33 18 29 20 8 32 22 32 
2 32 8 27 15 25 15 24 15 13 12 21 12 24 12 17 
3 17 14 17 12 4 6 11 6 23 4 23 
1 23 6 9 19 2 19 23 19 9 
6 23 
9 19 
4 19 
5 20 2 
8 20 0 22 34 22 
==============================

====== Algorithm Status ======
Valor:                6098
Time:                 64005
nIter:                8409
Best Iter:            8409
Improvement Count:    8408
==============================
Solution tour: 
0 8 0 26 
7 35 7 18 33 5 33 18 29 20 8 32 22 32 
2 32 8 27 15 25 15 24 15 13 12 21 12 24 12 17 
3 17 14 17 12 4 23 6 11 6 23 
1 23 19 9 
6 9 2 19 
5 29 8 20 19 23 
9 19 
4 19 16 34 26 
==============================

====== Algorithm Status ======
Valor:                6098
Time:                 128006
nIter:                16732
Best Iter:            16732
Improvement Count:    16731
==============================
Solution tour: 
0 8 0 26 
7 35 7 18 33 5 33 18 29 20 8 32 22 32 
2 32 8 27 15 25 15 24 15 13 12 21 12 24 12 17 
3 17 14 17 12 4 23 6 11 6 23 
1 23 19 9 
6 9 2 19 
5 29 8 20 19 23 
9 19 
4 19 16 34 26 
==============================

====== Algorithm Status ======
Valor:                6098
Time:                 256002
nIter:                33280
Best Iter:            33280
Improvement Count:    33279
==============================
Solution tour: 
0 8 0 26 
7 35 7 18 33 5 33 18 29 20 8 32 22 32 
2 32 8 27 15 25 15 24 15 13 12 21 12 24 12 17 
3 17 14 17 12 4 23 6 11 6 23 
1 23 19 9 
6 9 2 19 
5 29 8 20 19 23 
9 19 
4 19 16 34 26 
==============================

====== Algorithm Status ======
Valor:                6098
Time:                 512003
nIter:                66181
Best Iter:            66181
Improvement Count:    66180
==============================
Solution tour: 
0 8 0 26 
7 35 7 18 33 5 33 18 29 20 8 32 22 32 
2 32 8 27 15 25 15 24 15 13 12 21 12 24 12 17 
3 17 14 17 12 4 23 6 11 6 23 
1 23 19 9 
6 9 2 19 
5 29 8 20 19 23 
9 19 
4 19 16 34 26 
==============================

====== Algorithm Status ======
Valor:                6139
Time:                 1024005
nIter:                132345
Best Iter:            132345
Improvement Count:    132346
==============================
Solution tour: 
0 8 32 22 0 
7 35 7 18 33 5 33 18 29 8 20 8 0 22 32 
2 32 8 27 15 25 15 24 15 13 12 21 12 24 12 17 
3 17 14 17 12 4 6 11 6 23 
1 23 19 9 
6 2 19 
5 19 23 6 
9 19 
4 19 16 10 34 26 
==============================

====== Algorithm Status ======
Valor:                6139
Time:                 1024005
nIter:                132345
Best Iter:            132345
Improvement Count:    132346
==============================
Solution tour: 
0 8 32 22 0 
7 35 7 18 33 5 33 18 29 8 20 8 0 22 32 
2 32 8 27 15 25 15 24 15 13 12 21 12 24 12 17 
3 17 14 17 12 4 6 11 6 23 
1 23 19 9 
6 2 19 
5 19 23 6 
9 19 
4 19 16 10 34 26 
==============================

