=========== Input ===========
File name:                ./instances/created-instances/mm-20-25-1891798.cdop
Total node count:         46
Truck node count:         20
Drone node count:         25
=============================

========== Settings ==========
Settings file:        ./settings/Memetic_MMX_1287823.config
Seed:                 1287823
Reduction method:     -
Max iter:             1024000
Population size:      13
Crossover:            MA-MMX
Local Search:         LS
Warm Start:           Mario_WS
==============================

====== Algorithm Status ======
Valor:                5413
Time:                 256
nIter:                20
Best Iter:            20
Improvement Count:    19
==============================
Solution tour: 
0 41 24 12 40 12 28 23 37 23 28 35 29 39 24 9 2 20 42 20 31 5 15 
17 26 38 27 38 26 17 
15 
5 2 16 2 4 11 29 33 32 27 38 21 27 32 11 4 22 44 34 2 9 22 30 22 10 36 10 13 2 
13 43 31 45 25 45 9 
==============================

====== Algorithm Status ======
Valor:                5677
Time:                 503
nIter:                42
Best Iter:            42
Improvement Count:    41
==============================
Solution tour: 
0 24 12 5 
14 5 
12 24 41 20 42 20 2 16 4 11 4 6 15 35 29 21 29 4 16 2 9 22 30 22 44 10 36 10 42 13 2 9 2 34 8 43 
13 43 31 40 25 45 25 39 26 38 26 32 27 32 33 5 37 23 28 31 45 9 45 41 
==============================

====== Algorithm Status ======
Valor:                5840
Time:                 1013
nIter:                81
Best Iter:            81
Improvement Count:    80
==============================
Solution tour: 
0 24 12 5 
14 5 
12 24 2 13 42 20 2 16 4 11 4 6 15 35 29 21 4 16 2 9 22 30 22 44 10 36 10 42 13 2 9 2 34 8 43 
13 43 31 40 25 45 25 39 26 38 26 32 27 32 33 5 8 28 23 37 23 0 41 45 9 2 20 41 
==============================

====== Algorithm Status ======
Valor:                5984
Time:                 2008
nIter:                160
Best Iter:            160
Improvement Count:    159
==============================
Solution tour: 
0 24 12 5 
14 5 
12 24 9 2 13 2 16 4 11 4 11 4 6 15 6 35 33 29 21 29 16 2 9 22 30 16 20 41 20 42 10 36 10 44 10 42 13 2 43 
13 43 2 34 31 40 25 45 25 39 26 17 26 38 26 32 27 32 33 5 8 28 23 37 23 7 23 
==============================

====== Algorithm Status ======
Valor:                6210
Time:                 4008
nIter:                318
Best Iter:            318
Improvement Count:    317
==============================
Solution tour: 
0 24 12 5 
14 5 
12 24 9 2 13 2 16 4 11 4 6 15 35 29 33 29 21 11 4 16 2 9 22 30 22 9 20 41 20 42 10 36 10 44 10 2 43 
13 43 2 34 31 40 25 45 25 39 26 17 26 38 26 32 27 32 33 5 8 43 28 23 37 23 7 23 
==============================

====== Algorithm Status ======
Valor:                6254
Time:                 8008
nIter:                633
Best Iter:            633
Improvement Count:    632
==============================
Solution tour: 
0 24 12 5 
14 5 
12 24 9 2 13 2 16 4 11 4 6 15 5 15 35 29 33 29 21 11 4 16 2 9 22 30 22 9 20 41 20 42 10 36 10 44 2 43 
13 43 2 34 31 40 25 45 25 6 39 26 17 26 38 26 32 27 32 33 5 8 43 28 23 37 23 7 23 
==============================

====== Algorithm Status ======
Valor:                6284
Time:                 16008
nIter:                1270
Best Iter:            1270
Improvement Count:    1269
==============================
Solution tour: 
0 24 12 5 
12 40 15 6 15 5 15 35 29 33 29 21 29 35 39 4 11 4 2 13 2 16 2 9 22 30 22 9 2 20 41 20 42 10 36 10 44 34 2 43 
13 43 2 34 31 40 25 45 25 6 39 26 17 26 38 26 32 27 32 33 5 8 43 28 23 37 23 7 23 
==============================

====== Algorithm Status ======
Valor:                6429
Time:                 32013
nIter:                2543
Best Iter:            2543
Improvement Count:    2542
==============================
Solution tour: 
0 34 14 5 
12 40 15 6 15 35 29 21 29 35 33 29 33 25 45 25 11 4 11 45 9 2 43 13 2 9 22 30 22 9 20 41 20 42 10 42 10 36 10 42 20 2 16 2 
13 43 2 34 31 5 15 5 40 25 39 24 12 5 33 32 26 17 26 38 26 32 27 32 33 5 8 28 23 37 23 7 23 
==============================

====== Algorithm Status ======
Valor:                6512
Time:                 64008
nIter:                5147
Best Iter:            5147
Improvement Count:    5146
==============================
Solution tour: 
0 34 14 5 
12 40 15 6 15 5 15 35 29 21 29 35 33 29 33 25 45 25 11 4 11 45 9 2 43 2 9 22 30 22 9 20 41 20 42 10 36 10 42 20 2 16 2 
13 43 13 2 34 31 34 39 24 12 5 33 32 26 17 26 38 26 32 27 32 33 5 8 28 23 7 23 37 23 
==============================

====== Algorithm Status ======
Valor:                6512
Time:                 128000
nIter:                10405
Best Iter:            10405
Improvement Count:    10404
==============================
Solution tour: 
0 34 14 5 
12 40 15 6 15 5 15 35 29 21 29 35 33 29 33 25 45 25 11 4 11 45 9 2 43 2 9 22 30 22 9 20 41 20 42 10 36 10 42 20 2 16 2 
13 43 13 2 34 31 34 39 24 12 5 33 32 26 17 26 38 26 32 27 32 33 5 8 28 23 7 23 37 23 
==============================

====== Algorithm Status ======
Valor:                6515
Time:                 256001
nIter:                20868
Best Iter:            20868
Improvement Count:    20867
==============================
Solution tour: 
0 34 14 5 
12 40 15 6 15 5 15 35 29 21 29 35 33 29 33 25 45 25 11 4 11 45 9 2 43 2 9 22 30 22 44 10 36 10 42 20 41 20 2 16 2 
13 43 13 2 34 31 34 39 24 12 5 33 32 26 17 26 38 26 32 27 32 33 5 14 28 23 7 23 37 23 
==============================

====== Algorithm Status ======
Valor:                6515
Time:                 512020
nIter:                41962
Best Iter:            41962
Improvement Count:    41961
==============================
Solution tour: 
0 34 14 5 
12 40 15 6 15 5 15 35 29 21 29 35 33 29 33 25 45 25 11 4 11 45 9 2 43 2 9 22 30 22 44 10 36 10 42 20 41 20 2 16 2 
13 43 13 2 34 31 34 39 24 12 5 33 32 26 17 26 38 26 32 27 32 33 5 14 28 23 7 23 37 23 
==============================

====== Algorithm Status ======
Valor:                6545
Time:                 1024014
nIter:                85300
Best Iter:            85300
Improvement Count:    85301
==============================
Solution tour: 
0 23 37 19 37 23 7 23 28 
12 40 15 6 15 5 15 35 29 21 29 35 33 29 33 25 45 25 11 4 11 22 9 45 9 2 9 22 30 22 44 10 36 10 42 20 41 20 2 16 2 
13 43 13 2 34 31 34 39 24 12 5 33 32 26 17 26 38 26 32 27 32 33 5 14 5 8 43 
==============================

====== Algorithm Status ======
Valor:                6545
Time:                 1024014
nIter:                85300
Best Iter:            85300
Improvement Count:    85301
==============================
Solution tour: 
0 23 37 19 37 23 7 23 28 
12 40 15 6 15 5 15 35 29 21 29 35 33 29 33 25 45 25 11 4 11 22 9 45 9 2 9 22 30 22 44 10 36 10 42 20 41 20 2 16 2 
13 43 13 2 34 31 34 39 24 12 5 33 32 26 17 26 38 26 32 27 32 33 5 14 5 8 43 
==============================

