=========== Input ===========
File name:                ./instances/created-instances/mm-10-10-1767920.cdop
Total node count:         21
Truck node count:         10
Drone node count:         10
=============================

========== Settings ==========
Settings file:        ./settings/Memetic_MMX_1881515.config
Seed:                 1881515
Reduction method:     -
Max iter:             1024000
Population size:      13
Crossover:            MA-MMX
Local Search:         LS
Warm Start:           Mario_WS
==============================

====== Algorithm Status ======
Valor:                3771
Time:                 251
nIter:                77
Best Iter:            77
Improvement Count:    76
==============================
Solution tour: 
0 12 20 18 13 3 13 18 20 17 4 7 8 7 16 19 20 19 8 11 7 4 16 
2 16 4 17 20 15 8 19 4 20 4 19 13 1 14 
9 14 1 7 11 12 0 8 
==============================

====== Algorithm Status ======
Valor:                3791
Time:                 501
nIter:                163
Best Iter:            163
Improvement Count:    162
==============================
Solution tour: 
0 12 17 20 18 13 3 13 18 20 17 4 7 8 11 7 16 7 19 16 19 11 20 19 8 7 4 16 
2 16 4 20 8 15 8 19 20 4 19 13 1 14 
9 14 1 7 11 0 8 
==============================

====== Algorithm Status ======
Valor:                3791
Time:                 1001
nIter:                307
Best Iter:            307
Improvement Count:    306
==============================
Solution tour: 
0 12 17 20 18 13 3 13 18 20 17 4 7 8 11 7 16 7 19 16 19 11 20 19 8 7 4 16 
2 16 4 20 8 15 8 19 20 4 19 13 1 14 
9 14 1 7 11 0 8 
==============================

====== Algorithm Status ======
Valor:                3820
Time:                 2002
nIter:                605
Best Iter:            605
Improvement Count:    604
==============================
Solution tour: 
0 12 20 18 13 3 13 18 20 17 20 4 7 8 11 7 4 16 7 11 20 13 19 16 19 8 7 16 
2 16 4 20 15 8 19 20 19 4 19 13 1 14 
9 14 1 19 7 0 8 
==============================

====== Algorithm Status ======
Valor:                3855
Time:                 4001
nIter:                1158
Best Iter:            1158
Improvement Count:    1157
==============================
Solution tour: 
0 12 20 18 13 3 13 18 20 17 20 4 7 4 16 7 11 20 13 19 16 19 8 7 16 
2 16 4 20 11 8 15 8 19 20 19 4 19 13 1 14 
9 14 1 19 1 11 7 8 
==============================

====== Algorithm Status ======
Valor:                3855
Time:                 8002
nIter:                2344
Best Iter:            2344
Improvement Count:    2343
==============================
Solution tour: 
0 12 20 18 13 3 13 18 20 17 20 4 7 4 16 7 11 20 13 19 16 19 8 7 16 
2 16 4 20 11 8 15 8 19 20 19 4 19 13 1 14 
9 14 1 19 1 11 7 8 
==============================

====== Algorithm Status ======
Valor:                3855
Time:                 16002
nIter:                4657
Best Iter:            4657
Improvement Count:    4656
==============================
Solution tour: 
0 12 20 18 13 3 13 18 20 17 20 4 7 4 16 7 11 20 13 19 16 19 8 7 16 
2 16 4 20 11 8 15 8 19 20 19 4 19 13 1 14 
9 14 1 19 1 11 7 8 
==============================

====== Algorithm Status ======
Valor:                3855
Time:                 32003
nIter:                9246
Best Iter:            9246
Improvement Count:    9245
==============================
Solution tour: 
0 12 20 18 13 3 13 18 20 17 20 4 7 4 16 7 11 20 13 19 16 19 8 7 16 
2 16 4 20 11 8 15 8 19 20 19 4 19 13 1 14 
9 14 1 19 1 11 7 8 
==============================

====== Algorithm Status ======
Valor:                3855
Time:                 64004
nIter:                18499
Best Iter:            18499
Improvement Count:    18498
==============================
Solution tour: 
0 12 20 18 13 3 13 18 20 17 20 4 7 4 16 7 11 20 13 19 16 19 8 7 16 
2 16 4 20 11 8 15 8 19 20 19 4 19 13 1 14 
9 14 1 19 1 11 7 8 
==============================

====== Algorithm Status ======
Valor:                3855
Time:                 128002
nIter:                36776
Best Iter:            36776
Improvement Count:    36775
==============================
Solution tour: 
0 12 20 18 13 3 13 18 20 17 20 4 7 4 16 7 11 20 13 19 16 19 8 7 16 
2 16 4 20 11 8 15 8 19 20 19 4 19 13 1 14 
9 14 1 19 1 11 7 8 
==============================

====== Algorithm Status ======
Valor:                3884
Time:                 256000
nIter:                73493
Best Iter:            73493
Improvement Count:    73492
==============================
Solution tour: 
0 12 20 18 13 3 13 18 20 17 20 4 7 4 16 7 11 20 13 19 16 19 8 7 16 
2 16 4 20 11 7 8 15 8 19 20 19 4 19 1 14 
9 14 1 19 13 0 8 
==============================

====== Algorithm Status ======
Valor:                3891
Time:                 512004
nIter:                146709
Best Iter:            146709
Improvement Count:    146708
==============================
Solution tour: 
0 12 13 3 10 14 
10 3 13 18 20 17 20 4 7 4 16 7 11 20 18 13 19 8 7 16 
2 16 4 20 11 7 8 15 8 19 20 19 4 19 1 14 
9 14 1 19 13 0 8 
==============================

====== Algorithm Status ======
Valor:                3906
Time:                 1024003
nIter:                280265
Best Iter:            280265
Improvement Count:    280266
==============================
Solution tour: 
0 8 12 20 17 16 19 13 3 10 14 
10 3 13 18 20 17 20 4 7 4 16 7 11 20 18 13 19 8 7 16 
2 16 4 20 11 7 8 15 8 19 20 19 4 19 1 14 
9 14 1 19 11 8 
==============================

====== Algorithm Status ======
Valor:                3906
Time:                 1024003
nIter:                280265
Best Iter:            280265
Improvement Count:    280266
==============================
Solution tour: 
0 8 12 20 17 16 19 13 3 10 14 
10 3 13 18 20 17 20 4 7 4 16 7 11 20 18 13 19 8 7 16 
2 16 4 20 11 7 8 15 8 19 20 19 4 19 1 14 
9 14 1 19 11 8 
==============================

