=========== Input ===========
File name:                ./instances/created-instances/mm-15-40-1891798.cdop
Total node count:         56
Truck node count:         15
Drone node count:         40
=============================

========== Settings ==========
Settings file:        ./settings/Memetic-LS_MMX_1881515.config
Seed:                 1881515
Reduction method:     -
Max iter:             1024000
Population size:      13
Crossover:            MA-MMX
Local Search:         -
Warm Start:           Mario_WS
==============================

====== Algorithm Status ======
Valor:                4560
Time:                 250
nIter:                201
Best Iter:            201
Improvement Count:    200
==============================
Solution tour: 
0 
7 33 35 10 41 21 41 55 40 42 
8 
12 
14 
5 39 54 27 15 52 20 29 24 
6 24 28 26 37 26 
11 45 
3 25 
1 45 53 17 34 
4 47 
9 
2 44 24 38 39 24 46 49 
10 43 29 51 
13 50 13 
==============================

====== Algorithm Status ======
Valor:                4588
Time:                 503
nIter:                409
Best Iter:            409
Improvement Count:    408
==============================
Solution tour: 
0 
7 33 35 10 41 21 41 55 40 
12 
14 
5 39 54 27 15 52 20 29 24 
6 24 28 26 37 26 
11 45 
3 25 
1 45 53 17 34 47 
9 
2 44 24 38 39 24 46 49 
10 43 29 51 
13 50 13 
==============================

====== Algorithm Status ======
Valor:                4607
Time:                 1005
nIter:                798
Best Iter:            798
Improvement Count:    797
==============================
Solution tour: 
0 
7 33 35 10 41 10 41 21 41 55 40 
12 
14 
5 39 54 27 15 52 20 29 24 
6 24 28 26 37 26 
11 45 
3 25 
1 45 53 17 34 47 
9 
2 44 24 38 39 24 46 49 
10 43 29 51 
13 50 13 
==============================

====== Algorithm Status ======
Valor:                4607
Time:                 2000
nIter:                1599
Best Iter:            1599
Improvement Count:    1598
==============================
Solution tour: 
0 
7 33 35 10 41 10 41 21 41 55 40 
12 
14 
5 39 54 27 15 52 20 29 24 
6 24 28 26 37 26 
11 45 
3 25 
1 45 53 17 34 47 
9 
2 44 24 38 39 24 46 49 
10 43 29 51 
13 50 13 
==============================

====== Algorithm Status ======
Valor:                4607
Time:                 4007
nIter:                3183
Best Iter:            3183
Improvement Count:    3182
==============================
Solution tour: 
0 
7 33 35 10 41 10 41 21 41 55 40 
12 
14 
5 39 54 27 15 52 20 29 24 
6 24 28 26 37 26 
11 45 
3 25 
1 45 53 17 34 47 
9 
2 44 24 38 39 24 46 49 
10 43 29 51 
13 50 13 
==============================

====== Algorithm Status ======
Valor:                4623
Time:                 8000
nIter:                6366
Best Iter:            6366
Improvement Count:    6365
==============================
Solution tour: 
0 
7 33 35 10 41 10 41 21 41 55 40 
12 
14 
5 39 54 27 15 52 20 29 24 
6 24 28 25 26 37 26 
11 45 
3 25 
1 45 53 17 34 47 
9 
2 44 24 38 39 24 46 49 
10 43 29 51 
13 50 13 
==============================

====== Algorithm Status ======
Valor:                4752
Time:                 16000
nIter:                12487
Best Iter:            12487
Improvement Count:    12486
==============================
Solution tour: 
0 
7 33 35 10 41 10 41 21 41 55 40 
5 39 54 27 54 27 15 52 20 29 24 
6 24 28 25 26 37 26 
11 45 
3 25 
1 45 53 17 34 24 47 
9 
2 44 24 38 39 24 46 49 
10 43 29 43 29 51 
13 50 13 
==============================

====== Algorithm Status ======
Valor:                4927
Time:                 32000
nIter:                24391
Best Iter:            24391
Improvement Count:    24390
==============================
Solution tour: 
0 
7 33 35 10 41 10 41 21 41 55 40 
5 39 27 54 27 15 52 29 20 29 24 
6 24 28 25 26 25 26 37 26 37 26 
11 45 
1 45 53 17 34 24 47 
9 
2 44 24 38 39 24 46 49 46 33 29 43 51 
13 50 13 
==============================

====== Algorithm Status ======
Valor:                4954
Time:                 64000
nIter:                47622
Best Iter:            47622
Improvement Count:    47621
==============================
Solution tour: 
0 42 
7 33 35 10 41 10 41 21 41 55 40 
5 39 27 54 27 15 52 29 20 29 24 
6 24 28 25 26 25 26 37 26 37 26 
11 45 
1 45 53 17 34 24 47 
9 
2 44 24 38 39 24 46 49 46 33 29 43 51 
13 50 13 
==============================

====== Algorithm Status ======
Valor:                5026
Time:                 128007
nIter:                93924
Best Iter:            93924
Improvement Count:    93923
==============================
Solution tour: 
0 42 
7 33 35 10 41 10 41 21 41 55 40 55 40 
5 39 27 54 27 15 52 29 20 29 24 
6 24 28 25 26 37 26 
11 45 
1 45 53 17 34 24 
9 47 
2 44 24 38 39 24 46 49 46 33 29 43 29 51 
13 50 13 
==============================

====== Algorithm Status ======
Valor:                5233
Time:                 256008
nIter:                187792
Best Iter:            187792
Improvement Count:    187791
==============================
Solution tour: 
0 42 
7 33 35 10 41 10 41 21 41 55 40 55 40 
5 39 27 54 27 15 52 29 20 29 24 
6 24 28 25 26 25 26 37 26 
11 45 53 17 34 5 
9 47 
2 44 24 39 38 39 24 44 46 49 46 43 29 43 51 
13 50 13 
==============================

====== Algorithm Status ======
Valor:                5542
Time:                 512000
nIter:                368466
Best Iter:            368466
Improvement Count:    368465
==============================
Solution tour: 
0 22 
7 33 35 10 41 10 41 21 41 55 40 55 40 
5 39 27 54 27 15 25 26 25 26 20 29 24 
6 24 28 26 52 26 37 26 
11 45 53 17 34 30 47 
9 47 
2 44 24 39 38 39 24 44 46 49 46 43 29 43 51 
13 50 13 
==============================

====== Algorithm Status ======
Valor:                5940
Time:                 1024005
nIter:                711945
Best Iter:            711945
Improvement Count:    711946
==============================
Solution tour: 
0 42 54 18 54 42 33 35 10 41 10 41 21 41 55 40 55 40 23 
5 39 27 54 27 15 25 15 20 29 24 
6 24 28 26 52 26 37 26 
11 45 53 17 34 30 47 
9 47 
2 44 24 39 38 39 44 2 46 49 46 43 29 43 51 
13 50 13 
==============================

====== Algorithm Status ======
Valor:                5940
Time:                 1024005
nIter:                711945
Best Iter:            711945
Improvement Count:    711946
==============================
Solution tour: 
0 42 54 18 54 42 33 35 10 41 10 41 21 41 55 40 55 40 23 
5 39 27 54 27 15 25 15 20 29 24 
6 24 28 26 52 26 37 26 
11 45 53 17 34 30 47 
9 47 
2 44 24 39 38 39 44 2 46 49 46 43 29 43 51 
13 50 13 
==============================

