=========== Input ===========
File name:                ./instances/created-instances/mm-15-10-1891798.cdop
Total node count:         26
Truck node count:         15
Drone node count:         10
=============================

========== Settings ==========
Settings file:        ./settings/Memetic-LS_MMX_1099666.config
Seed:                 1099666
Reduction method:     -
Max iter:             1024000
Population size:      13
Crossover:            MA-MMX
Local Search:         -
Warm Start:           Mario_WS
==============================

====== Algorithm Status ======
Valor:                3050
Time:                 250
nIter:                657
Best Iter:            657
Improvement Count:    656
==============================
Solution tour: 
0 6 25 5 12 
7 23 5 23 9 18 
8 
12 24 6 5 15 
5 
3 4 0 22 0 9 
4 
9 
2 20 2 
10 21 19 13 16 9 19 13 9 23 15 17 15 9 
13 19 
==============================

====== Algorithm Status ======
Valor:                3126
Time:                 500
nIter:                1331
Best Iter:            1331
Improvement Count:    1330
==============================
Solution tour: 
0 6 25 5 12 
7 23 5 23 9 18 
8 24 6 5 15 
5 
3 4 0 22 0 
4 
9 
2 20 
10 21 19 13 21 16 9 19 13 9 23 15 17 15 9 
13 19 
==============================

====== Algorithm Status ======
Valor:                3145
Time:                 1000
nIter:                2669
Best Iter:            2669
Improvement Count:    2668
==============================
Solution tour: 
0 6 25 5 12 
7 23 5 23 9 18 
8 24 6 5 15 
5 
3 4 0 22 0 
4 
9 
2 20 
10 21 19 21 16 9 19 13 9 23 15 17 15 9 
13 19 
==============================

====== Algorithm Status ======
Valor:                3170
Time:                 2000
nIter:                5479
Best Iter:            5479
Improvement Count:    5478
==============================
Solution tour: 
0 6 25 5 12 
7 23 5 23 9 18 
8 24 6 5 15 
5 
3 4 0 22 0 
4 
9 
2 23 20 
10 21 19 21 16 9 19 13 9 23 15 17 15 9 
13 19 
==============================

====== Algorithm Status ======
Valor:                3170
Time:                 4000
nIter:                11082
Best Iter:            11082
Improvement Count:    11081
==============================
Solution tour: 
0 6 25 5 12 
7 23 5 23 9 18 
8 24 6 5 15 
5 
3 4 0 22 0 
4 
9 
2 23 20 
10 21 19 21 16 9 19 13 9 23 15 17 15 9 
13 19 
==============================

====== Algorithm Status ======
Valor:                3407
Time:                 8000
nIter:                22809
Best Iter:            22809
Improvement Count:    22808
==============================
Solution tour: 
0 21 6 25 5 12 
7 23 5 23 9 18 
8 24 6 5 15 
5 9 4 0 22 0 
4 
9 
2 23 20 
10 21 19 21 16 9 19 13 9 23 17 15 17 9 
13 19 
==============================

====== Algorithm Status ======
Valor:                3478
Time:                 16000
nIter:                45803
Best Iter:            45803
Improvement Count:    45802
==============================
Solution tour: 
0 21 6 25 5 12 
7 23 5 23 9 18 
8 24 5 6 5 15 
5 9 4 0 22 0 
4 
9 23 20 
10 19 21 16 9 16 21 19 13 9 17 9 
13 19 
==============================

====== Algorithm Status ======
Valor:                3519
Time:                 32000
nIter:                90135
Best Iter:            90135
Improvement Count:    90134
==============================
Solution tour: 
0 21 6 25 5 12 
7 23 5 23 9 18 5 24 5 6 5 15 
5 9 4 0 22 0 
4 
9 23 20 
10 19 21 16 9 16 21 19 13 9 5 17 
13 19 
==============================

====== Algorithm Status ======
Valor:                3563
Time:                 64000
nIter:                175877
Best Iter:            175877
Improvement Count:    175876
==============================
Solution tour: 
0 21 6 25 5 12 
7 23 5 23 9 18 5 24 5 6 5 15 
5 9 4 0 22 0 
4 
9 23 20 
10 19 21 16 9 16 21 19 13 9 5 15 17 15 0 
13 19 
==============================

====== Algorithm Status ======
Valor:                3625
Time:                 128000
nIter:                306588
Best Iter:            306588
Improvement Count:    306587
==============================
Solution tour: 
0 21 6 25 5 12 
7 23 5 23 9 18 5 24 5 6 5 15 
5 9 4 0 22 0 
4 
9 23 20 6 
10 19 21 16 9 16 21 19 13 19 13 9 5 15 17 15 5 2 19 
==============================

====== Algorithm Status ======
Valor:                3860
Time:                 256000
nIter:                576192
Best Iter:            576192
Improvement Count:    576191
==============================
Solution tour: 
0 6 5 25 5 12 
7 23 5 23 9 18 13 24 5 6 15 
5 9 4 24 4 0 22 0 
4 
9 23 20 4 19 21 16 9 16 21 
10 21 13 21 19 13 19 13 9 5 15 17 15 
==============================

====== Algorithm Status ======
Valor:                4102
Time:                 512001
nIter:                1177049
Best Iter:            1177049
Improvement Count:    1177048
==============================
Solution tour: 
0 6 5 25 5 6 15 
5 9 4 24 4 0 22 0 
13 0 
4 
9 23 20 
11 2 20 4 19 21 16 9 16 21 
10 21 13 21 19 13 19 13 
2 23 5 23 9 13 18 13 9 5 15 17 15 
==============================

====== Algorithm Status ======
Valor:                4102
Time:                 1024001
nIter:                2388068
Best Iter:            2388068
Improvement Count:    2388069
==============================
Solution tour: 
0 6 5 25 5 6 15 
5 9 4 24 4 0 22 0 
13 0 
4 
9 23 20 
11 2 20 4 19 21 16 9 16 21 
10 21 13 21 19 13 19 13 
2 23 5 23 9 13 18 13 9 5 15 17 15 
==============================

====== Algorithm Status ======
Valor:                4102
Time:                 1024001
nIter:                2388068
Best Iter:            2388068
Improvement Count:    2388069
==============================
Solution tour: 
0 6 5 25 5 6 15 
5 9 4 24 4 0 22 0 
13 0 
4 
9 23 20 
11 2 20 4 19 21 16 9 16 21 
10 21 13 21 19 13 19 13 
2 23 5 23 9 13 18 13 9 5 15 17 15 
==============================

