=========== Input ===========
File name:                ./instances/created-instances/mm-5-10-1110588.cdop
Total node count:         16
Truck node count:         5
Drone node count:         10
=============================

========== Settings ==========
Settings file:        ./settings/Memetic-LS_MPX_1099666.config
Seed:                 1099666
Reduction method:     -
Max iter:             1024000
Population size:      13
Crossover:            MA-MPX
Local Search:         -
Warm Start:           Mario_WS
==============================

====== Algorithm Status ======
Valor:                2135
Time:                 250
nIter:                1221
Best Iter:            1221
Improvement Count:    1220
==============================
Solution tour: 
0 5 14 5 
2 5 11 5 3 
1 8 1 6 
4 6 1 3 6 3 7 9 7 
3 5 0 13 
==============================

====== Algorithm Status ======
Valor:                2135
Time:                 500
nIter:                2688
Best Iter:            2688
Improvement Count:    2687
==============================
Solution tour: 
0 5 14 5 
2 5 11 5 3 
1 8 1 6 
4 6 1 3 6 3 7 9 7 
3 5 0 13 
==============================

====== Algorithm Status ======
Valor:                2487
Time:                 1000
nIter:                5183
Best Iter:            5183
Improvement Count:    5182
==============================
Solution tour: 
0 5 
2 5 14 5 11 5 3 
5 0 15 12 
1 8 15 1 
4 12 15 8 1 3 6 3 7 9 7 
3 0 13 
==============================

====== Algorithm Status ======
Valor:                2536
Time:                 2000
nIter:                9647
Best Iter:            9647
Improvement Count:    9646
==============================
Solution tour: 
0 5 
2 5 9 5 11 5 3 
5 0 15 12 
1 8 15 
4 7 12 15 8 1 3 6 3 7 9 7 
3 0 13 
==============================

====== Algorithm Status ======
Valor:                2536
Time:                 4000
nIter:                18314
Best Iter:            18314
Improvement Count:    18313
==============================
Solution tour: 
0 5 
2 5 9 5 11 5 3 
5 0 15 12 
1 8 15 
4 7 12 15 8 1 3 6 3 7 9 7 
3 0 13 
==============================

====== Algorithm Status ======
Valor:                2556
Time:                 8000
nIter:                35583
Best Iter:            35583
Improvement Count:    35582
==============================
Solution tour: 
0 5 
2 5 9 5 11 5 14 
5 0 15 12 
1 8 15 
4 7 12 15 8 1 3 6 3 7 9 7 
3 0 13 
==============================

====== Algorithm Status ======
Valor:                2588
Time:                 16000
nIter:                68758
Best Iter:            68758
Improvement Count:    68757
==============================
Solution tour: 
0 5 
2 5 9 5 11 5 14 
5 0 15 12 
1 8 15 
4 15 7 12 15 8 1 12 5 3 6 
3 7 9 7 3 0 13 
==============================

====== Algorithm Status ======
Valor:                2595
Time:                 32000
nIter:                132418
Best Iter:            132418
Improvement Count:    132417
==============================
Solution tour: 
0 5 
2 5 9 5 11 5 14 
5 0 15 12 
1 8 15 
4 15 7 12 15 8 1 12 5 3 6 
3 7 9 7 15 0 13 
==============================

====== Algorithm Status ======
Valor:                2642
Time:                 64000
nIter:                258158
Best Iter:            258158
Improvement Count:    258157
==============================
Solution tour: 
0 5 
2 5 9 5 11 5 14 
5 0 15 12 
1 8 15 
4 15 7 12 15 8 1 12 7 3 6 
3 7 9 7 15 0 13 
==============================

====== Algorithm Status ======
Valor:                2642
Time:                 128000
nIter:                510050
Best Iter:            510050
Improvement Count:    510049
==============================
Solution tour: 
0 5 
2 5 9 5 11 5 14 
5 0 15 12 
1 8 15 
4 15 7 12 15 8 1 12 7 3 6 
3 7 9 7 15 0 13 
==============================

====== Algorithm Status ======
Valor:                2642
Time:                 256000
nIter:                1014007
Best Iter:            1014007
Improvement Count:    1014006
==============================
Solution tour: 
0 5 
2 5 9 5 11 5 14 
5 0 15 12 
1 8 15 
4 15 7 12 15 8 1 12 7 3 6 
3 7 9 7 15 0 13 
==============================

====== Algorithm Status ======
Valor:                2642
Time:                 512000
nIter:                2028594
Best Iter:            2028594
Improvement Count:    2028593
==============================
Solution tour: 
0 5 
2 5 9 5 11 5 14 
5 0 15 12 
1 8 15 
4 15 7 12 15 8 1 12 7 3 6 
3 7 9 7 15 0 13 
==============================

====== Algorithm Status ======
Valor:                2642
Time:                 1024001
nIter:                4068429
Best Iter:            4068429
Improvement Count:    4068430
==============================
Solution tour: 
0 5 
2 5 9 5 11 5 14 
5 0 15 12 
1 8 15 
4 15 7 12 15 8 1 12 7 3 6 
3 7 9 7 15 0 13 
==============================

====== Algorithm Status ======
Valor:                2642
Time:                 1024001
nIter:                4068429
Best Iter:            4068429
Improvement Count:    4068430
==============================
Solution tour: 
0 5 
2 5 9 5 11 5 14 
5 0 15 12 
1 8 15 
4 15 7 12 15 8 1 12 7 3 6 
3 7 9 7 15 0 13 
==============================

