=========== Input ===========
File name:                ./instances/created-instances/mm-25-25-1767920.cdop
Total node count:         51
Truck node count:         25
Drone node count:         25
=============================

========== Settings ==========
Settings file:        ./settings/Memetic_MMX_1099666.config
Seed:                 1099666
Reduction method:     -
Max iter:             1024000
Population size:      13
Crossover:            MA-MMX
Local Search:         LS
Warm Start:           Mario_WS
==============================

====== Algorithm Status ======
Valor:                5985
Time:                 251
nIter:                16
Best Iter:            16
Improvement Count:    15
==============================
Solution tour: 
0 35 42 35 17 44 
24 46 
13 46 
2 12 36 3 
16 3 36 
9 16 9 
10 49 22 49 22 37 17 33 
17 29 41 14 41 27 
12 30 
11 8 12 11 12 
6 
22 3 
25 37 33 38 8 47 
8 27 11 27 46 27 8 11 30 
23 26 18 26 28 
5 30 
7 32 31 
19 48 34 48 39 45 4 50 24 44 20 13 
==============================

====== Algorithm Status ======
Valor:                6137
Time:                 502
nIter:                34
Best Iter:            34
Improvement Count:    33
==============================
Solution tour: 
0 13 20 27 47 4 34 50 11 44 35 42 35 44 17 44 
24 46 
13 46 29 11 8 12 
6 
22 37 22 49 3 36 3 
25 42 14 41 14 17 33 37 33 17 38 8 47 
8 27 11 27 46 27 8 11 30 
23 36 26 18 26 28 
5 30 11 
7 32 31 
19 48 34 48 39 45 4 50 24 44 20 13 
==============================

====== Algorithm Status ======
Valor:                6235
Time:                 1002
nIter:                67
Best Iter:            67
Improvement Count:    66
==============================
Solution tour: 
0 42 35 17 44 20 13 46 24 50 11 38 11 47 4 19 48 50 24 44 17 35 42 25 3 36 3 
16 3 
9 16 9 
10 49 22 49 
1 22 37 17 33 
17 33 37 
22 
25 37 33 38 8 47 
8 27 11 27 46 27 11 8 11 30 
23 26 18 26 28 
5 30 
7 32 31 
19 34 48 34 39 45 39 29 14 41 
14 24 46 13 
==============================

====== Algorithm Status ======
Valor:                6422
Time:                 2007
nIter:                134
Best Iter:            134
Improvement Count:    133
==============================
Solution tour: 
0 42 35 17 44 13 20 13 46 24 50 11 38 11 50 47 4 19 48 50 24 44 17 35 42 25 3 36 3 
16 3 
9 16 9 
10 49 22 49 
1 37 22 37 17 33 
17 33 37 33 38 8 47 
8 27 50 11 27 46 27 11 8 11 30 
23 26 18 26 28 
5 30 
7 32 31 
19 34 48 34 39 45 39 29 14 41 
14 24 46 13 
==============================

====== Algorithm Status ======
Valor:                6447
Time:                 4001
nIter:                243
Best Iter:            243
Improvement Count:    242
==============================
Solution tour: 
0 13 42 35 17 44 13 20 13 46 24 50 27 11 8 38 11 50 47 4 19 48 50 24 44 17 35 42 25 3 36 3 
16 3 
9 16 9 
10 49 22 49 
1 37 22 37 17 33 
17 33 37 33 38 8 47 
8 27 50 11 27 46 27 11 26 18 26 28 
5 30 
7 32 31 
19 34 48 34 39 45 39 29 14 41 
14 24 46 13 
==============================

====== Algorithm Status ======
Valor:                6549
Time:                 8012
nIter:                489
Best Iter:            489
Improvement Count:    488
==============================
Solution tour: 
0 13 46 27 50 24 50 27 11 27 8 38 13 20 17 8 27 11 50 11 29 
11 8 27 46 24 44 17 44 35 42 35 25 3 36 3 
9 16 9 22 49 
1 37 22 37 17 41 14 41 17 33 
17 33 37 33 38 8 47 
8 11 26 18 26 28 
5 30 
7 32 31 
19 48 34 48 40 39 45 39 29 17 20 13 
==============================

====== Algorithm Status ======
Valor:                6746
Time:                 16014
nIter:                946
Best Iter:            946
Improvement Count:    945
==============================
Solution tour: 
0 13 46 27 46 13 20 8 27 11 44 35 44 24 50 11 30 11 8 38 11 27 11 50 24 46 24 44 17 44 22 1 36 3 36 1 22 
9 16 9 22 49 22 
1 37 22 37 33 17 41 14 41 17 33 35 42 35 33 37 17 8 47 
8 11 26 18 26 28 
5 32 31 
19 48 34 48 40 39 45 39 29 17 20 13 
==============================

====== Algorithm Status ======
Valor:                6941
Time:                 32008
nIter:                1872
Best Iter:            1872
Improvement Count:    1871
==============================
Solution tour: 
0 13 46 27 46 13 20 44 13 38 8 27 8 17 35 42 35 44 24 50 11 30 11 8 38 11 27 11 50 24 46 24 44 17 44 22 49 22 1 36 3 36 1 22 
9 16 9 22 37 33 37 17 41 14 41 17 33 17 8 47 
8 11 26 18 26 28 
5 28 26 11 7 32 31 
19 48 34 48 19 45 39 29 17 20 13 
==============================

====== Algorithm Status ======
Valor:                7006
Time:                 64035
nIter:                3717
Best Iter:            3717
Improvement Count:    3716
==============================
Solution tour: 
0 13 46 27 8 27 46 13 20 44 35 42 35 44 24 50 11 30 11 8 38 8 11 27 11 50 24 46 24 44 17 44 22 49 36 3 36 1 37 22 
9 16 9 22 37 33 37 17 41 14 41 17 33 17 8 47 
8 11 26 18 26 28 
5 28 26 11 12 7 32 31 
19 48 34 48 19 45 39 29 17 20 13 
==============================

====== Algorithm Status ======
Valor:                7048
Time:                 128009
nIter:                7480
Best Iter:            7480
Improvement Count:    7479
==============================
Solution tour: 
0 13 46 27 11 27 8 27 46 13 44 17 35 42 35 44 24 50 11 30 11 8 38 11 50 24 46 24 44 22 49 22 1 36 3 36 1 37 22 
9 16 9 22 37 33 37 
17 41 14 41 17 33 17 8 47 
8 11 26 18 26 28 
5 28 26 11 12 7 32 31 
19 48 34 48 40 39 45 39 29 17 44 13 20 13 
==============================

====== Algorithm Status ======
Valor:                7080
Time:                 256004
nIter:                14854
Best Iter:            14854
Improvement Count:    14853
==============================
Solution tour: 
0 13 46 27 11 27 8 27 46 13 44 17 20 44 35 42 35 44 24 50 11 30 11 8 38 11 50 24 46 24 44 22 49 22 1 36 3 36 
9 16 9 22 37 33 37 17 41 14 41 17 33 17 8 47 
8 11 26 18 26 28 
5 28 26 11 12 6 12 7 32 31 19 48 34 48 39 45 39 29 17 44 13 20 13 
==============================

====== Algorithm Status ======
Valor:                7109
Time:                 512007
nIter:                29602
Best Iter:            29602
Improvement Count:    29601
==============================
Solution tour: 
0 13 46 27 11 27 8 27 46 13 20 44 17 20 13 44 35 42 35 44 24 50 11 30 11 8 38 11 50 24 46 24 44 22 49 22 1 36 3 16 
9 16 3 36 1 22 37 33 37 17 41 14 41 17 33 17 8 47 
8 11 26 18 26 28 
5 28 26 11 12 6 12 7 32 31 19 48 34 48 39 45 39 29 17 44 13 
==============================

====== Algorithm Status ======
Valor:                7109
Time:                 1024004
nIter:                58426
Best Iter:            58426
Improvement Count:    58427
==============================
Solution tour: 
0 13 46 27 11 27 8 27 46 13 20 44 17 20 13 44 35 42 35 44 24 50 11 30 11 8 38 11 50 24 46 24 44 22 49 22 1 36 3 16 
9 16 3 36 1 22 37 33 37 17 41 14 41 17 33 17 8 47 
8 11 26 18 26 28 
5 28 26 11 12 6 12 7 32 31 19 48 34 48 39 45 39 29 17 44 13 
==============================

====== Algorithm Status ======
Valor:                7109
Time:                 1024004
nIter:                58426
Best Iter:            58426
Improvement Count:    58427
==============================
Solution tour: 
0 13 46 27 11 27 8 27 46 13 20 44 17 20 13 44 35 42 35 44 24 50 11 30 11 8 38 11 50 24 46 24 44 22 49 22 1 36 3 16 
9 16 3 36 1 22 37 33 37 17 41 14 41 17 33 17 8 47 
8 11 26 18 26 28 
5 28 26 11 12 6 12 7 32 31 19 48 34 48 39 45 39 29 17 44 13 
==============================

