=========== Input ===========
File name:                ./instances/created-instances/mm-10-25-1767920.cdop
Total node count:         36
Truck node count:         10
Drone node count:         25
=============================

========== Settings ==========
Settings file:        ./settings/Memetic_MPX_1099666.config
Seed:                 1099666
Reduction method:     -
Max iter:             1024000
Population size:      13
Crossover:            MA-MPX
Local Search:         LS
Warm Start:           Mario_WS
==============================

====== Algorithm Status ======
Valor:                5424
Time:                 257
nIter:                34
Best Iter:            34
Improvement Count:    33
==============================
Solution tour: 
0 33 18 13 17 13 33 0 25 
3 27 1 18 31 9 
10 9 31 1 32 1 31 3 25 18 8 
7 6 26 14 31 18 23 11 28 
4 28 15 12 20 16 22 
5 
2 5 24 22 24 5 22 16 
8 23 8 29 18 33 
6 
9 6 16 18 21 30 
==============================

====== Algorithm Status ======
Valor:                5424
Time:                 504
nIter:                65
Best Iter:            65
Improvement Count:    64
==============================
Solution tour: 
0 33 18 13 17 13 33 0 25 
3 27 1 18 31 9 
10 9 31 1 32 1 31 3 25 18 8 
7 6 26 14 31 18 23 11 28 
4 28 15 12 20 16 22 
5 
2 5 24 22 24 5 22 16 
8 23 8 29 18 33 
6 
9 6 16 18 21 30 
==============================

====== Algorithm Status ======
Valor:                5875
Time:                 1004
nIter:                130
Best Iter:            130
Improvement Count:    129
==============================
Solution tour: 
0 13 17 13 33 0 25 3 
1 27 26 9 
3 27 1 32 21 30 0 33 18 31 9 
10 9 31 32 1 31 1 18 11 8 
7 6 9 26 31 14 31 18 23 8 11 28 
4 28 15 12 20 16 22 
5 
2 5 24 22 24 5 22 16 7 
8 23 18 33 
6 27 3 25 
==============================

====== Algorithm Status ======
Valor:                5875
Time:                 2002
nIter:                249
Best Iter:            249
Improvement Count:    248
==============================
Solution tour: 
0 13 17 13 33 0 25 3 
1 27 26 9 
3 27 1 32 21 30 0 33 18 31 9 
10 9 31 32 1 31 1 18 11 8 
7 6 9 26 31 14 31 18 23 8 11 28 
4 28 15 12 20 16 22 
5 
2 5 24 22 24 5 22 16 7 
8 23 18 33 
6 27 3 25 
==============================

====== Algorithm Status ======
Valor:                5880
Time:                 4003
nIter:                487
Best Iter:            487
Improvement Count:    486
==============================
Solution tour: 
0 13 17 13 33 0 25 3 
1 27 26 9 
3 27 1 32 21 30 0 33 18 31 9 
10 9 31 32 1 31 1 18 11 8 
7 6 9 26 31 14 31 18 23 8 28 
4 28 15 12 20 16 22 
5 
2 5 24 22 24 5 22 16 7 
8 23 18 33 
6 27 3 25 
==============================

====== Algorithm Status ======
Valor:                5880
Time:                 8002
nIter:                953
Best Iter:            953
Improvement Count:    952
==============================
Solution tour: 
0 13 17 13 33 0 25 3 
1 27 26 9 
3 27 1 32 21 30 0 33 18 31 9 
10 9 31 32 1 31 1 18 11 8 
7 6 9 26 31 14 31 18 23 8 28 
4 28 15 12 20 16 22 
5 
2 5 24 22 24 5 22 16 7 
8 23 18 33 
6 27 3 25 
==============================

====== Algorithm Status ======
Valor:                5880
Time:                 16016
nIter:                1885
Best Iter:            1885
Improvement Count:    1884
==============================
Solution tour: 
0 13 17 13 33 0 25 3 
1 27 26 9 
3 27 1 32 21 30 0 33 18 31 9 
10 9 31 32 1 31 1 18 11 8 
7 6 9 26 31 14 31 18 23 8 28 
4 28 15 12 20 16 22 
5 
2 5 24 22 24 5 22 16 7 
8 23 18 33 
6 27 3 25 
==============================

====== Algorithm Status ======
Valor:                5923
Time:                 32001
nIter:                3729
Best Iter:            3729
Improvement Count:    3728
==============================
Solution tour: 
0 13 17 13 33 25 0 25 3 
1 27 26 10 
3 27 1 32 0 30 21 30 0 33 18 31 9 
10 9 31 32 1 31 1 18 11 8 
7 6 9 26 31 14 31 18 23 8 28 
4 28 15 12 20 16 22 
5 22 
2 5 24 22 24 5 2 22 16 7 
8 23 18 33 
==============================

====== Algorithm Status ======
Valor:                6037
Time:                 64005
nIter:                7613
Best Iter:            7613
Improvement Count:    7612
==============================
Solution tour: 
0 33 13 12 28 12 17 13 17 19 17 20 19 11 
7 6 9 26 9 31 14 31 1 18 23 8 28 
4 28 15 12 20 16 22 
5 22 
2 5 24 22 24 5 2 22 16 7 
8 23 18 33 
6 33 18 
1 31 9 10 
9 6 1 27 
3 27 1 32 1 0 30 21 30 0 25 
==============================

====== Algorithm Status ======
Valor:                6097
Time:                 128000
nIter:                16071
Best Iter:            16071
Improvement Count:    16070
==============================
Solution tour: 
0 33 13 17 19 17 13 8 
7 6 9 31 14 31 32 1 31 18 23 8 11 28 
4 28 15 28 12 20 16 22 
5 22 
2 5 24 22 24 5 2 22 16 7 
8 23 18 33 
6 33 18 25 3 
10 26 31 1 31 9 10 
9 6 1 27 
3 27 1 32 0 30 21 30 0 25 
==============================

====== Algorithm Status ======
Valor:                6098
Time:                 256002
nIter:                32491
Best Iter:            32491
Improvement Count:    32490
==============================
Solution tour: 
0 33 13 17 19 17 13 8 
7 6 9 31 14 31 32 1 18 31 18 23 8 11 28 
4 28 15 28 12 20 16 22 
5 22 
2 5 24 22 24 5 2 22 16 7 
8 23 18 33 
6 33 18 25 3 
10 9 26 31 1 31 9 10 
3 27 1 32 0 30 21 30 0 25 
==============================

====== Algorithm Status ======
Valor:                6098
Time:                 512004
nIter:                65033
Best Iter:            65033
Improvement Count:    65032
==============================
Solution tour: 
0 33 13 17 19 17 13 8 
7 6 9 31 14 31 32 1 18 31 18 23 8 11 28 
4 28 15 28 12 20 16 22 
5 22 
2 5 24 22 24 5 2 22 16 7 
8 23 18 33 
6 33 18 25 3 
10 9 26 31 1 31 9 10 
3 27 1 32 0 30 21 30 0 25 
==============================

====== Algorithm Status ======
Valor:                6226
Time:                 1024003
nIter:                133181
Best Iter:            133181
Improvement Count:    133182
==============================
Solution tour: 
0 33 13 17 19 17 13 8 
7 6 9 31 14 31 1 32 1 31 18 23 8 11 19 20 12 28 
4 28 15 28 12 20 16 22 
5 22 
2 5 24 22 24 5 2 22 16 7 
8 23 18 33 
6 33 18 31 9 26 31 3 10 
9 10 3 25 
1 27 
3 27 1 0 30 21 30 0 25 
==============================

====== Algorithm Status ======
Valor:                6226
Time:                 1024003
nIter:                133181
Best Iter:            133181
Improvement Count:    133182
==============================
Solution tour: 
0 33 13 17 19 17 13 8 
7 6 9 31 14 31 1 32 1 31 18 23 8 11 19 20 12 28 
4 28 15 28 12 20 16 22 
5 22 
2 5 24 22 24 5 2 22 16 7 
8 23 18 33 
6 33 18 31 9 26 31 3 10 
9 10 3 25 
1 27 
3 27 1 0 30 21 30 0 25 
==============================

