=========== Input ===========
File name:                ./instances/created-instances/mm-20-10-1917698.cdop
Total node count:         31
Truck node count:         20
Drone node count:         10
=============================

========== Settings ==========
Settings file:        ./settings/Memetic_MMX_1287823.config
Seed:                 1287823
Reduction method:     -
Max iter:             1024000
Population size:      13
Crossover:            MA-MMX
Local Search:         LS
Warm Start:           Mario_WS
==============================

====== Algorithm Status ======
Valor:                3786
Time:                 257
nIter:                49
Best Iter:            49
Improvement Count:    48
==============================
Solution tour: 
0 4 9 12 26 28 26 30 26 12 9 17 24 27 3 19 14 29 
14 19 3 27 29 4 
20 
4 0 14 27 14 25 6 25 1 3 15 9 30 28 
15 3 1 25 15 12 30 9 15 
13 15 25 14 
==============================

====== Algorithm Status ======
Valor:                3837
Time:                 505
nIter:                91
Best Iter:            91
Improvement Count:    90
==============================
Solution tour: 
0 4 9 12 6 12 30 26 28 26 30 26 12 9 17 24 27 3 19 14 29 
14 19 3 27 29 4 
20 
4 0 14 27 14 25 6 25 1 3 15 3 1 25 15 9 30 12 26 30 9 15 
13 15 25 14 
==============================

====== Algorithm Status ======
Valor:                4030
Time:                 1000
nIter:                191
Best Iter:            191
Improvement Count:    190
==============================
Solution tour: 
0 4 9 12 6 12 26 28 26 12 9 17 10 17 3 24 4 29 27 3 19 14 29 
14 19 3 27 29 4 
20 
4 0 14 27 14 25 6 25 1 3 15 3 1 15 1 25 15 9 30 9 15 25 14 
==============================

====== Algorithm Status ======
Valor:                4056
Time:                 2002
nIter:                396
Best Iter:            396
Improvement Count:    395
==============================
Solution tour: 
0 4 9 12 6 12 26 28 26 12 9 17 10 17 24 3 24 4 29 27 3 19 14 27 29 
14 19 3 27 29 4 
20 4 0 14 25 6 25 1 3 15 3 1 15 1 25 15 9 30 9 15 25 14 
==============================

====== Algorithm Status ======
Valor:                4077
Time:                 4000
nIter:                809
Best Iter:            809
Improvement Count:    808
==============================
Solution tour: 
0 4 9 12 6 12 26 28 26 12 9 17 10 17 24 3 24 4 29 27 3 19 14 27 
14 19 3 27 29 4 
20 4 0 14 25 6 25 1 15 25 15 9 30 9 15 1 3 15 3 1 25 14 
==============================

====== Algorithm Status ======
Valor:                4097
Time:                 8000
nIter:                1666
Best Iter:            1666
Improvement Count:    1665
==============================
Solution tour: 
0 4 9 12 6 12 26 30 28 30 26 28 26 12 9 17 10 17 24 3 24 4 29 27 3 19 
14 19 3 27 29 4 
20 4 0 14 25 6 25 1 15 25 15 9 30 9 15 3 15 1 3 1 25 14 
==============================

====== Algorithm Status ======
Valor:                4123
Time:                 16004
nIter:                3329
Best Iter:            3329
Improvement Count:    3328
==============================
Solution tour: 
0 4 9 12 6 12 26 30 26 28 30 28 26 12 9 17 10 17 24 3 24 4 29 14 27 14 3 19 
14 19 3 14 29 27 3 27 29 4 
20 4 0 14 25 1 15 25 15 9 30 9 15 3 15 1 3 1 25 14 
==============================

====== Algorithm Status ======
Valor:                4123
Time:                 32005
nIter:                6526
Best Iter:            6526
Improvement Count:    6525
==============================
Solution tour: 
0 4 9 12 6 12 26 30 26 28 30 28 26 12 9 17 10 17 24 3 24 4 29 14 27 14 3 19 
14 19 3 14 29 27 3 27 29 4 
20 4 0 14 25 1 15 25 15 9 30 9 15 3 15 1 3 1 25 14 
==============================

====== Algorithm Status ======
Valor:                4123
Time:                 64003
nIter:                12912
Best Iter:            12912
Improvement Count:    12911
==============================
Solution tour: 
0 4 9 12 6 12 26 30 26 28 30 28 26 12 9 17 10 17 24 3 24 4 29 14 27 14 3 19 
14 19 3 14 29 27 3 27 29 4 
20 4 0 14 25 1 15 25 15 9 30 9 15 3 15 1 3 1 25 14 
==============================

====== Algorithm Status ======
Valor:                4127
Time:                 128006
nIter:                25701
Best Iter:            25701
Improvement Count:    25700
==============================
Solution tour: 
0 4 9 12 26 30 26 28 30 28 26 12 9 17 10 17 24 3 24 4 29 14 27 14 3 19 
14 19 3 14 29 27 3 27 29 4 
20 4 0 14 25 15 
13 15 9 30 9 15 3 15 1 3 1 15 25 14 
==============================

====== Algorithm Status ======
Valor:                4159
Time:                 256002
nIter:                50415
Best Iter:            50415
Improvement Count:    50414
==============================
Solution tour: 
0 4 9 12 6 12 26 28 30 28 26 12 9 17 10 17 24 3 24 4 29 14 29 27 
14 19 3 19 14 27 3 1 3 27 29 4 
20 4 0 14 3 15 25 15 
13 15 9 30 9 15 1 15 3 14 
==============================

====== Algorithm Status ======
Valor:                4159
Time:                 512003
nIter:                98963
Best Iter:            98963
Improvement Count:    98962
==============================
Solution tour: 
0 4 9 12 6 12 26 28 30 28 26 12 9 17 10 17 24 3 24 4 29 14 29 27 
14 19 3 19 14 27 3 1 3 27 29 4 
20 4 0 14 3 15 25 15 
13 15 9 30 9 15 1 15 3 14 
==============================

====== Algorithm Status ======
Valor:                4159
Time:                 1024002
nIter:                196422
Best Iter:            196422
Improvement Count:    196423
==============================
Solution tour: 
0 4 9 12 6 12 26 28 30 28 26 12 9 17 10 17 24 3 24 4 29 14 29 27 
14 19 3 19 14 27 3 1 3 27 29 4 
20 4 0 14 3 15 25 15 
13 15 9 30 9 15 1 15 3 14 
==============================

====== Algorithm Status ======
Valor:                4159
Time:                 1024002
nIter:                196422
Best Iter:            196422
Improvement Count:    196423
==============================
Solution tour: 
0 4 9 12 6 12 26 28 30 28 26 12 9 17 10 17 24 3 24 4 29 14 29 27 
14 19 3 19 14 27 3 1 3 27 29 4 
20 4 0 14 3 15 25 15 
13 15 9 30 9 15 1 15 3 14 
==============================

