=========== Input ===========
File name:                ./instances/created-instances/mm-15-10-1767920.cdop
Total node count:         26
Truck node count:         15
Drone node count:         10
=============================

========== Settings ==========
Settings file:        ./settings/Memetic-LS_MPX_1099666.config
Seed:                 1099666
Reduction method:     -
Max iter:             1024000
Population size:      13
Crossover:            MA-MPX
Local Search:         -
Warm Start:           Mario_WS
==============================

====== Algorithm Status ======
Valor:                3129
Time:                 250
nIter:                562
Best Iter:            562
Improvement Count:    561
==============================
Solution tour: 
0 24 2 5 23 11 
14 
11 
4 18 4 23 
5 
2 21 
7 
8 
12 
6 25 23 2 23 
9 17 
10 22 18 22 19 22 1 3 16 
3 
1 8 
13 8 1 20 1 
==============================

====== Algorithm Status ======
Valor:                3129
Time:                 500
nIter:                1119
Best Iter:            1119
Improvement Count:    1118
==============================
Solution tour: 
0 24 2 5 23 11 
14 
11 
4 18 4 23 
5 
2 21 
7 
8 
12 
6 25 23 2 23 
9 17 
10 22 18 22 19 22 1 3 16 
3 
1 8 
13 8 1 20 1 
==============================

====== Algorithm Status ======
Valor:                3129
Time:                 1000
nIter:                2307
Best Iter:            2307
Improvement Count:    2306
==============================
Solution tour: 
0 24 2 5 23 11 
14 
11 
4 18 4 23 
5 
2 21 
7 
8 
12 
6 25 23 2 23 
9 17 
10 22 18 22 19 22 1 3 16 
3 
1 8 
13 8 1 20 1 
==============================

====== Algorithm Status ======
Valor:                3129
Time:                 2000
nIter:                4525
Best Iter:            4525
Improvement Count:    4524
==============================
Solution tour: 
0 24 2 5 23 11 
14 
11 
4 18 4 23 
5 
2 21 
7 
8 
12 
6 25 23 2 23 
9 17 
10 22 18 22 19 22 1 3 16 
3 
1 8 
13 8 1 20 1 
==============================

====== Algorithm Status ======
Valor:                3129
Time:                 4000
nIter:                9041
Best Iter:            9041
Improvement Count:    9040
==============================
Solution tour: 
0 24 2 5 23 11 
14 
11 
4 18 4 23 
5 
2 21 
7 
8 
12 
6 25 23 2 23 
9 17 
10 22 18 22 19 22 1 3 16 
3 
1 8 
13 8 1 20 1 
==============================

====== Algorithm Status ======
Valor:                3129
Time:                 8000
nIter:                17961
Best Iter:            17961
Improvement Count:    17960
==============================
Solution tour: 
0 24 2 5 23 11 
14 
11 
4 18 4 23 
5 
2 21 
7 
8 
12 
6 25 23 2 23 
9 17 
10 22 18 22 19 22 1 3 16 
3 
1 8 
13 8 1 20 1 
==============================

====== Algorithm Status ======
Valor:                3129
Time:                 16000
nIter:                35991
Best Iter:            35991
Improvement Count:    35990
==============================
Solution tour: 
0 24 2 5 23 11 
14 
11 
4 18 4 23 
5 
2 21 
7 
8 
12 
6 25 23 2 23 
9 17 
10 22 18 22 19 22 1 3 16 
3 
1 8 
13 8 1 20 1 
==============================

====== Algorithm Status ======
Valor:                3129
Time:                 32000
nIter:                71868
Best Iter:            71868
Improvement Count:    71867
==============================
Solution tour: 
0 24 2 5 23 11 
14 
11 
4 18 4 23 
5 
2 21 
7 
8 
12 
6 25 23 2 23 
9 17 
10 22 18 22 19 22 1 3 16 
3 
1 8 
13 8 1 20 1 
==============================

====== Algorithm Status ======
Valor:                3129
Time:                 64000
nIter:                145021
Best Iter:            145021
Improvement Count:    145020
==============================
Solution tour: 
0 24 2 5 23 11 
14 
11 
4 18 4 23 
5 
2 21 
7 
8 
12 
6 25 23 2 23 
9 17 
10 22 18 22 19 22 1 3 16 
3 
1 8 
13 8 1 20 1 
==============================

====== Algorithm Status ======
Valor:                3129
Time:                 128000
nIter:                288434
Best Iter:            288434
Improvement Count:    288433
==============================
Solution tour: 
0 24 2 5 23 11 
14 
11 
4 18 4 23 
5 
2 21 
7 
8 
12 
6 25 23 2 23 
9 17 
10 22 18 22 19 22 1 3 16 
3 
1 8 
13 8 1 20 1 
==============================

====== Algorithm Status ======
Valor:                3179
Time:                 256000
nIter:                568151
Best Iter:            568151
Improvement Count:    568150
==============================
Solution tour: 
0 24 2 5 23 11 
14 
11 
4 18 4 23 
5 
2 21 
12 
6 25 23 2 23 
9 17 
10 22 18 22 19 22 1 3 16 
15 
3 
1 8 
13 8 1 20 1 
==============================

====== Algorithm Status ======
Valor:                3179
Time:                 512000
nIter:                1121484
Best Iter:            1121484
Improvement Count:    1121483
==============================
Solution tour: 
0 24 2 5 23 11 
14 
11 
4 18 4 23 
5 
2 21 
12 
6 25 23 2 23 
9 17 
10 22 18 22 19 22 1 3 16 
15 
3 
1 8 
13 8 1 20 1 
==============================

====== Algorithm Status ======
Valor:                3238
Time:                 1024001
nIter:                2254543
Best Iter:            2254543
Improvement Count:    2254544
==============================
Solution tour: 
0 24 2 5 23 
4 18 4 23 
5 
2 21 
12 24 
8 
11 
14 
6 25 23 2 23 
9 17 
10 22 18 22 19 22 1 3 16 
15 
3 
1 8 
13 8 1 20 1 
==============================

====== Algorithm Status ======
Valor:                3238
Time:                 1024001
nIter:                2254543
Best Iter:            2254543
Improvement Count:    2254544
==============================
Solution tour: 
0 24 2 5 23 
4 18 4 23 
5 
2 21 
12 24 
8 
11 
14 
6 25 23 2 23 
9 17 
10 22 18 22 19 22 1 3 16 
15 
3 
1 8 
13 8 1 20 1 
==============================

