=========== Input ===========
File name:                ./instances/created-instances/mm-20-25-1917698.cdop
Total node count:         46
Truck node count:         20
Drone node count:         25
=============================

========== Settings ==========
Settings file:        ./settings/Memetic-LS_MPX_1287823.config
Seed:                 1287823
Reduction method:     -
Max iter:             1024000
Population size:      13
Crossover:            MA-MPX
Local Search:         -
Warm Start:           Mario_WS
==============================

====== Algorithm Status ======
Valor:                4092
Time:                 250
nIter:                265
Best Iter:            265
Improvement Count:    264
==============================
Solution tour: 
0 9 33 44 31 42 
4 24 
19 
17 36 35 
10 
13 34 25 39 38 39 
1 39 
14 
3 42 12 30 
15 38 
16 38 
6 44 12 
9 
12 33 12 44 42 29 41 
18 
2 27 21 
5 45 
8 
11 12 44 43 44 33 2 
7 
==============================

====== Algorithm Status ======
Valor:                4092
Time:                 500
nIter:                522
Best Iter:            522
Improvement Count:    521
==============================
Solution tour: 
0 9 33 44 31 42 
4 24 
19 
17 36 35 
10 
13 34 25 39 38 39 
1 39 
14 
3 42 12 30 
15 38 
16 38 
6 44 12 
9 
12 33 12 44 42 29 41 
18 
2 27 21 
5 45 
8 
11 12 44 43 44 33 2 
7 
==============================

====== Algorithm Status ======
Valor:                4092
Time:                 1000
nIter:                1034
Best Iter:            1034
Improvement Count:    1033
==============================
Solution tour: 
0 9 33 44 31 42 
4 24 
19 
17 36 35 
10 
13 34 25 39 38 39 
1 39 
14 
3 42 12 30 
15 38 
16 38 
6 44 12 
9 
12 33 12 44 42 29 41 
18 
2 27 21 
5 45 
8 
11 12 44 43 44 33 2 
7 
==============================

====== Algorithm Status ======
Valor:                4092
Time:                 2000
nIter:                2140
Best Iter:            2140
Improvement Count:    2139
==============================
Solution tour: 
0 9 33 44 31 42 
4 24 
19 
17 36 35 
10 
13 34 25 39 38 39 
1 39 
14 
3 42 12 30 
15 38 
16 38 
6 44 12 
9 
12 33 12 44 42 29 41 
18 
2 27 21 
5 45 
8 
11 12 44 43 44 33 2 
7 
==============================

====== Algorithm Status ======
Valor:                4092
Time:                 4000
nIter:                4325
Best Iter:            4325
Improvement Count:    4324
==============================
Solution tour: 
0 9 33 44 31 42 
4 24 
19 
17 36 35 
10 
13 34 25 39 38 39 
1 39 
14 
3 42 12 30 
15 38 
16 38 
6 44 12 
9 
12 33 12 44 42 29 41 
18 
2 27 21 
5 45 
8 
11 12 44 43 44 33 2 
7 
==============================

====== Algorithm Status ======
Valor:                4092
Time:                 8000
nIter:                8655
Best Iter:            8655
Improvement Count:    8654
==============================
Solution tour: 
0 9 33 44 31 42 
4 24 
19 
17 36 35 
10 
13 34 25 39 38 39 
1 39 
14 
3 42 12 30 
15 38 
16 38 
6 44 12 
9 
12 33 12 44 42 29 41 
18 
2 27 21 
5 45 
8 
11 12 44 43 44 33 2 
7 
==============================

====== Algorithm Status ======
Valor:                4092
Time:                 16000
nIter:                17113
Best Iter:            17113
Improvement Count:    17112
==============================
Solution tour: 
0 9 33 44 31 42 
4 24 
19 
17 36 35 
10 
13 34 25 39 38 39 
1 39 
14 
3 42 12 30 
15 38 
16 38 
6 44 12 
9 
12 33 12 44 42 29 41 
18 
2 27 21 
5 45 
8 
11 12 44 43 44 33 2 
7 
==============================

====== Algorithm Status ======
Valor:                4092
Time:                 32000
nIter:                34027
Best Iter:            34027
Improvement Count:    34026
==============================
Solution tour: 
0 9 33 44 31 42 
4 24 
19 
17 36 35 
10 
13 34 25 39 38 39 
1 39 
14 
3 42 12 30 
15 38 
16 38 
6 44 12 
9 
12 33 12 44 42 29 41 
18 
2 27 21 
5 45 
8 
11 12 44 43 44 33 2 
7 
==============================

====== Algorithm Status ======
Valor:                4092
Time:                 64000
nIter:                67753
Best Iter:            67753
Improvement Count:    67752
==============================
Solution tour: 
0 9 33 44 31 42 
4 24 
19 
17 36 35 
10 
13 34 25 39 38 39 
1 39 
14 
3 42 12 30 
15 38 
16 38 
6 44 12 
9 
12 33 12 44 42 29 41 
18 
2 27 21 
5 45 
8 
11 12 44 43 44 33 2 
7 
==============================

====== Algorithm Status ======
Valor:                4092
Time:                 128000
nIter:                136323
Best Iter:            136323
Improvement Count:    136322
==============================
Solution tour: 
0 9 33 44 31 42 
4 24 
19 
17 36 35 
10 
13 34 25 39 38 39 
1 39 
14 
3 42 12 30 
15 38 
16 38 
6 44 12 
9 
12 33 12 44 42 29 41 
18 
2 27 21 
5 45 
8 
11 12 44 43 44 33 2 
7 
==============================

====== Algorithm Status ======
Valor:                4092
Time:                 256000
nIter:                273968
Best Iter:            273968
Improvement Count:    273967
==============================
Solution tour: 
0 9 33 44 31 42 
4 24 
19 
17 36 35 
10 
13 34 25 39 38 39 
1 39 
14 
3 42 12 30 
15 38 
16 38 
6 44 12 
9 
12 33 12 44 42 29 41 
18 
2 27 21 
5 45 
8 
11 12 44 43 44 33 2 
7 
==============================

====== Algorithm Status ======
Valor:                4092
Time:                 512003
nIter:                549465
Best Iter:            549465
Improvement Count:    549464
==============================
Solution tour: 
0 9 33 44 31 42 
4 24 
19 
17 36 35 
10 
13 34 25 39 38 39 
1 39 
14 
3 42 12 30 
15 38 
16 38 
6 44 12 
9 
12 33 12 44 42 29 41 
18 
2 27 21 
5 45 
8 
11 12 44 43 44 33 2 
7 
==============================

====== Algorithm Status ======
Valor:                4092
Time:                 1024004
nIter:                1098330
Best Iter:            1098330
Improvement Count:    1098331
==============================
Solution tour: 
0 9 33 44 31 42 
4 24 
19 
17 36 35 
10 
13 34 25 39 38 39 
1 39 
14 
3 42 12 30 
15 38 
16 38 
6 44 12 
9 
12 33 12 44 42 29 41 
18 
2 27 21 
5 45 
8 
11 12 44 43 44 33 2 
7 
==============================

====== Algorithm Status ======
Valor:                4092
Time:                 1024004
nIter:                1098330
Best Iter:            1098330
Improvement Count:    1098331
==============================
Solution tour: 
0 9 33 44 31 42 
4 24 
19 
17 36 35 
10 
13 34 25 39 38 39 
1 39 
14 
3 42 12 30 
15 38 
16 38 
6 44 12 
9 
12 33 12 44 42 29 41 
18 
2 27 21 
5 45 
8 
11 12 44 43 44 33 2 
7 
==============================

