=========== Input ===========
File name:                ./instances/created-instances/mm-25-10-1917698.cdop
Total node count:         36
Truck node count:         25
Drone node count:         10
=============================

========== Settings ==========
Settings file:        ./settings/Memetic-LS_MMX_1287823.config
Seed:                 1287823
Reduction method:     -
Max iter:             1024000
Population size:      13
Crossover:            MA-MMX
Local Search:         -
Warm Start:           Mario_WS
==============================

====== Algorithm Status ======
Valor:                3050
Time:                 250
nIter:                556
Best Iter:            556
Improvement Count:    555
==============================
Solution tour: 
0 29 0 
20 0 2 18 32 34 35 
4 
19 
17 35 
10 
13 
1 
22 23 
16 33 16 
23 
6 34 9 31 9 31 
14 
3 14 
12 9 32 
24 32 
18 
2 0 26 2 
8 0 8 
11 5 2 26 
==============================

====== Algorithm Status ======
Valor:                3152
Time:                 500
nIter:                1084
Best Iter:            1084
Improvement Count:    1083
==============================
Solution tour: 
0 29 18 
2 0 
20 0 2 18 32 28 35 
4 
19 
17 35 
10 
13 
1 
22 23 
16 33 16 
23 
6 34 9 31 9 31 
14 
3 14 
12 9 32 
24 32 
18 29 0 26 2 
8 0 8 
11 2 26 
==============================

====== Algorithm Status ======
Valor:                3152
Time:                 1000
nIter:                2016
Best Iter:            2016
Improvement Count:    2015
==============================
Solution tour: 
0 29 18 
2 0 
20 0 2 18 32 28 35 
4 
19 
17 35 
10 
13 
1 
22 23 
16 33 16 
23 
6 34 9 31 9 31 
14 
3 14 
12 9 32 
24 32 
18 29 0 26 2 
8 0 8 
11 2 26 
==============================

====== Algorithm Status ======
Valor:                3189
Time:                 2000
nIter:                4032
Best Iter:            4032
Improvement Count:    4031
==============================
Solution tour: 
0 29 18 
2 0 
20 0 2 18 32 28 32 28 35 
4 
19 
17 35 
10 
13 
1 
22 23 
16 33 16 
23 
6 34 9 31 9 31 
14 
3 14 
12 9 32 
24 32 
18 29 0 26 2 
8 0 8 
11 2 26 
==============================

====== Algorithm Status ======
Valor:                3384
Time:                 4000
nIter:                8019
Best Iter:            8019
Improvement Count:    8018
==============================
Solution tour: 
0 29 18 
2 0 2 18 32 28 32 35 
4 
19 
17 35 
10 
13 22 
1 
22 23 
16 33 16 
23 
6 34 9 0 9 
14 
3 14 31 14 31 9 32 
24 32 
18 29 0 26 2 
8 0 8 
11 2 26 
==============================

====== Algorithm Status ======
Valor:                3463
Time:                 8000
nIter:                16066
Best Iter:            16066
Improvement Count:    16065
==============================
Solution tour: 
0 29 18 
2 0 2 18 32 28 33 28 32 35 
4 
19 
17 35 
10 
13 22 
1 
22 23 
16 33 16 
23 
6 34 9 0 9 3 
14 
3 31 14 31 9 32 
24 32 
18 29 0 26 2 
8 0 8 
11 2 26 
==============================

====== Algorithm Status ======
Valor:                3679
Time:                 16000
nIter:                31650
Best Iter:            31650
Improvement Count:    31649
==============================
Solution tour: 
0 29 18 
2 0 2 32 28 33 28 32 35 
4 
19 
17 35 
10 
13 22 
1 
22 23 
16 33 16 34 
6 34 9 0 9 3 
14 
3 31 14 31 9 31 2 18 32 9 32 
24 32 
18 29 0 26 2 26 
==============================

====== Algorithm Status ======
Valor:                3682
Time:                 32000
nIter:                62236
Best Iter:            62236
Improvement Count:    62235
==============================
Solution tour: 
0 29 18 
2 0 2 32 28 33 28 32 35 
4 
19 
17 35 
10 
13 22 
1 
22 23 
16 33 16 34 
6 3 0 9 3 
14 
3 31 14 31 9 31 2 18 32 9 32 
24 32 
18 29 0 26 2 26 
==============================

====== Algorithm Status ======
Valor:                3682
Time:                 64000
nIter:                124702
Best Iter:            124702
Improvement Count:    124701
==============================
Solution tour: 
0 29 18 
2 0 2 32 28 33 28 32 35 
4 
19 
17 35 
10 
13 22 
1 
22 23 
16 33 16 34 
6 3 0 9 3 
14 
3 31 14 31 9 31 2 18 32 9 32 
24 32 
18 29 0 26 2 26 
==============================

====== Algorithm Status ======
Valor:                3971
Time:                 128000
nIter:                247332
Best Iter:            247332
Improvement Count:    247331
==============================
Solution tour: 
0 31 29 18 
2 0 2 35 
4 
19 
17 35 
10 
13 10 
1 16 33 
16 34 
6 3 34 3 
14 
3 31 14 31 9 31 2 18 32 9 32 
24 30 28 30 32 28 32 
18 29 0 29 0 26 2 26 
==============================

====== Algorithm Status ======
Valor:                4073
Time:                 256000
nIter:                494951
Best Iter:            494951
Improvement Count:    494950
==============================
Solution tour: 
0 31 18 29 31 29 18 
2 0 2 35 
4 29 
17 35 
10 
13 10 
25 16 33 
16 34 
6 3 25 3 
14 
3 31 14 31 9 31 2 18 32 9 32 
24 30 28 30 32 28 32 28 0 29 0 26 2 26 
==============================

====== Algorithm Status ======
Valor:                4108
Time:                 512001
nIter:                954450
Best Iter:            954450
Improvement Count:    954449
==============================
Solution tour: 
0 31 18 29 31 29 18 
2 0 2 35 
4 29 
17 35 
10 
13 10 
25 16 33 
16 34 
6 3 25 3 
14 
3 31 14 31 9 31 2 18 32 9 32 30 
24 30 28 30 28 33 28 32 28 0 29 0 26 2 26 
==============================

====== Algorithm Status ======
Valor:                4401
Time:                 1024001
nIter:                1794010
Best Iter:            1794010
Improvement Count:    1794011
==============================
Solution tour: 
0 29 4 29 31 29 18 
2 0 8 0 2 35 
4 35 25 
10 
13 10 
25 16 33 16 
22 34 
6 3 25 3 
14 
3 31 14 31 9 31 2 18 32 9 32 28 30 
24 30 5 30 28 32 33 9 0 29 0 26 2 26 
==============================

====== Algorithm Status ======
Valor:                4401
Time:                 1024001
nIter:                1794010
Best Iter:            1794010
Improvement Count:    1794011
==============================
Solution tour: 
0 29 4 29 31 29 18 
2 0 8 0 2 35 
4 35 25 
10 
13 10 
25 16 33 16 
22 34 
6 3 25 3 
14 
3 31 14 31 9 31 2 18 32 9 32 28 30 
24 30 5 30 28 32 33 9 0 29 0 26 2 26 
==============================

