=========== Input ===========
File name:                ./instances/created-instances/mm-5-40-1917698.cdop
Total node count:         46
Truck node count:         5
Drone node count:         40
=============================

========== Settings ==========
Settings file:        ./settings/Memetic_MMX_1881515.config
Seed:                 1881515
Reduction method:     -
Max iter:             1024000
Population size:      13
Crossover:            MA-MMX
Local Search:         LS
Warm Start:           Mario_WS
==============================

====== Algorithm Status ======
Valor:                6378
Time:                 252
nIter:                18
Best Iter:            18
Improvement Count:    17
==============================
Solution tour: 
0 15 40 37 45 41 39 25 39 41 3 24 0 15 0 30 19 4 31 24 37 28 36 31 45 26 17 38 25 41 
4 41 36 45 8 39 42 14 22 14 32 5 18 5 
2 40 31 20 1 20 34 13 33 38 6 38 12 38 10 41 24 3 11 3 36 41 45 21 25 27 45 27 12 8 45 36 14 40 7 40 30 
==============================

====== Algorithm Status ======
Valor:                6687
Time:                 500
nIter:                39
Best Iter:            39
Improvement Count:    38
==============================
Solution tour: 
0 15 24 31 24 37 11 3 34 13 6 10 8 39 28 44 6 27 25 27 45 36 45 41 36 14 42 14 22 14 32 5 18 5 21 25 26 42 
2 40 31 20 1 33 38 12 38 10 41 24 3 11 37 36 41 45 27 12 8 45 37 40 7 40 37 31 0 30 24 41 39 25 39 41 4 19 30 
==============================

====== Algorithm Status ======
Valor:                6687
Time:                 1009
nIter:                84
Best Iter:            84
Improvement Count:    83
==============================
Solution tour: 
0 15 24 31 24 37 11 3 34 13 6 10 8 39 28 44 6 27 25 27 45 36 45 41 36 14 42 14 22 14 32 5 18 5 21 25 26 42 
2 40 31 20 1 33 38 12 38 10 41 24 3 11 37 36 41 45 27 12 8 45 37 40 7 40 37 31 0 30 24 41 39 25 39 41 4 19 30 
==============================

====== Algorithm Status ======
Valor:                6987
Time:                 2006
nIter:                193
Best Iter:            193
Improvement Count:    192
==============================
Solution tour: 
0 15 24 31 24 37 11 3 10 8 39 28 44 27 6 27 25 27 26 45 36 37 45 37 41 36 14 42 14 22 14 32 5 18 5 21 25 26 25 21 42 
2 7 2 40 31 20 1 20 34 13 33 38 17 38 12 38 10 3 11 37 36 41 45 27 12 27 45 41 37 40 7 40 0 30 24 3 41 39 25 39 41 4 19 30 0 15 0 4 
==============================

====== Algorithm Status ======
Valor:                7146
Time:                 4010
nIter:                408
Best Iter:            408
Improvement Count:    407
==============================
Solution tour: 
0 31 24 3 24 37 11 3 10 38 8 27 25 27 6 27 44 28 45 37 11 41 36 14 42 14 22 14 32 5 18 5 21 25 26 25 21 42 
2 7 2 40 31 20 1 20 34 13 33 38 17 38 12 38 10 3 11 37 24 31 36 41 45 27 12 27 45 41 24 37 40 7 40 0 30 24 41 39 25 39 41 4 19 30 0 15 0 4 
==============================

====== Algorithm Status ======
Valor:                7133
Time:                 8002
nIter:                789
Best Iter:            789
Improvement Count:    788
==============================
Solution tour: 
0 31 24 3 24 37 11 3 10 38 12 38 8 27 25 27 6 27 44 28 37 45 37 11 41 36 14 36 42 14 22 14 32 5 18 5 21 25 26 25 21 42 
2 7 2 40 31 20 1 20 34 13 33 38 17 38 10 3 11 37 36 41 45 27 12 27 45 41 24 37 40 7 40 0 30 24 41 39 25 39 41 4 19 30 0 15 0 4 
==============================

====== Algorithm Status ======
Valor:                7182
Time:                 16037
nIter:                1508
Best Iter:            1508
Improvement Count:    1507
==============================
Solution tour: 
0 31 24 3 10 38 12 38 8 27 25 27 6 27 44 28 37 45 37 11 3 41 36 14 36 45 42 14 22 14 32 5 18 5 21 25 26 25 26 25 21 42 
2 7 2 40 31 20 1 20 34 13 33 38 17 38 10 3 11 37 24 31 36 41 45 27 12 27 45 41 24 37 40 7 40 0 30 24 41 39 25 39 41 4 19 30 0 15 0 4 
==============================

====== Algorithm Status ======
Valor:                7279
Time:                 32009
nIter:                2950
Best Iter:            2950
Improvement Count:    2949
==============================
Solution tour: 
0 30 40 31 24 3 41 10 38 12 38 8 27 25 27 6 27 44 28 37 45 37 11 3 24 41 36 14 42 14 22 14 32 5 18 5 16 21 25 26 25 21 42 
2 7 40 7 22 24 11 29 1 20 34 20 1 13 33 38 17 38 10 3 11 37 24 31 36 41 45 27 12 27 45 41 24 37 28 39 25 39 41 4 19 30 0 15 0 4 
==============================

====== Algorithm Status ======
Valor:                7439
Time:                 64002
nIter:                5717
Best Iter:            5717
Improvement Count:    5716
==============================
Solution tour: 
0 15 0 31 24 3 10 38 12 38 8 27 25 27 6 27 44 28 37 45 37 11 3 24 41 36 40 22 14 36 14 32 5 18 5 21 25 26 25 21 42 14 22 7 
2 7 40 7 22 24 11 29 1 20 34 20 1 13 33 38 17 38 10 3 11 37 24 31 36 41 45 27 12 27 45 41 24 37 28 39 25 39 41 4 19 4 19 0 30 0 4 
==============================

====== Algorithm Status ======
Valor:                7440
Time:                 128009
nIter:                11193
Best Iter:            11193
Improvement Count:    11192
==============================
Solution tour: 
0 15 0 31 24 3 10 38 12 38 8 27 25 27 6 27 44 28 37 45 37 11 3 24 41 36 40 22 14 36 14 32 5 18 5 21 25 26 25 21 42 14 22 7 
2 7 40 7 22 24 11 29 1 20 34 20 1 13 33 38 17 38 10 3 11 37 24 31 36 41 45 27 12 27 45 41 24 28 39 25 39 41 4 19 0 30 0 4 
==============================

====== Algorithm Status ======
Valor:                7532
Time:                 256008
nIter:                21965
Best Iter:            21965
Improvement Count:    21964
==============================
Solution tour: 
0 4 19 4 41 10 38 12 38 33 6 8 27 25 27 6 27 44 28 41 24 37 45 37 11 3 24 41 36 14 42 16 32 5 18 5 21 25 26 25 21 42 14 22 7 40 7 
2 7 22 14 36 31 24 3 34 20 1 29 1 20 34 13 33 38 17 38 10 3 11 37 24 31 36 41 45 27 12 27 45 41 39 25 39 41 4 0 30 0 15 
==============================

====== Algorithm Status ======
Valor:                7534
Time:                 512010
nIter:                42984
Best Iter:            42984
Improvement Count:    42983
==============================
Solution tour: 
0 4 19 4 41 10 38 12 38 6 8 27 25 27 6 27 44 28 24 28 37 45 37 11 3 24 41 36 14 42 16 32 5 18 5 21 25 26 25 21 42 14 22 7 40 7 
2 7 22 14 36 31 24 3 34 20 1 29 1 20 34 13 33 38 17 38 10 3 11 37 24 31 36 41 45 27 12 27 45 41 39 25 39 41 4 0 30 0 15 
==============================

====== Algorithm Status ======
Valor:                7528
Time:                 1024002
nIter:                84884
Best Iter:            84884
Improvement Count:    84885
==============================
Solution tour: 
0 31 37 28 39 8 10 38 12 38 33 6 8 27 25 27 6 27 44 28 37 45 37 11 3 24 41 36 14 42 16 32 5 18 5 21 25 26 25 21 42 14 22 7 40 7 
2 7 22 14 36 31 24 3 34 20 1 29 1 20 13 33 38 17 38 10 3 11 37 24 31 36 41 45 27 12 27 45 41 39 25 39 41 4 19 4 0 30 0 15 
==============================

====== Algorithm Status ======
Valor:                7528
Time:                 1024002
nIter:                84884
Best Iter:            84884
Improvement Count:    84885
==============================
Solution tour: 
0 31 37 28 39 8 10 38 12 38 33 6 8 27 25 27 6 27 44 28 37 45 37 11 3 24 41 36 14 42 16 32 5 18 5 21 25 26 25 21 42 14 22 7 40 7 
2 7 22 14 36 31 24 3 34 20 1 29 1 20 13 33 38 17 38 10 3 11 37 24 31 36 41 45 27 12 27 45 41 39 25 39 41 4 19 4 0 30 0 15 
==============================

