=========== Input ===========
File name:                ./instances/created-instances/mm-10-25-1767920.cdop
Total node count:         36
Truck node count:         10
Drone node count:         25
=============================

========== Settings ==========
Settings file:        ./settings/Memetic_MMX_1099666.config
Seed:                 1099666
Reduction method:     -
Max iter:             1024000
Population size:      13
Crossover:            MA-MMX
Local Search:         LS
Warm Start:           Mario_WS
==============================

====== Algorithm Status ======
Valor:                5352
Time:                 253
nIter:                26
Best Iter:            26
Improvement Count:    25
==============================
Solution tour: 
0 30 21 33 25 3 31 9 26 9 10 
9 31 16 20 12 20 17 13 32 1 18 33 18 1 31 14 31 1 8 11 20 15 16 31 18 8 23 11 28 
4 16 22 24 5 24 22 5 2 22 16 34 16 2 5 16 23 8 1 27 
3 25 
==============================

====== Algorithm Status ======
Valor:                5474
Time:                 500
nIter:                47
Best Iter:            47
Improvement Count:    46
==============================
Solution tour: 
0 30 21 33 0 25 3 27 26 9 10 
9 31 18 20 12 20 13 18 33 18 31 14 31 9 26 8 28 15 12 23 8 23 18 23 17 13 17 25 32 1 31 
1 8 1 26 31 11 28 
4 22 24 5 2 5 24 16 22 
2 22 24 22 16 6 1 27 1 25 
==============================

====== Algorithm Status ======
Valor:                5517
Time:                 1004
nIter:                88
Best Iter:            88
Improvement Count:    87
==============================
Solution tour: 
0 30 21 33 0 25 3 27 26 9 10 
9 31 18 20 12 20 13 18 33 18 31 14 31 9 26 8 28 15 12 23 8 23 18 23 17 13 17 25 1 32 1 31 
1 8 1 3 31 26 31 11 28 
4 24 22 24 5 2 5 24 16 22 
2 22 16 13 32 21 30 
==============================

====== Algorithm Status ======
Valor:                5944
Time:                 2001
nIter:                179
Best Iter:            179
Improvement Count:    178
==============================
Solution tour: 
0 30 21 33 0 25 3 31 9 10 
9 31 18 33 13 20 12 20 13 33 18 31 14 31 26 8 17 13 17 19 17 23 8 23 18 1 32 1 27 
1 8 1 31 1 18 23 11 19 20 15 28 4 24 5 24 22 16 22 24 16 5 2 5 16 6 33 21 30 
==============================

====== Algorithm Status ======
Valor:                5968
Time:                 4007
nIter:                381
Best Iter:            381
Improvement Count:    380
==============================
Solution tour: 
0 30 21 33 6 9 10 
9 31 3 25 18 33 13 20 12 20 13 33 18 31 14 31 9 26 8 17 13 17 19 17 8 23 8 23 18 1 32 1 27 
1 8 1 31 1 18 23 11 19 20 15 28 4 16 24 5 24 22 16 22 24 16 5 2 5 16 6 33 21 30 
==============================

====== Algorithm Status ======
Valor:                5968
Time:                 8001
nIter:                750
Best Iter:            750
Improvement Count:    749
==============================
Solution tour: 
0 30 21 33 6 9 10 
9 31 3 25 18 33 13 20 12 20 13 33 18 31 14 31 9 26 8 17 13 17 19 17 8 23 8 23 18 1 32 1 27 
1 8 1 31 1 18 23 11 19 20 15 28 4 16 24 5 24 22 16 22 24 16 5 2 5 16 6 33 21 30 
==============================

====== Algorithm Status ======
Valor:                6052
Time:                 16000
nIter:                1527
Best Iter:            1527
Improvement Count:    1526
==============================
Solution tour: 
0 33 0 25 3 10 
9 31 26 31 3 27 3 25 18 33 13 17 20 17 19 17 20 12 20 17 13 33 18 31 14 31 9 10 26 8 23 18 1 32 1 27 
1 8 1 31 1 18 23 8 11 28 15 35 34 16 5 24 22 16 22 24 5 2 22 2 5 16 6 33 21 30 
==============================

====== Algorithm Status ======
Valor:                6124
Time:                 32008
nIter:                3108
Best Iter:            3108
Improvement Count:    3107
==============================
Solution tour: 
0 33 0 25 3 10 
9 10 3 27 3 25 18 33 13 17 19 17 20 12 28 15 28 12 20 17 13 33 18 31 14 31 9 26 9 31 18 1 32 1 27 
1 8 1 31 1 18 23 8 23 11 16 22 24 5 24 22 16 5 2 22 2 5 16 6 33 21 30 21 33 25 
==============================

====== Algorithm Status ======
Valor:                6217
Time:                 64003
nIter:                6271
Best Iter:            6271
Improvement Count:    6270
==============================
Solution tour: 
0 33 0 25 3 10 
9 10 3 27 3 25 18 33 13 17 19 20 12 28 15 28 11 20 19 17 13 33 18 31 14 31 9 26 9 31 1 32 1 27 
1 8 1 31 18 23 8 23 18 8 17 12 20 16 22 5 24 22 24 5 22 16 5 2 22 2 5 16 6 33 21 30 
==============================

====== Algorithm Status ======
Valor:                6307
Time:                 128016
nIter:                12545
Best Iter:            12545
Improvement Count:    12544
==============================
Solution tour: 
0 33 0 30 21 30 0 25 3 10 
9 10 3 27 3 1 18 33 13 17 19 20 12 28 15 28 12 20 19 17 13 33 18 31 14 31 9 26 9 31 1 32 1 27 
1 8 1 31 18 23 8 23 11 20 16 24 5 24 22 24 16 22 5 2 22 2 5 22 16 6 33 6 25 
==============================

====== Algorithm Status ======
Valor:                6364
Time:                 256003
nIter:                24691
Best Iter:            24691
Improvement Count:    24690
==============================
Solution tour: 
0 33 0 30 21 30 0 25 3 10 
9 10 3 27 3 31 18 33 13 17 20 12 28 15 28 12 20 17 19 17 13 33 18 1 31 14 31 1 32 1 27 
1 8 17 23 8 23 18 23 20 11 20 19 20 16 24 5 24 22 24 16 22 5 2 22 2 5 22 16 6 33 6 9 26 9 31 3 25 
==============================

====== Algorithm Status ======
Valor:                6394
Time:                 512004
nIter:                48171
Best Iter:            48171
Improvement Count:    48170
==============================
Solution tour: 
0 33 0 30 21 30 0 25 3 10 
9 10 3 27 3 31 9 26 31 18 33 13 17 20 19 11 19 20 12 28 15 28 12 20 17 19 17 13 33 18 1 31 14 31 1 32 1 27 
1 8 23 18 23 8 17 8 7 16 24 5 24 22 24 16 22 5 2 22 2 5 22 16 6 33 6 9 31 3 25 
==============================

====== Algorithm Status ======
Valor:                6394
Time:                 1024019
nIter:                94725
Best Iter:            94725
Improvement Count:    94726
==============================
Solution tour: 
0 33 0 30 21 30 0 25 3 10 
9 10 3 27 3 31 9 26 31 18 33 13 17 20 19 11 19 20 12 28 15 28 12 20 17 19 17 13 33 18 1 31 14 31 1 32 1 27 
1 8 23 18 23 8 17 8 7 16 24 5 24 22 24 16 22 5 2 22 2 5 22 16 6 33 6 9 31 3 25 
==============================

====== Algorithm Status ======
Valor:                6394
Time:                 1024019
nIter:                94725
Best Iter:            94725
Improvement Count:    94726
==============================
Solution tour: 
0 33 0 30 21 30 0 25 3 10 
9 10 3 27 3 31 9 26 31 18 33 13 17 20 19 11 19 20 12 28 15 28 12 20 17 19 17 13 33 18 1 31 14 31 1 32 1 27 
1 8 23 18 23 8 17 8 7 16 24 5 24 22 24 16 22 5 2 22 2 5 22 16 6 33 6 9 31 3 25 
==============================

