=========== Input ===========
File name:                ./instances/created-instances/mm-15-10-1917698.cdop
Total node count:         26
Truck node count:         15
Drone node count:         10
=============================

========== Settings ==========
Settings file:        ./settings/Memetic-LS_MMX_1099666.config
Seed:                 1099666
Reduction method:     -
Max iter:             1024000
Population size:      13
Crossover:            MA-MMX
Local Search:         -
Warm Start:           Mario_WS
==============================

====== Algorithm Status ======
Valor:                2951
Time:                 250
nIter:                767
Best Iter:            767
Improvement Count:    766
==============================
Solution tour: 
0 17 
4 17 0 
10 
13 16 13 14 19 
1 18 
14 
3 15 14 15 
6 
9 
12 9 
5 
8 
11 2 9 22 21 22 3 
7 0 23 
2 23 0 14 18 14 22 14 
==============================

====== Algorithm Status ======
Valor:                2951
Time:                 500
nIter:                1467
Best Iter:            1467
Improvement Count:    1466
==============================
Solution tour: 
0 17 
4 17 0 
10 
13 16 13 14 19 
1 18 
14 
3 15 14 15 
6 
9 
12 9 
5 
8 
11 2 9 22 21 22 3 
7 0 23 
2 23 0 14 18 14 22 14 
==============================

====== Algorithm Status ======
Valor:                2964
Time:                 1000
nIter:                3011
Best Iter:            3011
Improvement Count:    3010
==============================
Solution tour: 
0 17 
4 17 0 17 9 
13 16 13 14 19 
1 18 
14 
3 15 14 15 
6 
9 
12 9 
5 
8 
11 2 9 22 21 22 3 
7 0 23 
2 23 0 14 18 14 22 14 
==============================

====== Algorithm Status ======
Valor:                2964
Time:                 2000
nIter:                6213
Best Iter:            6213
Improvement Count:    6212
==============================
Solution tour: 
0 17 
4 17 0 17 9 
13 16 13 14 19 
1 18 
14 
3 15 14 15 
6 
9 
12 9 
5 
8 
11 2 9 22 21 22 3 
7 0 23 
2 23 0 14 18 14 22 14 
==============================

====== Algorithm Status ======
Valor:                3094
Time:                 4000
nIter:                12311
Best Iter:            12311
Improvement Count:    12310
==============================
Solution tour: 
0 17 
4 17 14 18 14 
13 16 13 14 19 
1 18 
14 
3 15 14 15 
6 
9 
12 9 
5 
8 
11 2 22 9 22 21 22 0 23 
2 23 0 14 22 14 
==============================

====== Algorithm Status ======
Valor:                3235
Time:                 8000
nIter:                25238
Best Iter:            25238
Improvement Count:    25237
==============================
Solution tour: 
0 17 
4 17 14 18 14 
13 16 13 14 19 
1 18 9 18 15 14 15 
6 
9 
12 9 
5 2 
11 2 22 
14 22 21 22 0 23 
2 23 0 14 25 14 
==============================

====== Algorithm Status ======
Valor:                3366
Time:                 16000
nIter:                50821
Best Iter:            50821
Improvement Count:    50820
==============================
Solution tour: 
0 17 
4 17 0 17 14 18 14 
13 16 13 14 19 
1 18 14 15 
6 18 
9 
12 9 
5 2 17 2 
11 2 22 
14 22 21 22 0 23 
2 23 0 14 25 14 
==============================

====== Algorithm Status ======
Valor:                3438
Time:                 32000
nIter:                99600
Best Iter:            99600
Improvement Count:    99599
==============================
Solution tour: 
0 17 
4 17 0 17 0 14 
13 16 13 14 19 
1 15 1 14 18 14 15 
6 22 
9 
12 9 18 9 
5 2 17 2 
11 2 22 
14 22 21 22 0 23 
2 23 0 25 14 
==============================

====== Algorithm Status ======
Valor:                3522
Time:                 64000
nIter:                191147
Best Iter:            191147
Improvement Count:    191146
==============================
Solution tour: 
0 17 
4 17 0 17 0 14 
13 16 13 14 19 
1 15 1 18 14 15 14 18 
6 22 
9 
12 9 18 9 
5 2 17 2 
11 2 18 9 22 
14 22 21 22 0 23 
2 23 0 23 4 14 
==============================

====== Algorithm Status ======
Valor:                3572
Time:                 128000
nIter:                369709
Best Iter:            369709
Improvement Count:    369708
==============================
Solution tour: 
0 17 
4 17 0 17 0 14 
13 16 13 14 19 
1 15 1 18 14 15 14 18 
6 22 
9 
12 9 18 9 
5 2 17 2 9 4 9 22 
14 22 21 22 0 23 
2 23 0 23 4 14 
==============================

====== Algorithm Status ======
Valor:                3572
Time:                 256000
nIter:                729730
Best Iter:            729730
Improvement Count:    729729
==============================
Solution tour: 
0 17 
4 17 0 17 0 14 
13 16 13 14 19 
1 15 1 18 14 15 14 18 
6 22 
9 
12 9 18 9 
5 2 17 2 9 4 9 22 
14 22 21 22 0 23 
2 23 0 23 4 14 
==============================

====== Algorithm Status ======
Valor:                3752
Time:                 512000
nIter:                1359810
Best Iter:            1359810
Improvement Count:    1359809
==============================
Solution tour: 
0 17 
4 17 0 17 19 
13 16 22 14 13 14 1 15 12 15 18 1 18 14 15 14 18 9 
6 22 
9 
12 9 18 14 9 
5 2 17 2 5 9 4 9 22 21 22 0 23 
2 23 0 14 
==============================

====== Algorithm Status ======
Valor:                3786
Time:                 1024001
nIter:                2375021
Best Iter:            2375021
Improvement Count:    2375022
==============================
Solution tour: 
0 17 
4 17 0 17 19 
13 16 20 22 14 13 14 15 1 15 12 15 18 1 18 15 14 18 9 
6 22 
9 
12 9 18 14 9 5 2 17 2 
5 9 4 9 22 21 22 0 23 
2 23 0 14 
==============================

====== Algorithm Status ======
Valor:                3786
Time:                 1024001
nIter:                2375021
Best Iter:            2375021
Improvement Count:    2375022
==============================
Solution tour: 
0 17 
4 17 0 17 19 
13 16 20 22 14 13 14 15 1 15 12 15 18 1 18 15 14 18 9 
6 22 
9 
12 9 18 14 9 5 2 17 2 
5 9 4 9 22 21 22 0 23 
2 23 0 14 
==============================

