=========== Input ===========
File name:                ./instances/created-instances/mm-15-25-1891798.cdop
Total node count:         41
Truck node count:         15
Drone node count:         25
=============================

========== Settings ==========
Settings file:        ./settings/Memetic_MMX_1287823.config
Seed:                 1287823
Reduction method:     -
Max iter:             1024000
Population size:      13
Crossover:            MA-MMX
Local Search:         LS
Warm Start:           Mario_WS
==============================

====== Algorithm Status ======
Valor:                5445
Time:                 251
nIter:                25
Best Iter:            25
Improvement Count:    24
==============================
Solution tour: 
0 33 23 6 4 20 23 
12 26 25 24 38 24 6 11 6 5 27 18 22 7 22 36 14 39 34 15 30 15 17 31 37 26 25 38 6 11 4 23 
4 11 24 11 2 35 19 35 2 16 9 16 2 11 5 6 13 40 29 20 4 9 30 28 37 31 17 32 34 39 14 33 18 33 
==============================

====== Algorithm Status ======
Valor:                5551
Time:                 510
nIter:                62
Best Iter:            62
Improvement Count:    61
==============================
Solution tour: 
0 33 23 20 24 25 26 25 24 38 24 6 4 11 5 6 5 8 27 18 22 7 22 36 14 39 34 15 30 15 17 31 37 26 25 28 38 6 11 4 20 23 
4 11 24 11 2 35 19 35 2 16 9 16 2 11 6 13 40 29 20 4 9 30 28 37 31 17 32 34 39 14 33 18 33 
==============================

====== Algorithm Status ======
Valor:                5809
Time:                 1000
nIter:                140
Best Iter:            140
Improvement Count:    139
==============================
Solution tour: 
0 33 8 12 39 24 38 24 6 4 11 5 6 5 39 12 8 27 18 22 7 22 36 7 33 14 39 34 15 30 15 17 31 37 26 25 28 38 6 11 4 20 23 
4 11 24 11 2 35 19 35 2 16 9 16 2 11 6 13 40 13 40 29 20 4 9 30 28 37 31 17 32 34 39 14 33 18 33 
==============================

====== Algorithm Status ======
Valor:                5809
Time:                 2005
nIter:                246
Best Iter:            246
Improvement Count:    245
==============================
Solution tour: 
0 33 8 12 39 24 38 24 6 4 11 5 6 5 39 12 8 27 18 22 7 22 36 7 33 14 39 34 15 30 15 17 31 37 26 25 28 38 6 11 4 20 23 
4 11 24 11 2 35 19 35 2 16 9 16 2 11 6 13 40 13 40 29 20 4 9 30 28 37 31 17 32 34 39 14 33 18 33 
==============================

====== Algorithm Status ======
Valor:                5820
Time:                 4007
nIter:                466
Best Iter:            466
Improvement Count:    465
==============================
Solution tour: 
0 33 8 12 39 24 38 24 6 11 4 11 5 6 5 39 12 8 27 18 22 7 22 36 7 33 14 39 34 15 30 5 15 32 17 31 37 26 25 24 4 20 23 
4 11 24 11 2 35 19 35 2 16 9 16 2 11 6 13 40 13 40 29 20 4 9 30 15 28 37 31 17 34 39 14 33 18 33 
==============================

====== Algorithm Status ======
Valor:                5864
Time:                 8000
nIter:                915
Best Iter:            915
Improvement Count:    914
==============================
Solution tour: 
0 33 8 12 39 5 11 4 11 5 6 5 39 12 8 27 18 22 7 22 36 7 33 14 39 34 15 39 32 17 31 37 26 25 24 38 24 6 11 4 20 4 23 
4 11 24 11 2 35 19 35 2 16 9 16 2 11 6 13 40 13 40 29 20 23 9 30 15 28 37 31 17 34 39 14 33 18 33 
==============================

====== Algorithm Status ======
Valor:                5898
Time:                 16005
nIter:                1869
Best Iter:            1869
Improvement Count:    1868
==============================
Solution tour: 
0 33 7 8 12 39 5 6 5 39 12 8 27 18 22 7 22 36 7 33 14 39 34 32 17 31 37 28 25 26 25 24 38 24 6 11 4 20 4 23 
4 11 24 11 2 35 19 35 2 16 9 16 2 11 6 13 40 13 40 29 20 23 30 15 28 37 31 17 34 39 14 33 18 33 
==============================

====== Algorithm Status ======
Valor:                5922
Time:                 32013
nIter:                3748
Best Iter:            3748
Improvement Count:    3747
==============================
Solution tour: 
0 33 7 8 12 39 5 6 5 15 34 15 30 18 27 18 22 7 22 36 33 14 39 34 32 17 31 37 28 25 26 25 24 38 24 6 11 4 20 4 23 
4 11 24 11 2 35 19 35 2 16 9 16 2 11 6 13 40 13 40 29 20 23 30 15 28 37 31 17 34 39 14 33 18 33 
==============================

====== Algorithm Status ======
Valor:                5946
Time:                 64005
nIter:                7519
Best Iter:            7519
Improvement Count:    7518
==============================
Solution tour: 
0 33 7 8 12 39 5 6 5 15 30 18 27 18 22 7 22 36 7 33 14 39 34 32 17 31 37 28 25 26 25 24 38 24 6 11 4 1 4 20 
4 11 24 11 2 35 19 35 2 16 9 16 2 11 6 13 40 13 40 29 20 23 30 15 28 37 31 17 34 39 14 33 18 33 
==============================

====== Algorithm Status ======
Valor:                5960
Time:                 128000
nIter:                15179
Best Iter:            15179
Improvement Count:    15178
==============================
Solution tour: 
0 33 7 8 12 39 5 6 5 15 30 18 27 18 22 7 22 36 7 33 14 39 34 17 31 37 28 25 26 25 24 38 24 6 11 1 11 4 20 
4 11 24 11 2 35 19 35 2 16 9 16 2 11 6 13 40 13 40 29 20 23 30 15 28 37 31 17 32 34 39 14 33 18 33 
==============================

====== Algorithm Status ======
Valor:                5960
Time:                 256008
nIter:                30449
Best Iter:            30449
Improvement Count:    30448
==============================
Solution tour: 
0 33 7 8 12 39 5 6 5 15 30 18 27 18 22 7 22 36 7 33 14 39 34 17 31 37 28 25 26 25 24 38 24 6 11 1 11 4 20 
4 11 24 11 2 35 19 35 2 16 9 16 2 11 6 13 40 13 40 29 20 23 30 15 28 37 31 17 32 34 39 14 33 18 33 
==============================

====== Algorithm Status ======
Valor:                5960
Time:                 512008
nIter:                61102
Best Iter:            61102
Improvement Count:    61101
==============================
Solution tour: 
0 33 7 8 12 39 5 6 5 15 30 18 27 18 22 7 22 36 7 33 14 39 34 17 31 37 28 25 26 25 24 38 24 6 11 1 11 4 20 
4 11 24 11 2 35 19 35 2 16 9 16 2 11 6 13 40 13 40 29 20 23 30 15 28 37 31 17 32 34 39 14 33 18 33 
==============================

====== Algorithm Status ======
Valor:                5960
Time:                 1024002
nIter:                122625
Best Iter:            122625
Improvement Count:    122626
==============================
Solution tour: 
0 33 7 8 12 39 5 6 5 15 30 18 27 18 22 7 22 36 7 33 14 39 34 17 31 37 28 25 26 25 24 38 24 6 11 1 11 4 20 
4 11 24 11 2 35 19 35 2 16 9 16 2 11 6 13 40 13 40 29 20 23 30 15 28 37 31 17 32 34 39 14 33 18 33 
==============================

====== Algorithm Status ======
Valor:                5960
Time:                 1024002
nIter:                122625
Best Iter:            122625
Improvement Count:    122626
==============================
Solution tour: 
0 33 7 8 12 39 5 6 5 15 30 18 27 18 22 7 22 36 7 33 14 39 34 17 31 37 28 25 26 25 24 38 24 6 11 1 11 4 20 
4 11 24 11 2 35 19 35 2 16 9 16 2 11 6 13 40 13 40 29 20 23 30 15 28 37 31 17 32 34 39 14 33 18 33 
==============================

