=========== Input ===========
File name:                ./instances/created-instances/mm-10-40-1110588.cdop
Total node count:         51
Truck node count:         10
Drone node count:         40
=============================

========== Settings ==========
Settings file:        ./settings/Memetic_MMX_1881515.config
Seed:                 1881515
Reduction method:     -
Max iter:             1024000
Population size:      13
Crossover:            MA-MMX
Local Search:         LS
Warm Start:           Mario_WS
==============================

====== Algorithm Status ======
Valor:                6350
Time:                 255
nIter:                14
Best Iter:            14
Improvement Count:    13
==============================
Solution tour: 
0 36 19 36 19 3 13 38 21 38 42 16 15 32 10 11 40 48 26 13 39 44 39 30 18 35 30 49 
2 30 39 24 46 34 27 33 13 22 3 22 49 29 2 49 25 2 29 49 50 49 22 
6 32 7 47 7 32 15 33 45 36 37 29 49 
4 42 4 17 43 17 5 48 0 20 
==============================

====== Algorithm Status ======
Valor:                6375
Time:                 508
nIter:                31
Best Iter:            31
Improvement Count:    30
==============================
Solution tour: 
0 36 19 36 19 3 13 38 21 38 43 17 42 16 15 32 10 11 40 48 26 13 39 44 39 30 12 18 35 30 49 29 
2 49 50 30 39 24 46 34 27 33 13 22 3 22 50 49 2 25 36 0 32 7 47 7 32 15 33 36 45 36 37 2 29 49 
4 42 4 17 43 17 5 48 0 20 
==============================

====== Algorithm Status ======
Valor:                6523
Time:                 1013
nIter:                57
Best Iter:            57
Improvement Count:    56
==============================
Solution tour: 
0 36 19 3 13 38 21 38 43 17 15 16 15 32 10 11 40 48 5 39 28 27 22 2 29 2 49 2 25 49 50 49 22 3 7 3 22 
6 30 35 32 7 47 7 32 15 33 26 37 36 45 36 19 36 37 27 46 34 28 24 44 39 44 
4 42 43 17 43 5 48 0 20 18 20 
==============================

====== Algorithm Status ======
Valor:                6705
Time:                 2012
nIter:                119
Best Iter:            119
Improvement Count:    118
==============================
Solution tour: 
0 35 13 26 33 15 17 38 21 38 43 
7 47 15 16 15 32 7 10 40 48 5 26 13 39 28 27 30 22 2 29 2 25 49 2 49 50 49 22 3 19 3 13 32 47 7 32 15 33 26 37 36 45 36 19 36 37 27 46 34 28 24 44 39 44 
4 42 43 17 43 5 48 0 20 37 29 49 18 20 
==============================

====== Algorithm Status ======
Valor:                6705
Time:                 4005
nIter:                241
Best Iter:            241
Improvement Count:    240
==============================
Solution tour: 
0 35 13 26 33 15 17 38 21 38 43 
7 47 15 16 15 32 7 10 40 48 5 26 13 39 28 27 30 22 2 29 2 25 49 2 49 50 49 22 3 19 3 13 32 47 7 32 15 33 26 37 36 45 36 19 36 37 27 46 34 28 24 44 39 44 
4 42 43 17 43 5 48 0 20 37 29 49 18 20 
==============================

====== Algorithm Status ======
Valor:                6940
Time:                 8012
nIter:                472
Best Iter:            472
Improvement Count:    471
==============================
Solution tour: 
0 35 39 13 26 33 15 17 43 17 38 21 38 42 32 
7 47 7 32 15 16 15 32 10 40 48 5 26 13 39 44 24 46 34 27 12 2 29 49 25 49 2 49 50 49 29 36 37 29 37 4 42 
4 37 36 19 36 45 36 25 2 30 18 29 2 22 3 13 33 3 22 2 25 36 0 20 
==============================

====== Algorithm Status ======
Valor:                7029
Time:                 16015
nIter:                931
Best Iter:            931
Improvement Count:    930
==============================
Solution tour: 
0 20 0 3 22 13 26 33 5 43 17 43 38 21 38 42 32 
7 47 7 32 15 16 15 32 10 40 48 5 26 13 39 44 39 24 46 34 27 30 49 25 49 2 29 49 50 49 29 36 37 29 37 13 35 39 4 42 
4 37 36 19 36 45 36 25 2 49 30 12 18 29 2 22 3 13 33 26 
5 48 
==============================

====== Algorithm Status ======
Valor:                7295
Time:                 32006
nIter:                1900
Best Iter:            1900
Improvement Count:    1899
==============================
Solution tour: 
0 20 50 19 36 37 45 37 36 19 3 26 33 26 48 5 17 43 17 38 21 38 42 32 
7 47 7 32 15 33 15 16 15 32 10 40 48 26 13 39 44 39 24 28 27 46 34 30 49 50 49 2 29 49 37 29 2 22 13 35 4 42 
4 39 13 3 22 3 19 36 45 36 25 2 49 29 18 29 37 20 
==============================

====== Algorithm Status ======
Valor:                7383
Time:                 64003
nIter:                3862
Best Iter:            3862
Improvement Count:    3861
==============================
Solution tour: 
0 36 37 45 37 36 19 3 26 5 48 5 17 43 17 38 21 38 43 42 32 
7 47 7 32 15 33 15 16 15 32 10 40 48 26 13 39 44 39 24 28 27 46 34 30 49 50 49 29 37 29 2 22 13 35 39 4 42 
4 39 13 3 13 22 3 19 36 45 36 25 2 29 49 2 49 18 0 20 
==============================

====== Algorithm Status ======
Valor:                7568
Time:                 128002
nIter:                7735
Best Iter:            7735
Improvement Count:    7734
==============================
Solution tour: 
0 36 37 45 37 36 19 3 13 26 5 48 5 4 42 43 17 38 21 38 17 43 42 32 
7 47 7 32 15 33 15 16 15 32 10 40 31 41 33 26 13 39 44 24 28 27 46 34 30 12 18 22 6 22 2 49 50 49 29 2 22 13 35 39 
4 39 13 3 22 3 19 36 45 36 25 2 29 49 2 25 36 0 20 
==============================

====== Algorithm Status ======
Valor:                7572
Time:                 256010
nIter:                15019
Best Iter:            15019
Improvement Count:    15018
==============================
Solution tour: 
0 36 37 45 37 36 19 3 13 26 5 48 5 4 42 43 17 38 21 38 17 43 42 32 
7 47 7 32 33 15 16 15 32 10 40 31 41 33 26 13 39 44 24 28 27 46 34 30 12 18 22 6 22 2 49 50 49 29 2 22 13 35 39 
4 39 13 3 22 3 19 36 45 36 25 2 29 37 29 49 2 25 36 0 20 
==============================

====== Algorithm Status ======
Valor:                7588
Time:                 512007
nIter:                29628
Best Iter:            29628
Improvement Count:    29627
==============================
Solution tour: 
0 36 37 45 37 36 19 3 13 26 5 48 5 4 42 4 43 17 38 21 38 17 43 42 32 
7 47 7 32 15 16 15 32 10 40 31 41 33 26 13 39 44 24 28 27 46 34 30 12 18 22 6 22 2 49 50 49 29 2 22 13 35 39 
4 39 13 3 22 3 19 36 45 36 25 2 29 37 29 49 2 25 36 0 20 
==============================

====== Algorithm Status ======
Valor:                7588
Time:                 1024005
nIter:                58688
Best Iter:            58688
Improvement Count:    58689
==============================
Solution tour: 
0 36 37 45 37 36 19 3 13 26 5 48 5 4 42 4 43 17 38 21 38 17 43 42 32 
7 47 7 32 15 16 15 32 10 40 31 41 33 26 13 39 44 24 28 27 46 34 30 12 18 22 6 22 2 49 50 49 29 2 22 13 35 39 
4 39 13 3 22 3 19 36 45 36 25 2 29 37 29 49 2 25 36 0 20 
==============================

====== Algorithm Status ======
Valor:                7588
Time:                 1024005
nIter:                58688
Best Iter:            58688
Improvement Count:    58689
==============================
Solution tour: 
0 36 37 45 37 36 19 3 13 26 5 48 5 4 42 4 43 17 38 21 38 17 43 42 32 
7 47 7 32 15 16 15 32 10 40 31 41 33 26 13 39 44 24 28 27 46 34 30 12 18 22 6 22 2 49 50 49 29 2 22 13 35 39 
4 39 13 3 22 3 19 36 45 36 25 2 29 37 29 49 2 25 36 0 20 
==============================

