=========== Input ===========
File name:                ./instances/created-instances/mm-5-25-1110588.cdop
Total node count:         31
Truck node count:         5
Drone node count:         25
=============================

========== Settings ==========
Settings file:        ./settings/Memetic-LS_MPX_1099666.config
Seed:                 1099666
Reduction method:     -
Max iter:             1024000
Population size:      13
Crossover:            MA-MPX
Local Search:         -
Warm Start:           Mario_WS
==============================

====== Algorithm Status ======
Valor:                3320
Time:                 250
nIter:                384
Best Iter:            384
Improvement Count:    383
==============================
Solution tour: 
0 11 8 
2 9 23 21 
5 20 
4 28 26 
1 21 18 28 6 22 5 11 24 27 17 20 10 20 27 16 30 13 30 
3 8 25 
==============================

====== Algorithm Status ======
Valor:                3353
Time:                 500
nIter:                848
Best Iter:            848
Improvement Count:    847
==============================
Solution tour: 
0 11 8 
2 9 23 21 
5 20 
4 28 26 
1 21 18 28 6 22 5 11 24 17 27 20 10 20 27 16 30 13 30 
3 8 25 
==============================

====== Algorithm Status ======
Valor:                3391
Time:                 1000
nIter:                1630
Best Iter:            1630
Improvement Count:    1629
==============================
Solution tour: 
0 11 8 
2 9 18 23 21 
5 20 
4 8 28 26 
1 21 18 28 6 22 5 11 24 17 27 20 10 20 27 16 30 13 30 
3 8 25 
==============================

====== Algorithm Status ======
Valor:                3528
Time:                 2000
nIter:                3214
Best Iter:            3214
Improvement Count:    3213
==============================
Solution tour: 
0 11 8 
2 9 18 23 21 
5 14 
4 8 28 26 
1 18 28 6 22 5 27 11 24 17 27 17 10 20 27 16 30 13 30 
3 27 20 25 
==============================

====== Algorithm Status ======
Valor:                3831
Time:                 4001
nIter:                6561
Best Iter:            6561
Improvement Count:    6560
==============================
Solution tour: 
0 11 8 
4 8 25 
5 14 5 7 
1 11 0 18 28 6 22 5 27 11 24 17 27 17 10 20 27 16 30 13 30 
3 30 26 28 
2 9 23 21 
==============================

====== Algorithm Status ======
Valor:                4080
Time:                 8000
nIter:                12971
Best Iter:            12971
Improvement Count:    12970
==============================
Solution tour: 
0 24 11 8 
2 21 23 18 
5 22 5 7 13 
1 11 0 18 28 6 14 5 27 11 24 17 27 17 10 20 27 16 30 
3 30 13 30 26 28 
4 8 25 
==============================

====== Algorithm Status ======
Valor:                4460
Time:                 16000
nIter:                25765
Best Iter:            25765
Improvement Count:    25764
==============================
Solution tour: 
0 24 11 8 
2 21 23 18 30 19 
1 22 5 7 13 14 
5 11 0 18 28 6 5 14 13 5 11 27 24 17 27 17 10 20 27 16 30 
3 30 13 30 26 28 
4 8 25 
==============================

====== Algorithm Status ======
Valor:                4510
Time:                 32000
nIter:                47193
Best Iter:            47193
Improvement Count:    47192
==============================
Solution tour: 
0 24 11 8 
2 21 23 18 30 19 
1 22 5 7 13 14 
5 18 0 11 28 6 5 14 13 5 11 27 24 17 27 17 20 10 20 27 16 30 
3 30 13 30 26 28 
4 8 25 
==============================

====== Algorithm Status ======
Valor:                4510
Time:                 64000
nIter:                88388
Best Iter:            88388
Improvement Count:    88387
==============================
Solution tour: 
0 24 11 8 
2 21 23 18 30 19 
1 22 5 7 13 14 
5 18 0 11 28 6 5 14 13 5 11 27 24 17 27 17 20 10 20 27 16 30 
3 30 13 30 26 28 
4 8 25 
==============================

====== Algorithm Status ======
Valor:                4600
Time:                 128000
nIter:                171014
Best Iter:            171014
Improvement Count:    171013
==============================
Solution tour: 
0 24 11 8 20 
2 21 23 18 30 19 
1 19 22 5 7 13 14 
5 18 0 11 0 30 5 14 13 5 6 27 24 17 27 17 20 10 20 27 16 30 
3 30 13 30 26 28 
4 8 25 
==============================

====== Algorithm Status ======
Valor:                4990
Time:                 256000
nIter:                304149
Best Iter:            304149
Improvement Count:    304148
==============================
Solution tour: 
0 24 11 27 20 6 20 
2 21 23 18 30 19 
1 19 22 5 13 14 7 14 
5 30 18 0 11 24 0 30 5 14 13 5 6 27 16 27 24 17 27 17 20 10 20 27 11 0 
3 30 13 30 26 28 
4 8 25 
==============================

====== Algorithm Status ======
Valor:                5092
Time:                 512001
nIter:                546555
Best Iter:            546555
Improvement Count:    546554
==============================
Solution tour: 
0 24 11 27 20 6 17 
2 21 23 18 30 19 
1 19 22 5 13 14 7 14 
5 30 18 0 11 24 0 18 5 14 13 5 6 27 16 27 17 24 17 27 6 20 10 20 27 11 0 
3 30 13 30 26 28 
4 8 25 
==============================

====== Algorithm Status ======
Valor:                5092
Time:                 1024001
nIter:                1026822
Best Iter:            1026822
Improvement Count:    1026823
==============================
Solution tour: 
0 24 11 27 20 6 17 
2 21 23 18 30 19 
1 19 22 5 13 14 7 14 
5 30 18 0 11 24 0 18 5 14 13 5 6 27 16 27 17 24 17 27 6 20 10 20 27 11 0 
3 30 13 30 26 28 
4 8 25 
==============================

====== Algorithm Status ======
Valor:                5092
Time:                 1024001
nIter:                1026822
Best Iter:            1026822
Improvement Count:    1026823
==============================
Solution tour: 
0 24 11 27 20 6 17 
2 21 23 18 30 19 
1 19 22 5 13 14 7 14 
5 30 18 0 11 24 0 18 5 14 13 5 6 27 16 27 17 24 17 27 6 20 10 20 27 11 0 
3 30 13 30 26 28 
4 8 25 
==============================

