=========== Input ===========
File name:                ./instances/created-instances/mm-5-25-1767920.cdop
Total node count:         31
Truck node count:         5
Drone node count:         25
=============================

========== Settings ==========
Settings file:        ./settings/Memetic_MPX_1287823.config
Seed:                 1287823
Reduction method:     -
Max iter:             1024000
Population size:      13
Crossover:            MA-MPX
Local Search:         LS
Warm Start:           Mario_WS
==============================

====== Algorithm Status ======
Valor:                4962
Time:                 250
nIter:                50
Best Iter:            50
Improvement Count:    49
==============================
Solution tour: 
0 7 18 17 18 7 9 20 22 20 27 29 25 12 30 23 
3 23 6 10 6 25 29 
1 10 1 29 1 5 20 
4 20 
5 2 14 7 17 21 15 16 15 21 17 7 14 
2 23 30 11 24 8 24 11 30 28 0 19 
==============================

====== Algorithm Status ======
Valor:                5079
Time:                 503
nIter:                109
Best Iter:            109
Improvement Count:    108
==============================
Solution tour: 
0 7 18 17 18 7 9 4 22 2 27 29 25 12 30 11 30 28 30 23 
3 23 6 10 6 23 25 29 
1 10 1 29 27 5 20 22 20 
4 20 
5 2 14 7 17 21 15 16 15 21 17 7 14 
2 10 29 8 24 8 1 19 
==============================

====== Algorithm Status ======
Valor:                5157
Time:                 1003
nIter:                194
Best Iter:            194
Improvement Count:    193
==============================
Solution tour: 
0 15 18 7 9 7 18 17 18 21 23 
3 23 6 10 6 29 25 29 
1 10 1 29 27 29 8 24 8 12 5 20 22 20 
4 20 
5 2 14 7 17 21 15 16 15 21 17 7 14 
2 10 23 30 28 30 12 11 30 11 0 19 
==============================

====== Algorithm Status ======
Valor:                5344
Time:                 2004
nIter:                395
Best Iter:            395
Improvement Count:    394
==============================
Solution tour: 
0 15 18 7 9 7 18 17 18 23 21 23 
3 23 6 10 6 24 8 24 8 25 29 25 12 
1 29 27 29 1 10 
4 20 22 20 
5 2 14 7 17 21 15 16 15 21 17 7 14 
2 10 13 26 15 23 30 28 30 11 30 19 
==============================

====== Algorithm Status ======
Valor:                5373
Time:                 4000
nIter:                822
Best Iter:            822
Improvement Count:    821
==============================
Solution tour: 
0 15 18 7 9 7 18 17 7 17 18 15 17 23 
3 23 6 10 6 12 25 29 25 8 24 8 25 3 
1 29 27 29 1 10 
4 20 22 20 
5 2 14 7 17 21 15 16 15 21 17 7 14 
2 10 13 26 15 23 11 30 28 30 11 0 19 
==============================

====== Algorithm Status ======
Valor:                5388
Time:                 8002
nIter:                1668
Best Iter:            1668
Improvement Count:    1667
==============================
Solution tour: 
0 15 18 7 9 7 18 17 7 17 15 17 18 21 23 
3 23 6 10 6 29 12 25 29 25 8 24 8 25 3 
1 29 27 29 1 10 
4 20 22 20 
5 2 14 7 17 21 15 16 15 21 17 7 14 
2 10 13 26 15 23 30 11 30 28 30 19 
==============================

====== Algorithm Status ======
Valor:                5388
Time:                 16002
nIter:                3205
Best Iter:            3205
Improvement Count:    3204
==============================
Solution tour: 
0 15 18 7 9 7 18 17 7 17 15 17 18 21 23 
3 23 6 10 6 29 12 25 29 25 8 24 8 25 3 
1 29 27 29 1 10 
4 20 22 20 
5 2 14 7 17 21 15 16 15 21 17 7 14 
2 10 13 26 15 23 30 11 30 28 30 19 
==============================

====== Algorithm Status ======
Valor:                5396
Time:                 32003
nIter:                6275
Best Iter:            6275
Improvement Count:    6274
==============================
Solution tour: 
0 15 18 7 9 7 18 17 21 15 21 17 18 21 23 
3 23 6 10 6 29 12 25 29 25 8 24 8 25 3 
1 29 27 29 1 10 
4 20 22 20 
5 20 2 14 7 17 15 16 15 17 7 14 
2 10 13 26 13 17 23 30 28 30 11 30 19 
==============================

====== Algorithm Status ======
Valor:                5429
Time:                 64000
nIter:                12146
Best Iter:            12146
Improvement Count:    12145
==============================
Solution tour: 
0 15 18 7 9 7 18 17 21 15 21 17 18 21 23 
3 23 6 23 10 6 29 12 25 29 25 8 24 8 25 3 
1 29 27 29 1 10 
4 20 22 20 5 20 2 14 7 17 15 16 15 17 7 14 
2 10 13 26 13 17 23 30 28 30 11 30 19 
==============================

====== Algorithm Status ======
Valor:                5429
Time:                 128000
nIter:                21516
Best Iter:            21516
Improvement Count:    21515
==============================
Solution tour: 
0 15 18 7 9 7 18 17 21 15 21 17 18 21 23 
3 23 6 23 10 6 29 12 25 29 25 8 24 8 25 3 
1 29 27 29 1 10 
4 20 22 20 5 20 2 14 7 17 15 16 15 17 7 14 
2 10 13 26 13 17 23 30 28 30 11 30 19 
==============================

====== Algorithm Status ======
Valor:                5429
Time:                 256001
nIter:                40137
Best Iter:            40137
Improvement Count:    40136
==============================
Solution tour: 
0 15 18 7 9 7 18 17 21 15 21 17 18 21 23 
3 23 6 23 10 6 29 12 25 29 25 8 24 8 25 3 
1 29 27 29 1 10 
4 20 22 20 5 20 2 14 7 17 15 16 15 17 7 14 
2 10 13 26 13 17 23 30 28 30 11 30 19 
==============================

====== Algorithm Status ======
Valor:                5437
Time:                 512001
nIter:                76702
Best Iter:            76702
Improvement Count:    76701
==============================
Solution tour: 
0 15 18 7 9 7 18 17 15 17 18 21 23 
3 23 6 23 21 10 6 29 12 25 29 25 8 24 8 25 3 
1 29 27 29 1 10 
4 20 22 20 5 2 14 7 17 21 15 16 15 21 17 7 14 2 
5 20 4 13 26 15 23 30 28 30 11 30 19 
==============================

====== Algorithm Status ======
Valor:                5466
Time:                 1024002
nIter:                146525
Best Iter:            146525
Improvement Count:    146526
==============================
Solution tour: 
0 15 18 7 9 7 18 17 15 17 18 21 23 
3 23 6 23 21 10 6 29 25 12 25 8 24 8 25 29 
1 29 27 29 6 10 
4 20 22 20 5 2 14 7 17 21 15 16 15 21 17 7 14 2 
5 20 4 13 26 15 23 30 28 30 11 30 19 
==============================

====== Algorithm Status ======
Valor:                5466
Time:                 1024002
nIter:                146525
Best Iter:            146525
Improvement Count:    146526
==============================
Solution tour: 
0 15 18 7 9 7 18 17 15 17 18 21 23 
3 23 6 23 21 10 6 29 25 12 25 8 24 8 25 29 
1 29 27 29 6 10 
4 20 22 20 5 2 14 7 17 21 15 16 15 21 17 7 14 2 
5 20 4 13 26 15 23 30 28 30 11 30 19 
==============================

