=========== Input ===========
File name:                ./instances/created-instances/mm-15-10-1767920.cdop
Total node count:         26
Truck node count:         15
Drone node count:         10
=============================

========== Settings ==========
Settings file:        ./settings/Memetic_MMX_1881515.config
Seed:                 1881515
Reduction method:     -
Max iter:             1024000
Population size:      13
Crossover:            MA-MMX
Local Search:         LS
Warm Start:           Mario_WS
==============================

====== Algorithm Status ======
Valor:                4296
Time:                 250
nIter:                58
Best Iter:            58
Improvement Count:    57
==============================
Solution tour: 
0 20 1 20 0 24 
2 5 23 5 2 21 18 4 18 8 
13 16 3 22 10 15 9 15 9 16 3 16 
15 16 6 16 
9 17 19 22 19 12 3 1 3 15 3 12 13 8 
11 14 11 24 
4 23 2 23 25 24 
==============================

====== Algorithm Status ======
Valor:                4304
Time:                 501
nIter:                114
Best Iter:            114
Improvement Count:    113
==============================
Solution tour: 
0 20 1 20 0 24 
2 5 23 5 2 21 18 4 18 11 12 13 8 
13 16 3 22 10 15 9 15 9 16 3 16 
15 16 6 16 
9 17 19 22 19 12 3 1 3 15 3 12 11 14 11 24 
4 23 2 23 25 24 
==============================

====== Algorithm Status ======
Valor:                4304
Time:                 1005
nIter:                230
Best Iter:            230
Improvement Count:    229
==============================
Solution tour: 
0 20 1 20 0 24 
2 5 23 5 2 21 18 4 18 11 12 13 8 
13 16 3 22 10 15 9 15 9 16 3 16 
15 16 6 16 
9 17 19 22 19 12 3 1 3 15 3 12 11 14 11 24 
4 23 2 23 25 24 
==============================

====== Algorithm Status ======
Valor:                4304
Time:                 2000
nIter:                453
Best Iter:            453
Improvement Count:    452
==============================
Solution tour: 
0 20 1 20 0 24 
2 5 23 5 2 21 18 4 18 11 12 13 8 
13 16 3 22 10 15 9 15 9 16 3 16 
15 16 6 16 
9 17 19 22 19 12 3 1 3 15 3 12 11 14 11 24 
4 23 2 23 25 24 
==============================

====== Algorithm Status ======
Valor:                4369
Time:                 4004
nIter:                900
Best Iter:            900
Improvement Count:    899
==============================
Solution tour: 
0 20 1 20 0 24 25 23 
2 5 23 5 2 21 4 18 4 11 12 13 8 
13 16 3 19 22 19 17 10 9 15 9 16 3 16 
15 16 6 16 
9 17 19 12 3 1 3 15 3 12 11 14 11 24 2 23 25 24 
==============================

====== Algorithm Status ======
Valor:                4513
Time:                 8002
nIter:                1760
Best Iter:            1760
Improvement Count:    1759
==============================
Solution tour: 
0 20 1 20 1 3 15 3 16 1 8 17 8 24 25 23 5 2 5 23 2 23 4 21 4 18 4 24 11 12 13 8 
13 16 15 9 15 16 3 12 19 22 3 19 22 19 17 9 16 6 16 
9 17 10 20 10 17 19 3 1 20 
==============================

====== Algorithm Status ======
Valor:                4537
Time:                 16000
nIter:                3263
Best Iter:            3263
Improvement Count:    3262
==============================
Solution tour: 
0 20 1 3 15 3 16 3 1 8 17 8 24 25 2 23 5 2 5 23 2 21 4 18 4 24 11 12 13 8 
13 16 15 9 15 16 3 12 3 19 22 19 17 9 16 6 16 
9 17 10 20 10 17 19 12 8 1 20 
==============================

====== Algorithm Status ======
Valor:                4577
Time:                 32005
nIter:                6698
Best Iter:            6698
Improvement Count:    6697
==============================
Solution tour: 
0 20 1 3 15 3 16 3 17 1 8 17 8 24 25 2 23 5 2 5 23 2 21 4 18 4 24 12 11 12 13 8 
13 16 15 9 15 16 13 12 3 19 22 19 17 9 16 6 16 
9 17 10 20 10 17 19 3 1 20 
==============================

====== Algorithm Status ======
Valor:                4577
Time:                 64004
nIter:                13583
Best Iter:            13583
Improvement Count:    13582
==============================
Solution tour: 
0 20 1 3 15 3 16 3 17 1 8 17 8 24 25 2 23 5 2 5 23 2 21 4 18 4 24 12 11 12 13 8 
13 16 15 9 15 16 13 12 3 19 22 19 17 9 16 6 16 
9 17 10 20 10 17 19 3 1 20 
==============================

====== Algorithm Status ======
Valor:                4577
Time:                 128003
nIter:                27187
Best Iter:            27187
Improvement Count:    27186
==============================
Solution tour: 
0 20 1 3 15 3 16 3 17 1 8 17 8 24 25 2 23 5 2 5 23 2 21 4 18 4 24 12 11 12 13 8 
13 16 15 9 15 16 13 12 3 19 22 19 17 9 16 6 16 
9 17 10 20 10 17 19 3 1 20 
==============================

====== Algorithm Status ======
Valor:                4577
Time:                 256001
nIter:                53815
Best Iter:            53815
Improvement Count:    53814
==============================
Solution tour: 
0 20 1 3 15 3 16 3 17 1 8 17 8 24 25 2 23 5 2 5 23 2 21 4 18 4 24 12 11 12 13 8 
13 16 15 9 15 16 13 12 3 19 22 19 17 9 16 6 16 
9 17 10 20 10 17 19 3 1 20 
==============================

====== Algorithm Status ======
Valor:                4577
Time:                 512002
nIter:                105745
Best Iter:            105745
Improvement Count:    105744
==============================
Solution tour: 
0 20 1 3 15 3 16 3 17 1 8 17 8 24 25 2 23 5 2 5 23 2 21 4 18 4 24 12 11 12 13 8 
13 16 15 9 15 16 13 12 3 19 22 19 17 9 16 6 16 
9 17 10 20 10 17 19 3 1 20 
==============================

====== Algorithm Status ======
Valor:                4577
Time:                 1024003
nIter:                209940
Best Iter:            209940
Improvement Count:    209941
==============================
Solution tour: 
0 20 1 3 15 3 16 3 17 1 8 17 8 24 25 2 23 5 2 5 23 2 21 4 18 4 24 12 11 12 13 8 
13 16 15 9 15 16 13 12 3 19 22 19 17 9 16 6 16 
9 17 10 20 10 17 19 3 1 20 
==============================

====== Algorithm Status ======
Valor:                4577
Time:                 1024003
nIter:                209940
Best Iter:            209940
Improvement Count:    209941
==============================
Solution tour: 
0 20 1 3 15 3 16 3 17 1 8 17 8 24 25 2 23 5 2 5 23 2 21 4 18 4 24 12 11 12 13 8 
13 16 15 9 15 16 13 12 3 19 22 19 17 9 16 6 16 
9 17 10 20 10 17 19 3 1 20 
==============================

