=========== Input ===========
File name:                ./instances/created-instances/mm-10-10-1917698.cdop
Total node count:         21
Truck node count:         10
Drone node count:         10
=============================

========== Settings ==========
Settings file:        ./settings/Memetic_MPX_1099666.config
Seed:                 1099666
Reduction method:     -
Max iter:             1024000
Population size:      13
Crossover:            MA-MPX
Local Search:         LS
Warm Start:           Mario_WS
==============================

====== Algorithm Status ======
Valor:                3051
Time:                 250
nIter:                103
Best Iter:            103
Improvement Count:    102
==============================
Solution tour: 
0 17 8 2 8 18 8 
7 11 8 17 0 3 13 12 14 20 14 6 19 6 12 13 15 
1 15 13 
3 0 2 18 
5 18 17 18 2 
9 12 19 12 9 16 
10 
4 0 
==============================

====== Algorithm Status ======
Valor:                3207
Time:                 503
nIter:                199
Best Iter:            199
Improvement Count:    198
==============================
Solution tour: 
0 17 11 
8 2 18 
5 
2 8 18 2 
7 2 9 12 19 6 16 3 13 
3 13 15 
10 4 0 17 8 17 0 
4 9 14 12 15 
1 6 1 15 
6 19 12 14 9 2 
==============================

====== Algorithm Status ======
Valor:                3207
Time:                 1001
nIter:                391
Best Iter:            391
Improvement Count:    390
==============================
Solution tour: 
0 17 11 
8 2 18 
5 
2 8 18 2 
7 2 9 12 19 6 16 3 13 
3 13 15 
10 4 0 17 8 17 0 
4 9 14 12 15 
1 6 1 15 
6 19 12 14 9 2 
==============================

====== Algorithm Status ======
Valor:                3269
Time:                 2001
nIter:                771
Best Iter:            771
Improvement Count:    770
==============================
Solution tour: 
0 2 17 11 
8 2 18 
5 
2 8 18 2 
7 2 9 12 19 6 16 13 
3 13 15 
10 4 0 17 8 17 0 
4 9 14 12 6 15 
1 6 1 15 
6 19 12 14 9 2 
==============================

====== Algorithm Status ======
Valor:                3278
Time:                 4000
nIter:                1552
Best Iter:            1552
Improvement Count:    1551
==============================
Solution tour: 
0 2 17 11 
8 2 18 20 
5 
2 8 18 2 
7 2 9 12 19 6 16 13 
3 13 15 
10 4 0 17 8 17 0 
4 9 14 6 
1 6 15 1 15 
6 19 12 14 12 9 2 
==============================

====== Algorithm Status ======
Valor:                3278
Time:                 8001
nIter:                3060
Best Iter:            3060
Improvement Count:    3059
==============================
Solution tour: 
0 2 17 11 
8 2 18 20 
5 
2 8 18 2 
7 2 9 12 19 6 16 13 
3 13 15 
10 4 0 17 8 17 0 
4 9 14 6 
1 6 15 1 15 
6 19 12 14 12 9 2 
==============================

====== Algorithm Status ======
Valor:                3278
Time:                 16001
nIter:                6090
Best Iter:            6090
Improvement Count:    6089
==============================
Solution tour: 
0 2 17 11 
8 2 18 20 
5 
2 8 18 2 
7 2 9 12 19 6 16 13 
3 13 15 
10 4 0 17 8 17 0 
4 9 14 6 
1 6 15 1 15 
6 19 12 14 12 9 2 
==============================

====== Algorithm Status ======
Valor:                3370
Time:                 32003
nIter:                12369
Best Iter:            12369
Improvement Count:    12368
==============================
Solution tour: 
0 
4 9 14 6 
1 6 15 1 15 
6 19 12 14 12 9 2 18 20 
5 18 2 
8 18 8 2 
7 2 9 12 19 6 16 
9 15 13 
3 13 15 9 4 0 17 11 17 
==============================

====== Algorithm Status ======
Valor:                3370
Time:                 64000
nIter:                24700
Best Iter:            24700
Improvement Count:    24699
==============================
Solution tour: 
0 
4 9 14 6 
1 6 15 1 15 
6 19 12 14 12 9 2 18 20 
5 18 2 
8 18 8 2 
7 2 9 12 19 6 16 
9 15 13 
3 13 15 9 4 0 17 11 17 
==============================

====== Algorithm Status ======
Valor:                3385
Time:                 128000
nIter:                48587
Best Iter:            48587
Improvement Count:    48586
==============================
Solution tour: 
0 2 18 17 0 
4 9 14 9 
2 0 17 
8 18 8 2 8 17 11 17 18 2 
7 2 9 12 19 6 19 12 13 3 13 16 
1 15 6 1 
6 15 9 4 
==============================

====== Algorithm Status ======
Valor:                3385
Time:                 256000
nIter:                94026
Best Iter:            94026
Improvement Count:    94025
==============================
Solution tour: 
0 2 18 17 0 
4 9 14 9 
2 0 17 
8 18 8 2 8 17 11 17 18 2 
7 2 9 12 19 6 19 12 13 3 13 16 
1 15 6 1 
6 15 9 4 
==============================

====== Algorithm Status ======
Valor:                3385
Time:                 512001
nIter:                184877
Best Iter:            184877
Improvement Count:    184876
==============================
Solution tour: 
0 2 18 17 0 
4 9 14 9 
2 0 17 
8 18 8 2 8 17 11 17 18 2 
7 2 9 12 19 6 19 12 13 3 13 16 
1 15 6 1 
6 15 9 4 
==============================

====== Algorithm Status ======
Valor:                3452
Time:                 1024002
nIter:                366021
Best Iter:            366021
Improvement Count:    366022
==============================
Solution tour: 
0 9 4 9 14 12 19 6 15 
1 15 6 1 6 19 12 13 
3 13 12 14 20 14 
6 16 17 0 2 8 17 0 
4 0 17 8 
2 18 8 18 11 17 18 2 
==============================

====== Algorithm Status ======
Valor:                3452
Time:                 1024002
nIter:                366021
Best Iter:            366021
Improvement Count:    366022
==============================
Solution tour: 
0 9 4 9 14 12 19 6 15 
1 15 6 1 6 19 12 13 
3 13 12 14 20 14 
6 16 17 0 2 8 17 0 
4 0 17 8 
2 18 8 18 11 17 18 2 
==============================

