=========== Input ===========
File name:                ./instances/created-instances/mm-10-40-1767920.cdop
Total node count:         51
Truck node count:         10
Drone node count:         40
=============================

========== Settings ==========
Settings file:        ./settings/Memetic_MPX_1287823.config
Seed:                 1287823
Reduction method:     -
Max iter:             1024000
Population size:      13
Crossover:            MA-MPX
Local Search:         LS
Warm Start:           Mario_WS
==============================

====== Algorithm Status ======
Valor:                5933
Time:                 255
nIter:                21
Best Iter:            21
Improvement Count:    20
==============================
Solution tour: 
0 39 0 25 3 31 14 9 14 27 
3 27 32 21 30 32 26 9 26 31 3 13 48 25 
8 25 48 1 49 
1 25 1 0 37 50 37 36 12 23 8 16 
5 24 46 
2 34 35 34 43 35 43 42 45 42 
4 45 42 39 33 8 11 23 11 18 11 
7 11 17 18 
10 9 10 49 25 23 20 41 39 49 44 
==============================

====== Algorithm Status ======
Valor:                6358
Time:                 506
nIter:                37
Best Iter:            37
Improvement Count:    36
==============================
Solution tour: 
0 37 36 17 23 19 41 
6 3 31 14 9 26 9 14 31 
3 27 32 21 30 32 26 31 3 13 48 25 
8 25 48 1 49 
1 25 1 0 37 50 37 0 39 12 42 45 8 16 
5 46 24 22 
2 34 35 43 35 
4 45 42 39 18 11 23 11 18 13 23 
7 20 15 11 6 
9 
10 9 31 44 1 33 39 
==============================

====== Algorithm Status ======
Valor:                6642
Time:                 1007
nIter:                62
Best Iter:            62
Improvement Count:    61
==============================
Solution tour: 
0 39 33 3 31 14 10 9 31 9 10 14 31 27 
3 27 21 30 32 26 9 26 31 3 13 48 25 
8 25 48 1 49 
1 25 1 0 37 50 37 0 36 12 19 42 45 8 16 
5 46 24 22 24 46 
2 34 35 34 43 35 43 40 
4 45 42 39 33 18 11 23 11 18 20 
7 41 20 17 20 23 25 49 44 31 26 
9 14 9 
6 44 1 33 39 
==============================

====== Algorithm Status ======
Valor:                6683
Time:                 2016
nIter:                116
Best Iter:            116
Improvement Count:    115
==============================
Solution tour: 
0 39 33 3 31 14 31 9 14 9 
3 27 21 30 32 26 9 26 31 3 25 13 48 25 
8 25 48 
1 25 1 0 37 50 37 0 36 12 19 42 45 8 7 16 
5 46 24 22 24 46 
2 34 35 34 43 35 43 40 
4 45 42 39 33 39 18 11 23 11 18 20 
7 41 20 17 45 17 20 41 23 25 
9 10 9 31 44 49 1 49 39 
==============================

====== Algorithm Status ======
Valor:                6683
Time:                 4027
nIter:                242
Best Iter:            242
Improvement Count:    241
==============================
Solution tour: 
0 39 33 3 31 14 31 9 14 9 
3 27 21 30 32 26 9 26 31 3 25 13 48 25 
8 25 48 
1 25 1 0 37 50 37 0 36 12 19 42 45 8 7 16 
5 46 24 22 24 46 
2 34 35 34 43 35 43 40 
4 45 42 39 33 39 18 11 23 11 18 20 
7 41 20 17 45 17 20 41 23 25 
9 10 9 31 44 49 1 49 39 
==============================

====== Algorithm Status ======
Valor:                7007
Time:                 8007
nIter:                484
Best Iter:            484
Improvement Count:    483
==============================
Solution tour: 
0 39 42 45 42 41 
8 25 48 49 
1 48 25 1 25 0 37 50 37 0 36 12 19 12 28 15 11 17 20 45 8 45 42 19 23 13 23 7 16 
5 46 24 22 24 46 
2 34 43 35 43 34 35 
4 42 39 33 39 17 11 23 11 18 11 
7 20 17 45 17 20 41 19 41 6 26 9 
10 9 26 31 44 
6 3 31 14 9 14 31 
3 27 3 1 49 39 
==============================

====== Algorithm Status ======
Valor:                7015
Time:                 16012
nIter:                980
Best Iter:            980
Improvement Count:    979
==============================
Solution tour: 
0 39 42 45 11 
8 25 48 
1 48 25 49 1 25 0 37 50 37 0 36 12 19 12 28 15 11 17 20 45 8 45 42 19 23 13 23 7 16 
5 46 24 22 24 46 
2 34 43 35 43 34 35 
4 42 39 33 39 17 11 23 11 18 11 
7 20 17 45 17 20 41 23 19 41 6 26 9 
10 9 26 31 44 
6 3 31 14 9 14 31 
3 27 3 1 49 39 
==============================

====== Algorithm Status ======
Valor:                7134
Time:                 32004
nIter:                1979
Best Iter:            1979
Improvement Count:    1978
==============================
Solution tour: 
0 39 42 49 
1 48 25 1 49 25 48 37 50 37 0 37 36 12 19 12 28 15 11 17 23 42 45 8 45 42 19 23 13 23 7 16 
5 46 24 22 24 46 
2 34 43 35 43 34 35 
4 42 39 33 39 17 11 23 11 18 11 
8 41 20 
7 20 17 45 17 20 41 23 19 41 
6 44 3 27 3 31 14 9 26 9 
10 9 14 3 31 
3 14 31 32 21 30 
==============================

====== Algorithm Status ======
Valor:                7248
Time:                 64005
nIter:                4003
Best Iter:            4003
Improvement Count:    4002
==============================
Solution tour: 
0 39 42 23 13 33 1 25 
1 48 25 49 1 49 25 48 37 50 37 0 37 36 12 19 12 28 15 11 17 20 45 8 45 42 45 23 19 23 7 16 
5 46 24 22 24 46 
2 34 43 35 43 34 35 
4 42 39 33 39 13 17 11 23 11 18 11 
8 41 20 
7 20 17 45 20 41 19 41 
6 3 27 3 31 14 9 
10 9 26 9 14 31 
3 44 49 48 21 30 37 
==============================

====== Algorithm Status ======
Valor:                7280
Time:                 128003
nIter:                8004
Best Iter:            8004
Improvement Count:    8003
==============================
Solution tour: 
0 39 42 13 33 1 49 25 49 
1 48 25 1 25 48 37 50 37 0 37 36 12 19 12 15 28 15 11 17 20 45 8 45 42 45 42 23 19 23 7 16 
5 46 24 22 24 46 
2 34 43 35 43 34 35 
4 42 39 33 39 17 11 23 11 18 11 
8 41 20 
7 20 17 45 20 41 19 41 
6 44 3 27 3 31 14 9 
10 9 26 9 14 31 3 44 21 30 
==============================

====== Algorithm Status ======
Valor:                7280
Time:                 256002
nIter:                15962
Best Iter:            15962
Improvement Count:    15961
==============================
Solution tour: 
0 39 42 13 33 1 49 25 49 
1 48 25 1 25 48 37 50 37 0 37 36 12 19 12 15 28 15 11 17 20 45 8 45 42 45 42 23 19 23 7 16 
5 46 24 22 24 46 
2 34 43 35 43 34 35 
4 42 39 33 39 17 11 23 11 18 11 
8 41 20 
7 20 17 45 20 41 19 41 
6 44 3 27 3 31 14 9 
10 9 26 9 14 31 3 44 21 30 
==============================

====== Algorithm Status ======
Valor:                7280
Time:                 512000
nIter:                31668
Best Iter:            31668
Improvement Count:    31667
==============================
Solution tour: 
0 39 42 13 33 1 49 25 49 
1 48 25 1 25 48 37 50 37 0 37 36 12 19 12 15 28 15 11 17 20 45 8 45 42 45 42 23 19 23 7 16 
5 46 24 22 24 46 
2 34 43 35 43 34 35 
4 42 39 33 39 17 11 23 11 18 11 
8 41 20 
7 20 17 45 20 41 19 41 
6 44 3 27 3 31 14 9 
10 9 26 9 14 31 3 44 21 30 
==============================

====== Algorithm Status ======
Valor:                7280
Time:                 1024015
nIter:                63150
Best Iter:            63150
Improvement Count:    63151
==============================
Solution tour: 
0 39 42 13 33 1 49 25 49 
1 48 25 1 25 48 37 50 37 0 37 36 12 19 12 15 28 15 11 17 20 45 8 45 42 45 42 23 19 23 7 16 
5 46 24 22 24 46 
2 34 43 35 43 34 35 
4 42 39 33 39 17 11 23 11 18 11 
8 41 20 
7 20 17 45 20 41 19 41 
6 44 3 27 3 31 14 9 
10 9 26 9 14 31 3 44 21 30 
==============================

====== Algorithm Status ======
Valor:                7280
Time:                 1024015
nIter:                63150
Best Iter:            63150
Improvement Count:    63151
==============================
Solution tour: 
0 39 42 13 33 1 49 25 49 
1 48 25 1 25 48 37 50 37 0 37 36 12 19 12 15 28 15 11 17 20 45 8 45 42 45 42 23 19 23 7 16 
5 46 24 22 24 46 
2 34 43 35 43 34 35 
4 42 39 33 39 17 11 23 11 18 11 
8 41 20 
7 20 17 45 20 41 19 41 
6 44 3 27 3 31 14 9 
10 9 26 9 14 31 3 44 21 30 
==============================

