=========== Input ===========
File name:                ./instances/created-instances/mm-20-10-1762875.cdop
Total node count:         31
Truck node count:         20
Drone node count:         10
=============================

========== Settings ==========
Settings file:        ./settings/Memetic_MMX_1099666.config
Seed:                 1099666
Reduction method:     -
Max iter:             1024000
Population size:      13
Crossover:            MA-MMX
Local Search:         LS
Warm Start:           Mario_WS
==============================

====== Algorithm Status ======
Valor:                4109
Time:                 250
nIter:                48
Best Iter:            48
Improvement Count:    47
==============================
Solution tour: 
0 14 25 3 25 10 17 10 25 3 8 20 8 18 3 18 8 11 30 11 12 23 5 0 6 
9 26 4 22 27 22 21 13 24 0 19 9 13 9 21 27 26 27 22 13 21 26 9 6 19 1 28 14 0 
5 23 13 22 4 6 
==============================

====== Algorithm Status ======
Valor:                4133
Time:                 503
nIter:                93
Best Iter:            93
Improvement Count:    92
==============================
Solution tour: 
0 14 25 3 25 10 28 29 17 10 25 3 8 20 8 18 3 18 8 3 11 30 11 12 23 5 0 6 
9 26 4 22 27 22 13 24 0 23 19 0 19 9 13 9 19 21 27 26 27 21 13 21 26 9 6 19 23 6 0 
5 23 22 4 6 
==============================

====== Algorithm Status ======
Valor:                4208
Time:                 1002
nIter:                181
Best Iter:            181
Improvement Count:    180
==============================
Solution tour: 
0 14 25 3 25 10 28 12 8 20 8 18 3 18 8 3 11 30 11 20 23 5 0 6 
9 26 4 15 4 22 27 22 13 24 0 23 19 0 19 9 13 9 19 21 27 26 27 21 13 21 26 9 6 19 23 14 0 
5 23 13 22 21 19 6 
==============================

====== Algorithm Status ======
Valor:                4208
Time:                 2000
nIter:                349
Best Iter:            349
Improvement Count:    348
==============================
Solution tour: 
0 14 25 3 25 10 28 12 8 20 8 18 3 18 8 3 11 30 11 20 23 5 0 6 
9 26 4 15 4 22 27 22 13 24 0 23 19 0 19 9 13 9 19 21 27 26 27 21 13 21 26 9 6 19 23 14 0 
5 23 13 22 21 19 6 
==============================

====== Algorithm Status ======
Valor:                4297
Time:                 4003
nIter:                674
Best Iter:            674
Improvement Count:    673
==============================
Solution tour: 
0 14 25 3 25 10 28 10 25 12 8 20 8 18 3 18 8 3 11 12 11 30 11 20 23 5 0 6 
9 26 4 15 4 22 27 22 21 19 9 13 9 6 19 21 22 4 26 27 26 21 22 13 22 21 13 21 26 9 19 23 19 0 24 0 
5 23 13 6 
==============================

====== Algorithm Status ======
Valor:                4342
Time:                 8001
nIter:                1339
Best Iter:            1339
Improvement Count:    1338
==============================
Solution tour: 
0 14 25 3 25 10 28 10 25 8 20 8 18 3 18 8 11 12 11 30 11 20 23 5 14 0 6 
9 26 4 15 4 22 27 22 21 19 9 13 9 6 19 21 22 4 26 27 26 21 22 13 22 21 13 21 26 9 19 23 19 0 24 
5 23 19 6 
==============================

====== Algorithm Status ======
Valor:                4393
Time:                 16006
nIter:                2594
Best Iter:            2594
Improvement Count:    2593
==============================
Solution tour: 
0 14 25 3 25 10 28 10 25 8 20 8 18 3 18 8 12 11 30 11 20 23 5 23 14 0 6 
9 26 4 15 4 22 27 22 21 19 9 13 9 6 19 21 22 4 26 27 26 21 22 13 22 21 13 21 26 9 19 23 19 0 24 0 
5 0 19 6 
==============================

====== Algorithm Status ======
Valor:                4400
Time:                 32003
nIter:                5178
Best Iter:            5178
Improvement Count:    5177
==============================
Solution tour: 
0 14 25 3 25 10 28 10 25 20 8 18 3 18 8 12 11 30 11 12 23 5 23 14 0 6 
9 26 4 15 4 22 27 22 21 19 9 13 9 6 19 21 22 4 26 27 26 21 22 13 22 21 13 21 26 9 19 23 19 0 24 
5 0 19 6 
==============================

====== Algorithm Status ======
Valor:                4426
Time:                 64003
nIter:                11030
Best Iter:            11030
Improvement Count:    11029
==============================
Solution tour: 
0 14 25 3 25 10 28 10 25 8 20 8 18 3 18 8 12 11 30 11 12 23 5 23 14 0 6 
9 26 4 15 4 22 27 22 21 19 9 13 9 6 0 19 21 22 4 26 27 26 21 22 13 22 21 13 21 26 9 19 23 19 0 5 0 24 
7 24 
==============================

====== Algorithm Status ======
Valor:                4426
Time:                 128003
nIter:                21657
Best Iter:            21657
Improvement Count:    21656
==============================
Solution tour: 
0 14 25 3 25 10 28 10 25 8 20 8 18 3 18 8 12 11 30 11 12 23 5 23 14 0 6 
9 26 4 15 4 22 27 22 21 19 9 13 9 6 0 19 21 22 4 26 27 26 21 22 13 22 21 13 21 26 9 19 23 19 0 5 0 24 
7 24 
==============================

====== Algorithm Status ======
Valor:                4426
Time:                 256000
nIter:                43206
Best Iter:            43206
Improvement Count:    43205
==============================
Solution tour: 
0 14 25 3 25 10 28 10 25 8 20 8 18 3 18 8 12 11 30 11 12 23 5 23 14 0 6 
9 26 4 15 4 22 27 22 21 19 9 13 9 6 0 19 21 22 4 26 27 26 21 22 13 22 21 13 21 26 9 19 23 19 0 5 0 24 
7 24 
==============================

====== Algorithm Status ======
Valor:                4449
Time:                 512006
nIter:                85654
Best Iter:            85654
Improvement Count:    85653
==============================
Solution tour: 
0 14 25 10 25 3 18 8 18 3 25 12 11 30 11 12 23 5 23 13 10 17 29 28 14 0 6 
9 26 4 15 4 22 27 22 21 19 9 13 9 6 0 19 21 26 27 26 21 22 13 21 13 22 4 26 9 19 23 19 0 5 24 
7 24 5 
==============================

====== Algorithm Status ======
Valor:                4449
Time:                 1024007
nIter:                168686
Best Iter:            168686
Improvement Count:    168687
==============================
Solution tour: 
0 14 25 10 25 3 18 8 18 3 25 12 11 30 11 12 23 5 23 13 10 17 29 28 14 0 6 
9 26 4 15 4 22 27 22 21 19 9 13 9 6 0 19 21 26 27 26 21 22 13 21 13 22 4 26 9 19 23 19 0 5 24 
7 24 5 
==============================

====== Algorithm Status ======
Valor:                4449
Time:                 1024007
nIter:                168686
Best Iter:            168686
Improvement Count:    168687
==============================
Solution tour: 
0 14 25 10 25 3 18 8 18 3 25 12 11 30 11 12 23 5 23 13 10 17 29 28 14 0 6 
9 26 4 15 4 22 27 22 21 19 9 13 9 6 0 19 21 26 27 26 21 22 13 21 13 22 4 26 9 19 23 19 0 5 24 
7 24 5 
==============================

