=========== Input ===========
File name:                ./instances/created-instances/mm-5-25-1891798.cdop
Total node count:         31
Truck node count:         5
Drone node count:         25
=============================

========== Settings ==========
Settings file:        ./settings/Memetic-LS_MMX_1881515.config
Seed:                 1881515
Reduction method:     -
Max iter:             1024000
Population size:      13
Crossover:            MA-MMX
Local Search:         -
Warm Start:           Mario_WS
==============================

====== Algorithm Status ======
Valor:                3709
Time:                 250
nIter:                407
Best Iter:            407
Improvement Count:    406
==============================
Solution tour: 
0 11 8 10 
4 15 
3 20 12 24 16 8 18 9 18 7 20 14 30 25 11 19 
1 13 1 28 19 27 6 22 26 23 
2 4 12 0 21 
==============================

====== Algorithm Status ======
Valor:                3728
Time:                 500
nIter:                822
Best Iter:            822
Improvement Count:    821
==============================
Solution tour: 
0 19 11 8 10 
4 15 
3 20 12 24 16 8 18 9 18 7 20 14 30 25 11 19 
1 13 1 28 19 27 6 22 26 23 
2 4 12 0 21 
==============================

====== Algorithm Status ======
Valor:                3728
Time:                 1000
nIter:                1619
Best Iter:            1619
Improvement Count:    1618
==============================
Solution tour: 
0 19 11 8 10 
4 15 
3 20 12 24 16 8 18 9 18 7 20 14 30 25 11 19 
1 13 1 28 19 27 6 22 26 23 
2 4 12 0 21 
==============================

====== Algorithm Status ======
Valor:                3747
Time:                 2000
nIter:                3276
Best Iter:            3276
Improvement Count:    3275
==============================
Solution tour: 
0 19 11 4 10 
4 15 
3 20 12 24 16 8 18 9 18 7 20 14 30 25 11 19 
1 13 1 28 19 27 6 22 26 23 
2 4 12 0 21 
==============================

====== Algorithm Status ======
Valor:                3747
Time:                 4000
nIter:                6556
Best Iter:            6556
Improvement Count:    6555
==============================
Solution tour: 
0 19 11 4 10 
4 15 
3 20 12 24 16 8 18 9 18 7 20 14 30 25 11 19 
1 13 1 28 19 27 6 22 26 23 
2 4 12 0 21 
==============================

====== Algorithm Status ======
Valor:                3747
Time:                 8000
nIter:                13362
Best Iter:            13362
Improvement Count:    13361
==============================
Solution tour: 
0 19 11 4 10 
4 15 
3 20 12 24 16 8 18 9 18 7 20 14 30 25 11 19 
1 13 1 28 19 27 6 22 26 23 
2 4 12 0 21 
==============================

====== Algorithm Status ======
Valor:                3747
Time:                 16000
nIter:                26398
Best Iter:            26398
Improvement Count:    26397
==============================
Solution tour: 
0 19 11 4 10 
4 15 
3 20 12 24 16 8 18 9 18 7 20 14 30 25 11 19 
1 13 1 28 19 27 6 22 26 23 
2 4 12 0 21 
==============================

====== Algorithm Status ======
Valor:                3747
Time:                 32000
nIter:                52921
Best Iter:            52921
Improvement Count:    52920
==============================
Solution tour: 
0 19 11 4 10 
4 15 
3 20 12 24 16 8 18 9 18 7 20 14 30 25 11 19 
1 13 1 28 19 27 6 22 26 23 
2 4 12 0 21 
==============================

====== Algorithm Status ======
Valor:                3910
Time:                 64000
nIter:                107396
Best Iter:            107396
Improvement Count:    107395
==============================
Solution tour: 
0 21 19 11 18 10 
4 15 
3 20 12 24 16 8 18 8 18 9 18 7 20 14 20 7 4 30 14 
1 13 4 13 1 4 6 22 26 23 
2 4 1 28 25 
==============================

====== Algorithm Status ======
Valor:                4114
Time:                 128000
nIter:                211040
Best Iter:            211040
Improvement Count:    211039
==============================
Solution tour: 
0 21 19 11 21 0 15 
3 20 12 24 29 24 16 27 18 8 18 9 18 7 20 14 20 7 4 30 14 12 
1 13 4 13 1 4 6 22 6 26 23 
2 4 1 28 25 
==============================

====== Algorithm Status ======
Valor:                4384
Time:                 256000
nIter:                403014
Best Iter:            403014
Improvement Count:    403013
==============================
Solution tour: 
0 21 19 11 21 11 19 21 0 15 
3 20 12 14 12 23 24 12 24 16 22 8 18 8 18 9 18 7 20 14 20 7 
1 13 4 13 1 4 6 22 6 26 23 
2 4 1 28 25 
==============================

====== Algorithm Status ======
Valor:                4640
Time:                 512000
nIter:                740525
Best Iter:            740525
Improvement Count:    740524
==============================
Solution tour: 
0 21 19 11 0 11 19 21 0 15 
3 20 12 14 12 23 24 12 24 16 7 18 8 18 9 18 7 20 14 20 7 
1 13 4 10 4 13 1 4 22 6 4 6 22 26 22 6 27 6 28 
==============================

====== Algorithm Status ======
Valor:                4732
Time:                 1024001
nIter:                1367701
Best Iter:            1367701
Improvement Count:    1367702
==============================
Solution tour: 
0 21 11 21 19 11 0 11 19 21 0 15 
3 20 12 14 12 23 24 16 8 18 9 18 7 20 14 20 7 
1 13 4 10 4 13 1 4 1 7 4 6 22 26 22 6 27 6 28 
==============================

====== Algorithm Status ======
Valor:                4732
Time:                 1024001
nIter:                1367701
Best Iter:            1367701
Improvement Count:    1367702
==============================
Solution tour: 
0 21 11 21 19 11 0 11 19 21 0 15 
3 20 12 14 12 23 24 16 8 18 9 18 7 20 14 20 7 
1 13 4 10 4 13 1 4 1 7 4 6 22 26 22 6 27 6 28 
==============================

