=========== Input ===========
File name:                ./instances/created-instances/mm-10-10-1762875.cdop
Total node count:         21
Truck node count:         10
Drone node count:         10
=============================

========== Settings ==========
Settings file:        ./settings/Memetic-LS_MMX_1881515.config
Seed:                 1881515
Reduction method:     -
Max iter:             1024000
Population size:      13
Crossover:            MA-MMX
Local Search:         -
Warm Start:           Mario_WS
==============================

====== Algorithm Status ======
Valor:                2167
Time:                 250
nIter:                1052
Best Iter:            1052
Improvement Count:    1051
==============================
Solution tour: 
0 16 19 10 
1 10 
3 4 7 11 
8 
5 13 2 
9 4 15 3 15 
4 14 9 7 16 
7 9 18 16 20 17 
6 13 5 
==============================

====== Algorithm Status ======
Valor:                2167
Time:                 500
nIter:                2068
Best Iter:            2068
Improvement Count:    2067
==============================
Solution tour: 
0 16 19 10 
1 10 
3 4 7 11 
8 
5 13 2 
9 4 15 3 15 
4 14 9 7 16 
7 9 18 16 20 17 
6 13 5 
==============================

====== Algorithm Status ======
Valor:                2215
Time:                 1000
nIter:                4009
Best Iter:            4009
Improvement Count:    4008
==============================
Solution tour: 
0 16 19 10 
1 10 
3 4 7 11 
8 15 16 15 
5 13 2 
9 4 15 3 15 
4 14 9 7 16 
7 9 18 16 20 17 
6 13 5 
==============================

====== Algorithm Status ======
Valor:                2265
Time:                 2000
nIter:                7656
Best Iter:            7656
Improvement Count:    7655
==============================
Solution tour: 
0 16 15 19 10 
1 10 
3 4 7 11 
8 15 16 15 13 2 
9 4 15 3 15 
4 14 9 7 16 
7 9 18 16 20 17 
6 13 5 
==============================

====== Algorithm Status ======
Valor:                2275
Time:                 4000
nIter:                15456
Best Iter:            15456
Improvement Count:    15455
==============================
Solution tour: 
0 16 15 19 10 19 10 
1 10 
3 4 7 11 
8 15 13 2 
9 4 15 3 15 
4 14 9 7 16 
7 9 18 16 20 17 
6 13 5 
==============================

====== Algorithm Status ======
Valor:                2420
Time:                 8000
nIter:                31430
Best Iter:            31430
Improvement Count:    31429
==============================
Solution tour: 
0 16 12 16 15 16 15 19 10 
1 10 19 7 14 11 
8 13 2 
9 15 3 15 3 
4 15 18 
7 9 7 16 20 17 
6 13 5 
==============================

====== Algorithm Status ======
Valor:                2531
Time:                 16000
nIter:                62856
Best Iter:            62856
Improvement Count:    62855
==============================
Solution tour: 
0 16 12 16 15 16 15 19 10 
1 10 19 13 7 14 11 
8 19 2 19 15 3 
4 3 11 3 15 18 
7 9 7 16 20 17 
6 13 5 
==============================

====== Algorithm Status ======
Valor:                2531
Time:                 32000
nIter:                122479
Best Iter:            122479
Improvement Count:    122478
==============================
Solution tour: 
0 16 12 16 15 16 15 19 10 
1 10 19 13 7 14 11 
8 19 2 19 15 3 
4 3 11 3 15 18 
7 9 7 16 20 17 
6 13 5 
==============================

====== Algorithm Status ======
Valor:                2558
Time:                 64000
nIter:                241033
Best Iter:            241033
Improvement Count:    241032
==============================
Solution tour: 
0 16 12 16 15 19 10 
1 10 19 
2 7 14 11 
8 19 13 19 15 3 
4 3 11 3 15 18 
7 9 7 16 20 17 
6 13 5 
==============================

====== Algorithm Status ======
Valor:                2558
Time:                 128000
nIter:                494303
Best Iter:            494303
Improvement Count:    494302
==============================
Solution tour: 
0 16 12 16 15 19 10 
1 10 19 
2 7 14 11 
8 19 13 19 15 3 
4 3 11 3 15 18 
7 9 7 16 20 17 
6 13 5 
==============================

====== Algorithm Status ======
Valor:                2630
Time:                 256000
nIter:                999422
Best Iter:            999422
Improvement Count:    999421
==============================
Solution tour: 
0 16 12 16 1 10 
1 16 7 14 11 
8 11 15 19 15 3 
4 3 11 3 15 18 
7 9 7 16 20 16 15 16 17 
6 13 5 
==============================

====== Algorithm Status ======
Valor:                2638
Time:                 512000
nIter:                2094308
Best Iter:            2094308
Improvement Count:    2094307
==============================
Solution tour: 
0 16 12 16 1 10 
1 16 7 14 11 
8 11 15 19 15 3 
4 3 11 3 15 18 
7 9 7 16 20 16 17 
6 13 
5 13 
==============================

====== Algorithm Status ======
Valor:                2638
Time:                 1024001
nIter:                5597468
Best Iter:            5597468
Improvement Count:    5597469
==============================
Solution tour: 
0 16 12 16 1 10 
1 16 7 14 11 
8 11 15 19 15 3 
4 3 11 3 15 18 
7 9 7 16 20 16 17 
6 13 
5 13 
==============================

====== Algorithm Status ======
Valor:                2638
Time:                 1024001
nIter:                5597468
Best Iter:            5597468
Improvement Count:    5597469
==============================
Solution tour: 
0 16 12 16 1 10 
1 16 7 14 11 
8 11 15 19 15 3 
4 3 11 3 15 18 
7 9 7 16 20 16 17 
6 13 
5 13 
==============================

