=========== Input ===========
File name:                ./instances/created-instances/mm-15-10-1762875.cdop
Total node count:         26
Truck node count:         15
Drone node count:         10
=============================

========== Settings ==========
Settings file:        ./settings/Memetic-LS_MPX_1099666.config
Seed:                 1099666
Reduction method:     -
Max iter:             1024000
Population size:      13
Crossover:            MA-MPX
Local Search:         -
Warm Start:           Mario_WS
==============================

====== Algorithm Status ======
Valor:                2770
Time:                 250
nIter:                443
Best Iter:            443
Improvement Count:    442
==============================
Solution tour: 
0 
5 
14 24 22 8 19 9 13 5 
2 10 17 21 
1 21 17 
10 19 23 19 8 
12 
3 17 
11 17 18 20 17 
8 5 
13 
9 
4 21 10 19 25 19 16 
7 
6 5 
==============================

====== Algorithm Status ======
Valor:                2770
Time:                 500
nIter:                929
Best Iter:            929
Improvement Count:    928
==============================
Solution tour: 
0 
5 
14 24 22 8 19 9 13 5 
2 10 17 21 
1 21 17 
10 19 23 19 8 
12 
3 17 
11 17 18 20 17 
8 5 
13 
9 
4 21 10 19 25 19 16 
7 
6 5 
==============================

====== Algorithm Status ======
Valor:                2770
Time:                 1000
nIter:                1867
Best Iter:            1867
Improvement Count:    1866
==============================
Solution tour: 
0 
5 
14 24 22 8 19 9 13 5 
2 10 17 21 
1 21 17 
10 19 23 19 8 
12 
3 17 
11 17 18 20 17 
8 5 
13 
9 
4 21 10 19 25 19 16 
7 
6 5 
==============================

====== Algorithm Status ======
Valor:                2770
Time:                 2000
nIter:                3893
Best Iter:            3893
Improvement Count:    3892
==============================
Solution tour: 
0 
5 
14 24 22 8 19 9 13 5 
2 10 17 21 
1 21 17 
10 19 23 19 8 
12 
3 17 
11 17 18 20 17 
8 5 
13 
9 
4 21 10 19 25 19 16 
7 
6 5 
==============================

====== Algorithm Status ======
Valor:                2770
Time:                 4000
nIter:                7920
Best Iter:            7920
Improvement Count:    7919
==============================
Solution tour: 
0 
5 
14 24 22 8 19 9 13 5 
2 10 17 21 
1 21 17 
10 19 23 19 8 
12 
3 17 
11 17 18 20 17 
8 5 
13 
9 
4 21 10 19 25 19 16 
7 
6 5 
==============================

====== Algorithm Status ======
Valor:                2770
Time:                 8000
nIter:                15703
Best Iter:            15703
Improvement Count:    15702
==============================
Solution tour: 
0 
5 
14 24 22 8 19 9 13 5 
2 10 17 21 
1 21 17 
10 19 23 19 8 
12 
3 17 
11 17 18 20 17 
8 5 
13 
9 
4 21 10 19 25 19 16 
7 
6 5 
==============================

====== Algorithm Status ======
Valor:                2770
Time:                 16000
nIter:                31119
Best Iter:            31119
Improvement Count:    31118
==============================
Solution tour: 
0 
5 
14 24 22 8 19 9 13 5 
2 10 17 21 
1 21 17 
10 19 23 19 8 
12 
3 17 
11 17 18 20 17 
8 5 
13 
9 
4 21 10 19 25 19 16 
7 
6 5 
==============================

====== Algorithm Status ======
Valor:                2770
Time:                 32000
nIter:                62180
Best Iter:            62180
Improvement Count:    62179
==============================
Solution tour: 
0 
5 
14 24 22 8 19 9 13 5 
2 10 17 21 
1 21 17 
10 19 23 19 8 
12 
3 17 
11 17 18 20 17 
8 5 
13 
9 
4 21 10 19 25 19 16 
7 
6 5 
==============================

====== Algorithm Status ======
Valor:                2770
Time:                 64000
nIter:                124539
Best Iter:            124539
Improvement Count:    124538
==============================
Solution tour: 
0 
5 
14 24 22 8 19 9 13 5 
2 10 17 21 
1 21 17 
10 19 23 19 8 
12 
3 17 
11 17 18 20 17 
8 5 
13 
9 
4 21 10 19 25 19 16 
7 
6 5 
==============================

====== Algorithm Status ======
Valor:                2770
Time:                 128000
nIter:                250020
Best Iter:            250020
Improvement Count:    250019
==============================
Solution tour: 
0 
5 
14 24 22 8 19 9 13 5 
2 10 17 21 
1 21 17 
10 19 23 19 8 
12 
3 17 
11 17 18 20 17 
8 5 
13 
9 
4 21 10 19 25 19 16 
7 
6 5 
==============================

====== Algorithm Status ======
Valor:                2818
Time:                 256000
nIter:                499936
Best Iter:            499936
Improvement Count:    499935
==============================
Solution tour: 
0 
5 
14 24 19 8 19 9 13 5 
2 10 17 21 
1 21 17 
10 19 23 19 8 
12 
3 17 
11 17 18 20 17 
8 5 
13 
9 
4 21 10 19 25 19 16 
7 
6 5 
==============================

====== Algorithm Status ======
Valor:                2818
Time:                 512000
nIter:                999419
Best Iter:            999419
Improvement Count:    999418
==============================
Solution tour: 
0 
5 
14 24 19 8 19 9 13 5 
2 10 17 21 
1 21 17 
10 19 23 19 8 
12 
3 17 
11 17 18 20 17 
8 5 
13 
9 
4 21 10 19 25 19 16 
7 
6 5 
==============================

====== Algorithm Status ======
Valor:                2838
Time:                 1024001
nIter:                1986985
Best Iter:            1986985
Improvement Count:    1986986
==============================
Solution tour: 
0 
5 
14 24 19 23 8 19 9 13 5 
2 10 17 21 
1 21 17 
10 19 23 19 8 
12 
3 17 
11 17 18 20 17 
8 5 
13 
9 
4 21 10 19 25 19 16 
7 
6 5 
==============================

====== Algorithm Status ======
Valor:                2838
Time:                 1024001
nIter:                1986985
Best Iter:            1986985
Improvement Count:    1986986
==============================
Solution tour: 
0 
5 
14 24 19 23 8 19 9 13 5 
2 10 17 21 
1 21 17 
10 19 23 19 8 
12 
3 17 
11 17 18 20 17 
8 5 
13 
9 
4 21 10 19 25 19 16 
7 
6 5 
==============================

