=========== Input ===========
File name:                ./instances/created-instances/mm-15-25-1762875.cdop
Total node count:         41
Truck node count:         15
Drone node count:         25
=============================

========== Settings ==========
Settings file:        ./settings/Memetic-LS_MMX_1881515.config
Seed:                 1881515
Reduction method:     -
Max iter:             1024000
Population size:      13
Crossover:            MA-MMX
Local Search:         -
Warm Start:           Mario_WS
==============================

====== Algorithm Status ======
Valor:                4342
Time:                 250
nIter:                291
Best Iter:            291
Improvement Count:    290
==============================
Solution tour: 
0 
5 
14 5 
2 18 
1 
10 35 24 37 19 32 
12 31 
3 31 23 19 37 31 
11 30 38 30 23 31 37 8 33 17 33 
8 
13 27 12 32 12 33 26 33 12 34 21 36 1 13 
9 
4 
7 9 18 28 11 20 13 
6 
==============================

====== Algorithm Status ======
Valor:                4368
Time:                 500
nIter:                575
Best Iter:            575
Improvement Count:    574
==============================
Solution tour: 
0 
5 
14 5 
2 18 
1 
10 35 24 37 19 32 
12 31 
3 31 23 19 37 31 
11 30 38 30 23 31 37 8 33 17 33 
8 
13 27 12 32 12 33 26 33 12 34 21 36 1 13 
9 
7 9 18 28 11 20 13 
6 
==============================

====== Algorithm Status ======
Valor:                4435
Time:                 1000
nIter:                1091
Best Iter:            1091
Improvement Count:    1090
==============================
Solution tour: 
0 
5 
14 5 
2 18 
1 
10 35 24 37 19 32 
12 31 
3 31 23 19 37 31 
11 30 38 30 23 31 37 8 33 17 8 33 17 33 
8 
13 27 12 32 12 33 26 33 12 34 21 36 1 13 
9 
7 9 18 28 11 28 11 20 13 
6 
==============================

====== Algorithm Status ======
Valor:                4460
Time:                 2000
nIter:                2124
Best Iter:            2124
Improvement Count:    2123
==============================
Solution tour: 
0 
5 
14 5 
2 18 
1 
10 35 24 37 19 32 
12 31 
3 31 23 19 37 31 
11 30 38 30 23 31 37 8 17 8 33 17 33 
8 
13 27 12 32 12 33 26 33 12 34 21 36 1 13 
9 
7 9 18 28 11 28 11 20 13 
6 
==============================

====== Algorithm Status ======
Valor:                4716
Time:                 4001
nIter:                4255
Best Iter:            4255
Improvement Count:    4254
==============================
Solution tour: 
0 
5 
14 5 
10 35 24 37 19 32 
12 31 
3 31 23 19 37 30 38 30 23 31 37 8 17 8 33 17 33 
8 
13 27 12 32 12 33 26 33 12 34 21 34 21 36 13 
9 
7 9 18 28 18 11 18 
2 16 
==============================

====== Algorithm Status ======
Valor:                4825
Time:                 8003
nIter:                8304
Best Iter:            8304
Improvement Count:    8303
==============================
Solution tour: 
0 
5 
14 5 
10 35 24 37 19 32 
12 31 
3 31 23 19 37 30 38 30 23 31 32 17 8 33 17 33 
8 27 
13 27 12 32 12 27 32 12 33 26 33 12 34 21 34 21 36 1 13 
9 
7 9 18 28 18 11 18 
2 16 
==============================

====== Algorithm Status ======
Valor:                4855
Time:                 16004
nIter:                16461
Best Iter:            16461
Improvement Count:    16460
==============================
Solution tour: 
0 
5 
14 5 
10 35 24 37 19 32 
12 31 
3 31 23 19 37 30 38 30 23 31 32 17 8 33 17 33 
8 32 27 
13 27 12 32 12 27 32 12 33 26 33 12 34 21 34 21 36 1 13 
9 
7 9 18 28 18 11 18 
2 16 
==============================

====== Algorithm Status ======
Valor:                4859
Time:                 32001
nIter:                32055
Best Iter:            32055
Improvement Count:    32054
==============================
Solution tour: 
0 
5 
14 5 
10 35 24 37 19 32 
12 31 
3 31 23 19 37 30 38 30 23 31 32 17 8 33 17 33 
8 32 27 
13 27 12 32 12 27 32 12 33 26 33 12 26 12 34 21 34 21 36 1 13 
9 
7 9 18 28 18 
2 16 
==============================

====== Algorithm Status ======
Valor:                4872
Time:                 64001
nIter:                62140
Best Iter:            62140
Improvement Count:    62139
==============================
Solution tour: 
0 
5 
14 5 
10 35 24 37 19 32 
12 31 
3 31 23 19 37 23 30 38 30 23 31 32 17 8 33 17 33 
8 32 27 
13 27 12 32 12 27 32 12 33 26 33 12 18 12 34 21 34 21 36 1 13 
9 
7 9 18 28 18 
2 16 
==============================

====== Algorithm Status ======
Valor:                4927
Time:                 128000
nIter:                118944
Best Iter:            118944
Improvement Count:    118943
==============================
Solution tour: 
0 5 13 5 
10 35 24 37 19 32 
12 31 
3 31 23 19 37 23 30 38 30 23 31 8 33 32 33 17 33 
8 32 27 
13 27 12 32 12 27 32 12 33 26 33 12 18 12 34 21 34 21 36 1 13 9 
7 9 18 28 18 
2 16 
==============================

====== Algorithm Status ======
Valor:                4984
Time:                 256000
nIter:                229163
Best Iter:            229163
Improvement Count:    229162
==============================
Solution tour: 
0 13 5 
10 35 32 24 37 19 32 
12 31 
3 31 23 19 37 23 30 38 30 23 31 8 33 32 33 17 33 
8 32 27 
13 27 12 32 12 27 32 12 33 26 33 12 18 12 34 21 34 21 36 1 13 9 
7 9 18 28 18 
2 16 
==============================

====== Algorithm Status ======
Valor:                5170
Time:                 512000
nIter:                476768
Best Iter:            476768
Improvement Count:    476767
==============================
Solution tour: 
0 13 5 
14 5 
10 35 32 27 24 37 19 32 
12 31 
3 31 23 31 23 30 38 30 38 8 33 32 33 17 33 
8 32 19 37 
13 27 12 32 12 27 26 33 12 18 12 34 21 34 12 33 9 
7 9 18 28 18 
2 16 
==============================

====== Algorithm Status ======
Valor:                5564
Time:                 1024001
nIter:                989346
Best Iter:            989346
Improvement Count:    989347
==============================
Solution tour: 
0 13 5 13 5 
14 5 
10 35 32 27 24 37 19 31 37 
3 31 23 31 12 32 12 27 26 38 30 38 39 17 39 8 33 32 33 17 33 
8 32 19 37 
13 27 12 34 21 34 12 33 12 23 9 
7 9 18 28 22 28 18 
2 16 
==============================

====== Algorithm Status ======
Valor:                5564
Time:                 1024001
nIter:                989346
Best Iter:            989346
Improvement Count:    989347
==============================
Solution tour: 
0 13 5 13 5 
14 5 
10 35 32 27 24 37 19 31 37 
3 31 23 31 12 32 12 27 26 38 30 38 39 17 39 8 33 32 33 17 33 
8 32 19 37 
13 27 12 34 21 34 12 33 12 23 9 
7 9 18 28 22 28 18 
2 16 
==============================

