=========== Input ===========
File name:                ./instances/created-instances/mm-5-10-1767920.cdop
Total node count:         16
Truck node count:         5
Drone node count:         10
=============================

========== Settings ==========
Settings file:        ./settings/Memetic-LS_MMX_1881515.config
Seed:                 1881515
Reduction method:     -
Max iter:             1024000
Population size:      13
Crossover:            MA-MMX
Local Search:         -
Warm Start:           Mario_WS
==============================

====== Algorithm Status ======
Valor:                2552
Time:                 250
nIter:                1384
Best Iter:            1384
Improvement Count:    1383
==============================
Solution tour: 
0 13 
4 8 11 8 12 8 
2 4 2 10 6 10 6 12 6 7 14 4 
3 
1 14 7 15 7 9 12 
==============================

====== Algorithm Status ======
Valor:                2554
Time:                 500
nIter:                2717
Best Iter:            2717
Improvement Count:    2716
==============================
Solution tour: 
0 13 
4 8 11 8 12 8 
2 4 2 12 6 10 6 12 7 14 4 
3 
1 14 7 15 7 9 12 
==============================

====== Algorithm Status ======
Valor:                2554
Time:                 1000
nIter:                5257
Best Iter:            5257
Improvement Count:    5256
==============================
Solution tour: 
0 13 
4 8 11 8 12 8 
2 4 2 12 6 10 6 12 7 14 4 
3 
1 14 7 15 7 9 12 
==============================

====== Algorithm Status ======
Valor:                2554
Time:                 2000
nIter:                10635
Best Iter:            10635
Improvement Count:    10634
==============================
Solution tour: 
0 13 
4 8 11 8 12 8 
2 4 2 12 6 10 6 12 7 14 4 
3 
1 14 7 15 7 9 12 
==============================

====== Algorithm Status ======
Valor:                2577
Time:                 4000
nIter:                21795
Best Iter:            21795
Improvement Count:    21794
==============================
Solution tour: 
0 10 15 13 
4 8 11 8 12 8 
2 4 2 12 6 10 6 12 7 14 4 
3 
1 14 7 15 7 9 12 
==============================

====== Algorithm Status ======
Valor:                2728
Time:                 8000
nIter:                43164
Best Iter:            43164
Improvement Count:    43163
==============================
Solution tour: 
0 12 6 10 6 12 14 7 14 4 10 4 13 15 7 15 13 
4 8 11 8 12 8 
2 4 5 4 5 12 
==============================

====== Algorithm Status ======
Valor:                2905
Time:                 16000
nIter:                78882
Best Iter:            78882
Improvement Count:    78881
==============================
Solution tour: 
0 12 8 10 6 12 6 10 4 14 7 14 4 13 15 7 15 13 
4 8 11 8 12 5 4 
2 4 5 9 13 
==============================

====== Algorithm Status ======
Valor:                2906
Time:                 32000
nIter:                155442
Best Iter:            155442
Improvement Count:    155441
==============================
Solution tour: 
0 12 8 10 6 12 6 10 4 14 7 14 4 13 15 7 15 13 
4 8 11 8 12 5 4 
2 4 5 9 4 10 
==============================

====== Algorithm Status ======
Valor:                2906
Time:                 64000
nIter:                310779
Best Iter:            310779
Improvement Count:    310778
==============================
Solution tour: 
0 12 8 10 6 12 6 10 4 14 7 14 4 13 15 7 15 13 
4 8 11 8 12 5 4 
2 4 5 9 4 10 
==============================

====== Algorithm Status ======
Valor:                2965
Time:                 128000
nIter:                595063
Best Iter:            595063
Improvement Count:    595062
==============================
Solution tour: 
0 12 8 10 6 12 6 10 4 9 4 14 7 14 4 13 15 7 15 13 
4 10 8 11 8 12 5 4 
2 4 5 12 
==============================

====== Algorithm Status ======
Valor:                2965
Time:                 256000
nIter:                1160214
Best Iter:            1160214
Improvement Count:    1160213
==============================
Solution tour: 
0 12 8 10 6 12 6 10 4 9 4 14 7 14 4 13 15 7 15 13 
4 10 8 11 8 12 5 4 
2 4 5 12 
==============================

====== Algorithm Status ======
Valor:                2965
Time:                 512000
nIter:                2291691
Best Iter:            2291691
Improvement Count:    2291690
==============================
Solution tour: 
0 12 8 10 6 12 6 10 4 9 4 14 7 14 4 13 15 7 15 13 
4 10 8 11 8 12 5 4 
2 4 5 12 
==============================

====== Algorithm Status ======
Valor:                2965
Time:                 1024001
nIter:                4559167
Best Iter:            4559167
Improvement Count:    4559168
==============================
Solution tour: 
0 12 8 10 6 12 6 10 4 9 4 14 7 14 4 13 15 7 15 13 
4 10 8 11 8 12 5 4 
2 4 5 12 
==============================

====== Algorithm Status ======
Valor:                2965
Time:                 1024001
nIter:                4559167
Best Iter:            4559167
Improvement Count:    4559168
==============================
Solution tour: 
0 12 8 10 6 12 6 10 4 9 4 14 7 14 4 13 15 7 15 13 
4 10 8 11 8 12 5 4 
2 4 5 12 
==============================

