=========== Input ===========
File name:                ./instances/created-instances/mm-10-10-1767920.cdop
Total node count:         21
Truck node count:         10
Drone node count:         10
=============================

========== Settings ==========
Settings file:        ./settings/Memetic_MPX_1881515.config
Seed:                 1881515
Reduction method:     -
Max iter:             1024000
Population size:      13
Crossover:            MA-MPX
Local Search:         LS
Warm Start:           Mario_WS
==============================

====== Algorithm Status ======
Valor:                3715
Time:                 251
nIter:                94
Best Iter:            94
Improvement Count:    93
==============================
Solution tour: 
0 12 8 15 11 7 16 
2 16 4 19 20 19 
4 20 18 20 15 8 7 11 19 
1 14 
9 14 1 13 14 
10 
3 13 18 13 3 20 17 20 4 
7 4 16 7 8 
==============================

====== Algorithm Status ======
Valor:                3715
Time:                 501
nIter:                184
Best Iter:            184
Improvement Count:    183
==============================
Solution tour: 
0 12 8 15 11 7 16 
2 16 4 19 20 19 
4 20 18 20 15 8 7 11 19 
1 14 
9 14 1 13 14 
10 
3 13 18 13 3 20 17 20 4 
7 4 16 7 8 
==============================

====== Algorithm Status ======
Valor:                3715
Time:                 1004
nIter:                355
Best Iter:            355
Improvement Count:    354
==============================
Solution tour: 
0 12 8 15 11 7 16 
2 16 4 19 20 19 
4 20 18 20 15 8 7 11 19 
1 14 
9 14 1 13 14 
10 
3 13 18 13 3 20 17 20 4 
7 4 16 7 8 
==============================

====== Algorithm Status ======
Valor:                3715
Time:                 2001
nIter:                690
Best Iter:            690
Improvement Count:    689
==============================
Solution tour: 
0 12 8 15 11 7 16 
2 16 4 19 20 19 
4 20 18 20 15 8 7 11 19 
1 14 
9 14 1 13 14 
10 
3 13 18 13 3 20 17 20 4 
7 4 16 7 8 
==============================

====== Algorithm Status ======
Valor:                3715
Time:                 4001
nIter:                1355
Best Iter:            1355
Improvement Count:    1354
==============================
Solution tour: 
0 12 8 15 11 7 16 
2 16 4 19 20 19 
4 20 18 20 15 8 7 11 19 
1 14 
9 14 1 13 14 
10 
3 13 18 13 3 20 17 20 4 
7 4 16 7 8 
==============================

====== Algorithm Status ======
Valor:                3715
Time:                 8002
nIter:                2716
Best Iter:            2716
Improvement Count:    2715
==============================
Solution tour: 
0 12 8 15 11 7 16 
2 16 4 19 20 19 
4 20 18 20 15 8 7 11 19 
1 14 
9 14 1 13 14 
10 
3 13 18 13 3 20 17 20 4 
7 4 16 7 8 
==============================

====== Algorithm Status ======
Valor:                3715
Time:                 16000
nIter:                5485
Best Iter:            5485
Improvement Count:    5484
==============================
Solution tour: 
0 12 8 15 11 7 16 
2 16 4 19 20 19 
4 20 18 20 15 8 7 11 19 
1 14 
9 14 1 13 14 
10 
3 13 18 13 3 20 17 20 4 
7 4 16 7 8 
==============================

====== Algorithm Status ======
Valor:                3715
Time:                 32000
nIter:                10987
Best Iter:            10987
Improvement Count:    10986
==============================
Solution tour: 
0 12 8 15 11 7 16 
2 16 4 19 20 19 
4 20 18 20 15 8 7 11 19 
1 14 
9 14 1 13 14 
10 
3 13 18 13 3 20 17 20 4 
7 4 16 7 8 
==============================

====== Algorithm Status ======
Valor:                3715
Time:                 64003
nIter:                21708
Best Iter:            21708
Improvement Count:    21707
==============================
Solution tour: 
0 12 8 15 11 7 16 
2 16 4 19 20 19 
4 20 18 20 15 8 7 11 19 
1 14 
9 14 1 13 14 
10 
3 13 18 13 3 20 17 20 4 
7 4 16 7 8 
==============================

====== Algorithm Status ======
Valor:                3715
Time:                 128001
nIter:                43450
Best Iter:            43450
Improvement Count:    43449
==============================
Solution tour: 
0 12 8 15 11 7 16 
2 16 4 19 20 19 
4 20 18 20 15 8 7 11 19 
1 14 
9 14 1 13 14 
10 
3 13 18 13 3 20 17 20 4 
7 4 16 7 8 
==============================

====== Algorithm Status ======
Valor:                3733
Time:                 256001
nIter:                86989
Best Iter:            86989
Improvement Count:    86988
==============================
Solution tour: 
0 12 19 8 15 11 7 16 
2 16 4 19 20 19 
4 20 18 20 15 8 7 11 
1 14 
9 14 1 13 14 
10 
3 13 18 13 3 20 17 20 4 
7 4 16 7 8 
==============================

====== Algorithm Status ======
Valor:                3738
Time:                 512002
nIter:                174440
Best Iter:            174440
Improvement Count:    174439
==============================
Solution tour: 
0 12 19 8 15 11 7 4 16 
2 16 4 19 20 19 
4 20 18 20 15 8 7 11 
8 19 13 
1 14 
9 14 1 13 14 
10 
3 13 18 13 3 20 17 20 4 7 8 
==============================

====== Algorithm Status ======
Valor:                3753
Time:                 1024002
nIter:                347282
Best Iter:            347282
Improvement Count:    347283
==============================
Solution tour: 
0 12 0 8 15 11 20 4 7 4 16 
2 16 4 19 20 19 
4 20 18 20 15 8 7 11 19 13 18 13 
3 13 17 20 17 16 7 
1 14 
9 14 
10 14 1 7 8 
==============================

====== Algorithm Status ======
Valor:                3753
Time:                 1024002
nIter:                347282
Best Iter:            347282
Improvement Count:    347283
==============================
Solution tour: 
0 12 0 8 15 11 20 4 7 4 16 
2 16 4 19 20 19 
4 20 18 20 15 8 7 11 19 13 18 13 
3 13 17 20 17 16 7 
1 14 
9 14 
10 14 1 7 8 
==============================

