=========== Input ===========
File name:                ./instances/created-instances/mm-10-40-1917698.cdop
Total node count:         51
Truck node count:         10
Drone node count:         40
=============================

========== Settings ==========
Settings file:        ./settings/Memetic-LS_MMX_1099666.config
Seed:                 1099666
Reduction method:     -
Max iter:             1024000
Population size:      13
Crossover:            MA-MMX
Local Search:         -
Warm Start:           Mario_WS
==============================

====== Algorithm Status ======
Valor:                5257
Time:                 251
nIter:                171
Best Iter:            171
Improvement Count:    170
==============================
Solution tour: 
0 26 39 48 39 33 37 4 21 
4 50 15 
1 22 1 36 3 39 38 5 34 20 25 44 41 
6 12 49 9 43 39 
3 42 17 42 24 
9 29 46 49 30 9 49 26 42 26 43 9 47 14 47 28 
5 44 38 
2 11 
7 32 24 13 40 27 38 16 
==============================

====== Algorithm Status ======
Valor:                5321
Time:                 505
nIter:                351
Best Iter:            351
Improvement Count:    350
==============================
Solution tour: 
0 26 39 48 39 33 37 4 21 
4 50 15 
1 22 1 36 3 39 38 5 34 20 25 44 41 
6 12 49 9 43 39 
3 42 17 42 24 
9 29 46 49 30 9 49 26 42 26 43 9 47 14 47 28 
5 44 38 
2 11 32 24 13 40 27 38 16 
==============================

====== Algorithm Status ======
Valor:                5358
Time:                 1001
nIter:                674
Best Iter:            674
Improvement Count:    673
==============================
Solution tour: 
0 26 39 48 39 33 37 4 21 
4 50 15 
1 22 1 36 22 1 36 3 39 38 5 34 20 25 44 41 
6 12 49 9 43 39 
3 42 17 42 24 
9 29 46 49 30 9 49 26 42 26 43 9 47 14 47 28 
5 44 38 
2 11 32 24 13 40 27 38 16 
==============================

====== Algorithm Status ======
Valor:                5395
Time:                 2001
nIter:                1333
Best Iter:            1333
Improvement Count:    1332
==============================
Solution tour: 
0 26 39 48 39 33 37 4 21 
4 50 15 
1 22 1 36 22 36 22 1 36 3 39 38 5 34 20 25 44 41 
6 12 49 9 43 39 
3 42 17 42 24 
9 29 46 29 46 49 30 9 49 26 42 26 43 9 47 14 47 28 
5 44 38 
2 11 32 24 13 40 27 38 16 
==============================

====== Algorithm Status ======
Valor:                5395
Time:                 4001
nIter:                2528
Best Iter:            2528
Improvement Count:    2527
==============================
Solution tour: 
0 26 39 48 39 33 37 4 21 
4 50 15 
1 22 1 36 22 36 22 1 36 3 39 38 5 34 20 25 44 41 
6 12 49 9 43 39 
3 42 17 42 24 
9 29 46 29 46 49 30 9 49 26 42 26 43 9 47 14 47 28 
5 44 38 
2 11 32 24 13 40 27 38 16 
==============================

====== Algorithm Status ======
Valor:                5511
Time:                 8000
nIter:                5160
Best Iter:            5160
Improvement Count:    5159
==============================
Solution tour: 
0 26 39 48 39 33 37 4 21 
4 50 15 
1 22 1 36 3 39 38 5 34 20 25 44 41 
6 12 49 9 43 39 
3 42 17 42 24 
9 29 48 46 29 9 49 30 49 26 42 26 43 9 47 14 47 28 
5 44 38 
2 11 32 24 13 40 27 38 16 
==============================

====== Algorithm Status ======
Valor:                5511
Time:                 16001
nIter:                10504
Best Iter:            10504
Improvement Count:    10503
==============================
Solution tour: 
0 26 39 48 39 33 37 4 21 
4 50 15 
1 22 1 36 3 39 38 5 34 20 25 44 41 
6 12 49 9 43 39 
3 42 17 42 24 
9 29 48 46 29 9 49 30 49 26 42 26 43 9 47 14 47 28 
5 44 38 
2 11 32 24 13 40 27 38 16 
==============================

====== Algorithm Status ======
Valor:                5511
Time:                 32000
nIter:                21403
Best Iter:            21403
Improvement Count:    21402
==============================
Solution tour: 
0 26 39 48 39 33 37 4 21 
4 50 15 
1 22 1 36 3 39 38 5 34 20 25 44 41 
6 12 49 9 43 39 
3 42 17 42 24 
9 29 48 46 29 9 49 30 49 26 42 26 43 9 47 14 47 28 
5 44 38 
2 11 32 24 13 40 27 38 16 
==============================

====== Algorithm Status ======
Valor:                5572
Time:                 64000
nIter:                43287
Best Iter:            43287
Improvement Count:    43286
==============================
Solution tour: 
0 26 39 48 39 33 37 4 21 
4 50 15 
1 22 1 36 3 39 38 5 34 20 25 44 41 
6 12 49 9 43 9 43 39 
3 42 17 42 24 
9 29 46 48 46 29 9 49 30 49 26 42 26 9 47 14 47 28 
5 38 44 38 
2 32 24 40 27 38 16 
==============================

====== Algorithm Status ======
Valor:                5636
Time:                 128006
nIter:                89832
Best Iter:            89832
Improvement Count:    89831
==============================
Solution tour: 
0 26 39 48 39 33 37 33 21 
4 50 15 
1 22 1 36 3 39 38 5 25 44 41 
6 12 49 9 43 9 43 39 
3 42 17 42 
9 29 46 48 46 29 9 49 30 49 26 42 26 49 47 14 47 28 
5 38 44 38 
2 32 24 40 27 38 16 
==============================

====== Algorithm Status ======
Valor:                6158
Time:                 256006
nIter:                173842
Best Iter:            173842
Improvement Count:    173841
==============================
Solution tour: 
0 33 39 33 37 33 21 33 21 
4 50 15 
1 22 36 22 1 3 39 3 38 39 38 44 41 
6 12 49 9 43 9 26 42 17 42 
9 29 46 48 46 29 9 49 30 49 43 42 26 49 47 14 28 29 28 14 29 14 47 38 
5 44 38 
2 32 24 40 27 38 16 
==============================

====== Algorithm Status ======
Valor:                6205
Time:                 512004
nIter:                336645
Best Iter:            336645
Improvement Count:    336644
==============================
Solution tour: 
0 33 39 33 37 33 21 33 21 
4 50 15 
1 22 36 22 1 3 39 3 38 39 38 44 41 12 
6 12 49 9 43 9 26 42 17 42 
9 29 46 48 46 29 9 49 30 49 43 42 26 49 47 14 28 29 28 14 29 14 47 38 
5 44 38 
2 32 24 40 27 38 16 
==============================

====== Algorithm Status ======
Valor:                6339
Time:                 1024001
nIter:                646655
Best Iter:            646655
Improvement Count:    646656
==============================
Solution tour: 
0 33 39 33 37 33 21 33 21 
4 50 15 
1 22 36 22 1 3 39 3 38 39 38 44 41 12 
6 12 49 9 43 9 26 42 17 42 
9 29 46 48 46 29 9 30 9 49 30 49 43 42 26 49 47 14 28 29 28 14 29 14 47 38 47 44 38 
2 32 24 40 27 49 27 38 16 
==============================

====== Algorithm Status ======
Valor:                6339
Time:                 1024001
nIter:                646655
Best Iter:            646655
Improvement Count:    646656
==============================
Solution tour: 
0 33 39 33 37 33 21 33 21 
4 50 15 
1 22 36 22 1 3 39 3 38 39 38 44 41 12 
6 12 49 9 43 9 26 42 17 42 
9 29 46 48 46 29 9 30 9 49 30 49 43 42 26 49 47 14 28 29 28 14 29 14 47 38 47 44 38 
2 32 24 40 27 49 27 38 16 
==============================

