=========== Input ===========
File name:                ./instances/created-instances/mm-15-10-1110588.cdop
Total node count:         26
Truck node count:         15
Drone node count:         10
=============================

========== Settings ==========
Settings file:        ./settings/Memetic_MPX_1287823.config
Seed:                 1287823
Reduction method:     -
Max iter:             1024000
Population size:      13
Crossover:            MA-MPX
Local Search:         LS
Warm Start:           Mario_WS
==============================

====== Algorithm Status ======
Valor:                3345
Time:                 252
nIter:                85
Best Iter:            85
Improvement Count:    84
==============================
Solution tour: 
0 23 19 18 19 16 18 4 
12 5 14 
3 
14 5 0 
4 15 11 7 17 
7 
11 10 11 15 
2 22 24 14 7 
15 11 10 13 25 20 25 13 0 6 24 6 21 25 21 
13 24 22 24 25 24 13 21 3 
==============================

====== Algorithm Status ======
Valor:                3345
Time:                 503
nIter:                168
Best Iter:            168
Improvement Count:    167
==============================
Solution tour: 
0 23 19 18 19 16 18 4 
12 5 14 
3 
14 5 0 
4 15 11 7 17 
7 
11 10 11 15 
2 22 24 14 7 
15 11 10 13 25 20 25 13 0 6 24 6 21 25 21 
13 24 22 24 25 24 13 21 3 
==============================

====== Algorithm Status ======
Valor:                3508
Time:                 1000
nIter:                327
Best Iter:            327
Improvement Count:    326
==============================
Solution tour: 
0 23 19 18 19 16 18 4 
12 5 12 14 
5 0 13 2 23 0 
4 15 11 7 17 
7 
11 10 11 15 
14 24 22 
15 11 10 13 24 25 20 25 24 13 0 6 24 6 21 25 21 
3 
==============================

====== Algorithm Status ======
Valor:                3508
Time:                 2002
nIter:                655
Best Iter:            655
Improvement Count:    654
==============================
Solution tour: 
0 23 19 18 19 16 18 4 
12 5 12 14 
5 0 13 2 23 0 
4 15 11 7 17 
7 
11 10 11 15 
14 24 22 
15 11 10 13 24 25 20 25 24 13 0 6 24 6 21 25 21 
3 
==============================

====== Algorithm Status ======
Valor:                3508
Time:                 4000
nIter:                1291
Best Iter:            1291
Improvement Count:    1290
==============================
Solution tour: 
0 23 19 18 19 16 18 4 
12 5 12 14 
5 0 13 2 23 0 
4 15 11 7 17 
7 
11 10 11 15 
14 24 22 
15 11 10 13 24 25 20 25 24 13 0 6 24 6 21 25 21 
3 
==============================

====== Algorithm Status ======
Valor:                3641
Time:                 8002
nIter:                2582
Best Iter:            2582
Improvement Count:    2581
==============================
Solution tour: 
0 13 24 22 24 14 3 14 5 
12 5 14 7 17 
8 
1 12 3 21 
6 24 25 20 24 13 
2 19 18 16 
5 0 23 0 20 25 24 18 
4 0 6 21 3 15 
11 10 11 15 
14 24 22 13 
==============================

====== Algorithm Status ======
Valor:                3729
Time:                 16000
nIter:                5172
Best Iter:            5172
Improvement Count:    5171
==============================
Solution tour: 
0 6 21 25 21 24 22 24 14 3 14 5 0 
13 24 13 21 18 
2 19 18 24 
6 24 25 20 25 24 11 
15 11 
10 13 0 
3 21 3 23 18 19 16 5 12 
1 
8 1 
12 5 14 7 17 23 
==============================

====== Algorithm Status ======
Valor:                3729
Time:                 32001
nIter:                10388
Best Iter:            10388
Improvement Count:    10387
==============================
Solution tour: 
0 6 21 25 21 24 22 24 14 3 14 5 0 
13 24 13 21 18 
2 19 18 24 
6 24 25 20 25 24 11 
15 11 
10 13 0 
3 21 3 23 18 19 16 5 12 
1 
8 1 
12 5 14 7 17 23 
==============================

====== Algorithm Status ======
Valor:                3729
Time:                 64002
nIter:                20691
Best Iter:            20691
Improvement Count:    20690
==============================
Solution tour: 
0 6 21 25 21 24 22 24 14 3 14 5 0 
13 24 13 21 18 
2 19 18 24 
6 24 25 20 25 24 11 
15 11 
10 13 0 
3 21 3 23 18 19 16 5 12 
1 
8 1 
12 5 14 7 17 23 
==============================

====== Algorithm Status ======
Valor:                3729
Time:                 128002
nIter:                41437
Best Iter:            41437
Improvement Count:    41436
==============================
Solution tour: 
0 6 21 25 21 24 22 24 14 3 14 5 0 
13 24 13 21 18 
2 19 18 24 
6 24 25 20 25 24 11 
15 11 
10 13 0 
3 21 3 23 18 19 16 5 12 
1 
8 1 
12 5 14 7 17 23 
==============================

====== Algorithm Status ======
Valor:                3729
Time:                 256000
nIter:                82881
Best Iter:            82881
Improvement Count:    82880
==============================
Solution tour: 
0 6 21 25 21 24 22 24 14 3 14 5 0 
13 24 13 21 18 
2 19 18 24 
6 24 25 20 25 24 11 
15 11 
10 13 0 
3 21 3 23 18 19 16 5 12 
1 
8 1 
12 5 14 7 17 23 
==============================

====== Algorithm Status ======
Valor:                3923
Time:                 512000
nIter:                165329
Best Iter:            165329
Improvement Count:    165328
==============================
Solution tour: 
0 13 22 0 
5 12 5 
10 15 11 
15 7 14 
3 21 13 
2 13 24 22 24 
13 21 13 0 23 0 6 24 25 20 25 24 14 
7 21 
14 23 14 6 0 
4 18 19 16 19 18 21 25 21 
6 21 3 14 5 
==============================

====== Algorithm Status ======
Valor:                3980
Time:                 1024002
nIter:                328544
Best Iter:            328544
Improvement Count:    328545
==============================
Solution tour: 
0 13 0 
5 12 5 
10 11 
15 11 10 7 14 
3 21 13 
2 13 24 22 24 
13 21 13 0 23 0 6 24 25 20 25 24 14 
7 21 3 
14 23 18 5 14 24 6 0 
4 18 19 16 19 18 21 25 21 
==============================

====== Algorithm Status ======
Valor:                3980
Time:                 1024002
nIter:                328544
Best Iter:            328544
Improvement Count:    328545
==============================
Solution tour: 
0 13 0 
5 12 5 
10 11 
15 11 10 7 14 
3 21 13 
2 13 24 22 24 
13 21 13 0 23 0 6 24 25 20 25 24 14 
7 21 3 
14 23 18 5 14 24 6 0 
4 18 19 16 19 18 21 25 21 
==============================

