=========== Input ===========
File name:                ./instances/created-instances/mm-15-25-1767920.cdop
Total node count:         41
Truck node count:         15
Drone node count:         25
=============================

========== Settings ==========
Settings file:        ./settings/Memetic_MMX_1287823.config
Seed:                 1287823
Reduction method:     -
Max iter:             1024000
Population size:      13
Crossover:            MA-MMX
Local Search:         LS
Warm Start:           Mario_WS
==============================

====== Algorithm Status ======
Valor:                5441
Time:                 254
nIter:                26
Best Iter:            26
Improvement Count:    25
==============================
Solution tour: 
0 20 0 31 0 40 34 40 38 34 38 22 1 20 26 20 
1 28 16 28 10 28 33 22 33 20 17 
6 17 32 16 32 17 19 33 13 40 29 4 18 36 35 
4 21 4 23 4 7 6 27 10 15 10 9 27 
9 3 17 16 17 1 17 26 13 24 7 25 7 23 7 12 8 12 37 
==============================

====== Algorithm Status ======
Valor:                5597
Time:                 510
nIter:                55
Best Iter:            55
Improvement Count:    54
==============================
Solution tour: 
0 20 0 31 0 40 34 40 38 34 38 22 33 20 1 20 26 20 
1 28 16 28 10 28 1 22 1 17 
6 17 32 16 32 17 19 33 13 14 29 4 18 36 35 
4 21 4 23 7 4 7 6 3 9 27 
9 3 17 16 17 1 13 24 13 7 25 7 11 37 
==============================

====== Algorithm Status ======
Valor:                5680
Time:                 1002
nIter:                106
Best Iter:            106
Improvement Count:    105
==============================
Solution tour: 
0 20 0 31 0 34 40 38 34 38 22 19 33 20 26 20 
1 28 16 28 10 28 1 20 33 22 1 17 
6 17 32 16 17 1 22 33 13 14 29 4 18 4 35 
4 21 4 23 7 4 7 6 3 
9 27 9 3 32 17 16 32 20 13 24 13 11 7 25 7 11 37 
==============================

====== Algorithm Status ======
Valor:                5767
Time:                 2008
nIter:                202
Best Iter:            202
Improvement Count:    201
==============================
Solution tour: 
0 20 0 31 0 38 40 34 40 38 34 38 22 19 33 20 26 20 
1 28 16 28 10 28 1 20 33 22 1 17 
6 17 16 32 16 17 1 22 33 13 14 29 4 18 4 35 
4 21 4 7 23 7 6 28 3 9 27 9 16 20 13 24 13 7 25 7 11 37 
==============================

====== Algorithm Status ======
Valor:                5803
Time:                 4007
nIter:                383
Best Iter:            383
Improvement Count:    382
==============================
Solution tour: 
0 20 0 31 0 38 40 34 40 38 34 38 22 19 33 20 26 20 
1 28 9 3 16 28 27 9 27 28 10 15 10 28 1 20 33 22 33 22 1 17 16 32 16 17 1 22 38 14 29 4 18 4 35 
4 21 4 7 23 7 6 28 16 20 13 24 13 7 25 7 11 37 
==============================

====== Algorithm Status ======
Valor:                5821
Time:                 8000
nIter:                727
Best Iter:            727
Improvement Count:    726
==============================
Solution tour: 
0 20 0 31 0 38 40 34 40 38 34 38 22 19 33 20 26 20 
1 28 9 3 9 16 28 27 9 27 28 10 15 10 28 1 20 33 22 1 17 16 32 16 17 1 22 38 14 29 4 18 4 35 
4 21 4 7 23 7 6 28 16 20 13 24 13 7 25 7 11 37 
==============================

====== Algorithm Status ======
Valor:                5845
Time:                 16007
nIter:                1438
Best Iter:            1438
Improvement Count:    1437
==============================
Solution tour: 
0 20 0 31 0 38 40 34 40 38 34 38 22 19 22 33 20 26 20 
1 28 9 3 9 16 28 27 9 27 28 10 15 10 28 1 20 33 22 1 17 16 32 16 17 1 22 38 14 29 4 18 21 36 35 
4 21 4 7 23 7 6 28 16 20 13 24 13 7 25 7 11 37 
==============================

====== Algorithm Status ======
Valor:                5891
Time:                 32012
nIter:                2787
Best Iter:            2787
Improvement Count:    2786
==============================
Solution tour: 
0 20 0 31 0 38 40 34 40 38 34 38 22 19 22 33 20 26 20 
1 28 10 15 27 9 3 9 16 28 27 9 27 15 10 28 1 20 33 22 1 17 16 32 16 17 1 22 38 14 29 4 18 36 35 36 35 
4 21 4 7 23 7 6 28 16 20 13 24 13 7 25 7 11 37 
==============================

====== Algorithm Status ======
Valor:                5891
Time:                 64000
nIter:                5452
Best Iter:            5452
Improvement Count:    5451
==============================
Solution tour: 
0 20 0 31 0 38 40 34 40 38 34 38 22 19 22 33 20 26 20 
1 28 10 15 27 9 3 9 16 28 27 9 27 15 10 28 1 20 33 22 1 17 16 32 16 17 1 22 38 14 29 4 18 36 35 36 35 
4 21 4 7 23 7 6 28 16 20 13 24 13 7 25 7 11 37 
==============================

====== Algorithm Status ======
Valor:                5891
Time:                 128007
nIter:                10773
Best Iter:            10773
Improvement Count:    10772
==============================
Solution tour: 
0 20 0 31 0 38 40 34 40 38 34 38 22 19 22 33 20 26 20 
1 28 10 15 27 9 3 9 16 28 27 9 27 15 10 28 1 20 33 22 1 17 16 32 16 17 1 22 38 14 29 4 18 36 35 36 35 
4 21 4 7 23 7 6 28 16 20 13 24 13 7 25 7 11 37 
==============================

====== Algorithm Status ======
Valor:                5939
Time:                 256002
nIter:                21717
Best Iter:            21717
Improvement Count:    21716
==============================
Solution tour: 
0 38 40 34 40 38 34 38 22 19 22 33 20 26 20 
1 28 27 10 15 27 9 3 9 16 9 27 15 10 20 16 28 10 28 1 20 33 22 1 17 16 32 16 17 1 22 38 14 29 4 18 21 4 21 36 35 
4 7 25 7 23 7 6 28 16 20 13 24 13 20 0 31 0 37 
==============================

====== Algorithm Status ======
Valor:                6016
Time:                 512007
nIter:                45379
Best Iter:            45379
Improvement Count:    45378
==============================
Solution tour: 
0 34 38 40 34 40 38 22 19 22 33 20 26 20 
1 28 27 10 15 27 9 27 15 10 20 16 28 10 28 1 20 33 22 1 17 16 32 16 17 1 22 38 34 13 14 29 4 18 4 21 4 35 36 35 
4 7 25 7 23 7 6 28 16 20 13 24 13 20 0 31 0 37 
==============================

====== Algorithm Status ======
Valor:                6036
Time:                 1024007
nIter:                92059
Best Iter:            92059
Improvement Count:    92060
==============================
Solution tour: 
0 34 38 40 34 40 38 22 19 22 33 20 26 17 26 20 
1 28 27 15 10 15 27 28 9 27 9 16 28 10 28 1 20 33 22 1 17 16 32 16 17 1 22 38 34 13 14 29 4 18 4 21 4 35 36 35 
4 7 25 7 23 7 6 28 16 20 13 24 13 20 0 31 0 37 
==============================

====== Algorithm Status ======
Valor:                6036
Time:                 1024007
nIter:                92059
Best Iter:            92059
Improvement Count:    92060
==============================
Solution tour: 
0 34 38 40 34 40 38 22 19 22 33 20 26 17 26 20 
1 28 27 15 10 15 27 28 9 27 9 16 28 10 28 1 20 33 22 1 17 16 32 16 17 1 22 38 34 13 14 29 4 18 4 21 4 35 36 35 
4 7 25 7 23 7 6 28 16 20 13 24 13 20 0 31 0 37 
==============================

