=========== Input ===========
File name:                ./instances/created-instances/mm-10-40-1767920.cdop
Total node count:         51
Truck node count:         10
Drone node count:         40
=============================

========== Settings ==========
Settings file:        ./settings/Memetic-LS_MPX_1881515.config
Seed:                 1881515
Reduction method:     -
Max iter:             1024000
Population size:      13
Crossover:            MA-MPX
Local Search:         -
Warm Start:           Mario_WS
==============================

====== Algorithm Status ======
Valor:                5196
Time:                 250
nIter:                164
Best Iter:            164
Improvement Count:    163
==============================
Solution tour: 
0 39 42 36 12 28 15 45 
8 30 21 32 9 26 23 11 23 13 18 20 7 47 
7 29 16 17 25 41 7 
4 
5 4 20 24 46 
2 34 35 43 35 19 41 
6 3 27 14 
9 14 31 
3 33 39 33 13 25 48 
1 49 0 37 
==============================

====== Algorithm Status ======
Valor:                5196
Time:                 500
nIter:                332
Best Iter:            332
Improvement Count:    331
==============================
Solution tour: 
0 39 42 36 12 28 15 45 
8 30 21 32 9 26 23 11 23 13 18 20 7 47 
7 29 16 17 25 41 7 
4 
5 4 20 24 46 
2 34 35 43 35 19 41 
6 3 27 14 
9 14 31 
3 33 39 33 13 25 48 
1 49 0 37 
==============================

====== Algorithm Status ======
Valor:                5196
Time:                 1000
nIter:                639
Best Iter:            639
Improvement Count:    638
==============================
Solution tour: 
0 39 42 36 12 28 15 45 
8 30 21 32 9 26 23 11 23 13 18 20 7 47 
7 29 16 17 25 41 7 
4 
5 4 20 24 46 
2 34 35 43 35 19 41 
6 3 27 14 
9 14 31 
3 33 39 33 13 25 48 
1 49 0 37 
==============================

====== Algorithm Status ======
Valor:                5196
Time:                 2001
nIter:                1271
Best Iter:            1271
Improvement Count:    1270
==============================
Solution tour: 
0 39 42 36 12 28 15 45 
8 30 21 32 9 26 23 11 23 13 18 20 7 47 
7 29 16 17 25 41 7 
4 
5 4 20 24 46 
2 34 35 43 35 19 41 
6 3 27 14 
9 14 31 
3 33 39 33 13 25 48 
1 49 0 37 
==============================

====== Algorithm Status ======
Valor:                5196
Time:                 4000
nIter:                2567
Best Iter:            2567
Improvement Count:    2566
==============================
Solution tour: 
0 39 42 36 12 28 15 45 
8 30 21 32 9 26 23 11 23 13 18 20 7 47 
7 29 16 17 25 41 7 
4 
5 4 20 24 46 
2 34 35 43 35 19 41 
6 3 27 14 
9 14 31 
3 33 39 33 13 25 48 
1 49 0 37 
==============================

====== Algorithm Status ======
Valor:                5196
Time:                 8002
nIter:                5085
Best Iter:            5085
Improvement Count:    5084
==============================
Solution tour: 
0 39 42 36 12 28 15 45 
8 30 21 32 9 26 23 11 23 13 18 20 7 47 
7 29 16 17 25 41 7 
4 
5 4 20 24 46 
2 34 35 43 35 19 41 
6 3 27 14 
9 14 31 
3 33 39 33 13 25 48 
1 49 0 37 
==============================

====== Algorithm Status ======
Valor:                5330
Time:                 16000
nIter:                10171
Best Iter:            10171
Improvement Count:    10170
==============================
Solution tour: 
0 39 42 36 12 28 15 45 
8 30 21 32 9 26 23 11 23 13 18 20 7 47 
7 29 16 17 25 41 7 20 
5 4 24 46 
2 34 35 43 35 19 41 
6 3 27 14 
10 
9 14 31 
3 33 39 33 13 25 48 
1 0 37 
==============================

====== Algorithm Status ======
Valor:                5330
Time:                 32007
nIter:                20114
Best Iter:            20114
Improvement Count:    20113
==============================
Solution tour: 
0 39 42 36 12 28 15 45 
8 30 21 32 9 26 23 11 23 13 18 20 7 47 
7 29 16 17 25 41 7 20 
5 4 24 46 
2 34 35 43 35 19 41 
6 3 27 14 
10 
9 14 31 
3 33 39 33 13 25 48 
1 0 37 
==============================

====== Algorithm Status ======
Valor:                5330
Time:                 64000
nIter:                40356
Best Iter:            40356
Improvement Count:    40355
==============================
Solution tour: 
0 39 42 36 12 28 15 45 
8 30 21 32 9 26 23 11 23 13 18 20 7 47 
7 29 16 17 25 41 7 20 
5 4 24 46 
2 34 35 43 35 19 41 
6 3 27 14 
10 
9 14 31 
3 33 39 33 13 25 48 
1 0 37 
==============================

====== Algorithm Status ======
Valor:                5335
Time:                 128001
nIter:                80827
Best Iter:            80827
Improvement Count:    80826
==============================
Solution tour: 
0 39 42 36 12 28 15 45 
8 30 21 32 9 26 23 11 23 13 18 20 7 47 
7 29 16 17 25 41 7 20 
4 5 4 24 46 
2 34 35 43 35 19 41 
6 3 27 14 
10 
9 14 31 
3 33 39 33 13 25 48 
1 0 37 
==============================

====== Algorithm Status ======
Valor:                5335
Time:                 256001
nIter:                160721
Best Iter:            160721
Improvement Count:    160720
==============================
Solution tour: 
0 39 42 36 12 28 15 45 
8 30 21 32 9 26 23 11 23 13 18 20 7 47 
7 29 16 17 25 41 7 20 
4 5 4 24 46 
2 34 35 43 35 19 41 
6 3 27 14 
10 
9 14 31 
3 33 39 33 13 25 48 
1 0 37 
==============================

====== Algorithm Status ======
Valor:                5336
Time:                 512000
nIter:                317606
Best Iter:            317606
Improvement Count:    317605
==============================
Solution tour: 
0 39 42 36 12 15 28 45 
8 30 21 32 9 26 23 11 23 13 18 20 7 47 
7 29 16 17 25 41 7 20 
4 5 4 24 46 
2 43 34 35 43 35 19 41 
6 3 27 14 
10 
9 14 31 
3 33 39 33 13 25 48 
1 0 37 
==============================

====== Algorithm Status ======
Valor:                5336
Time:                 1024001
nIter:                628684
Best Iter:            628684
Improvement Count:    628685
==============================
Solution tour: 
0 39 42 36 12 15 28 45 
8 30 21 32 9 26 23 11 23 13 18 20 7 47 
7 29 16 17 25 41 7 20 
4 5 4 24 46 
2 43 34 35 43 35 19 41 
6 3 27 14 
10 
9 14 31 
3 33 39 33 13 25 48 
1 0 37 
==============================

====== Algorithm Status ======
Valor:                5336
Time:                 1024001
nIter:                628684
Best Iter:            628684
Improvement Count:    628685
==============================
Solution tour: 
0 39 42 36 12 15 28 45 
8 30 21 32 9 26 23 11 23 13 18 20 7 47 
7 29 16 17 25 41 7 20 
4 5 4 24 46 
2 43 34 35 43 35 19 41 
6 3 27 14 
10 
9 14 31 
3 33 39 33 13 25 48 
1 0 37 
==============================

