=========== Input ===========
File name:                ./instances/created-instances/mm-15-10-1110588.cdop
Total node count:         26
Truck node count:         15
Drone node count:         10
=============================

========== Settings ==========
Settings file:        ./settings/Memetic_MMX_1099666.config
Seed:                 1099666
Reduction method:     -
Max iter:             1024000
Population size:      13
Crossover:            MA-MMX
Local Search:         LS
Warm Start:           Mario_WS
==============================

====== Algorithm Status ======
Valor:                3960
Time:                 251
nIter:                66
Best Iter:            66
Improvement Count:    65
==============================
Solution tour: 
0 5 16 19 18 19 16 5 14 7 17 
7 21 3 21 25 6 21 13 0 6 14 5 12 1 12 5 14 23 14 24 13 20 15 11 15 
2 13 24 22 24 21 6 24 25 20 25 24 6 0 23 
==============================

====== Algorithm Status ======
Valor:                4064
Time:                 502
nIter:                125
Best Iter:            125
Improvement Count:    124
==============================
Solution tour: 
0 5 16 19 18 19 16 5 14 7 17 
7 21 3 21 25 20 25 24 25 21 6 21 0 13 2 22 0 6 14 5 12 1 12 5 0 15 11 15 
2 13 24 22 24 14 24 6 24 13 0 23 
==============================

====== Algorithm Status ======
Valor:                4120
Time:                 1004
nIter:                266
Best Iter:            266
Improvement Count:    265
==============================
Solution tour: 
0 5 16 19 18 19 16 5 14 7 17 
7 21 25 20 25 24 25 6 21 3 21 6 0 13 21 0 6 14 3 14 5 12 1 12 5 15 11 15 
2 13 24 22 24 14 24 6 24 13 0 23 
==============================

====== Algorithm Status ======
Valor:                4144
Time:                 2002
nIter:                507
Best Iter:            507
Improvement Count:    506
==============================
Solution tour: 
0 5 16 19 18 19 16 5 14 7 17 
7 14 3 0 13 2 24 25 20 25 21 3 21 6 0 6 21 25 24 3 14 5 12 1 12 5 7 15 11 15 
2 13 24 22 24 14 24 6 24 13 0 23 
==============================

====== Algorithm Status ======
Valor:                4193
Time:                 4000
nIter:                963
Best Iter:            963
Improvement Count:    962
==============================
Solution tour: 
0 5 16 19 18 19 16 5 14 7 17 
7 14 3 0 13 21 13 24 25 20 25 21 3 21 6 0 6 21 25 24 22 24 14 5 12 1 12 5 15 11 15 
2 13 2 3 14 24 6 24 13 0 23 
==============================

====== Algorithm Status ======
Valor:                4193
Time:                 8003
nIter:                1903
Best Iter:            1903
Improvement Count:    1902
==============================
Solution tour: 
0 5 16 19 18 19 16 5 14 7 17 
7 14 3 0 13 21 13 24 25 20 25 21 3 21 6 0 6 21 25 24 22 24 14 5 12 1 12 5 15 11 15 
2 13 2 3 14 24 6 24 13 0 23 
==============================

====== Algorithm Status ======
Valor:                4193
Time:                 16001
nIter:                3769
Best Iter:            3769
Improvement Count:    3768
==============================
Solution tour: 
0 5 16 19 18 19 16 5 14 7 17 
7 14 3 0 13 21 13 24 25 20 25 21 3 21 6 0 6 21 25 24 22 24 14 5 12 1 12 5 15 11 15 
2 13 2 3 14 24 6 24 13 0 23 
==============================

====== Algorithm Status ======
Valor:                4193
Time:                 32001
nIter:                7537
Best Iter:            7537
Improvement Count:    7536
==============================
Solution tour: 
0 5 16 19 18 19 16 5 14 7 17 
7 14 3 0 13 21 13 24 25 20 25 21 3 21 6 0 6 21 25 24 22 24 14 5 12 1 12 5 15 11 15 
2 13 2 3 14 24 6 24 13 0 23 
==============================

====== Algorithm Status ======
Valor:                4193
Time:                 64002
nIter:                15274
Best Iter:            15274
Improvement Count:    15273
==============================
Solution tour: 
0 5 16 19 18 19 16 5 14 7 17 
7 14 3 0 13 21 13 24 25 20 25 21 3 21 6 0 6 21 25 24 22 24 14 5 12 1 12 5 15 11 15 
2 13 2 3 14 24 6 24 13 0 23 
==============================

====== Algorithm Status ======
Valor:                4258
Time:                 128000
nIter:                30283
Best Iter:            30283
Improvement Count:    30282
==============================
Solution tour: 
0 4 18 19 16 19 18 23 14 7 17 
7 14 3 21 13 24 25 20 25 21 6 0 6 21 25 24 22 24 14 5 12 1 12 5 14 15 11 15 
2 13 22 0 13 21 3 14 24 6 24 13 0 23 
==============================

====== Algorithm Status ======
Valor:                4258
Time:                 256002
nIter:                59437
Best Iter:            59437
Improvement Count:    59436
==============================
Solution tour: 
0 4 18 19 16 19 18 23 14 7 17 
7 14 3 21 13 24 25 20 25 21 6 0 6 21 25 24 22 24 14 5 12 1 12 5 14 15 11 15 
2 13 22 0 13 21 3 14 24 6 24 13 0 23 
==============================

====== Algorithm Status ======
Valor:                4305
Time:                 512001
nIter:                117677
Best Iter:            117677
Improvement Count:    117676
==============================
Solution tour: 
0 4 18 19 16 19 18 23 14 7 17 
7 14 3 21 0 13 24 25 20 25 21 6 21 25 24 22 24 14 5 12 1 12 5 14 15 11 15 11 10 13 
2 13 21 
3 14 24 6 0 6 24 13 0 23 
==============================

====== Algorithm Status ======
Valor:                4305
Time:                 1024002
nIter:                233815
Best Iter:            233815
Improvement Count:    233816
==============================
Solution tour: 
0 4 18 19 16 19 18 23 14 7 17 
7 14 3 21 0 13 24 25 20 25 21 6 21 25 24 22 24 14 5 12 1 12 5 14 15 11 15 11 10 13 
2 13 21 
3 14 24 6 0 6 24 13 0 23 
==============================

====== Algorithm Status ======
Valor:                4305
Time:                 1024002
nIter:                233815
Best Iter:            233815
Improvement Count:    233816
==============================
Solution tour: 
0 4 18 19 16 19 18 23 14 7 17 
7 14 3 21 0 13 24 25 20 25 21 6 21 25 24 22 24 14 5 12 1 12 5 14 15 11 15 11 10 13 
2 13 21 
3 14 24 6 0 6 24 13 0 23 
==============================

