=========== Input ===========
File name:                ./instances/created-instances/mm-15-40-1917698.cdop
Total node count:         56
Truck node count:         15
Drone node count:         40
=============================

========== Settings ==========
Settings file:        ./settings/Memetic-LS_MPX_1099666.config
Seed:                 1099666
Reduction method:     -
Max iter:             1024000
Population size:      13
Crossover:            MA-MPX
Local Search:         -
Warm Start:           Mario_WS
==============================

====== Algorithm Status ======
Valor:                5389
Time:                 253
nIter:                135
Best Iter:            135
Improvement Count:    134
==============================
Solution tour: 
0 17 
4 28 55 42 52 
10 52 53 19 
13 
1 33 54 33 
14 41 49 12 46 30 29 43 12 49 45 
3 55 37 38 37 20 6 42 55 50 31 48 50 55 
6 51 45 51 32 
9 40 41 26 34 39 49 
12 35 
5 24 
8 44 53 18 53 
11 
7 
2 23 
==============================

====== Algorithm Status ======
Valor:                5389
Time:                 502
nIter:                270
Best Iter:            270
Improvement Count:    269
==============================
Solution tour: 
0 17 
4 28 55 42 52 
10 52 53 19 
13 
1 33 54 33 
14 41 49 12 46 30 29 43 12 49 45 
3 55 37 38 37 20 6 42 55 50 31 48 50 55 
6 51 45 51 32 
9 40 41 26 34 39 49 
12 35 
5 24 
8 44 53 18 53 
11 
7 
2 23 
==============================

====== Algorithm Status ======
Valor:                5389
Time:                 1000
nIter:                542
Best Iter:            542
Improvement Count:    541
==============================
Solution tour: 
0 17 
4 28 55 42 52 
10 52 53 19 
13 
1 33 54 33 
14 41 49 12 46 30 29 43 12 49 45 
3 55 37 38 37 20 6 42 55 50 31 48 50 55 
6 51 45 51 32 
9 40 41 26 34 39 49 
12 35 
5 24 
8 44 53 18 53 
11 
7 
2 23 
==============================

====== Algorithm Status ======
Valor:                5390
Time:                 2000
nIter:                1089
Best Iter:            1089
Improvement Count:    1088
==============================
Solution tour: 
0 17 
2 
4 28 55 42 52 
10 52 53 19 
13 
1 33 54 33 
14 41 49 12 46 30 29 43 12 49 45 
3 55 37 38 37 20 6 42 55 50 31 48 50 55 
6 51 45 51 32 
9 40 41 26 34 39 49 
15 
12 35 
5 24 
8 44 53 18 53 
==============================

====== Algorithm Status ======
Valor:                5390
Time:                 4002
nIter:                2194
Best Iter:            2194
Improvement Count:    2193
==============================
Solution tour: 
0 17 
2 
4 28 55 42 52 
10 52 53 19 
13 
1 33 54 33 
14 41 49 12 46 30 29 43 12 49 45 
3 55 37 38 37 20 6 42 55 50 31 48 50 55 
6 51 45 51 32 
9 40 41 26 34 39 49 
15 
12 35 
5 24 
8 44 53 18 53 
==============================

====== Algorithm Status ======
Valor:                5390
Time:                 8004
nIter:                4429
Best Iter:            4429
Improvement Count:    4428
==============================
Solution tour: 
0 17 
2 
4 28 55 42 52 
10 52 53 19 
13 
1 33 54 33 
14 41 49 12 46 30 29 43 12 49 45 
3 55 37 38 37 20 6 42 55 50 31 48 50 55 
6 51 45 51 32 
9 40 41 26 34 39 49 
15 
12 35 
5 24 
8 44 53 18 53 
==============================

====== Algorithm Status ======
Valor:                5390
Time:                 16000
nIter:                8880
Best Iter:            8880
Improvement Count:    8879
==============================
Solution tour: 
0 17 
2 
4 28 55 42 52 
10 52 53 19 
13 
1 33 54 33 
14 41 49 12 46 30 29 43 12 49 45 
3 55 37 38 37 20 6 42 55 50 31 48 50 55 
6 51 45 51 32 
9 40 41 26 34 39 49 
15 
12 35 
5 24 
8 44 53 18 53 
==============================

====== Algorithm Status ======
Valor:                5420
Time:                 32004
nIter:                17731
Best Iter:            17731
Improvement Count:    17730
==============================
Solution tour: 
0 17 
2 
4 28 55 42 52 
10 52 53 19 
13 
1 33 54 33 
14 41 49 12 46 30 29 43 12 49 45 
3 55 37 38 37 20 6 42 55 50 31 48 50 55 
6 51 45 51 32 
15 
9 40 41 26 34 39 49 
12 35 
5 24 
8 44 53 18 53 
==============================

====== Algorithm Status ======
Valor:                5420
Time:                 64000
nIter:                35335
Best Iter:            35335
Improvement Count:    35334
==============================
Solution tour: 
0 17 
2 
4 28 55 42 52 
10 52 53 19 
13 
1 33 54 33 
14 41 49 12 46 30 29 43 12 49 45 
3 55 37 38 37 20 6 42 55 50 31 48 50 55 
6 51 45 51 32 
15 
9 40 41 26 34 39 49 
12 35 
5 24 
8 44 53 18 53 
==============================

====== Algorithm Status ======
Valor:                5420
Time:                 128001
nIter:                70616
Best Iter:            70616
Improvement Count:    70615
==============================
Solution tour: 
0 17 
2 
4 28 55 42 52 
10 52 53 19 
13 
1 33 54 33 
14 41 49 12 46 30 29 43 12 49 45 
3 55 37 38 37 20 6 42 55 50 31 48 50 55 
6 51 45 51 32 
15 
9 40 41 26 34 39 49 
12 35 
5 24 
8 44 53 18 53 
==============================

====== Algorithm Status ======
Valor:                5432
Time:                 256000
nIter:                140815
Best Iter:            140815
Improvement Count:    140814
==============================
Solution tour: 
0 17 
2 
4 28 55 42 52 
10 52 53 19 
13 
1 33 54 33 
14 41 49 12 46 30 29 43 12 49 45 
3 55 37 38 37 20 6 42 55 50 31 48 50 55 
6 51 45 51 32 
15 
9 40 41 26 34 39 49 
12 35 
5 24 
8 44 3 18 53 
==============================

====== Algorithm Status ======
Valor:                5454
Time:                 512000
nIter:                280119
Best Iter:            280119
Improvement Count:    280118
==============================
Solution tour: 
0 17 
2 
4 28 55 42 52 
10 52 53 19 
13 
1 33 54 33 
14 41 49 12 46 30 29 43 12 49 18 45 
3 55 37 38 37 20 6 42 55 50 31 48 50 55 
6 51 45 51 32 
15 
9 40 41 26 34 39 49 
12 35 
5 24 
8 44 3 18 53 
==============================

====== Algorithm Status ======
Valor:                5454
Time:                 1024007
nIter:                555807
Best Iter:            555807
Improvement Count:    555808
==============================
Solution tour: 
0 17 
2 
4 28 55 42 52 
10 52 53 19 
13 
1 33 54 33 
14 41 49 12 46 30 29 43 12 49 18 45 
3 55 37 38 37 20 6 42 55 50 31 48 50 55 
6 51 45 51 32 
15 
9 40 41 26 34 39 49 
12 35 
5 24 
8 44 3 18 53 
==============================

====== Algorithm Status ======
Valor:                5454
Time:                 1024007
nIter:                555807
Best Iter:            555807
Improvement Count:    555808
==============================
Solution tour: 
0 17 
2 
4 28 55 42 52 
10 52 53 19 
13 
1 33 54 33 
14 41 49 12 46 30 29 43 12 49 18 45 
3 55 37 38 37 20 6 42 55 50 31 48 50 55 
6 51 45 51 32 
15 
9 40 41 26 34 39 49 
12 35 
5 24 
8 44 3 18 53 
==============================

