=========== Input ===========
File name:                ./instances/created-instances/mm-20-10-1767920.cdop
Total node count:         31
Truck node count:         20
Drone node count:         10
=============================

========== Settings ==========
Settings file:        ./settings/Memetic_MMX_1099666.config
Seed:                 1099666
Reduction method:     -
Max iter:             1024000
Population size:      13
Crossover:            MA-MMX
Local Search:         LS
Warm Start:           Mario_WS
==============================

====== Algorithm Status ======
Valor:                3920
Time:                 251
nIter:                38
Best Iter:            38
Improvement Count:    37
==============================
Solution tour: 
0 24 21 10 1 
10 30 10 15 29 27 1 13 
1 27 25 7 26 8 26 7 27 7 22 11 28 11 22 11 20 12 20 11 19 18 7 8 7 25 27 
5 2 18 23 26 23 18 2 22 23 22 28 
==============================

====== Algorithm Status ======
Valor:                4376
Time:                 502
nIter:                86
Best Iter:            86
Improvement Count:    85
==============================
Solution tour: 
0 24 21 10 1 
10 30 10 15 30 29 10 15 29 15 1 21 13 
1 13 6 13 26 11 8 26 8 26 7 26 27 25 7 22 28 22 11 20 12 20 11 22 7 8 7 25 27 
5 2 18 4 18 2 26 23 22 2 22 23 26 17 
==============================

====== Algorithm Status ======
Valor:                4380
Time:                 1003
nIter:                165
Best Iter:            165
Improvement Count:    164
==============================
Solution tour: 
0 24 21 10 1 
10 30 15 30 10 15 29 15 1 21 13 
1 13 6 13 26 8 11 8 26 8 26 7 26 27 25 7 22 28 22 11 20 12 20 11 22 7 8 7 25 27 
5 2 18 4 18 2 26 23 22 2 22 23 26 17 
==============================

====== Algorithm Status ======
Valor:                4380
Time:                 2005
nIter:                325
Best Iter:            325
Improvement Count:    324
==============================
Solution tour: 
0 24 21 10 1 
10 30 15 30 10 15 29 15 1 21 13 
1 13 6 13 26 8 11 8 26 8 26 7 26 27 25 7 22 28 22 11 20 12 20 11 22 7 8 7 25 27 
5 2 18 4 18 2 26 23 22 2 22 23 26 17 
==============================

====== Algorithm Status ======
Valor:                4435
Time:                 4005
nIter:                634
Best Iter:            634
Improvement Count:    633
==============================
Solution tour: 
0 21 24 21 10 30 15 30 10 1 10 15 29 15 1 21 13 
1 13 6 13 8 11 8 26 8 26 7 26 27 25 7 22 28 22 11 20 12 20 11 22 7 8 7 25 27 
5 18 4 18 2 22 23 22 2 18 26 23 26 17 
==============================

====== Algorithm Status ======
Valor:                4504
Time:                 8000
nIter:                1263
Best Iter:            1263
Improvement Count:    1262
==============================
Solution tour: 
0 21 24 21 10 30 29 15 29 30 10 1 10 21 13 
1 13 6 13 8 12 8 14 8 11 8 7 26 8 26 7 22 28 22 11 20 12 20 11 22 7 8 7 25 27 25 
5 18 4 18 26 23 22 23 18 2 18 23 26 17 
==============================

====== Algorithm Status ======
Valor:                4567
Time:                 16001
nIter:                2541
Best Iter:            2541
Improvement Count:    2540
==============================
Solution tour: 
0 21 24 30 29 15 29 10 30 10 1 10 21 13 
1 13 6 13 28 11 8 14 8 12 8 26 7 8 11 7 22 28 22 11 20 12 20 11 22 7 26 8 7 25 27 25 
5 2 18 19 18 4 18 2 22 26 23 22 23 26 17 
==============================

====== Algorithm Status ======
Valor:                4582
Time:                 32001
nIter:                5032
Best Iter:            5032
Improvement Count:    5031
==============================
Solution tour: 
0 21 24 30 29 15 29 30 15 10 30 10 1 10 21 13 
1 13 6 13 28 11 8 14 8 26 7 8 11 7 22 28 22 11 20 12 20 11 22 7 26 8 7 25 27 25 27 
5 2 18 19 18 4 18 2 22 26 23 22 23 26 17 
==============================

====== Algorithm Status ======
Valor:                4591
Time:                 64004
nIter:                9945
Best Iter:            9945
Improvement Count:    9944
==============================
Solution tour: 
0 21 24 30 29 15 29 30 15 10 30 10 1 10 21 13 
1 13 6 13 28 11 8 12 8 14 8 26 7 8 11 7 22 11 20 12 20 11 22 7 26 8 7 25 7 27 25 27 
5 2 18 19 18 4 18 2 22 26 23 22 23 26 17 
==============================

====== Algorithm Status ======
Valor:                4614
Time:                 128000
nIter:                20278
Best Iter:            20278
Improvement Count:    20277
==============================
Solution tour: 
0 21 24 30 29 15 29 30 15 10 30 10 1 10 21 13 
1 13 6 13 28 11 8 26 8 11 28 22 11 20 12 20 11 22 7 
8 7 25 27 25 7 18 19 18 4 18 2 22 2 18 7 26 7 22 26 23 22 23 26 17 
==============================

====== Algorithm Status ======
Valor:                4627
Time:                 256004
nIter:                41169
Best Iter:            41169
Improvement Count:    41168
==============================
Solution tour: 
0 21 13 1 10 30 29 30 15 29 15 1 21 24 30 10 
1 13 6 13 17 26 8 11 28 22 28 11 20 12 20 11 22 7 
8 7 25 27 25 7 18 19 18 4 18 2 18 7 26 7 22 11 8 26 23 22 23 26 17 
==============================

====== Algorithm Status ======
Valor:                4660
Time:                 512001
nIter:                82888
Best Iter:            82888
Improvement Count:    82887
==============================
Solution tour: 
0 1 21 13 1 10 30 29 30 15 29 15 30 10 
1 13 6 13 21 24 17 26 8 14 8 11 28 11 20 12 20 11 22 7 
8 7 25 27 25 7 18 19 18 4 18 2 18 7 26 7 22 11 8 26 23 22 23 26 17 
==============================

====== Algorithm Status ======
Valor:                4692
Time:                 1024004
nIter:                162597
Best Iter:            162597
Improvement Count:    162598
==============================
Solution tour: 
0 21 13 1 10 30 29 9 16 9 10 29 15 30 15 29 30 10 
1 13 6 13 21 24 17 26 8 12 8 14 8 11 28 11 20 12 20 11 22 7 
8 7 25 27 25 7 18 19 18 4 18 2 18 7 26 7 22 11 8 26 23 22 23 26 17 
==============================

====== Algorithm Status ======
Valor:                4692
Time:                 1024004
nIter:                162597
Best Iter:            162597
Improvement Count:    162598
==============================
Solution tour: 
0 21 13 1 10 30 29 9 16 9 10 29 15 30 15 29 30 10 
1 13 6 13 21 24 17 26 8 12 8 14 8 11 28 11 20 12 20 11 22 7 
8 7 25 27 25 7 18 19 18 4 18 2 18 7 26 7 22 11 8 26 23 22 23 26 17 
==============================

