=========== Input ===========
File name:                ./instances/created-instances/mm-20-10-1762875.cdop
Total node count:         31
Truck node count:         20
Drone node count:         10
=============================

========== Settings ==========
Settings file:        ./settings/Memetic-LS_MMX_1287823.config
Seed:                 1287823
Reduction method:     -
Max iter:             1024000
Population size:      13
Crossover:            MA-MMX
Local Search:         -
Warm Start:           Mario_WS
==============================

====== Algorithm Status ======
Valor:                2221
Time:                 250
nIter:                725
Best Iter:            725
Improvement Count:    724
==============================
Solution tour: 
0 
14 25 
17 25 
10 
12 21 
8 29 
3 22 12 22 12 
11 30 
18 8 
15 
13 
9 8 9 
6 
==============================

====== Algorithm Status ======
Valor:                2243
Time:                 500
nIter:                1453
Best Iter:            1453
Improvement Count:    1452
==============================
Solution tour: 
0 
14 25 
17 25 
10 
12 21 12 
8 29 
3 22 12 22 12 
11 30 
18 8 
15 
13 
9 8 9 
6 
==============================

====== Algorithm Status ======
Valor:                2267
Time:                 1000
nIter:                2958
Best Iter:            2958
Improvement Count:    2957
==============================
Solution tour: 
0 
14 25 
17 25 
10 
12 21 12 
8 29 
3 22 30 22 12 
11 30 
18 8 
15 
13 
9 8 9 
6 
==============================

====== Algorithm Status ======
Valor:                2367
Time:                 2000
nIter:                5966
Best Iter:            5966
Improvement Count:    5965
==============================
Solution tour: 
0 
14 25 
17 25 
10 
12 21 12 
8 29 
3 22 30 22 12 
11 30 
18 8 
4 8 21 
9 8 9 
6 
==============================

====== Algorithm Status ======
Valor:                2521
Time:                 4000
nIter:                12025
Best Iter:            12025
Improvement Count:    12024
==============================
Solution tour: 
0 
14 25 
17 25 
10 
12 21 
13 21 
8 29 
3 22 12 
11 30 
18 8 
4 8 18 8 21 24 
9 8 9 
6 
==============================

====== Algorithm Status ======
Valor:                2889
Time:                 8000
nIter:                23072
Best Iter:            23072
Improvement Count:    23071
==============================
Solution tour: 
0 
14 25 
7 25 
10 
12 21 8 
13 21 12 28 29 
3 22 30 
11 12 3 
18 3 8 
4 8 18 8 
9 13 9 26 9 
6 
==============================

====== Algorithm Status ======
Valor:                3366
Time:                 16000
nIter:                45499
Best Iter:            45499
Improvement Count:    45498
==============================
Solution tour: 
0 
14 25 
7 25 
10 26 27 22 27 26 21 
13 21 12 28 29 
3 22 30 
11 12 3 
18 3 8 
4 8 18 8 
9 13 9 19 9 26 9 
6 
==============================

====== Algorithm Status ======
Valor:                3366
Time:                 32000
nIter:                88186
Best Iter:            88186
Improvement Count:    88185
==============================
Solution tour: 
0 
14 25 
7 25 
10 26 27 22 27 26 21 
13 21 12 28 29 
3 22 30 
11 12 3 
18 3 8 
4 8 18 8 
9 13 9 19 9 26 9 
6 
==============================

====== Algorithm Status ======
Valor:                3592
Time:                 64000
nIter:                173368
Best Iter:            173368
Improvement Count:    173367
==============================
Solution tour: 
0 6 
14 25 
7 25 
10 25 27 22 27 26 21 
13 21 12 28 
12 11 30 
11 12 3 
18 3 25 8 
4 8 18 8 
9 13 9 19 9 26 
20 26 9 
6 
==============================

====== Algorithm Status ======
Valor:                3818
Time:                 128000
nIter:                338062
Best Iter:            338062
Improvement Count:    338061
==============================
Solution tour: 
0 6 9 
7 25 
10 25 27 22 27 26 21 
19 21 
13 21 12 28 
12 11 30 
11 12 25 3 
18 3 25 12 21 8 
4 8 18 8 
9 13 9 19 9 26 
20 26 9 
6 
==============================

====== Algorithm Status ======
Valor:                3818
Time:                 256000
nIter:                656449
Best Iter:            656449
Improvement Count:    656448
==============================
Solution tour: 
0 6 9 
7 25 
10 25 27 22 27 26 21 
19 21 
13 21 12 28 
12 11 30 
11 12 25 3 
18 3 25 12 21 8 
4 8 18 8 
9 13 9 19 9 26 
20 26 9 
6 
==============================

====== Algorithm Status ======
Valor:                3818
Time:                 512000
nIter:                1293882
Best Iter:            1293882
Improvement Count:    1293881
==============================
Solution tour: 
0 6 9 
7 25 
10 25 27 22 27 26 21 
19 21 
13 21 12 28 
12 11 30 
11 12 25 3 
18 3 25 12 21 8 
4 8 18 8 
9 13 9 19 9 26 
20 26 9 
6 
==============================

====== Algorithm Status ======
Valor:                3823
Time:                 1024001
nIter:                2588503
Best Iter:            2588503
Improvement Count:    2588504
==============================
Solution tour: 
0 6 9 24 
7 25 
10 25 27 22 27 26 21 
13 21 12 28 
12 11 30 
11 12 25 3 
18 3 25 12 21 8 
4 8 18 8 
9 13 9 19 9 26 
20 26 9 
6 
==============================

====== Algorithm Status ======
Valor:                3823
Time:                 1024001
nIter:                2588503
Best Iter:            2588503
Improvement Count:    2588504
==============================
Solution tour: 
0 6 9 24 
7 25 
10 25 27 22 27 26 21 
13 21 12 28 
12 11 30 
11 12 25 3 
18 3 25 12 21 8 
4 8 18 8 
9 13 9 19 9 26 
20 26 9 
6 
==============================

