=========== Input ===========
File name:                ./instances/created-instances/mm-15-25-1767920.cdop
Total node count:         41
Truck node count:         15
Drone node count:         25
=============================

========== Settings ==========
Settings file:        ./settings/Memetic-LS_MPX_1287823.config
Seed:                 1287823
Reduction method:     -
Max iter:             1024000
Population size:      13
Crossover:            MA-MPX
Local Search:         -
Warm Start:           Mario_WS
==============================

====== Algorithm Status ======
Valor:                3752
Time:                 250
nIter:                268
Best Iter:            268
Improvement Count:    267
==============================
Solution tour: 
0 38 
14 40 
11 18 
4 
5 32 16 
2 
7 31 0 
8 
12 14 37 40 34 1 20 1 28 16 
6 
9 27 9 
10 15 10 15 27 9 
3 16 25 23 7 25 7 8 17 16 17 
1 17 7 4 21 4 7 24 
13 26 20 
==============================

====== Algorithm Status ======
Valor:                3752
Time:                 500
nIter:                553
Best Iter:            553
Improvement Count:    552
==============================
Solution tour: 
0 38 
14 40 
11 18 
4 
5 32 16 
2 
7 31 0 
8 
12 14 37 40 34 1 20 1 28 16 
6 
9 27 9 
10 15 10 15 27 9 
3 16 25 23 7 25 7 8 17 16 17 
1 17 7 4 21 4 7 24 
13 26 20 
==============================

====== Algorithm Status ======
Valor:                3752
Time:                 1000
nIter:                1108
Best Iter:            1108
Improvement Count:    1107
==============================
Solution tour: 
0 38 
14 40 
11 18 
4 
5 32 16 
2 
7 31 0 
8 
12 14 37 40 34 1 20 1 28 16 
6 
9 27 9 
10 15 10 15 27 9 
3 16 25 23 7 25 7 8 17 16 17 
1 17 7 4 21 4 7 24 
13 26 20 
==============================

====== Algorithm Status ======
Valor:                3752
Time:                 2000
nIter:                2239
Best Iter:            2239
Improvement Count:    2238
==============================
Solution tour: 
0 38 
14 40 
11 18 
4 
5 32 16 
2 
7 31 0 
8 
12 14 37 40 34 1 20 1 28 16 
6 
9 27 9 
10 15 10 15 27 9 
3 16 25 23 7 25 7 8 17 16 17 
1 17 7 4 21 4 7 24 
13 26 20 
==============================

====== Algorithm Status ======
Valor:                3752
Time:                 4001
nIter:                4395
Best Iter:            4395
Improvement Count:    4394
==============================
Solution tour: 
0 38 
14 40 
11 18 
4 
5 32 16 
2 
7 31 0 
8 
12 14 37 40 34 1 20 1 28 16 
6 
9 27 9 
10 15 10 15 27 9 
3 16 25 23 7 25 7 8 17 16 17 
1 17 7 4 21 4 7 24 
13 26 20 
==============================

====== Algorithm Status ======
Valor:                3752
Time:                 8000
nIter:                8786
Best Iter:            8786
Improvement Count:    8785
==============================
Solution tour: 
0 38 
14 40 
11 18 
4 
5 32 16 
2 
7 31 0 
8 
12 14 37 40 34 1 20 1 28 16 
6 
9 27 9 
10 15 10 15 27 9 
3 16 25 23 7 25 7 8 17 16 17 
1 17 7 4 21 4 7 24 
13 26 20 
==============================

====== Algorithm Status ======
Valor:                3752
Time:                 16001
nIter:                17355
Best Iter:            17355
Improvement Count:    17354
==============================
Solution tour: 
0 38 
14 40 
11 18 
4 
5 32 16 
2 
7 31 0 
8 
12 14 37 40 34 1 20 1 28 16 
6 
9 27 9 
10 15 10 15 27 9 
3 16 25 23 7 25 7 8 17 16 17 
1 17 7 4 21 4 7 24 
13 26 20 
==============================

====== Algorithm Status ======
Valor:                3752
Time:                 32000
nIter:                34838
Best Iter:            34838
Improvement Count:    34837
==============================
Solution tour: 
0 38 
14 40 
11 18 
4 
5 32 16 
2 
7 31 0 
8 
12 14 37 40 34 1 20 1 28 16 
6 
9 27 9 
10 15 10 15 27 9 
3 16 25 23 7 25 7 8 17 16 17 
1 17 7 4 21 4 7 24 
13 26 20 
==============================

====== Algorithm Status ======
Valor:                3775
Time:                 64000
nIter:                70538
Best Iter:            70538
Improvement Count:    70537
==============================
Solution tour: 
0 38 
14 
11 18 
4 
5 32 16 
2 
7 31 0 
8 
12 14 37 40 34 1 20 1 28 16 
6 
9 27 9 
10 15 10 15 27 9 
3 16 25 23 7 25 7 8 17 16 17 
1 17 7 4 21 4 7 24 
13 26 20 
==============================

====== Algorithm Status ======
Valor:                3775
Time:                 128000
nIter:                141052
Best Iter:            141052
Improvement Count:    141051
==============================
Solution tour: 
0 38 
14 
11 18 
4 
5 32 16 
2 
7 31 0 
8 
12 14 37 40 34 1 20 1 28 16 
6 
9 27 9 
10 15 10 15 27 9 
3 16 25 23 7 25 7 8 17 16 17 
1 17 7 4 21 4 7 24 
13 26 20 
==============================

====== Algorithm Status ======
Valor:                3775
Time:                 256000
nIter:                281749
Best Iter:            281749
Improvement Count:    281748
==============================
Solution tour: 
0 38 
14 
11 18 
4 
5 32 16 
2 
7 31 0 
8 
12 14 37 40 34 1 20 1 28 16 
6 
9 27 9 
10 15 10 15 27 9 
3 16 25 23 7 25 7 8 17 16 17 
1 17 7 4 21 4 7 24 
13 26 20 
==============================

====== Algorithm Status ======
Valor:                3883
Time:                 512004
nIter:                548258
Best Iter:            548258
Improvement Count:    548257
==============================
Solution tour: 
0 37 
11 18 4 
5 32 16 
2 
7 31 0 
8 
12 14 40 34 1 20 1 28 16 
6 
9 27 9 
10 15 10 15 27 9 
3 16 25 23 7 25 7 8 17 16 17 
1 17 7 4 21 4 7 24 
14 
13 20 
==============================

====== Algorithm Status ======
Valor:                3883
Time:                 1024001
nIter:                1079591
Best Iter:            1079591
Improvement Count:    1079592
==============================
Solution tour: 
0 37 
11 18 4 
5 32 16 
2 
7 31 0 
8 
12 14 40 34 1 20 1 28 16 
6 
9 27 9 
10 15 10 15 27 9 
3 16 25 23 7 25 7 8 17 16 17 
1 17 7 4 21 4 7 24 
14 
13 20 
==============================

====== Algorithm Status ======
Valor:                3883
Time:                 1024001
nIter:                1079591
Best Iter:            1079591
Improvement Count:    1079592
==============================
Solution tour: 
0 37 
11 18 4 
5 32 16 
2 
7 31 0 
8 
12 14 40 34 1 20 1 28 16 
6 
9 27 9 
10 15 10 15 27 9 
3 16 25 23 7 25 7 8 17 16 17 
1 17 7 4 21 4 7 24 
14 
13 20 
==============================

