=========== Input ===========
File name:                ./instances/created-instances/mm-20-25-1917698.cdop
Total node count:         46
Truck node count:         20
Drone node count:         25
=============================

========== Settings ==========
Settings file:        ./settings/Memetic_MMX_1287823.config
Seed:                 1287823
Reduction method:     -
Max iter:             1024000
Population size:      13
Crossover:            MA-MMX
Local Search:         LS
Warm Start:           Mario_WS
==============================

====== Algorithm Status ======
Valor:                5486
Time:                 250
nIter:                19
Best Iter:            19
Improvement Count:    18
==============================
Solution tour: 
0 36 15 9 44 33 12 30 31 30 44 12 33 44 9 12 44 43 44 31 44 42 31 42 44 45 4 35 27 35 36 17 13 34 1 39 38 39 
1 34 39 25 39 25 39 14 15 3 14 3 42 12 3 17 40 34 40 17 14 42 24 41 29 41 18 15 30 12 9 15 3 39 1 39 25 36 
==============================

====== Algorithm Status ======
Valor:                5780
Time:                 506
nIter:                57
Best Iter:            57
Improvement Count:    56
==============================
Solution tour: 
0 9 33 12 33 9 33 44 12 33 12 30 31 30 12 44 43 44 31 44 42 31 42 44 45 4 24 4 45 35 27 35 36 17 13 34 1 39 38 39 
1 34 39 25 39 25 39 14 15 3 14 3 42 9 12 42 3 17 40 34 40 17 14 42 41 29 41 42 14 41 18 15 9 12 41 18 41 12 9 15 25 17 36 
==============================

====== Algorithm Status ======
Valor:                5917
Time:                 1016
nIter:                103
Best Iter:            103
Improvement Count:    102
==============================
Solution tour: 
0 9 33 12 33 9 33 44 12 33 12 30 31 30 12 44 43 44 31 26 31 44 42 44 33 18 45 18 4 24 4 36 35 45 4 35 4 24 4 45 35 27 35 36 17 13 34 1 39 38 39 
1 34 25 39 25 39 14 15 3 14 3 42 9 12 42 3 17 40 34 40 17 14 42 41 29 41 42 14 41 18 15 9 41 18 41 12 9 15 3 25 17 36 
==============================

====== Algorithm Status ======
Valor:                5953
Time:                 2001
nIter:                179
Best Iter:            179
Improvement Count:    178
==============================
Solution tour: 
0 9 33 12 33 9 33 44 12 33 12 30 31 30 12 44 43 44 31 26 31 44 42 44 33 18 45 18 4 24 4 36 35 45 4 45 35 27 35 36 17 13 34 1 39 38 39 
1 34 25 39 25 39 14 15 3 14 3 42 12 9 12 42 3 17 40 34 40 17 14 42 41 29 41 42 14 41 18 15 9 41 18 41 12 9 15 3 25 17 36 
==============================

====== Algorithm Status ======
Valor:                6080
Time:                 4006
nIter:                334
Best Iter:            334
Improvement Count:    333
==============================
Solution tour: 
0 9 12 33 44 33 12 30 31 30 31 30 12 44 43 44 31 44 42 44 12 9 33 9 41 18 2 18 4 24 36 35 45 35 4 45 4 35 27 35 36 17 13 34 39 38 39 
1 34 1 39 25 39 14 15 3 14 3 42 12 42 3 19 17 40 34 40 17 14 42 41 29 41 42 14 15 18 41 14 41 18 15 
9 
==============================

====== Algorithm Status ======
Valor:                6140
Time:                 8004
nIter:                629
Best Iter:            629
Improvement Count:    628
==============================
Solution tour: 
0 9 12 33 44 33 12 30 31 30 31 30 12 44 43 44 31 44 42 44 12 9 12 18 2 18 4 24 36 35 45 4 45 35 27 35 36 17 13 17 34 39 38 39 
1 34 1 39 25 39 14 15 3 14 3 42 12 42 3 19 17 40 34 40 17 14 42 41 29 41 42 14 15 18 41 14 41 18 15 
9 36 
==============================

====== Algorithm Status ======
Valor:                6233
Time:                 16002
nIter:                1224
Best Iter:            1224
Improvement Count:    1223
==============================
Solution tour: 
0 9 12 33 44 33 12 30 31 30 31 30 12 44 43 44 31 44 42 44 12 9 33 29 27 2 18 4 24 4 45 35 45 4 35 27 35 36 17 13 17 34 39 38 39 
1 34 1 39 25 39 14 3 14 3 42 12 42 3 17 19 17 40 34 40 17 14 42 41 29 41 42 14 18 41 14 41 18 15 
9 36 
==============================

====== Algorithm Status ======
Valor:                6270
Time:                 32016
nIter:                2445
Best Iter:            2445
Improvement Count:    2444
==============================
Solution tour: 
0 9 12 33 44 33 12 30 31 30 31 30 12 44 43 44 31 44 42 44 12 9 33 29 27 2 18 4 24 4 45 35 45 4 36 35 27 35 36 17 34 39 38 39 
1 34 1 39 25 39 14 3 14 3 42 12 42 3 17 19 17 40 34 40 17 14 42 41 29 41 42 14 18 41 14 41 18 15 
9 15 3 36 
==============================

====== Algorithm Status ======
Valor:                6402
Time:                 64013
nIter:                4970
Best Iter:            4970
Improvement Count:    4969
==============================
Solution tour: 
0 9 12 33 44 33 12 30 26 31 30 31 30 12 44 43 44 31 44 42 44 12 9 33 29 27 45 18 2 18 4 45 35 45 4 24 4 27 35 36 14 39 38 39 
1 34 1 39 25 39 14 3 42 3 17 19 17 40 34 40 17 3 14 42 41 29 41 42 14 41 18 41 14 36 35 27 29 33 32 30 32 33 9 
==============================

====== Algorithm Status ======
Valor:                6436
Time:                 128008
nIter:                10960
Best Iter:            10960
Improvement Count:    10959
==============================
Solution tour: 
0 9 15 9 12 33 44 33 12 30 26 31 30 31 30 12 44 43 44 31 44 42 44 12 9 33 29 27 35 4 24 4 45 18 2 18 45 35 36 17 14 39 38 39 
1 34 1 39 25 39 14 3 42 3 17 19 17 40 34 40 17 3 14 42 41 29 41 42 14 41 18 41 14 36 35 27 29 33 32 30 32 33 9 
==============================

====== Algorithm Status ======
Valor:                6443
Time:                 256013
nIter:                22946
Best Iter:            22946
Improvement Count:    22945
==============================
Solution tour: 
0 9 33 44 33 12 30 26 31 30 31 30 12 44 43 44 31 44 42 44 12 9 12 33 29 27 35 45 4 24 4 45 18 2 18 45 35 36 17 14 39 38 39 
1 34 1 39 25 39 14 3 42 3 17 19 17 40 34 40 17 3 14 42 41 29 41 42 14 41 18 41 14 36 35 27 29 33 32 30 32 33 9 
==============================

====== Algorithm Status ======
Valor:                6450
Time:                 512000
nIter:                46969
Best Iter:            46969
Improvement Count:    46968
==============================
Solution tour: 
0 9 15 9 33 44 33 12 30 26 31 30 31 30 12 44 43 44 31 44 42 44 12 9 12 33 29 27 35 45 4 24 4 45 18 2 18 45 35 36 14 39 38 39 
1 34 1 39 25 39 14 3 42 3 17 19 17 40 34 40 17 3 14 42 41 29 41 42 14 41 18 41 14 36 35 27 29 33 32 30 32 33 9 
==============================

====== Algorithm Status ======
Valor:                6455
Time:                 1024004
nIter:                90361
Best Iter:            90361
Improvement Count:    90362
==============================
Solution tour: 
0 9 15 9 33 44 33 12 30 26 31 30 31 30 12 44 43 44 31 44 42 44 12 9 12 33 29 27 35 45 35 24 4 45 18 2 18 45 
4 35 36 14 39 38 39 
1 34 1 39 25 39 14 3 42 3 17 19 17 40 34 40 17 3 14 42 41 29 41 42 14 41 18 41 14 36 35 27 29 33 32 30 32 33 9 
==============================

====== Algorithm Status ======
Valor:                6455
Time:                 1024004
nIter:                90361
Best Iter:            90361
Improvement Count:    90362
==============================
Solution tour: 
0 9 15 9 33 44 33 12 30 26 31 30 31 30 12 44 43 44 31 44 42 44 12 9 12 33 29 27 35 45 35 24 4 45 18 2 18 45 
4 35 36 14 39 38 39 
1 34 1 39 25 39 14 3 42 3 17 19 17 40 34 40 17 3 14 42 41 29 41 42 14 41 18 41 14 36 35 27 29 33 32 30 32 33 9 
==============================

