=========== Input ===========
File name:                ./instances/created-instances/mm-15-25-1762875.cdop
Total node count:         41
Truck node count:         15
Drone node count:         25
=============================

========== Settings ==========
Settings file:        ./settings/Memetic_MPX_1881515.config
Seed:                 1881515
Reduction method:     -
Max iter:             1024000
Population size:      13
Crossover:            MA-MPX
Local Search:         LS
Warm Start:           Mario_WS
==============================

====== Algorithm Status ======
Valor:                4893
Time:                 251
nIter:                31
Best Iter:            31
Improvement Count:    30
==============================
Solution tour: 
0 13 27 35 34 
6 29 19 37 
14 5 16 29 21 
3 17 39 17 26 
11 28 18 28 30 25 
15 25 30 38 30 20 23 31 23 
9 7 13 5 
13 
1 40 36 10 
2 18 33 
8 33 17 33 12 32 
12 34 21 34 
5 29 
7 9 13 
==============================

====== Algorithm Status ======
Valor:                5280
Time:                 501
nIter:                53
Best Iter:            53
Improvement Count:    52
==============================
Solution tour: 
0 13 27 35 
10 34 12 33 8 39 
4 9 23 31 23 31 37 19 32 12 27 12 32 35 
3 17 39 17 26 39 
11 28 18 28 22 30 38 25 
15 38 30 23 29 
7 29 19 37 31 8 33 17 39 17 33 18 
9 7 13 5 
13 
1 40 24 36 21 
8 17 33 32 
12 34 21 34 23 14 
5 14 29 
==============================

====== Algorithm Status ======
Valor:                5469
Time:                 1002
nIter:                103
Best Iter:            103
Improvement Count:    102
==============================
Solution tour: 
0 13 27 34 21 34 
10 34 12 32 33 8 20 
4 9 23 31 23 31 37 19 32 12 27 12 32 35 
3 17 39 17 26 39 
11 28 18 28 22 30 38 25 
15 38 30 23 29 
7 29 19 37 31 8 39 17 33 18 
9 7 13 5 
13 
1 40 24 36 
8 33 17 33 32 
12 33 12 34 10 14 
5 14 29 
==============================

====== Algorithm Status ======
Valor:                5469
Time:                 2007
nIter:                206
Best Iter:            206
Improvement Count:    205
==============================
Solution tour: 
0 13 27 34 21 34 
10 34 12 32 33 8 20 
4 9 23 31 23 31 37 19 32 12 27 12 32 35 
3 17 39 17 26 39 
11 28 18 28 22 30 38 25 
15 38 30 23 29 
7 29 19 37 31 8 39 17 33 18 
9 7 13 5 
13 
1 40 24 36 
8 33 17 33 32 
12 33 12 34 10 14 
5 14 29 
==============================

====== Algorithm Status ======
Valor:                5469
Time:                 4011
nIter:                405
Best Iter:            405
Improvement Count:    404
==============================
Solution tour: 
0 13 27 34 21 34 
10 34 12 32 33 8 20 
4 9 23 31 23 31 37 19 32 12 27 12 32 35 
3 17 39 17 26 39 
11 28 18 28 22 30 38 25 
15 38 30 23 29 
7 29 19 37 31 8 39 17 33 18 
9 7 13 5 
13 
1 40 24 36 
8 33 17 33 32 
12 33 12 34 10 14 
5 14 29 
==============================

====== Algorithm Status ======
Valor:                5469
Time:                 8016
nIter:                825
Best Iter:            825
Improvement Count:    824
==============================
Solution tour: 
0 13 27 34 21 34 
10 34 12 32 33 8 20 
4 9 23 31 23 31 37 19 32 12 27 12 32 35 
3 17 39 17 26 39 
11 28 18 28 22 30 38 25 
15 38 30 23 29 
7 29 19 37 31 8 39 17 33 18 
9 7 13 5 
13 
1 40 24 36 
8 33 17 33 32 
12 33 12 34 10 14 
5 14 29 
==============================

====== Algorithm Status ======
Valor:                5667
Time:                 16005
nIter:                1674
Best Iter:            1674
Improvement Count:    1673
==============================
Solution tour: 
0 13 
5 13 7 
13 
9 7 9 6 16 
2 14 5 14 
10 35 8 33 8 20 13 
14 13 20 31 23 30 38 30 25 
15 38 30 23 31 29 
7 29 
6 9 
4 34 24 40 
1 34 21 34 
12 32 12 33 12 27 12 26 39 17 39 22 28 18 31 37 19 37 13 
==============================

====== Algorithm Status ======
Valor:                5667
Time:                 32005
nIter:                3467
Best Iter:            3467
Improvement Count:    3466
==============================
Solution tour: 
0 13 
5 13 7 
13 
9 7 9 6 16 
2 14 5 14 
10 35 8 33 8 20 13 
14 13 20 31 23 30 38 30 25 
15 38 30 23 31 29 
7 29 
6 9 
4 34 24 40 
1 34 21 34 
12 32 12 33 12 27 12 26 39 17 39 22 28 18 31 37 19 37 13 
==============================

====== Algorithm Status ======
Valor:                5804
Time:                 64001
nIter:                7065
Best Iter:            7065
Improvement Count:    7064
==============================
Solution tour: 
0 13 
7 29 16 
2 14 5 14 
6 29 6 
9 7 9 6 16 5 34 
12 33 8 39 17 39 
3 22 28 
11 28 22 39 38 30 25 
15 25 30 38 39 26 18 26 27 12 27 21 34 21 
1 40 24 36 10 
14 29 7 13 
5 13 7 19 37 35 
8 33 12 32 12 32 31 23 31 37 13 
==============================

====== Algorithm Status ======
Valor:                5943
Time:                 128005
nIter:                13805
Best Iter:            13805
Improvement Count:    13804
==============================
Solution tour: 
0 13 
7 29 16 
2 14 5 14 
6 29 6 
9 7 9 6 16 5 34 
5 13 37 19 37 31 23 30 23 31 
12 32 12 33 8 33 17 33 39 17 39 
3 17 22 28 
11 28 22 39 38 30 25 
15 25 30 38 39 26 18 26 27 12 27 35 21 34 21 
1 40 24 40 36 10 
14 29 7 13 
==============================

====== Algorithm Status ======
Valor:                5943
Time:                 256018
nIter:                27270
Best Iter:            27270
Improvement Count:    27269
==============================
Solution tour: 
0 13 
7 29 16 
2 14 5 14 
6 29 6 
9 7 9 6 16 5 34 
5 13 37 19 37 31 23 30 23 31 
12 32 12 33 8 33 17 33 39 17 39 
3 17 22 28 
11 28 22 39 38 30 25 
15 25 30 38 39 26 18 26 27 12 27 35 21 34 21 
1 40 24 40 36 10 
14 29 7 13 
==============================

====== Algorithm Status ======
Valor:                5943
Time:                 512006
nIter:                54043
Best Iter:            54043
Improvement Count:    54042
==============================
Solution tour: 
0 13 
7 29 16 
2 14 5 14 
6 29 6 
9 7 9 6 16 5 34 
5 13 37 19 37 31 23 30 23 31 
12 32 12 33 8 33 17 33 39 17 39 
3 17 22 28 
11 28 22 39 38 30 25 
15 25 30 38 39 26 18 26 27 12 27 35 21 34 21 
1 40 24 40 36 10 
14 29 7 13 
==============================

====== Algorithm Status ======
Valor:                6477
Time:                 1024005
nIter:                108123
Best Iter:            108123
Improvement Count:    108124
==============================
Solution tour: 
0 13 37 19 37 31 23 31 37 18 26 33 39 
8 33 
12 32 12 33 8 39 17 33 17 
3 17 39 22 28 
11 28 22 39 38 30 25 
15 25 30 38 39 26 27 12 27 35 27 21 34 21 36 24 40 
1 40 24 34 12 34 
6 29 6 
2 16 5 
14 10 14 5 13 
10 13 7 9 7 29 7 13 
==============================

====== Algorithm Status ======
Valor:                6477
Time:                 1024005
nIter:                108123
Best Iter:            108123
Improvement Count:    108124
==============================
Solution tour: 
0 13 37 19 37 31 23 31 37 18 26 33 39 
8 33 
12 32 12 33 8 39 17 33 17 
3 17 39 22 28 
11 28 22 39 38 30 25 
15 25 30 38 39 26 27 12 27 35 27 21 34 21 36 24 40 
1 40 24 34 12 34 
6 29 6 
2 16 5 
14 10 14 5 13 
10 13 7 9 7 29 7 13 
==============================

