=========== Input ===========
File name:                ./instances/created-instances/mm-25-10-1110588.cdop
Total node count:         36
Truck node count:         25
Drone node count:         10
=============================

========== Settings ==========
Settings file:        ./settings/Memetic-LS_MMX_1099666.config
Seed:                 1099666
Reduction method:     -
Max iter:             1024000
Population size:      13
Crossover:            MA-MMX
Local Search:         -
Warm Start:           Mario_WS
==============================

====== Algorithm Status ======
Valor:                3116
Time:                 250
nIter:                545
Best Iter:            545
Improvement Count:    544
==============================
Solution tour: 
0 13 
24 
23 
13 
22 13 
2 
6 
16 
19 17 
18 31 
12 34 33 
1 
8 
9 20 
4 
20 
17 
7 
10 
11 15 28 
15 
21 35 
5 30 29 30 
14 30 13 0 
3 
==============================

====== Algorithm Status ======
Valor:                3153
Time:                 500
nIter:                1151
Best Iter:            1151
Improvement Count:    1150
==============================
Solution tour: 
0 13 
24 
23 
13 
22 13 
2 
6 
16 
19 17 
18 31 
12 34 33 
1 
8 
9 20 
4 
20 
10 
11 15 28 
15 
21 35 
5 30 29 30 
14 30 13 0 
3 
==============================

====== Algorithm Status ======
Valor:                3155
Time:                 1000
nIter:                2299
Best Iter:            2299
Improvement Count:    2298
==============================
Solution tour: 
0 13 
24 
23 
13 
22 13 
2 0 
16 
19 17 
18 31 
12 34 33 
1 
8 
9 20 
4 
20 
10 
11 15 28 
15 
21 35 
5 30 29 30 
14 30 13 0 
3 
==============================

====== Algorithm Status ======
Valor:                3295
Time:                 2000
nIter:                4459
Best Iter:            4459
Improvement Count:    4458
==============================
Solution tour: 
0 13 
24 
23 
13 
22 13 
2 13 
19 17 
18 31 
12 34 33 
1 
8 
9 20 
4 
20 
10 
11 15 28 
15 
21 35 
5 28 29 30 
14 30 13 0 
3 
==============================

====== Algorithm Status ======
Valor:                3302
Time:                 4000
nIter:                8919
Best Iter:            8919
Improvement Count:    8918
==============================
Solution tour: 
0 13 
24 
23 
13 
22 13 
2 13 
19 17 
18 31 
12 34 33 
9 20 
4 
20 
10 
11 15 28 
15 
21 35 
5 28 29 30 
14 30 13 30 13 0 
3 
==============================

====== Algorithm Status ======
Valor:                3404
Time:                 8000
nIter:                17646
Best Iter:            17646
Improvement Count:    17645
==============================
Solution tour: 
0 26 13 
24 
23 
13 
22 13 
2 13 
19 17 
18 31 
12 31 33 34 33 
9 20 
4 
20 15 28 
15 
21 35 
5 29 30 
14 30 13 0 13 
3 
==============================

====== Algorithm Status ======
Valor:                3452
Time:                 16000
nIter:                35115
Best Iter:            35115
Improvement Count:    35114
==============================
Solution tour: 
0 26 13 
24 
23 
13 
22 13 
2 13 
19 17 
18 31 
12 31 33 34 33 31 
9 20 
4 
20 15 28 
15 
21 35 
5 28 13 29 30 
14 30 13 0 13 
3 
==============================

====== Algorithm Status ======
Valor:                3632
Time:                 32000
nIter:                69849
Best Iter:            69849
Improvement Count:    69848
==============================
Solution tour: 
0 26 0 
24 
23 0 
13 
22 13 
2 13 
19 17 
18 31 
12 31 33 31 34 31 18 
9 20 
4 
20 15 28 
15 
21 35 
5 28 29 30 
14 30 13 0 
3 
==============================

====== Algorithm Status ======
Valor:                3721
Time:                 64000
nIter:                137891
Best Iter:            137891
Improvement Count:    137890
==============================
Solution tour: 
0 26 0 
24 
23 30 0 
13 
22 13 
2 13 
19 17 
18 31 
12 31 33 31 34 31 18 
9 20 
4 
20 15 28 
15 
21 35 28 33 28 30 29 30 
14 30 13 0 
3 
==============================

====== Algorithm Status ======
Valor:                3722
Time:                 128000
nIter:                270990
Best Iter:            270990
Improvement Count:    270989
==============================
Solution tour: 
0 26 0 
24 
23 30 0 
13 
22 13 
2 13 
19 17 
18 31 
12 31 33 31 34 31 18 
9 20 
4 
20 15 28 
15 
21 35 28 33 28 26 30 29 30 
14 30 13 0 
3 
==============================

====== Algorithm Status ======
Valor:                3865
Time:                 256000
nIter:                532648
Best Iter:            532648
Improvement Count:    532647
==============================
Solution tour: 
0 26 0 
24 
23 24 0 
13 
22 13 
2 13 
19 18 17 
18 31 34 31 33 31 
12 31 18 
9 20 
4 
20 15 28 
15 
21 35 21 28 33 28 30 29 27 29 30 
14 30 13 0 
3 
==============================

====== Algorithm Status ======
Valor:                4143
Time:                 512000
nIter:                1022627
Best Iter:            1022627
Improvement Count:    1022626
==============================
Solution tour: 
0 26 0 
24 
23 24 0 
13 
22 13 
2 13 25 17 
18 31 34 31 33 31 
12 31 18 1 18 20 
4 28 33 28 
15 21 30 21 25 21 33 29 27 29 33 30 29 30 
14 30 13 0 
3 
==============================

====== Algorithm Status ======
Valor:                4296
Time:                 1024001
nIter:                1960550
Best Iter:            1960550
Improvement Count:    1960551
==============================
Solution tour: 
0 26 0 
24 
23 24 0 
13 
22 13 
2 13 3 13 30 3 17 
18 31 34 31 33 31 
12 31 18 1 18 20 
4 28 33 28 
15 21 30 21 25 21 33 29 27 29 33 23 30 
14 30 13 0 
3 
==============================

====== Algorithm Status ======
Valor:                4296
Time:                 1024001
nIter:                1960550
Best Iter:            1960550
Improvement Count:    1960551
==============================
Solution tour: 
0 26 0 
24 
23 24 0 
13 
22 13 
2 13 3 13 30 3 17 
18 31 34 31 33 31 
12 31 18 1 18 20 
4 28 33 28 
15 21 30 21 25 21 33 29 27 29 33 23 30 
14 30 13 0 
3 
==============================

