=========== Input ===========
File name:                ./instances/created-instances/mm-15-10-1917698.cdop
Total node count:         26
Truck node count:         15
Drone node count:         10
=============================

========== Settings ==========
Settings file:        ./settings/Memetic-LS_MPX_1881515.config
Seed:                 1881515
Reduction method:     -
Max iter:             1024000
Population size:      13
Crossover:            MA-MPX
Local Search:         -
Warm Start:           Mario_WS
==============================

====== Algorithm Status ======
Valor:                2951
Time:                 250
nIter:                575
Best Iter:            575
Improvement Count:    574
==============================
Solution tour: 
0 17 
4 17 0 
10 
13 16 13 14 19 
1 18 
14 
3 15 14 15 
6 
9 
12 9 
5 
8 
11 2 9 22 21 22 3 
7 0 23 
2 23 0 14 18 14 22 14 
==============================

====== Algorithm Status ======
Valor:                2951
Time:                 500
nIter:                1153
Best Iter:            1153
Improvement Count:    1152
==============================
Solution tour: 
0 17 
4 17 0 
10 
13 16 13 14 19 
1 18 
14 
3 15 14 15 
6 
9 
12 9 
5 
8 
11 2 9 22 21 22 3 
7 0 23 
2 23 0 14 18 14 22 14 
==============================

====== Algorithm Status ======
Valor:                2951
Time:                 1000
nIter:                2365
Best Iter:            2365
Improvement Count:    2364
==============================
Solution tour: 
0 17 
4 17 0 
10 
13 16 13 14 19 
1 18 
14 
3 15 14 15 
6 
9 
12 9 
5 
8 
11 2 9 22 21 22 3 
7 0 23 
2 23 0 14 18 14 22 14 
==============================

====== Algorithm Status ======
Valor:                2951
Time:                 2000
nIter:                4694
Best Iter:            4694
Improvement Count:    4693
==============================
Solution tour: 
0 17 
4 17 0 
10 
13 16 13 14 19 
1 18 
14 
3 15 14 15 
6 
9 
12 9 
5 
8 
11 2 9 22 21 22 3 
7 0 23 
2 23 0 14 18 14 22 14 
==============================

====== Algorithm Status ======
Valor:                2951
Time:                 4000
nIter:                9387
Best Iter:            9387
Improvement Count:    9386
==============================
Solution tour: 
0 17 
4 17 0 
10 
13 16 13 14 19 
1 18 
14 
3 15 14 15 
6 
9 
12 9 
5 
8 
11 2 9 22 21 22 3 
7 0 23 
2 23 0 14 18 14 22 14 
==============================

====== Algorithm Status ======
Valor:                2951
Time:                 8000
nIter:                19090
Best Iter:            19090
Improvement Count:    19089
==============================
Solution tour: 
0 17 
4 17 0 
10 
13 16 13 14 19 
1 18 
14 
3 15 14 15 
6 
9 
12 9 
5 
8 
11 2 9 22 21 22 3 
7 0 23 
2 23 0 14 18 14 22 14 
==============================

====== Algorithm Status ======
Valor:                2951
Time:                 16000
nIter:                38406
Best Iter:            38406
Improvement Count:    38405
==============================
Solution tour: 
0 17 
4 17 0 
10 
13 16 13 14 19 
1 18 
14 
3 15 14 15 
6 
9 
12 9 
5 
8 
11 2 9 22 21 22 3 
7 0 23 
2 23 0 14 18 14 22 14 
==============================

====== Algorithm Status ======
Valor:                2951
Time:                 32000
nIter:                76579
Best Iter:            76579
Improvement Count:    76578
==============================
Solution tour: 
0 17 
4 17 0 
10 
13 16 13 14 19 
1 18 
14 
3 15 14 15 
6 
9 
12 9 
5 
8 
11 2 9 22 21 22 3 
7 0 23 
2 23 0 14 18 14 22 14 
==============================

====== Algorithm Status ======
Valor:                2951
Time:                 64000
nIter:                154105
Best Iter:            154105
Improvement Count:    154104
==============================
Solution tour: 
0 17 
4 17 0 
10 
13 16 13 14 19 
1 18 
14 
3 15 14 15 
6 
9 
12 9 
5 
8 
11 2 9 22 21 22 3 
7 0 23 
2 23 0 14 18 14 22 14 
==============================

====== Algorithm Status ======
Valor:                2951
Time:                 128000
nIter:                306540
Best Iter:            306540
Improvement Count:    306539
==============================
Solution tour: 
0 17 
4 17 0 
10 
13 16 13 14 19 
1 18 
14 
3 15 14 15 
6 
9 
12 9 
5 
8 
11 2 9 22 21 22 3 
7 0 23 
2 23 0 14 18 14 22 14 
==============================

====== Algorithm Status ======
Valor:                2951
Time:                 256000
nIter:                616411
Best Iter:            616411
Improvement Count:    616410
==============================
Solution tour: 
0 17 
4 17 0 
10 
13 16 13 14 19 
1 18 
14 
3 15 14 15 
6 
9 
12 9 
5 
8 
11 2 9 22 21 22 3 
7 0 23 
2 23 0 14 18 14 22 14 
==============================

====== Algorithm Status ======
Valor:                3169
Time:                 512000
nIter:                1200180
Best Iter:            1200180
Improvement Count:    1200179
==============================
Solution tour: 
0 17 
4 17 0 
3 15 14 15 
14 
13 16 13 14 19 
1 18 
6 
9 
12 9 
5 2 
11 2 9 22 21 22 3 
7 0 23 
2 23 0 14 18 14 22 14 
==============================

====== Algorithm Status ======
Valor:                3169
Time:                 1024001
nIter:                2387055
Best Iter:            2387055
Improvement Count:    2387056
==============================
Solution tour: 
0 17 
4 17 0 
3 15 14 15 
14 
13 16 13 14 19 
1 18 
6 
9 
12 9 
5 2 
11 2 9 22 21 22 3 
7 0 23 
2 23 0 14 18 14 22 14 
==============================

====== Algorithm Status ======
Valor:                3169
Time:                 1024001
nIter:                2387055
Best Iter:            2387055
Improvement Count:    2387056
==============================
Solution tour: 
0 17 
4 17 0 
3 15 14 15 
14 
13 16 13 14 19 
1 18 
6 
9 
12 9 
5 2 
11 2 9 22 21 22 3 
7 0 23 
2 23 0 14 18 14 22 14 
==============================

