=========== Input ===========
File name:                ./instances/created-instances/mm-5-40-1762875.cdop
Total node count:         46
Truck node count:         5
Drone node count:         40
=============================

========== Settings ==========
Settings file:        ./settings/Memetic_MPX_1099666.config
Seed:                 1099666
Reduction method:     -
Max iter:             1024000
Population size:      13
Crossover:            MA-MPX
Local Search:         LS
Warm Start:           Mario_WS
==============================

====== Algorithm Status ======
Valor:                5797
Time:                 251
nIter:                21
Best Iter:            21
Improvement Count:    20
==============================
Solution tour: 
0 26 11 15 30 15 20 16 8 41 
4 41 12 42 14 25 19 25 14 36 14 23 20 17 11 17 44 39 30 36 44 
3 27 35 17 23 28 45 40 45 
5 8 41 43 27 7 36 30 39 44 23 44 39 31 10 31 39 32 
1 18 31 34 33 37 9 13 38 6 
==============================

====== Algorithm Status ======
Valor:                6178
Time:                 504
nIter:                46
Best Iter:            46
Improvement Count:    45
==============================
Solution tour: 
0 26 11 15 30 15 23 16 11 26 5 
2 37 33 21 24 32 39 30 36 7 27 35 42 35 43 35 22 
4 41 14 25 19 25 14 36 30 34 20 17 36 44 
3 23 28 5 45 40 45 
5 8 41 4 35 7 35 27 3 44 23 44 29 
1 18 31 10 31 38 13 38 6 
==============================

====== Algorithm Status ======
Valor:                6179
Time:                 1003
nIter:                95
Best Iter:            95
Improvement Count:    94
==============================
Solution tour: 
0 26 11 15 30 15 23 20 28 16 11 26 5 
2 37 33 21 24 32 39 30 36 7 27 35 42 35 43 35 22 
4 41 14 25 19 25 14 36 30 34 20 17 36 44 
3 23 28 5 45 40 45 
5 8 41 4 22 35 7 35 27 3 44 23 44 29 
1 18 31 10 31 38 13 38 6 
==============================

====== Algorithm Status ======
Valor:                6344
Time:                 2000
nIter:                188
Best Iter:            188
Improvement Count:    187
==============================
Solution tour: 
0 26 11 15 30 15 23 20 28 16 11 26 5 
2 37 33 21 32 24 32 39 30 36 7 27 35 42 35 43 35 22 
4 41 14 25 19 25 14 36 30 34 20 17 36 44 
3 44 23 28 5 45 40 45 
5 8 41 4 22 35 27 7 35 17 20 28 23 44 29 
1 18 31 10 31 38 13 38 6 
==============================

====== Algorithm Status ======
Valor:                6344
Time:                 4006
nIter:                355
Best Iter:            355
Improvement Count:    354
==============================
Solution tour: 
0 26 11 15 30 15 23 20 28 16 11 26 5 
2 37 33 21 32 24 32 39 30 36 7 27 35 42 35 43 35 22 
4 41 14 25 19 25 14 36 30 34 20 17 36 44 
3 44 23 28 5 45 40 45 
5 8 41 4 22 35 27 7 35 17 20 28 23 44 29 
1 18 31 10 31 38 13 38 6 
==============================

====== Algorithm Status ======
Valor:                6348
Time:                 8006
nIter:                718
Best Iter:            718
Improvement Count:    717
==============================
Solution tour: 
0 26 11 15 30 15 23 16 11 26 5 
2 37 33 24 32 39 30 36 7 27 35 42 35 43 35 
4 41 14 25 19 25 14 36 14 23 20 34 20 17 36 30 39 44 
3 44 23 28 5 45 40 45 
5 8 41 4 22 35 27 7 35 17 20 28 23 44 29 
1 18 31 10 31 38 13 38 6 
==============================

====== Algorithm Status ======
Valor:                6348
Time:                 16006
nIter:                1400
Best Iter:            1400
Improvement Count:    1399
==============================
Solution tour: 
0 26 11 15 30 15 23 16 11 26 5 
2 37 33 24 32 39 30 36 7 27 35 42 35 43 35 
4 41 14 25 19 25 14 36 14 23 20 34 20 17 36 30 39 44 
3 44 23 28 5 45 40 45 
5 8 41 4 22 35 27 7 35 17 20 28 23 44 29 
1 18 31 10 31 38 13 38 6 
==============================

====== Algorithm Status ======
Valor:                6692
Time:                 32005
nIter:                2816
Best Iter:            2816
Improvement Count:    2815
==============================
Solution tour: 
0 45 40 45 
5 45 6 0 26 11 15 30 39 32 29 
1 18 31 10 31 34 26 6 38 13 38 
2 37 33 21 32 24 32 39 30 36 7 35 27 35 43 11 26 8 41 
4 41 8 42 16 28 23 36 30 15 14 25 19 25 14 36 14 23 20 34 20 17 20 23 44 36 44 
3 44 23 28 10 28 8 26 
==============================

====== Algorithm Status ======
Valor:                6745
Time:                 64009
nIter:                5774
Best Iter:            5774
Improvement Count:    5773
==============================
Solution tour: 
0 6 45 40 45 
5 45 6 0 26 11 15 30 39 32 29 
1 18 31 10 31 34 26 6 38 13 38 
2 37 33 21 32 24 32 39 30 36 7 35 27 35 43 11 26 41 8 41 
4 41 12 22 42 16 28 23 36 30 15 14 25 19 25 14 36 14 23 20 17 20 23 44 36 44 
3 44 23 28 17 8 26 
==============================

====== Algorithm Status ======
Valor:                6890
Time:                 128005
nIter:                11530
Best Iter:            11530
Improvement Count:    11529
==============================
Solution tour: 
0 6 45 40 45 
5 45 6 0 26 11 16 29 15 30 39 32 
1 18 31 10 31 34 26 6 38 13 38 
2 37 33 21 32 24 32 39 30 36 7 35 27 35 43 11 26 8 41 
4 41 22 42 43 35 7 36 30 15 36 14 25 19 25 14 36 23 20 28 20 17 20 28 23 44 36 44 
3 44 23 28 17 8 26 
==============================

====== Algorithm Status ======
Valor:                6890
Time:                 256002
nIter:                22897
Best Iter:            22897
Improvement Count:    22896
==============================
Solution tour: 
0 6 45 40 45 
5 45 6 0 26 11 16 29 15 30 39 32 
1 18 31 10 31 34 26 6 38 13 38 
2 37 33 21 32 24 32 39 30 36 7 35 27 35 43 11 26 8 41 
4 41 22 42 43 35 7 36 30 15 36 14 25 19 25 14 36 23 20 28 20 17 20 28 23 44 36 44 
3 44 23 28 17 8 26 
==============================

====== Algorithm Status ======
Valor:                6890
Time:                 512000
nIter:                45698
Best Iter:            45698
Improvement Count:    45697
==============================
Solution tour: 
0 6 45 40 45 
5 45 6 0 26 11 16 29 15 30 39 32 
1 18 31 10 31 34 26 6 38 13 38 
2 37 33 21 32 24 32 39 30 36 7 35 27 35 43 11 26 8 41 
4 41 22 42 43 35 7 36 30 15 36 14 25 19 25 14 36 23 20 28 20 17 20 28 23 44 36 44 
3 44 23 28 17 8 26 
==============================

====== Algorithm Status ======
Valor:                6890
Time:                 1024010
nIter:                91117
Best Iter:            91117
Improvement Count:    91118
==============================
Solution tour: 
0 6 45 40 45 
5 45 6 0 26 11 16 29 15 30 39 32 
1 18 31 10 31 34 26 6 38 13 38 
2 37 33 21 32 24 32 39 30 36 7 35 27 35 43 11 26 8 41 
4 41 22 42 43 35 7 36 30 15 36 14 25 19 25 14 36 23 20 28 20 17 20 28 23 44 36 44 
3 44 23 28 17 8 26 
==============================

====== Algorithm Status ======
Valor:                6890
Time:                 1024010
nIter:                91117
Best Iter:            91117
Improvement Count:    91118
==============================
Solution tour: 
0 6 45 40 45 
5 45 6 0 26 11 16 29 15 30 39 32 
1 18 31 10 31 34 26 6 38 13 38 
2 37 33 21 32 24 32 39 30 36 7 35 27 35 43 11 26 8 41 
4 41 22 42 43 35 7 36 30 15 36 14 25 19 25 14 36 23 20 28 20 17 20 28 23 44 36 44 
3 44 23 28 17 8 26 
==============================

