=========== Input ===========
File name:                ./instances/created-instances/mm-15-10-1917698.cdop
Total node count:         26
Truck node count:         15
Drone node count:         10
=============================

========== Settings ==========
Settings file:        ./settings/Memetic_MPX_1881515.config
Seed:                 1881515
Reduction method:     -
Max iter:             1024000
Population size:      13
Crossover:            MA-MPX
Local Search:         LS
Warm Start:           Mario_WS
==============================

====== Algorithm Status ======
Valor:                3611
Time:                 253
nIter:                72
Best Iter:            72
Improvement Count:    71
==============================
Solution tour: 
0 17 2 
12 15 14 22 21 22 9 4 17 
4 9 12 
10 13 16 
13 14 
15 12 9 18 
6 18 
1 18 14 0 23 2 17 0 
14 18 9 5 
2 23 
8 
11 2 19 
7 2 8 23 
==============================

====== Algorithm Status ======
Valor:                3611
Time:                 502
nIter:                138
Best Iter:            138
Improvement Count:    137
==============================
Solution tour: 
0 17 2 
12 15 14 22 21 22 9 4 17 
4 9 12 
10 13 16 
13 14 
15 12 9 18 
6 18 
1 18 14 0 23 2 17 0 
14 18 9 5 
2 23 
8 
11 2 19 
7 2 8 23 
==============================

====== Algorithm Status ======
Valor:                3651
Time:                 1004
nIter:                274
Best Iter:            274
Improvement Count:    273
==============================
Solution tour: 
0 17 2 
12 15 14 22 21 22 9 4 17 
4 9 12 
10 13 16 
13 14 
15 12 9 
6 9 18 
1 18 14 0 23 2 17 0 
14 18 9 5 
2 23 17 
8 
11 2 19 
7 2 8 23 
==============================

====== Algorithm Status ======
Valor:                3685
Time:                 2002
nIter:                574
Best Iter:            574
Improvement Count:    573
==============================
Solution tour: 
0 17 2 8 
12 15 14 22 21 22 9 4 17 
4 9 12 
10 13 16 
13 14 
15 12 9 
6 9 18 
1 14 18 14 0 23 2 17 0 
14 13 
3 9 5 
2 23 19 17 
8 23 
==============================

====== Algorithm Status ======
Valor:                3746
Time:                 4002
nIter:                1095
Best Iter:            1095
Improvement Count:    1094
==============================
Solution tour: 
0 17 4 23 19 2 
8 2 17 0 23 
2 11 
7 11 2 23 0 14 18 
14 22 21 16 21 22 9 
4 17 2 14 
13 14 0 4 9 
5 9 22 25 20 25 12 15 12 
3 12 9 18 
1 18 9 12 
==============================

====== Algorithm Status ======
Valor:                3746
Time:                 8003
nIter:                2079
Best Iter:            2079
Improvement Count:    2078
==============================
Solution tour: 
0 17 4 23 19 2 
8 2 17 0 23 
2 11 
7 11 2 23 0 14 18 
14 22 21 16 21 22 9 
4 17 2 14 
13 14 0 4 9 
5 9 22 25 20 25 12 15 12 
3 12 9 18 
1 18 9 12 
==============================

====== Algorithm Status ======
Valor:                3746
Time:                 16000
nIter:                4147
Best Iter:            4147
Improvement Count:    4146
==============================
Solution tour: 
0 17 4 23 19 2 
8 2 17 0 23 
2 11 
7 11 2 23 0 14 18 
14 22 21 16 21 22 9 
4 17 2 14 
13 14 0 4 9 
5 9 22 25 20 25 12 15 12 
3 12 9 18 
1 18 9 12 
==============================

====== Algorithm Status ======
Valor:                3746
Time:                 32004
nIter:                8222
Best Iter:            8222
Improvement Count:    8221
==============================
Solution tour: 
0 17 4 23 19 2 
8 2 17 0 23 
2 11 
7 11 2 23 0 14 18 
14 22 21 16 21 22 9 
4 17 2 14 
13 14 0 4 9 
5 9 22 25 20 25 12 15 12 
3 12 9 18 
1 18 9 12 
==============================

====== Algorithm Status ======
Valor:                3746
Time:                 64007
nIter:                16375
Best Iter:            16375
Improvement Count:    16374
==============================
Solution tour: 
0 17 4 23 19 2 
8 2 17 0 23 
2 11 
7 11 2 23 0 14 18 
14 22 21 16 21 22 9 
4 17 2 14 
13 14 0 4 9 
5 9 22 25 20 25 12 15 12 
3 12 9 18 
1 18 9 12 
==============================

====== Algorithm Status ======
Valor:                3746
Time:                 128001
nIter:                32779
Best Iter:            32779
Improvement Count:    32778
==============================
Solution tour: 
0 17 4 23 19 2 
8 2 17 0 23 
2 11 
7 11 2 23 0 14 18 
14 22 21 16 21 22 9 
4 17 2 14 
13 14 0 4 9 
5 9 22 25 20 25 12 15 12 
3 12 9 18 
1 18 9 12 
==============================

====== Algorithm Status ======
Valor:                3762
Time:                 256001
nIter:                66074
Best Iter:            66074
Improvement Count:    66073
==============================
Solution tour: 
0 17 4 23 2 23 4 19 2 0 14 
13 14 22 21 22 20 25 20 
6 9 6 18 14 0 2 
8 2 17 8 
11 8 17 0 23 0 2 
5 9 15 
12 9 12 
15 
14 18 
1 16 21 22 
3 13 
4 17 2 11 2 
==============================

====== Algorithm Status ======
Valor:                3823
Time:                 512002
nIter:                134613
Best Iter:            134613
Improvement Count:    134612
==============================
Solution tour: 
0 17 4 23 2 23 4 19 2 0 14 
13 14 22 21 22 20 25 20 
6 9 6 18 14 0 2 
8 17 
11 2 17 0 23 0 2 
5 9 18 15 12 3 22 
9 3 
12 9 12 
15 
14 18 
1 18 9 
4 17 2 
==============================

====== Algorithm Status ======
Valor:                3832
Time:                 1024003
nIter:                268525
Best Iter:            268525
Improvement Count:    268526
==============================
Solution tour: 
0 17 4 23 4 19 0 23 2 23 0 14 
13 14 22 21 22 20 25 20 
6 9 22 6 18 14 0 2 
8 17 2 
11 2 17 0 23 0 2 
5 9 18 1 15 12 3 22 
9 3 
12 9 12 
15 
14 18 9 
4 17 
==============================

====== Algorithm Status ======
Valor:                3832
Time:                 1024003
nIter:                268525
Best Iter:            268525
Improvement Count:    268526
==============================
Solution tour: 
0 17 4 23 4 19 0 23 2 23 0 14 
13 14 22 21 22 20 25 20 
6 9 22 6 18 14 0 2 
8 17 2 
11 2 17 0 23 0 2 
5 9 18 1 15 12 3 22 
9 3 
12 9 12 
15 
14 18 9 
4 17 
==============================

