=========== Input ===========
File name:                ./instances/created-instances/mm-20-10-1110588.cdop
Total node count:         31
Truck node count:         20
Drone node count:         10
=============================

========== Settings ==========
Settings file:        ./settings/Memetic_MPX_1881515.config
Seed:                 1881515
Reduction method:     -
Max iter:             1024000
Population size:      13
Crossover:            MA-MPX
Local Search:         LS
Warm Start:           Mario_WS
==============================

====== Algorithm Status ======
Valor:                3409
Time:                 255
nIter:                72
Best Iter:            72
Improvement Count:    71
==============================
Solution tour: 
0 3 14 5 4 20 28 
10 28 20 4 
7 20 
18 
12 4 
5 25 27 11 
15 11 10 25 
17 12 
9 12 18 20 23 29 
13 23 25 23 
2 24 2 
6 23 6 25 19 
16 30 25 6 3 
==============================

====== Algorithm Status ======
Valor:                3409
Time:                 500
nIter:                146
Best Iter:            146
Improvement Count:    145
==============================
Solution tour: 
0 3 14 5 4 20 28 
10 28 20 4 
7 20 
18 
12 4 
5 25 27 11 
15 11 10 25 
17 12 
9 12 18 20 23 29 
13 23 25 23 
2 24 2 
6 23 6 25 19 
16 30 25 6 3 
==============================

====== Algorithm Status ======
Valor:                3462
Time:                 1000
nIter:                283
Best Iter:            283
Improvement Count:    282
==============================
Solution tour: 
0 3 14 5 4 20 17 28 
17 25 5 4 12 
9 12 
18 20 28 10 11 17 
12 4 
5 25 27 11 
15 
11 
10 28 20 4 
13 23 25 23 
2 24 2 29 2 25 
6 23 6 25 19 
16 30 25 6 3 
==============================

====== Algorithm Status ======
Valor:                3462
Time:                 2002
nIter:                576
Best Iter:            576
Improvement Count:    575
==============================
Solution tour: 
0 3 14 5 4 20 17 28 
17 25 5 4 12 
9 12 
18 20 28 10 11 17 
12 4 
5 25 27 11 
15 
11 
10 28 20 4 
13 23 25 23 
2 24 2 29 2 25 
6 23 6 25 19 
16 30 25 6 3 
==============================

====== Algorithm Status ======
Valor:                3752
Time:                 4002
nIter:                1137
Best Iter:            1137
Improvement Count:    1136
==============================
Solution tour: 
0 
13 27 29 23 25 
6 23 6 25 19 25 
5 14 5 4 
20 18 20 23 24 
2 24 2 29 2 25 
17 25 30 
18 
12 
8 12 
9 12 
1 4 12 18 4 5 17 28 10 11 
15 11 
10 28 20 4 18 30 22 19 
==============================

====== Algorithm Status ======
Valor:                3752
Time:                 8000
nIter:                2344
Best Iter:            2344
Improvement Count:    2343
==============================
Solution tour: 
0 
13 27 29 23 25 
6 23 6 25 19 25 
5 14 5 4 
20 18 20 23 24 
2 24 2 29 2 25 
17 25 30 
18 
12 
8 12 
9 12 
1 4 12 18 4 5 17 28 10 11 
15 11 
10 28 20 4 18 30 22 19 
==============================

====== Algorithm Status ======
Valor:                3752
Time:                 16000
nIter:                4688
Best Iter:            4688
Improvement Count:    4687
==============================
Solution tour: 
0 
13 27 29 23 25 
6 23 6 25 19 25 
5 14 5 4 
20 18 20 23 24 
2 24 2 29 2 25 
17 25 30 
18 
12 
8 12 
9 12 
1 4 12 18 4 5 17 28 10 11 
15 11 
10 28 20 4 18 30 22 19 
==============================

====== Algorithm Status ======
Valor:                3752
Time:                 32001
nIter:                9435
Best Iter:            9435
Improvement Count:    9434
==============================
Solution tour: 
0 
13 27 29 23 25 
6 23 6 25 19 25 
5 14 5 4 
20 18 20 23 24 
2 24 2 29 2 25 
17 25 30 
18 
12 
8 12 
9 12 
1 4 12 18 4 5 17 28 10 11 
15 11 
10 28 20 4 18 30 22 19 
==============================

====== Algorithm Status ======
Valor:                3752
Time:                 64000
nIter:                18756
Best Iter:            18756
Improvement Count:    18755
==============================
Solution tour: 
0 
13 27 29 23 25 
6 23 6 25 19 25 
5 14 5 4 
20 18 20 23 24 
2 24 2 29 2 25 
17 25 30 
18 
12 
8 12 
9 12 
1 4 12 18 4 5 17 28 10 11 
15 11 
10 28 20 4 18 30 22 19 
==============================

====== Algorithm Status ======
Valor:                3752
Time:                 128001
nIter:                37524
Best Iter:            37524
Improvement Count:    37523
==============================
Solution tour: 
0 
13 27 29 23 25 
6 23 6 25 19 25 
5 14 5 4 
20 18 20 23 24 
2 24 2 29 2 25 
17 25 30 
18 
12 
8 12 
9 12 
1 4 12 18 4 5 17 28 10 11 
15 11 
10 28 20 4 18 30 22 19 
==============================

====== Algorithm Status ======
Valor:                3752
Time:                 256000
nIter:                75032
Best Iter:            75032
Improvement Count:    75031
==============================
Solution tour: 
0 
13 27 29 23 25 
6 23 6 25 19 25 
5 14 5 4 
20 18 20 23 24 
2 24 2 29 2 25 
17 25 30 
18 
12 
8 12 
9 12 
1 4 12 18 4 5 17 28 10 11 
15 11 
10 28 20 4 18 30 22 19 
==============================

====== Algorithm Status ======
Valor:                3752
Time:                 512000
nIter:                149216
Best Iter:            149216
Improvement Count:    149215
==============================
Solution tour: 
0 
13 27 29 23 25 
6 23 6 25 19 25 
5 14 5 4 
20 18 20 23 24 
2 24 2 29 2 25 
17 25 30 
18 
12 
8 12 
9 12 
1 4 12 18 4 5 17 28 10 11 
15 11 
10 28 20 4 18 30 22 19 
==============================

====== Algorithm Status ======
Valor:                3797
Time:                 1024003
nIter:                295951
Best Iter:            295951
Improvement Count:    295952
==============================
Solution tour: 
0 3 0 19 25 23 29 27 29 2 24 
2 29 23 
14 5 28 20 
10 25 
5 25 
6 25 30 22 30 18 4 
8 12 
9 12 4 
18 20 4 
12 8 12 18 12 
1 4 
20 28 10 
7 10 11 15 
11 10 28 17 28 
==============================

====== Algorithm Status ======
Valor:                3797
Time:                 1024003
nIter:                295951
Best Iter:            295951
Improvement Count:    295952
==============================
Solution tour: 
0 3 0 19 25 23 29 27 29 2 24 
2 29 23 
14 5 28 20 
10 25 
5 25 
6 25 30 22 30 18 4 
8 12 
9 12 4 
18 20 4 
12 8 12 18 12 
1 4 
20 28 10 
7 10 11 15 
11 10 28 17 28 
==============================

