=========== Input ===========
File name:                ./instances/created-instances/mm-15-25-1762875.cdop
Total node count:         41
Truck node count:         15
Drone node count:         25
=============================

========== Settings ==========
Settings file:        ./settings/Memetic-LS_MPX_1099666.config
Seed:                 1099666
Reduction method:     -
Max iter:             1024000
Population size:      13
Crossover:            MA-MPX
Local Search:         -
Warm Start:           Mario_WS
==============================

====== Algorithm Status ======
Valor:                4342
Time:                 250
nIter:                234
Best Iter:            234
Improvement Count:    233
==============================
Solution tour: 
0 
5 
14 5 
2 18 
1 
10 35 24 37 19 32 
12 31 
3 31 23 19 37 31 
11 30 38 30 23 31 37 8 33 17 33 
8 
13 27 12 32 12 33 26 33 12 34 21 36 1 13 
9 
4 
7 9 18 28 11 20 13 
6 
==============================

====== Algorithm Status ======
Valor:                4342
Time:                 500
nIter:                483
Best Iter:            483
Improvement Count:    482
==============================
Solution tour: 
0 
5 
14 5 
2 18 
1 
10 35 24 37 19 32 
12 31 
3 31 23 19 37 31 
11 30 38 30 23 31 37 8 33 17 33 
8 
13 27 12 32 12 33 26 33 12 34 21 36 1 13 
9 
4 
7 9 18 28 11 20 13 
6 
==============================

====== Algorithm Status ======
Valor:                4440
Time:                 1000
nIter:                965
Best Iter:            965
Improvement Count:    964
==============================
Solution tour: 
0 
5 
14 5 
2 18 
1 
10 35 24 37 19 32 
12 31 
3 31 23 19 37 31 
11 30 38 30 23 31 37 8 33 17 33 
8 
13 27 12 32 12 33 26 33 12 34 21 36 1 13 
9 
4 
7 9 18 28 11 20 13 
==============================

====== Algorithm Status ======
Valor:                4440
Time:                 2000
nIter:                1987
Best Iter:            1987
Improvement Count:    1986
==============================
Solution tour: 
0 
5 
14 5 
2 18 
1 
10 35 24 37 19 32 
12 31 
3 31 23 19 37 31 
11 30 38 30 23 31 37 8 33 17 33 
8 
13 27 12 32 12 33 26 33 12 34 21 36 1 13 
9 
4 
7 9 18 28 11 20 13 
==============================

====== Algorithm Status ======
Valor:                4440
Time:                 4000
nIter:                3961
Best Iter:            3961
Improvement Count:    3960
==============================
Solution tour: 
0 
5 
14 5 
2 18 
1 
10 35 24 37 19 32 
12 31 
3 31 23 19 37 31 
11 30 38 30 23 31 37 8 33 17 33 
8 
13 27 12 32 12 33 26 33 12 34 21 36 1 13 
9 
4 
7 9 18 28 11 20 13 
==============================

====== Algorithm Status ======
Valor:                4440
Time:                 8002
nIter:                7888
Best Iter:            7888
Improvement Count:    7887
==============================
Solution tour: 
0 
5 
14 5 
2 18 
1 
10 35 24 37 19 32 
12 31 
3 31 23 19 37 31 
11 30 38 30 23 31 37 8 33 17 33 
8 
13 27 12 32 12 33 26 33 12 34 21 36 1 13 
9 
4 
7 9 18 28 11 20 13 
==============================

====== Algorithm Status ======
Valor:                4480
Time:                 16000
nIter:                15843
Best Iter:            15843
Improvement Count:    15842
==============================
Solution tour: 
0 
5 
14 5 
2 18 
1 
10 35 24 37 19 32 
12 31 
3 31 23 19 37 31 
11 30 38 30 23 31 37 8 33 17 33 
8 
13 27 12 32 12 33 26 33 12 34 21 36 1 13 
4 
9 
7 9 18 28 11 20 13 
==============================

====== Algorithm Status ======
Valor:                4480
Time:                 32000
nIter:                31768
Best Iter:            31768
Improvement Count:    31767
==============================
Solution tour: 
0 
5 
14 5 
2 18 
1 
10 35 24 37 19 32 
12 31 
3 31 23 19 37 31 
11 30 38 30 23 31 37 8 33 17 33 
8 
13 27 12 32 12 33 26 33 12 34 21 36 1 13 
4 
9 
7 9 18 28 11 20 13 
==============================

====== Algorithm Status ======
Valor:                4480
Time:                 64000
nIter:                63639
Best Iter:            63639
Improvement Count:    63638
==============================
Solution tour: 
0 
5 
14 5 
2 18 
1 
10 35 24 37 19 32 
12 31 
3 31 23 19 37 31 
11 30 38 30 23 31 37 8 33 17 33 
8 
13 27 12 32 12 33 26 33 12 34 21 36 1 13 
4 
9 
7 9 18 28 11 20 13 
==============================

====== Algorithm Status ======
Valor:                4509
Time:                 128000
nIter:                127723
Best Iter:            127723
Improvement Count:    127722
==============================
Solution tour: 
0 
5 
14 5 
2 18 
1 
10 35 24 37 19 32 
12 31 
3 31 23 19 37 31 
11 30 38 30 23 31 37 8 33 17 33 
8 
13 27 12 32 12 33 26 33 12 34 21 36 1 13 
6 
9 
7 9 18 28 11 20 13 
==============================

====== Algorithm Status ======
Valor:                4588
Time:                 256000
nIter:                263028
Best Iter:            263028
Improvement Count:    263027
==============================
Solution tour: 
0 
6 
9 
7 9 18 28 11 20 13 
5 
14 5 
2 18 
1 
10 35 24 37 19 32 
12 31 
3 31 23 19 37 31 
11 30 38 30 23 31 37 8 33 17 33 
8 
13 27 12 32 12 33 26 33 12 34 21 36 1 13 
==============================

====== Algorithm Status ======
Valor:                4588
Time:                 512000
nIter:                560470
Best Iter:            560470
Improvement Count:    560469
==============================
Solution tour: 
0 
6 
9 
7 9 18 28 11 20 13 
5 
14 5 
2 18 
1 
10 35 24 37 19 32 
12 31 
3 31 23 19 37 31 
11 30 38 30 23 31 37 8 33 17 33 
8 
13 27 12 32 12 33 26 33 12 34 21 36 1 13 
==============================

====== Algorithm Status ======
Valor:                4588
Time:                 1024001
nIter:                1153483
Best Iter:            1153483
Improvement Count:    1153484
==============================
Solution tour: 
0 
6 
9 
7 9 18 28 11 20 13 
5 
14 5 
2 18 
1 
10 35 24 37 19 32 
12 31 
3 31 23 19 37 31 
11 30 38 30 23 31 37 8 33 17 33 
8 
13 27 12 32 12 33 26 33 12 34 21 36 1 13 
==============================

====== Algorithm Status ======
Valor:                4588
Time:                 1024001
nIter:                1153483
Best Iter:            1153483
Improvement Count:    1153484
==============================
Solution tour: 
0 
6 
9 
7 9 18 28 11 20 13 
5 
14 5 
2 18 
1 
10 35 24 37 19 32 
12 31 
3 31 23 19 37 31 
11 30 38 30 23 31 37 8 33 17 33 
8 
13 27 12 32 12 33 26 33 12 34 21 36 1 13 
==============================

