=========== Input ===========
File name:                ./instances/created-instances/mm-5-40-1891798.cdop
Total node count:         46
Truck node count:         5
Drone node count:         40
=============================

========== Settings ==========
Settings file:        ./settings/Memetic_MMX_1099666.config
Seed:                 1099666
Reduction method:     -
Max iter:             1024000
Population size:      13
Crossover:            MA-MMX
Local Search:         LS
Warm Start:           Mario_WS
==============================

====== Algorithm Status ======
Valor:                6876
Time:                 266
nIter:                17
Best Iter:            17
Improvement Count:    16
==============================
Solution tour: 
0 33 18 38 11 21 11 38 33 38 21 38 2 8 2 45 14 29 14 16 7 16 43 1 16 7 
3 7 20 26 36 6 4 8 18 8 27 11 41 9 39 15 44 0 40 25 28 5 37 17 37 5 28 19 32 30 32 14 13 12 35 23 24 23 35 22 6 10 42 10 6 22 31 40 
==============================

====== Algorithm Status ======
Valor:                6871
Time:                 502
nIter:                35
Best Iter:            35
Improvement Count:    34
==============================
Solution tour: 
0 33 18 2 38 11 21 11 38 33 38 21 38 2 8 2 45 14 29 14 32 37 17 37 30 32 26 14 29 14 16 13 7 16 43 1 16 7 
3 7 20 26 36 6 4 8 18 8 2 11 41 9 39 15 44 33 0 40 25 28 5 37 17 37 5 28 32 30 32 14 12 35 23 24 23 35 22 6 10 42 10 6 22 45 19 31 40 
==============================

====== Algorithm Status ======
Valor:                7127
Time:                 1001
nIter:                87
Best Iter:            87
Improvement Count:    86
==============================
Solution tour: 
0 40 8 4 13 43 45 2 38 21 38 33 11 2 11 33 38 18 8 6 22 45 18 10 6 8 18 38 2 8 2 45 22 26 14 29 14 13 16 7 
3 7 20 36 6 4 8 41 9 39 15 44 40 31 25 28 5 37 17 37 5 32 30 32 14 35 23 24 23 35 12 43 22 6 10 42 10 4 6 45 19 31 40 
==============================

====== Algorithm Status ======
Valor:                7169
Time:                 2003
nIter:                177
Best Iter:            177
Improvement Count:    176
==============================
Solution tour: 
0 40 38 2 18 38 21 33 18 45 2 38 21 38 33 11 2 11 33 38 18 8 6 22 45 18 10 6 8 18 2 8 2 45 26 14 29 14 13 7 16 7 
3 7 20 36 6 4 8 41 9 39 15 44 40 31 25 28 5 37 17 37 5 32 30 32 14 35 23 24 23 35 12 43 22 6 10 42 10 4 6 45 19 31 40 
==============================

====== Algorithm Status ======
Valor:                7450
Time:                 4000
nIter:                399
Best Iter:            399
Improvement Count:    398
==============================
Solution tour: 
0 40 0 18 33 0 33 18 38 2 8 2 45 2 38 21 38 33 11 2 11 33 38 18 8 4 6 22 26 14 29 14 12 13 7 16 7 
3 7 20 36 6 4 8 18 11 41 9 39 15 44 40 25 28 5 37 17 37 5 32 30 32 14 23 24 23 35 12 43 22 6 10 42 10 6 45 19 31 40 
==============================

====== Algorithm Status ======
Valor:                7539
Time:                 8006
nIter:                808
Best Iter:            808
Improvement Count:    807
==============================
Solution tour: 
0 40 0 33 21 33 0 18 38 2 8 2 45 2 38 21 38 33 11 2 11 33 38 18 8 4 6 22 26 14 29 14 12 13 7 16 7 
3 7 20 36 6 4 8 18 10 27 11 41 9 39 15 44 40 25 28 5 37 17 37 5 32 30 32 14 23 24 23 35 12 43 22 6 10 42 10 6 19 31 40 
==============================

====== Algorithm Status ======
Valor:                7530
Time:                 16003
nIter:                1539
Best Iter:            1539
Improvement Count:    1538
==============================
Solution tour: 
0 40 0 33 21 19 21 33 0 18 38 2 8 2 45 2 38 21 38 33 11 2 11 33 38 18 8 4 6 22 26 14 29 14 12 13 7 16 7 
3 7 20 36 6 4 8 18 10 27 41 9 39 15 44 40 25 28 5 37 17 37 5 32 30 32 14 23 24 23 35 12 43 22 6 10 42 10 6 19 31 40 
==============================

====== Algorithm Status ======
Valor:                7845
Time:                 32003
nIter:                2987
Best Iter:            2987
Improvement Count:    2986
==============================
Solution tour: 
0 33 21 19 21 33 0 18 38 2 8 2 45 2 38 21 38 33 11 2 11 33 38 18 8 4 6 22 26 14 29 14 35 12 20 7 16 7 
3 7 13 43 13 4 10 6 4 8 18 10 27 41 9 39 15 9 44 40 25 28 5 32 30 37 17 37 5 37 30 32 14 23 35 23 24 23 26 36 22 6 10 42 10 18 0 40 31 40 
==============================

====== Algorithm Status ======
Valor:                7845
Time:                 64002
nIter:                5812
Best Iter:            5812
Improvement Count:    5811
==============================
Solution tour: 
0 33 21 19 21 33 0 18 38 2 8 2 45 2 38 21 38 33 11 2 11 33 38 18 8 4 10 6 22 26 14 29 14 35 23 35 12 20 7 16 7 
3 7 13 43 13 4 6 4 8 18 10 27 41 9 39 15 9 44 40 25 28 5 32 30 37 17 37 5 37 30 32 14 23 24 23 26 36 22 6 10 42 10 18 0 40 31 40 
==============================

====== Algorithm Status ======
Valor:                7845
Time:                 128001
nIter:                11695
Best Iter:            11695
Improvement Count:    11694
==============================
Solution tour: 
0 33 21 19 21 33 0 18 38 2 8 2 45 2 38 21 38 33 11 2 11 33 38 18 8 4 10 6 22 26 14 29 14 35 23 35 12 20 7 16 7 
3 7 13 43 13 4 6 4 8 18 10 27 41 9 39 15 9 44 40 25 28 5 32 30 37 17 37 5 37 30 32 14 23 24 23 26 36 22 6 10 42 10 18 0 40 31 40 
==============================

====== Algorithm Status ======
Valor:                7845
Time:                 256002
nIter:                23496
Best Iter:            23496
Improvement Count:    23495
==============================
Solution tour: 
0 33 21 19 21 33 0 18 38 2 8 2 45 2 38 21 38 33 11 2 11 33 38 18 8 4 10 6 22 26 14 29 14 35 23 35 12 20 7 16 7 
3 7 13 43 13 4 6 4 8 18 10 27 41 9 39 15 9 44 40 25 28 5 32 30 37 17 37 5 37 30 32 14 23 24 23 26 36 22 6 10 42 10 18 0 40 31 40 
==============================

====== Algorithm Status ======
Valor:                7845
Time:                 512000
nIter:                46790
Best Iter:            46790
Improvement Count:    46789
==============================
Solution tour: 
0 33 21 19 21 33 0 18 38 2 8 2 45 2 38 21 38 33 11 2 11 33 38 18 8 4 10 6 22 26 14 29 14 35 23 35 12 20 7 16 7 
3 7 13 43 13 4 6 4 8 18 10 27 41 9 39 15 9 44 40 25 28 5 32 30 37 17 37 5 37 30 32 14 23 24 23 26 36 22 6 10 42 10 18 0 40 31 40 
==============================

====== Algorithm Status ======
Valor:                7845
Time:                 1024008
nIter:                93212
Best Iter:            93212
Improvement Count:    93213
==============================
Solution tour: 
0 33 21 19 21 33 0 18 38 2 8 2 45 2 38 21 38 33 11 2 11 33 38 18 8 4 10 6 22 26 14 29 14 35 23 35 12 20 7 16 7 
3 7 13 43 13 4 6 4 8 18 10 27 41 9 39 15 9 44 40 25 28 5 32 30 37 17 37 5 37 30 32 14 23 24 23 26 36 22 6 10 42 10 18 0 40 31 40 
==============================

====== Algorithm Status ======
Valor:                7845
Time:                 1024008
nIter:                93212
Best Iter:            93212
Improvement Count:    93213
==============================
Solution tour: 
0 33 21 19 21 33 0 18 38 2 8 2 45 2 38 21 38 33 11 2 11 33 38 18 8 4 10 6 22 26 14 29 14 35 23 35 12 20 7 16 7 
3 7 13 43 13 4 6 4 8 18 10 27 41 9 39 15 9 44 40 25 28 5 32 30 37 17 37 5 37 30 32 14 23 24 23 26 36 22 6 10 42 10 18 0 40 31 40 
==============================

