=========== Input ===========
File name:                ./instances/created-instances/mm-15-25-1767920.cdop
Total node count:         41
Truck node count:         15
Drone node count:         25
=============================

========== Settings ==========
Settings file:        ./settings/Memetic-LS_MPX_1099666.config
Seed:                 1099666
Reduction method:     -
Max iter:             1024000
Population size:      13
Crossover:            MA-MPX
Local Search:         -
Warm Start:           Mario_WS
==============================

====== Algorithm Status ======
Valor:                3752
Time:                 250
nIter:                285
Best Iter:            285
Improvement Count:    284
==============================
Solution tour: 
0 38 
14 40 
11 18 
4 
5 32 16 
2 
7 31 0 
8 
12 14 37 40 34 1 20 1 28 16 
6 
9 27 9 
10 15 10 15 27 9 
3 16 25 23 7 25 7 8 17 16 17 
1 17 7 4 21 4 7 24 
13 26 20 
==============================

====== Algorithm Status ======
Valor:                3752
Time:                 500
nIter:                560
Best Iter:            560
Improvement Count:    559
==============================
Solution tour: 
0 38 
14 40 
11 18 
4 
5 32 16 
2 
7 31 0 
8 
12 14 37 40 34 1 20 1 28 16 
6 
9 27 9 
10 15 10 15 27 9 
3 16 25 23 7 25 7 8 17 16 17 
1 17 7 4 21 4 7 24 
13 26 20 
==============================

====== Algorithm Status ======
Valor:                3752
Time:                 1000
nIter:                1109
Best Iter:            1109
Improvement Count:    1108
==============================
Solution tour: 
0 38 
14 40 
11 18 
4 
5 32 16 
2 
7 31 0 
8 
12 14 37 40 34 1 20 1 28 16 
6 
9 27 9 
10 15 10 15 27 9 
3 16 25 23 7 25 7 8 17 16 17 
1 17 7 4 21 4 7 24 
13 26 20 
==============================

====== Algorithm Status ======
Valor:                3752
Time:                 2000
nIter:                2202
Best Iter:            2202
Improvement Count:    2201
==============================
Solution tour: 
0 38 
14 40 
11 18 
4 
5 32 16 
2 
7 31 0 
8 
12 14 37 40 34 1 20 1 28 16 
6 
9 27 9 
10 15 10 15 27 9 
3 16 25 23 7 25 7 8 17 16 17 
1 17 7 4 21 4 7 24 
13 26 20 
==============================

====== Algorithm Status ======
Valor:                3752
Time:                 4000
nIter:                4335
Best Iter:            4335
Improvement Count:    4334
==============================
Solution tour: 
0 38 
14 40 
11 18 
4 
5 32 16 
2 
7 31 0 
8 
12 14 37 40 34 1 20 1 28 16 
6 
9 27 9 
10 15 10 15 27 9 
3 16 25 23 7 25 7 8 17 16 17 
1 17 7 4 21 4 7 24 
13 26 20 
==============================

====== Algorithm Status ======
Valor:                3752
Time:                 8002
nIter:                8670
Best Iter:            8670
Improvement Count:    8669
==============================
Solution tour: 
0 38 
14 40 
11 18 
4 
5 32 16 
2 
7 31 0 
8 
12 14 37 40 34 1 20 1 28 16 
6 
9 27 9 
10 15 10 15 27 9 
3 16 25 23 7 25 7 8 17 16 17 
1 17 7 4 21 4 7 24 
13 26 20 
==============================

====== Algorithm Status ======
Valor:                3775
Time:                 16000
nIter:                17332
Best Iter:            17332
Improvement Count:    17331
==============================
Solution tour: 
0 38 
14 
11 18 
4 
5 32 16 
2 
7 31 0 
8 
12 14 37 40 34 1 20 1 28 16 
6 
9 27 9 
10 15 10 15 27 9 
3 16 25 23 7 25 7 8 17 16 17 
1 17 7 4 21 4 7 24 
13 26 20 
==============================

====== Algorithm Status ======
Valor:                3786
Time:                 32000
nIter:                34746
Best Iter:            34746
Improvement Count:    34745
==============================
Solution tour: 
0 31 
14 
11 18 
4 
5 32 16 
2 
7 31 0 
8 
12 14 37 40 34 1 20 1 28 16 
6 
9 27 9 
10 15 10 15 27 9 
3 16 25 23 7 25 7 8 17 16 17 
1 17 7 4 21 4 7 24 
13 26 20 
==============================

====== Algorithm Status ======
Valor:                3786
Time:                 64000
nIter:                69661
Best Iter:            69661
Improvement Count:    69660
==============================
Solution tour: 
0 31 
14 
11 18 
4 
5 32 16 
2 
7 31 0 
8 
12 14 37 40 34 1 20 1 28 16 
6 
9 27 9 
10 15 10 15 27 9 
3 16 25 23 7 25 7 8 17 16 17 
1 17 7 4 21 4 7 24 
13 26 20 
==============================

====== Algorithm Status ======
Valor:                3819
Time:                 128001
nIter:                139026
Best Iter:            139026
Improvement Count:    139025
==============================
Solution tour: 
0 22 20 
11 18 
4 
5 32 16 
2 
7 31 0 
8 
12 14 37 40 34 1 20 1 28 16 
6 
9 27 9 
15 
10 15 10 15 27 9 
3 16 25 23 7 25 7 8 17 16 17 
1 17 7 4 21 4 7 24 
13 26 20 
==============================

====== Algorithm Status ======
Valor:                3864
Time:                 256000
nIter:                275028
Best Iter:            275028
Improvement Count:    275027
==============================
Solution tour: 
0 22 20 
14 
11 18 
4 
5 32 16 
2 
7 31 0 
8 
12 14 37 40 34 1 20 1 28 16 
9 27 9 
15 
10 15 10 15 27 9 
3 16 25 23 7 25 7 8 17 16 17 
1 17 7 4 21 4 7 24 
13 26 20 
==============================

====== Algorithm Status ======
Valor:                4051
Time:                 512000
nIter:                544726
Best Iter:            544726
Improvement Count:    544725
==============================
Solution tour: 
0 22 20 26 
11 37 18 
4 
5 32 16 
6 16 32 
2 
7 31 0 
8 
12 14 40 34 1 20 1 28 16 
9 27 9 
15 
10 15 10 15 27 9 
3 16 25 23 7 25 7 8 17 16 17 
1 17 7 4 21 4 7 24 
13 26 20 
==============================

====== Algorithm Status ======
Valor:                4058
Time:                 1024001
nIter:                1065217
Best Iter:            1065217
Improvement Count:    1065218
==============================
Solution tour: 
0 22 20 26 
11 37 18 
4 
5 32 16 
6 16 32 
2 
7 31 0 
8 
12 14 40 34 1 20 1 28 16 
9 27 9 
15 
10 15 10 15 27 9 
3 16 25 23 7 25 7 8 17 16 17 
1 17 7 4 21 4 7 24 
13 20 
==============================

====== Algorithm Status ======
Valor:                4058
Time:                 1024001
nIter:                1065217
Best Iter:            1065217
Improvement Count:    1065218
==============================
Solution tour: 
0 22 20 26 
11 37 18 
4 
5 32 16 
6 16 32 
2 
7 31 0 
8 
12 14 40 34 1 20 1 28 16 
9 27 9 
15 
10 15 10 15 27 9 
3 16 25 23 7 25 7 8 17 16 17 
1 17 7 4 21 4 7 24 
13 20 
==============================

