=========== Input ===========
File name:                ./instances/created-instances/mm-10-25-1762875.cdop
Total node count:         36
Truck node count:         10
Drone node count:         25
=============================

========== Settings ==========
Settings file:        ./settings/Memetic-LS_MPX_1287823.config
Seed:                 1287823
Reduction method:     -
Max iter:             1024000
Population size:      13
Crossover:            MA-MPX
Local Search:         -
Warm Start:           Mario_WS
==============================

====== Algorithm Status ======
Valor:                4036
Time:                 250
nIter:                236
Best Iter:            236
Improvement Count:    235
==============================
Solution tour: 
0 6 27 32 
2 27 16 29 35 32 10 12 19 
1 22 33 
3 8 31 8 30 25 31 15 24 23 14 30 8 24 
8 21 28 
5 27 
9 
4 29 16 24 11 26 20 35 
7 34 15 18 17 
6 
==============================

====== Algorithm Status ======
Valor:                4036
Time:                 502
nIter:                480
Best Iter:            480
Improvement Count:    479
==============================
Solution tour: 
0 6 27 32 
2 27 16 29 35 32 10 12 19 
1 22 33 
3 8 31 8 30 25 31 15 24 23 14 30 8 24 
8 21 28 
5 27 
9 
4 29 16 24 11 26 20 35 
7 34 15 18 17 
6 
==============================

====== Algorithm Status ======
Valor:                4036
Time:                 1001
nIter:                944
Best Iter:            944
Improvement Count:    943
==============================
Solution tour: 
0 6 27 32 
2 27 16 29 35 32 10 12 19 
1 22 33 
3 8 31 8 30 25 31 15 24 23 14 30 8 24 
8 21 28 
5 27 
9 
4 29 16 24 11 26 20 35 
7 34 15 18 17 
6 
==============================

====== Algorithm Status ======
Valor:                4036
Time:                 2000
nIter:                1910
Best Iter:            1910
Improvement Count:    1909
==============================
Solution tour: 
0 6 27 32 
2 27 16 29 35 32 10 12 19 
1 22 33 
3 8 31 8 30 25 31 15 24 23 14 30 8 24 
8 21 28 
5 27 
9 
4 29 16 24 11 26 20 35 
7 34 15 18 17 
6 
==============================

====== Algorithm Status ======
Valor:                4036
Time:                 4000
nIter:                3798
Best Iter:            3798
Improvement Count:    3797
==============================
Solution tour: 
0 6 27 32 
2 27 16 29 35 32 10 12 19 
1 22 33 
3 8 31 8 30 25 31 15 24 23 14 30 8 24 
8 21 28 
5 27 
9 
4 29 16 24 11 26 20 35 
7 34 15 18 17 
6 
==============================

====== Algorithm Status ======
Valor:                4036
Time:                 8001
nIter:                7695
Best Iter:            7695
Improvement Count:    7694
==============================
Solution tour: 
0 6 27 32 
2 27 16 29 35 32 10 12 19 
1 22 33 
3 8 31 8 30 25 31 15 24 23 14 30 8 24 
8 21 28 
5 27 
9 
4 29 16 24 11 26 20 35 
7 34 15 18 17 
6 
==============================

====== Algorithm Status ======
Valor:                4036
Time:                 16000
nIter:                15601
Best Iter:            15601
Improvement Count:    15600
==============================
Solution tour: 
0 6 27 32 
2 27 16 29 35 32 10 12 19 
1 22 33 
3 8 31 8 30 25 31 15 24 23 14 30 8 24 
8 21 28 
5 27 
9 
4 29 16 24 11 26 20 35 
7 34 15 18 17 
6 
==============================

====== Algorithm Status ======
Valor:                4061
Time:                 32000
nIter:                30830
Best Iter:            30830
Improvement Count:    30829
==============================
Solution tour: 
0 6 27 32 
2 27 16 29 35 32 10 12 19 
10 
1 22 15 33 
3 8 31 8 30 25 31 15 24 23 14 30 8 24 
8 21 28 
5 27 
9 
4 29 16 24 11 26 20 35 
7 34 24 18 17 
6 
==============================

====== Algorithm Status ======
Valor:                4187
Time:                 64001
nIter:                61470
Best Iter:            61470
Improvement Count:    61469
==============================
Solution tour: 
0 6 27 32 
2 34 16 29 35 32 10 12 19 
10 
1 22 19 15 33 
3 8 31 8 30 25 31 15 24 14 24 8 24 
8 21 28 
5 13 
6 
9 
4 29 16 24 11 26 20 35 
7 27 18 17 
==============================

====== Algorithm Status ======
Valor:                4373
Time:                 128000
nIter:                119569
Best Iter:            119569
Improvement Count:    119568
==============================
Solution tour: 
0 6 13 32 
2 34 16 29 21 35 32 10 32 19 12 
10 
1 22 19 15 33 8 25 8 31 8 30 
3 31 15 24 14 24 8 24 
9 
4 29 16 24 11 26 20 35 
7 27 18 17 
8 21 28 
5 13 
6 
==============================

====== Algorithm Status ======
Valor:                4405
Time:                 256000
nIter:                231161
Best Iter:            231161
Improvement Count:    231160
==============================
Solution tour: 
0 6 13 32 
2 34 16 29 21 35 32 10 32 19 12 
10 
1 22 19 15 33 8 25 30 8 31 8 30 
3 31 15 24 14 24 8 24 
9 
4 29 16 24 11 26 20 35 
7 27 18 17 21 
8 21 28 
5 13 
6 
==============================

====== Algorithm Status ======
Valor:                4553
Time:                 512002
nIter:                447523
Best Iter:            447523
Improvement Count:    447522
==============================
Solution tour: 
0 6 13 32 
2 34 16 29 21 35 32 10 32 19 12 
10 
1 22 33 21 8 25 30 8 31 8 30 
3 31 15 24 14 24 8 24 17 
4 
9 16 24 11 26 20 15 35 
7 27 18 17 
8 21 28 
5 13 
6 
==============================

====== Algorithm Status ======
Valor:                4759
Time:                 1024001
nIter:                871872
Best Iter:            871872
Improvement Count:    871873
==============================
Solution tour: 
0 6 13 32 
2 34 16 29 21 29 35 32 10 32 19 12 1 22 
1 
10 32 33 21 8 25 30 
3 31 8 30 8 31 24 17 24 8 24 14 
4 
9 16 15 20 26 11 15 35 
7 27 17 18 17 
8 21 28 21 
5 13 
6 
==============================

====== Algorithm Status ======
Valor:                4759
Time:                 1024001
nIter:                871872
Best Iter:            871872
Improvement Count:    871873
==============================
Solution tour: 
0 6 13 32 
2 34 16 29 21 29 35 32 10 32 19 12 1 22 
1 
10 32 33 21 8 25 30 
3 31 8 30 8 31 24 17 24 8 24 14 
4 
9 16 15 20 26 11 15 35 
7 27 17 18 17 
8 21 28 21 
5 13 
6 
==============================

