=========== Input ===========
File name:                ./instances/created-instances/mm-20-10-1762875.cdop
Total node count:         31
Truck node count:         20
Drone node count:         10
=============================

========== Settings ==========
Settings file:        ./settings/Memetic-LS_MMX_1099666.config
Seed:                 1099666
Reduction method:     -
Max iter:             1024000
Population size:      13
Crossover:            MA-MMX
Local Search:         -
Warm Start:           Mario_WS
==============================

====== Algorithm Status ======
Valor:                2122
Time:                 250
nIter:                713
Best Iter:            713
Improvement Count:    712
==============================
Solution tour: 
0 
14 
17 25 
10 25 
12 21 
8 29 
3 22 
1 22 12 
11 30 
18 
15 
13 
9 8 
4 
6 
==============================

====== Algorithm Status ======
Valor:                2301
Time:                 500
nIter:                1456
Best Iter:            1456
Improvement Count:    1455
==============================
Solution tour: 
0 
14 25 
17 25 
10 25 
12 21 
8 29 
3 22 
1 22 12 
11 30 
18 8 
13 
9 8 
4 
6 
==============================

====== Algorithm Status ======
Valor:                2341
Time:                 1000
nIter:                2948
Best Iter:            2948
Improvement Count:    2947
==============================
Solution tour: 
0 
14 25 
17 25 
10 25 
12 21 
8 29 22 
3 22 
1 22 12 
11 30 
18 3 22 
13 
9 8 
4 
6 
==============================

====== Algorithm Status ======
Valor:                2341
Time:                 2000
nIter:                5878
Best Iter:            5878
Improvement Count:    5877
==============================
Solution tour: 
0 
14 25 
17 25 
10 25 
12 21 
8 29 22 
3 22 
1 22 12 
11 30 
18 3 22 
13 
9 8 
4 
6 
==============================

====== Algorithm Status ======
Valor:                2610
Time:                 4000
nIter:                11589
Best Iter:            11589
Improvement Count:    11588
==============================
Solution tour: 
0 6 
14 25 
17 25 
10 25 
12 21 
8 29 27 22 
3 25 22 
1 22 12 
11 30 8 
18 3 22 
13 
9 8 21 
19 
6 
==============================

====== Algorithm Status ======
Valor:                2698
Time:                 8000
nIter:                23027
Best Iter:            23027
Improvement Count:    23026
==============================
Solution tour: 
0 6 
14 25 
17 25 
10 25 
12 21 
8 29 28 22 27 22 
3 25 22 
1 22 12 
11 30 
18 3 22 
13 
9 
19 
6 
==============================

====== Algorithm Status ======
Valor:                2882
Time:                 16001
nIter:                45141
Best Iter:            45141
Improvement Count:    45140
==============================
Solution tour: 
0 6 
14 25 
17 25 
10 25 
12 21 
8 9 
19 23 28 22 
1 22 
3 25 27 22 12 22 27 
11 30 
18 3 22 
13 
9 
6 
==============================

====== Algorithm Status ======
Valor:                2962
Time:                 32000
nIter:                90083
Best Iter:            90083
Improvement Count:    90082
==============================
Solution tour: 
0 6 0 
14 25 
17 25 
10 25 
12 21 
8 9 
19 23 28 22 
1 22 
3 25 27 22 12 22 27 
11 30 
18 3 22 
13 
9 
6 
==============================

====== Algorithm Status ======
Valor:                3063
Time:                 64000
nIter:                177451
Best Iter:            177451
Improvement Count:    177450
==============================
Solution tour: 
0 6 0 
14 25 
17 25 
10 25 
12 21 
8 9 
19 23 28 22 
1 22 
3 25 27 22 12 22 27 30 
11 30 
18 8 3 22 
13 9 
6 24 
==============================

====== Algorithm Status ======
Valor:                3337
Time:                 128000
nIter:                343373
Best Iter:            343373
Improvement Count:    343372
==============================
Solution tour: 
0 6 0 
14 25 
17 25 
10 25 
12 21 19 
8 19 9 
19 23 28 22 
3 25 27 22 4 22 12 22 27 30 
11 30 
18 3 22 
13 9 26 
20 26 9 
6 24 
==============================

====== Algorithm Status ======
Valor:                3563
Time:                 256000
nIter:                648746
Best Iter:            648746
Improvement Count:    648745
==============================
Solution tour: 
0 6 0 
14 25 
17 25 
10 25 3 27 18 
8 18 9 19 9 13 19 23 28 22 
3 25 27 22 4 22 12 22 27 30 
11 30 
18 3 18 3 22 
13 9 26 27 26 9 
6 24 
==============================

====== Algorithm Status ======
Valor:                3724
Time:                 512000
nIter:                1196834
Best Iter:            1196834
Improvement Count:    1196833
==============================
Solution tour: 
0 6 0 
14 25 
17 25 12 11 12 25 
10 25 3 18 
8 9 19 9 13 23 19 23 28 22 12 23 12 22 27 21 27 22 3 30 
11 30 
18 3 22 
13 9 26 27 26 9 
6 24 
==============================

====== Algorithm Status ======
Valor:                3930
Time:                 1024001
nIter:                2151183
Best Iter:            2151183
Improvement Count:    2151184
==============================
Solution tour: 
0 6 0 
14 25 
17 25 12 11 12 25 
10 25 3 18 
8 18 19 9 19 23 19 6 9 13 23 5 23 12 22 4 8 4 22 27 22 30 
11 30 
18 3 22 21 
13 9 26 27 26 9 
6 24 
==============================

====== Algorithm Status ======
Valor:                3930
Time:                 1024001
nIter:                2151183
Best Iter:            2151183
Improvement Count:    2151184
==============================
Solution tour: 
0 6 0 
14 25 
17 25 12 11 12 25 
10 25 3 18 
8 18 19 9 19 23 19 6 9 13 23 5 23 12 22 4 8 4 22 27 22 30 
11 30 
18 3 22 21 
13 9 26 27 26 9 
6 24 
==============================

