=========== Input ===========
File name:                ./instances/created-instances/mm-15-40-1762875.cdop
Total node count:         56
Truck node count:         15
Drone node count:         40
=============================

========== Settings ==========
Settings file:        ./settings/Memetic-LS_MMX_1287823.config
Seed:                 1287823
Reduction method:     -
Max iter:             1024000
Population size:      13
Crossover:            MA-MMX
Local Search:         -
Warm Start:           Mario_WS
==============================

====== Algorithm Status ======
Valor:                5171
Time:                 250
nIter:                185
Best Iter:            185
Improvement Count:    184
==============================
Solution tour: 
0 
5 36 5 41 
14 49 
2 49 23 19 21 
1 24 35 27 35 32 26 12 
10 
12 35 47 42 
3 18 42 33 17 
11 
8 53 30 38 30 45 54 55 
13 29 6 52 13 
9 48 9 37 44 
4 0 50 34 35 12 47 33 
7 48 
6 48 
==============================

====== Algorithm Status ======
Valor:                5171
Time:                 502
nIter:                375
Best Iter:            375
Improvement Count:    374
==============================
Solution tour: 
0 
5 36 5 41 
14 49 
2 49 23 19 21 
1 24 35 27 35 32 26 12 
10 
12 35 47 42 
3 18 42 33 17 
11 
8 53 30 38 30 45 54 55 
13 29 6 52 13 
9 48 9 37 44 
4 0 50 34 35 12 47 33 
7 48 
6 48 
==============================

====== Algorithm Status ======
Valor:                5171
Time:                 1000
nIter:                753
Best Iter:            753
Improvement Count:    752
==============================
Solution tour: 
0 
5 36 5 41 
14 49 
2 49 23 19 21 
1 24 35 27 35 32 26 12 
10 
12 35 47 42 
3 18 42 33 17 
11 
8 53 30 38 30 45 54 55 
13 29 6 52 13 
9 48 9 37 44 
4 0 50 34 35 12 47 33 
7 48 
6 48 
==============================

====== Algorithm Status ======
Valor:                5171
Time:                 2000
nIter:                1556
Best Iter:            1556
Improvement Count:    1555
==============================
Solution tour: 
0 
5 36 5 41 
14 49 
2 49 23 19 21 
1 24 35 27 35 32 26 12 
10 
12 35 47 42 
3 18 42 33 17 
11 
8 53 30 38 30 45 54 55 
13 29 6 52 13 
9 48 9 37 44 
4 0 50 34 35 12 47 33 
7 48 
6 48 
==============================

====== Algorithm Status ======
Valor:                5171
Time:                 4000
nIter:                3045
Best Iter:            3045
Improvement Count:    3044
==============================
Solution tour: 
0 
5 36 5 41 
14 49 
2 49 23 19 21 
1 24 35 27 35 32 26 12 
10 
12 35 47 42 
3 18 42 33 17 
11 
8 53 30 38 30 45 54 55 
13 29 6 52 13 
9 48 9 37 44 
4 0 50 34 35 12 47 33 
7 48 
6 48 
==============================

====== Algorithm Status ======
Valor:                5171
Time:                 8000
nIter:                6102
Best Iter:            6102
Improvement Count:    6101
==============================
Solution tour: 
0 
5 36 5 41 
14 49 
2 49 23 19 21 
1 24 35 27 35 32 26 12 
10 
12 35 47 42 
3 18 42 33 17 
11 
8 53 30 38 30 45 54 55 
13 29 6 52 13 
9 48 9 37 44 
4 0 50 34 35 12 47 33 
7 48 
6 48 
==============================

====== Algorithm Status ======
Valor:                5171
Time:                 16002
nIter:                12210
Best Iter:            12210
Improvement Count:    12209
==============================
Solution tour: 
0 
5 36 5 41 
14 49 
2 49 23 19 21 
1 24 35 27 35 32 26 12 
10 
12 35 47 42 
3 18 42 33 17 
11 
8 53 30 38 30 45 54 55 
13 29 6 52 13 
9 48 9 37 44 
4 0 50 34 35 12 47 33 
7 48 
6 48 
==============================

====== Algorithm Status ======
Valor:                5171
Time:                 32000
nIter:                24437
Best Iter:            24437
Improvement Count:    24436
==============================
Solution tour: 
0 
5 36 5 41 
14 49 
2 49 23 19 21 
1 24 35 27 35 32 26 12 
10 
12 35 47 42 
3 18 42 33 17 
11 
8 53 30 38 30 45 54 55 
13 29 6 52 13 
9 48 9 37 44 
4 0 50 34 35 12 47 33 
7 48 
6 48 
==============================

====== Algorithm Status ======
Valor:                5252
Time:                 64003
nIter:                48588
Best Iter:            48588
Improvement Count:    48587
==============================
Solution tour: 
0 
5 36 5 41 
14 49 
2 49 23 19 21 
1 24 35 27 35 32 26 12 
10 
12 35 47 42 47 
3 18 42 33 17 
11 
8 53 30 38 30 45 54 55 
13 29 6 52 13 
9 48 9 37 44 
4 0 50 34 35 12 47 33 37 9 
6 48 
==============================

====== Algorithm Status ======
Valor:                5448
Time:                 128007
nIter:                96073
Best Iter:            96073
Improvement Count:    96072
==============================
Solution tour: 
0 
5 36 5 41 
14 49 
2 49 23 19 21 
1 24 35 27 35 32 26 32 12 
10 
12 35 47 42 47 
3 18 42 33 17 
11 
8 53 30 38 30 38 30 45 54 55 
13 29 6 
9 48 9 37 44 
4 0 48 37 34 35 12 47 12 33 37 9 
6 48 
==============================

====== Algorithm Status ======
Valor:                5706
Time:                 256000
nIter:                191315
Best Iter:            191315
Improvement Count:    191314
==============================
Solution tour: 
0 6 
5 36 5 41 
14 41 49 
2 49 23 19 23 19 21 
1 24 35 27 35 32 26 32 12 
10 
12 35 
3 18 42 33 42 33 17 
11 
8 53 30 38 30 45 54 55 
13 29 6 
9 48 43 6 48 6 48 9 37 44 37 34 47 12 47 35 47 33 37 48 
==============================

====== Algorithm Status ======
Valor:                5970
Time:                 512001
nIter:                362996
Best Iter:            362996
Improvement Count:    362995
==============================
Solution tour: 
0 48 6 
5 36 5 41 
14 41 49 
2 49 23 19 23 19 21 
1 24 27 35 27 32 26 32 12 
10 
12 35 12 47 
3 18 42 33 17 33 17 
11 
8 31 53 30 38 30 45 54 55 
13 29 6 48 6 43 6 48 9 37 44 37 34 37 8 47 35 47 33 37 48 
==============================

====== Algorithm Status ======
Valor:                6028
Time:                 1024001
nIter:                705158
Best Iter:            705158
Improvement Count:    705159
==============================
Solution tour: 
0 48 6 
5 36 5 41 
14 41 49 
2 49 23 19 23 21 
1 24 27 35 27 32 26 32 12 
10 
12 35 12 47 12 47 
3 18 17 33 42 33 17 
11 
8 31 53 30 38 30 45 54 55 
13 29 6 48 6 43 6 48 9 37 44 37 34 37 8 47 35 47 8 9 48 
==============================

====== Algorithm Status ======
Valor:                6028
Time:                 1024001
nIter:                705158
Best Iter:            705158
Improvement Count:    705159
==============================
Solution tour: 
0 48 6 
5 36 5 41 
14 41 49 
2 49 23 19 23 21 
1 24 27 35 27 32 26 32 12 
10 
12 35 12 47 12 47 
3 18 17 33 42 33 17 
11 
8 31 53 30 38 30 45 54 55 
13 29 6 48 6 43 6 48 9 37 44 37 34 37 8 47 35 47 8 9 48 
==============================

