=========== Input ===========
File name:                ./instances/created-instances/mm-15-10-1762875.cdop
Total node count:         26
Truck node count:         15
Drone node count:         10
=============================

========== Settings ==========
Settings file:        ./settings/Memetic_MMX_1099666.config
Seed:                 1099666
Reduction method:     -
Max iter:             1024000
Population size:      13
Crossover:            MA-MMX
Local Search:         LS
Warm Start:           Mario_WS
==============================

====== Algorithm Status ======
Valor:                3742
Time:                 253
nIter:                65
Best Iter:            65
Improvement Count:    64
==============================
Solution tour: 
0 5 13 9 19 23 11 18 20 18 11 3 11 23 19 23 10 17 10 5 16 5 21 10 21 
12 8 20 15 20 17 11 17 20 19 25 19 24 19 9 13 5 6 0 6 2 
6 5 
==============================

====== Algorithm Status ======
Valor:                3742
Time:                 501
nIter:                129
Best Iter:            129
Improvement Count:    128
==============================
Solution tour: 
0 5 13 9 19 23 11 18 20 18 11 3 11 23 19 23 10 17 10 5 16 5 21 10 21 
12 8 20 15 20 17 11 17 20 19 25 19 24 19 9 13 5 6 0 6 2 
6 5 
==============================

====== Algorithm Status ======
Valor:                3784
Time:                 1000
nIter:                250
Best Iter:            250
Improvement Count:    249
==============================
Solution tour: 
0 5 13 9 19 25 19 23 11 18 17 20 18 11 3 11 17 21 10 17 10 21 
12 8 20 15 20 17 11 17 18 20 11 23 19 24 19 9 13 5 16 7 6 
2 6 5 
==============================

====== Algorithm Status ======
Valor:                3861
Time:                 2000
nIter:                480
Best Iter:            480
Improvement Count:    479
==============================
Solution tour: 
0 5 13 9 19 25 19 23 11 18 17 20 18 11 3 11 17 21 1 21 10 17 10 21 
12 8 18 20 25 15 25 20 15 20 17 11 23 19 24 19 9 13 5 16 5 6 
2 6 5 
==============================

====== Algorithm Status ======
Valor:                3861
Time:                 4003
nIter:                943
Best Iter:            943
Improvement Count:    942
==============================
Solution tour: 
0 5 13 9 19 25 19 23 11 18 17 20 18 11 3 11 17 21 1 21 10 17 10 21 
12 8 18 20 25 15 25 20 15 20 17 11 23 19 24 19 9 13 5 16 5 6 
2 6 5 
==============================

====== Algorithm Status ======
Valor:                3861
Time:                 8000
nIter:                1858
Best Iter:            1858
Improvement Count:    1857
==============================
Solution tour: 
0 5 13 9 19 25 19 23 11 18 17 20 18 11 3 11 17 21 1 21 10 17 10 21 
12 8 18 20 25 15 25 20 15 20 17 11 23 19 24 19 9 13 5 16 5 6 
2 6 5 
==============================

====== Algorithm Status ======
Valor:                3871
Time:                 16001
nIter:                3765
Best Iter:            3765
Improvement Count:    3764
==============================
Solution tour: 
0 5 13 9 19 25 19 23 11 18 17 20 18 11 3 11 17 21 1 21 10 17 10 21 
12 8 18 20 17 11 20 15 20 11 23 19 24 19 9 13 5 16 5 6 
2 6 5 
==============================

====== Algorithm Status ======
Valor:                3871
Time:                 32004
nIter:                7653
Best Iter:            7653
Improvement Count:    7652
==============================
Solution tour: 
0 5 13 9 19 25 19 23 11 18 17 20 18 11 3 11 17 21 1 21 10 17 10 21 
12 8 18 20 17 11 20 15 20 11 23 19 24 19 9 13 5 16 5 6 
2 6 5 
==============================

====== Algorithm Status ======
Valor:                3907
Time:                 64002
nIter:                15526
Best Iter:            15526
Improvement Count:    15525
==============================
Solution tour: 
0 5 13 9 8 9 19 25 19 23 11 18 11 3 11 17 10 21 1 21 
12 21 10 17 20 18 20 15 20 17 11 23 19 24 19 9 13 5 16 5 6 
2 6 5 
==============================

====== Algorithm Status ======
Valor:                3937
Time:                 128001
nIter:                31279
Best Iter:            31279
Improvement Count:    31278
==============================
Solution tour: 
0 5 13 9 19 0 6 7 6 0 19 25 19 23 20 17 11 18 11 3 11 17 10 21 1 21 
12 21 10 23 10 17 20 18 20 15 20 23 19 24 19 9 13 5 16 5 6 
2 6 5 
==============================

====== Algorithm Status ======
Valor:                3987
Time:                 256006
nIter:                63561
Best Iter:            63561
Improvement Count:    63560
==============================
Solution tour: 
0 5 13 9 19 8 19 25 15 20 25 20 17 11 18 11 3 11 17 10 21 1 21 
12 21 10 23 10 17 20 18 20 15 25 19 23 19 24 19 9 13 5 16 5 6 
2 6 5 
==============================

====== Algorithm Status ======
Valor:                3987
Time:                 512002
nIter:                128037
Best Iter:            128037
Improvement Count:    128036
==============================
Solution tour: 
0 5 13 9 19 8 19 25 15 20 25 20 17 11 18 11 3 11 17 10 21 1 21 
12 21 10 23 10 17 20 18 20 15 25 19 23 19 24 19 9 13 5 16 5 6 
2 6 5 
==============================

====== Algorithm Status ======
Valor:                3997
Time:                 1024009
nIter:                251506
Best Iter:            251506
Improvement Count:    251507
==============================
Solution tour: 
0 5 13 9 
14 9 19 8 19 25 15 20 17 11 18 11 3 11 17 10 21 1 21 
12 21 10 23 10 17 20 18 20 15 25 19 23 19 24 19 9 13 5 16 5 6 
2 6 5 
==============================

====== Algorithm Status ======
Valor:                3997
Time:                 1024009
nIter:                251506
Best Iter:            251506
Improvement Count:    251507
==============================
Solution tour: 
0 5 13 9 
14 9 19 8 19 25 15 20 17 11 18 11 3 11 17 10 21 1 21 
12 21 10 23 10 17 20 18 20 15 25 19 23 19 24 19 9 13 5 16 5 6 
2 6 5 
==============================

