=========== Input ===========
File name:                ./instances/created-instances/mm-10-25-1767920.cdop
Total node count:         36
Truck node count:         10
Drone node count:         25
=============================

========== Settings ==========
Settings file:        ./settings/Memetic-LS_MPX_1881515.config
Seed:                 1881515
Reduction method:     -
Max iter:             1024000
Population size:      13
Crossover:            MA-MPX
Local Search:         -
Warm Start:           Mario_WS
==============================

====== Algorithm Status ======
Valor:                4545
Time:                 251
nIter:                236
Best Iter:            236
Improvement Count:    235
==============================
Solution tour: 
0 33 13 18 33 0 30 28 11 23 
8 23 
7 8 1 31 9 10 9 26 14 13 
4 28 4 24 
5 
2 5 24 22 24 35 34 16 22 16 20 
6 
9 31 33 18 13 17 20 12 20 1 27 
3 15 16 31 
1 25 
==============================

====== Algorithm Status ======
Valor:                4545
Time:                 500
nIter:                472
Best Iter:            472
Improvement Count:    471
==============================
Solution tour: 
0 33 13 18 33 0 30 28 11 23 
8 23 
7 8 1 31 9 10 9 26 14 13 
4 28 4 24 
5 
2 5 24 22 24 35 34 16 22 16 20 
6 
9 31 33 18 13 17 20 12 20 1 27 
3 15 16 31 
1 25 
==============================

====== Algorithm Status ======
Valor:                4545
Time:                 1003
nIter:                960
Best Iter:            960
Improvement Count:    959
==============================
Solution tour: 
0 33 13 18 33 0 30 28 11 23 
8 23 
7 8 1 31 9 10 9 26 14 13 
4 28 4 24 
5 
2 5 24 22 24 35 34 16 22 16 20 
6 
9 31 33 18 13 17 20 12 20 1 27 
3 15 16 31 
1 25 
==============================

====== Algorithm Status ======
Valor:                4545
Time:                 2000
nIter:                1844
Best Iter:            1844
Improvement Count:    1843
==============================
Solution tour: 
0 33 13 18 33 0 30 28 11 23 
8 23 
7 8 1 31 9 10 9 26 14 13 
4 28 4 24 
5 
2 5 24 22 24 35 34 16 22 16 20 
6 
9 31 33 18 13 17 20 12 20 1 27 
3 15 16 31 
1 25 
==============================

====== Algorithm Status ======
Valor:                4545
Time:                 4000
nIter:                3643
Best Iter:            3643
Improvement Count:    3642
==============================
Solution tour: 
0 33 13 18 33 0 30 28 11 23 
8 23 
7 8 1 31 9 10 9 26 14 13 
4 28 4 24 
5 
2 5 24 22 24 35 34 16 22 16 20 
6 
9 31 33 18 13 17 20 12 20 1 27 
3 15 16 31 
1 25 
==============================

====== Algorithm Status ======
Valor:                4545
Time:                 8000
nIter:                7285
Best Iter:            7285
Improvement Count:    7284
==============================
Solution tour: 
0 33 13 18 33 0 30 28 11 23 
8 23 
7 8 1 31 9 10 9 26 14 13 
4 28 4 24 
5 
2 5 24 22 24 35 34 16 22 16 20 
6 
9 31 33 18 13 17 20 12 20 1 27 
3 15 16 31 
1 25 
==============================

====== Algorithm Status ======
Valor:                4545
Time:                 16000
nIter:                14598
Best Iter:            14598
Improvement Count:    14597
==============================
Solution tour: 
0 33 13 18 33 0 30 28 11 23 
8 23 
7 8 1 31 9 10 9 26 14 13 
4 28 4 24 
5 
2 5 24 22 24 35 34 16 22 16 20 
6 
9 31 33 18 13 17 20 12 20 1 27 
3 15 16 31 
1 25 
==============================

====== Algorithm Status ======
Valor:                4545
Time:                 32000
nIter:                29151
Best Iter:            29151
Improvement Count:    29150
==============================
Solution tour: 
0 33 13 18 33 0 30 28 11 23 
8 23 
7 8 1 31 9 10 9 26 14 13 
4 28 4 24 
5 
2 5 24 22 24 35 34 16 22 16 20 
6 
9 31 33 18 13 17 20 12 20 1 27 
3 15 16 31 
1 25 
==============================

====== Algorithm Status ======
Valor:                4545
Time:                 64000
nIter:                57920
Best Iter:            57920
Improvement Count:    57919
==============================
Solution tour: 
0 33 13 18 33 0 30 28 11 23 
8 23 
7 8 1 31 9 10 9 26 14 13 
4 28 4 24 
5 
2 5 24 22 24 35 34 16 22 16 20 
6 
9 31 33 18 13 17 20 12 20 1 27 
3 15 16 31 
1 25 
==============================

====== Algorithm Status ======
Valor:                4545
Time:                 128001
nIter:                116385
Best Iter:            116385
Improvement Count:    116384
==============================
Solution tour: 
0 33 13 18 33 0 30 28 11 23 
8 23 
7 8 1 31 9 10 9 26 14 13 
4 28 4 24 
5 
2 5 24 22 24 35 34 16 22 16 20 
6 
9 31 33 18 13 17 20 12 20 1 27 
3 15 16 31 
1 25 
==============================

====== Algorithm Status ======
Valor:                4545
Time:                 256000
nIter:                233003
Best Iter:            233003
Improvement Count:    233002
==============================
Solution tour: 
0 33 13 18 33 0 30 28 11 23 
8 23 
7 8 1 31 9 10 9 26 14 13 
4 28 4 24 
5 
2 5 24 22 24 35 34 16 22 16 20 
6 
9 31 33 18 13 17 20 12 20 1 27 
3 15 16 31 
1 25 
==============================

====== Algorithm Status ======
Valor:                4545
Time:                 512000
nIter:                466008
Best Iter:            466008
Improvement Count:    466007
==============================
Solution tour: 
0 33 13 18 33 0 30 28 11 23 
8 23 
7 8 1 31 9 10 9 26 14 13 
4 28 4 24 
5 
2 5 24 22 24 35 34 16 22 16 20 
6 
9 31 33 18 13 17 20 12 20 1 27 
3 15 16 31 
1 25 
==============================

====== Algorithm Status ======
Valor:                4545
Time:                 1024001
nIter:                932295
Best Iter:            932295
Improvement Count:    932296
==============================
Solution tour: 
0 33 13 18 33 0 30 28 11 23 
8 23 
7 8 1 31 9 10 9 26 14 13 
4 28 4 24 
5 
2 5 24 22 24 35 34 16 22 16 20 
6 
9 31 33 18 13 17 20 12 20 1 27 
3 15 16 31 
1 25 
==============================

====== Algorithm Status ======
Valor:                4545
Time:                 1024001
nIter:                932295
Best Iter:            932295
Improvement Count:    932296
==============================
Solution tour: 
0 33 13 18 33 0 30 28 11 23 
8 23 
7 8 1 31 9 10 9 26 14 13 
4 28 4 24 
5 
2 5 24 22 24 35 34 16 22 16 20 
6 
9 31 33 18 13 17 20 12 20 1 27 
3 15 16 31 
1 25 
==============================

