=========== Input ===========
File name:                ./instances/created-instances/mm-25-10-1767920.cdop
Total node count:         36
Truck node count:         25
Drone node count:         10
=============================

========== Settings ==========
Settings file:        ./settings/Memetic_MMX_1287823.config
Seed:                 1287823
Reduction method:     -
Max iter:             1024000
Population size:      13
Crossover:            MA-MMX
Local Search:         LS
Warm Start:           Mario_WS
==============================

====== Algorithm Status ======
Valor:                4009
Time:                 251
nIter:                37
Best Iter:            37
Improvement Count:    36
==============================
Solution tour: 
0 17 24 8 35 33 35 8 32 34 7 5 7 2 7 30 31 11 27 11 8 1 17 25 21 
9 21 16 1 3 1 8 27 24 27 30 
11 30 26 6 16 6 24 29 14 20 14 13 6 
13 14 0 22 17 
==============================

====== Algorithm Status ======
Valor:                4043
Time:                 504
nIter:                77
Best Iter:            77
Improvement Count:    76
==============================
Solution tour: 
0 17 24 8 35 33 35 8 32 34 7 5 7 2 7 8 30 11 27 8 1 17 25 21 
9 21 16 1 3 1 8 27 24 27 11 31 16 6 24 29 14 20 14 13 6 
13 14 0 22 17 
==============================

====== Algorithm Status ======
Valor:                4043
Time:                 1002
nIter:                145
Best Iter:            145
Improvement Count:    144
==============================
Solution tour: 
0 17 24 8 35 33 35 8 32 34 7 5 7 2 7 8 30 11 27 8 1 17 25 21 
9 21 16 1 3 1 8 27 24 27 11 31 16 6 24 29 14 20 14 13 6 
13 14 0 22 17 
==============================

====== Algorithm Status ======
Valor:                4172
Time:                 2000
nIter:                290
Best Iter:            290
Improvement Count:    289
==============================
Solution tour: 
0 17 25 17 13 17 35 33 35 17 24 8 32 31 34 7 5 7 2 7 8 27 11 8 11 30 11 8 1 22 1 17 22 
9 21 9 16 1 3 1 8 24 27 11 27 24 20 13 6 16 6 24 6 13 14 20 14 
13 20 29 22 17 
==============================

====== Algorithm Status ======
Valor:                4263
Time:                 4001
nIter:                565
Best Iter:            565
Improvement Count:    564
==============================
Solution tour: 
0 17 25 17 13 17 35 33 35 8 32 31 32 34 7 5 7 8 7 2 7 11 30 11 3 10 15 10 
9 21 9 16 1 3 1 24 27 11 27 24 6 16 6 24 8 24 11 24 20 13 6 13 14 20 14 
13 20 29 22 17 
==============================

====== Algorithm Status ======
Valor:                4297
Time:                 8002
nIter:                1088
Best Iter:            1088
Improvement Count:    1087
==============================
Solution tour: 
0 17 25 17 13 35 33 35 8 32 31 32 34 7 5 7 8 7 2 7 11 30 11 27 8 1 16 10 15 10 
9 21 9 16 1 3 1 8 27 11 24 11 27 11 20 13 6 16 6 24 8 24 27 24 6 13 14 20 14 
13 20 29 17 22 17 
==============================

====== Algorithm Status ======
Valor:                4338
Time:                 16007
nIter:                2112
Best Iter:            2112
Improvement Count:    2111
==============================
Solution tour: 
0 17 25 17 13 35 33 35 8 32 31 32 34 7 5 7 8 7 2 7 11 30 11 27 32 8 1 16 10 15 10 
9 21 9 16 1 3 1 8 27 24 8 24 27 11 24 6 13 6 16 6 24 29 14 20 14 13 14 
17 22 17 
==============================

====== Algorithm Status ======
Valor:                4356
Time:                 32002
nIter:                4275
Best Iter:            4275
Improvement Count:    4274
==============================
Solution tour: 
0 17 25 17 13 35 33 35 8 32 31 32 34 7 5 7 8 7 2 7 11 30 11 27 24 32 8 1 16 10 15 10 
9 21 9 16 1 3 1 8 24 27 11 24 6 13 6 16 6 24 29 20 13 14 20 14 13 
17 22 17 
==============================

====== Algorithm Status ======
Valor:                4378
Time:                 64004
nIter:                8503
Best Iter:            8503
Improvement Count:    8502
==============================
Solution tour: 
0 17 25 17 13 35 33 35 8 32 31 32 34 32 8 7 2 7 8 11 30 11 27 24 8 17 1 16 3 10 15 10 
9 21 9 16 1 3 1 8 24 27 11 24 6 13 6 16 6 24 11 29 20 13 14 20 14 13 
17 22 17 
==============================

====== Algorithm Status ======
Valor:                4378
Time:                 128000
nIter:                17065
Best Iter:            17065
Improvement Count:    17064
==============================
Solution tour: 
0 17 25 17 13 35 33 35 8 32 31 32 34 32 8 7 2 7 8 11 30 11 27 24 8 17 1 16 3 10 15 10 
9 21 9 16 1 3 1 8 24 27 11 24 6 13 6 16 6 24 11 29 20 13 14 20 14 13 
17 22 17 
==============================

====== Algorithm Status ======
Valor:                4420
Time:                 256007
nIter:                34106
Best Iter:            34106
Improvement Count:    34105
==============================
Solution tour: 
0 17 25 17 13 35 33 35 8 32 34 32 8 7 2 7 5 7 8 11 30 11 27 24 8 1 6 
10 15 10 6 1 16 1 3 1 8 24 27 11 24 6 13 6 16 6 24 11 31 29 14 20 13 20 
14 13 17 22 17 
==============================

====== Algorithm Status ======
Valor:                4445
Time:                 512000
nIter:                69792
Best Iter:            69792
Improvement Count:    69791
==============================
Solution tour: 
0 17 25 17 13 35 33 35 8 32 34 32 8 7 2 7 5 7 8 24 11 30 11 27 24 8 1 22 6 
10 15 10 6 1 16 1 3 1 6 13 6 16 6 24 27 11 31 29 14 0 35 13 14 13 20 
14 20 13 17 22 17 
==============================

====== Algorithm Status ======
Valor:                4445
Time:                 1024007
nIter:                141380
Best Iter:            141380
Improvement Count:    141381
==============================
Solution tour: 
0 17 25 17 13 35 33 35 8 32 34 32 8 7 2 7 5 7 8 24 11 30 11 27 24 8 1 22 6 
10 15 10 6 1 16 1 3 1 6 13 6 16 6 24 27 11 31 29 14 0 35 13 14 13 20 
14 20 13 17 22 17 
==============================

====== Algorithm Status ======
Valor:                4445
Time:                 1024007
nIter:                141380
Best Iter:            141380
Improvement Count:    141381
==============================
Solution tour: 
0 17 25 17 13 35 33 35 8 32 34 32 8 7 2 7 5 7 8 24 11 30 11 27 24 8 1 22 6 
10 15 10 6 1 16 1 3 1 6 13 6 16 6 24 27 11 31 29 14 0 35 13 14 13 20 
14 20 13 17 22 17 
==============================

