=========== Input ===========
File name:                ./instances/created-instances/mm-5-10-1917698.cdop
Total node count:         16
Truck node count:         5
Drone node count:         10
=============================

========== Settings ==========
Settings file:        ./settings/Memetic_MPX_1287823.config
Seed:                 1287823
Reduction method:     -
Max iter:             1024000
Population size:      13
Crossover:            MA-MPX
Local Search:         LS
Warm Start:           Mario_WS
==============================

====== Algorithm Status ======
Valor:                3010
Time:                 251
nIter:                137
Best Iter:            137
Improvement Count:    136
==============================
Solution tour: 
0 14 15 14 2 0 
5 12 2 7 2 3 9 
3 8 6 12 13 12 6 10 6 8 
1 8 3 12 10 
4 2 4 10 12 3 11 3 
2 14 
==============================

====== Algorithm Status ======
Valor:                3115
Time:                 500
nIter:                285
Best Iter:            285
Improvement Count:    284
==============================
Solution tour: 
0 14 15 14 2 7 2 
3 8 6 12 11 12 13 12 6 10 3 10 6 8 
1 8 3 12 10 
4 2 4 10 12 3 11 3 2 14 0 
5 0 9 
==============================

====== Algorithm Status ======
Valor:                3115
Time:                 1005
nIter:                555
Best Iter:            555
Improvement Count:    554
==============================
Solution tour: 
0 14 15 14 2 7 2 
3 8 6 12 11 12 13 12 6 10 3 10 6 8 
1 8 3 12 10 
4 2 4 10 12 3 11 3 2 14 0 
5 0 9 
==============================

====== Algorithm Status ======
Valor:                3115
Time:                 2001
nIter:                1070
Best Iter:            1070
Improvement Count:    1069
==============================
Solution tour: 
0 14 15 14 2 7 2 
3 8 6 12 11 12 13 12 6 10 3 10 6 8 
1 8 3 12 10 
4 2 4 10 12 3 11 3 2 14 0 
5 0 9 
==============================

====== Algorithm Status ======
Valor:                3120
Time:                 4001
nIter:                2094
Best Iter:            2094
Improvement Count:    2093
==============================
Solution tour: 
0 14 15 14 2 7 2 
3 8 6 12 3 11 12 13 12 6 10 3 10 6 8 
1 8 3 12 10 
4 2 4 10 12 11 3 2 14 0 9 
2 11 1 11 
==============================

====== Algorithm Status ======
Valor:                3120
Time:                 8002
nIter:                3981
Best Iter:            3981
Improvement Count:    3980
==============================
Solution tour: 
0 14 15 14 2 7 2 
3 8 6 12 3 11 12 13 12 6 10 3 10 6 8 
1 8 3 12 10 
4 2 4 10 12 11 3 2 14 0 9 
2 11 1 11 
==============================

====== Algorithm Status ======
Valor:                3145
Time:                 16000
nIter:                8406
Best Iter:            8406
Improvement Count:    8405
==============================
Solution tour: 
0 14 15 14 2 7 2 3 8 
1 8 3 12 
5 12 11 1 11 
3 11 12 13 12 10 6 10 8 6 8 10 
4 2 4 10 12 3 2 14 0 9 
==============================

====== Algorithm Status ======
Valor:                3145
Time:                 32000
nIter:                17291
Best Iter:            17291
Improvement Count:    17290
==============================
Solution tour: 
0 14 15 14 2 7 2 3 8 
1 8 3 12 
5 12 11 1 11 
3 11 12 13 12 10 6 10 8 6 8 10 
4 2 4 10 12 3 2 14 0 9 
==============================

====== Algorithm Status ======
Valor:                3145
Time:                 64000
nIter:                35157
Best Iter:            35157
Improvement Count:    35156
==============================
Solution tour: 
0 14 15 14 2 7 2 3 8 
1 8 3 12 
5 12 11 1 11 
3 11 12 13 12 10 6 10 8 6 8 10 
4 2 4 10 12 3 2 14 0 9 
==============================

====== Algorithm Status ======
Valor:                3145
Time:                 128000
nIter:                70883
Best Iter:            70883
Improvement Count:    70882
==============================
Solution tour: 
0 14 15 14 2 7 2 3 8 
1 8 3 12 
5 12 11 1 11 
3 11 12 13 12 10 6 10 8 6 8 10 
4 2 4 10 12 3 2 14 0 9 
==============================

====== Algorithm Status ======
Valor:                3145
Time:                 256000
nIter:                142871
Best Iter:            142871
Improvement Count:    142870
==============================
Solution tour: 
0 14 15 14 2 7 2 3 8 
1 8 3 12 
5 12 11 1 11 
3 11 12 13 12 10 6 10 8 6 8 10 
4 2 4 10 12 3 2 14 0 9 
==============================

====== Algorithm Status ======
Valor:                3145
Time:                 512001
nIter:                285507
Best Iter:            285507
Improvement Count:    285506
==============================
Solution tour: 
0 14 15 14 2 7 2 3 8 
1 8 3 12 
5 12 11 1 11 
3 11 12 13 12 10 6 10 8 6 8 10 
4 2 4 10 12 3 2 14 0 9 
==============================

====== Algorithm Status ======
Valor:                3159
Time:                 1024001
nIter:                544395
Best Iter:            544395
Improvement Count:    544396
==============================
Solution tour: 
0 14 15 14 2 7 2 3 8 
1 8 3 10 3 11 1 11 12 11 
3 11 3 12 13 12 10 6 8 6 10 
4 2 4 10 12 3 2 14 0 9 
2 9 
==============================

====== Algorithm Status ======
Valor:                3159
Time:                 1024001
nIter:                544395
Best Iter:            544395
Improvement Count:    544396
==============================
Solution tour: 
0 14 15 14 2 7 2 3 8 
1 8 3 10 3 11 1 11 12 11 
3 11 3 12 13 12 10 6 8 6 10 
4 2 4 10 12 3 2 14 0 9 
2 9 
==============================

