=========== Input ===========
File name:                ./instances/created-instances/mm-10-10-1917698.cdop
Total node count:         21
Truck node count:         10
Drone node count:         10
=============================

========== Settings ==========
Settings file:        ./settings/Memetic-LS_MMX_1881515.config
Seed:                 1881515
Reduction method:     -
Max iter:             1024000
Population size:      13
Crossover:            MA-MMX
Local Search:         -
Warm Start:           Mario_WS
==============================

====== Algorithm Status ======
Valor:                2713
Time:                 250
nIter:                961
Best Iter:            961
Improvement Count:    960
==============================
Solution tour: 
0 17 
4 13 15 6 15 
1 
6 19 
3 19 6 20 12 14 20 14 
9 2 17 18 
2 
8 2 18 11 
7 18 8 18 17 
==============================

====== Algorithm Status ======
Valor:                2771
Time:                 500
nIter:                1990
Best Iter:            1990
Improvement Count:    1989
==============================
Solution tour: 
0 17 0 
4 13 15 6 15 
1 
6 19 
3 19 6 20 12 14 20 14 
9 2 17 18 
2 
8 2 18 11 
7 18 8 18 17 
==============================

====== Algorithm Status ======
Valor:                2771
Time:                 1000
nIter:                4049
Best Iter:            4049
Improvement Count:    4048
==============================
Solution tour: 
0 17 0 
4 13 15 6 15 
1 
6 19 
3 19 6 20 12 14 20 14 
9 2 17 18 
2 
8 2 18 11 
7 18 8 18 17 
==============================

====== Algorithm Status ======
Valor:                2771
Time:                 2000
nIter:                8090
Best Iter:            8090
Improvement Count:    8089
==============================
Solution tour: 
0 17 0 
4 13 15 6 15 
1 
6 19 
3 19 6 20 12 14 20 14 
9 2 17 18 
2 
8 2 18 11 
7 18 8 18 17 
==============================

====== Algorithm Status ======
Valor:                2771
Time:                 4000
nIter:                16065
Best Iter:            16065
Improvement Count:    16064
==============================
Solution tour: 
0 17 0 
4 13 15 6 15 
1 
6 19 
3 19 6 20 12 14 20 14 
9 2 17 18 
2 
8 2 18 11 
7 18 8 18 17 
==============================

====== Algorithm Status ======
Valor:                2921
Time:                 8000
nIter:                32020
Best Iter:            32020
Improvement Count:    32019
==============================
Solution tour: 
0 17 0 17 0 
4 15 13 15 6 15 
1 
6 19 
3 19 6 20 12 19 12 14 20 14 18 
2 
8 17 8 2 18 8 18 17 
==============================

====== Algorithm Status ======
Valor:                2965
Time:                 16000
nIter:                61991
Best Iter:            61991
Improvement Count:    61990
==============================
Solution tour: 
0 17 0 
4 15 13 15 6 15 
1 
6 19 
3 19 6 16 17 12 19 12 14 20 18 
2 
8 17 18 17 8 2 18 8 18 11 
==============================

====== Algorithm Status ======
Valor:                3263
Time:                 32000
nIter:                114750
Best Iter:            114750
Improvement Count:    114749
==============================
Solution tour: 
0 17 0 
4 9 15 13 15 6 15 
1 15 12 6 19 
3 19 6 14 12 19 12 14 20 14 15 14 18 
2 18 17 11 17 8 18 8 2 8 17 16 
==============================

====== Algorithm Status ======
Valor:                3337
Time:                 64000
nIter:                210754
Best Iter:            210754
Improvement Count:    210753
==============================
Solution tour: 
0 17 0 
4 0 9 15 13 15 6 15 
1 15 12 6 19 
3 19 6 12 19 12 14 12 14 20 14 9 
2 18 17 11 17 8 18 2 8 17 18 8 2 
==============================

====== Algorithm Status ======
Valor:                3337
Time:                 128000
nIter:                397146
Best Iter:            397146
Improvement Count:    397145
==============================
Solution tour: 
0 17 0 
4 0 9 15 13 15 6 15 
1 15 12 6 19 
3 19 6 12 19 12 14 12 14 20 14 9 
2 18 17 11 17 8 18 2 8 17 18 8 2 
==============================

====== Algorithm Status ======
Valor:                3350
Time:                 256000
nIter:                773544
Best Iter:            773544
Improvement Count:    773543
==============================
Solution tour: 
0 17 0 
4 0 9 15 13 15 6 15 
1 15 14 12 6 19 
3 19 6 12 19 12 14 20 14 9 
2 18 17 11 17 8 18 2 8 17 18 8 2 
==============================

====== Algorithm Status ======
Valor:                3386
Time:                 512000
nIter:                1555304
Best Iter:            1555304
Improvement Count:    1555303
==============================
Solution tour: 
0 17 0 
4 0 9 15 12 13 15 6 15 
1 15 14 12 19 
3 19 6 19 12 14 20 14 9 
2 18 17 11 17 8 18 2 8 17 18 8 2 
==============================

====== Algorithm Status ======
Valor:                3395
Time:                 1024001
nIter:                3110725
Best Iter:            3110725
Improvement Count:    3110726
==============================
Solution tour: 
0 17 0 
4 0 9 14 12 13 15 6 15 
1 15 9 12 19 
3 19 6 19 12 14 20 14 9 
2 18 17 11 17 8 18 2 8 17 18 8 2 
==============================

====== Algorithm Status ======
Valor:                3395
Time:                 1024001
nIter:                3110725
Best Iter:            3110725
Improvement Count:    3110726
==============================
Solution tour: 
0 17 0 
4 0 9 14 12 13 15 6 15 
1 15 9 12 19 
3 19 6 19 12 14 20 14 9 
2 18 17 11 17 8 18 2 8 17 18 8 2 
==============================

