=========== Input ===========
File name:                ./instances/created-instances/mm-10-25-1891798.cdop
Total node count:         36
Truck node count:         10
Drone node count:         25
=============================

========== Settings ==========
Settings file:        ./settings/Memetic_MMX_1881515.config
Seed:                 1881515
Reduction method:     -
Max iter:             1024000
Population size:      13
Crossover:            MA-MMX
Local Search:         LS
Warm Start:           Mario_WS
==============================

====== Algorithm Status ======
Valor:                5882
Time:                 255
nIter:                45
Best Iter:            45
Improvement Count:    44
==============================
Solution tour: 
0 35 7 35 
7 18 33 18 29 8 32 0 22 32 
8 20 8 29 20 2 19 16 19 9 6 11 6 9 19 
4 23 6 23 1 23 20 0 34 0 8 0 26 8 27 15 25 24 31 24 12 21 12 13 15 24 15 13 3 17 14 17 3 12 24 23 4 19 2 32 22 
==============================

====== Algorithm Status ======
Valor:                5868
Time:                 503
nIter:                82
Best Iter:            82
Improvement Count:    81
==============================
Solution tour: 
0 35 7 35 
7 18 33 18 29 8 32 22 0 22 32 
8 20 8 29 20 2 19 16 19 9 6 11 6 9 19 
4 23 6 23 1 23 19 2 20 0 34 22 0 8 26 8 27 15 25 24 31 24 12 21 12 15 24 15 13 3 17 14 17 3 13 30 33 
5 
==============================

====== Algorithm Status ======
Valor:                6021
Time:                 1000
nIter:                162
Best Iter:            162
Improvement Count:    161
==============================
Solution tour: 
0 35 7 35 
7 18 33 18 29 8 32 22 34 0 22 32 
8 20 8 29 20 2 19 16 19 9 6 11 6 9 19 
4 23 6 23 1 23 4 19 2 20 0 22 0 22 0 8 26 8 27 15 25 33 31 24 12 21 24 25 15 24 15 13 3 17 14 17 3 21 12 24 31 33 5 
==============================

====== Algorithm Status ======
Valor:                6084
Time:                 2001
nIter:                319
Best Iter:            319
Improvement Count:    318
==============================
Solution tour: 
0 35 7 35 7 18 33 18 29 20 8 32 8 0 26 34 22 0 8 29 8 20 2 19 16 19 9 6 11 6 9 19 
4 23 6 23 4 19 2 19 23 33 25 15 25 33 31 24 12 21 24 15 24 15 13 3 17 14 17 3 21 12 24 31 27 5 33 5 19 
==============================

====== Algorithm Status ======
Valor:                6259
Time:                 4000
nIter:                669
Best Iter:            669
Improvement Count:    668
==============================
Solution tour: 
0 35 7 35 0 20 8 0 26 34 0 22 32 22 0 8 32 29 32 8 20 2 20 19 16 19 9 6 11 6 9 19 
4 23 6 23 4 19 2 19 23 33 5 33 18 33 25 15 25 24 12 21 24 13 15 24 15 13 3 17 14 17 3 12 21 12 24 31 27 5 
==============================

====== Algorithm Status ======
Valor:                6262
Time:                 8001
nIter:                1369
Best Iter:            1369
Improvement Count:    1368
==============================
Solution tour: 
0 35 7 35 0 20 8 0 26 34 0 22 32 22 0 8 32 29 32 8 20 2 20 19 16 19 9 6 11 6 9 19 
4 23 6 23 4 19 2 19 23 33 5 33 18 33 25 15 25 24 12 21 24 13 15 24 15 13 3 17 14 17 3 21 12 24 31 27 5 29 20 
==============================

====== Algorithm Status ======
Valor:                6262
Time:                 16003
nIter:                2745
Best Iter:            2745
Improvement Count:    2744
==============================
Solution tour: 
0 35 7 35 0 20 8 0 26 34 0 22 32 22 0 8 32 29 32 8 20 2 20 19 16 19 9 6 11 6 9 19 
4 23 6 23 4 19 2 19 23 33 5 33 18 33 25 15 25 24 12 21 24 13 15 24 15 13 3 17 14 17 3 21 12 24 31 27 5 29 20 
==============================

====== Algorithm Status ======
Valor:                6262
Time:                 32000
nIter:                5301
Best Iter:            5301
Improvement Count:    5300
==============================
Solution tour: 
0 35 7 35 0 20 8 0 26 34 0 22 32 22 0 8 32 29 32 8 20 2 20 19 16 19 9 6 11 6 9 19 
4 23 6 23 4 19 2 19 23 33 5 33 18 33 25 15 25 24 12 21 24 13 15 24 15 13 3 17 14 17 3 21 12 24 31 27 5 29 20 
==============================

====== Algorithm Status ======
Valor:                6396
Time:                 64000
nIter:                10321
Best Iter:            10321
Improvement Count:    10320
==============================
Solution tour: 
0 26 0 35 7 35 0 29 32 29 20 8 0 22 34 22 32 22 0 8 32 8 20 2 19 16 19 9 6 11 6 9 19 
4 23 6 23 4 19 23 33 5 33 18 33 25 15 25 31 24 12 21 12 24 15 24 15 13 3 17 14 17 3 1 23 19 2 20 
==============================

====== Algorithm Status ======
Valor:                6396
Time:                 128005
nIter:                20442
Best Iter:            20442
Improvement Count:    20441
==============================
Solution tour: 
0 26 0 35 7 35 0 29 32 29 20 8 0 22 34 22 32 22 0 8 32 8 20 2 19 16 19 9 6 11 6 9 19 
4 23 6 23 4 19 23 33 5 33 18 33 25 15 25 31 24 12 21 12 24 15 24 15 13 3 17 14 17 3 1 23 19 2 20 
==============================

====== Algorithm Status ======
Valor:                6438
Time:                 256005
nIter:                40035
Best Iter:            40035
Improvement Count:    40034
==============================
Solution tour: 
0 26 0 35 7 35 0 8 32 29 20 8 0 22 34 22 0 32 22 32 8 20 2 19 16 19 9 6 23 6 11 6 9 19 
4 23 4 28 4 19 23 33 5 33 18 33 25 15 24 15 25 24 12 21 12 24 31 27 15 13 3 17 14 17 3 1 23 19 2 20 
==============================

====== Algorithm Status ======
Valor:                6455
Time:                 512003
nIter:                78344
Best Iter:            78344
Improvement Count:    78343
==============================
Solution tour: 
0 26 0 35 7 35 0 20 29 20 8 0 22 34 22 0 8 32 22 32 8 20 2 19 16 19 9 6 23 6 11 6 9 19 
4 23 4 28 4 19 23 33 5 33 18 33 27 31 24 13 15 25 15 24 12 21 12 24 15 13 3 17 14 17 3 1 23 19 2 20 
==============================

====== Algorithm Status ======
Valor:                6390
Time:                 1024004
nIter:                153792
Best Iter:            153792
Improvement Count:    153793
==============================
Solution tour: 
0 26 0 35 7 35 0 20 29 20 8 0 22 34 22 0 8 32 22 32 8 20 2 19 16 19 9 6 23 6 11 6 9 19 
4 23 4 28 4 19 23 33 5 33 18 33 27 31 24 15 25 15 24 12 21 12 24 15 13 3 17 14 17 3 1 23 19 2 20 
==============================

====== Algorithm Status ======
Valor:                6390
Time:                 1024004
nIter:                153792
Best Iter:            153792
Improvement Count:    153793
==============================
Solution tour: 
0 26 0 35 7 35 0 20 29 20 8 0 22 34 22 0 8 32 22 32 8 20 2 19 16 19 9 6 23 6 11 6 9 19 
4 23 4 28 4 19 23 33 5 33 18 33 27 31 24 15 25 15 24 12 21 12 24 15 13 3 17 14 17 3 1 23 19 2 20 
==============================

