=========== Input ===========
File name:                ./instances/created-instances/mm-10-25-1762875.cdop
Total node count:         36
Truck node count:         10
Drone node count:         25
=============================

========== Settings ==========
Settings file:        ./settings/Memetic_MMX_1881515.config
Seed:                 1881515
Reduction method:     -
Max iter:             1024000
Population size:      13
Crossover:            MA-MMX
Local Search:         LS
Warm Start:           Mario_WS
==============================

====== Algorithm Status ======
Valor:                5125
Time:                 255
nIter:                33
Best Iter:            33
Improvement Count:    32
==============================
Solution tour: 
0 6 17 27 2 34 16 29 35 32 10 32 35 29 21 28 21 12 22 
1 22 12 17 18 20 26 20 33 25 33 25 30 24 8 24 15 31 30 25 8 31 
8 21 29 4 9 
4 18 11 26 11 15 35 29 16 9 14 9 6 
==============================

====== Algorithm Status ======
Valor:                5137
Time:                 500
nIter:                57
Best Iter:            57
Improvement Count:    56
==============================
Solution tour: 
0 6 17 27 0 27 17 29 31 25 30 8 16 29 35 32 10 32 35 29 21 28 21 12 22 
1 22 12 17 18 20 26 20 33 25 33 25 30 24 8 24 15 31 30 25 8 31 
8 21 29 4 9 
4 18 11 26 11 15 35 29 16 9 14 9 6 
==============================

====== Algorithm Status ======
Valor:                5299
Time:                 1008
nIter:                122
Best Iter:            122
Improvement Count:    121
==============================
Solution tour: 
0 6 9 14 9 18 17 6 0 27 17 21 8 25 31 15 35 32 10 32 35 29 21 29 21 28 21 12 22 
1 22 12 17 18 11 26 11 20 26 20 33 25 30 24 8 24 15 31 24 30 25 8 31 
8 21 9 4 9 16 9 6 13 27 
==============================

====== Algorithm Status ======
Valor:                5469
Time:                 2002
nIter:                249
Best Iter:            249
Improvement Count:    248
==============================
Solution tour: 
0 6 0 27 17 12 21 8 25 31 15 35 32 10 32 35 29 16 29 21 29 21 29 21 29 21 29 21 28 21 12 19 32 19 34 22 
1 22 12 17 18 11 26 11 20 26 20 33 25 30 24 8 24 15 31 24 30 25 8 31 
8 21 9 4 9 16 9 14 9 27 
==============================

====== Algorithm Status ======
Valor:                5498
Time:                 4006
nIter:                499
Best Iter:            499
Improvement Count:    498
==============================
Solution tour: 
0 6 0 27 17 12 21 8 25 31 15 35 32 10 32 35 29 16 29 21 29 21 29 21 28 21 12 32 19 12 22 34 22 
1 22 12 17 18 11 26 11 20 26 20 33 25 30 24 8 24 30 25 8 31 
8 21 9 4 9 16 9 14 9 17 27 
==============================

====== Algorithm Status ======
Valor:                5568
Time:                 8000
nIter:                1036
Best Iter:            1036
Improvement Count:    1035
==============================
Solution tour: 
0 6 0 27 18 17 12 21 8 31 25 31 15 35 32 10 32 35 29 16 29 21 29 21 29 21 28 21 12 19 32 19 12 22 34 22 
1 22 12 17 18 11 26 11 20 26 20 33 25 30 24 8 24 30 25 8 31 
8 21 9 4 9 14 9 27 17 27 
==============================

====== Algorithm Status ======
Valor:                5602
Time:                 16008
nIter:                2028
Best Iter:            2028
Improvement Count:    2027
==============================
Solution tour: 
0 27 17 21 29 31 25 8 31 15 35 32 10 32 35 29 16 29 21 28 21 12 19 12 22 34 22 
1 22 12 17 18 11 26 11 18 20 26 20 33 21 8 30 25 30 24 8 24 30 8 25 31 
8 21 9 4 9 14 23 18 17 27 0 6 
==============================

====== Algorithm Status ======
Valor:                5699
Time:                 32001
nIter:                3975
Best Iter:            3975
Improvement Count:    3974
==============================
Solution tour: 
0 6 13 12 21 29 31 25 8 31 15 35 32 10 32 35 29 16 29 21 28 21 12 19 32 19 12 22 34 22 
1 22 12 17 18 11 26 11 20 26 20 33 21 8 25 30 24 8 24 30 25 31 
8 21 9 4 9 14 23 18 17 27 
5 13 6 
==============================

====== Algorithm Status ======
Valor:                5741
Time:                 64002
nIter:                7772
Best Iter:            7772
Improvement Count:    7771
==============================
Solution tour: 
0 6 13 12 21 29 31 25 8 31 15 35 32 10 32 35 29 16 29 21 28 21 12 19 32 19 12 22 34 22 
1 22 12 17 18 11 26 20 26 11 24 15 33 21 8 25 30 24 8 24 30 25 31 
8 21 9 4 9 14 23 18 17 27 
5 27 0 6 
==============================

====== Algorithm Status ======
Valor:                5741
Time:                 128002
nIter:                15340
Best Iter:            15340
Improvement Count:    15339
==============================
Solution tour: 
0 6 13 12 21 29 31 25 8 31 15 35 32 10 32 35 29 16 29 21 28 21 12 19 32 19 12 22 34 22 
1 22 12 17 18 11 26 20 26 11 24 15 33 21 8 25 30 24 8 24 30 25 31 
8 21 9 4 9 14 23 18 17 27 
5 27 0 6 
==============================

====== Algorithm Status ======
Valor:                5741
Time:                 256002
nIter:                30253
Best Iter:            30253
Improvement Count:    30252
==============================
Solution tour: 
0 6 13 12 21 29 31 25 8 31 15 35 32 10 32 35 29 16 29 21 28 21 12 19 32 19 12 22 34 22 
1 22 12 17 18 11 26 20 26 11 24 15 33 21 8 25 30 24 8 24 30 25 31 
8 21 9 4 9 14 23 18 17 27 
5 27 0 6 
==============================

====== Algorithm Status ======
Valor:                5741
Time:                 512003
nIter:                60188
Best Iter:            60188
Improvement Count:    60187
==============================
Solution tour: 
0 6 13 12 21 29 31 25 8 31 15 35 32 10 32 35 29 16 29 21 28 21 12 19 32 19 12 22 34 22 
1 22 12 17 18 11 26 20 26 11 24 15 33 21 8 25 30 24 8 24 30 25 31 
8 21 9 4 9 14 23 18 17 27 
5 27 0 6 
==============================

====== Algorithm Status ======
Valor:                5762
Time:                 1024006
nIter:                120070
Best Iter:            120070
Improvement Count:    120071
==============================
Solution tour: 
0 27 32 35 15 31 25 8 31 15 35 32 10 32 12 21 29 16 29 21 28 21 12 19 32 19 12 22 34 22 
1 22 12 17 18 11 26 20 26 11 24 15 33 21 8 25 30 24 8 24 30 25 31 
8 21 9 4 9 14 23 18 17 27 
5 27 0 6 
==============================

====== Algorithm Status ======
Valor:                5762
Time:                 1024006
nIter:                120070
Best Iter:            120070
Improvement Count:    120071
==============================
Solution tour: 
0 27 32 35 15 31 25 8 31 15 35 32 10 32 12 21 29 16 29 21 28 21 12 19 32 19 12 22 34 22 
1 22 12 17 18 11 26 20 26 11 24 15 33 21 8 25 30 24 8 24 30 25 31 
8 21 9 4 9 14 23 18 17 27 
5 27 0 6 
==============================

