=========== Input ===========
File name:                ./instances/created-instances/mm-25-25-1767920.cdop
Total node count:         51
Truck node count:         25
Drone node count:         25
=============================

========== Settings ==========
Settings file:        ./settings/Memetic_MPX_1287823.config
Seed:                 1287823
Reduction method:     -
Max iter:             1024000
Population size:      13
Crossover:            MA-MPX
Local Search:         LS
Warm Start:           Mario_WS
==============================

====== Algorithm Status ======
Valor:                5379
Time:                 253
nIter:                25
Best Iter:            25
Improvement Count:    24
==============================
Solution tour: 
0 37 33 37 22 9 
15 36 
3 36 26 
18 8 27 46 
24 44 
17 33 17 44 
13 
25 33 35 42 17 29 17 41 14 41 17 20 
12 
6 12 13 
20 13 38 
11 50 11 8 46 27 
16 9 16 3 49 
22 27 8 47 32 31 
19 34 
4 47 
8 11 27 11 30 11 
1 36 13 
==============================

====== Algorithm Status ======
Valor:                5379
Time:                 507
nIter:                46
Best Iter:            46
Improvement Count:    45
==============================
Solution tour: 
0 37 33 37 22 9 
15 36 
3 36 26 
18 8 27 46 
24 44 
17 33 17 44 
13 
25 33 35 42 17 29 17 41 14 41 17 20 
12 
6 12 13 
20 13 38 
11 50 11 8 46 27 
16 9 16 3 49 
22 27 8 47 32 31 
19 34 
4 47 
8 11 27 11 30 11 
1 36 13 
==============================

====== Algorithm Status ======
Valor:                5424
Time:                 1007
nIter:                86
Best Iter:            86
Improvement Count:    85
==============================
Solution tour: 
0 13 46 27 46 49 
3 35 42 35 17 41 
14 41 29 17 33 20 
13 44 22 1 36 3 36 49 22 1 22 9 10 
15 9 16 9 22 37 
21 37 22 
6 12 46 8 46 13 38 
25 37 33 
17 44 13 
20 47 8 27 8 11 27 11 8 
18 
7 
12 6 12 31 39 40 48 34 18 26 28 
5 30 
23 37 17 33 37 
==============================

====== Algorithm Status ======
Valor:                5424
Time:                 2002
nIter:                167
Best Iter:            167
Improvement Count:    166
==============================
Solution tour: 
0 13 46 27 46 49 
3 35 42 35 17 41 
14 41 29 17 33 20 
13 44 22 1 36 3 36 49 22 1 22 9 10 
15 9 16 9 22 37 
21 37 22 
6 12 46 8 46 13 38 
25 37 33 
17 44 13 
20 47 8 27 8 11 27 11 8 
18 
7 
12 6 12 31 39 40 48 34 18 26 28 
5 30 
23 37 17 33 37 
==============================

====== Algorithm Status ======
Valor:                5424
Time:                 4004
nIter:                323
Best Iter:            323
Improvement Count:    322
==============================
Solution tour: 
0 13 46 27 46 49 
3 35 42 35 17 41 
14 41 29 17 33 20 
13 44 22 1 36 3 36 49 22 1 22 9 10 
15 9 16 9 22 37 
21 37 22 
6 12 46 8 46 13 38 
25 37 33 
17 44 13 
20 47 8 27 8 11 27 11 8 
18 
7 
12 6 12 31 39 40 48 34 18 26 28 
5 30 
23 37 17 33 37 
==============================

====== Algorithm Status ======
Valor:                5452
Time:                 8010
nIter:                669
Best Iter:            669
Improvement Count:    668
==============================
Solution tour: 
0 13 44 22 1 36 3 36 49 22 1 22 9 10 
15 9 16 9 22 37 
21 37 22 
6 12 46 8 46 13 38 
9 26 28 
7 32 36 
3 35 42 35 17 41 
14 41 29 17 33 17 44 20 44 
24 46 
8 27 46 27 11 50 11 30 
5 28 5 
2 30 
11 27 11 
12 8 11 8 47 
4 34 48 34 
19 31 12 13 
==============================

====== Algorithm Status ======
Valor:                5746
Time:                 16007
nIter:                1343
Best Iter:            1343
Improvement Count:    1342
==============================
Solution tour: 
0 35 42 35 49 22 49 
1 38 
8 11 27 
22 
6 22 37 3 
25 42 17 41 14 41 14 24 27 11 27 8 27 46 
13 
20 44 
24 46 27 11 26 
18 47 8 46 29 
17 33 17 44 13 46 11 
12 
11 30 11 8 1 36 
3 36 1 
21 37 22 1 3 16 9 16 6 12 
7 32 31 
19 48 34 48 40 39 45 50 47 20 13 
==============================

====== Algorithm Status ======
Valor:                5746
Time:                 32007
nIter:                2636
Best Iter:            2636
Improvement Count:    2635
==============================
Solution tour: 
0 35 42 35 49 22 49 
1 38 
8 11 27 
22 
6 22 37 3 
25 42 17 41 14 41 14 24 27 11 27 8 27 46 
13 
20 44 
24 46 27 11 26 
18 47 8 46 29 
17 33 17 44 13 46 11 
12 
11 30 11 8 1 36 
3 36 1 
21 37 22 1 3 16 9 16 6 12 
7 32 31 
19 48 34 48 40 39 45 50 47 20 13 
==============================

====== Algorithm Status ======
Valor:                5746
Time:                 64005
nIter:                5303
Best Iter:            5303
Improvement Count:    5302
==============================
Solution tour: 
0 35 42 35 49 22 49 
1 38 
8 11 27 
22 
6 22 37 3 
25 42 17 41 14 41 14 24 27 11 27 8 27 46 
13 
20 44 
24 46 27 11 26 
18 47 8 46 29 
17 33 17 44 13 46 11 
12 
11 30 11 8 1 36 
3 36 1 
21 37 22 1 3 16 9 16 6 12 
7 32 31 
19 48 34 48 40 39 45 50 47 20 13 
==============================

====== Algorithm Status ======
Valor:                5746
Time:                 128002
nIter:                10733
Best Iter:            10733
Improvement Count:    10732
==============================
Solution tour: 
0 35 42 35 49 22 49 
1 38 
8 11 27 
22 
6 22 37 3 
25 42 17 41 14 41 14 24 27 11 27 8 27 46 
13 
20 44 
24 46 27 11 26 
18 47 8 46 29 
17 33 17 44 13 46 11 
12 
11 30 11 8 1 36 
3 36 1 
21 37 22 1 3 16 9 16 6 12 
7 32 31 
19 48 34 48 40 39 45 50 47 20 13 
==============================

====== Algorithm Status ======
Valor:                5746
Time:                 256023
nIter:                21614
Best Iter:            21614
Improvement Count:    21613
==============================
Solution tour: 
0 35 42 35 49 22 49 
1 38 
8 11 27 
22 
6 22 37 3 
25 42 17 41 14 41 14 24 27 11 27 8 27 46 
13 
20 44 
24 46 27 11 26 
18 47 8 46 29 
17 33 17 44 13 46 11 
12 
11 30 11 8 1 36 
3 36 1 
21 37 22 1 3 16 9 16 6 12 
7 32 31 
19 48 34 48 40 39 45 50 47 20 13 
==============================

====== Algorithm Status ======
Valor:                6048
Time:                 512002
nIter:                43028
Best Iter:            43028
Improvement Count:    43027
==============================
Solution tour: 
0 35 42 35 17 44 13 44 22 9 
10 49 22 37 33 37 17 44 
20 13 46 8 11 27 11 12 
6 22 49 36 
3 36 1 
22 49 
1 36 
16 9 16 38 11 30 
5 28 26 6 26 
2 
18 26 18 7 8 27 8 24 44 
17 33 17 41 
14 41 7 32 
7 30 11 8 46 27 46 
24 46 
8 47 50 45 39 48 34 
19 31 32 29 46 
13 
==============================

====== Algorithm Status ======
Valor:                6048
Time:                 1024010
nIter:                85390
Best Iter:            85390
Improvement Count:    85391
==============================
Solution tour: 
0 35 42 35 17 44 13 44 22 9 
10 49 22 37 33 37 17 44 
20 13 46 8 11 27 11 12 
6 22 49 36 
3 36 1 
22 49 
1 36 
16 9 16 38 11 30 
5 28 26 6 26 
2 
18 26 18 7 8 27 8 24 44 
17 33 17 41 
14 41 7 32 
7 30 11 8 46 27 46 
24 46 
8 47 50 45 39 48 34 
19 31 32 29 46 
13 
==============================

====== Algorithm Status ======
Valor:                6048
Time:                 1024010
nIter:                85390
Best Iter:            85390
Improvement Count:    85391
==============================
Solution tour: 
0 35 42 35 17 44 13 44 22 9 
10 49 22 37 33 37 17 44 
20 13 46 8 11 27 11 12 
6 22 49 36 
3 36 1 
22 49 
1 36 
16 9 16 38 11 30 
5 28 26 6 26 
2 
18 26 18 7 8 27 8 24 44 
17 33 17 41 
14 41 7 32 
7 30 11 8 46 27 46 
24 46 
8 47 50 45 39 48 34 
19 31 32 29 46 
13 
==============================

