=========== Input ===========
File name:                ./instances/created-instances/mm-25-25-1762875.cdop
Total node count:         51
Truck node count:         25
Drone node count:         25
=============================

========== Settings ==========
Settings file:        ./settings/Memetic-LS_MPX_1287823.config
Seed:                 1287823
Reduction method:     -
Max iter:             1024000
Population size:      13
Crossover:            MA-MPX
Local Search:         -
Warm Start:           Mario_WS
==============================

====== Algorithm Status ======
Valor:                3098
Time:                 251
nIter:                270
Best Iter:            270
Improvement Count:    269
==============================
Solution tour: 
0 7 0 
5 
16 
2 
14 41 35 8 37 38 
24 30 
13 24 
10 
1 40 44 27 
17 31 39 36 
12 
8 46 37 
3 34 42 49 29 50 22 
23 32 
11 
18 
22 
20 
19 
9 
21 
15 
4 28 
7 48 
6 47 
==============================

====== Algorithm Status ======
Valor:                3098
Time:                 500
nIter:                521
Best Iter:            521
Improvement Count:    520
==============================
Solution tour: 
0 7 0 
5 
16 
2 
14 41 35 8 37 38 
24 30 
13 24 
10 
1 40 44 27 
17 31 39 36 
12 
8 46 37 
3 34 42 49 29 50 22 
23 32 
11 
18 
22 
20 
19 
9 
21 
15 
4 28 
7 48 
6 47 
==============================

====== Algorithm Status ======
Valor:                3098
Time:                 1000
nIter:                1042
Best Iter:            1042
Improvement Count:    1041
==============================
Solution tour: 
0 7 0 
5 
16 
2 
14 41 35 8 37 38 
24 30 
13 24 
10 
1 40 44 27 
17 31 39 36 
12 
8 46 37 
3 34 42 49 29 50 22 
23 32 
11 
18 
22 
20 
19 
9 
21 
15 
4 28 
7 48 
6 47 
==============================

====== Algorithm Status ======
Valor:                3098
Time:                 2000
nIter:                2026
Best Iter:            2026
Improvement Count:    2025
==============================
Solution tour: 
0 7 0 
5 
16 
2 
14 41 35 8 37 38 
24 30 
13 24 
10 
1 40 44 27 
17 31 39 36 
12 
8 46 37 
3 34 42 49 29 50 22 
23 32 
11 
18 
22 
20 
19 
9 
21 
15 
4 28 
7 48 
6 47 
==============================

====== Algorithm Status ======
Valor:                3098
Time:                 4000
nIter:                4089
Best Iter:            4089
Improvement Count:    4088
==============================
Solution tour: 
0 7 0 
5 
16 
2 
14 41 35 8 37 38 
24 30 
13 24 
10 
1 40 44 27 
17 31 39 36 
12 
8 46 37 
3 34 42 49 29 50 22 
23 32 
11 
18 
22 
20 
19 
9 
21 
15 
4 28 
7 48 
6 47 
==============================

====== Algorithm Status ======
Valor:                3098
Time:                 8000
nIter:                8068
Best Iter:            8068
Improvement Count:    8067
==============================
Solution tour: 
0 7 0 
5 
16 
2 
14 41 35 8 37 38 
24 30 
13 24 
10 
1 40 44 27 
17 31 39 36 
12 
8 46 37 
3 34 42 49 29 50 22 
23 32 
11 
18 
22 
20 
19 
9 
21 
15 
4 28 
7 48 
6 47 
==============================

====== Algorithm Status ======
Valor:                3098
Time:                 16000
nIter:                16047
Best Iter:            16047
Improvement Count:    16046
==============================
Solution tour: 
0 7 0 
5 
16 
2 
14 41 35 8 37 38 
24 30 
13 24 
10 
1 40 44 27 
17 31 39 36 
12 
8 46 37 
3 34 42 49 29 50 22 
23 32 
11 
18 
22 
20 
19 
9 
21 
15 
4 28 
7 48 
6 47 
==============================

====== Algorithm Status ======
Valor:                3098
Time:                 32000
nIter:                32333
Best Iter:            32333
Improvement Count:    32332
==============================
Solution tour: 
0 7 0 
5 
16 
2 
14 41 35 8 37 38 
24 30 
13 24 
10 
1 40 44 27 
17 31 39 36 
12 
8 46 37 
3 34 42 49 29 50 22 
23 32 
11 
18 
22 
20 
19 
9 
21 
15 
4 28 
7 48 
6 47 
==============================

====== Algorithm Status ======
Valor:                3098
Time:                 64000
nIter:                64717
Best Iter:            64717
Improvement Count:    64716
==============================
Solution tour: 
0 7 0 
5 
16 
2 
14 41 35 8 37 38 
24 30 
13 24 
10 
1 40 44 27 
17 31 39 36 
12 
8 46 37 
3 34 42 49 29 50 22 
23 32 
11 
18 
22 
20 
19 
9 
21 
15 
4 28 
7 48 
6 47 
==============================

====== Algorithm Status ======
Valor:                3098
Time:                 128000
nIter:                129083
Best Iter:            129083
Improvement Count:    129082
==============================
Solution tour: 
0 7 0 
5 
16 
2 
14 41 35 8 37 38 
24 30 
13 24 
10 
1 40 44 27 
17 31 39 36 
12 
8 46 37 
3 34 42 49 29 50 22 
23 32 
11 
18 
22 
20 
19 
9 
21 
15 
4 28 
7 48 
6 47 
==============================

====== Algorithm Status ======
Valor:                3188
Time:                 256000
nIter:                259595
Best Iter:            259595
Improvement Count:    259594
==============================
Solution tour: 
0 7 0 
5 
16 
2 
14 41 35 8 37 38 
24 30 
13 24 
10 
1 40 44 27 
17 31 39 36 
12 
8 46 37 
3 34 42 49 29 50 22 
18 
11 
23 32 
22 
20 
19 
9 
21 
15 
4 28 
7 48 
6 47 
==============================

====== Algorithm Status ======
Valor:                3188
Time:                 512000
nIter:                519835
Best Iter:            519835
Improvement Count:    519834
==============================
Solution tour: 
0 7 0 
5 
16 
2 
14 41 35 8 37 38 
24 30 
13 24 
10 
1 40 44 27 
17 31 39 36 
12 
8 46 37 
3 34 42 49 29 50 22 
18 
11 
23 32 
22 
20 
19 
9 
21 
15 
4 28 
7 48 
6 47 
==============================

====== Algorithm Status ======
Valor:                3216
Time:                 1024001
nIter:                1045899
Best Iter:            1045899
Improvement Count:    1045900
==============================
Solution tour: 
0 7 0 
5 
16 
2 
14 41 35 8 37 38 
24 30 
13 24 
10 
1 40 44 27 
17 31 39 36 
12 
8 46 37 
3 34 42 49 29 50 22 
18 
11 
23 32 
22 
20 
7 48 
6 47 
19 
==============================

====== Algorithm Status ======
Valor:                3216
Time:                 1024001
nIter:                1045899
Best Iter:            1045899
Improvement Count:    1045900
==============================
Solution tour: 
0 7 0 
5 
16 
2 
14 41 35 8 37 38 
24 30 
13 24 
10 
1 40 44 27 
17 31 39 36 
12 
8 46 37 
3 34 42 49 29 50 22 
18 
11 
23 32 
22 
20 
7 48 
6 47 
19 
==============================

