=========== Input ===========
File name:                ./instances/created-instances/mm-5-40-1917698.cdop
Total node count:         46
Truck node count:         5
Drone node count:         40
=============================

========== Settings ==========
Settings file:        ./settings/Memetic-LS_MPX_1881515.config
Seed:                 1881515
Reduction method:     -
Max iter:             1024000
Population size:      13
Crossover:            MA-MPX
Local Search:         -
Warm Start:           Mario_WS
==============================

====== Algorithm Status ======
Valor:                5637
Time:                 250
nIter:                137
Best Iter:            137
Improvement Count:    136
==============================
Solution tour: 
0 45 41 45 39 25 39 0 15 36 41 36 31 
4 31 24 37 12 24 31 36 29 
1 20 3 24 
3 11 3 34 13 8 39 42 14 2 7 
2 24 41 10 38 6 34 6 27 44 23 32 5 18 5 14 22 14 28 45 33 45 36 40 7 40 37 45 26 45 37 31 19 30 
==============================

====== Algorithm Status ======
Valor:                5637
Time:                 500
nIter:                292
Best Iter:            292
Improvement Count:    291
==============================
Solution tour: 
0 45 41 45 39 25 39 0 15 36 41 36 31 
4 31 24 37 12 24 31 36 29 
1 20 3 24 
3 11 3 34 13 8 39 42 14 2 7 
2 24 41 10 38 6 34 6 27 44 23 32 5 18 5 14 22 14 28 45 33 45 36 40 7 40 37 45 26 45 37 31 19 30 
==============================

====== Algorithm Status ======
Valor:                5637
Time:                 1002
nIter:                565
Best Iter:            565
Improvement Count:    564
==============================
Solution tour: 
0 45 41 45 39 25 39 0 15 36 41 36 31 
4 31 24 37 12 24 31 36 29 
1 20 3 24 
3 11 3 34 13 8 39 42 14 2 7 
2 24 41 10 38 6 34 6 27 44 23 32 5 18 5 14 22 14 28 45 33 45 36 40 7 40 37 45 26 45 37 31 19 30 
==============================

====== Algorithm Status ======
Valor:                5637
Time:                 2002
nIter:                1125
Best Iter:            1125
Improvement Count:    1124
==============================
Solution tour: 
0 45 41 45 39 25 39 0 15 36 41 36 31 
4 31 24 37 12 24 31 36 29 
1 20 3 24 
3 11 3 34 13 8 39 42 14 2 7 
2 24 41 10 38 6 34 6 27 44 23 32 5 18 5 14 22 14 28 45 33 45 36 40 7 40 37 45 26 45 37 31 19 30 
==============================

====== Algorithm Status ======
Valor:                5637
Time:                 4001
nIter:                2225
Best Iter:            2225
Improvement Count:    2224
==============================
Solution tour: 
0 45 41 45 39 25 39 0 15 36 41 36 31 
4 31 24 37 12 24 31 36 29 
1 20 3 24 
3 11 3 34 13 8 39 42 14 2 7 
2 24 41 10 38 6 34 6 27 44 23 32 5 18 5 14 22 14 28 45 33 45 36 40 7 40 37 45 26 45 37 31 19 30 
==============================

====== Algorithm Status ======
Valor:                5637
Time:                 8000
nIter:                4349
Best Iter:            4349
Improvement Count:    4348
==============================
Solution tour: 
0 45 41 45 39 25 39 0 15 36 41 36 31 
4 31 24 37 12 24 31 36 29 
1 20 3 24 
3 11 3 34 13 8 39 42 14 2 7 
2 24 41 10 38 6 34 6 27 44 23 32 5 18 5 14 22 14 28 45 33 45 36 40 7 40 37 45 26 45 37 31 19 30 
==============================

====== Algorithm Status ======
Valor:                5637
Time:                 16005
nIter:                8805
Best Iter:            8805
Improvement Count:    8804
==============================
Solution tour: 
0 45 41 45 39 25 39 0 15 36 41 36 31 
4 31 24 37 12 24 31 36 29 
1 20 3 24 
3 11 3 34 13 8 39 42 14 2 7 
2 24 41 10 38 6 34 6 27 44 23 32 5 18 5 14 22 14 28 45 33 45 36 40 7 40 37 45 26 45 37 31 19 30 
==============================

====== Algorithm Status ======
Valor:                5637
Time:                 32000
nIter:                17366
Best Iter:            17366
Improvement Count:    17365
==============================
Solution tour: 
0 45 41 45 39 25 39 0 15 36 41 36 31 
4 31 24 37 12 24 31 36 29 
1 20 3 24 
3 11 3 34 13 8 39 42 14 2 7 
2 24 41 10 38 6 34 6 27 44 23 32 5 18 5 14 22 14 28 45 33 45 36 40 7 40 37 45 26 45 37 31 19 30 
==============================

====== Algorithm Status ======
Valor:                5637
Time:                 64001
nIter:                34731
Best Iter:            34731
Improvement Count:    34730
==============================
Solution tour: 
0 45 41 45 39 25 39 0 15 36 41 36 31 
4 31 24 37 12 24 31 36 29 
1 20 3 24 
3 11 3 34 13 8 39 42 14 2 7 
2 24 41 10 38 6 34 6 27 44 23 32 5 18 5 14 22 14 28 45 33 45 36 40 7 40 37 45 26 45 37 31 19 30 
==============================

====== Algorithm Status ======
Valor:                5637
Time:                 128000
nIter:                69226
Best Iter:            69226
Improvement Count:    69225
==============================
Solution tour: 
0 45 41 45 39 25 39 0 15 36 41 36 31 
4 31 24 37 12 24 31 36 29 
1 20 3 24 
3 11 3 34 13 8 39 42 14 2 7 
2 24 41 10 38 6 34 6 27 44 23 32 5 18 5 14 22 14 28 45 33 45 36 40 7 40 37 45 26 45 37 31 19 30 
==============================

====== Algorithm Status ======
Valor:                5637
Time:                 256000
nIter:                138395
Best Iter:            138395
Improvement Count:    138394
==============================
Solution tour: 
0 45 41 45 39 25 39 0 15 36 41 36 31 
4 31 24 37 12 24 31 36 29 
1 20 3 24 
3 11 3 34 13 8 39 42 14 2 7 
2 24 41 10 38 6 34 6 27 44 23 32 5 18 5 14 22 14 28 45 33 45 36 40 7 40 37 45 26 45 37 31 19 30 
==============================

====== Algorithm Status ======
Valor:                5637
Time:                 512001
nIter:                277084
Best Iter:            277084
Improvement Count:    277083
==============================
Solution tour: 
0 45 41 45 39 25 39 0 15 36 41 36 31 
4 31 24 37 12 24 31 36 29 
1 20 3 24 
3 11 3 34 13 8 39 42 14 2 7 
2 24 41 10 38 6 34 6 27 44 23 32 5 18 5 14 22 14 28 45 33 45 36 40 7 40 37 45 26 45 37 31 19 30 
==============================

====== Algorithm Status ======
Valor:                5637
Time:                 1024001
nIter:                555511
Best Iter:            555511
Improvement Count:    555512
==============================
Solution tour: 
0 45 41 45 39 25 39 0 15 36 41 36 31 
4 31 24 37 12 24 31 36 29 
1 20 3 24 
3 11 3 34 13 8 39 42 14 2 7 
2 24 41 10 38 6 34 6 27 44 23 32 5 18 5 14 22 14 28 45 33 45 36 40 7 40 37 45 26 45 37 31 19 30 
==============================

====== Algorithm Status ======
Valor:                5637
Time:                 1024001
nIter:                555511
Best Iter:            555511
Improvement Count:    555512
==============================
Solution tour: 
0 45 41 45 39 25 39 0 15 36 41 36 31 
4 31 24 37 12 24 31 36 29 
1 20 3 24 
3 11 3 34 13 8 39 42 14 2 7 
2 24 41 10 38 6 34 6 27 44 23 32 5 18 5 14 22 14 28 45 33 45 36 40 7 40 37 45 26 45 37 31 19 30 
==============================

