=========== Input ===========
File name:                ./instances/created-instances/mm-15-10-1110588.cdop
Total node count:         26
Truck node count:         15
Drone node count:         10
=============================

========== Settings ==========
Settings file:        ./settings/Memetic_MPX_1099666.config
Seed:                 1099666
Reduction method:     -
Max iter:             1024000
Population size:      13
Crossover:            MA-MPX
Local Search:         LS
Warm Start:           Mario_WS
==============================

====== Algorithm Status ======
Valor:                3548
Time:                 250
nIter:                86
Best Iter:            86
Improvement Count:    85
==============================
Solution tour: 
0 4 5 
12 5 0 6 24 22 24 21 
13 24 25 24 13 
2 13 0 13 20 25 20 0 
5 
14 3 14 
7 17 12 
1 
8 1 12 
10 15 11 15 25 21 
3 21 6 19 16 19 18 
4 
6 0 23 
==============================

====== Algorithm Status ======
Valor:                3616
Time:                 502
nIter:                174
Best Iter:            174
Improvement Count:    173
==============================
Solution tour: 
0 23 17 
7 17 5 12 
1 
8 1 12 5 
10 15 11 15 22 24 25 20 25 21 
3 21 6 19 16 19 18 
4 0 6 21 25 24 
6 24 25 0 13 24 14 24 
13 24 22 
5 
14 3 14 23 
==============================

====== Algorithm Status ======
Valor:                3616
Time:                 1001
nIter:                330
Best Iter:            330
Improvement Count:    329
==============================
Solution tour: 
0 23 17 
7 17 5 12 
1 
8 1 12 5 
10 15 11 15 22 24 25 20 25 21 
3 21 6 19 16 19 18 
4 0 6 21 25 24 
6 24 25 0 13 24 14 24 
13 24 22 
5 
14 3 14 23 
==============================

====== Algorithm Status ======
Valor:                3616
Time:                 2000
nIter:                641
Best Iter:            641
Improvement Count:    640
==============================
Solution tour: 
0 23 17 
7 17 5 12 
1 
8 1 12 5 
10 15 11 15 22 24 25 20 25 21 
3 21 6 19 16 19 18 
4 0 6 21 25 24 
6 24 25 0 13 24 14 24 
13 24 22 
5 
14 3 14 23 
==============================

====== Algorithm Status ======
Valor:                3616
Time:                 4008
nIter:                1275
Best Iter:            1275
Improvement Count:    1274
==============================
Solution tour: 
0 23 17 
7 17 5 12 
1 
8 1 12 5 
10 15 11 15 22 24 25 20 25 21 
3 21 6 19 16 19 18 
4 0 6 21 25 24 
6 24 25 0 13 24 14 24 
13 24 22 
5 
14 3 14 23 
==============================

====== Algorithm Status ======
Valor:                3788
Time:                 8002
nIter:                2514
Best Iter:            2514
Improvement Count:    2513
==============================
Solution tour: 
0 23 17 
7 17 5 12 
1 
8 1 12 5 11 
10 15 11 15 22 24 25 20 25 21 
3 21 6 19 16 19 18 21 0 13 
2 13 21 24 22 13 0 
4 0 6 21 25 24 
13 24 22 6 0 
5 
14 23 
==============================

====== Algorithm Status ======
Valor:                3788
Time:                 16002
nIter:                4903
Best Iter:            4903
Improvement Count:    4902
==============================
Solution tour: 
0 23 17 
7 17 5 12 
1 
8 1 12 5 11 
10 15 11 15 22 24 25 20 25 21 
3 21 6 19 16 19 18 21 0 13 
2 13 21 24 22 13 0 
4 0 6 21 25 24 
13 24 22 6 0 
5 
14 23 
==============================

====== Algorithm Status ======
Valor:                3788
Time:                 32002
nIter:                9708
Best Iter:            9708
Improvement Count:    9707
==============================
Solution tour: 
0 23 17 
7 17 5 12 
1 
8 1 12 5 11 
10 15 11 15 22 24 25 20 25 21 
3 21 6 19 16 19 18 21 0 13 
2 13 21 24 22 13 0 
4 0 6 21 25 24 
13 24 22 6 0 
5 
14 23 
==============================

====== Algorithm Status ======
Valor:                3788
Time:                 64000
nIter:                19197
Best Iter:            19197
Improvement Count:    19196
==============================
Solution tour: 
0 23 17 
7 17 5 12 
1 
8 1 12 5 11 
10 15 11 15 22 24 25 20 25 21 
3 21 6 19 16 19 18 21 0 13 
2 13 21 24 22 13 0 
4 0 6 21 25 24 
13 24 22 6 0 
5 
14 23 
==============================

====== Algorithm Status ======
Valor:                3946
Time:                 128004
nIter:                37984
Best Iter:            37984
Improvement Count:    37983
==============================
Solution tour: 
0 23 14 
7 17 7 5 12 
1 
8 1 12 5 11 
10 15 11 15 22 24 25 20 25 21 
3 21 6 19 16 18 19 18 21 0 13 
2 13 21 24 22 13 0 
4 0 6 21 25 24 
13 24 6 0 
5 
14 23 
==============================

====== Algorithm Status ======
Valor:                3946
Time:                 256003
nIter:                75722
Best Iter:            75722
Improvement Count:    75721
==============================
Solution tour: 
0 23 14 
7 17 7 5 12 
1 
8 1 12 5 11 
10 15 11 15 22 24 25 20 25 21 
3 21 6 19 16 18 19 18 21 0 13 
2 13 21 24 22 13 0 
4 0 6 21 25 24 
13 24 6 0 
5 
14 23 
==============================

====== Algorithm Status ======
Valor:                3946
Time:                 512002
nIter:                151372
Best Iter:            151372
Improvement Count:    151371
==============================
Solution tour: 
0 23 14 
7 17 7 5 12 
1 
8 1 12 5 11 
10 15 11 15 22 24 25 20 25 21 
3 21 6 19 16 18 19 18 21 0 13 
2 13 21 24 22 13 0 
4 0 6 21 25 24 
13 24 6 0 
5 
14 23 
==============================

====== Algorithm Status ======
Valor:                3962
Time:                 1024002
nIter:                301527
Best Iter:            301527
Improvement Count:    301528
==============================
Solution tour: 
0 23 14 
7 17 7 14 5 12 
1 
8 1 12 5 11 
10 15 11 15 22 24 25 20 25 21 
3 21 6 19 16 18 19 18 21 0 13 
2 13 21 24 13 24 22 13 0 24 
6 0 
4 0 6 21 25 24 
14 3 
==============================

====== Algorithm Status ======
Valor:                3962
Time:                 1024002
nIter:                301527
Best Iter:            301527
Improvement Count:    301528
==============================
Solution tour: 
0 23 14 
7 17 7 14 5 12 
1 
8 1 12 5 11 
10 15 11 15 22 24 25 20 25 21 
3 21 6 19 16 18 19 18 21 0 13 
2 13 21 24 13 24 22 13 0 24 
6 0 
4 0 6 21 25 24 
14 3 
==============================

