=========== Input ===========
File name:                ./instances/created-instances/mm-15-10-1891798.cdop
Total node count:         26
Truck node count:         15
Drone node count:         10
=============================

========== Settings ==========
Settings file:        ./settings/Memetic-LS_MPX_1099666.config
Seed:                 1099666
Reduction method:     -
Max iter:             1024000
Population size:      13
Crossover:            MA-MPX
Local Search:         -
Warm Start:           Mario_WS
==============================

====== Algorithm Status ======
Valor:                2942
Time:                 250
nIter:                465
Best Iter:            465
Improvement Count:    464
==============================
Solution tour: 
0 6 25 5 12 
7 23 5 23 9 18 
8 
12 24 6 5 15 
14 15 
5 
6 
11 
3 
1 4 0 22 0 9 
4 
9 
2 20 2 
10 21 19 13 16 9 23 15 17 15 9 
13 19 
==============================

====== Algorithm Status ======
Valor:                2942
Time:                 501
nIter:                975
Best Iter:            975
Improvement Count:    974
==============================
Solution tour: 
0 6 25 5 12 
7 23 5 23 9 18 
8 
12 24 6 5 15 
14 15 
5 
6 
11 
3 
1 4 0 22 0 9 
4 
9 
2 20 2 
10 21 19 13 16 9 23 15 17 15 9 
13 19 
==============================

====== Algorithm Status ======
Valor:                2942
Time:                 1000
nIter:                2015
Best Iter:            2015
Improvement Count:    2014
==============================
Solution tour: 
0 6 25 5 12 
7 23 5 23 9 18 
8 
12 24 6 5 15 
14 15 
5 
6 
11 
3 
1 4 0 22 0 9 
4 
9 
2 20 2 
10 21 19 13 16 9 23 15 17 15 9 
13 19 
==============================

====== Algorithm Status ======
Valor:                2942
Time:                 2000
nIter:                4036
Best Iter:            4036
Improvement Count:    4035
==============================
Solution tour: 
0 6 25 5 12 
7 23 5 23 9 18 
8 
12 24 6 5 15 
14 15 
5 
6 
11 
3 
1 4 0 22 0 9 
4 
9 
2 20 2 
10 21 19 13 16 9 23 15 17 15 9 
13 19 
==============================

====== Algorithm Status ======
Valor:                2992
Time:                 4000
nIter:                7998
Best Iter:            7998
Improvement Count:    7997
==============================
Solution tour: 
0 6 25 5 12 
7 23 5 23 9 18 
8 
14 15 
12 24 6 5 15 
5 
6 
11 
3 
1 4 0 22 0 9 
4 
9 
13 19 
10 21 19 13 16 9 23 15 17 15 9 
2 20 2 
==============================

====== Algorithm Status ======
Valor:                2992
Time:                 8000
nIter:                16317
Best Iter:            16317
Improvement Count:    16316
==============================
Solution tour: 
0 6 25 5 12 
7 23 5 23 9 18 
8 
14 15 
12 24 6 5 15 
5 
6 
11 
3 
1 4 0 22 0 9 
4 
9 
13 19 
10 21 19 13 16 9 23 15 17 15 9 
2 20 2 
==============================

====== Algorithm Status ======
Valor:                2992
Time:                 16000
nIter:                32501
Best Iter:            32501
Improvement Count:    32500
==============================
Solution tour: 
0 6 25 5 12 
7 23 5 23 9 18 
8 
14 15 
12 24 6 5 15 
5 
6 
11 
3 
1 4 0 22 0 9 
4 
9 
13 19 
10 21 19 13 16 9 23 15 17 15 9 
2 20 2 
==============================

====== Algorithm Status ======
Valor:                2992
Time:                 32000
nIter:                65266
Best Iter:            65266
Improvement Count:    65265
==============================
Solution tour: 
0 6 25 5 12 
7 23 5 23 9 18 
8 
14 15 
12 24 6 5 15 
5 
6 
11 
3 
1 4 0 22 0 9 
4 
9 
13 19 
10 21 19 13 16 9 23 15 17 15 9 
2 20 2 
==============================

====== Algorithm Status ======
Valor:                3097
Time:                 64000
nIter:                126191
Best Iter:            126191
Improvement Count:    126190
==============================
Solution tour: 
0 6 25 5 12 
7 
12 5 23 9 18 
14 15 
8 23 24 6 5 15 
10 21 19 13 16 9 16 23 15 17 
15 
5 
6 
2 20 
11 
1 4 0 22 0 9 
4 
9 
13 19 
==============================

====== Algorithm Status ======
Valor:                3146
Time:                 128000
nIter:                240332
Best Iter:            240332
Improvement Count:    240331
==============================
Solution tour: 
0 6 25 5 12 
7 
12 5 23 9 23 
14 15 
8 18 24 4 6 5 15 
10 21 19 13 16 9 16 23 15 17 
15 
5 
6 
2 20 
11 
1 4 0 22 0 9 
4 
9 
13 19 
==============================

====== Algorithm Status ======
Valor:                3246
Time:                 256000
nIter:                463211
Best Iter:            463211
Improvement Count:    463210
==============================
Solution tour: 
0 6 25 
14 12 
7 
12 5 23 9 23 5 15 
8 18 24 4 5 
2 20 
10 21 19 13 16 9 16 15 17 
15 
5 
6 20 
11 9 
1 4 0 22 0 9 
4 
9 
13 19 
==============================

====== Algorithm Status ======
Valor:                3499
Time:                 512000
nIter:                879431
Best Iter:            879431
Improvement Count:    879430
==============================
Solution tour: 
0 6 25 
12 5 23 9 23 5 15 
8 4 24 4 6 5 
6 20 
2 20 
11 9 
1 4 0 22 0 9 
4 
9 
13 19 21 
10 21 19 13 16 9 16 18 15 17 
15 
5 
14 12 
7 19 
==============================

====== Algorithm Status ======
Valor:                3555
Time:                 1024001
nIter:                1714309
Best Iter:            1714309
Improvement Count:    1714310
==============================
Solution tour: 
0 6 25 
14 5 23 9 23 5 15 
8 4 24 4 6 5 
6 20 
2 20 
11 9 
1 4 0 22 0 9 
4 
9 
13 19 21 
10 21 19 13 16 9 16 2 13 18 15 17 
15 
5 
12 
7 19 
==============================

====== Algorithm Status ======
Valor:                3555
Time:                 1024001
nIter:                1714309
Best Iter:            1714309
Improvement Count:    1714310
==============================
Solution tour: 
0 6 25 
14 5 23 9 23 5 15 
8 4 24 4 6 5 
6 20 
2 20 
11 9 
1 4 0 22 0 9 
4 
9 
13 19 21 
10 21 19 13 16 9 16 2 13 18 15 17 
15 
5 
12 
7 19 
==============================

