=========== Input ===========
File name:                ./instances/created-instances/mm-25-25-1762875.cdop
Total node count:         51
Truck node count:         25
Drone node count:         25
=============================

========== Settings ==========
Settings file:        ./settings/Memetic-LS_MMX_1287823.config
Seed:                 1287823
Reduction method:     -
Max iter:             1024000
Population size:      13
Crossover:            MA-MMX
Local Search:         -
Warm Start:           Mario_WS
==============================

====== Algorithm Status ======
Valor:                3456
Time:                 254
nIter:                305
Best Iter:            305
Improvement Count:    304
==============================
Solution tour: 
0 7 0 
5 
16 
2 
14 41 35 8 38 
24 30 
13 24 
10 
1 40 44 40 44 27 
17 31 39 36 
8 46 37 
3 34 42 49 34 42 49 29 50 22 29 22 
23 22 32 
22 
19 
9 
21 
15 48 
6 47 
==============================

====== Algorithm Status ======
Valor:                3456
Time:                 500
nIter:                569
Best Iter:            569
Improvement Count:    568
==============================
Solution tour: 
0 7 0 
5 
16 
2 
14 41 35 8 38 
24 30 
13 24 
10 
1 40 44 40 44 27 
17 31 39 36 
8 46 37 
3 34 42 49 34 42 49 29 50 22 29 22 
23 22 32 
22 
19 
9 
21 
15 48 
6 47 
==============================

====== Algorithm Status ======
Valor:                3758
Time:                 1003
nIter:                1141
Best Iter:            1141
Improvement Count:    1140
==============================
Solution tour: 
0 7 0 
5 
16 
14 41 35 41 35 8 38 
24 30 
13 24 
10 
1 40 44 40 44 27 
17 31 39 31 39 36 
8 46 37 
3 34 49 34 42 29 22 50 22 29 
23 22 32 
22 
19 
9 
21 
15 48 
6 47 
==============================

====== Algorithm Status ======
Valor:                3857
Time:                 2002
nIter:                2236
Best Iter:            2236
Improvement Count:    2235
==============================
Solution tour: 
0 7 0 
5 
16 
14 41 35 41 35 8 38 
24 30 
13 24 
1 40 44 40 44 40 27 44 
17 44 39 36 39 46 37 
3 34 49 29 22 50 22 29 
23 22 32 
22 
19 
9 
21 
15 48 
6 47 
==============================

====== Algorithm Status ======
Valor:                4146
Time:                 4000
nIter:                4568
Best Iter:            4568
Improvement Count:    4567
==============================
Solution tour: 
0 7 0 
5 
16 
14 41 35 41 8 38 
24 30 
13 24 
1 40 44 27 44 
17 44 39 36 39 46 37 46 39 46 
3 34 49 29 34 22 50 22 29 22 
23 22 32 
22 
19 22 
21 
15 48 
6 47 
==============================

====== Algorithm Status ======
Valor:                4225
Time:                 8000
nIter:                8925
Best Iter:            8925
Improvement Count:    8924
==============================
Solution tour: 
0 7 0 
5 
16 
14 41 35 41 8 38 
24 30 
13 24 
1 40 27 44 
17 44 39 36 39 46 37 46 39 46 
3 34 49 29 34 29 22 50 22 29 
23 22 32 22 
19 22 
21 
15 48 
6 47 
==============================

====== Algorithm Status ======
Valor:                4225
Time:                 16001
nIter:                17930
Best Iter:            17930
Improvement Count:    17929
==============================
Solution tour: 
0 7 0 
5 
16 
14 41 35 41 8 38 
24 30 
13 24 
1 40 27 44 
17 44 39 36 39 46 37 46 39 46 
3 34 49 29 34 29 22 50 22 29 
23 22 32 22 
19 22 
21 
15 48 
6 47 
==============================

====== Algorithm Status ======
Valor:                4306
Time:                 32000
nIter:                35862
Best Iter:            35862
Improvement Count:    35861
==============================
Solution tour: 
0 7 0 
5 
16 
14 41 35 41 35 8 41 8 38 
24 30 24 
1 40 27 44 39 36 39 46 39 37 36 37 46 37 
3 49 34 29 22 50 22 29 
23 22 32 22 
19 22 
21 
15 48 
6 47 
==============================

====== Algorithm Status ======
Valor:                4600
Time:                 64000
nIter:                71467
Best Iter:            71467
Improvement Count:    71466
==============================
Solution tour: 
0 7 0 
5 41 39 41 8 35 8 41 38 
24 30 24 
1 40 1 44 39 36 39 46 39 37 36 37 46 37 
3 49 34 29 22 50 22 29 
23 22 32 22 
19 22 
21 
15 48 41 48 
6 47 
==============================

====== Algorithm Status ======
Valor:                4746
Time:                 128000
nIter:                144027
Best Iter:            144027
Improvement Count:    144026
==============================
Solution tour: 
0 7 0 
5 41 39 41 8 35 41 35 
8 41 38 
24 13 30 24 
1 40 1 44 39 36 39 46 37 36 37 46 
3 34 49 29 34 29 22 50 22 29 
23 22 32 22 
19 22 
21 
15 48 41 48 
6 47 
==============================

====== Algorithm Status ======
Valor:                4843
Time:                 256000
nIter:                284854
Best Iter:            284854
Improvement Count:    284853
==============================
Solution tour: 
0 7 0 
5 41 39 41 8 35 41 35 
8 41 38 
24 13 30 24 33 
1 40 1 44 1 39 36 39 46 37 36 37 46 
3 34 49 29 34 29 22 50 22 29 
23 22 32 22 
19 22 
21 
15 48 41 5 
6 47 
==============================

====== Algorithm Status ======
Valor:                4977
Time:                 512000
nIter:                559323
Best Iter:            559323
Improvement Count:    559322
==============================
Solution tour: 
0 7 0 
5 41 39 41 8 35 41 35 
8 41 48 38 30 24 10 
1 40 1 44 1 39 36 39 46 39 46 37 36 37 46 34 49 29 34 29 22 50 22 29 
23 22 32 22 
19 22 
21 22 42 48 41 5 
6 47 
==============================

====== Algorithm Status ======
Valor:                5254
Time:                 1024002
nIter:                1035658
Best Iter:            1035658
Improvement Count:    1035659
==============================
Solution tour: 
0 7 0 
5 41 39 41 8 35 41 35 
8 41 48 38 30 24 10 
1 40 1 44 1 39 36 39 46 37 
18 37 36 37 46 34 29 34 49 29 42 22 29 22 50 22 32 37 32 22 
19 22 
21 22 42 48 41 5 
6 47 
==============================

====== Algorithm Status ======
Valor:                5254
Time:                 1024002
nIter:                1035658
Best Iter:            1035658
Improvement Count:    1035659
==============================
Solution tour: 
0 7 0 
5 41 39 41 8 35 41 35 
8 41 48 38 30 24 10 
1 40 1 44 1 39 36 39 46 37 
18 37 36 37 46 34 29 34 49 29 42 22 29 22 50 22 32 37 32 22 
19 22 
21 22 42 48 41 5 
6 47 
==============================

