=========== Input ===========
File name:                ./instances/created-instances/mm-10-25-1917698.cdop
Total node count:         36
Truck node count:         10
Drone node count:         25
=============================

========== Settings ==========
Settings file:        ./settings/Memetic-LS_MPX_1287823.config
Seed:                 1287823
Reduction method:     -
Max iter:             1024000
Population size:      13
Crossover:            MA-MPX
Local Search:         -
Warm Start:           Mario_WS
==============================

====== Algorithm Status ======
Valor:                3821
Time:                 251
nIter:                270
Best Iter:            270
Improvement Count:    269
==============================
Solution tour: 
0 21 
4 30 4 17 16 30 27 28 
1 15 35 19 6 14 3 13 24 9 
6 27 30 
3 28 25 18 16 32 16 26 
9 30 
5 11 
2 11 5 34 23 
8 
7 29 12 21 33 21 
==============================

====== Algorithm Status ======
Valor:                3821
Time:                 500
nIter:                552
Best Iter:            552
Improvement Count:    551
==============================
Solution tour: 
0 21 
4 30 4 17 16 30 27 28 
1 15 35 19 6 14 3 13 24 9 
6 27 30 
3 28 25 18 16 32 16 26 
9 30 
5 11 
2 11 5 34 23 
8 
7 29 12 21 33 21 
==============================

====== Algorithm Status ======
Valor:                3821
Time:                 1000
nIter:                1111
Best Iter:            1111
Improvement Count:    1110
==============================
Solution tour: 
0 21 
4 30 4 17 16 30 27 28 
1 15 35 19 6 14 3 13 24 9 
6 27 30 
3 28 25 18 16 32 16 26 
9 30 
5 11 
2 11 5 34 23 
8 
7 29 12 21 33 21 
==============================

====== Algorithm Status ======
Valor:                3821
Time:                 2000
nIter:                2293
Best Iter:            2293
Improvement Count:    2292
==============================
Solution tour: 
0 21 
4 30 4 17 16 30 27 28 
1 15 35 19 6 14 3 13 24 9 
6 27 30 
3 28 25 18 16 32 16 26 
9 30 
5 11 
2 11 5 34 23 
8 
7 29 12 21 33 21 
==============================

====== Algorithm Status ======
Valor:                3821
Time:                 4001
nIter:                4500
Best Iter:            4500
Improvement Count:    4499
==============================
Solution tour: 
0 21 
4 30 4 17 16 30 27 28 
1 15 35 19 6 14 3 13 24 9 
6 27 30 
3 28 25 18 16 32 16 26 
9 30 
5 11 
2 11 5 34 23 
8 
7 29 12 21 33 21 
==============================

====== Algorithm Status ======
Valor:                3821
Time:                 8000
nIter:                8742
Best Iter:            8742
Improvement Count:    8741
==============================
Solution tour: 
0 21 
4 30 4 17 16 30 27 28 
1 15 35 19 6 14 3 13 24 9 
6 27 30 
3 28 25 18 16 32 16 26 
9 30 
5 11 
2 11 5 34 23 
8 
7 29 12 21 33 21 
==============================

====== Algorithm Status ======
Valor:                3821
Time:                 16000
nIter:                16971
Best Iter:            16971
Improvement Count:    16970
==============================
Solution tour: 
0 21 
4 30 4 17 16 30 27 28 
1 15 35 19 6 14 3 13 24 9 
6 27 30 
3 28 25 18 16 32 16 26 
9 30 
5 11 
2 11 5 34 23 
8 
7 29 12 21 33 21 
==============================

====== Algorithm Status ======
Valor:                3821
Time:                 32000
nIter:                34698
Best Iter:            34698
Improvement Count:    34697
==============================
Solution tour: 
0 21 
4 30 4 17 16 30 27 28 
1 15 35 19 6 14 3 13 24 9 
6 27 30 
3 28 25 18 16 32 16 26 
9 30 
5 11 
2 11 5 34 23 
8 
7 29 12 21 33 21 
==============================

====== Algorithm Status ======
Valor:                3821
Time:                 64000
nIter:                69868
Best Iter:            69868
Improvement Count:    69867
==============================
Solution tour: 
0 21 
4 30 4 17 16 30 27 28 
1 15 35 19 6 14 3 13 24 9 
6 27 30 
3 28 25 18 16 32 16 26 
9 30 
5 11 
2 11 5 34 23 
8 
7 29 12 21 33 21 
==============================

====== Algorithm Status ======
Valor:                3821
Time:                 128000
nIter:                140516
Best Iter:            140516
Improvement Count:    140515
==============================
Solution tour: 
0 21 
4 30 4 17 16 30 27 28 
1 15 35 19 6 14 3 13 24 9 
6 27 30 
3 28 25 18 16 32 16 26 
9 30 
5 11 
2 11 5 34 23 
8 
7 29 12 21 33 21 
==============================

====== Algorithm Status ======
Valor:                3821
Time:                 256003
nIter:                282135
Best Iter:            282135
Improvement Count:    282134
==============================
Solution tour: 
0 21 
4 30 4 17 16 30 27 28 
1 15 35 19 6 14 3 13 24 9 
6 27 30 
3 28 25 18 16 32 16 26 
9 30 
5 11 
2 11 5 34 23 
8 
7 29 12 21 33 21 
==============================

====== Algorithm Status ======
Valor:                3821
Time:                 512000
nIter:                565678
Best Iter:            565678
Improvement Count:    565677
==============================
Solution tour: 
0 21 
4 30 4 17 16 30 27 28 
1 15 35 19 6 14 3 13 24 9 
6 27 30 
3 28 25 18 16 32 16 26 
9 30 
5 11 
2 11 5 34 23 
8 
7 29 12 21 33 21 
==============================

====== Algorithm Status ======
Valor:                3821
Time:                 1024001
nIter:                1132012
Best Iter:            1132012
Improvement Count:    1132013
==============================
Solution tour: 
0 21 
4 30 4 17 16 30 27 28 
1 15 35 19 6 14 3 13 24 9 
6 27 30 
3 28 25 18 16 32 16 26 
9 30 
5 11 
2 11 5 34 23 
8 
7 29 12 21 33 21 
==============================

====== Algorithm Status ======
Valor:                3821
Time:                 1024001
nIter:                1132012
Best Iter:            1132012
Improvement Count:    1132013
==============================
Solution tour: 
0 21 
4 30 4 17 16 30 27 28 
1 15 35 19 6 14 3 13 24 9 
6 27 30 
3 28 25 18 16 32 16 26 
9 30 
5 11 
2 11 5 34 23 
8 
7 29 12 21 33 21 
==============================

