=========== Input ===========
File name:                ./instances/created-instances/mm-5-25-1891798.cdop
Total node count:         31
Truck node count:         5
Drone node count:         25
=============================

========== Settings ==========
Settings file:        ./settings/Memetic_MMX_1099666.config
Seed:                 1099666
Reduction method:     -
Max iter:             1024000
Population size:      13
Crossover:            MA-MMX
Local Search:         LS
Warm Start:           Mario_WS
==============================

====== Algorithm Status ======
Valor:                4738
Time:                 252
nIter:                43
Best Iter:            43
Improvement Count:    42
==============================
Solution tour: 
0 11 21 0 21 11 0 15 8 18 9 18 2 4 1 13 16 22 6 27 10 4 13 4 6 14 
5 4 30 26 14 12 13 1 4 18 7 20 3 20 12 14 23 24 30 5 25 19 11 19 21 19 28 
==============================

====== Algorithm Status ======
Valor:                4942
Time:                 505
nIter:                113
Best Iter:            113
Improvement Count:    112
==============================
Solution tour: 
0 11 21 0 21 11 0 15 8 18 9 18 8 6 22 6 4 2 4 1 13 16 22 6 27 10 4 13 4 6 
5 4 5 30 26 14 12 13 1 4 10 1 7 20 3 20 14 23 24 30 5 25 19 11 19 21 19 28 
==============================

====== Algorithm Status ======
Valor:                4942
Time:                 1002
nIter:                222
Best Iter:            222
Improvement Count:    221
==============================
Solution tour: 
0 11 21 0 21 11 0 15 8 18 9 18 8 6 22 6 4 2 4 1 13 16 22 6 27 10 4 13 4 6 
5 4 5 30 26 14 12 13 1 4 10 1 7 20 3 20 14 23 24 30 5 25 19 11 19 21 19 28 
==============================

====== Algorithm Status ======
Valor:                4942
Time:                 2001
nIter:                443
Best Iter:            443
Improvement Count:    442
==============================
Solution tour: 
0 11 21 0 21 11 0 15 8 18 9 18 8 6 22 6 4 2 4 10 1 13 16 22 6 27 10 4 13 4 6 
5 4 5 30 26 14 12 13 1 4 1 7 20 3 20 14 23 24 30 5 25 19 11 19 21 19 28 
==============================

====== Algorithm Status ======
Valor:                4942
Time:                 4004
nIter:                860
Best Iter:            860
Improvement Count:    859
==============================
Solution tour: 
0 11 21 0 21 11 0 15 8 18 9 18 8 6 22 6 4 2 4 10 1 13 16 22 6 27 10 4 13 4 6 
5 4 5 30 26 14 12 13 1 4 1 7 20 3 20 14 23 24 30 5 25 19 11 19 21 19 28 
==============================

====== Algorithm Status ======
Valor:                4992
Time:                 8000
nIter:                1716
Best Iter:            1716
Improvement Count:    1715
==============================
Solution tour: 
0 11 21 0 21 11 0 15 8 18 9 18 8 6 4 2 4 10 1 13 16 22 6 27 10 4 13 4 6 22 
5 4 5 30 26 14 12 13 1 4 1 7 20 3 20 14 23 24 30 5 25 19 11 19 21 19 28 
==============================

====== Algorithm Status ======
Valor:                4992
Time:                 16001
nIter:                3492
Best Iter:            3492
Improvement Count:    3491
==============================
Solution tour: 
0 11 21 0 21 11 0 15 8 18 9 18 8 6 4 2 4 10 1 13 16 22 6 27 10 4 13 4 6 22 
5 4 5 30 26 14 12 13 1 4 1 7 20 3 20 14 23 24 30 5 25 19 11 19 21 19 28 
==============================

====== Algorithm Status ======
Valor:                5086
Time:                 32006
nIter:                7109
Best Iter:            7109
Improvement Count:    7108
==============================
Solution tour: 
0 21 11 19 21 0 11 0 15 8 18 9 18 8 4 6 4 2 4 10 4 13 16 22 6 27 6 22 
5 22 26 12 14 12 13 1 13 4 1 7 20 3 20 14 23 24 30 5 25 19 11 21 19 28 17 28 
==============================

====== Algorithm Status ======
Valor:                5086
Time:                 64004
nIter:                14566
Best Iter:            14566
Improvement Count:    14565
==============================
Solution tour: 
0 21 11 19 21 0 11 0 15 8 18 9 18 8 4 6 4 2 4 10 4 13 16 22 6 27 6 22 
5 22 26 12 14 12 13 1 13 4 1 7 20 3 20 14 23 24 30 5 25 19 11 21 19 28 17 28 
==============================

====== Algorithm Status ======
Valor:                5132
Time:                 128000
nIter:                29617
Best Iter:            29617
Improvement Count:    29616
==============================
Solution tour: 
0 21 11 0 11 21 0 15 8 18 9 18 8 4 6 4 2 4 10 4 13 1 13 16 22 6 27 6 22 26 
5 30 24 14 12 14 5 4 1 7 20 3 20 14 23 24 30 5 25 19 11 19 21 19 28 17 28 
==============================

====== Algorithm Status ======
Valor:                5199
Time:                 256000
nIter:                59253
Best Iter:            59253
Improvement Count:    59252
==============================
Solution tour: 
0 21 11 0 11 21 0 28 6 8 18 9 15 9 18 8 6 22 6 4 2 4 10 4 13 16 13 1 13 4 6 27 6 22 26 
5 30 24 23 14 12 14 5 4 1 7 20 3 20 14 24 30 5 25 19 11 19 21 19 28 17 28 
==============================

====== Algorithm Status ======
Valor:                5233
Time:                 512000
nIter:                113348
Best Iter:            113348
Improvement Count:    113347
==============================
Solution tour: 
0 21 19 21 11 0 11 21 0 15 9 18 8 4 10 4 13 16 20 7 1 13 1 4 6 27 6 22 26 22 6 4 
5 30 24 23 14 12 14 5 4 2 4 
1 7 20 3 20 14 24 30 5 25 19 11 19 28 17 28 
==============================

====== Algorithm Status ======
Valor:                5233
Time:                 1024005
nIter:                217826
Best Iter:            217826
Improvement Count:    217827
==============================
Solution tour: 
0 21 19 21 11 0 11 21 0 15 9 18 8 4 10 4 13 16 20 7 1 13 1 4 6 27 6 22 26 22 6 4 
5 30 24 23 14 12 14 5 4 2 4 
1 7 20 3 20 14 24 30 5 25 19 11 19 28 17 28 
==============================

====== Algorithm Status ======
Valor:                5233
Time:                 1024005
nIter:                217826
Best Iter:            217826
Improvement Count:    217827
==============================
Solution tour: 
0 21 19 21 11 0 11 21 0 15 9 18 8 4 10 4 13 16 20 7 1 13 1 4 6 27 6 22 26 22 6 4 
5 30 24 23 14 12 14 5 4 2 4 
1 7 20 3 20 14 24 30 5 25 19 11 19 28 17 28 
==============================

