=========== Input ===========
File name:                ./instances/created-instances/mm-5-10-1767920.cdop
Total node count:         16
Truck node count:         5
Drone node count:         10
=============================

========== Settings ==========
Settings file:        ./settings/Memetic-LS_MPX_1099666.config
Seed:                 1099666
Reduction method:     -
Max iter:             1024000
Population size:      13
Crossover:            MA-MPX
Local Search:         -
Warm Start:           Mario_WS
==============================

====== Algorithm Status ======
Valor:                2566
Time:                 250
nIter:                1212
Best Iter:            1212
Improvement Count:    1211
==============================
Solution tour: 
0 13 4 
3 
1 15 7 14 7 15 13 9 12 
2 6 10 6 12 8 4 
5 
4 8 11 8 12 
==============================

====== Algorithm Status ======
Valor:                2566
Time:                 500
nIter:                2346
Best Iter:            2346
Improvement Count:    2345
==============================
Solution tour: 
0 13 4 
3 
1 15 7 14 7 15 13 9 12 
2 6 10 6 12 8 4 
5 
4 8 11 8 12 
==============================

====== Algorithm Status ======
Valor:                2641
Time:                 1000
nIter:                4573
Best Iter:            4573
Improvement Count:    4572
==============================
Solution tour: 
0 13 4 
2 4 10 6 12 8 4 
5 
4 8 11 8 12 
3 
1 3 15 7 14 7 15 13 9 12 
==============================

====== Algorithm Status ======
Valor:                2656
Time:                 2000
nIter:                9102
Best Iter:            9102
Improvement Count:    9101
==============================
Solution tour: 
0 13 4 
2 4 10 6 12 8 4 
5 
4 8 11 8 12 
3 
1 3 15 7 14 7 15 4 13 9 12 
==============================

====== Algorithm Status ======
Valor:                2706
Time:                 4000
nIter:                17906
Best Iter:            17906
Improvement Count:    17905
==============================
Solution tour: 
0 13 4 
2 4 10 6 12 8 10 4 
5 
4 8 11 8 12 
3 
1 3 15 7 14 7 15 13 0 12 
==============================

====== Algorithm Status ======
Valor:                2746
Time:                 8000
nIter:                33220
Best Iter:            33220
Improvement Count:    33219
==============================
Solution tour: 
0 13 4 
5 4 
2 4 10 6 12 8 6 10 9 14 
4 8 11 8 12 
3 
1 3 15 7 14 7 15 13 0 12 
==============================

====== Algorithm Status ======
Valor:                2888
Time:                 16000
nIter:                60935
Best Iter:            60935
Improvement Count:    60934
==============================
Solution tour: 
0 13 4 
5 4 
2 4 10 6 12 8 12 6 10 9 
4 13 15 8 11 8 
3 
1 3 15 7 14 7 15 13 0 12 
==============================

====== Algorithm Status ======
Valor:                2888
Time:                 32000
nIter:                115197
Best Iter:            115197
Improvement Count:    115196
==============================
Solution tour: 
0 13 4 
5 4 
2 4 10 6 12 8 12 6 10 9 
4 13 15 8 11 8 
3 
1 3 15 7 14 7 15 13 0 12 
==============================

====== Algorithm Status ======
Valor:                2907
Time:                 64000
nIter:                223494
Best Iter:            223494
Improvement Count:    223493
==============================
Solution tour: 
0 13 4 
5 4 
2 4 10 6 12 8 12 6 10 
4 13 15 8 11 8 
3 1 3 15 7 14 7 15 13 0 12 
==============================

====== Algorithm Status ======
Valor:                2907
Time:                 128000
nIter:                439787
Best Iter:            439787
Improvement Count:    439786
==============================
Solution tour: 
0 13 4 
5 4 
2 4 10 6 12 8 12 6 10 
4 13 15 8 11 8 
3 1 3 15 7 14 7 15 13 0 12 
==============================

====== Algorithm Status ======
Valor:                2907
Time:                 256000
nIter:                870538
Best Iter:            870538
Improvement Count:    870537
==============================
Solution tour: 
0 13 4 
5 4 
2 4 10 6 12 8 12 6 10 
4 13 15 8 11 8 
3 1 3 15 7 14 7 15 13 0 12 
==============================

====== Algorithm Status ======
Valor:                2907
Time:                 512000
nIter:                1731618
Best Iter:            1731618
Improvement Count:    1731617
==============================
Solution tour: 
0 13 4 
5 4 
2 4 10 6 12 8 12 6 10 
4 13 15 8 11 8 
3 1 3 15 7 14 7 15 13 0 12 
==============================

====== Algorithm Status ======
Valor:                2907
Time:                 1024001
nIter:                3463237
Best Iter:            3463237
Improvement Count:    3463238
==============================
Solution tour: 
0 13 4 
5 4 
2 4 10 6 12 8 12 6 10 
4 13 15 8 11 8 
3 1 3 15 7 14 7 15 13 0 12 
==============================

====== Algorithm Status ======
Valor:                2907
Time:                 1024001
nIter:                3463237
Best Iter:            3463237
Improvement Count:    3463238
==============================
Solution tour: 
0 13 4 
5 4 
2 4 10 6 12 8 12 6 10 
4 13 15 8 11 8 
3 1 3 15 7 14 7 15 13 0 12 
==============================

