=========== Input ===========
File name:                ./instances/created-instances/mm-5-25-1762875.cdop
Total node count:         31
Truck node count:         5
Drone node count:         25
=============================

========== Settings ==========
Settings file:        ./settings/Memetic-LS_MMX_1881515.config
Seed:                 1881515
Reduction method:     -
Max iter:             1024000
Population size:      13
Crossover:            MA-MMX
Local Search:         -
Warm Start:           Mario_WS
==============================

====== Algorithm Status ======
Valor:                4518
Time:                 250
nIter:                335
Best Iter:            335
Improvement Count:    334
==============================
Solution tour: 
0 26 6 
4 8 11 30 14 7 27 17 23 3 24 29 24 28 20 28 16 28 12 
3 15 7 15 14 30 18 
1 20 14 15 20 11 13 11 8 
2 10 21 14 25 14 21 10 15 16 26 
==============================

====== Algorithm Status ======
Valor:                4518
Time:                 500
nIter:                630
Best Iter:            630
Improvement Count:    629
==============================
Solution tour: 
0 26 6 
4 8 11 30 14 7 27 17 23 3 24 29 24 28 20 28 16 28 12 
3 15 7 15 14 30 18 
1 20 14 15 20 11 13 11 8 
2 10 21 14 25 14 21 10 15 16 26 
==============================

====== Algorithm Status ======
Valor:                4556
Time:                 1000
nIter:                1246
Best Iter:            1246
Improvement Count:    1245
==============================
Solution tour: 
0 26 6 
4 8 11 30 14 7 27 17 23 3 24 3 24 29 24 28 20 28 16 28 12 
3 15 7 15 14 20 14 15 20 11 13 11 8 
2 10 21 14 25 14 21 10 15 16 26 
==============================

====== Algorithm Status ======
Valor:                4670
Time:                 2001
nIter:                2387
Best Iter:            2387
Improvement Count:    2386
==============================
Solution tour: 
0 26 6 26 8 11 30 14 7 27 7 27 17 23 3 24 3 24 29 24 28 20 28 16 28 12 
3 15 7 15 14 20 14 15 20 11 13 11 8 
2 10 21 14 25 14 21 10 15 16 10 26 
==============================

====== Algorithm Status ======
Valor:                4670
Time:                 4000
nIter:                4560
Best Iter:            4560
Improvement Count:    4559
==============================
Solution tour: 
0 26 6 26 8 11 30 14 7 27 7 27 17 23 3 24 3 24 29 24 28 20 28 16 28 12 
3 15 7 15 14 20 14 15 20 11 13 11 8 
2 10 21 14 25 14 21 10 15 16 10 26 
==============================

====== Algorithm Status ======
Valor:                4741
Time:                 8000
nIter:                8835
Best Iter:            8835
Improvement Count:    8834
==============================
Solution tour: 
0 26 6 26 8 11 30 14 30 27 7 27 17 23 3 24 3 24 29 24 28 20 28 16 28 29 28 
3 15 7 15 14 20 14 15 20 11 13 11 8 
2 21 25 21 10 15 16 20 16 26 
==============================

====== Algorithm Status ======
Valor:                4798
Time:                 16000
nIter:                17462
Best Iter:            17462
Improvement Count:    17461
==============================
Solution tour: 
0 26 6 26 8 11 30 14 30 27 7 27 17 23 15 24 3 24 29 24 28 20 28 16 28 29 28 
3 15 7 15 14 20 14 15 20 11 13 11 8 
2 21 25 21 10 15 16 20 16 26 
==============================

====== Algorithm Status ======
Valor:                4825
Time:                 32001
nIter:                34683
Best Iter:            34683
Improvement Count:    34682
==============================
Solution tour: 
0 26 6 26 8 11 30 14 30 7 27 17 23 15 24 3 24 29 24 28 20 28 16 28 29 28 
3 15 7 15 14 20 14 15 20 11 13 11 8 
2 21 25 21 10 15 16 20 16 10 26 
==============================

====== Algorithm Status ======
Valor:                4836
Time:                 64000
nIter:                67920
Best Iter:            67920
Improvement Count:    67919
==============================
Solution tour: 
0 26 6 26 8 11 30 14 30 7 27 17 23 15 3 24 29 24 28 20 28 16 28 29 28 
3 15 7 15 14 20 14 15 11 20 11 13 11 8 
2 21 25 21 10 15 16 20 16 10 26 
==============================

====== Algorithm Status ======
Valor:                4864
Time:                 128001
nIter:                131901
Best Iter:            131901
Improvement Count:    131900
==============================
Solution tour: 
0 26 6 26 8 11 30 14 30 7 27 7 17 23 15 3 24 29 24 28 20 28 16 28 29 28 
3 15 7 15 14 20 14 15 11 20 11 13 11 8 
2 10 21 25 21 10 15 16 20 16 26 
==============================

====== Algorithm Status ======
Valor:                4867
Time:                 256000
nIter:                272098
Best Iter:            272098
Improvement Count:    272097
==============================
Solution tour: 
0 26 6 26 8 11 30 14 30 27 23 15 3 24 29 24 28 20 28 16 28 29 28 
3 15 7 15 14 20 14 15 11 20 11 13 11 8 
2 10 21 25 21 10 15 16 20 16 10 26 
==============================

====== Algorithm Status ======
Valor:                4969
Time:                 512000
nIter:                564195
Best Iter:            564195
Improvement Count:    564194
==============================
Solution tour: 
0 26 8 11 30 14 30 27 23 28 24 29 24 28 11 20 28 16 28 3 30 3 19 
3 15 7 15 14 20 14 15 28 20 11 13 11 8 
2 10 21 25 21 10 16 15 16 20 16 26 
==============================

====== Algorithm Status ======
Valor:                5073
Time:                 1024001
nIter:                1122789
Best Iter:            1122789
Improvement Count:    1122790
==============================
Solution tour: 
0 26 6 26 8 11 30 14 30 27 17 23 28 11 20 28 16 28 3 30 3 24 29 24 3 19 
3 15 7 15 14 20 14 15 28 20 11 13 11 8 
2 10 21 25 21 10 16 15 16 20 16 26 
==============================

====== Algorithm Status ======
Valor:                5073
Time:                 1024001
nIter:                1122789
Best Iter:            1122789
Improvement Count:    1122790
==============================
Solution tour: 
0 26 6 26 8 11 30 14 30 27 17 23 28 11 20 28 16 28 3 30 3 24 29 24 3 19 
3 15 7 15 14 20 14 15 28 20 11 13 11 8 
2 10 21 25 21 10 16 15 16 20 16 26 
==============================

