=========== Input ===========
File name:                ./instances/created-instances/mm-25-10-1891798.cdop
Total node count:         36
Truck node count:         25
Drone node count:         10
=============================

========== Settings ==========
Settings file:        ./settings/Memetic-LS_MMX_1881515.config
Seed:                 1881515
Reduction method:     -
Max iter:             1024000
Population size:      13
Crossover:            MA-MMX
Local Search:         -
Warm Start:           Mario_WS
==============================

====== Algorithm Status ======
Valor:                2921
Time:                 250
nIter:                469
Best Iter:            469
Improvement Count:    468
==============================
Solution tour: 
0 26 
7 24 
19 30 
8 
12 
14 
24 
17 
21 28 34 28 31 
15 31 
6 
11 
3 
18 35 
1 27 30 19 
4 9 25 
22 
2 27 
23 
10 
13 9 33 
==============================

====== Algorithm Status ======
Valor:                2971
Time:                 500
nIter:                1009
Best Iter:            1009
Improvement Count:    1008
==============================
Solution tour: 
0 26 
7 24 
19 30 
8 
12 
14 
24 
17 
21 28 34 28 31 
15 31 
6 
11 
3 
18 35 
1 30 19 
4 9 25 9 25 
22 
2 27 
23 
10 
13 9 33 
==============================

====== Algorithm Status ======
Valor:                3002
Time:                 1000
nIter:                2146
Best Iter:            2146
Improvement Count:    2145
==============================
Solution tour: 
0 26 
7 24 
19 30 19 
12 
14 
24 
17 
21 28 34 28 31 
15 31 
6 
11 
3 
18 35 
1 30 19 
4 9 25 9 25 
22 
2 27 
23 
10 
13 9 33 
==============================

====== Algorithm Status ======
Valor:                3099
Time:                 2000
nIter:                4253
Best Iter:            4253
Improvement Count:    4252
==============================
Solution tour: 
0 26 
7 24 
19 30 19 
12 
14 
24 
17 28 
21 28 34 28 31 
15 31 
6 
11 
3 
18 35 
1 30 19 
4 9 25 9 25 
22 
2 27 
23 
10 
13 9 33 
==============================

====== Algorithm Status ======
Valor:                3338
Time:                 4000
nIter:                8541
Best Iter:            8541
Improvement Count:    8540
==============================
Solution tour: 
0 26 
7 24 
19 30 19 
12 
14 
24 
17 28 
21 28 34 28 31 28 31 
15 31 35 
18 35 31 
1 30 
9 
4 9 25 9 25 
22 
2 27 
23 
10 2 
13 9 33 
==============================

====== Algorithm Status ======
Valor:                3487
Time:                 8000
nIter:                17429
Best Iter:            17429
Improvement Count:    17428
==============================
Solution tour: 
0 26 
7 24 
19 30 19 24 
12 
14 30 31 28 
21 28 34 28 
15 31 35 
18 35 31 35 
1 30 
9 
4 9 25 9 
22 
2 27 
23 
10 2 
13 9 33 
==============================

====== Algorithm Status ======
Valor:                3625
Time:                 16000
nIter:                34638
Best Iter:            34638
Improvement Count:    34637
==============================
Solution tour: 
0 26 9 24 
19 30 19 24 
12 
14 30 31 28 
21 28 34 
17 15 31 35 
18 35 
1 35 31 30 
9 
4 9 25 9 25 2 
22 
2 27 
23 
10 2 
13 9 33 
==============================

====== Algorithm Status ======
Valor:                3649
Time:                 32000
nIter:                68944
Best Iter:            68944
Improvement Count:    68943
==============================
Solution tour: 
0 26 9 5 24 
19 30 19 24 
12 
14 30 31 28 
21 28 34 
17 15 31 15 31 35 
18 35 
1 35 31 30 
9 
4 9 25 2 
22 
2 27 
23 
10 2 
13 9 33 
==============================

====== Algorithm Status ======
Valor:                3928
Time:                 64000
nIter:                137445
Best Iter:            137445
Improvement Count:    137444
==============================
Solution tour: 
0 26 12 24 5 24 
19 30 19 24 
12 
14 30 31 28 
21 28 34 28 34 
17 15 31 15 31 35 
18 35 31 30 
9 
4 9 25 9 
2 32 2 
22 25 27 
23 
10 2 
13 9 33 
==============================

====== Algorithm Status ======
Valor:                4219
Time:                 128000
nIter:                267276
Best Iter:            267276
Improvement Count:    267275
==============================
Solution tour: 
0 26 12 31 
6 
11 
16 26 5 24 
19 30 19 24 
12 
14 30 31 15 28 
21 28 34 
17 15 31 35 31 30 9 
4 9 25 9 25 32 25 2 32 2 
22 
2 27 4 27 2 
13 9 33 
==============================

====== Algorithm Status ======
Valor:                4427
Time:                 256000
nIter:                522616
Best Iter:            522616
Improvement Count:    522615
==============================
Solution tour: 
0 12 26 0 26 12 31 12 24 5 24 
19 30 19 24 
12 
14 30 31 15 28 
21 28 34 28 34 
17 15 31 35 31 25 9 
4 9 25 32 25 4 2 32 2 
22 
2 27 4 27 2 
13 9 27 33 
==============================

====== Algorithm Status ======
Valor:                4675
Time:                 512000
nIter:                1017409
Best Iter:            1017409
Improvement Count:    1017408
==============================
Solution tour: 
0 12 26 
7 26 0 26 12 24 5 24 
19 30 19 24 
12 
14 12 31 15 28 
21 28 34 29 34 
17 34 28 15 31 35 31 25 9 
4 9 25 32 25 4 11 
6 
11 2 32 2 
22 
2 4 27 4 2 
13 9 33 
==============================

====== Algorithm Status ======
Valor:                4711
Time:                 1024001
nIter:                2017041
Best Iter:            2017041
Improvement Count:    2017042
==============================
Solution tour: 
0 12 26 
7 26 0 26 12 24 5 24 
19 30 19 24 
12 
14 12 31 15 28 
21 28 34 29 34 
17 34 28 15 31 35 31 25 9 
4 9 25 22 25 4 11 
6 
11 2 32 2 
22 
2 27 4 27 2 
13 9 33 
==============================

====== Algorithm Status ======
Valor:                4711
Time:                 1024001
nIter:                2017041
Best Iter:            2017041
Improvement Count:    2017042
==============================
Solution tour: 
0 12 26 
7 26 0 26 12 24 5 24 
19 30 19 24 
12 
14 12 31 15 28 
21 28 34 29 34 
17 34 28 15 31 35 31 25 9 
4 9 25 22 25 4 11 
6 
11 2 32 2 
22 
2 27 4 27 2 
13 9 33 
==============================

