=========== Input ===========
File name:                ./instances/created-instances/mm-25-10-1767920.cdop
Total node count:         36
Truck node count:         25
Drone node count:         10
=============================

========== Settings ==========
Settings file:        ./settings/Memetic_MPX_1099666.config
Seed:                 1099666
Reduction method:     -
Max iter:             1024000
Population size:      13
Crossover:            MA-MPX
Local Search:         LS
Warm Start:           Mario_WS
==============================

====== Algorithm Status ======
Valor:                3482
Time:                 255
nIter:                48
Best Iter:            48
Improvement Count:    47
==============================
Solution tour: 
0 17 14 20 
13 35 33 
21 33 35 13 
20 
14 29 24 6 
16 1 
3 1 16 21 9 10 
15 10 20 24 8 
7 
8 27 24 27 11 27 8 1 
9 
22 17 13 30 
12 
4 7 
5 34 32 31 
19 4 2 7 8 35 
==============================

====== Algorithm Status ======
Valor:                3482
Time:                 507
nIter:                93
Best Iter:            93
Improvement Count:    92
==============================
Solution tour: 
0 17 14 20 
13 35 33 
21 33 35 13 
20 
14 29 24 6 
16 1 
3 1 16 21 9 10 
15 10 20 24 8 
7 
8 27 24 27 11 27 8 1 
9 
22 17 13 30 
12 
4 7 
5 34 32 31 
19 4 2 7 8 35 
==============================

====== Algorithm Status ======
Valor:                3604
Time:                 1003
nIter:                182
Best Iter:            182
Improvement Count:    181
==============================
Solution tour: 
0 17 25 33 35 33 22 1 
6 16 6 11 30 
11 27 24 8 35 33 35 33 21 
15 10 15 1 3 
1 
9 1 
17 
13 17 
8 24 27 11 8 1 32 31 
4 34 7 
2 7 
18 
12 14 
20 
14 29 14 13 6 1 
22 17 
21 25 17 
==============================

====== Algorithm Status ======
Valor:                3713
Time:                 2004
nIter:                356
Best Iter:            356
Improvement Count:    355
==============================
Solution tour: 
0 17 0 14 20 
13 35 33 
21 33 35 13 
20 
14 29 24 6 
16 1 
3 1 16 21 9 10 
15 10 20 24 8 
7 2 
8 27 24 27 11 27 8 1 
22 17 13 30 
12 
4 7 
5 34 32 31 
19 4 2 7 8 35 
==============================

====== Algorithm Status ======
Valor:                3719
Time:                 4002
nIter:                720
Best Iter:            720
Improvement Count:    719
==============================
Solution tour: 
0 17 13 20 
14 20 
22 33 35 33 
21 25 17 1 
3 1 
6 24 27 
11 27 20 
13 6 10 15 
10 16 
1 
16 6 1 17 22 0 35 17 29 24 
19 34 
4 32 31 11 30 11 7 
2 7 
23 7 
18 28 26 22 17 
==============================

====== Algorithm Status ======
Valor:                3770
Time:                 8000
nIter:                1474
Best Iter:            1474
Improvement Count:    1473
==============================
Solution tour: 
0 17 13 20 14 13 8 
7 8 
12 8 17 
25 17 0 
14 20 30 
11 24 27 11 27 
24 
19 34 32 31 11 29 
22 33 35 33 
21 17 22 17 1 
16 10 15 
10 
9 16 1 
3 1 6 
13 6 
18 7 14 
==============================

====== Algorithm Status ======
Valor:                3853
Time:                 16002
nIter:                2976
Best Iter:            2976
Improvement Count:    2975
==============================
Solution tour: 
0 17 25 
21 17 22 17 3 1 3 
16 10 15 
10 15 
25 17 0 20 
14 20 30 
11 8 24 27 11 27 
24 
8 7 2 
7 14 
12 13 14 13 
6 13 20 13 26 
19 34 32 31 11 29 
22 33 35 33 22 
==============================

====== Algorithm Status ======
Valor:                3853
Time:                 32005
nIter:                6044
Best Iter:            6044
Improvement Count:    6043
==============================
Solution tour: 
0 17 25 
21 17 22 17 3 1 3 
16 10 15 
10 15 
25 17 0 20 
14 20 30 
11 8 24 27 11 27 
24 
8 7 2 
7 14 
12 13 14 13 
6 13 20 13 26 
19 34 32 31 11 29 
22 33 35 33 22 
==============================

====== Algorithm Status ======
Valor:                3853
Time:                 64003
nIter:                12172
Best Iter:            12172
Improvement Count:    12171
==============================
Solution tour: 
0 17 25 
21 17 22 17 3 1 3 
16 10 15 
10 15 
25 17 0 20 
14 20 30 
11 8 24 27 11 27 
24 
8 7 2 
7 14 
12 13 14 13 
6 13 20 13 26 
19 34 32 31 11 29 
22 33 35 33 22 
==============================

====== Algorithm Status ======
Valor:                3853
Time:                 128003
nIter:                24274
Best Iter:            24274
Improvement Count:    24273
==============================
Solution tour: 
0 17 25 
21 17 22 17 3 1 3 
16 10 15 
10 15 
25 17 0 20 
14 20 30 
11 8 24 27 11 27 
24 
8 7 2 
7 14 
12 13 14 13 
6 13 20 13 26 
19 34 32 31 11 29 
22 33 35 33 22 
==============================

====== Algorithm Status ======
Valor:                3863
Time:                 256010
nIter:                48570
Best Iter:            48570
Improvement Count:    48569
==============================
Solution tour: 
0 17 
25 17 22 0 22 20 13 6 13 20 
14 20 30 
11 7 2 7 8 24 27 11 27 
19 34 31 11 29 24 
7 14 
17 
21 9 
15 10 15 
9 21 
16 3 1 17 
13 17 1 
3 22 33 35 33 22 17 
==============================

====== Algorithm Status ======
Valor:                3863
Time:                 512002
nIter:                95297
Best Iter:            95297
Improvement Count:    95296
==============================
Solution tour: 
0 17 
25 17 22 0 22 20 13 6 13 20 
14 20 30 
11 7 2 7 8 24 27 11 27 
19 34 31 11 29 24 
7 14 
17 
21 9 
15 10 15 
9 21 
16 3 1 17 
13 17 1 
3 22 33 35 33 22 17 
==============================

====== Algorithm Status ======
Valor:                3863
Time:                 1024001
nIter:                188925
Best Iter:            188925
Improvement Count:    188926
==============================
Solution tour: 
0 17 
25 17 22 0 22 20 13 6 13 20 
14 20 30 
11 7 2 7 8 24 27 11 27 
19 34 31 11 29 24 
7 14 
17 
21 9 
15 10 15 
9 21 
16 3 1 17 
13 17 1 
3 22 33 35 33 22 17 
==============================

====== Algorithm Status ======
Valor:                3863
Time:                 1024001
nIter:                188925
Best Iter:            188925
Improvement Count:    188926
==============================
Solution tour: 
0 17 
25 17 22 0 22 20 13 6 13 20 
14 20 30 
11 7 2 7 8 24 27 11 27 
19 34 31 11 29 24 
7 14 
17 
21 9 
15 10 15 
9 21 
16 3 1 17 
13 17 1 
3 22 33 35 33 22 17 
==============================

