=========== Input ===========
File name:                ./instances/created-instances/mm-25-25-1767920.cdop
Total node count:         51
Truck node count:         25
Drone node count:         25
=============================

========== Settings ==========
Settings file:        ./settings/Memetic-LS_MPX_1287823.config
Seed:                 1287823
Reduction method:     -
Max iter:             1024000
Population size:      13
Crossover:            MA-MPX
Local Search:         -
Warm Start:           Mario_WS
==============================

====== Algorithm Status ======
Valor:                4549
Time:                 250
nIter:                245
Best Iter:            245
Improvement Count:    244
==============================
Solution tour: 
0 
13 
20 
21 37 
22 27 32 31 32 50 11 8 38 
1 36 
3 36 
15 
10 
9 
16 
6 
12 8 47 
8 11 27 11 30 
23 30 11 46 27 46 
2 28 
5 28 34 
19 
4 
18 
7 44 35 44 
11 24 44 
24 
14 41 14 29 
17 33 48 34 4 47 27 13 
==============================

====== Algorithm Status ======
Valor:                4549
Time:                 500
nIter:                491
Best Iter:            491
Improvement Count:    490
==============================
Solution tour: 
0 
13 
20 
21 37 
22 27 32 31 32 50 11 8 38 
1 36 
3 36 
15 
10 
9 
16 
6 
12 8 47 
8 11 27 11 30 
23 30 11 46 27 46 
2 28 
5 28 34 
19 
4 
18 
7 44 35 44 
11 24 44 
24 
14 41 14 29 
17 33 48 34 4 47 27 13 
==============================

====== Algorithm Status ======
Valor:                4549
Time:                 1000
nIter:                979
Best Iter:            979
Improvement Count:    978
==============================
Solution tour: 
0 
13 
20 
21 37 
22 27 32 31 32 50 11 8 38 
1 36 
3 36 
15 
10 
9 
16 
6 
12 8 47 
8 11 27 11 30 
23 30 11 46 27 46 
2 28 
5 28 34 
19 
4 
18 
7 44 35 44 
11 24 44 
24 
14 41 14 29 
17 33 48 34 4 47 27 13 
==============================

====== Algorithm Status ======
Valor:                4549
Time:                 2000
nIter:                2000
Best Iter:            2000
Improvement Count:    1999
==============================
Solution tour: 
0 
13 
20 
21 37 
22 27 32 31 32 50 11 8 38 
1 36 
3 36 
15 
10 
9 
16 
6 
12 8 47 
8 11 27 11 30 
23 30 11 46 27 46 
2 28 
5 28 34 
19 
4 
18 
7 44 35 44 
11 24 44 
24 
14 41 14 29 
17 33 48 34 4 47 27 13 
==============================

====== Algorithm Status ======
Valor:                4549
Time:                 4000
nIter:                3923
Best Iter:            3923
Improvement Count:    3922
==============================
Solution tour: 
0 
13 
20 
21 37 
22 27 32 31 32 50 11 8 38 
1 36 
3 36 
15 
10 
9 
16 
6 
12 8 47 
8 11 27 11 30 
23 30 11 46 27 46 
2 28 
5 28 34 
19 
4 
18 
7 44 35 44 
11 24 44 
24 
14 41 14 29 
17 33 48 34 4 47 27 13 
==============================

====== Algorithm Status ======
Valor:                4549
Time:                 8004
nIter:                7800
Best Iter:            7800
Improvement Count:    7799
==============================
Solution tour: 
0 
13 
20 
21 37 
22 27 32 31 32 50 11 8 38 
1 36 
3 36 
15 
10 
9 
16 
6 
12 8 47 
8 11 27 11 30 
23 30 11 46 27 46 
2 28 
5 28 34 
19 
4 
18 
7 44 35 44 
11 24 44 
24 
14 41 14 29 
17 33 48 34 4 47 27 13 
==============================

====== Algorithm Status ======
Valor:                4549
Time:                 16000
nIter:                15690
Best Iter:            15690
Improvement Count:    15689
==============================
Solution tour: 
0 
13 
20 
21 37 
22 27 32 31 32 50 11 8 38 
1 36 
3 36 
15 
10 
9 
16 
6 
12 8 47 
8 11 27 11 30 
23 30 11 46 27 46 
2 28 
5 28 34 
19 
4 
18 
7 44 35 44 
11 24 44 
24 
14 41 14 29 
17 33 48 34 4 47 27 13 
==============================

====== Algorithm Status ======
Valor:                4549
Time:                 32000
nIter:                31683
Best Iter:            31683
Improvement Count:    31682
==============================
Solution tour: 
0 
13 
20 
21 37 
22 27 32 31 32 50 11 8 38 
1 36 
3 36 
15 
10 
9 
16 
6 
12 8 47 
8 11 27 11 30 
23 30 11 46 27 46 
2 28 
5 28 34 
19 
4 
18 
7 44 35 44 
11 24 44 
24 
14 41 14 29 
17 33 48 34 4 47 27 13 
==============================

====== Algorithm Status ======
Valor:                4549
Time:                 64000
nIter:                63725
Best Iter:            63725
Improvement Count:    63724
==============================
Solution tour: 
0 
13 
20 
21 37 
22 27 32 31 32 50 11 8 38 
1 36 
3 36 
15 
10 
9 
16 
6 
12 8 47 
8 11 27 11 30 
23 30 11 46 27 46 
2 28 
5 28 34 
19 
4 
18 
7 44 35 44 
11 24 44 
24 
14 41 14 29 
17 33 48 34 4 47 27 13 
==============================

====== Algorithm Status ======
Valor:                4549
Time:                 128005
nIter:                127635
Best Iter:            127635
Improvement Count:    127634
==============================
Solution tour: 
0 
13 
20 
21 37 
22 27 32 31 32 50 11 8 38 
1 36 
3 36 
15 
10 
9 
16 
6 
12 8 47 
8 11 27 11 30 
23 30 11 46 27 46 
2 28 
5 28 34 
19 
4 
18 
7 44 35 44 
11 24 44 
24 
14 41 14 29 
17 33 48 34 4 47 27 13 
==============================

====== Algorithm Status ======
Valor:                4549
Time:                 256000
nIter:                254674
Best Iter:            254674
Improvement Count:    254673
==============================
Solution tour: 
0 
13 
20 
21 37 
22 27 32 31 32 50 11 8 38 
1 36 
3 36 
15 
10 
9 
16 
6 
12 8 47 
8 11 27 11 30 
23 30 11 46 27 46 
2 28 
5 28 34 
19 
4 
18 
7 44 35 44 
11 24 44 
24 
14 41 14 29 
17 33 48 34 4 47 27 13 
==============================

====== Algorithm Status ======
Valor:                4549
Time:                 512000
nIter:                508530
Best Iter:            508530
Improvement Count:    508529
==============================
Solution tour: 
0 
13 
20 
21 37 
22 27 32 31 32 50 11 8 38 
1 36 
3 36 
15 
10 
9 
16 
6 
12 8 47 
8 11 27 11 30 
23 30 11 46 27 46 
2 28 
5 28 34 
19 
4 
18 
7 44 35 44 
11 24 44 
24 
14 41 14 29 
17 33 48 34 4 47 27 13 
==============================

====== Algorithm Status ======
Valor:                4549
Time:                 1024001
nIter:                1014010
Best Iter:            1014010
Improvement Count:    1014011
==============================
Solution tour: 
0 
13 
20 
21 37 
22 27 32 31 32 50 11 8 38 
1 36 
3 36 
15 
10 
9 
16 
6 
12 8 47 
8 11 27 11 30 
23 30 11 46 27 46 
2 28 
5 28 34 
19 
4 
18 
7 44 35 44 
11 24 44 
24 
14 41 14 29 
17 33 48 34 4 47 27 13 
==============================

====== Algorithm Status ======
Valor:                4549
Time:                 1024001
nIter:                1014010
Best Iter:            1014010
Improvement Count:    1014011
==============================
Solution tour: 
0 
13 
20 
21 37 
22 27 32 31 32 50 11 8 38 
1 36 
3 36 
15 
10 
9 
16 
6 
12 8 47 
8 11 27 11 30 
23 30 11 46 27 46 
2 28 
5 28 34 
19 
4 
18 
7 44 35 44 
11 24 44 
24 
14 41 14 29 
17 33 48 34 4 47 27 13 
==============================

