=========== Input ===========
File name:                ./instances/created-instances/mm-10-25-1917698.cdop
Total node count:         36
Truck node count:         10
Drone node count:         25
=============================

========== Settings ==========
Settings file:        ./settings/Memetic-LS_MMX_1881515.config
Seed:                 1881515
Reduction method:     -
Max iter:             1024000
Population size:      13
Crossover:            MA-MMX
Local Search:         -
Warm Start:           Mario_WS
==============================

====== Algorithm Status ======
Valor:                3821
Time:                 250
nIter:                390
Best Iter:            390
Improvement Count:    389
==============================
Solution tour: 
0 21 
4 30 4 17 16 30 27 28 
1 15 35 19 6 14 3 13 24 9 
6 27 30 
3 28 25 18 16 32 16 26 
9 30 
5 11 
2 11 5 34 23 
8 
7 29 12 21 33 21 
==============================

====== Algorithm Status ======
Valor:                3881
Time:                 501
nIter:                749
Best Iter:            749
Improvement Count:    748
==============================
Solution tour: 
0 21 
4 30 4 17 16 30 27 28 
1 15 35 19 6 14 3 13 24 9 
6 27 30 28 25 18 16 32 16 26 
9 30 
5 11 
2 11 5 34 23 
8 
7 29 12 21 33 21 
==============================

====== Algorithm Status ======
Valor:                3946
Time:                 1000
nIter:                1511
Best Iter:            1511
Improvement Count:    1510
==============================
Solution tour: 
0 21 
4 30 4 17 16 30 27 
1 15 35 19 6 14 3 13 24 9 
6 27 30 28 25 18 16 32 16 26 
9 30 
5 11 
2 11 5 34 23 
8 
7 29 12 21 33 21 
==============================

====== Algorithm Status ======
Valor:                3946
Time:                 2000
nIter:                3093
Best Iter:            3093
Improvement Count:    3092
==============================
Solution tour: 
0 21 
4 30 4 17 16 30 27 
1 15 35 19 6 14 3 13 24 9 
6 27 30 28 25 18 16 32 16 26 
9 30 
5 11 
2 11 5 34 23 
8 
7 29 12 21 33 21 
==============================

====== Algorithm Status ======
Valor:                3946
Time:                 4001
nIter:                6164
Best Iter:            6164
Improvement Count:    6163
==============================
Solution tour: 
0 21 
4 30 4 17 16 30 27 
1 15 35 19 6 14 3 13 24 9 
6 27 30 28 25 18 16 32 16 26 
9 30 
5 11 
2 11 5 34 23 
8 
7 29 12 21 33 21 
==============================

====== Algorithm Status ======
Valor:                3946
Time:                 8000
nIter:                12226
Best Iter:            12226
Improvement Count:    12225
==============================
Solution tour: 
0 21 
4 30 4 17 16 30 27 
1 15 35 19 6 14 3 13 24 9 
6 27 30 28 25 18 16 32 16 26 
9 30 
5 11 
2 11 5 34 23 
8 
7 29 12 21 33 21 
==============================

====== Algorithm Status ======
Valor:                4296
Time:                 16003
nIter:                22809
Best Iter:            22809
Improvement Count:    22808
==============================
Solution tour: 
0 21 
4 30 4 17 30 27 30 27 
1 15 6 19 6 14 6 3 13 3 13 24 9 30 9 30 28 25 18 16 32 16 26 16 30 
5 11 
2 11 5 34 23 
8 23 29 12 29 21 33 21 
==============================

====== Algorithm Status ======
Valor:                4388
Time:                 32000
nIter:                40053
Best Iter:            40053
Improvement Count:    40052
==============================
Solution tour: 
0 21 
4 30 4 17 30 27 30 9 
1 15 6 19 6 14 6 3 13 3 16 24 9 30 28 25 18 25 18 16 32 16 26 16 30 
5 11 
2 11 5 34 23 
8 23 29 12 29 21 33 21 
==============================

====== Algorithm Status ======
Valor:                4388
Time:                 64000
nIter:                76188
Best Iter:            76188
Improvement Count:    76187
==============================
Solution tour: 
0 21 
4 30 4 17 30 27 30 9 
1 15 6 19 6 14 6 3 13 3 16 24 9 30 28 25 18 25 18 16 32 16 26 16 30 
5 11 
2 11 5 34 23 
8 23 29 12 29 21 33 21 
==============================

====== Algorithm Status ======
Valor:                4464
Time:                 128000
nIter:                149291
Best Iter:            149291
Improvement Count:    149290
==============================
Solution tour: 
0 21 4 21 
4 30 4 17 30 27 30 9 
1 15 6 19 6 14 6 35 24 9 30 28 25 18 25 18 16 32 16 26 16 30 
5 11 
2 11 5 34 23 
8 23 29 12 29 21 33 21 
==============================

====== Algorithm Status ======
Valor:                4760
Time:                 256000
nIter:                316828
Best Iter:            316828
Improvement Count:    316827
==============================
Solution tour: 
0 21 4 21 4 17 
4 30 27 30 9 31 
1 15 6 19 6 14 6 35 25 9 24 9 30 16 24 26 9 25 28 25 18 16 32 16 26 16 30 
5 11 
2 11 5 34 23 25 29 12 29 21 33 21 
==============================

====== Algorithm Status ======
Valor:                4764
Time:                 512003
nIter:                642077
Best Iter:            642077
Improvement Count:    642076
==============================
Solution tour: 
0 21 4 21 4 17 
4 30 27 30 9 26 
1 15 6 19 6 14 
6 35 25 9 24 9 30 16 24 26 9 25 28 25 18 16 32 16 26 16 30 
5 11 
2 11 5 34 23 25 29 12 29 21 33 21 
==============================

====== Algorithm Status ======
Valor:                4828
Time:                 1024001
nIter:                1279260
Best Iter:            1279260
Improvement Count:    1279261
==============================
Solution tour: 
0 21 4 21 4 17 
4 30 27 30 9 
1 15 6 19 6 14 
6 35 25 9 24 9 30 16 24 16 26 9 25 28 25 18 16 32 16 26 16 30 
5 11 
2 11 5 34 23 25 29 12 29 9 26 21 33 21 
==============================

====== Algorithm Status ======
Valor:                4828
Time:                 1024001
nIter:                1279260
Best Iter:            1279260
Improvement Count:    1279261
==============================
Solution tour: 
0 21 4 21 4 17 
4 30 27 30 9 
1 15 6 19 6 14 
6 35 25 9 24 9 30 16 24 16 26 9 25 28 25 18 16 32 16 26 16 30 
5 11 
2 11 5 34 23 25 29 12 29 9 26 21 33 21 
==============================

