=========== Input ===========
File name:                ./instances/created-instances/mm-10-40-1917698.cdop
Total node count:         51
Truck node count:         10
Drone node count:         40
=============================

========== Settings ==========
Settings file:        ./settings/Memetic_MMX_1099666.config
Seed:                 1099666
Reduction method:     -
Max iter:             1024000
Population size:      13
Crossover:            MA-MMX
Local Search:         LS
Warm Start:           Mario_WS
==============================

====== Algorithm Status ======
Valor:                6576
Time:                 250
nIter:                20
Best Iter:            20
Improvement Count:    19
==============================
Solution tour: 
0 21 33 21 43 9 24 42 17 42 26 49 30 41 12 19 35 19 15 1 22 31 22 1 22 36 3 47 3 13 16 13 12 41 23 27 40 6 35 12 35 
6 41 47 38 39 48 14 40 14 29 28 44 30 47 49 9 49 12 49 9 43 26 21 4 30 49 27 9 43 3 15 19 12 48 27 49 43 21 
==============================

====== Algorithm Status ======
Valor:                6701
Time:                 501
nIter:                49
Best Iter:            49
Improvement Count:    48
==============================
Solution tour: 
0 21 33 21 26 43 9 24 42 0 42 0 24 42 17 42 26 49 30 41 12 19 35 19 15 1 22 31 22 1 22 36 22 3 47 3 13 16 38 47 49 41 23 27 40 6 35 12 35 
6 12 41 47 38 39 48 14 40 14 29 28 44 30 47 49 9 49 12 49 9 43 26 21 4 30 49 27 9 43 3 15 19 12 48 27 49 26 9 
==============================

====== Algorithm Status ======
Valor:                6725
Time:                 1005
nIter:                94
Best Iter:            94
Improvement Count:    93
==============================
Solution tour: 
0 21 33 21 26 43 9 24 0 42 0 24 42 17 42 26 49 30 41 12 19 35 19 15 1 22 31 22 1 22 36 22 3 47 3 13 16 38 47 41 23 27 40 6 35 12 35 
6 12 41 47 38 39 48 14 40 14 29 28 44 30 47 49 9 49 12 49 9 43 26 21 4 30 49 27 9 43 3 15 19 12 48 27 49 26 9 
==============================

====== Algorithm Status ======
Valor:                6914
Time:                 2011
nIter:                197
Best Iter:            197
Improvement Count:    196
==============================
Solution tour: 
0 21 33 24 42 17 42 0 26 9 49 42 26 49 47 49 30 9 41 12 35 19 15 1 22 31 22 1 22 36 22 1 3 47 3 13 16 38 47 41 23 27 40 6 35 12 19 35 
6 12 41 47 38 39 48 14 40 14 29 28 29 44 30 47 49 9 49 12 49 43 9 39 33 21 4 30 49 27 23 27 9 43 3 15 19 12 48 27 49 26 42 
==============================

====== Algorithm Status ======
Valor:                6991
Time:                 4004
nIter:                370
Best Iter:            370
Improvement Count:    369
==============================
Solution tour: 
0 21 33 24 32 42 17 42 0 26 24 0 42 26 49 47 49 30 9 47 30 41 12 35 19 15 1 22 31 22 1 22 36 22 1 3 47 3 13 16 38 47 41 23 27 40 6 35 12 19 35 
6 12 41 47 38 39 48 14 40 14 29 28 29 44 30 47 49 9 49 12 49 43 9 39 33 21 4 30 49 27 23 27 9 43 3 15 19 12 48 27 49 26 42 
==============================

====== Algorithm Status ======
Valor:                7367
Time:                 8013
nIter:                746
Best Iter:            746
Improvement Count:    745
==============================
Solution tour: 
0 21 33 39 32 24 32 50 4 17 42 26 49 9 30 49 30 9 47 30 41 12 6 35 19 15 1 22 36 22 1 22 31 22 13 3 39 38 16 38 47 48 12 35 12 19 35 
6 12 41 46 48 46 29 28 29 14 40 14 29 44 30 47 49 9 49 12 49 43 9 39 33 21 4 30 44 28 27 23 27 9 43 3 47 3 1 15 19 12 48 27 49 26 42 17 
==============================

====== Algorithm Status ======
Valor:                7427
Time:                 16002
nIter:                1433
Best Iter:            1433
Improvement Count:    1432
==============================
Solution tour: 
0 21 33 39 26 21 32 24 32 50 4 17 42 26 49 9 30 49 30 9 47 30 41 12 6 35 19 15 1 22 36 22 1 22 31 22 13 3 39 38 16 38 47 28 27 48 12 35 12 19 35 
6 12 41 46 48 46 29 28 29 14 40 14 29 44 30 47 9 49 12 49 43 9 47 38 39 33 21 4 30 44 28 27 23 27 9 43 3 1 15 19 12 48 27 49 26 42 17 
==============================

====== Algorithm Status ======
Valor:                7448
Time:                 32006
nIter:                2741
Best Iter:            2741
Improvement Count:    2740
==============================
Solution tour: 
0 21 33 39 26 21 32 24 32 50 4 17 42 26 49 9 30 49 30 9 47 30 41 12 6 35 19 15 1 22 36 22 1 22 31 22 13 3 39 38 16 38 47 28 27 48 12 35 12 19 35 
6 12 41 46 48 46 29 28 29 14 40 14 29 44 30 47 9 49 12 49 43 9 47 38 39 33 21 4 21 4 30 44 28 27 23 27 9 43 3 1 15 19 12 48 27 49 26 42 17 
==============================

====== Algorithm Status ======
Valor:                7655
Time:                 64019
nIter:                5276
Best Iter:            5276
Improvement Count:    5275
==============================
Solution tour: 
0 21 33 24 32 50 4 17 42 26 49 9 30 49 30 9 49 47 30 44 41 12 6 35 19 15 1 22 36 22 1 22 31 22 13 3 39 38 16 38 47 28 27 48 29 14 40 14 12 35 12 19 35 
6 12 41 46 48 46 29 28 29 44 30 47 3 43 9 47 38 39 33 21 0 26 38 44 28 27 23 27 9 43 3 47 49 47 49 27 49 26 42 17 4 50 37 10 37 33 39 24 
==============================

====== Algorithm Status ======
Valor:                7735
Time:                 128007
nIter:                10330
Best Iter:            10330
Improvement Count:    10329
==============================
Solution tour: 
0 21 4 21 33 24 32 4 17 42 26 49 9 30 49 30 44 41 12 6 35 12 19 15 1 22 36 22 31 22 1 3 13 33 39 3 39 38 16 38 47 14 29 14 40 14 12 35 19 35 
6 12 41 46 48 46 29 28 29 44 30 47 3 43 9 47 38 39 33 21 0 26 38 44 28 27 23 27 9 43 3 47 30 9 49 27 49 26 42 17 4 50 37 10 37 33 
==============================

====== Algorithm Status ======
Valor:                7745
Time:                 256000
nIter:                20031
Best Iter:            20031
Improvement Count:    20030
==============================
Solution tour: 
0 21 4 21 33 24 32 4 17 42 26 49 9 30 9 49 30 44 41 12 6 35 12 19 15 1 22 31 22 36 22 1 3 13 33 39 3 39 38 16 38 47 14 29 14 40 14 12 35 19 35 
6 12 41 46 48 46 29 28 29 44 30 47 3 43 9 47 38 39 33 21 0 26 38 44 28 27 23 27 9 43 3 47 30 49 27 49 26 42 17 4 50 37 10 37 4 32 24 
==============================

====== Algorithm Status ======
Valor:                7818
Time:                 512013
nIter:                39365
Best Iter:            39365
Improvement Count:    39364
==============================
Solution tour: 
0 21 4 21 33 24 32 4 17 42 26 49 9 30 9 49 30 44 23 41 12 6 35 19 35 12 19 15 1 22 31 22 36 22 1 3 13 3 39 38 16 38 47 14 29 14 40 14 12 35 
6 12 41 46 48 46 29 28 29 44 30 47 3 43 9 47 38 39 33 39 38 44 28 27 23 27 9 43 3 47 30 49 27 49 26 42 17 4 50 37 10 37 33 4 32 24 33 21 
==============================

====== Algorithm Status ======
Valor:                7787
Time:                 1024019
nIter:                76876
Best Iter:            76876
Improvement Count:    76877
==============================
Solution tour: 
0 21 33 24 32 4 21 4 17 42 26 49 9 49 30 44 28 27 48 27 23 41 12 35 19 12 19 15 1 22 31 22 36 22 1 3 13 3 39 3 38 16 38 47 9 30 9 27 28 29 14 40 14 
6 19 35 12 41 46 48 46 29 28 44 30 47 3 43 9 38 39 33 39 38 44 23 27 9 43 3 47 30 49 27 49 26 42 17 4 50 37 10 37 33 4 32 24 33 21 
==============================

====== Algorithm Status ======
Valor:                7787
Time:                 1024019
nIter:                76876
Best Iter:            76876
Improvement Count:    76877
==============================
Solution tour: 
0 21 33 24 32 4 21 4 17 42 26 49 9 49 30 44 28 27 48 27 23 41 12 35 19 12 19 15 1 22 31 22 36 22 1 3 13 3 39 3 38 16 38 47 9 30 9 27 28 29 14 40 14 
6 19 35 12 41 46 48 46 29 28 44 30 47 3 43 9 38 39 33 39 38 44 23 27 9 43 3 47 30 49 27 49 26 42 17 4 50 37 10 37 33 4 32 24 33 21 
==============================

