=========== Input ===========
File name:                ./instances/created-instances/mm-20-25-1762875.cdop
Total node count:         46
Truck node count:         20
Drone node count:         25
=============================

========== Settings ==========
Settings file:        ./settings/Memetic_MMX_1099666.config
Seed:                 1099666
Reduction method:     -
Max iter:             1024000
Population size:      13
Crossover:            MA-MMX
Local Search:         LS
Warm Start:           Mario_WS
==============================

====== Algorithm Status ======
Valor:                5386
Time:                 260
nIter:                18
Best Iter:            18
Improvement Count:    17
==============================
Solution tour: 
0 22 
13 10 36 1 36 
10 13 6 45 6 13 31 23 20 39 
20 34 37 
12 37 34 28 38 25 44 8 32 33 22 21 22 4 26 4 27 7 23 13 36 25 18 
11 30 11 18 35 8 28 42 17 42 38 10 36 20 33 32 8 31 13 45 0 24 
==============================

====== Algorithm Status ======
Valor:                5635
Time:                 511
nIter:                37
Best Iter:            37
Improvement Count:    36
==============================
Solution tour: 
0 22 
13 10 36 1 36 37 12 25 44 25 34 37 10 31 6 13 6 45 6 24 23 31 23 26 23 31 13 22 4 26 4 22 21 22 27 7 23 19 23 13 36 25 44 35 18 
11 30 11 18 35 40 32 8 12 37 34 28 42 17 42 38 10 36 10 20 39 33 13 31 23 20 33 18 33 13 45 0 24 
==============================

====== Algorithm Status ======
Valor:                5882
Time:                 1004
nIter:                71
Best Iter:            71
Improvement Count:    70
==============================
Solution tour: 
0 22 21 22 4 26 4 22 
13 10 36 1 36 10 13 6 45 6 13 
9 13 26 23 31 13 31 23 26 13 39 20 34 37 
12 34 20 23 19 13 23 13 36 25 44 25 44 35 18 
11 30 11 18 35 27 40 32 8 12 37 34 28 42 17 42 28 38 10 36 10 20 39 20 10 23 20 33 22 
==============================

====== Algorithm Status ======
Valor:                5910
Time:                 2014
nIter:                141
Best Iter:            141
Improvement Count:    140
==============================
Solution tour: 
0 22 
13 10 36 1 36 37 12 34 12 25 44 25 34 37 10 13 31 6 13 6 45 6 0 24 31 23 26 23 31 13 22 4 26 4 22 21 22 33 20 23 19 23 36 25 44 35 18 
11 30 11 18 35 40 32 8 12 37 34 28 42 17 42 28 38 10 36 10 20 39 20 10 14 31 23 20 33 22 
==============================

====== Algorithm Status ======
Valor:                5985
Time:                 4005
nIter:                280
Best Iter:            280
Improvement Count:    279
==============================
Solution tour: 
0 22 9 
13 10 36 1 36 37 34 12 34 20 34 12 8 44 25 34 37 36 10 13 22 4 26 4 22 21 22 13 31 23 20 23 19 23 31 13 36 25 44 35 18 33 18 
11 30 11 18 35 27 40 32 8 12 37 12 34 28 42 17 42 28 38 10 20 39 20 19 9 6 13 45 6 45 13 6 
==============================

====== Algorithm Status ======
Valor:                6065
Time:                 8022
nIter:                542
Best Iter:            542
Improvement Count:    541
==============================
Solution tour: 
0 22 
13 10 36 1 36 37 34 12 34 20 34 25 44 25 34 37 25 36 10 13 22 4 26 4 22 21 22 9 13 31 23 20 23 19 23 31 13 36 25 34 33 18 
11 30 11 18 35 18 41 27 40 32 33 8 12 37 12 34 28 42 17 42 28 38 10 20 39 20 13 6 9 19 6 45 6 13 9 6 0 24 
==============================

====== Algorithm Status ======
Valor:                6065
Time:                 16008
nIter:                1031
Best Iter:            1031
Improvement Count:    1030
==============================
Solution tour: 
0 22 
13 10 36 1 36 37 34 12 34 20 34 25 44 25 34 37 25 36 10 13 22 4 26 4 22 21 22 9 13 31 23 20 23 19 23 31 13 36 25 34 33 18 
11 30 11 18 35 18 41 27 40 32 33 8 12 37 12 34 28 42 17 42 28 38 10 20 39 20 13 6 9 19 6 45 6 13 9 6 0 24 
==============================

====== Algorithm Status ======
Valor:                6122
Time:                 32004
nIter:                2088
Best Iter:            2088
Improvement Count:    2087
==============================
Solution tour: 
0 22 
13 10 36 1 36 37 12 8 12 37 34 20 34 25 44 25 34 37 25 36 10 13 22 4 26 4 22 21 4 21 22 9 13 31 23 20 23 19 23 31 13 36 25 34 8 
11 30 11 18 35 18 41 27 40 32 33 22 33 18 8 28 42 17 42 28 38 10 20 39 20 13 9 6 13 45 6 45 0 24 
==============================

====== Algorithm Status ======
Valor:                6258
Time:                 64008
nIter:                4222
Best Iter:            4222
Improvement Count:    4221
==============================
Solution tour: 
0 22 
13 10 36 1 36 10 37 12 37 34 37 36 13 22 4 27 4 26 4 21 4 22 21 22 9 13 31 23 20 23 19 23 31 13 36 25 44 25 12 8 
11 30 11 18 35 18 32 33 22 33 20 34 28 42 17 42 28 17 38 10 20 39 20 10 13 6 45 6 13 9 6 0 24 
==============================

====== Algorithm Status ======
Valor:                6390
Time:                 128011
nIter:                9555
Best Iter:            9555
Improvement Count:    9554
==============================
Solution tour: 
0 5 14 43 14 10 36 1 36 10 37 12 37 34 37 25 36 13 22 4 27 4 26 4 21 4 22 21 22 13 31 23 20 23 19 23 31 
13 36 25 44 25 12 8 
11 30 11 18 35 18 32 33 22 33 20 39 20 10 38 28 42 17 42 28 17 38 10 13 45 6 13 6 9 6 45 0 24 
==============================

====== Algorithm Status ======
Valor:                6399
Time:                 256009
nIter:                19509
Best Iter:            19509
Improvement Count:    19508
==============================
Solution tour: 
0 5 14 43 14 10 36 1 36 10 37 12 37 34 37 25 36 13 22 4 27 4 26 4 21 4 22 21 22 13 31 23 20 23 19 23 31 
13 36 25 44 25 12 8 
11 30 11 18 35 18 33 22 33 32 33 20 39 20 10 38 17 42 28 42 17 38 10 13 6 45 6 13 9 6 9 13 23 24 
==============================

====== Algorithm Status ======
Valor:                6399
Time:                 512003
nIter:                39368
Best Iter:            39368
Improvement Count:    39367
==============================
Solution tour: 
0 5 14 43 14 10 36 1 36 10 37 12 37 34 37 25 36 13 22 4 27 4 26 4 21 4 22 21 22 13 31 23 20 23 19 23 31 
13 36 25 44 25 12 8 
11 30 11 18 35 18 33 22 33 32 33 20 39 20 10 38 17 42 28 42 17 38 10 13 6 45 6 13 9 6 9 13 23 24 
==============================

====== Algorithm Status ======
Valor:                6416
Time:                 1024001
nIter:                79227
Best Iter:            79227
Improvement Count:    79228
==============================
Solution tour: 
0 5 14 43 14 10 36 1 36 10 37 12 37 34 37 25 36 13 22 4 27 4 26 4 21 4 22 21 22 13 31 23 20 23 19 23 31 
13 36 25 44 25 12 8 
11 30 11 18 35 18 32 33 22 33 20 39 20 10 38 17 42 28 42 17 38 10 13 23 13 9 6 9 13 45 6 13 6 45 0 24 
==============================

====== Algorithm Status ======
Valor:                6416
Time:                 1024001
nIter:                79227
Best Iter:            79227
Improvement Count:    79228
==============================
Solution tour: 
0 5 14 43 14 10 36 1 36 10 37 12 37 34 37 25 36 13 22 4 27 4 26 4 21 4 22 21 22 13 31 23 20 23 19 23 31 
13 36 25 44 25 12 8 
11 30 11 18 35 18 32 33 22 33 20 39 20 10 38 17 42 28 42 17 38 10 13 23 13 9 6 9 13 45 6 13 6 45 0 24 
==============================

