=========== Input ===========
File name:                ./instances/created-instances/mm-5-25-1891798.cdop
Total node count:         31
Truck node count:         5
Drone node count:         25
=============================

========== Settings ==========
Settings file:        ./settings/Memetic_MMX_1287823.config
Seed:                 1287823
Reduction method:     -
Max iter:             1024000
Population size:      13
Crossover:            MA-MMX
Local Search:         LS
Warm Start:           Mario_WS
==============================

====== Algorithm Status ======
Valor:                4746
Time:                 254
nIter:                43
Best Iter:            43
Improvement Count:    42
==============================
Solution tour: 
0 21 11 19 11 21 0 15 0 11 8 10 26 14 20 3 20 14 12 23 12 20 7 1 13 1 4 
2 4 13 4 18 9 18 4 10 4 1 16 24 26 30 24 30 5 4 6 22 6 27 6 28 11 
==============================

====== Algorithm Status ======
Valor:                4852
Time:                 500
nIter:                97
Best Iter:            97
Improvement Count:    96
==============================
Solution tour: 
0 21 11 21 0 11 19 11 0 15 0 10 26 14 23 20 7 20 3 20 14 12 14 10 
2 4 13 4 10 8 18 9 18 10 4 1 13 1 7 16 22 26 30 24 30 5 4 6 22 6 27 6 28 
==============================

====== Algorithm Status ======
Valor:                4915
Time:                 1000
nIter:                205
Best Iter:            205
Improvement Count:    204
==============================
Solution tour: 
0 21 11 21 0 11 19 11 0 15 0 28 17 30 24 23 14 20 7 20 3 20 14 12 14 10 18 
2 4 13 4 10 8 18 9 18 10 4 1 13 1 7 16 22 26 24 30 5 6 22 6 27 6 28 25 21 
==============================

====== Algorithm Status ======
Valor:                5086
Time:                 2002
nIter:                437
Best Iter:            437
Improvement Count:    436
==============================
Solution tour: 
0 21 11 21 0 11 19 11 0 15 0 28 17 29 23 14 12 20 7 3 20 3 7 1 4 
2 4 13 4 10 8 18 9 18 10 4 1 13 
1 7 16 7 20 14 5 30 24 30 5 4 6 22 6 27 6 28 25 21 
==============================

====== Algorithm Status ======
Valor:                5120
Time:                 4001
nIter:                799
Best Iter:            799
Improvement Count:    798
==============================
Solution tour: 
0 21 11 15 0 11 19 11 0 28 17 29 23 14 12 14 20 7 3 20 3 7 1 4 
2 4 13 4 10 8 18 9 18 10 4 1 13 
1 7 16 7 20 14 5 30 24 30 5 4 6 22 6 27 6 28 25 11 21 
==============================

====== Algorithm Status ======
Valor:                5178
Time:                 8004
nIter:                1492
Best Iter:            1492
Improvement Count:    1491
==============================
Solution tour: 
0 21 11 21 19 21 0 11 19 11 0 28 17 29 23 14 12 14 20 3 20 7 1 4 
2 4 13 4 10 8 18 9 18 10 4 1 13 
1 7 16 7 20 14 5 30 24 30 5 4 6 22 6 27 6 25 21 
==============================

====== Algorithm Status ======
Valor:                5188
Time:                 16000
nIter:                2856
Best Iter:            2856
Improvement Count:    2855
==============================
Solution tour: 
0 21 11 21 19 21 0 11 19 11 0 28 25 17 29 23 14 12 14 20 3 20 7 1 4 
2 4 1 13 4 10 8 18 9 18 8 6 4 10 4 13 
1 7 16 7 20 14 5 30 24 30 5 4 6 22 6 27 15 
==============================

====== Algorithm Status ======
Valor:                5264
Time:                 32001
nIter:                5649
Best Iter:            5649
Improvement Count:    5648
==============================
Solution tour: 
0 21 11 21 19 21 0 11 19 11 0 28 17 28 25 5 14 23 14 12 14 20 3 20 7 16 1 4 
2 4 1 13 4 10 4 8 18 9 18 8 6 4 13 
1 7 20 14 5 30 24 30 5 4 6 22 6 27 15 
==============================

====== Algorithm Status ======
Valor:                5276
Time:                 64005
nIter:                11223
Best Iter:            11223
Improvement Count:    11222
==============================
Solution tour: 
0 21 11 21 19 21 0 11 19 11 0 28 17 28 25 5 14 23 14 12 14 20 3 20 7 16 7 1 4 
2 4 1 13 4 10 4 6 8 18 9 18 8 6 4 13 
1 7 20 14 5 30 24 30 5 6 22 6 27 15 
==============================

====== Algorithm Status ======
Valor:                5276
Time:                 128003
nIter:                22322
Best Iter:            22322
Improvement Count:    22321
==============================
Solution tour: 
0 21 11 21 19 21 0 11 19 11 0 28 17 28 25 5 14 23 14 12 14 20 3 20 7 16 7 1 4 
2 4 1 13 4 10 4 6 8 18 9 18 8 6 4 13 
1 7 20 14 5 30 24 30 5 6 22 6 27 15 
==============================

====== Algorithm Status ======
Valor:                5276
Time:                 256000
nIter:                44505
Best Iter:            44505
Improvement Count:    44504
==============================
Solution tour: 
0 21 11 21 19 21 0 11 19 11 0 28 17 28 25 5 14 23 14 12 14 20 3 20 7 16 7 1 4 
2 4 1 13 4 10 4 6 8 18 9 18 8 6 4 13 
1 7 20 14 5 30 24 30 5 6 22 6 27 15 
==============================

====== Algorithm Status ======
Valor:                5276
Time:                 512002
nIter:                89036
Best Iter:            89036
Improvement Count:    89035
==============================
Solution tour: 
0 21 11 21 19 21 0 11 19 11 0 28 17 28 25 5 14 23 14 12 14 20 3 20 7 16 7 1 4 
2 4 1 13 4 10 4 6 8 18 9 18 8 6 4 13 
1 7 20 14 5 30 24 30 5 6 22 6 27 15 
==============================

====== Algorithm Status ======
Valor:                5276
Time:                 1024001
nIter:                177893
Best Iter:            177893
Improvement Count:    177894
==============================
Solution tour: 
0 21 11 21 19 21 0 11 19 11 0 28 17 28 25 5 14 23 14 12 14 20 3 20 7 16 7 1 4 
2 4 1 13 4 10 4 6 8 18 9 18 8 6 4 13 
1 7 20 14 5 30 24 30 5 6 22 6 27 15 
==============================

====== Algorithm Status ======
Valor:                5276
Time:                 1024001
nIter:                177893
Best Iter:            177893
Improvement Count:    177894
==============================
Solution tour: 
0 21 11 21 19 21 0 11 19 11 0 28 17 28 25 5 14 23 14 12 14 20 3 20 7 16 7 1 4 
2 4 1 13 4 10 4 6 8 18 9 18 8 6 4 13 
1 7 20 14 5 30 24 30 5 6 22 6 27 15 
==============================

