=========== Input ===========
File name:                ./instances/created-instances/mm-25-10-1110588.cdop
Total node count:         36
Truck node count:         25
Drone node count:         10
=============================

========== Settings ==========
Settings file:        ./settings/Memetic-LS_MPX_1881515.config
Seed:                 1881515
Reduction method:     -
Max iter:             1024000
Population size:      13
Crossover:            MA-MPX
Local Search:         -
Warm Start:           Mario_WS
==============================

====== Algorithm Status ======
Valor:                3116
Time:                 250
nIter:                570
Best Iter:            570
Improvement Count:    569
==============================
Solution tour: 
0 13 
24 
23 
13 
22 13 
2 
6 
16 
19 17 
18 31 
12 34 33 
1 
8 
9 20 
4 
20 
17 
7 
10 
11 15 28 
15 
21 35 
5 30 29 30 
14 30 13 0 
3 
==============================

====== Algorithm Status ======
Valor:                3116
Time:                 500
nIter:                1061
Best Iter:            1061
Improvement Count:    1060
==============================
Solution tour: 
0 13 
24 
23 
13 
22 13 
2 
6 
16 
19 17 
18 31 
12 34 33 
1 
8 
9 20 
4 
20 
17 
7 
10 
11 15 28 
15 
21 35 
5 30 29 30 
14 30 13 0 
3 
==============================

====== Algorithm Status ======
Valor:                3116
Time:                 1000
nIter:                2006
Best Iter:            2006
Improvement Count:    2005
==============================
Solution tour: 
0 13 
24 
23 
13 
22 13 
2 
6 
16 
19 17 
18 31 
12 34 33 
1 
8 
9 20 
4 
20 
17 
7 
10 
11 15 28 
15 
21 35 
5 30 29 30 
14 30 13 0 
3 
==============================

====== Algorithm Status ======
Valor:                3116
Time:                 2000
nIter:                3965
Best Iter:            3965
Improvement Count:    3964
==============================
Solution tour: 
0 13 
24 
23 
13 
22 13 
2 
6 
16 
19 17 
18 31 
12 34 33 
1 
8 
9 20 
4 
20 
17 
7 
10 
11 15 28 
15 
21 35 
5 30 29 30 
14 30 13 0 
3 
==============================

====== Algorithm Status ======
Valor:                3116
Time:                 4000
nIter:                8085
Best Iter:            8085
Improvement Count:    8084
==============================
Solution tour: 
0 13 
24 
23 
13 
22 13 
2 
6 
16 
19 17 
18 31 
12 34 33 
1 
8 
9 20 
4 
20 
17 
7 
10 
11 15 28 
15 
21 35 
5 30 29 30 
14 30 13 0 
3 
==============================

====== Algorithm Status ======
Valor:                3116
Time:                 8000
nIter:                16207
Best Iter:            16207
Improvement Count:    16206
==============================
Solution tour: 
0 13 
24 
23 
13 
22 13 
2 
6 
16 
19 17 
18 31 
12 34 33 
1 
8 
9 20 
4 
20 
17 
7 
10 
11 15 28 
15 
21 35 
5 30 29 30 
14 30 13 0 
3 
==============================

====== Algorithm Status ======
Valor:                3116
Time:                 16000
nIter:                32702
Best Iter:            32702
Improvement Count:    32701
==============================
Solution tour: 
0 13 
24 
23 
13 
22 13 
2 
6 
16 
19 17 
18 31 
12 34 33 
1 
8 
9 20 
4 
20 
17 
7 
10 
11 15 28 
15 
21 35 
5 30 29 30 
14 30 13 0 
3 
==============================

====== Algorithm Status ======
Valor:                3116
Time:                 32000
nIter:                65309
Best Iter:            65309
Improvement Count:    65308
==============================
Solution tour: 
0 13 
24 
23 
13 
22 13 
2 
6 
16 
19 17 
18 31 
12 34 33 
1 
8 
9 20 
4 
20 
17 
7 
10 
11 15 28 
15 
21 35 
5 30 29 30 
14 30 13 0 
3 
==============================

====== Algorithm Status ======
Valor:                3116
Time:                 64000
nIter:                130086
Best Iter:            130086
Improvement Count:    130085
==============================
Solution tour: 
0 13 
24 
23 
13 
22 13 
2 
6 
16 
19 17 
18 31 
12 34 33 
1 
8 
9 20 
4 
20 
17 
7 
10 
11 15 28 
15 
21 35 
5 30 29 30 
14 30 13 0 
3 
==============================

====== Algorithm Status ======
Valor:                3116
Time:                 128000
nIter:                259238
Best Iter:            259238
Improvement Count:    259237
==============================
Solution tour: 
0 13 
24 
23 
13 
22 13 
2 
6 
16 
19 17 
18 31 
12 34 33 
1 
8 
9 20 
4 
20 
17 
7 
10 
11 15 28 
15 
21 35 
5 30 29 30 
14 30 13 0 
3 
==============================

====== Algorithm Status ======
Valor:                3116
Time:                 256000
nIter:                517420
Best Iter:            517420
Improvement Count:    517419
==============================
Solution tour: 
0 13 
24 
23 
13 
22 13 
2 
6 
16 
19 17 
18 31 
12 34 33 
1 
8 
9 20 
4 
20 
17 
7 
10 
11 15 28 
15 
21 35 
5 30 29 30 
14 30 13 0 
3 
==============================

====== Algorithm Status ======
Valor:                3116
Time:                 512000
nIter:                1036051
Best Iter:            1036051
Improvement Count:    1036050
==============================
Solution tour: 
0 13 
24 
23 
13 
22 13 
2 
6 
16 
19 17 
18 31 
12 34 33 
1 
8 
9 20 
4 
20 
17 
7 
10 
11 15 28 
15 
21 35 
5 30 29 30 
14 30 13 0 
3 
==============================

====== Algorithm Status ======
Valor:                3116
Time:                 1024001
nIter:                2076248
Best Iter:            2076248
Improvement Count:    2076249
==============================
Solution tour: 
0 13 
24 
23 
13 
22 13 
2 
6 
16 
19 17 
18 31 
12 34 33 
1 
8 
9 20 
4 
20 
17 
7 
10 
11 15 28 
15 
21 35 
5 30 29 30 
14 30 13 0 
3 
==============================

====== Algorithm Status ======
Valor:                3116
Time:                 1024001
nIter:                2076248
Best Iter:            2076248
Improvement Count:    2076249
==============================
Solution tour: 
0 13 
24 
23 
13 
22 13 
2 
6 
16 
19 17 
18 31 
12 34 33 
1 
8 
9 20 
4 
20 
17 
7 
10 
11 15 28 
15 
21 35 
5 30 29 30 
14 30 13 0 
3 
==============================

