=========== Input ===========
File name:                ./instances/created-instances/mm-10-40-1110588.cdop
Total node count:         51
Truck node count:         10
Drone node count:         40
=============================

========== Settings ==========
Settings file:        ./settings/Memetic-LS_MMX_1099666.config
Seed:                 1099666
Reduction method:     -
Max iter:             1024000
Population size:      13
Crossover:            MA-MMX
Local Search:         -
Warm Start:           Mario_WS
==============================

====== Algorithm Status ======
Valor:                4990
Time:                 250
nIter:                161
Best Iter:            161
Improvement Count:    160
==============================
Solution tour: 
0 35 30 49 
2 49 29 49 29 2 25 36 19 36 
6 5 26 
5 
1 38 43 38 43 17 43 47 31 40 48 33 15 42 
8 1 21 46 34 27 12 50 49 50 3 13 39 44 
9 14 9 14 24 39 30 18 11 45 36 37 36 37 29 32 
7 
3 
==============================

====== Algorithm Status ======
Valor:                5088
Time:                 503
nIter:                314
Best Iter:            314
Improvement Count:    313
==============================
Solution tour: 
0 35 30 49 
2 49 29 49 29 2 25 36 19 36 5 26 
5 38 43 38 43 17 43 47 31 40 48 33 15 42 46 34 27 12 50 49 50 3 13 39 44 
9 14 9 14 24 39 30 18 11 45 36 37 36 37 29 32 
7 
3 
==============================

====== Algorithm Status ======
Valor:                5279
Time:                 1001
nIter:                585
Best Iter:            585
Improvement Count:    584
==============================
Solution tour: 
0 35 30 49 
2 49 29 49 29 2 29 49 29 2 25 36 19 36 5 26 
5 38 43 38 43 17 43 47 31 40 48 33 15 42 46 34 27 12 50 49 50 3 13 39 44 
9 14 9 14 24 39 30 18 11 45 36 37 45 36 37 36 37 29 32 
7 
3 
==============================

====== Algorithm Status ======
Valor:                5378
Time:                 2004
nIter:                1080
Best Iter:            1080
Improvement Count:    1079
==============================
Solution tour: 
0 35 30 49 
2 49 29 49 29 2 29 49 29 2 25 36 19 36 5 26 
5 38 43 38 43 17 43 47 31 40 48 33 15 42 46 34 27 12 50 49 50 3 13 39 44 
9 14 9 14 24 39 30 18 11 45 36 37 45 37 36 37 29 32 
7 
3 
==============================

====== Algorithm Status ======
Valor:                5392
Time:                 4001
nIter:                2129
Best Iter:            2129
Improvement Count:    2128
==============================
Solution tour: 
0 35 30 49 
2 49 29 49 29 2 29 49 29 2 25 36 19 36 5 26 
5 38 43 17 43 47 31 40 48 33 15 42 46 34 27 12 50 49 50 3 13 39 44 39 44 
9 14 9 14 24 39 30 18 11 45 36 37 45 37 36 37 29 32 
7 
3 
==============================

====== Algorithm Status ======
Valor:                5450
Time:                 8002
nIter:                4135
Best Iter:            4135
Improvement Count:    4134
==============================
Solution tour: 
0 35 30 49 
2 49 29 49 29 2 29 49 29 49 29 2 25 36 19 36 5 26 
5 48 43 17 43 47 31 40 48 33 15 42 46 34 27 12 50 49 50 3 13 39 44 39 44 
9 14 9 14 24 39 30 18 11 45 36 37 45 37 36 37 29 32 
7 
3 
==============================

====== Algorithm Status ======
Valor:                5573
Time:                 16003
nIter:                8204
Best Iter:            8204
Improvement Count:    8203
==============================
Solution tour: 
0 35 30 
2 49 36 29 49 2 29 49 29 49 29 2 25 36 19 36 5 26 
5 48 43 17 43 47 31 40 48 33 15 42 46 34 27 12 50 49 50 3 13 39 44 39 44 
9 14 9 14 24 39 24 39 30 18 30 18 11 45 36 45 37 29 37 49 29 20 
==============================

====== Algorithm Status ======
Valor:                5924
Time:                 32000
nIter:                15379
Best Iter:            15379
Improvement Count:    15378
==============================
Solution tour: 
0 35 
2 49 2 29 49 2 49 25 49 29 49 29 2 25 2 25 36 19 36 5 26 
5 48 43 17 43 47 31 40 48 33 15 42 4 46 34 27 12 27 12 49 50 49 50 3 13 3 13 39 44 39 44 
9 14 9 14 24 39 12 39 30 12 18 29 36 45 36 37 36 37 45 37 29 37 20 
==============================

====== Algorithm Status ======
Valor:                5961
Time:                 64000
nIter:                29786
Best Iter:            29786
Improvement Count:    29785
==============================
Solution tour: 
0 35 
2 49 2 29 49 36 49 25 49 29 49 29 2 25 2 25 36 19 36 5 26 
5 48 43 17 43 47 31 40 48 33 15 42 4 46 34 27 12 27 12 49 50 49 50 3 13 44 39 44 
9 14 9 14 24 39 12 39 30 12 18 29 36 45 36 29 37 36 37 45 37 29 20 
==============================

====== Algorithm Status ======
Valor:                6052
Time:                 128005
nIter:                58296
Best Iter:            58296
Improvement Count:    58295
==============================
Solution tour: 
0 35 
2 49 2 29 49 25 49 29 49 29 49 29 2 25 2 25 36 19 36 5 26 
5 48 43 17 43 47 7 47 7 31 40 48 47 33 15 42 4 46 34 27 12 50 49 50 3 13 3 13 39 44 39 44 
9 14 9 14 24 39 12 39 30 18 29 36 45 36 29 37 36 37 45 37 29 20 
==============================

====== Algorithm Status ======
Valor:                6139
Time:                 256000
nIter:                112917
Best Iter:            112917
Improvement Count:    112916
==============================
Solution tour: 
0 35 
2 49 2 29 49 25 49 29 49 29 49 29 2 25 2 25 36 19 36 5 26 
5 48 43 17 43 47 7 47 31 40 48 47 33 15 42 4 46 34 27 12 50 49 50 3 13 3 13 39 44 39 44 
9 14 9 14 24 39 12 39 30 18 29 36 45 36 29 37 36 37 45 37 29 20 
==============================

====== Algorithm Status ======
Valor:                6178
Time:                 512002
nIter:                221744
Best Iter:            221744
Improvement Count:    221743
==============================
Solution tour: 
0 35 
2 49 2 29 49 25 49 29 49 29 49 29 2 25 2 25 36 19 36 5 26 
5 48 43 17 43 47 7 47 31 40 48 47 33 15 42 4 46 34 27 12 50 49 50 3 13 3 5 44 39 44 
9 14 9 14 24 39 12 39 30 18 29 36 45 36 29 37 36 37 45 37 29 20 
==============================

====== Algorithm Status ======
Valor:                6189
Time:                 1024008
nIter:                442498
Best Iter:            442498
Improvement Count:    442499
==============================
Solution tour: 
0 35 
2 49 2 29 49 25 49 29 49 29 49 29 2 25 2 25 36 19 36 5 26 
5 48 43 17 43 47 7 47 31 40 15 33 15 42 4 46 34 27 12 50 49 50 3 13 3 5 44 39 44 
9 14 9 14 24 39 12 39 30 18 29 36 45 36 29 37 36 37 45 37 29 20 
==============================

====== Algorithm Status ======
Valor:                6189
Time:                 1024008
nIter:                442498
Best Iter:            442498
Improvement Count:    442499
==============================
Solution tour: 
0 35 
2 49 2 29 49 25 49 29 49 29 49 29 2 25 2 25 36 19 36 5 26 
5 48 43 17 43 47 7 47 31 40 15 33 15 42 4 46 34 27 12 50 49 50 3 13 3 5 44 39 44 
9 14 9 14 24 39 12 39 30 18 29 36 45 36 29 37 36 37 45 37 29 20 
==============================

