=========== Input ===========
File name:                ./instances/created-instances/mm-10-25-1110588.cdop
Total node count:         36
Truck node count:         10
Drone node count:         25
=============================

========== Settings ==========
Settings file:        ./settings/Memetic-LS_MPX_1287823.config
Seed:                 1287823
Reduction method:     -
Max iter:             1024000
Population size:      13
Crossover:            MA-MPX
Local Search:         -
Warm Start:           Mario_WS
==============================

====== Algorithm Status ======
Valor:                4047
Time:                 250
nIter:                246
Best Iter:            246
Improvement Count:    245
==============================
Solution tour: 
0 20 19 
2 22 
6 22 5 32 15 
4 13 26 22 30 22 18 25 
5 29 26 13 31 11 32 5 34 
1 21 24 35 12 30 12 28 35 33 35 24 21 
8 14 9 14 
9 34 27 34 
7 
3 7 
==============================

====== Algorithm Status ======
Valor:                4047
Time:                 500
nIter:                468
Best Iter:            468
Improvement Count:    467
==============================
Solution tour: 
0 20 19 
2 22 
6 22 5 32 15 
4 13 26 22 30 22 18 25 
5 29 26 13 31 11 32 5 34 
1 21 24 35 12 30 12 28 35 33 35 24 21 
8 14 9 14 
9 34 27 34 
7 
3 7 
==============================

====== Algorithm Status ======
Valor:                4047
Time:                 1000
nIter:                956
Best Iter:            956
Improvement Count:    955
==============================
Solution tour: 
0 20 19 
2 22 
6 22 5 32 15 
4 13 26 22 30 22 18 25 
5 29 26 13 31 11 32 5 34 
1 21 24 35 12 30 12 28 35 33 35 24 21 
8 14 9 14 
9 34 27 34 
7 
3 7 
==============================

====== Algorithm Status ======
Valor:                4047
Time:                 2000
nIter:                1952
Best Iter:            1952
Improvement Count:    1951
==============================
Solution tour: 
0 20 19 
2 22 
6 22 5 32 15 
4 13 26 22 30 22 18 25 
5 29 26 13 31 11 32 5 34 
1 21 24 35 12 30 12 28 35 33 35 24 21 
8 14 9 14 
9 34 27 34 
7 
3 7 
==============================

====== Algorithm Status ======
Valor:                4047
Time:                 4001
nIter:                3735
Best Iter:            3735
Improvement Count:    3734
==============================
Solution tour: 
0 20 19 
2 22 
6 22 5 32 15 
4 13 26 22 30 22 18 25 
5 29 26 13 31 11 32 5 34 
1 21 24 35 12 30 12 28 35 33 35 24 21 
8 14 9 14 
9 34 27 34 
7 
3 7 
==============================

====== Algorithm Status ======
Valor:                4155
Time:                 8000
nIter:                7401
Best Iter:            7401
Improvement Count:    7400
==============================
Solution tour: 
0 20 19 
4 13 26 22 30 22 18 25 
2 22 
6 22 5 32 15 
5 29 26 13 31 11 32 5 34 
1 21 24 35 12 30 12 28 35 33 35 24 21 
8 14 9 14 
9 34 27 34 
7 
3 7 
==============================

====== Algorithm Status ======
Valor:                4155
Time:                 16000
nIter:                14809
Best Iter:            14809
Improvement Count:    14808
==============================
Solution tour: 
0 20 19 
4 13 26 22 30 22 18 25 
2 22 
6 22 5 32 15 
5 29 26 13 31 11 32 5 34 
1 21 24 35 12 30 12 28 35 33 35 24 21 
8 14 9 14 
9 34 27 34 
7 
3 7 
==============================

====== Algorithm Status ======
Valor:                4160
Time:                 32000
nIter:                29485
Best Iter:            29485
Improvement Count:    29484
==============================
Solution tour: 
0 20 19 
3 7 
4 13 26 22 30 22 18 25 
2 22 
6 22 5 32 15 
5 29 26 13 31 11 32 5 34 21 24 35 12 30 12 28 35 33 35 24 21 
8 14 9 14 
9 1 27 34 
7 
10 20 
==============================

====== Algorithm Status ======
Valor:                4202
Time:                 64000
nIter:                59245
Best Iter:            59245
Improvement Count:    59244
==============================
Solution tour: 
0 20 19 
3 7 
4 13 26 22 30 22 18 25 
2 22 
6 22 5 32 15 
5 29 26 13 31 11 32 5 34 21 24 35 12 30 12 28 35 33 35 24 21 
8 14 9 14 
9 1 27 34 
7 
==============================

====== Algorithm Status ======
Valor:                4202
Time:                 128000
nIter:                118697
Best Iter:            118697
Improvement Count:    118696
==============================
Solution tour: 
0 20 19 
3 7 
4 13 26 22 30 22 18 25 
2 22 
6 22 5 32 15 
5 29 26 13 31 11 32 5 34 21 24 35 12 30 12 28 35 33 35 24 21 
8 14 9 14 
9 1 27 34 
7 
==============================

====== Algorithm Status ======
Valor:                4341
Time:                 256000
nIter:                238487
Best Iter:            238487
Improvement Count:    238486
==============================
Solution tour: 
0 20 19 
3 7 
5 29 22 26 13 31 11 32 5 
9 34 27 
1 21 24 35 12 30 12 28 35 33 35 24 21 
8 14 9 14 
4 13 26 22 30 22 18 25 
2 22 
6 22 5 32 15 
10 
7 19 
==============================

====== Algorithm Status ======
Valor:                4562
Time:                 512000
nIter:                462830
Best Iter:            462830
Improvement Count:    462829
==============================
Solution tour: 
0 20 19 
6 22 5 32 15 
7 3 19 
3 7 
5 29 22 26 13 31 11 32 5 
9 34 27 21 
1 21 24 28 12 30 12 35 16 33 35 24 21 
8 21 14 9 14 
4 13 26 22 30 22 6 
2 25 18 22 
==============================

====== Algorithm Status ======
Valor:                4562
Time:                 1024003
nIter:                919195
Best Iter:            919195
Improvement Count:    919196
==============================
Solution tour: 
0 20 19 
6 22 5 32 15 
7 3 19 
3 7 
5 29 22 26 13 31 11 32 5 
9 34 27 21 
1 21 24 28 12 30 12 35 16 33 35 24 21 
8 21 14 9 14 
4 13 26 22 30 22 6 
2 25 18 22 
==============================

====== Algorithm Status ======
Valor:                4562
Time:                 1024003
nIter:                919195
Best Iter:            919195
Improvement Count:    919196
==============================
Solution tour: 
0 20 19 
6 22 5 32 15 
7 3 19 
3 7 
5 29 22 26 13 31 11 32 5 
9 34 27 21 
1 21 24 28 12 30 12 35 16 33 35 24 21 
8 21 14 9 14 
4 13 26 22 30 22 6 
2 25 18 22 
==============================

