=========== Input ===========
File name:                ./instances/created-instances/mm-25-10-1762875.cdop
Total node count:         36
Truck node count:         25
Drone node count:         10
=============================

========== Settings ==========
Settings file:        ./settings/Memetic-LS_MPX_1881515.config
Seed:                 1881515
Reduction method:     -
Max iter:             1024000
Population size:      13
Crossover:            MA-MPX
Local Search:         -
Warm Start:           Mario_WS
==============================

====== Algorithm Status ======
Valor:                2954
Time:                 251
nIter:                465
Best Iter:            465
Improvement Count:    464
==============================
Solution tour: 
0 14 
5 
16 
2 
14 
24 13 33 
13 20 
10 
1 17 31 
17 30 
12 
8 
3 
23 18 
11 
18 23 
22 26 35 
20 35 19 24 
19 10 27 
9 29 
21 
15 11 32 29 21 
4 0 
7 
6 0 30 
==============================

====== Algorithm Status ======
Valor:                2954
Time:                 500
nIter:                936
Best Iter:            936
Improvement Count:    935
==============================
Solution tour: 
0 14 
5 
16 
2 
14 
24 13 33 
13 20 
10 
1 17 31 
17 30 
12 
8 
3 
23 18 
11 
18 23 
22 26 35 
20 35 19 24 
19 10 27 
9 29 
21 
15 11 32 29 21 
4 0 
7 
6 0 30 
==============================

====== Algorithm Status ======
Valor:                2954
Time:                 1000
nIter:                1889
Best Iter:            1889
Improvement Count:    1888
==============================
Solution tour: 
0 14 
5 
16 
2 
14 
24 13 33 
13 20 
10 
1 17 31 
17 30 
12 
8 
3 
23 18 
11 
18 23 
22 26 35 
20 35 19 24 
19 10 27 
9 29 
21 
15 11 32 29 21 
4 0 
7 
6 0 30 
==============================

====== Algorithm Status ======
Valor:                2954
Time:                 2000
nIter:                3800
Best Iter:            3800
Improvement Count:    3799
==============================
Solution tour: 
0 14 
5 
16 
2 
14 
24 13 33 
13 20 
10 
1 17 31 
17 30 
12 
8 
3 
23 18 
11 
18 23 
22 26 35 
20 35 19 24 
19 10 27 
9 29 
21 
15 11 32 29 21 
4 0 
7 
6 0 30 
==============================

====== Algorithm Status ======
Valor:                2954
Time:                 4001
nIter:                7605
Best Iter:            7605
Improvement Count:    7604
==============================
Solution tour: 
0 14 
5 
16 
2 
14 
24 13 33 
13 20 
10 
1 17 31 
17 30 
12 
8 
3 
23 18 
11 
18 23 
22 26 35 
20 35 19 24 
19 10 27 
9 29 
21 
15 11 32 29 21 
4 0 
7 
6 0 30 
==============================

====== Algorithm Status ======
Valor:                2954
Time:                 8000
nIter:                15125
Best Iter:            15125
Improvement Count:    15124
==============================
Solution tour: 
0 14 
5 
16 
2 
14 
24 13 33 
13 20 
10 
1 17 31 
17 30 
12 
8 
3 
23 18 
11 
18 23 
22 26 35 
20 35 19 24 
19 10 27 
9 29 
21 
15 11 32 29 21 
4 0 
7 
6 0 30 
==============================

====== Algorithm Status ======
Valor:                2954
Time:                 16000
nIter:                30217
Best Iter:            30217
Improvement Count:    30216
==============================
Solution tour: 
0 14 
5 
16 
2 
14 
24 13 33 
13 20 
10 
1 17 31 
17 30 
12 
8 
3 
23 18 
11 
18 23 
22 26 35 
20 35 19 24 
19 10 27 
9 29 
21 
15 11 32 29 21 
4 0 
7 
6 0 30 
==============================

====== Algorithm Status ======
Valor:                2954
Time:                 32000
nIter:                60797
Best Iter:            60797
Improvement Count:    60796
==============================
Solution tour: 
0 14 
5 
16 
2 
14 
24 13 33 
13 20 
10 
1 17 31 
17 30 
12 
8 
3 
23 18 
11 
18 23 
22 26 35 
20 35 19 24 
19 10 27 
9 29 
21 
15 11 32 29 21 
4 0 
7 
6 0 30 
==============================

====== Algorithm Status ======
Valor:                2954
Time:                 64001
nIter:                122205
Best Iter:            122205
Improvement Count:    122204
==============================
Solution tour: 
0 14 
5 
16 
2 
14 
24 13 33 
13 20 
10 
1 17 31 
17 30 
12 
8 
3 
23 18 
11 
18 23 
22 26 35 
20 35 19 24 
19 10 27 
9 29 
21 
15 11 32 29 21 
4 0 
7 
6 0 30 
==============================

====== Algorithm Status ======
Valor:                2954
Time:                 128000
nIter:                244745
Best Iter:            244745
Improvement Count:    244744
==============================
Solution tour: 
0 14 
5 
16 
2 
14 
24 13 33 
13 20 
10 
1 17 31 
17 30 
12 
8 
3 
23 18 
11 
18 23 
22 26 35 
20 35 19 24 
19 10 27 
9 29 
21 
15 11 32 29 21 
4 0 
7 
6 0 30 
==============================

====== Algorithm Status ======
Valor:                2954
Time:                 256000
nIter:                489315
Best Iter:            489315
Improvement Count:    489314
==============================
Solution tour: 
0 14 
5 
16 
2 
14 
24 13 33 
13 20 
10 
1 17 31 
17 30 
12 
8 
3 
23 18 
11 
18 23 
22 26 35 
20 35 19 24 
19 10 27 
9 29 
21 
15 11 32 29 21 
4 0 
7 
6 0 30 
==============================

====== Algorithm Status ======
Valor:                2954
Time:                 512000
nIter:                975732
Best Iter:            975732
Improvement Count:    975731
==============================
Solution tour: 
0 14 
5 
16 
2 
14 
24 13 33 
13 20 
10 
1 17 31 
17 30 
12 
8 
3 
23 18 
11 
18 23 
22 26 35 
20 35 19 24 
19 10 27 
9 29 
21 
15 11 32 29 21 
4 0 
7 
6 0 30 
==============================

====== Algorithm Status ======
Valor:                2954
Time:                 1024001
nIter:                1946436
Best Iter:            1946436
Improvement Count:    1946437
==============================
Solution tour: 
0 14 
5 
16 
2 
14 
24 13 33 
13 20 
10 
1 17 31 
17 30 
12 
8 
3 
23 18 
11 
18 23 
22 26 35 
20 35 19 24 
19 10 27 
9 29 
21 
15 11 32 29 21 
4 0 
7 
6 0 30 
==============================

====== Algorithm Status ======
Valor:                2954
Time:                 1024001
nIter:                1946436
Best Iter:            1946436
Improvement Count:    1946437
==============================
Solution tour: 
0 14 
5 
16 
2 
14 
24 13 33 
13 20 
10 
1 17 31 
17 30 
12 
8 
3 
23 18 
11 
18 23 
22 26 35 
20 35 19 24 
19 10 27 
9 29 
21 
15 11 32 29 21 
4 0 
7 
6 0 30 
==============================

