=========== Input ===========
File name:                ./instances/created-instances/mm-15-25-1891798.cdop
Total node count:         41
Truck node count:         15
Drone node count:         25
=============================

========== Settings ==========
Settings file:        ./settings/Memetic_MMX_1881515.config
Seed:                 1881515
Reduction method:     -
Max iter:             1024000
Population size:      13
Crossover:            MA-MMX
Local Search:         LS
Warm Start:           Mario_WS
==============================

====== Algorithm Status ======
Valor:                5722
Time:                 253
nIter:                45
Best Iter:            45
Improvement Count:    44
==============================
Solution tour: 
0 33 7 22 7 8 32 17 31 37 26 38 24 11 2 35 19 35 2 16 9 4 20 4 23 9 40 8 18 27 18 40 11 4 11 6 
5 6 11 24 38 15 30 9 16 2 40 16 40 29 40 13 40 18 33 14 39 34 28 25 37 31 17 32 34 39 14 33 0 10 
==============================

====== Algorithm Status ======
Valor:                5783
Time:                 505
nIter:                88
Best Iter:            88
Improvement Count:    87
==============================
Solution tour: 
0 33 7 36 7 22 7 8 32 17 31 37 26 38 24 11 2 35 19 35 2 11 16 9 4 20 4 23 33 18 27 18 40 11 4 11 6 
5 6 11 24 38 15 30 9 16 2 16 40 29 40 13 40 18 33 14 39 15 28 25 37 31 17 39 34 39 14 33 0 10 
==============================

====== Algorithm Status ======
Valor:                5783
Time:                 1006
nIter:                153
Best Iter:            153
Improvement Count:    152
==============================
Solution tour: 
0 33 7 36 7 22 7 8 32 17 31 37 26 38 24 11 2 35 19 35 2 11 16 9 4 20 4 23 33 18 27 18 40 11 4 11 6 
5 6 11 24 38 15 30 9 16 2 16 40 29 40 13 40 18 33 14 39 15 28 25 37 31 17 39 34 39 14 33 0 10 
==============================

====== Algorithm Status ======
Valor:                5800
Time:                 2011
nIter:                296
Best Iter:            296
Improvement Count:    295
==============================
Solution tour: 
0 33 7 22 7 8 32 17 31 37 26 38 24 11 2 35 19 35 2 11 16 9 4 20 4 23 33 18 27 18 40 11 4 11 6 
5 6 11 24 38 34 15 30 9 16 2 16 40 29 40 13 40 18 33 14 39 15 28 25 37 31 17 39 34 39 14 33 0 10 
==============================

====== Algorithm Status ======
Valor:                5819
Time:                 4002
nIter:                575
Best Iter:            575
Improvement Count:    574
==============================
Solution tour: 
0 33 7 36 7 22 7 8 32 17 31 37 26 28 38 24 11 2 35 19 35 2 11 16 9 4 20 4 23 33 18 27 18 40 11 4 11 6 
5 6 11 24 38 34 15 30 9 16 2 16 40 29 40 13 40 18 33 14 39 34 15 28 25 37 31 17 34 39 14 33 0 10 
==============================

====== Algorithm Status ======
Valor:                5906
Time:                 8007
nIter:                1143
Best Iter:            1143
Improvement Count:    1142
==============================
Solution tour: 
0 33 7 22 36 22 7 8 32 17 31 37 26 37 28 38 24 11 2 35 19 35 2 11 4 20 4 23 33 18 27 18 40 16 11 4 11 6 
5 6 11 24 38 34 15 30 9 16 2 16 9 40 29 40 13 40 18 33 14 39 34 28 37 25 37 31 17 34 39 14 33 0 10 
==============================

====== Algorithm Status ======
Valor:                5908
Time:                 16003
nIter:                2198
Best Iter:            2198
Improvement Count:    2197
==============================
Solution tour: 
0 33 7 22 36 22 7 8 32 17 31 37 26 37 28 34 38 24 11 2 35 19 35 2 11 4 20 4 23 33 18 27 18 40 16 11 4 11 6 
5 6 11 24 38 34 15 30 9 16 2 16 9 40 29 40 13 40 18 33 14 39 34 28 25 37 31 17 34 39 14 33 0 10 
==============================

====== Algorithm Status ======
Valor:                5906
Time:                 32010
nIter:                4221
Best Iter:            4221
Improvement Count:    4220
==============================
Solution tour: 
0 33 7 22 36 22 7 8 32 17 31 37 25 26 37 28 34 38 24 11 2 35 19 35 2 11 4 20 4 23 33 18 27 18 40 16 11 4 11 6 
5 6 11 24 38 15 30 9 16 2 16 9 40 29 40 13 40 18 33 14 39 34 28 37 31 17 34 39 14 33 0 10 
==============================

====== Algorithm Status ======
Valor:                5916
Time:                 64000
nIter:                8239
Best Iter:            8239
Improvement Count:    8238
==============================
Solution tour: 
0 33 7 22 36 22 7 8 32 17 31 37 25 26 37 28 38 24 11 2 35 19 35 2 11 4 20 4 23 33 18 27 18 40 16 11 6 5 15 
5 6 11 24 38 34 15 30 9 16 2 16 9 40 29 40 13 40 18 33 14 39 34 28 37 31 17 34 39 14 33 0 10 
==============================

====== Algorithm Status ======
Valor:                5931
Time:                 128005
nIter:                14458
Best Iter:            14458
Improvement Count:    14457
==============================
Solution tour: 
0 33 18 22 36 7 22 7 8 32 37 25 26 31 37 28 38 24 11 2 35 19 35 2 11 4 23 4 20 4 11 16 11 
5 11 6 11 24 38 34 15 30 9 16 2 16 9 40 29 40 13 40 18 27 18 33 14 39 34 28 37 31 17 34 39 
14 33 0 10 
==============================

====== Algorithm Status ======
Valor:                6012
Time:                 256007
nIter:                25999
Best Iter:            25999
Improvement Count:    25998
==============================
Solution tour: 
0 33 18 22 7 22 36 7 8 32 17 31 37 26 25 37 28 38 24 11 2 35 19 35 2 11 4 20 4 11 16 40 9 23 5 11 6 
5 6 11 24 38 34 15 30 9 16 2 16 9 40 29 40 13 40 18 27 18 33 14 39 34 15 28 37 31 17 32 34 39 
14 33 0 13 21 10 
==============================

====== Algorithm Status ======
Valor:                6059
Time:                 512012
nIter:                48892
Best Iter:            48892
Improvement Count:    48891
==============================
Solution tour: 
0 33 18 22 7 22 36 22 18 30 15 17 31 37 26 25 37 28 38 24 6 11 2 35 19 35 2 11 4 20 23 20 4 11 5 11 6 
5 6 24 11 24 38 34 15 30 9 16 2 16 9 40 29 40 13 40 18 27 18 33 14 39 34 15 28 37 31 17 32 34 39 
14 33 0 10 
==============================

====== Algorithm Status ======
Valor:                6059
Time:                 1024017
nIter:                94957
Best Iter:            94957
Improvement Count:    94958
==============================
Solution tour: 
0 33 18 22 7 22 36 22 18 30 15 17 31 37 26 25 37 28 38 24 6 11 2 35 19 35 2 11 4 20 23 20 4 11 5 11 6 
5 6 24 11 24 38 34 15 30 9 16 2 16 9 40 29 40 13 40 18 27 18 33 14 39 34 15 28 37 31 17 32 34 39 
14 33 0 10 
==============================

====== Algorithm Status ======
Valor:                6059
Time:                 1024017
nIter:                94957
Best Iter:            94957
Improvement Count:    94958
==============================
Solution tour: 
0 33 18 22 7 22 36 22 18 30 15 17 31 37 26 25 37 28 38 24 6 11 2 35 19 35 2 11 4 20 23 20 4 11 5 11 6 
5 6 24 11 24 38 34 15 30 9 16 2 16 9 40 29 40 13 40 18 27 18 33 14 39 34 15 28 37 31 17 32 34 39 
14 33 0 10 
==============================

