=========== Input ===========
File name:                ./instances/created-instances/mm-10-25-1917698.cdop
Total node count:         36
Truck node count:         10
Drone node count:         25
=============================

========== Settings ==========
Settings file:        ./settings/Memetic-LS_MMX_1287823.config
Seed:                 1287823
Reduction method:     -
Max iter:             1024000
Population size:      13
Crossover:            MA-MMX
Local Search:         -
Warm Start:           Mario_WS
==============================

====== Algorithm Status ======
Valor:                3821
Time:                 250
nIter:                352
Best Iter:            352
Improvement Count:    351
==============================
Solution tour: 
0 21 
4 30 4 17 16 30 27 28 
1 15 35 19 6 14 3 13 24 9 
6 27 30 
3 28 25 18 16 32 16 26 
9 30 
5 11 
2 11 5 34 23 
8 
7 29 12 21 33 21 
==============================

====== Algorithm Status ======
Valor:                3821
Time:                 501
nIter:                735
Best Iter:            735
Improvement Count:    734
==============================
Solution tour: 
0 21 
4 30 4 17 16 30 27 28 
1 15 35 19 6 14 3 13 24 9 
6 27 30 
3 28 25 18 16 32 16 26 
9 30 
5 11 
2 11 5 34 23 
8 
7 29 12 21 33 21 
==============================

====== Algorithm Status ======
Valor:                3881
Time:                 1000
nIter:                1433
Best Iter:            1433
Improvement Count:    1432
==============================
Solution tour: 
0 21 
4 30 4 17 16 30 27 28 
1 15 35 19 6 14 3 13 24 9 
6 27 30 28 25 18 16 32 16 26 
9 30 
5 11 
2 11 5 34 23 
8 
7 29 12 21 33 21 
==============================

====== Algorithm Status ======
Valor:                3946
Time:                 2000
nIter:                2930
Best Iter:            2930
Improvement Count:    2929
==============================
Solution tour: 
0 21 
4 30 4 17 16 30 27 
1 15 35 19 6 14 3 13 24 9 
6 27 30 28 25 18 16 32 16 26 
9 30 
5 11 
2 11 5 34 23 
8 
7 29 12 21 33 21 
==============================

====== Algorithm Status ======
Valor:                4003
Time:                 4000
nIter:                5509
Best Iter:            5509
Improvement Count:    5508
==============================
Solution tour: 
0 21 
4 17 4 30 16 30 27 
1 15 19 6 14 3 13 24 9 16 27 30 28 25 18 16 32 16 26 
9 30 
5 11 
2 11 5 34 23 
8 
7 29 12 21 33 21 
==============================

====== Algorithm Status ======
Valor:                4022
Time:                 8001
nIter:                10599
Best Iter:            10599
Improvement Count:    10598
==============================
Solution tour: 
0 21 
4 17 4 30 16 30 27 6 
1 15 19 6 14 3 13 3 13 24 9 16 27 30 28 25 18 16 32 16 26 
9 30 
5 11 
2 11 5 34 23 
8 
7 29 12 21 33 21 
==============================

====== Algorithm Status ======
Valor:                4083
Time:                 16000
nIter:                21579
Best Iter:            21579
Improvement Count:    21578
==============================
Solution tour: 
0 21 
4 17 4 30 16 30 27 
1 15 6 19 14 19 6 14 6 24 16 27 30 28 25 18 16 32 16 26 
5 11 
2 11 5 34 23 
8 
7 29 12 21 33 21 
==============================

====== Algorithm Status ======
Valor:                4216
Time:                 32000
nIter:                43244
Best Iter:            43244
Improvement Count:    43243
==============================
Solution tour: 
0 21 
4 17 4 30 16 30 27 
1 15 6 19 12 19 14 19 6 14 6 24 16 27 30 28 25 18 16 32 16 26 16 26 11 
2 11 5 34 5 34 23 
8 
7 29 21 33 21 
==============================

====== Algorithm Status ======
Valor:                4431
Time:                 64000
nIter:                87275
Best Iter:            87275
Improvement Count:    87274
==============================
Solution tour: 
0 21 
4 17 4 21 4 30 16 30 27 14 
1 15 6 19 12 19 14 19 6 35 6 14 6 16 24 16 27 30 28 25 18 16 32 16 26 16 26 11 
2 11 5 34 23 
8 29 12 29 21 33 21 
==============================

====== Algorithm Status ======
Valor:                4879
Time:                 128000
nIter:                164140
Best Iter:            164140
Improvement Count:    164139
==============================
Solution tour: 
0 21 
4 17 4 21 4 30 16 30 27 6 15 
1 15 6 19 12 19 29 19 6 35 6 14 6 27 30 24 16 18 25 28 30 28 25 18 16 32 16 26 16 24 
2 11 5 34 23 34 5 23 25 29 21 33 21 
==============================

====== Algorithm Status ======
Valor:                5008
Time:                 256000
nIter:                308191
Best Iter:            308191
Improvement Count:    308190
==============================
Solution tour: 
0 21 
4 17 4 21 4 30 16 30 27 6 35 15 
1 15 6 19 12 19 29 19 6 14 19 14 6 27 30 
9 24 16 18 25 28 30 28 25 18 16 32 16 26 16 24 
2 11 5 34 23 34 5 23 25 29 21 33 21 
==============================

====== Algorithm Status ======
Valor:                5008
Time:                 512000
nIter:                576322
Best Iter:            576322
Improvement Count:    576321
==============================
Solution tour: 
0 21 
4 17 4 21 4 30 16 30 27 6 35 15 
1 15 6 19 12 19 29 19 6 14 19 14 6 27 30 
9 24 16 18 25 28 30 28 25 18 16 32 16 26 16 24 
2 11 5 34 23 34 5 23 25 29 21 33 21 
==============================

====== Algorithm Status ======
Valor:                5048
Time:                 1024001
nIter:                1089071
Best Iter:            1089071
Improvement Count:    1089072
==============================
Solution tour: 
0 21 
4 17 4 21 4 21 4 30 16 30 27 6 35 15 
1 15 6 19 12 19 29 19 6 14 6 27 30 
9 24 16 18 25 28 30 28 25 18 16 32 16 26 16 24 
2 11 5 34 23 34 5 23 25 23 5 34 26 21 33 21 
==============================

====== Algorithm Status ======
Valor:                5048
Time:                 1024001
nIter:                1089071
Best Iter:            1089071
Improvement Count:    1089072
==============================
Solution tour: 
0 21 
4 17 4 21 4 21 4 30 16 30 27 6 35 15 
1 15 6 19 12 19 29 19 6 14 6 27 30 
9 24 16 18 25 28 30 28 25 18 16 32 16 26 16 24 
2 11 5 34 23 34 5 23 25 23 5 34 26 21 33 21 
==============================

