=========== Input ===========
File name:                ./instances/created-instances/mm-5-10-1891798.cdop
Total node count:         16
Truck node count:         5
Drone node count:         10
=============================

========== Settings ==========
Settings file:        ./settings/Memetic-LS_MMX_1881515.config
Seed:                 1881515
Reduction method:     -
Max iter:             1024000
Population size:      13
Crossover:            MA-MMX
Local Search:         -
Warm Start:           Mario_WS
==============================

====== Algorithm Status ======
Valor:                2691
Time:                 250
nIter:                1304
Best Iter:            1304
Improvement Count:    1303
==============================
Solution tour: 
0 15 9 8 13 8 2 6 8 4 8 6 10 8 6 14 12 14 1 2 1 
4 14 4 
3 4 
1 7 6 5 6 
2 0 2 10 2 10 6 
==============================

====== Algorithm Status ======
Valor:                2749
Time:                 500
nIter:                2655
Best Iter:            2655
Improvement Count:    2654
==============================
Solution tour: 
0 15 4 15 9 8 4 8 6 10 6 14 12 14 1 2 1 
4 14 4 
3 4 
1 7 6 5 6 
2 0 2 10 2 6 
==============================

====== Algorithm Status ======
Valor:                2822
Time:                 1000
nIter:                5195
Best Iter:            5195
Improvement Count:    5194
==============================
Solution tour: 
0 15 9 8 4 10 6 10 5 10 4 5 6 14 7 13 1 2 1 
4 14 4 
3 4 
1 12 6 5 6 
2 0 2 10 2 6 
==============================

====== Algorithm Status ======
Valor:                2907
Time:                 2000
nIter:                10241
Best Iter:            10241
Improvement Count:    10240
==============================
Solution tour: 
0 15 11 8 4 8 10 6 10 5 4 5 6 14 7 13 1 2 1 
4 14 4 
3 4 
1 12 14 6 
2 0 2 10 2 6 
==============================

====== Algorithm Status ======
Valor:                2907
Time:                 4000
nIter:                20843
Best Iter:            20843
Improvement Count:    20842
==============================
Solution tour: 
0 15 11 8 4 8 10 6 10 5 4 5 6 14 7 13 1 2 1 
4 14 4 
3 4 
1 12 14 6 
2 0 2 10 2 6 
==============================

====== Algorithm Status ======
Valor:                2959
Time:                 8000
nIter:                42616
Best Iter:            42616
Improvement Count:    42615
==============================
Solution tour: 
0 15 9 11 8 4 8 6 10 6 5 10 5 6 14 7 13 1 2 1 
4 14 4 
3 4 
1 12 14 6 
2 0 2 10 2 6 
==============================

====== Algorithm Status ======
Valor:                2967
Time:                 16000
nIter:                84558
Best Iter:            84558
Improvement Count:    84557
==============================
Solution tour: 
0 15 9 11 8 4 8 6 10 6 5 10 5 6 14 7 13 1 2 1 
4 14 4 
3 4 
1 14 12 14 6 
2 0 2 10 2 6 
==============================

====== Algorithm Status ======
Valor:                3056
Time:                 32000
nIter:                158053
Best Iter:            158053
Improvement Count:    158052
==============================
Solution tour: 
0 15 9 11 8 4 8 2 10 6 5 10 5 6 14 7 3 7 13 1 2 1 
4 14 4 
3 4 
1 12 14 6 
2 0 6 10 2 6 
==============================

====== Algorithm Status ======
Valor:                3056
Time:                 64000
nIter:                296506
Best Iter:            296506
Improvement Count:    296505
==============================
Solution tour: 
0 15 9 11 8 4 8 2 10 6 5 10 5 6 14 7 3 7 13 1 2 1 
4 14 4 
3 4 
1 12 14 6 
2 0 6 10 2 6 
==============================

====== Algorithm Status ======
Valor:                3056
Time:                 128000
nIter:                575482
Best Iter:            575482
Improvement Count:    575481
==============================
Solution tour: 
0 15 9 11 8 4 8 2 10 6 5 10 5 6 14 7 3 7 13 1 2 1 
4 14 4 
3 4 
1 12 14 6 
2 0 6 10 2 6 
==============================

====== Algorithm Status ======
Valor:                3056
Time:                 256000
nIter:                1131056
Best Iter:            1131056
Improvement Count:    1131055
==============================
Solution tour: 
0 15 9 11 8 4 8 2 10 6 5 10 5 6 14 7 3 7 13 1 2 1 
4 14 4 
3 4 
1 12 14 6 
2 0 6 10 2 6 
==============================

====== Algorithm Status ======
Valor:                3056
Time:                 512000
nIter:                2253028
Best Iter:            2253028
Improvement Count:    2253027
==============================
Solution tour: 
0 15 9 11 8 4 8 2 10 6 5 10 5 6 14 7 3 7 13 1 2 1 
4 14 4 
3 4 
1 12 14 6 
2 0 6 10 2 6 
==============================

====== Algorithm Status ======
Valor:                3056
Time:                 1024001
nIter:                4488479
Best Iter:            4488479
Improvement Count:    4488480
==============================
Solution tour: 
0 15 9 11 8 4 8 2 10 6 5 10 5 6 14 7 3 7 13 1 2 1 
4 14 4 
3 4 
1 12 14 6 
2 0 6 10 2 6 
==============================

====== Algorithm Status ======
Valor:                3056
Time:                 1024001
nIter:                4488479
Best Iter:            4488479
Improvement Count:    4488480
==============================
Solution tour: 
0 15 9 11 8 4 8 2 10 6 5 10 5 6 14 7 3 7 13 1 2 1 
4 14 4 
3 4 
1 12 14 6 
2 0 6 10 2 6 
==============================

