=========== Input ===========
File name:                ./instances/created-instances/mm-10-10-1762875.cdop
Total node count:         21
Truck node count:         10
Drone node count:         10
=============================

========== Settings ==========
Settings file:        ./settings/Memetic_MPX_1881515.config
Seed:                 1881515
Reduction method:     -
Max iter:             1024000
Population size:      13
Crossover:            MA-MPX
Local Search:         LS
Warm Start:           Mario_WS
==============================

====== Algorithm Status ======
Valor:                2634
Time:                 251
nIter:                117
Best Iter:            117
Improvement Count:    116
==============================
Solution tour: 
0 16 12 16 
1 19 15 
4 14 7 9 
2 5 13 6 0 
10 1 10 19 3 15 
3 11 
8 2 
9 
7 16 20 16 7 6 17 
6 13 5 
==============================

====== Algorithm Status ======
Valor:                2749
Time:                 502
nIter:                222
Best Iter:            222
Improvement Count:    221
==============================
Solution tour: 
0 10 0 7 16 12 19 
1 10 19 10 8 11 3 15 18 
7 6 17 6 
9 7 18 15 
3 11 
8 15 19 
10 1 19 12 16 20 3 
4 14 7 9 
2 13 5 13 6 13 
==============================

====== Algorithm Status ======
Valor:                2749
Time:                 1001
nIter:                425
Best Iter:            425
Improvement Count:    424
==============================
Solution tour: 
0 10 0 7 16 12 19 
1 10 19 10 8 11 3 15 18 
7 6 17 6 
9 7 18 15 
3 11 
8 15 19 
10 1 19 12 16 20 3 
4 14 7 9 
2 13 5 13 6 13 
==============================

====== Algorithm Status ======
Valor:                2749
Time:                 2000
nIter:                830
Best Iter:            830
Improvement Count:    829
==============================
Solution tour: 
0 10 0 7 16 12 19 
1 10 19 10 8 11 3 15 18 
7 6 17 6 
9 7 18 15 
3 11 
8 15 19 
10 1 19 12 16 20 3 
4 14 7 9 
2 13 5 13 6 13 
==============================

====== Algorithm Status ======
Valor:                2749
Time:                 4000
nIter:                1715
Best Iter:            1715
Improvement Count:    1714
==============================
Solution tour: 
0 10 0 7 16 12 19 
1 10 19 10 8 11 3 15 18 
7 6 17 6 
9 7 18 15 
3 11 
8 15 19 
10 1 19 12 16 20 3 
4 14 7 9 
2 13 5 13 6 13 
==============================

====== Algorithm Status ======
Valor:                2749
Time:                 8000
nIter:                3460
Best Iter:            3460
Improvement Count:    3459
==============================
Solution tour: 
0 10 0 7 16 12 19 
1 10 19 10 8 11 3 15 18 
7 6 17 6 
9 7 18 15 
3 11 
8 15 19 
10 1 19 12 16 20 3 
4 14 7 9 
2 13 5 13 6 13 
==============================

====== Algorithm Status ======
Valor:                2749
Time:                 16001
nIter:                6946
Best Iter:            6946
Improvement Count:    6945
==============================
Solution tour: 
0 10 0 7 16 12 19 
1 10 19 10 8 11 3 15 18 
7 6 17 6 
9 7 18 15 
3 11 
8 15 19 
10 1 19 12 16 20 3 
4 14 7 9 
2 13 5 13 6 13 
==============================

====== Algorithm Status ======
Valor:                2754
Time:                 32001
nIter:                13666
Best Iter:            13666
Improvement Count:    13665
==============================
Solution tour: 
0 10 0 16 12 19 
1 10 19 10 8 11 3 15 18 
7 6 13 6 17 6 
9 7 18 15 
3 11 
8 15 19 
10 1 19 12 16 15 3 
4 14 7 9 0 5 13 
5 1 5 
==============================

====== Algorithm Status ======
Valor:                2816
Time:                 64002
nIter:                27865
Best Iter:            27865
Improvement Count:    27864
==============================
Solution tour: 
0 5 13 
6 13 0 13 
5 1 16 12 19 1 19 13 
2 13 19 10 
1 
10 0 10 19 12 16 7 
9 7 18 15 
4 3 15 3 11 
8 11 14 
7 6 17 6 
==============================

====== Algorithm Status ======
Valor:                2816
Time:                 128001
nIter:                57145
Best Iter:            57145
Improvement Count:    57144
==============================
Solution tour: 
0 5 13 
6 13 0 13 
5 1 16 12 19 1 19 13 
2 13 19 10 
1 
10 0 10 19 12 16 7 
9 7 18 15 
4 3 15 3 11 
8 11 14 
7 6 17 6 
==============================

====== Algorithm Status ======
Valor:                2842
Time:                 256000
nIter:                115510
Best Iter:            115510
Improvement Count:    115509
==============================
Solution tour: 
0 10 19 12 16 12 19 
1 
10 1 5 13 5 0 7 16 7 
9 7 18 15 3 15 
4 3 11 
8 11 14 
7 6 17 6 13 
6 0 
5 1 19 13 19 10 
==============================

====== Algorithm Status ======
Valor:                2844
Time:                 512002
nIter:                230667
Best Iter:            230667
Improvement Count:    230666
==============================
Solution tour: 
0 10 19 12 16 12 19 
1 19 
10 1 5 13 6 0 7 16 7 
9 7 18 15 3 15 
4 3 11 
8 11 14 
7 6 17 6 13 
2 13 19 13 
5 1 10 
==============================

====== Algorithm Status ======
Valor:                2862
Time:                 1024002
nIter:                450212
Best Iter:            450212
Improvement Count:    450213
==============================
Solution tour: 
0 10 19 10 12 16 12 1 19 13 
5 1 
10 1 5 13 6 0 7 16 7 9 2 
9 7 18 15 3 15 
4 3 11 
8 11 14 
7 6 17 6 13 
==============================

====== Algorithm Status ======
Valor:                2862
Time:                 1024002
nIter:                450212
Best Iter:            450212
Improvement Count:    450213
==============================
Solution tour: 
0 10 19 10 12 16 12 1 19 13 
5 1 
10 1 5 13 6 0 7 16 7 9 2 
9 7 18 15 3 15 
4 3 11 
8 11 14 
7 6 17 6 13 
==============================

