=========== Input ===========
File name:                ./instances/created-instances/mm-5-10-1891798.cdop
Total node count:         16
Truck node count:         5
Drone node count:         10
=============================

========== Settings ==========
Settings file:        ./settings/Memetic_MPX_1099666.config
Seed:                 1099666
Reduction method:     -
Max iter:             1024000
Population size:      13
Crossover:            MA-MPX
Local Search:         LS
Warm Start:           Mario_WS
==============================

====== Algorithm Status ======
Valor:                3084
Time:                 250
nIter:                180
Best Iter:            180
Improvement Count:    179
==============================
Solution tour: 
0 15 0 6 14 12 14 4 8 4 1 13 6 2 0 2 
1 4 
3 7 3 1 2 6 10 11 
2 10 2 10 5 
4 5 10 6 
5 6 
==============================

====== Algorithm Status ======
Valor:                3092
Time:                 500
nIter:                326
Best Iter:            326
Improvement Count:    325
==============================
Solution tour: 
0 15 0 6 14 12 14 4 8 4 1 13 6 2 0 2 
1 4 
3 7 3 7 1 2 6 10 11 
2 10 2 10 5 6 5 
4 5 10 6 
==============================

====== Algorithm Status ======
Valor:                3092
Time:                 1001
nIter:                629
Best Iter:            629
Improvement Count:    628
==============================
Solution tour: 
0 15 0 6 14 12 14 4 8 4 1 13 6 2 0 2 
1 4 
3 7 3 7 1 2 6 10 11 
2 10 2 10 5 6 5 
4 5 10 6 
==============================

====== Algorithm Status ======
Valor:                3150
Time:                 2000
nIter:                1188
Best Iter:            1188
Improvement Count:    1187
==============================
Solution tour: 
0 15 0 6 14 12 14 4 8 4 1 13 7 6 2 0 2 
1 4 
3 7 3 1 2 6 10 2 11 9 
2 10 5 6 5 
4 5 10 6 
==============================

====== Algorithm Status ======
Valor:                3150
Time:                 4000
nIter:                2238
Best Iter:            2238
Improvement Count:    2237
==============================
Solution tour: 
0 15 0 6 14 12 14 4 8 4 1 13 7 6 2 0 2 
1 4 
3 7 3 1 2 6 10 2 11 9 
2 10 5 6 5 
4 5 10 6 
==============================

====== Algorithm Status ======
Valor:                3150
Time:                 8004
nIter:                4387
Best Iter:            4387
Improvement Count:    4386
==============================
Solution tour: 
0 15 0 6 14 12 14 4 8 4 1 13 7 6 2 0 2 
1 4 
3 7 3 1 2 6 10 2 11 9 
2 10 5 6 5 
4 5 10 6 
==============================

====== Algorithm Status ======
Valor:                3150
Time:                 16000
nIter:                8775
Best Iter:            8775
Improvement Count:    8774
==============================
Solution tour: 
0 15 0 6 14 12 14 4 8 4 1 13 7 6 2 0 2 
1 4 
3 7 3 1 2 6 10 2 11 9 
2 10 5 6 5 
4 5 10 6 
==============================

====== Algorithm Status ======
Valor:                3150
Time:                 32001
nIter:                17451
Best Iter:            17451
Improvement Count:    17450
==============================
Solution tour: 
0 15 0 6 14 12 14 4 8 4 1 13 7 6 2 0 2 
1 4 
3 7 3 1 2 6 10 2 11 9 
2 10 5 6 5 
4 5 10 6 
==============================

====== Algorithm Status ======
Valor:                3193
Time:                 64000
nIter:                35221
Best Iter:            35221
Improvement Count:    35220
==============================
Solution tour: 
0 15 0 6 4 14 12 14 4 8 4 6 2 0 2 
1 4 
3 7 3 4 1 13 1 2 6 10 2 11 9 
2 10 5 6 5 
4 5 10 6 
==============================

====== Algorithm Status ======
Valor:                3198
Time:                 128000
nIter:                70347
Best Iter:            70347
Improvement Count:    70346
==============================
Solution tour: 
0 15 0 6 5 4 14 12 14 4 8 2 6 2 0 2 
1 4 
3 7 3 4 1 13 1 2 10 6 10 2 11 9 8 
4 5 10 5 6 
==============================

====== Algorithm Status ======
Valor:                3198
Time:                 256001
nIter:                137290
Best Iter:            137290
Improvement Count:    137289
==============================
Solution tour: 
0 15 0 6 5 4 14 12 14 4 8 2 6 2 0 2 
1 4 
3 7 3 4 1 13 1 2 10 6 10 2 11 9 8 
4 5 10 5 6 
==============================

====== Algorithm Status ======
Valor:                3198
Time:                 512000
nIter:                272344
Best Iter:            272344
Improvement Count:    272343
==============================
Solution tour: 
0 15 0 6 5 4 14 12 14 4 8 2 6 2 0 2 
1 4 
3 7 3 4 1 13 1 2 10 6 10 2 11 9 8 
4 5 10 5 6 
==============================

====== Algorithm Status ======
Valor:                3198
Time:                 1024001
nIter:                538808
Best Iter:            538808
Improvement Count:    538809
==============================
Solution tour: 
0 15 0 6 5 4 14 12 14 4 8 2 6 2 0 2 
1 4 
3 7 3 4 1 13 1 2 10 6 10 2 11 9 8 
4 5 10 5 6 
==============================

====== Algorithm Status ======
Valor:                3198
Time:                 1024001
nIter:                538808
Best Iter:            538808
Improvement Count:    538809
==============================
Solution tour: 
0 15 0 6 5 4 14 12 14 4 8 2 6 2 0 2 
1 4 
3 7 3 4 1 13 1 2 10 6 10 2 11 9 8 
4 5 10 5 6 
==============================

