=========== Input ===========
File name:                ./instances/created-instances/mm-10-25-1891798.cdop
Total node count:         36
Truck node count:         10
Drone node count:         25
=============================

========== Settings ==========
Settings file:        ./settings/Memetic-LS_MMX_1287823.config
Seed:                 1287823
Reduction method:     -
Max iter:             1024000
Population size:      13
Crossover:            MA-MMX
Local Search:         -
Warm Start:           Mario_WS
==============================

====== Algorithm Status ======
Valor:                5250
Time:                 250
nIter:                372
Best Iter:            372
Improvement Count:    371
==============================
Solution tour: 
0 7 35 
7 18 33 18 29 8 32 22 32 
8 20 29 
5 19 16 19 11 
6 23 1 14 17 
3 13 3 17 14 
1 23 
4 12 4 19 
9 19 26 34 27 15 24 15 25 15 
2 6 11 12 21 12 24 31 8 
==============================

====== Algorithm Status ======
Valor:                5250
Time:                 500
nIter:                713
Best Iter:            713
Improvement Count:    712
==============================
Solution tour: 
0 7 35 
7 18 33 18 29 8 32 22 32 
8 20 29 
5 19 16 19 11 
6 23 1 14 17 
3 13 3 17 14 
1 23 
4 12 4 19 
9 19 26 34 27 15 24 15 25 15 
2 6 11 12 21 12 24 31 8 
==============================

====== Algorithm Status ======
Valor:                5250
Time:                 1000
nIter:                1450
Best Iter:            1450
Improvement Count:    1449
==============================
Solution tour: 
0 7 35 
7 18 33 18 29 8 32 22 32 
8 20 29 
5 19 16 19 11 
6 23 1 14 17 
3 13 3 17 14 
1 23 
4 12 4 19 
9 19 26 34 27 15 24 15 25 15 
2 6 11 12 21 12 24 31 8 
==============================

====== Algorithm Status ======
Valor:                5250
Time:                 2000
nIter:                2888
Best Iter:            2888
Improvement Count:    2887
==============================
Solution tour: 
0 7 35 
7 18 33 18 29 8 32 22 32 
8 20 29 
5 19 16 19 11 
6 23 1 14 17 
3 13 3 17 14 
1 23 
4 12 4 19 
9 19 26 34 27 15 24 15 25 15 
2 6 11 12 21 12 24 31 8 
==============================

====== Algorithm Status ======
Valor:                5305
Time:                 4000
nIter:                5701
Best Iter:            5701
Improvement Count:    5700
==============================
Solution tour: 
0 35 7 35 
7 18 33 18 29 8 32 22 32 
8 20 29 
5 19 16 19 11 
6 23 1 14 17 
3 13 3 17 14 
1 23 
4 12 4 19 
9 19 26 34 27 15 24 15 25 15 
2 6 11 12 21 12 24 31 8 
==============================

====== Algorithm Status ======
Valor:                5305
Time:                 8000
nIter:                11475
Best Iter:            11475
Improvement Count:    11474
==============================
Solution tour: 
0 35 7 35 
7 18 33 18 29 8 32 22 32 
8 20 29 
5 19 16 19 11 
6 23 1 14 17 
3 13 3 17 14 
1 23 
4 12 4 19 
9 19 26 34 27 15 24 15 25 15 
2 6 11 12 21 12 24 31 8 
==============================

====== Algorithm Status ======
Valor:                5305
Time:                 16000
nIter:                22894
Best Iter:            22894
Improvement Count:    22893
==============================
Solution tour: 
0 35 7 35 
7 18 33 18 29 8 32 22 32 
8 20 29 
5 19 16 19 11 
6 23 1 14 17 
3 13 3 17 14 
1 23 
4 12 4 19 
9 19 26 34 27 15 24 15 25 15 
2 6 11 12 21 12 24 31 8 
==============================

====== Algorithm Status ======
Valor:                5305
Time:                 32002
nIter:                45653
Best Iter:            45653
Improvement Count:    45652
==============================
Solution tour: 
0 35 7 35 
7 18 33 18 29 8 32 22 32 
8 20 29 
5 19 16 19 11 
6 23 1 14 17 
3 13 3 17 14 
1 23 
4 12 4 19 
9 19 26 34 27 15 24 15 25 15 
2 6 11 12 21 12 24 31 8 
==============================

====== Algorithm Status ======
Valor:                5305
Time:                 64000
nIter:                91157
Best Iter:            91157
Improvement Count:    91156
==============================
Solution tour: 
0 35 7 35 
7 18 33 18 29 8 32 22 32 
8 20 29 
5 19 16 19 11 
6 23 1 14 17 
3 13 3 17 14 
1 23 
4 12 4 19 
9 19 26 34 27 15 24 15 25 15 
2 6 11 12 21 12 24 31 8 
==============================

====== Algorithm Status ======
Valor:                5305
Time:                 128001
nIter:                182708
Best Iter:            182708
Improvement Count:    182707
==============================
Solution tour: 
0 35 7 35 
7 18 33 18 29 8 32 22 32 
8 20 29 
5 19 16 19 11 
6 23 1 14 17 
3 13 3 17 14 
1 23 
4 12 4 19 
9 19 26 34 27 15 24 15 25 15 
2 6 11 12 21 12 24 31 8 
==============================

====== Algorithm Status ======
Valor:                5342
Time:                 256000
nIter:                365478
Best Iter:            365478
Improvement Count:    365477
==============================
Solution tour: 
0 35 7 35 
7 18 33 18 29 8 32 22 32 
8 20 29 
5 19 16 19 11 
6 23 1 3 17 
3 13 14 17 14 
1 23 
4 12 4 19 
9 19 26 34 27 15 24 15 25 15 
2 6 11 12 21 12 24 31 8 
==============================

====== Algorithm Status ======
Valor:                5461
Time:                 512000
nIter:                715635
Best Iter:            715635
Improvement Count:    715634
==============================
Solution tour: 
0 35 7 35 
7 18 33 18 8 20 8 32 22 32 
8 29 23 19 16 11 
6 23 1 3 17 
3 13 14 17 14 
1 23 
4 28 4 19 
9 19 2 19 2 34 26 27 15 24 15 25 15 
2 6 11 12 21 12 24 31 29 
==============================

====== Algorithm Status ======
Valor:                5539
Time:                 1024004
nIter:                1388145
Best Iter:            1388145
Improvement Count:    1388146
==============================
Solution tour: 
0 35 7 35 
7 18 33 18 8 20 8 32 22 32 
8 29 23 19 16 19 11 
6 23 1 3 17 
3 13 14 17 14 
1 23 4 19 
9 19 2 19 34 26 27 15 24 15 25 15 
2 6 11 4 12 24 12 21 12 21 24 31 29 
==============================

====== Algorithm Status ======
Valor:                5539
Time:                 1024004
nIter:                1388145
Best Iter:            1388145
Improvement Count:    1388146
==============================
Solution tour: 
0 35 7 35 
7 18 33 18 8 20 8 32 22 32 
8 29 23 19 16 19 11 
6 23 1 3 17 
3 13 14 17 14 
1 23 4 19 
9 19 2 19 34 26 27 15 24 15 25 15 
2 6 11 4 12 24 12 21 12 21 24 31 29 
==============================

