=========== Input ===========
File name:                ./instances/created-instances/mm-10-40-1891798.cdop
Total node count:         51
Truck node count:         10
Drone node count:         40
=============================

========== Settings ==========
Settings file:        ./settings/Memetic_MMX_1881515.config
Seed:                 1881515
Reduction method:     -
Max iter:             1000
Population size:      13
Crossover:            MA-MMX
Local Search:         LS
==============================

====== Algorithm Status ======
Valor:                6099
Time:                 255
nIter:                19
Best Iter:            19
Improvement Count:    18
==============================
Solution tour: 
0 19 28 19 26 4 43 23 19 49 41 49 20 45 16 2 14 44 1 44 43 11 43 4 14 
3 13 36 13 21 17 25 24 25 38 29 8 32 22 34 48 40 42 
9 46 29 33 31 33 27 12 30 24 15 37 46 9 2 23 4 23 6 19 
==============================

====== Algorithm Status ======
Valor:                6235
Time:                 501
nIter:                37
Best Iter:            37
Improvement Count:    36
==============================
Solution tour: 
0 19 28 19 26 23 4 23 6 19 49 41 49 20 45 20 50 44 1 11 43 4 43 11 1 44 14 
3 13 36 30 12 21 17 25 24 25 31 33 38 29 8 32 22 34 49 39 48 40 42 
9 46 9 43 23 4 24 30 36 13 27 6 23 43 11 46 29 46 19 
==============================

====== Algorithm Status ======
Valor:                6444
Time:                 1005
nIter:                81
Best Iter:            81
Improvement Count:    82
==============================
Solution tour: 
0 26 18 38 5 19 11 1 14 1 28 16 28 1 17 14 1 44 1 50 2 39 41 49 22 34 48 40 42 9 11 19 20 19 6 23 4 2 
9 46 29 46 9 11 43 11 29 33 31 33 27 12 21 13 36 30 24 25 24 15 37 23 43 4 43 23 6 19 5 32 8 32 22 45 0 35 7 35 
==============================

====== Algorithm Status ======
Valor:                6444
Time:                 1005
nIter:                81
Best Iter:            81
Improvement Count:    82
==============================
Solution tour: 
0 26 18 38 5 19 11 1 14 1 28 16 28 1 17 14 1 44 1 50 2 39 41 49 22 34 48 40 42 9 11 19 20 19 6 23 4 2 
9 46 29 46 9 11 43 11 29 33 31 33 27 12 21 13 36 30 24 25 24 15 37 23 43 4 43 23 6 19 5 32 8 32 22 45 0 35 7 35 
==============================

