=========== Input ===========
File name:                ./instances/created-instances/mm-15-25-1767920.cdop
Total node count:         41
Truck node count:         15
Drone node count:         25
=============================

========== Settings ==========
Settings file:        ./settings/Memetic_MPX_1881515.config
Seed:                 1881515
Reduction method:     -
Max iter:             1000
Population size:      13
Crossover:            MA-MPX
Local Search:         LS
==============================

====== Algorithm Status ======
Valor:                4639
Time:                 253
nIter:                30
Best Iter:            30
Improvement Count:    29
==============================
Solution tour: 
0 31 0 20 26 20 
15 27 34 
13 
14 32 27 10 15 10 28 16 9 27 
9 16 32 16 17 
11 17 16 28 
10 19 22 33 22 38 34 40 24 
8 37 29 35 36 35 18 
4 21 4 7 23 25 
5 
2 7 
12 8 
7 6 
3 1 20 1 17 
1 28 
6 40 34 38 
==============================

====== Algorithm Status ======
Valor:                4661
Time:                 503
nIter:                57
Best Iter:            57
Improvement Count:    56
==============================
Solution tour: 
0 31 0 20 26 20 
15 27 34 
13 
14 32 27 10 15 10 28 16 9 27 
9 16 32 16 17 
11 17 16 28 
10 19 22 33 22 38 34 40 24 
8 37 29 35 36 35 18 
4 21 4 7 23 7 25 
5 
2 7 
12 8 
7 6 
3 1 20 1 17 
1 28 
==============================

====== Algorithm Status ======
Valor:                4687
Time:                 1017
nIter:                110
Best Iter:            110
Improvement Count:    111
==============================
Solution tour: 
0 37 14 29 35 4 18 
4 21 4 7 23 25 
5 8 17 
7 31 0 
8 12 
11 17 20 33 19 22 33 20 1 17 
1 17 16 
9 27 9 28 
10 28 16 28 1 20 13 
14 
13 24 
12 40 
15 40 34 
6 7 6 
3 9 16 32 20 26 20 
==============================

====== Algorithm Status ======
Valor:                4687
Time:                 1017
nIter:                110
Best Iter:            110
Improvement Count:    111
==============================
Solution tour: 
0 37 14 29 35 4 18 
4 21 4 7 23 25 
5 8 17 
7 31 0 
8 12 
11 17 20 33 19 22 33 20 1 17 
1 17 16 
9 27 9 28 
10 28 16 28 1 20 13 
14 
13 24 
12 40 
15 40 34 
6 7 6 
3 9 16 32 20 26 20 
==============================

