=========== Input ===========
File name:                ./instances/created-instances/mm-10-40-1767920.cdop
Total node count:         51
Truck node count:         10
Drone node count:         40
=============================

========== Settings ==========
Settings file:        ./settings/Memetic_MMX_1099666.config
Seed:                 1099666
Reduction method:     -
Max iter:             1000
Population size:      13
Crossover:            MA-MMX
Local Search:         LS
==============================

====== Algorithm Status ======
Valor:                6093
Time:                 265
nIter:                13
Best Iter:            13
Improvement Count:    12
==============================
Solution tour: 
0 39 42 45 42 45 22 24 46 24 38 47 7 41 20 43 20 31 26 14 10 31 3 31 14 31 1 49 25 48 30 39 18 11 23 17 13 23 25 23 19 23 13 
3 27 3 23 11 19 45 15 34 43 34 35 43 35 12 36 37 0 37 48 49 1 3 31 14 3 25 41 
6 9 26 9 10 14 10 9 44 9 26 9 14 9 44 1 33 39 
==============================

====== Algorithm Status ======
Valor:                6711
Time:                 514
nIter:                26
Best Iter:            26
Improvement Count:    25
==============================
Solution tour: 
0 39 19 42 45 22 24 46 24 38 47 24 38 47 7 20 17 32 50 37 36 17 20 45 42 39 33 
3 27 3 25 23 11 19 12 45 28 34 43 34 35 43 35 15 20 41 37 0 37 48 25 13 18 11 23 25 1 49 1 48 21 32 30 32 31 26 9 14 31 3 1 25 3 31 14 9 10 9 26 
6 44 1 33 39 
==============================

====== Algorithm Status ======
Valor:                6183
Time:                 1016
nIter:                54
Best Iter:            54
Improvement Count:    55
==============================
Solution tour: 
0 39 19 23 36 42 45 22 24 46 24 22 16 17 20 45 42 39 33 
3 27 3 25 23 19 11 19 45 34 43 34 35 43 35 15 20 37 0 37 48 25 13 18 1 48 21 32 33 39 13 23 11 23 41 8 19 41 19 45 8 25 3 26 9 14 31 14 9 
10 9 26 31 44 1 49 1 25 18 50 37 25 1 
==============================

====== Algorithm Status ======
Valor:                6183
Time:                 1016
nIter:                54
Best Iter:            54
Improvement Count:    55
==============================
Solution tour: 
0 39 19 23 36 42 45 22 24 46 24 22 16 17 20 45 42 39 33 
3 27 3 25 23 19 11 19 45 34 43 34 35 43 35 15 20 37 0 37 48 25 13 18 1 48 21 32 33 39 13 23 11 23 41 8 19 41 19 45 8 25 3 26 9 14 31 14 9 
10 9 26 31 44 1 49 1 25 18 50 37 25 1 
==============================

