=========== Input ===========
File name:                ./instances/created-instances/mm-15-10-1762875.cdop
Total node count:         26
Truck node count:         15
Drone node count:         10
=============================

========== Settings ==========
Settings file:        ./settings/Memetic_MPX_1881515.config
Seed:                 1881515
Reduction method:     -
Max iter:             1000
Population size:      13
Crossover:            MA-MPX
Local Search:         LS
==============================

====== Algorithm Status ======
Valor:                3290
Time:                 250
nIter:                84
Best Iter:            84
Improvement Count:    83
==============================
Solution tour: 
0 5 20 
15 20 17 8 19 9 
6 5 
13 9 19 
8 12 21 17 
11 17 21 
12 19 23 19 25 20 24 
1 17 10 
5 16 5 
14 10 17 20 18 
3 11 18 20 9 13 5 
==============================

====== Algorithm Status ======
Valor:                3290
Time:                 501
nIter:                156
Best Iter:            156
Improvement Count:    155
==============================
Solution tour: 
0 5 20 
15 20 17 8 19 9 
6 5 
13 9 19 
8 12 21 17 
11 17 21 
12 19 23 19 25 20 24 
1 17 10 
5 16 5 
14 10 17 20 18 
3 11 18 20 9 13 5 
==============================

====== Algorithm Status ======
Valor:                3290
Time:                 1003
nIter:                300
Best Iter:            300
Improvement Count:    301
==============================
Solution tour: 
0 5 20 
15 20 17 8 19 9 
6 5 
13 9 19 
8 12 21 17 
11 17 21 
12 19 23 19 25 20 24 
1 17 10 
5 16 5 
14 10 17 20 18 
3 11 18 20 9 13 5 
==============================

====== Algorithm Status ======
Valor:                3290
Time:                 1003
nIter:                300
Best Iter:            300
Improvement Count:    301
==============================
Solution tour: 
0 5 20 
15 20 17 8 19 9 
6 5 
13 9 19 
8 12 21 17 
11 17 21 
12 19 23 19 25 20 24 
1 17 10 
5 16 5 
14 10 17 20 18 
3 11 18 20 9 13 5 
==============================

