=========== Input ===========
File name:                ./instances/created-instances/mm-25-10-1917698.cdop
Total node count:         36
Truck node count:         25
Drone node count:         10
=============================

========== Settings ==========
Settings file:        ./settings/Memetic_MPX_1881515.config
Seed:                 1881515
Reduction method:     -
Max iter:             1000
Population size:      13
Crossover:            MA-MPX
Local Search:         LS
==============================

====== Algorithm Status ======
Valor:                3806
Time:                 254
nIter:                46
Best Iter:            46
Improvement Count:    45
==============================
Solution tour: 
0 26 2 
18 2 26 0 29 0 19 
17 19 4 29 31 14 3 25 
1 13 17 13 
14 3 15 35 
9 31 9 0 9 
12 34 
6 
16 
23 22 1 
25 
19 31 6 18 
5 24 30 5 30 28 33 28 32 28 32 9 
15 
3 14 
13 
10 13 17 13 31 3 26 
==============================

====== Algorithm Status ======
Valor:                3827
Time:                 504
nIter:                92
Best Iter:            92
Improvement Count:    91
==============================
Solution tour: 
0 26 2 26 0 26 29 31 3 
6 22 23 
16 23 22 
1 22 6 34 33 28 32 28 30 24 30 
5 30 8 
11 8 29 0 26 2 26 
3 35 
9 31 14 
13 
17 19 
7 
8 0 29 4 3 31 
4 19 17 13 
10 13 
14 3 14 31 29 18 2 
==============================

====== Algorithm Status ======
Valor:                3827
Time:                 1002
nIter:                179
Best Iter:            179
Improvement Count:    180
==============================
Solution tour: 
0 26 2 26 0 26 29 31 3 
6 22 23 
16 23 22 
1 22 6 34 33 28 32 28 30 24 30 
5 30 8 
11 8 29 0 26 2 26 
3 35 
9 31 14 
13 
17 19 
7 
8 0 29 4 3 31 
4 19 17 13 
10 13 
14 3 14 31 29 18 2 
==============================

====== Algorithm Status ======
Valor:                3827
Time:                 1002
nIter:                179
Best Iter:            179
Improvement Count:    180
==============================
Solution tour: 
0 26 2 26 0 26 29 31 3 
6 22 23 
16 23 22 
1 22 6 34 33 28 32 28 30 24 30 
5 30 8 
11 8 29 0 26 2 26 
3 35 
9 31 14 
13 
17 19 
7 
8 0 29 4 3 31 
4 19 17 13 
10 13 
14 3 14 31 29 18 2 
==============================

