=========== Input ===========
File name:                ./instances/created-instances/mm-25-10-1767920.cdop
Total node count:         36
Truck node count:         25
Drone node count:         10
=============================

========== Settings ==========
Settings file:        ./settings/Memetic_MMX_1881515.config
Seed:                 1881515
Reduction method:     -
Max iter:             1000
Population size:      13
Crossover:            MA-MMX
Local Search:         LS
==============================

====== Algorithm Status ======
Valor:                3927
Time:                 255
nIter:                37
Best Iter:            37
Improvement Count:    36
==============================
Solution tour: 
0 17 8 24 19 34 7 2 7 
8 35 33 35 13 
20 14 13 17 22 26 22 
9 21 9 16 1 3 1 8 27 9 27 11 27 24 27 11 30 26 28 5 
7 14 20 8 7 34 32 31 29 22 17 
==============================

====== Algorithm Status ======
Valor:                4033
Time:                 500
nIter:                71
Best Iter:            71
Improvement Count:    70
==============================
Solution tour: 
0 17 8 24 27 11 27 24 19 24 1 16 3 16 1 6 24 32 34 7 2 7 8 17 13 35 
8 35 33 35 13 20 14 29 31 11 30 11 8 1 3 10 15 10 3 1 8 27 11 24 6 16 6 13 17 0 22 17 25 
==============================

====== Algorithm Status ======
Valor:                4033
Time:                 1002
nIter:                149
Best Iter:            149
Improvement Count:    150
==============================
Solution tour: 
0 17 8 24 27 11 27 24 19 24 1 16 3 16 1 6 24 32 34 7 2 7 8 17 13 35 
8 35 33 35 13 20 14 29 31 11 30 11 8 1 3 10 15 10 3 1 8 27 11 24 6 16 6 13 17 0 22 17 25 
==============================

====== Algorithm Status ======
Valor:                4033
Time:                 1002
nIter:                149
Best Iter:            149
Improvement Count:    150
==============================
Solution tour: 
0 17 8 24 27 11 27 24 19 24 1 16 3 16 1 6 24 32 34 7 2 7 8 17 13 35 
8 35 33 35 13 20 14 29 31 11 30 11 8 1 3 10 15 10 3 1 8 27 11 24 6 16 6 13 17 0 22 17 25 
==============================

