=========== Input ===========
File name:                ./instances/created-instances/mm-25-10-1917698.cdop
Total node count:         36
Truck node count:         25
Drone node count:         10
=============================

========== Settings ==========
Settings file:        ./settings/Memetic_MPX_1287823.config
Seed:                 1287823
Reduction method:     -
Max iter:             1000
Population size:      13
Crossover:            MA-MPX
Local Search:         LS
==============================

====== Algorithm Status ======
Valor:                3706
Time:                 250
nIter:                48
Best Iter:            48
Improvement Count:    47
==============================
Solution tour: 
0 29 0 
8 2 26 2 18 
2 20 0 28 32 33 12 35 
4 35 9 32 28 
12 34 28 33 28 32 28 30 
24 30 5 24 5 
21 5 30 28 33 32 9 
3 14 31 29 
20 29 31 
9 31 35 14 3 14 25 13 
10 13 
14 31 14 3 
6 34 33 9 3 
25 17 13 
17 19 0 26 
==============================

====== Algorithm Status ======
Valor:                3931
Time:                 501
nIter:                90
Best Iter:            90
Improvement Count:    89
==============================
Solution tour: 
0 29 0 26 3 
18 2 26 0 28 0 
20 29 4 35 34 6 22 23 
16 23 
22 
1 13 17 
19 
15 3 31 14 13 
10 13 
17 13 
14 3 14 31 
9 31 29 0 
2 35 28 30 24 
5 30 28 32 28 33 28 32 9 
12 34 12 35 3 25 
3 26 2 
==============================

====== Algorithm Status ======
Valor:                3931
Time:                 1003
nIter:                186
Best Iter:            186
Improvement Count:    187
==============================
Solution tour: 
0 29 0 26 3 
18 2 26 0 28 0 
20 29 4 35 34 6 22 23 
16 23 
22 
1 13 17 
19 
15 3 31 14 13 
10 13 
17 13 
14 3 14 31 
9 31 29 0 
2 35 28 30 24 
5 30 28 32 28 33 28 32 9 
12 34 12 35 3 25 
3 26 2 
==============================

====== Algorithm Status ======
Valor:                3931
Time:                 1003
nIter:                186
Best Iter:            186
Improvement Count:    187
==============================
Solution tour: 
0 29 0 26 3 
18 2 26 0 28 0 
20 29 4 35 34 6 22 23 
16 23 
22 
1 13 17 
19 
15 3 31 14 13 
10 13 
17 13 
14 3 14 31 
9 31 29 0 
2 35 28 30 24 
5 30 28 32 28 33 28 32 9 
12 34 12 35 3 25 
3 26 2 
==============================

