=========== Input ===========
File name:                ./instances/created-instances/mm-10-40-1767920.cdop
Total node count:         51
Truck node count:         10
Drone node count:         40
=============================

========== Settings ==========
Settings file:        ./settings/Memetic_MPX_1881515.config
Seed:                 1881515
Reduction method:     -
Max iter:             1000
Population size:      13
Crossover:            MA-MPX
Local Search:         LS
==============================

====== Algorithm Status ======
Valor:                5834
Time:                 260
nIter:                24
Best Iter:            24
Improvement Count:    23
==============================
Solution tour: 
0 37 36 12 19 11 23 11 17 45 42 22 24 46 
5 4 7 41 
6 44 32 30 21 48 1 49 20 15 28 41 25 
7 8 25 48 25 49 1 44 
1 3 31 26 9 26 
10 9 33 39 33 44 
3 27 14 
9 10 14 31 3 25 
8 45 42 45 20 7 47 38 
2 
4 42 19 23 13 18 50 18 39 
==============================

====== Algorithm Status ======
Valor:                6348
Time:                 507
nIter:                39
Best Iter:            39
Improvement Count:    38
==============================
Solution tour: 
0 39 33 1 25 49 3 31 27 10 9 26 31 9 14 31 3 6 29 
7 41 7 
4 19 12 17 20 23 11 23 25 3 27 
3 33 39 42 45 8 13 25 1 49 
1 44 31 26 9 
10 31 14 3 44 
6 3 14 
9 25 48 25 
8 45 42 35 34 43 35 43 34 35 28 15 20 41 18 
2 46 
5 4 22 24 47 7 20 36 0 37 
==============================

====== Algorithm Status ======
Valor:                6385
Time:                 1004
nIter:                75
Best Iter:            75
Improvement Count:    76
==============================
Solution tour: 
0 39 33 1 25 1 27 14 10 9 26 31 9 14 31 3 6 16 
5 46 24 22 
2 16 17 11 18 25 49 25 
7 41 7 
4 19 12 17 20 7 23 11 23 25 3 27 
3 33 39 42 45 8 13 25 1 49 
1 44 3 31 26 9 
10 31 14 3 44 
6 3 14 
9 25 48 25 
8 45 42 35 34 43 35 43 34 35 28 15 20 41 18 37 
==============================

====== Algorithm Status ======
Valor:                6385
Time:                 1004
nIter:                75
Best Iter:            75
Improvement Count:    76
==============================
Solution tour: 
0 39 33 1 25 1 27 14 10 9 26 31 9 14 31 3 6 16 
5 46 24 22 
2 16 17 11 18 25 49 25 
7 41 7 
4 19 12 17 20 7 23 11 23 25 3 27 
3 33 39 42 45 8 13 25 1 49 
1 44 3 31 26 9 
10 31 14 3 44 
6 3 14 
9 25 48 25 
8 45 42 35 34 43 35 43 34 35 28 15 20 41 18 37 
==============================

