=========== Input ===========
File name:                ./instances/created-instances/mm-10-10-1110588.cdop
Total node count:         21
Truck node count:         10
Drone node count:         10
=============================

========== Settings ==========
Settings file:        ./settings/Memetic_MMX_1099666.config
Seed:                 1099666
Reduction method:     -
Max iter:             1000
Population size:      13
Crossover:            MA-MMX
Local Search:         LS
==============================

====== Algorithm Status ======
Valor:                3337
Time:                 252
nIter:                89
Best Iter:            89
Improvement Count:    88
==============================
Solution tour: 
0 13 20 0 12 0 3 12 13 
4 13 12 18 12 16 11 16 15 17 15 7 16 7 15 6 
2 6 15 10 11 20 13 0 6 0 10 11 10 15 16 14 16 10 0 19 
==============================

====== Algorithm Status ======
Valor:                3340
Time:                 500
nIter:                184
Best Iter:            184
Improvement Count:    183
==============================
Solution tour: 
0 6 13 20 0 12 0 3 12 13 
4 13 12 18 12 16 11 16 15 17 15 7 16 7 15 6 
2 6 15 10 11 20 13 5 11 10 15 16 14 8 14 16 10 0 19 
==============================

====== Algorithm Status ======
Valor:                3401
Time:                 1003
nIter:                343
Best Iter:            343
Improvement Count:    344
==============================
Solution tour: 
0 13 20 13 3 12 0 12 13 
4 13 12 18 12 16 11 16 15 17 15 7 16 7 15 6 
2 6 15 10 11 10 15 16 14 8 14 16 7 20 0 10 0 19 0 6 
==============================

====== Algorithm Status ======
Valor:                3401
Time:                 1003
nIter:                343
Best Iter:            343
Improvement Count:    344
==============================
Solution tour: 
0 13 20 13 3 12 0 12 13 
4 13 12 18 12 16 11 16 15 17 15 7 16 7 15 6 
2 6 15 10 11 10 15 16 14 8 14 16 7 20 0 10 0 19 0 6 
==============================

