=========== Input ===========
File name:                ./instances/created-instances/mm-15-40-1891798.cdop
Total node count:         56
Truck node count:         15
Drone node count:         40
=============================

========== Settings ==========
Settings file:        ./settings/Memetic_MPX_1287823.config
Seed:                 1287823
Reduction method:     -
Max iter:             1000
Population size:      13
Crossover:            MA-MPX
Local Search:         LS
==============================

====== Algorithm Status ======
Valor:                5778
Time:                 254
nIter:                21
Best Iter:            21
Improvement Count:    20
==============================
Solution tour: 
0 7 22 18 23 44 2 46 49 
10 35 10 41 21 41 43 16 11 
6 24 44 
11 8 12 
14 17 48 26 37 26 25 52 53 
4 38 32 17 47 
5 32 38 
15 28 34 39 24 6 
9 47 30 47 9 20 45 
1 51 29 55 
2 23 
8 27 8 44 47 33 
7 27 54 42 13 50 
13 55 40 
==============================

====== Algorithm Status ======
Valor:                6071
Time:                 506
nIter:                38
Best Iter:            38
Improvement Count:    37
==============================
Solution tour: 
0 
7 27 54 42 13 50 
10 41 21 41 19 49 40 2 23 
12 54 18 22 36 35 13 50 
13 55 40 55 2 46 
2 40 23 40 47 
5 32 38 
4 20 9 47 
9 47 30 
15 39 24 
6 24 44 
11 8 12 
14 34 17 26 52 26 37 26 48 31 25 53 1 45 
3 53 45 
1 51 29 43 29 55 13 
==============================

====== Algorithm Status ======
Valor:                6071
Time:                 1003
nIter:                75
Best Iter:            75
Improvement Count:    76
==============================
Solution tour: 
0 
7 27 54 42 13 50 
10 41 21 41 19 49 40 2 23 
12 54 18 22 36 35 13 50 
13 55 40 55 2 46 
2 40 23 40 47 
5 32 38 
4 20 9 47 
9 47 30 
15 39 24 
6 24 44 
11 8 12 
14 34 17 26 52 26 37 26 48 31 25 53 1 45 
3 53 45 
1 51 29 43 29 55 13 
==============================

====== Algorithm Status ======
Valor:                6071
Time:                 1003
nIter:                75
Best Iter:            75
Improvement Count:    76
==============================
Solution tour: 
0 
7 27 54 42 13 50 
10 41 21 41 19 49 40 2 23 
12 54 18 22 36 35 13 50 
13 55 40 55 2 46 
2 40 23 40 47 
5 32 38 
4 20 9 47 
9 47 30 
15 39 24 
6 24 44 
11 8 12 
14 34 17 26 52 26 37 26 48 31 25 53 1 45 
3 53 45 
1 51 29 43 29 55 13 
==============================

