=========== Input ===========
File name:                ./instances/created-instances/mm-15-25-1762875.cdop
Total node count:         41
Truck node count:         15
Drone node count:         25
=============================

========== Settings ==========
Settings file:        ./settings/Memetic-LS_MMX_1881515.config
Seed:                 1881515
Reduction method:     -
Max iter:             1000
Population size:      13
Crossover:            MA-MMX
Local Search:         -
==============================

====== Algorithm Status ======
Valor:                9.38725e-323
Time:                 251
nIter:                161
Best Iter:            161
Improvement Count:    160
==============================
Solution tour: 
0 18 19 
5 
10 
15 26 
12 39 17 36 31 
3 23 
4 37 40 
1 25 24 28 33 27 
6 32 
8 
9 35 30 
11 38 20 21 34 
7 29 16 
14 
2 22 
13 
==============================

====== Algorithm Status ======
Valor:                9.38725e-323
Time:                 500
nIter:                315
Best Iter:            315
Improvement Count:    314
==============================
Solution tour: 
0 18 19 
5 
10 
15 26 
12 39 17 36 31 
3 23 
4 37 40 
1 25 24 28 33 27 
6 32 
8 
9 35 30 
11 38 20 21 34 
7 29 16 
14 
2 22 
13 
==============================

====== Algorithm Status ======
Valor:                348
Time:                 1001
nIter:                640
Best Iter:            640
Improvement Count:    641
==============================
Solution tour: 
0 
3 
14 
8 
5 
13 
15 
7 
2 
9 
4 
12 
10 
1 
6 40 
==============================

====== Algorithm Status ======
Valor:                348
Time:                 1001
nIter:                640
Best Iter:            640
Improvement Count:    641
==============================
Solution tour: 
0 
3 
14 
8 
5 
13 
15 
7 
2 
9 
4 
12 
10 
1 
6 40 
==============================

