=========== Input ===========
File name:                ./instances/created-instances/mm-10-10-1762875.cdop
Total node count:         21
Truck node count:         10
Drone node count:         10
=============================

========== Settings ==========
Settings file:        ./settings/Memetic_MMX_1287823.config
Seed:                 1287823
Reduction method:     -
Max iter:             1000
Population size:      13
Crossover:            MA-MMX
Local Search:         LS
==============================

====== Algorithm Status ======
Valor:                2772
Time:                 252
nIter:                108
Best Iter:            108
Improvement Count:    107
==============================
Solution tour: 
0 5 1 19 10 19 16 20 16 15 18 7 9 7 0 13 19 12 16 15 
3 15 16 15 3 15 11 3 11 
8 11 14 7 6 17 6 13 6 7 16 12 1 
10 0 10 
1 5 13 5 13 
==============================

====== Algorithm Status ======
Valor:                2810
Time:                 501
nIter:                199
Best Iter:            199
Improvement Count:    198
==============================
Solution tour: 
0 5 1 19 10 19 12 16 20 16 15 18 7 9 7 0 16 15 3 15 11 3 11 
8 11 7 14 7 6 17 6 13 6 7 16 12 19 1 
10 0 10 
1 5 13 5 13 
==============================

====== Algorithm Status ======
Valor:                2842
Time:                 1002
nIter:                406
Best Iter:            406
Improvement Count:    407
==============================
Solution tour: 
0 5 1 19 10 19 12 16 20 16 15 16 3 15 18 7 9 7 0 13 19 15 3 11 
8 11 7 14 7 6 17 6 13 6 7 16 12 19 1 
10 0 10 1 5 13 5 
==============================

====== Algorithm Status ======
Valor:                2842
Time:                 1002
nIter:                406
Best Iter:            406
Improvement Count:    407
==============================
Solution tour: 
0 5 1 19 10 19 12 16 20 16 15 16 3 15 18 7 9 7 0 13 19 15 3 11 
8 11 7 14 7 6 17 6 13 6 7 16 12 19 1 
10 0 10 1 5 13 5 
==============================

