=========== Input ===========
File name:                ./instances/created-instances/mm-10-40-1917698.cdop
Total node count:         51
Truck node count:         10
Drone node count:         40
=============================

========== Settings ==========
Settings file:        ./settings/Memetic-LS_MMX_1881515.config
Seed:                 1881515
Reduction method:     -
Max iter:             1000
Population size:      13
Crossover:            MA-MMX
Local Search:         -
==============================

====== Algorithm Status ======
Valor:                6.89924e-310
Time:                 252
nIter:                80
Best Iter:            80
Improvement Count:    79
==============================
Solution tour: 
0 27 21 
4 11 
2 
1 18 
5 43 
3 42 31 16 17 30 45 39 33 34 14 28 
8 22 47 
7 26 25 15 38 41 48 36 40 49 46 
9 
10 24 35 
6 23 32 19 12 44 50 37 13 29 20 
==============================

====== Algorithm Status ======
Valor:                6.89924e-310
Time:                 500
nIter:                162
Best Iter:            162
Improvement Count:    161
==============================
Solution tour: 
0 27 21 
4 11 
2 
1 18 
5 43 
3 42 31 16 17 30 45 39 33 34 14 28 
8 22 47 
7 26 25 15 38 41 48 36 40 49 46 
9 
10 24 35 
6 23 32 19 12 44 50 37 13 29 20 
==============================

====== Algorithm Status ======
Valor:                371
Time:                 1002
nIter:                318
Best Iter:            318
Improvement Count:    319
==============================
Solution tour: 
0 
4 
2 
1 
5 
3 
8 
7 
9 
10 
6 20 
==============================

====== Algorithm Status ======
Valor:                371
Time:                 1002
nIter:                318
Best Iter:            318
Improvement Count:    319
==============================
Solution tour: 
0 
4 
2 
1 
5 
3 
8 
7 
9 
10 
6 20 
==============================

