=========== Input ===========
File name:                ./instances/created-instances/mm-10-40-1762875.cdop
Total node count:         51
Truck node count:         10
Drone node count:         40
=============================

========== Settings ==========
Settings file:        ./settings/Memetic-LS_MPX_1099666.config
Seed:                 1099666
Reduction method:     -
Max iter:             1000
Population size:      13
Crossover:            MA-MPX
Local Search:         -
==============================

====== Algorithm Status ======
Valor:                2904
Time:                 255
nIter:                68
Best Iter:            68
Improvement Count:    67
==============================
Solution tour: 
0 11 39 
5 38 48 
8 22 30 37 15 27 46 
2 25 33 17 
7 36 13 18 41 49 28 19 
1 42 21 32 44 29 12 45 50 
6 43 16 14 31 23 
3 40 24 20 35 
9 26 47 34 
10 
4 
==============================

====== Algorithm Status ======
Valor:                2904
Time:                 502
nIter:                128
Best Iter:            128
Improvement Count:    127
==============================
Solution tour: 
0 11 39 
5 38 48 
8 22 30 37 15 27 46 
2 25 33 17 
7 36 13 18 41 49 28 19 
1 42 21 32 44 29 12 45 50 
6 43 16 14 31 23 
3 40 24 20 35 
9 26 47 34 
10 
4 
==============================

====== Algorithm Status ======
Valor:                497
Time:                 1003
nIter:                249
Best Iter:            249
Improvement Count:    250
==============================
Solution tour: 
0 11 
5 
8 
2 
7 36 
1 
6 
3 
9 
10 
4 
==============================

====== Algorithm Status ======
Valor:                497
Time:                 1003
nIter:                249
Best Iter:            249
Improvement Count:    250
==============================
Solution tour: 
0 11 
5 
8 
2 
7 36 
1 
6 
3 
9 
10 
4 
==============================

