=========== Input ===========
File name:                ./instances/created-instances/mm-15-40-1767920.cdop
Total node count:         56
Truck node count:         15
Drone node count:         40
=============================

========== Settings ==========
Settings file:        ./settings/Memetic-LS_MMX_1099666.config
Seed:                 1099666
Reduction method:     -
Max iter:             1000
Population size:      13
Crossover:            MA-MMX
Local Search:         -
==============================

====== Algorithm Status ======
Valor:                5.05639e-310
Time:                 250
nIter:                68
Best Iter:            68
Improvement Count:    67
==============================
Solution tour: 
0 34 26 55 19 31 
8 17 27 
14 42 50 
3 
4 30 20 16 36 44 18 45 51 
13 
12 38 41 52 
9 
1 
11 46 
2 23 53 37 22 49 32 
10 43 
6 
15 28 21 24 47 25 35 29 40 39 48 
7 54 33 
5 
==============================

====== Algorithm Status ======
Valor:                2.122e-314
Time:                 502
nIter:                137
Best Iter:            137
Improvement Count:    136
==============================
Solution tour: 
0 33 54 42 31 20 46 
4 43 
6 48 51 22 
11 19 
12 18 37 
1 39 36 29 26 47 
13 49 55 30 27 41 21 16 17 52 
5 24 40 44 
7 50 
3 28 25 23 
14 34 
8 45 
9 38 53 
15 
2 32 
10 35 
==============================

====== Algorithm Status ======
Valor:                640
Time:                 1002
nIter:                264
Best Iter:            264
Improvement Count:    265
==============================
Solution tour: 
0 
4 
6 48 
11 
12 
1 
13 
5 
7 
3 
14 
8 
9 
15 
10 35 
==============================

====== Algorithm Status ======
Valor:                640
Time:                 1002
nIter:                264
Best Iter:            264
Improvement Count:    265
==============================
Solution tour: 
0 
4 
6 48 
11 
12 
1 
13 
5 
7 
3 
14 
8 
9 
15 
10 35 
==============================

