=========== Input ===========
File name:                ./instances/created-instances/mm-15-40-1917698.cdop
Total node count:         56
Truck node count:         15
Drone node count:         40
=============================

========== Settings ==========
Settings file:        ./settings/Memetic_MPX_1287823.config
Seed:                 1287823
Reduction method:     -
Max iter:             1000
Population size:      13
Crossover:            MA-MPX
Local Search:         LS
==============================

====== Algorithm Status ======
Valor:                6054
Time:                 259
nIter:                19
Best Iter:            19
Improvement Count:    18
==============================
Solution tour: 
0 17 44 23 26 28 18 3 
13 3 45 51 45 
14 33 54 
9 40 41 26 41 17 23 
2 23 53 18 45 
3 28 
15 35 52 
10 54 33 47 54 39 54 47 33 
1 38 44 29 48 55 
6 42 55 50 48 30 48 31 48 31 50 51 45 
7 19 
11 
8 24 8 32 12 49 
12 43 29 30 48 31 48 50 55 42 3 26 
==============================

====== Algorithm Status ======
Valor:                6442
Time:                 503
nIter:                34
Best Iter:            34
Improvement Count:    33
==============================
Solution tour: 
0 17 44 23 26 23 28 18 3 
13 3 45 51 45 
14 33 54 
9 40 41 26 41 40 17 23 
2 23 44 53 18 9 32 51 45 15 28 
3 28 
15 35 52 
10 54 33 47 54 39 54 47 33 38 
1 
6 42 55 50 48 30 29 48 31 48 31 50 6 20 37 20 51 45 
7 19 
11 
8 24 8 32 12 49 
12 43 29 30 48 31 48 50 55 42 3 26 
==============================

====== Algorithm Status ======
Valor:                6442
Time:                 1009
nIter:                73
Best Iter:            73
Improvement Count:    74
==============================
Solution tour: 
0 17 44 23 26 23 28 18 3 
13 3 45 51 45 
14 33 54 
9 40 41 26 41 40 17 23 
2 23 44 53 18 9 32 51 45 15 28 
3 28 
15 35 52 
10 54 33 47 54 39 54 47 33 38 
1 
6 42 55 50 48 30 29 48 31 48 31 50 6 20 37 20 51 45 
7 19 
11 
8 24 8 32 12 49 
12 43 29 30 48 31 48 50 55 42 3 26 
==============================

====== Algorithm Status ======
Valor:                6442
Time:                 1009
nIter:                73
Best Iter:            73
Improvement Count:    74
==============================
Solution tour: 
0 17 44 23 26 23 28 18 3 
13 3 45 51 45 
14 33 54 
9 40 41 26 41 40 17 23 
2 23 44 53 18 9 32 51 45 15 28 
3 28 
15 35 52 
10 54 33 47 54 39 54 47 33 38 
1 
6 42 55 50 48 30 29 48 31 48 31 50 6 20 37 20 51 45 
7 19 
11 
8 24 8 32 12 49 
12 43 29 30 48 31 48 50 55 42 3 26 
==============================

