=========== Input ===========
File name:                ./instances/created-instances/mm-10-25-1917698.cdop
Total node count:         36
Truck node count:         10
Drone node count:         25
=============================

========== Settings ==========
Settings file:        ./settings/Memetic_MPX_1881515.config
Seed:                 1881515
Reduction method:     -
Max iter:             1000
Population size:      13
Crossover:            MA-MPX
Local Search:         LS
==============================

====== Algorithm Status ======
Valor:                4600
Time:                 252
nIter:                48
Best Iter:            48
Improvement Count:    47
==============================
Solution tour: 
0 2 11 
8 11 
5 30 9 30 16 30 27 29 12 29 19 14 
6 19 
3 26 
10 26 16 26 21 
4 21 33 21 32 16 24 
7 11 2 24 25 9 26 3 
1 15 35 19 6 14 23 34 23 28 27 30 
9 24 13 24 2 0 17 
==============================

====== Algorithm Status ======
Valor:                4600
Time:                 502
nIter:                101
Best Iter:            101
Improvement Count:    100
==============================
Solution tour: 
0 2 11 
8 11 
5 30 9 30 16 30 27 29 12 29 19 14 
6 19 
3 26 
10 26 16 26 21 
4 21 33 21 32 16 24 
7 11 2 24 25 9 26 3 
1 15 35 19 6 14 23 34 23 28 27 30 
9 24 13 24 2 0 17 
==============================

====== Algorithm Status ======
Valor:                4600
Time:                 1001
nIter:                196
Best Iter:            196
Improvement Count:    197
==============================
Solution tour: 
0 2 11 
8 11 
5 30 9 30 16 30 27 29 12 29 19 14 
6 19 
3 26 
10 26 16 26 21 
4 21 33 21 32 16 24 
7 11 2 24 25 9 26 3 
1 15 35 19 6 14 23 34 23 28 27 30 
9 24 13 24 2 0 17 
==============================

====== Algorithm Status ======
Valor:                4600
Time:                 1001
nIter:                196
Best Iter:            196
Improvement Count:    197
==============================
Solution tour: 
0 2 11 
8 11 
5 30 9 30 16 30 27 29 12 29 19 14 
6 19 
3 26 
10 26 16 26 21 
4 21 33 21 32 16 24 
7 11 2 24 25 9 26 3 
1 15 35 19 6 14 23 34 23 28 27 30 
9 24 13 24 2 0 17 
==============================

