=========== Input ===========
File name:                ./instances/created-instances/mm-10-25-1917698.cdop
Total node count:         36
Truck node count:         10
Drone node count:         25
=============================

========== Settings ==========
Settings file:        ./settings/Memetic-LS_MPX_1099666.config
Seed:                 1099666
Reduction method:     -
Max iter:             1000
Population size:      13
Crossover:            MA-MPX
Local Search:         -
==============================

====== Algorithm Status ======
Valor:                0
Time:                 250
nIter:                150
Best Iter:            150
Improvement Count:    149
==============================
Solution tour: 
0 28 16 32 
3 
5 26 
9 34 31 
6 35 22 
4 20 
7 29 13 
8 23 11 25 
1 15 
2 21 33 12 17 30 27 18 14 19 24 
10 
==============================

====== Algorithm Status ======
Valor:                2.122e-314
Time:                 500
nIter:                302
Best Iter:            302
Improvement Count:    301
==============================
Solution tour: 
0 23 
8 17 18 22 30 16 
5 33 
6 35 12 29 19 
4 
9 15 11 24 31 34 14 28 25 26 
2 27 13 
3 
1 20 21 
7 32 
10 
==============================

====== Algorithm Status ======
Valor:                786
Time:                 1002
nIter:                601
Best Iter:            601
Improvement Count:    602
==============================
Solution tour: 
0 
8 22 
5 
6 
4 
9 15 11 
2 
3 
1 
7 
10 
==============================

====== Algorithm Status ======
Valor:                786
Time:                 1002
nIter:                601
Best Iter:            601
Improvement Count:    602
==============================
Solution tour: 
0 
8 22 
5 
6 
4 
9 15 11 
2 
3 
1 
7 
10 
==============================

