=========== Input ===========
File name:                ./instances/created-instances/mm-10-40-1891798.cdop
Total node count:         51
Truck node count:         10
Drone node count:         40
=============================

========== Settings ==========
Settings file:        ./settings/Memetic-LS_MMX_1881515.config
Seed:                 1881515
Reduction method:     -
Max iter:             1000
Population size:      13
Crossover:            MA-MMX
Local Search:         -
==============================

====== Algorithm Status ======
Valor:                2.122e-314
Time:                 252
nIter:                85
Best Iter:            85
Improvement Count:    84
==============================
Solution tour: 
0 28 13 48 32 14 21 44 39 12 23 11 
1 16 40 46 
2 36 45 
4 42 20 15 
10 31 
9 18 29 
8 43 27 33 
6 
7 19 22 26 37 17 35 38 49 
5 
3 41 34 50 24 47 30 25 
==============================

====== Algorithm Status ======
Valor:                6.89924e-310
Time:                 501
nIter:                169
Best Iter:            169
Improvement Count:    168
==============================
Solution tour: 
0 29 30 
5 46 47 18 16 32 50 19 
6 48 
4 13 39 20 28 23 41 17 
2 38 43 31 37 12 44 42 22 
7 15 24 45 
3 14 34 
10 40 26 25 
9 11 
1 
8 27 21 49 33 36 35 
==============================

====== Algorithm Status ======
Valor:                659
Time:                 1003
nIter:                344
Best Iter:            344
Improvement Count:    345
==============================
Solution tour: 
0 
6 24 
2 14 
7 
4 40 
3 
9 
8 
10 
5 
1 34 
==============================

====== Algorithm Status ======
Valor:                659
Time:                 1003
nIter:                344
Best Iter:            344
Improvement Count:    345
==============================
Solution tour: 
0 
6 24 
2 14 
7 
4 40 
3 
9 
8 
10 
5 
1 34 
==============================

