=========== Input ===========
File name:                ./instances/created-instances/mm-10-25-1767920.cdop
Total node count:         36
Truck node count:         10
Drone node count:         25
=============================

========== Settings ==========
Settings file:        ./settings/Memetic_MPX_1099666.config
Seed:                 1099666
Reduction method:     -
Max iter:             1000
Population size:      13
Crossover:            MA-MPX
Local Search:         LS
==============================

====== Algorithm Status ======
Valor:                5437
Time:                 255
nIter:                31
Best Iter:            31
Improvement Count:    30
==============================
Solution tour: 
0 30 21 33 13 11 19 20 15 16 5 22 24 5 31 14 31 26 9 6 
7 19 17 20 12 20 23 18 31 
9 10 9 31 18 33 18 23 8 23 19 34 22 
5 
2 5 24 22 16 22 
4 28 17 13 33 
6 1 27 
3 25 3 
10 25 1 31 
1 32 0 25 
==============================

====== Algorithm Status ======
Valor:                5532
Time:                 503
nIter:                62
Best Iter:            62
Improvement Count:    61
==============================
Solution tour: 
0 33 21 30 21 32 
1 25 0 25 3 
10 3 25 13 17 19 11 19 20 16 2 22 24 5 16 
7 19 17 12 20 23 18 1 31 
9 10 9 14 31 1 18 33 18 23 15 34 22 
5 
2 5 24 22 16 22 
4 28 8 17 13 33 
3 31 26 9 6 1 27 1 
8 23 8 
==============================

====== Algorithm Status ======
Valor:                5631
Time:                 1003
nIter:                127
Best Iter:            127
Improvement Count:    128
==============================
Solution tour: 
0 33 21 30 21 32 1 
3 27 1 
8 7 
6 25 
1 25 33 0 25 3 
10 3 25 33 13 17 19 11 19 20 16 2 22 24 5 2 16 
7 19 17 20 12 20 23 18 1 31 
9 10 9 26 9 31 14 31 1 18 33 18 23 15 35 34 22 
5 22 
2 5 24 22 16 22 
4 28 12 23 8 23 17 13 
==============================

====== Algorithm Status ======
Valor:                5631
Time:                 1003
nIter:                127
Best Iter:            127
Improvement Count:    128
==============================
Solution tour: 
0 33 21 30 21 32 1 
3 27 1 
8 7 
6 25 
1 25 33 0 25 3 
10 3 25 33 13 17 19 11 19 20 16 2 22 24 5 2 16 
7 19 17 20 12 20 23 18 1 31 
9 10 9 26 9 31 14 31 1 18 33 18 23 15 35 34 22 
5 22 
2 5 24 22 16 22 
4 28 12 23 8 23 17 13 
==============================

