=========== Input ===========
File name:                ./instances/created-instances/mm-15-10-1762875.cdop
Total node count:         26
Truck node count:         15
Drone node count:         10
=============================

========== Settings ==========
Settings file:        ./settings/Memetic_MMX_1099666.config
Seed:                 1099666
Reduction method:     -
Max iter:             1000
Population size:      13
Crossover:            MA-MMX
Local Search:         LS
==============================

====== Algorithm Status ======
Valor:                3520
Time:                 250
nIter:                66
Best Iter:            66
Improvement Count:    65
==============================
Solution tour: 
0 1 24 21 12 23 19 25 19 0 5 16 
7 6 5 13 9 19 23 17 8 11 18 11 18 17 20 15 20 17 11 
3 11 17 21 1 21 10 16 5 6 7 19 
9 8 20 18 20 9 13 
5 
==============================

====== Algorithm Status ======
Valor:                3712
Time:                 501
nIter:                132
Best Iter:            132
Improvement Count:    131
==============================
Solution tour: 
0 1 24 8 12 8 9 19 23 10 21 12 8 12 21 1 21 10 23 19 25 19 0 5 16 
7 6 5 13 9 20 17 11 17 20 18 11 18 20 15 20 11 
3 11 23 19 24 19 9 13 5 
==============================

====== Algorithm Status ======
Valor:                3778
Time:                 1002
nIter:                269
Best Iter:            269
Improvement Count:    270
==============================
Solution tour: 
0 19 17 10 17 21 1 21 10 21 12 8 9 25 19 0 5 16 
7 6 5 13 9 19 23 11 17 20 18 11 18 20 15 20 17 11 
3 11 23 19 24 19 9 13 5 
==============================

====== Algorithm Status ======
Valor:                3778
Time:                 1002
nIter:                269
Best Iter:            269
Improvement Count:    270
==============================
Solution tour: 
0 19 17 10 17 21 1 21 10 21 12 8 9 25 19 0 5 16 
7 6 5 13 9 19 23 11 17 20 18 11 18 20 15 20 17 11 
3 11 23 19 24 19 9 13 5 
==============================

