=========== Input ===========
File name:                ./instances/created-instances/mm-15-25-1767920.cdop
Total node count:         41
Truck node count:         15
Drone node count:         25
=============================

========== Settings ==========
Settings file:        ./settings/Memetic_MPX_1881515.config
Seed:                 1881515
Reduction method:     -
Max iter:             1000
Population size:      13
Crossover:            MA-MPX
Local Search:         LS
==============================

====== Algorithm Status ======
Valor:                4694
Time:                 255
nIter:                34
Best Iter:            34
Improvement Count:    33
==============================
Solution tour: 
0 37 29 35 36 35 4 21 
4 18 11 
8 17 16 32 16 28 27 
9 27 1 17 
1 28 
10 28 1 20 26 20 1 22 33 20 10 
15 10 15 27 9 
3 20 
13 24 13 
14 31 0 33 22 38 34 40 34 24 23 25 
5 
2 32 19 28 16 17 
11 
6 
12 8 34 38 
==============================

====== Algorithm Status ======
Valor:                5111
Time:                 508
nIter:                60
Best Iter:            60
Improvement Count:    59
==============================
Solution tour: 
0 37 29 35 36 35 4 21 
4 18 11 17 
8 17 16 32 16 28 27 
9 27 
15 10 15 27 9 
3 20 1 20 26 20 
13 24 13 
11 
7 
6 12 14 37 0 31 0 19 22 33 22 38 34 40 34 1 28 
10 28 16 17 20 0 8 
12 8 7 25 23 
2 30 1 17 
1 8 
==============================

====== Algorithm Status ======
Valor:                5111
Time:                 1003
nIter:                118
Best Iter:            118
Improvement Count:    119
==============================
Solution tour: 
0 37 29 35 36 35 4 21 
4 18 11 17 
8 17 16 32 16 28 27 
9 27 
15 10 15 27 9 
3 20 1 20 26 20 
13 24 13 
11 
7 
6 12 14 37 0 31 0 19 22 33 22 38 34 40 34 1 28 
10 28 16 17 20 0 8 
12 8 7 25 23 
2 30 1 17 
1 8 
==============================

====== Algorithm Status ======
Valor:                5111
Time:                 1003
nIter:                118
Best Iter:            118
Improvement Count:    119
==============================
Solution tour: 
0 37 29 35 36 35 4 21 
4 18 11 17 
8 17 16 32 16 28 27 
9 27 
15 10 15 27 9 
3 20 1 20 26 20 
13 24 13 
11 
7 
6 12 14 37 0 31 0 19 22 33 22 38 34 40 34 1 28 
10 28 16 17 20 0 8 
12 8 7 25 23 
2 30 1 17 
1 8 
==============================

