=========== Input ===========
File name:                ./instances/created-instances/mm-10-25-1762875.cdop
Total node count:         36
Truck node count:         10
Drone node count:         25
=============================

========== Settings ==========
Settings file:        ./settings/Memetic_MPX_1287823.config
Seed:                 1287823
Reduction method:     -
Max iter:             1000
Population size:      13
Crossover:            MA-MPX
Local Search:         LS
==============================

====== Algorithm Status ======
Valor:                4509
Time:                 254
nIter:                34
Best Iter:            34
Improvement Count:    33
==============================
Solution tour: 
0 6 0 27 10 1 22 34 
7 35 29 16 29 21 
8 31 8 24 15 31 
3 31 15 16 9 21 29 35 32 35 29 21 28 21 32 
10 
1 10 32 27 
6 13 12 19 
4 18 17 18 11 26 20 33 25 30 24 18 27 
5 27 
2 27 
==============================

====== Algorithm Status ======
Valor:                4650
Time:                 503
nIter:                73
Best Iter:            73
Improvement Count:    72
==============================
Solution tour: 
0 6 0 27 10 1 22 34 
7 35 29 16 29 21 
8 31 8 24 15 31 
3 31 15 16 9 21 29 35 32 35 29 21 28 21 32 
10 
1 10 32 19 12 13 
6 13 12 19 
4 18 17 18 11 26 20 33 25 30 24 18 27 
5 27 
2 27 
==============================

====== Algorithm Status ======
Valor:                4686
Time:                 1003
nIter:                153
Best Iter:            153
Improvement Count:    154
==============================
Solution tour: 
0 6 0 27 17 29 31 10 1 22 34 
7 35 29 16 29 21 
8 31 8 24 15 31 
3 31 15 16 9 21 29 35 32 35 29 21 28 21 32 
10 
1 10 32 19 12 13 
6 13 12 19 
4 18 17 18 11 26 20 33 25 30 24 18 27 
5 27 
==============================

====== Algorithm Status ======
Valor:                4686
Time:                 1003
nIter:                153
Best Iter:            153
Improvement Count:    154
==============================
Solution tour: 
0 6 0 27 17 29 31 10 1 22 34 
7 35 29 16 29 21 
8 31 8 24 15 31 
3 31 15 16 9 21 29 35 32 35 29 21 28 21 32 
10 
1 10 32 19 12 13 
6 13 12 19 
4 18 17 18 11 26 20 33 25 30 24 18 27 
5 27 
==============================

