=========== Input ===========
File name:                ./instances/created-instances/mm-15-10-1762875.cdop
Total node count:         26
Truck node count:         15
Drone node count:         10
=============================

========== Settings ==========
Settings file:        ./settings/Memetic-LS_MMX_1881515.config
Seed:                 1881515
Reduction method:     -
Max iter:             1000
Population size:      13
Crossover:            MA-MMX
Local Search:         -
==============================

====== Algorithm Status ======
Valor:                2495
Time:                 250
nIter:                829
Best Iter:            829
Improvement Count:    828
==============================
Solution tour: 
0 5 0 5 19 0 19 17 18 
9 19 18 19 17 19 25 19 23 19 18 20 18 
11 23 
10 17 5 17 
4 17 20 17 16 
==============================

====== Algorithm Status ======
Valor:                2543
Time:                 500
nIter:                1589
Best Iter:            1589
Improvement Count:    1588
==============================
Solution tour: 
0 5 0 19 0 
14 24 19 
5 19 25 19 23 19 18 19 23 19 18 20 18 
11 23 
10 17 5 17 
4 17 20 17 16 
==============================

====== Algorithm Status ======
Valor:                2672
Time:                 1001
nIter:                3184
Best Iter:            3184
Improvement Count:    3185
==============================
Solution tour: 
0 5 0 19 0 
14 19 24 19 17 
5 19 25 19 23 19 18 20 18 
11 23 
10 17 10 5 17 
4 17 20 17 16 
==============================

====== Algorithm Status ======
Valor:                2672
Time:                 1001
nIter:                3184
Best Iter:            3184
Improvement Count:    3185
==============================
Solution tour: 
0 5 0 19 0 
14 19 24 19 17 
5 19 25 19 23 19 18 20 18 
11 23 
10 17 10 5 17 
4 17 20 17 16 
==============================

