=========== Input ===========
File name:                ./instances/created-instances/mm-10-40-1767920.cdop
Total node count:         51
Truck node count:         10
Drone node count:         40
=============================

========== Settings ==========
Settings file:        ./settings/Memetic_MPX_1287823.config
Seed:                 1287823
Reduction method:     -
Max iter:             1000
Population size:      13
Crossover:            MA-MPX
Local Search:         LS
==============================

====== Algorithm Status ======
Valor:                5900
Time:                 263
nIter:                27
Best Iter:            27
Improvement Count:    26
==============================
Solution tour: 
0 39 33 39 19 12 16 22 24 38 46 
8 45 8 
5 29 25 49 48 25 
1 44 31 3 31 14 
10 18 13 12 19 
2 16 7 20 23 25 9 10 9 26 9 42 45 42 
4 40 43 35 34 35 43 34 43 28 15 36 37 0 37 50 21 30 17 11 23 11 
7 41 
6 3 31 3 
9 14 9 27 
3 25 48 1 
==============================

====== Algorithm Status ======
Valor:                6560
Time:                 500
nIter:                44
Best Iter:            44
Improvement Count:    43
==============================
Solution tour: 
0 39 33 25 48 1 49 25 
8 45 8 
5 29 25 49 1 48 25 
1 44 31 3 31 14 31 
10 18 13 12 19 22 24 46 
2 16 7 41 20 23 25 9 10 9 26 9 25 23 19 42 45 42 
4 40 43 35 34 35 43 34 43 28 15 36 37 0 37 50 21 30 32 17 11 23 11 
7 23 41 
6 44 3 31 3 31 26 
9 14 9 27 3 1 25 33 39 
==============================

====== Algorithm Status ======
Valor:                6560
Time:                 1007
nIter:                75
Best Iter:            75
Improvement Count:    76
==============================
Solution tour: 
0 39 33 25 48 1 49 25 
8 45 8 
5 29 25 49 1 48 25 
1 44 31 3 31 14 31 
10 18 13 12 19 22 24 46 
2 16 7 41 20 23 25 9 10 9 26 9 25 23 19 42 45 42 
4 40 43 35 34 35 43 34 43 28 15 36 37 0 37 50 21 30 32 17 11 23 11 
7 23 41 
6 44 3 31 3 31 26 
9 14 9 27 3 1 25 33 39 
==============================

====== Algorithm Status ======
Valor:                6560
Time:                 1007
nIter:                75
Best Iter:            75
Improvement Count:    76
==============================
Solution tour: 
0 39 33 25 48 1 49 25 
8 45 8 
5 29 25 49 1 48 25 
1 44 31 3 31 14 31 
10 18 13 12 19 22 24 46 
2 16 7 41 20 23 25 9 10 9 26 9 25 23 19 42 45 42 
4 40 43 35 34 35 43 34 43 28 15 36 37 0 37 50 21 30 32 17 11 23 11 
7 23 41 
6 44 3 31 3 31 26 
9 14 9 27 3 1 25 33 39 
==============================

