=========== Input ===========
File name:                ./instances/created-instances/mm-10-40-1767920.cdop
Total node count:         51
Truck node count:         10
Drone node count:         40
=============================

========== Settings ==========
Settings file:        ./settings/Memetic_MMX_1881515.config
Seed:                 1881515
Reduction method:     -
Max iter:             1000
Population size:      13
Crossover:            MA-MMX
Local Search:         LS
==============================

====== Algorithm Status ======
Valor:                6202
Time:                 253
nIter:                16
Best Iter:            16
Improvement Count:    15
==============================
Solution tour: 
0 39 18 50 30 32 48 13 23 19 42 45 42 36 23 25 41 25 8 45 
8 33 39 33 3 27 14 27 3 25 48 37 0 25 3 31 14 31 3 9 26 9 14 1 49 25 0 37 33 48 25 49 1 44 3 14 9 10 9 32 39 42 35 34 35 43 35 
4 35 15 20 12 30 21 17 20 23 11 23 39 
==============================

====== Algorithm Status ======
Valor:                6396
Time:                 518
nIter:                32
Best Iter:            32
Improvement Count:    31
==============================
Solution tour: 
0 37 0 45 19 23 36 13 23 11 23 19 45 42 45 12 36 17 23 42 36 23 25 41 8 25 8 45 
8 33 39 33 3 27 14 27 3 25 48 37 0 25 1 49 1 48 32 21 50 37 48 25 3 31 14 9 10 9 26 9 14 31 26 32 39 42 35 34 35 43 35 
4 35 15 20 17 20 41 18 50 30 0 39 
==============================

====== Algorithm Status ======
Valor:                6803
Time:                 1013
nIter:                59
Best Iter:            59
Improvement Count:    60
==============================
Solution tour: 
0 37 0 39 18 39 33 30 21 30 32 27 3 33 39 42 45 42 36 23 11 23 25 41 25 8 45 
8 25 3 27 1 25 48 37 0 25 1 48 21 50 37 48 25 49 1 49 44 31 3 31 14 9 10 9 26 9 14 31 26 32 48 13 23 19 12 19 42 35 34 35 43 35 
4 35 15 28 12 45 20 17 20 18 39 
==============================

====== Algorithm Status ======
Valor:                6803
Time:                 1013
nIter:                59
Best Iter:            59
Improvement Count:    60
==============================
Solution tour: 
0 37 0 39 18 39 33 30 21 30 32 27 3 33 39 42 45 42 36 23 11 23 25 41 25 8 45 
8 25 3 27 1 25 48 37 0 25 1 48 21 50 37 48 25 49 1 49 44 31 3 31 14 9 10 9 26 9 14 31 26 32 48 13 23 19 12 19 42 35 34 35 43 35 
4 35 15 28 12 45 20 17 20 18 39 
==============================

