=========== Input ===========
File name:                ./instances/created-instances/mm-10-40-1767920.cdop
Total node count:         51
Truck node count:         10
Drone node count:         40
=============================

========== Settings ==========
Settings file:        ./settings/Memetic_MMX_1287823.config
Seed:                 1287823
Reduction method:     -
Max iter:             1000
Population size:      13
Crossover:            MA-MMX
Local Search:         LS
==============================

====== Algorithm Status ======
Valor:                6229
Time:                 262
nIter:                14
Best Iter:            14
Improvement Count:    13
==============================
Solution tour: 
0 39 0 37 50 37 18 20 41 23 24 38 47 5 46 24 22 45 42 45 20 17 35 34 43 35 43 15 28 12 19 23 11 23 7 46 24 22 25 3 27 
3 33 39 13 48 25 1 49 1 31 3 31 9 14 9 29 9 10 9 26 9 25 8 45 4 
5 16 17 20 19 11 17 11 23 25 48 1 25 0 37 
==============================

====== Algorithm Status ======
Valor:                6399
Time:                 518
nIter:                28
Best Iter:            28
Improvement Count:    27
==============================
Solution tour: 
0 39 33 3 31 14 10 14 31 3 25 39 13 39 0 37 30 21 32 17 12 28 15 35 34 35 45 42 45 11 23 11 19 23 41 20 43 35 43 34 43 40 46 24 22 3 27 
3 33 39 18 13 48 25 1 49 1 44 31 3 31 9 26 9 14 9 29 9 10 9 25 8 45 4 
5 16 17 23 25 48 1 48 37 50 37 
==============================

====== Algorithm Status ======
Valor:                6440
Time:                 1019
nIter:                61
Best Iter:            61
Improvement Count:    62
==============================
Solution tour: 
0 39 33 3 31 14 10 14 31 49 39 13 39 0 37 30 21 32 36 17 20 17 12 28 15 35 34 35 42 45 42 19 23 11 23 41 20 43 35 43 34 43 40 22 24 46 24 22 27 
3 33 39 18 13 48 25 1 49 1 44 31 3 31 26 9 26 9 14 9 29 9 10 9 25 8 45 4 
5 16 17 23 25 48 1 48 37 50 37 
==============================

====== Algorithm Status ======
Valor:                6440
Time:                 1019
nIter:                61
Best Iter:            61
Improvement Count:    62
==============================
Solution tour: 
0 39 33 3 31 14 10 14 31 49 39 13 39 0 37 30 21 32 36 17 20 17 12 28 15 35 34 35 42 45 42 19 23 11 23 41 20 43 35 43 34 43 40 22 24 46 24 22 27 
3 33 39 18 13 48 25 1 49 1 44 31 3 31 26 9 26 9 14 9 29 9 10 9 25 8 45 4 
5 16 17 23 25 48 1 48 37 50 37 
==============================

