=========== Input ===========
File name:                ./instances/created-instances/mm-15-40-1767920.cdop
Total node count:         56
Truck node count:         15
Drone node count:         40
=============================

========== Settings ==========
Settings file:        ./settings/Memetic_MMX_1287823.config
Seed:                 1287823
Reduction method:     -
Max iter:             1000
Population size:      13
Crossover:            MA-MMX
Local Search:         LS
==============================

====== Algorithm Status ======
Valor:                6216
Time:                 262
nIter:                11
Best Iter:            11
Improvement Count:    10
==============================
Solution tour: 
0 33 49 19 31 16 45 17 45 33 22 38 37 38 49 13 8 24 8 11 8 41 18 21 18 41 24 40 42 43 55 52 55 7 46 43 46 
7 26 34 53 54 37 
14 37 13 49 51 22 33 45 30 52 5 48 5 47 23 47 5 6 32 26 20 28 9 10 15 10 
9 27 3 50 34 13 
12 34 49 33 
==============================

====== Algorithm Status ======
Valor:                6597
Time:                 511
nIter:                23
Best Iter:            23
Improvement Count:    22
==============================
Solution tour: 
0 33 49 20 50 45 17 45 33 22 31 0 53 14 37 14 38 13 8 24 8 11 8 18 41 35 44 41 18 21 41 46 43 42 8 55 52 5 47 23 25 42 40 42 43 46 7 55 43 55 7 13 49 51 49 45 9 10 15 10 
9 27 3 50 34 13 38 19 38 
12 34 49 33 45 16 6 7 46 29 46 26 32 28 32 33 
==============================

====== Algorithm Status ======
Valor:                6634
Time:                 1030
nIter:                39
Best Iter:            39
Improvement Count:    40
==============================
Solution tour: 
0 31 19 22 49 33 49 20 50 45 16 27 28 32 3 50 34 40 24 8 18 21 18 41 21 41 44 35 41 18 41 11 8 55 23 47 5 52 5 25 55 43 42 40 42 43 55 7 46 43 46 54 46 
7 26 49 51 13 43 
14 37 14 53 38 49 13 49 33 51 33 45 17 45 50 1 8 11 48 5 47 6 32 26 0 33 22 33 
==============================

====== Algorithm Status ======
Valor:                6634
Time:                 1030
nIter:                39
Best Iter:            39
Improvement Count:    40
==============================
Solution tour: 
0 31 19 22 49 33 49 20 50 45 16 27 28 32 3 50 34 40 24 8 18 21 18 41 21 41 44 35 41 18 41 11 8 55 23 47 5 52 5 25 55 43 42 40 42 43 55 7 46 43 46 54 46 
7 26 49 51 13 43 
14 37 14 53 38 49 13 49 33 51 33 45 17 45 50 1 8 11 48 5 47 6 32 26 0 33 22 33 
==============================

