=========== Input ===========
File name:                ./instances/created-instances/mm-15-40-1891798.cdop
Total node count:         56
Truck node count:         15
Drone node count:         40
=============================

========== Settings ==========
Settings file:        ./settings/Memetic_MMX_1287823.config
Seed:                 1287823
Reduction method:     -
Max iter:             1000
Population size:      13
Crossover:            MA-MMX
Local Search:         LS
==============================

====== Algorithm Status ======
Valor:                6349
Time:                 260
nIter:                12
Best Iter:            12
Improvement Count:    11
==============================
Solution tour: 
0 42 23 24 45 53 52 26 37 26 48 17 25 31 28 38 39 5 47 30 47 
9 47 5 32 5 8 27 18 22 36 33 47 44 23 18 23 40 55 24 6 24 44 35 50 13 19 46 2 9 20 29 43 41 55 41 21 41 10 41 49 19 13 50 42 54 42 13 54 18 54 0 13 0 8 
==============================

====== Algorithm Status ======
Valor:                6679
Time:                 515
nIter:                24
Best Iter:            24
Improvement Count:    23
==============================
Solution tour: 
0 42 6 24 44 45 53 52 26 37 26 37 26 48 26 25 31 28 38 39 5 47 30 47 
9 20 4 38 32 5 27 54 18 22 18 54 33 47 5 32 25 17 34 11 23 40 23 
2 44 24 6 28 34 17 38 4 51 1 51 29 43 41 21 41 55 40 49 46 13 50 42 54 42 50 13 
==============================

====== Algorithm Status ======
Valor:                6801
Time:                 1010
nIter:                49
Best Iter:            49
Improvement Count:    50
==============================
Solution tour: 
0 42 6 24 44 45 53 52 26 37 26 48 26 25 31 32 38 39 30 47 
9 20 4 38 32 5 39 54 27 54 18 22 18 54 33 47 5 32 48 25 17 34 11 23 40 23 
2 44 24 6 28 34 17 38 4 51 1 51 29 43 41 21 41 55 40 49 46 13 50 42 54 42 50 13 
==============================

====== Algorithm Status ======
Valor:                6801
Time:                 1010
nIter:                49
Best Iter:            49
Improvement Count:    50
==============================
Solution tour: 
0 42 6 24 44 45 53 52 26 37 26 48 26 25 31 32 38 39 30 47 
9 20 4 38 32 5 39 54 27 54 18 22 18 54 33 47 5 32 48 25 17 34 11 23 40 23 
2 44 24 6 28 34 17 38 4 51 1 51 29 43 41 21 41 55 40 49 46 13 50 42 54 42 50 13 
==============================

