=========== Input ===========
File name:                ./instances/created-instances/mm-10-10-1767920.cdop
Total node count:         21
Truck node count:         10
Drone node count:         10
=============================

========== Settings ==========
Settings file:        ./settings/Memetic_MMX_1099666.config
Seed:                 1099666
Reduction method:     -
Max iter:             1000
Population size:      13
Crossover:            MA-MMX
Local Search:         LS
==============================

====== Algorithm Status ======
Valor:                3756
Time:                 250
nIter:                82
Best Iter:            82
Improvement Count:    81
==============================
Solution tour: 
0 8 7 8 1 14 9 14 10 14 
1 11 8 19 13 11 20 19 20 11 7 16 7 4 17 12 17 20 4 16 2 16 4 20 17 13 18 20 18 13 3 
10 3 13 19 1 19 16 19 8 15 8 
==============================

====== Algorithm Status ======
Valor:                3824
Time:                 504
nIter:                162
Best Iter:            162
Improvement Count:    161
==============================
Solution tour: 
0 8 7 11 1 14 9 14 
1 7 8 19 11 20 19 20 11 7 16 7 4 17 12 17 20 4 16 2 16 4 20 17 13 18 20 18 13 3 
10 3 13 19 1 19 16 19 8 15 8 
==============================

====== Algorithm Status ======
Valor:                3783
Time:                 1002
nIter:                299
Best Iter:            299
Improvement Count:    300
==============================
Solution tour: 
0 8 7 11 7 19 1 14 9 14 
1 7 8 19 20 19 4 7 16 7 4 20 17 12 17 20 4 16 2 16 4 13 18 20 18 13 3 
10 3 13 19 13 1 19 8 15 8 
==============================

====== Algorithm Status ======
Valor:                3783
Time:                 1002
nIter:                299
Best Iter:            299
Improvement Count:    300
==============================
Solution tour: 
0 8 7 11 7 19 1 14 9 14 
1 7 8 19 20 19 4 7 16 7 4 20 17 12 17 20 4 16 2 16 4 13 18 20 18 13 3 
10 3 13 19 13 1 19 8 15 8 
==============================

