=========== Input ===========
File name:                ./instances/created-instances/mm-15-40-1110588.cdop
Total node count:         56
Truck node count:         15
Drone node count:         40
=============================

========== Settings ==========
Settings file:        ./settings/Memetic_MMX_1099666.config
Seed:                 1099666
Reduction method:     -
Max iter:             1000
Population size:      13
Crossover:            MA-MMX
Local Search:         LS
==============================

====== Algorithm Status ======
Valor:                7119
Time:                 274
nIter:                12
Best Iter:            12
Improvement Count:    11
==============================
Solution tour: 
0 14 32 18 32 14 
5 14 35 14 23 48 36 55 41 40 28 53 6 22 51 22 31 22 38 22 47 19 32 37 45 40 12 
4 46 37 6 21 27 20 27 21 6 32 
6 53 34 50 34 53 52 21 39 25 39 21 53 29 53 35 49 43 49 35 53 51 2 31 2 51 13 
==============================

====== Algorithm Status ======
Valor:                7119
Time:                 516
nIter:                24
Best Iter:            24
Improvement Count:    23
==============================
Solution tour: 
0 14 32 18 32 14 
5 14 35 14 23 48 36 55 41 40 28 53 6 22 51 22 31 22 38 22 47 19 32 37 45 40 12 
4 46 37 6 21 27 20 27 21 6 32 
6 53 34 50 34 53 52 21 39 25 39 21 53 29 53 35 49 43 49 35 53 51 2 31 2 51 13 
==============================

====== Algorithm Status ======
Valor:                7119
Time:                 1008
nIter:                45
Best Iter:            45
Improvement Count:    46
==============================
Solution tour: 
0 14 32 18 32 14 
5 14 35 14 23 48 36 55 41 40 28 53 6 22 51 22 31 22 38 22 47 19 32 37 45 40 12 
4 46 37 6 21 27 20 27 21 6 32 
6 53 34 50 34 53 52 21 39 25 39 21 53 29 53 35 49 43 49 35 53 51 2 31 2 51 13 
==============================

====== Algorithm Status ======
Valor:                7119
Time:                 1008
nIter:                45
Best Iter:            45
Improvement Count:    46
==============================
Solution tour: 
0 14 32 18 32 14 
5 14 35 14 23 48 36 55 41 40 28 53 6 22 51 22 31 22 38 22 47 19 32 37 45 40 12 
4 46 37 6 21 27 20 27 21 6 32 
6 53 34 50 34 53 52 21 39 25 39 21 53 29 53 35 49 43 49 35 53 51 2 31 2 51 13 
==============================

