=========== Input ===========
File name:                ./instances/created-instances/mm-10-10-1110588.cdop
Total node count:         21
Truck node count:         10
Drone node count:         10
=============================

========== Settings ==========
Settings file:        ./settings/Memetic-LS_MMX_1881515.config
Seed:                 1881515
Reduction method:     -
Max iter:             1000
Population size:      13
Crossover:            MA-MMX
Local Search:         -
==============================

====== Algorithm Status ======
Valor:                2236
Time:                 250
nIter:                1041
Best Iter:            1041
Improvement Count:    1040
==============================
Solution tour: 
0 19 14 16 15 16 15 19 15 16 7 15 7 16 14 10 14 
8 10 0 10 
1 10 15 
4 14 
3 12 
6 
5 11 
==============================

====== Algorithm Status ======
Valor:                2236
Time:                 500
nIter:                1951
Best Iter:            1951
Improvement Count:    1950
==============================
Solution tour: 
0 19 14 16 15 16 15 19 15 16 7 15 7 16 14 10 14 
8 10 0 10 
1 10 15 
4 14 
3 12 
6 
5 11 
==============================

====== Algorithm Status ======
Valor:                2236
Time:                 1001
nIter:                3681
Best Iter:            3681
Improvement Count:    3682
==============================
Solution tour: 
0 19 14 16 15 16 15 19 15 16 7 15 7 16 14 10 14 
8 10 0 10 
1 10 15 
4 14 
3 12 
6 
5 11 
==============================

====== Algorithm Status ======
Valor:                2236
Time:                 1001
nIter:                3681
Best Iter:            3681
Improvement Count:    3682
==============================
Solution tour: 
0 19 14 16 15 16 15 19 15 16 7 15 7 16 14 10 14 
8 10 0 10 
1 10 15 
4 14 
3 12 
6 
5 11 
==============================

