=========== Input ===========
File name:                ./instances/created-instances/mm-15-25-1767920.cdop
Total node count:         41
Truck node count:         15
Drone node count:         25
=============================

========== Settings ==========
Settings file:        ./settings/Memetic-LS_MPX_1287823.config
Seed:                 1287823
Reduction method:     -
Max iter:             1000
Population size:      13
Crossover:            MA-MPX
Local Search:         -
==============================

====== Algorithm Status ======
Valor:                1878
Time:                 250
nIter:                120
Best Iter:            120
Improvement Count:    119
==============================
Solution tour: 
0 39 
12 30 
9 
3 21 36 29 40 33 32 
15 26 25 37 18 34 16 28 23 
5 
10 
1 35 24 17 
11 
4 
6 22 38 20 31 19 
8 
7 
2 27 
14 
13 
==============================

====== Algorithm Status ======
Valor:                1878
Time:                 500
nIter:                247
Best Iter:            247
Improvement Count:    246
==============================
Solution tour: 
0 39 
12 30 
9 
3 21 36 29 40 33 32 
15 26 25 37 18 34 16 28 23 
5 
10 
1 35 24 17 
11 
4 
6 22 38 20 31 19 
8 
7 
2 27 
14 
13 
==============================

====== Algorithm Status ======
Valor:                391
Time:                 1001
nIter:                492
Best Iter:            492
Improvement Count:    493
==============================
Solution tour: 
0 39 
12 
9 
3 
15 
5 
10 
1 
11 
4 
6 
8 
7 
2 
14 
13 
==============================

====== Algorithm Status ======
Valor:                391
Time:                 1001
nIter:                492
Best Iter:            492
Improvement Count:    493
==============================
Solution tour: 
0 39 
12 
9 
3 
15 
5 
10 
1 
11 
4 
6 
8 
7 
2 
14 
13 
==============================

