=========== Input ===========
File name:                ./instances/created-instances/mm-15-25-1762875.cdop
Total node count:         41
Truck node count:         15
Drone node count:         25
=============================

========== Settings ==========
Settings file:        ./settings/Memetic-LS_MPX_1881515.config
Seed:                 1881515
Reduction method:     -
Max iter:             1000
Population size:      13
Crossover:            MA-MPX
Local Search:         -
==============================

====== Algorithm Status ======
Valor:                2006
Time:                 250
nIter:                124
Best Iter:            124
Improvement Count:    123
==============================
Solution tour: 
0 
2 
15 29 36 25 19 33 
1 35 
14 16 
5 18 27 38 
4 34 
9 40 32 21 20 
6 24 37 26 23 22 30 
3 
12 17 31 
13 
7 
11 
10 28 
8 39 
==============================

====== Algorithm Status ======
Valor:                2.122e-314
Time:                 500
nIter:                248
Best Iter:            248
Improvement Count:    247
==============================
Solution tour: 
0 36 
7 29 16 
12 24 
9 21 
1 
13 22 20 18 34 
14 
10 
5 
15 31 
2 39 28 
8 33 30 
11 
6 
4 19 26 38 23 
3 40 37 32 35 17 27 25 
==============================

====== Algorithm Status ======
Valor:                618
Time:                 1001
nIter:                519
Best Iter:            519
Improvement Count:    520
==============================
Solution tour: 
0 
7 
12 
9 
1 
13 
14 
10 
5 
2 
8 
11 
6 
4 
3 25 
==============================

====== Algorithm Status ======
Valor:                618
Time:                 1001
nIter:                519
Best Iter:            519
Improvement Count:    520
==============================
Solution tour: 
0 
7 
12 
9 
1 
13 
14 
10 
5 
2 
8 
11 
6 
4 
3 25 
==============================

