=========== Input ===========
File name:                ./instances/created-instances/mm-10-40-1110588.cdop
Total node count:         51
Truck node count:         10
Drone node count:         40
=============================

========== Settings ==========
Settings file:        ./settings/Memetic_MMX_1099666.config
Seed:                 1099666
Reduction method:     -
Max iter:             1000
Population size:      13
Crossover:            MA-MMX
Local Search:         LS
==============================

====== Algorithm Status ======
Valor:                6328
Time:                 261
nIter:                17
Best Iter:            17
Improvement Count:    16
==============================
Solution tour: 
0 20 18 34 46 27 18 49 29 50 49 30 39 13 37 36 45 36 25 2 49 50 6 
5 44 5 26 33 15 33 13 22 3 22 2 29 2 26 48 41 31 40 47 7 32 42 32 
7 47 32 13 19 36 19 30 27 37 13 35 24 14 9 14 42 17 43 17 20 
==============================

====== Algorithm Status ======
Valor:                6526
Time:                 514
nIter:                37
Best Iter:            37
Improvement Count:    36
==============================
Solution tour: 
0 20 37 27 30 18 29 2 25 11 40 48 0 37 29 19 36 19 20 18 49 2 29 37 13 37 36 45 36 25 2 49 50 49 
5 44 39 13 26 33 15 33 26 13 22 3 22 2 22 13 3 7 47 7 32 15 16 14 9 14 42 4 35 28 34 46 24 21 38 17 43 17 20 
==============================

====== Algorithm Status ======
Valor:                6615
Time:                 1011
nIter:                83
Best Iter:            83
Improvement Count:    84
==============================
Solution tour: 
0 20 37 27 30 12 18 29 2 25 49 6 37 45 0 36 37 29 49 50 3 19 36 19 3 0 20 36 19 20 18 50 49 2 29 37 13 37 36 45 36 25 2 49 29 
5 44 39 13 26 33 15 33 26 3 22 2 22 3 13 32 7 47 7 32 15 16 14 9 14 42 4 35 34 46 24 21 38 17 43 17 20 
==============================

====== Algorithm Status ======
Valor:                6615
Time:                 1011
nIter:                83
Best Iter:            83
Improvement Count:    84
==============================
Solution tour: 
0 20 37 27 30 12 18 29 2 25 49 6 37 45 0 36 37 29 49 50 3 19 36 19 3 0 20 36 19 20 18 50 49 2 29 37 13 37 36 45 36 25 2 49 29 
5 44 39 13 26 33 15 33 26 3 22 2 22 3 13 32 7 47 7 32 15 16 14 9 14 42 4 35 34 46 24 21 38 17 43 17 20 
==============================

