=========== Input ===========
File name:                ./instances/created-instances/mm-15-25-1891798.cdop
Total node count:         41
Truck node count:         15
Drone node count:         25
=============================

========== Settings ==========
Settings file:        ./settings/Memetic_MPX_1881515.config
Seed:                 1881515
Reduction method:     -
Max iter:             1000
Population size:      13
Crossover:            MA-MPX
Local Search:         LS
==============================

====== Algorithm Status ======
Valor:                4695
Time:                 252
nIter:                47
Best Iter:            47
Improvement Count:    46
==============================
Solution tour: 
0 33 27 40 
13 40 
9 30 38 24 
11 
6 11 4 
1 11 2 16 
10 0 33 23 
4 20 4 11 24 
3 26 25 28 37 31 17 31 37 32 
15 30 8 36 22 35 22 
7 22 18 33 40 33 
14 33 18 27 18 40 
8 39 34 15 
5 6 13 
==============================

====== Algorithm Status ======
Valor:                4786
Time:                 502
nIter:                83
Best Iter:            83
Improvement Count:    82
==============================
Solution tour: 
0 33 
8 27 34 15 28 25 24 
3 26 17 31 37 28 38 24 11 
6 11 5 34 39 
14 33 0 
5 11 30 
9 16 20 
4 
11 24 39 
12 23 4 20 29 13 40 
13 19 35 
10 21 40 18 40 
2 16 2 11 4 
1 20 23 33 7 22 7 
==============================

====== Algorithm Status ======
Valor:                4786
Time:                 1005
nIter:                154
Best Iter:            154
Improvement Count:    155
==============================
Solution tour: 
0 33 
8 27 34 15 28 25 24 
3 26 17 31 37 28 38 24 11 
6 11 5 34 39 
14 33 0 
5 11 30 
9 16 20 
4 
11 24 39 
12 23 4 20 29 13 40 
13 19 35 
10 21 40 18 40 
2 16 2 11 4 
1 20 23 33 7 22 7 
==============================

====== Algorithm Status ======
Valor:                4786
Time:                 1005
nIter:                154
Best Iter:            154
Improvement Count:    155
==============================
Solution tour: 
0 33 
8 27 34 15 28 25 24 
3 26 17 31 37 28 38 24 11 
6 11 5 34 39 
14 33 0 
5 11 30 
9 16 20 
4 
11 24 39 
12 23 4 20 29 13 40 
13 19 35 
10 21 40 18 40 
2 16 2 11 4 
1 20 23 33 7 22 7 
==============================

