=========== Input ===========
File name:                ./instances/created-instances/mm-15-25-1891798.cdop
Total node count:         41
Truck node count:         15
Drone node count:         25
=============================

========== Settings ==========
Settings file:        ./settings/Memetic_MPX_1287823.config
Seed:                 1287823
Reduction method:     -
Max iter:             1000
Population size:      13
Crossover:            MA-MPX
Local Search:         LS
==============================

====== Algorithm Status ======
Valor:                4530
Time:                 250
nIter:                38
Best Iter:            38
Improvement Count:    37
==============================
Solution tour: 
0 22 7 36 18 33 5 
7 22 18 40 
10 29 6 
11 5 39 
14 39 34 15 30 
9 6 
5 6 
4 20 11 24 38 24 11 6 
15 17 31 26 37 31 37 28 25 28 32 
8 
12 23 9 40 
13 21 2 16 
2 
6 2 19 35 27 
==============================

====== Algorithm Status ======
Valor:                4895
Time:                 507
nIter:                75
Best Iter:            75
Improvement Count:    74
==============================
Solution tour: 
0 33 18 22 
7 22 7 36 27 18 30 0 
13 40 13 21 
10 21 19 35 19 1 
3 24 38 24 11 2 16 
2 11 6 
11 24 39 34 15 
5 15 34 39 32 17 31 37 26 25 24 11 4 
1 20 16 2 29 40 18 40 2 18 27 
14 39 
12 23 6 5 
8 32 15 30 33 
==============================

====== Algorithm Status ======
Valor:                4919
Time:                 1006
nIter:                144
Best Iter:            144
Improvement Count:    145
==============================
Solution tour: 
0 33 27 18 40 19 35 
2 16 20 
4 11 24 38 24 11 
5 30 
9 11 6 5 15 34 39 
14 39 34 15 5 6 11 2 35 13 21 
10 29 6 23 8 
7 22 7 36 8 40 
13 40 19 21 13 23 
12 39 
15 32 17 31 26 37 31 37 28 25 24 
1 
11 40 
==============================

====== Algorithm Status ======
Valor:                4919
Time:                 1006
nIter:                144
Best Iter:            144
Improvement Count:    145
==============================
Solution tour: 
0 33 27 18 40 19 35 
2 16 20 
4 11 24 38 24 11 
5 30 
9 11 6 5 15 34 39 
14 39 34 15 5 6 11 2 35 13 21 
10 29 6 23 8 
7 22 7 36 8 40 
13 40 19 21 13 23 
12 39 
15 32 17 31 26 37 31 37 28 25 24 
1 
11 40 
==============================

