=========== Input ===========
File name:                ./instances/created-instances/mm-10-25-1110588.cdop
Total node count:         36
Truck node count:         10
Drone node count:         25
=============================

========== Settings ==========
Settings file:        ./settings/Memetic_MMX_1287823.config
Seed:                 1287823
Reduction method:     -
Max iter:             1000
Population size:      13
Crossover:            MA-MMX
Local Search:         LS
==============================

====== Algorithm Status ======
Valor:                4983
Time:                 254
nIter:                26
Best Iter:            26
Improvement Count:    25
==============================
Solution tour: 
0 26 22 6 12 30 12 28 34 27 30 6 19 25 2 29 13 16 33 26 3 13 3 26 0 31 11 7 15 4 14 9 5 13 
3 35 15 32 5 6 22 18 22 6 5 17 9 14 8 21 24 21 14 0 19 26 13 4 21 
8 14 9 17 5 32 15 13 26 0 20 
==============================

====== Algorithm Status ======
Valor:                5043
Time:                 504
nIter:                51
Best Iter:            51
Improvement Count:    50
==============================
Solution tour: 
0 26 22 6 12 30 12 28 34 27 30 6 19 25 2 29 13 16 33 26 11 3 13 5 9 5 13 
3 35 15 32 5 13 6 22 18 22 6 5 17 9 14 8 21 24 21 14 0 19 26 13 4 21 
8 14 9 17 5 32 15 5 13 26 0 20 
==============================

====== Algorithm Status ======
Valor:                5367
Time:                 1002
nIter:                106
Best Iter:            106
Improvement Count:    107
==============================
Solution tour: 
0 26 22 30 12 35 27 34 27 30 22 6 19 2 25 2 29 19 3 13 3 0 7 0 20 33 32 
5 17 35 12 30 12 28 12 30 35 14 9 17 9 14 17 5 13 26 19 26 13 6 22 18 22 4 14 21 24 21 8 21 
8 14 9 14 9 5 32 15 26 0 20 
==============================

====== Algorithm Status ======
Valor:                5367
Time:                 1002
nIter:                106
Best Iter:            106
Improvement Count:    107
==============================
Solution tour: 
0 26 22 30 12 35 27 34 27 30 22 6 19 2 25 2 29 19 3 13 3 0 7 0 20 33 32 
5 17 35 12 30 12 28 12 30 35 14 9 17 9 14 17 5 13 26 19 26 13 6 22 18 22 4 14 21 24 21 8 21 
8 14 9 14 9 5 32 15 26 0 20 
==============================

