=========== Input ===========
File name:                ./instances/created-instances/mm-15-10-1762875.cdop
Total node count:         26
Truck node count:         15
Drone node count:         10
=============================

========== Settings ==========
Settings file:        ./settings/Memetic-LS_MPX_1287823.config
Seed:                 1287823
Reduction method:     -
Max iter:             1000
Population size:      13
Crossover:            MA-MPX
Local Search:         -
==============================

====== Algorithm Status ======
Valor:                0
Time:                 250
nIter:                468
Best Iter:            468
Improvement Count:    467
==============================
Solution tour: 
0 
1 18 20 
11 
9 
10 23 
14 
6 25 22 
7 
8 24 19 
3 
15 16 17 21 
4 
2 
12 
13 
5 
==============================

====== Algorithm Status ======
Valor:                954
Time:                 500
nIter:                926
Best Iter:            926
Improvement Count:    925
==============================
Solution tour: 
0 21 20 
5 
15 19 25 22 
13 
7 18 
11 23 
12 
14 
8 
9 
3 
10 17 16 
4 24 
2 
6 
1 
==============================

====== Algorithm Status ======
Valor:                459
Time:                 1001
nIter:                1851
Best Iter:            1851
Improvement Count:    1852
==============================
Solution tour: 
0 
5 
13 
7 
11 
12 
14 
8 
9 
3 
10 
4 
2 
6 
==============================

====== Algorithm Status ======
Valor:                459
Time:                 1001
nIter:                1851
Best Iter:            1851
Improvement Count:    1852
==============================
Solution tour: 
0 
5 
13 
7 
11 
12 
14 
8 
9 
3 
10 
4 
2 
6 
==============================

