=========== Input ===========
File name:                ./instances/created-instances/mm-10-25-1767920.cdop
Total node count:         36
Truck node count:         10
Drone node count:         25
=============================

========== Settings ==========
Settings file:        ./settings/Memetic_MMX_1287823.config
Seed:                 1287823
Reduction method:     -
Max iter:             1000
Population size:      13
Crossover:            MA-MMX
Local Search:         LS
==============================

====== Algorithm Status ======
Valor:                5494
Time:                 256
nIter:                29
Best Iter:            29
Improvement Count:    28
==============================
Solution tour: 
0 33 13 33 0 30 21 30 0 13 20 12 20 13 32 1 27 1 6 16 22 
2 5 24 22 24 5 2 22 16 34 4 28 11 13 17 13 18 8 23 8 1 31 18 33 18 16 20 16 6 9 26 9 10 9 14 31 1 
6 15 28 12 17 25 
==============================

====== Algorithm Status ======
Valor:                5846
Time:                 501
nIter:                80
Best Iter:            80
Improvement Count:    79
==============================
Solution tour: 
0 33 13 33 0 30 21 30 0 28 15 28 12 20 17 13 32 1 27 1 18 16 2 5 2 16 22 24 5 22 
2 22 5 24 22 16 20 13 18 33 18 1 31 14 31 1 32 13 17 19 17 23 8 23 18 31 3 31 3 25 3 31 9 10 9 31 3 10 26 31 1 8 11 19 20 11 23 25 
==============================

====== Algorithm Status ======
Valor:                5956
Time:                 1013
nIter:                174
Best Iter:            174
Improvement Count:    175
==============================
Solution tour: 
0 33 13 33 0 30 21 30 0 25 8 28 15 28 12 20 17 13 32 1 27 1 18 23 11 16 5 2 5 16 22 24 5 22 
2 22 5 24 22 16 20 13 18 33 18 1 31 14 31 1 32 13 17 19 20 17 23 19 17 23 8 23 18 31 26 31 3 25 3 31 9 10 9 31 18 13 
==============================

====== Algorithm Status ======
Valor:                5956
Time:                 1013
nIter:                174
Best Iter:            174
Improvement Count:    175
==============================
Solution tour: 
0 33 13 33 0 30 21 30 0 25 8 28 15 28 12 20 17 13 32 1 27 1 18 23 11 16 5 2 5 16 22 24 5 22 
2 22 5 24 22 16 20 13 18 33 18 1 31 14 31 1 32 13 17 19 20 17 23 19 17 23 8 23 18 31 26 31 3 25 3 31 9 10 9 31 18 13 
==============================

