=========== Input ===========
File name:                ./instances/created-instances/mm-10-40-1917698.cdop
Total node count:         51
Truck node count:         10
Drone node count:         40
=============================

========== Settings ==========
Settings file:        ./settings/Memetic_MPX_1099666.config
Seed:                 1099666
Reduction method:     -
Max iter:             1000
Population size:      13
Crossover:            MA-MPX
Local Search:         LS
==============================

====== Algorithm Status ======
Valor:                6277
Time:                 262
nIter:                22
Best Iter:            22
Improvement Count:    21
==============================
Solution tour: 
0 26 49 41 30 49 9 43 26 42 17 42 26 43 
9 49 30 9 26 39 33 21 4 33 0 
7 11 44 29 28 29 46 48 14 40 14 12 35 19 12 19 35 12 
6 12 41 23 27 28 44 30 16 
2 38 44 
5 38 47 49 27 30 
4 21 33 24 
3 4 17 4 50 37 
10 31 22 36 1 22 
1 15 3 13 24 32 
==============================

====== Algorithm Status ======
Valor:                6452
Time:                 500
nIter:                38
Best Iter:            38
Improvement Count:    37
==============================
Solution tour: 
0 42 26 42 17 42 2 16 38 47 
3 39 4 17 4 50 10 37 33 39 
9 43 9 49 9 39 33 37 
10 31 22 36 22 1 22 
1 15 3 13 24 32 2 
7 11 44 29 28 29 46 48 46 29 14 40 14 12 35 19 12 19 35 12 
6 12 41 23 27 28 44 30 
4 21 33 24 
8 
2 38 44 38 16 
==============================

====== Algorithm Status ======
Valor:                6452
Time:                 1003
nIter:                74
Best Iter:            74
Improvement Count:    75
==============================
Solution tour: 
0 42 26 42 17 42 2 16 38 47 
3 39 4 17 4 50 10 37 33 39 
9 43 9 49 9 39 33 37 
10 31 22 36 22 1 22 
1 15 3 13 24 32 2 
7 11 44 29 28 29 46 48 46 29 14 40 14 12 35 19 12 19 35 12 
6 12 41 23 27 28 44 30 
4 21 33 24 
8 
2 38 44 38 16 
==============================

====== Algorithm Status ======
Valor:                6452
Time:                 1003
nIter:                74
Best Iter:            74
Improvement Count:    75
==============================
Solution tour: 
0 42 26 42 17 42 2 16 38 47 
3 39 4 17 4 50 10 37 33 39 
9 43 9 49 9 39 33 37 
10 31 22 36 22 1 22 
1 15 3 13 24 32 2 
7 11 44 29 28 29 46 48 46 29 14 40 14 12 35 19 12 19 35 12 
6 12 41 23 27 28 44 30 
4 21 33 24 
8 
2 38 44 38 16 
==============================

