=========== Input ===========
File name:                ./instances/created-instances/mm-10-25-1110588.cdop
Total node count:         36
Truck node count:         10
Drone node count:         25
=============================

========== Settings ==========
Settings file:        ./settings/Memetic-LS_MPX_1287823.config
Seed:                 1287823
Reduction method:     -
Max iter:             1000
Population size:      13
Crossover:            MA-MPX
Local Search:         -
==============================

====== Algorithm Status ======
Valor:                1767
Time:                 251
nIter:                135
Best Iter:            135
Improvement Count:    134
==============================
Solution tour: 
0 
1 34 27 28 13 
3 17 31 
8 
6 20 12 35 
9 
10 26 15 
4 22 25 23 16 11 
7 30 24 33 14 19 
2 32 
5 29 21 18 
==============================

====== Algorithm Status ======
Valor:                1.03754e-322
Time:                 501
nIter:                284
Best Iter:            284
Improvement Count:    283
==============================
Solution tour: 
0 33 16 
10 34 31 26 13 29 20 
1 32 28 22 11 23 12 
9 24 21 25 15 18 
7 
2 30 19 
6 
5 17 14 27 35 
3 
8 
4 
==============================

====== Algorithm Status ======
Valor:                511
Time:                 1001
nIter:                594
Best Iter:            594
Improvement Count:    595
==============================
Solution tour: 
0 
1 
4 
10 
9 
2 
5 
7 30 16 
3 
6 
8 31 22 
==============================

====== Algorithm Status ======
Valor:                511
Time:                 1001
nIter:                594
Best Iter:            594
Improvement Count:    595
==============================
Solution tour: 
0 
1 
4 
10 
9 
2 
5 
7 30 16 
3 
6 
8 31 22 
==============================

