=========== Input ===========
File name:                ./instances/created-instances/mm-10-10-1110588.cdop
Total node count:         21
Truck node count:         10
Drone node count:         10
=============================

========== Settings ==========
Settings file:        ./settings/Memetic_MMX_1881515.config
Seed:                 1881515
Reduction method:     -
Max iter:             1000
Population size:      13
Crossover:            MA-MMX
Local Search:         LS
==============================

====== Algorithm Status ======
Valor:                3297
Time:                 251
nIter:                120
Best Iter:            120
Improvement Count:    119
==============================
Solution tour: 
0 19 0 10 11 10 11 20 13 12 3 4 13 4 17 14 16 7 15 10 15 7 16 14 
4 14 10 0 6 2 6 15 6 0 12 18 12 13 20 11 13 
==============================

====== Algorithm Status ======
Valor:                3346
Time:                 502
nIter:                245
Best Iter:            245
Improvement Count:    244
==============================
Solution tour: 
0 10 11 10 11 20 13 12 3 17 4 13 4 17 14 16 7 15 10 15 7 16 14 
4 14 10 0 6 2 6 15 6 0 12 18 12 13 20 11 13 0 19 
==============================

====== Algorithm Status ======
Valor:                3299
Time:                 1003
nIter:                440
Best Iter:            440
Improvement Count:    441
==============================
Solution tour: 
0 10 11 10 11 20 13 12 3 17 4 13 4 17 14 16 7 15 10 15 7 16 14 
4 14 10 0 6 2 6 15 6 0 12 18 12 13 20 11 0 19 
==============================

====== Algorithm Status ======
Valor:                3299
Time:                 1003
nIter:                440
Best Iter:            440
Improvement Count:    441
==============================
Solution tour: 
0 10 11 10 11 20 13 12 3 17 4 13 4 17 14 16 7 15 10 15 7 16 14 
4 14 10 0 6 2 6 15 6 0 12 18 12 13 20 11 0 19 
==============================

