=========== Input ===========
File name:                ./instances/created-instances/mm-10-10-1762875.cdop
Total node count:         21
Truck node count:         10
Drone node count:         10
=============================

========== Settings ==========
Settings file:        ./settings/Memetic_MPX_1881515.config
Seed:                 1881515
Reduction method:     -
Max iter:             1000
Population size:      13
Crossover:            MA-MPX
Local Search:         LS
==============================

====== Algorithm Status ======
Valor:                2627
Time:                 250
nIter:                121
Best Iter:            121
Improvement Count:    120
==============================
Solution tour: 
0 5 13 
6 17 
4 17 6 13 5 
7 16 15 11 
8 11 14 7 9 4 
3 15 3 11 7 11 20 16 12 19 12 1 19 
10 1 5 0 10 19 
1 10 0 
2 9 7 
==============================

====== Algorithm Status ======
Valor:                2627
Time:                 500
nIter:                235
Best Iter:            235
Improvement Count:    234
==============================
Solution tour: 
0 5 13 
6 17 
4 17 6 13 5 
7 16 15 11 
8 11 14 7 9 4 
3 15 3 11 7 11 20 16 12 19 12 1 19 
10 1 5 0 10 19 
1 10 0 
2 9 7 
==============================

====== Algorithm Status ======
Valor:                2628
Time:                 1002
nIter:                470
Best Iter:            470
Improvement Count:    471
==============================
Solution tour: 
0 
6 17 
4 17 6 13 5 0 
7 14 11 
8 11 14 7 18 15 
3 15 3 11 7 16 12 19 1 10 19 13 6 7 
9 2 19 
10 
1 5 13 
2 9 7 
==============================

====== Algorithm Status ======
Valor:                2628
Time:                 1002
nIter:                470
Best Iter:            470
Improvement Count:    471
==============================
Solution tour: 
0 
6 17 
4 17 6 13 5 0 
7 14 11 
8 11 14 7 18 15 
3 15 3 11 7 16 12 19 1 10 19 13 6 7 
9 2 19 
10 
1 5 13 
2 9 7 
==============================

