=========== Input ===========
File name:                ./instances/created-instances/mm-15-25-1110588.cdop
Total node count:         41
Truck node count:         15
Drone node count:         25
=============================

========== Settings ==========
Settings file:        ./settings/Memetic-LS_MPX_1287823.config
Seed:                 1287823
Reduction method:     -
Max iter:             1000
Population size:      13
Crossover:            MA-MPX
Local Search:         -
==============================

====== Algorithm Status ======
Valor:                1955
Time:                 250
nIter:                113
Best Iter:            113
Improvement Count:    112
==============================
Solution tour: 
0 25 21 
9 39 30 22 
13 20 
14 
3 26 
11 16 33 
6 23 37 
7 27 28 
15 
10 
8 
4 40 19 24 36 18 29 17 
5 32 
12 
2 38 34 31 
1 35 
==============================

====== Algorithm Status ======
Valor:                1955
Time:                 503
nIter:                237
Best Iter:            237
Improvement Count:    236
==============================
Solution tour: 
0 25 21 
9 39 30 22 
13 20 
14 
3 26 
11 16 33 
6 23 37 
7 27 28 
15 
10 
8 
4 40 19 24 36 18 29 17 
5 32 
12 
2 38 34 31 
1 35 
==============================

====== Algorithm Status ======
Valor:                440
Time:                 1001
nIter:                469
Best Iter:            469
Improvement Count:    470
==============================
Solution tour: 
0 
5 
9 
2 
11 
13 
1 
4 
6 
14 
3 
15 
10 
7 
12 
==============================

====== Algorithm Status ======
Valor:                440
Time:                 1001
nIter:                469
Best Iter:            469
Improvement Count:    470
==============================
Solution tour: 
0 
5 
9 
2 
11 
13 
1 
4 
6 
14 
3 
15 
10 
7 
12 
==============================

