=========== Input ===========
File name:                ./instances/created-instances/mm-10-25-1110588.cdop
Total node count:         36
Truck node count:         10
Drone node count:         25
=============================

========== Settings ==========
Settings file:        ./settings/Memetic-LS_MMX_1099666.config
Seed:                 1099666
Reduction method:     -
Max iter:             1000
Population size:      13
Crossover:            MA-MMX
Local Search:         -
==============================

====== Algorithm Status ======
Valor:                2308
Time:                 250
nIter:                242
Best Iter:            242
Improvement Count:    241
==============================
Solution tour: 
0 31 34 27 23 
3 29 16 11 
2 33 35 26 13 32 
5 
4 28 
9 17 15 35 
8 19 15 30 
7 25 18 
==============================

====== Algorithm Status ======
Valor:                2760
Time:                 500
nIter:                570
Best Iter:            570
Improvement Count:    569
==============================
Solution tour: 
0 30 27 34 27 30 27 34 27 23 
3 34 29 16 11 33 16 33 35 33 26 13 26 
4 
5 32 
9 35 15 35 
8 
7 25 18 
==============================

====== Algorithm Status ======
Valor:                2792
Time:                 1001
nIter:                1229
Best Iter:            1229
Improvement Count:    1230
==============================
Solution tour: 
0 27 34 27 30 27 34 27 23 
3 34 29 16 11 33 16 33 35 33 26 13 26 
4 
5 32 
9 35 15 35 
8 
7 25 18 
==============================

====== Algorithm Status ======
Valor:                2792
Time:                 1001
nIter:                1229
Best Iter:            1229
Improvement Count:    1230
==============================
Solution tour: 
0 27 34 27 30 27 34 27 23 
3 34 29 16 11 33 16 33 35 33 26 13 26 
4 
5 32 
9 35 15 35 
8 
7 25 18 
==============================

