=========== Input ===========
File name:                ./instances/created-instances/mm-15-10-1891798.cdop
Total node count:         26
Truck node count:         15
Drone node count:         10
=============================

========== Settings ==========
Settings file:        ./settings/Memetic-LS_MPX_1287823.config
Seed:                 1287823
Reduction method:     -
Max iter:             1000
Population size:      13
Crossover:            MA-MPX
Local Search:         -
==============================

====== Algorithm Status ======
Valor:                1670
Time:                 250
nIter:                493
Best Iter:            493
Improvement Count:    492
==============================
Solution tour: 
0 
14 20 23 
2 
7 22 
5 
15 17 24 
4 
9 25 
6 
12 
8 18 
13 
11 
1 25 
3 21 
10 21 
==============================

====== Algorithm Status ======
Valor:                1826
Time:                 500
nIter:                1009
Best Iter:            1009
Improvement Count:    1008
==============================
Solution tour: 
0 22 
6 
5 20 
2 
10 20 23 
7 19 
13 
9 16 
11 
8 
14 23 17 
15 21 
1 25 
12 24 
4 
==============================

====== Algorithm Status ======
Valor:                2216
Time:                 1001
nIter:                1951
Best Iter:            1951
Improvement Count:    1952
==============================
Solution tour: 
0 22 
14 23 17 
15 21 
1 25 
12 24 
4 24 
2 
5 
6 21 16 
9 16 
10 20 23 
7 19 
13 19 20 
11 
==============================

====== Algorithm Status ======
Valor:                2216
Time:                 1001
nIter:                1951
Best Iter:            1951
Improvement Count:    1952
==============================
Solution tour: 
0 22 
14 23 17 
15 21 
1 25 
12 24 
4 24 
2 
5 
6 21 16 
9 16 
10 20 23 
7 19 
13 19 20 
11 
==============================

