=========== Input ===========
File name:                ./instances/created-instances/mm-15-25-1767920.cdop
Total node count:         41
Truck node count:         15
Drone node count:         25
=============================

========== Settings ==========
Settings file:        ./settings/Memetic_MPX_1287823.config
Seed:                 1287823
Reduction method:     -
Max iter:             1000
Population size:      13
Crossover:            MA-MPX
Local Search:         LS
==============================

====== Algorithm Status ======
Valor:                4550
Time:                 256
nIter:                33
Best Iter:            33
Improvement Count:    32
==============================
Solution tour: 
0 37 29 35 36 35 4 21 7 
6 8 12 
8 17 16 9 32 16 
3 32 16 32 17 8 
5 8 1 17 
1 28 10 
15 10 28 16 17 20 26 13 24 18 21 
4 7 
11 24 13 34 40 34 27 
9 27 10 9 16 20 1 20 
13 
7 25 
2 23 7 13 34 38 
==============================

====== Algorithm Status ======
Valor:                4550
Time:                 502
nIter:                61
Best Iter:            61
Improvement Count:    60
==============================
Solution tour: 
0 37 29 35 36 35 4 21 7 
6 8 12 
8 17 16 9 32 16 
3 32 16 32 17 8 
5 8 1 17 
1 28 10 
15 10 28 16 17 20 26 13 24 18 21 
4 7 
11 24 13 34 40 34 27 
9 27 10 9 16 20 1 20 
13 
7 25 
2 23 7 13 34 38 
==============================

====== Algorithm Status ======
Valor:                4550
Time:                 1004
nIter:                119
Best Iter:            119
Improvement Count:    120
==============================
Solution tour: 
0 37 29 35 36 35 4 21 7 
6 8 12 
8 17 16 9 32 16 
3 32 16 32 17 8 
5 8 1 17 
1 28 10 
15 10 28 16 17 20 26 13 24 18 21 
4 7 
11 24 13 34 40 34 27 
9 27 10 9 16 20 1 20 
13 
7 25 
2 23 7 13 34 38 
==============================

====== Algorithm Status ======
Valor:                4550
Time:                 1004
nIter:                119
Best Iter:            119
Improvement Count:    120
==============================
Solution tour: 
0 37 29 35 36 35 4 21 7 
6 8 12 
8 17 16 9 32 16 
3 32 16 32 17 8 
5 8 1 17 
1 28 10 
15 10 28 16 17 20 26 13 24 18 21 
4 7 
11 24 13 34 40 34 27 
9 27 10 9 16 20 1 20 
13 
7 25 
2 23 7 13 34 38 
==============================

