=========== Input ===========
File name:                ./instances/created-instances/mm-10-10-1762875.cdop
Total node count:         21
Truck node count:         10
Drone node count:         10
=============================

========== Settings ==========
Settings file:        ./settings/Memetic_MMX_1099666.config
Seed:                 1099666
Reduction method:     -
Max iter:             1000
Population size:      13
Crossover:            MA-MMX
Local Search:         LS
==============================

====== Algorithm Status ======
Valor:                2768
Time:                 250
nIter:                113
Best Iter:            113
Improvement Count:    112
==============================
Solution tour: 
0 10 19 1 19 10 1 12 8 11 8 17 6 17 20 16 18 15 3 15 16 
7 9 2 
9 7 14 11 7 16 12 19 1 5 13 6 13 5 1 10 
==============================

====== Algorithm Status ======
Valor:                2832
Time:                 501
nIter:                227
Best Iter:            227
Improvement Count:    226
==============================
Solution tour: 
0 10 1 19 10 19 8 11 8 17 6 17 18 15 3 4 3 15 16 
7 9 2 
9 7 14 7 16 12 19 1 5 13 19 13 6 13 5 1 10 
==============================

====== Algorithm Status ======
Valor:                2837
Time:                 1003
nIter:                447
Best Iter:            447
Improvement Count:    448
==============================
Solution tour: 
0 10 1 19 12 16 1 12 10 19 10 8 11 8 17 6 17 18 15 3 15 16 
7 9 2 
9 7 14 7 16 12 19 1 5 13 19 13 6 13 5 1 10 
==============================

====== Algorithm Status ======
Valor:                2837
Time:                 1003
nIter:                447
Best Iter:            447
Improvement Count:    448
==============================
Solution tour: 
0 10 1 19 12 16 1 12 10 19 10 8 11 8 17 6 17 18 15 3 15 16 
7 9 2 
9 7 14 7 16 12 19 1 5 13 19 13 6 13 5 1 10 
==============================

