=========== Input ===========
File name:                ./instances/created-instances/mm-15-40-1917698.cdop
Total node count:         56
Truck node count:         15
Drone node count:         40
=============================

========== Settings ==========
Settings file:        ./settings/Memetic_MMX_1881515.config
Seed:                 1881515
Reduction method:     -
Max iter:             1000
Population size:      13
Crossover:            MA-MMX
Local Search:         LS
==============================

====== Algorithm Status ======
Valor:                6586
Time:                 261
nIter:                11
Best Iter:            11
Improvement Count:    10
==============================
Solution tour: 
0 53 32 48 50 48 55 42 55 50 15 28 41 14 22 16 21 37 20 37 45 18 45 51 45 1 33 54 14 41 40 41 32 12 43 49 30 48 31 48 30 29 43 12 49 12 52 10 52 
14 49 43 46 24 53 26 23 17 19 17 40 24 8 24 38 37 38 44 26 41 26 40 
9 45 38 3 26 35 17 23 
==============================

====== Algorithm Status ======
Valor:                6856
Time:                 516
nIter:                24
Best Iter:            24
Improvement Count:    23
==============================
Solution tour: 
0 53 32 48 50 31 48 55 42 55 50 15 28 41 14 22 16 21 37 20 37 45 18 45 51 45 38 1 33 54 14 41 40 41 32 12 43 49 30 48 31 48 29 30 29 43 12 49 12 52 10 52 43 29 37 22 
14 49 43 46 24 53 26 23 17 19 17 26 35 17 23 26 46 43 50 37 21 16 37 6 50 48 30 25 31 50 46 12 44 17 
==============================

====== Algorithm Status ======
Valor:                7079
Time:                 1028
nIter:                44
Best Iter:            44
Improvement Count:    45
==============================
Solution tour: 
0 2 23 26 41 14 22 16 21 22 28 15 28 34 4 26 9 32 51 45 18 53 28 4 29 43 12 49 30 48 31 48 50 55 42 55 48 31 40 41 35 
1 33 54 45 
3 40 17 23 28 49 12 46 12 43 50 6 20 37 38 47 54 39 54 33 38 37 20 15 44 26 40 49 43 55 50 43 49 9 40 9 26 23 17 
==============================

====== Algorithm Status ======
Valor:                7079
Time:                 1028
nIter:                44
Best Iter:            44
Improvement Count:    45
==============================
Solution tour: 
0 2 23 26 41 14 22 16 21 22 28 15 28 34 4 26 9 32 51 45 18 53 28 4 29 43 12 49 30 48 31 48 50 55 42 55 48 31 40 41 35 
1 33 54 45 
3 40 17 23 28 49 12 46 12 43 50 6 20 37 38 47 54 39 54 33 38 37 20 15 44 26 40 49 43 55 50 43 49 9 40 9 26 23 17 
==============================

