=========== Input ===========
File name:                ./instances/created-instances/mm-15-40-1110588.cdop
Total node count:         56
Truck node count:         15
Drone node count:         40
=============================

========== Settings ==========
Settings file:        ./settings/Memetic-LS_MMX_1099666.config
Seed:                 1099666
Reduction method:     -
Max iter:             1000
Population size:      13
Crossover:            MA-MMX
Local Search:         -
==============================

====== Algorithm Status ======
Valor:                5.31229e-310
Time:                 251
nIter:                55
Best Iter:            55
Improvement Count:    54
==============================
Solution tour: 
0 43 
5 21 33 20 38 48 
9 39 44 17 
15 
2 
7 54 53 22 37 32 50 
11 30 40 52 45 
6 24 
4 55 18 42 41 27 28 26 23 
12 34 16 
14 
8 46 
1 
3 25 36 
13 31 
10 29 19 35 49 51 47 
==============================

====== Algorithm Status ======
Valor:                1.43279e-322
Time:                 502
nIter:                112
Best Iter:            112
Improvement Count:    111
==============================
Solution tour: 
0 42 41 33 18 32 49 55 38 16 37 46 
4 30 53 
1 
7 22 
13 
8 27 45 29 51 
6 19 44 
14 
2 24 
3 
15 
12 28 40 34 48 31 43 
11 52 35 
10 50 
9 47 23 17 
5 20 39 26 54 25 21 36 
==============================

====== Algorithm Status ======
Valor:                579
Time:                 1003
nIter:                243
Best Iter:            243
Improvement Count:    244
==============================
Solution tour: 
0 
3 
10 
13 
4 
14 
2 
11 52 
15 
1 
9 
12 
6 
7 38 
==============================

====== Algorithm Status ======
Valor:                579
Time:                 1003
nIter:                243
Best Iter:            243
Improvement Count:    244
==============================
Solution tour: 
0 
3 
10 
13 
4 
14 
2 
11 52 
15 
1 
9 
12 
6 
7 38 
==============================

