=========== Input ===========
File name:                ./instances/created-instances/mm-15-10-1762875.cdop
Total node count:         26
Truck node count:         15
Drone node count:         10
=============================

========== Settings ==========
Settings file:        ./settings/Memetic_MMX_1881515.config
Seed:                 1881515
Reduction method:     -
Max iter:             1000
Population size:      13
Crossover:            MA-MMX
Local Search:         LS
==============================

====== Algorithm Status ======
Valor:                3718
Time:                 250
nIter:                72
Best Iter:            72
Improvement Count:    71
==============================
Solution tour: 
0 19 25 20 15 20 17 11 18 20 11 3 11 20 5 13 5 
6 2 6 5 8 19 9 19 23 10 23 19 8 
12 21 10 21 17 20 18 11 17 10 5 16 0 5 
==============================

====== Algorithm Status ======
Valor:                3768
Time:                 500
nIter:                150
Best Iter:            150
Improvement Count:    149
==============================
Solution tour: 
0 19 25 20 15 20 17 11 18 20 18 11 3 11 17 20 9 13 5 13 9 0 5 16 5 
6 2 6 5 8 19 9 19 23 10 23 19 8 21 
12 21 17 10 21 10 5 
==============================

====== Algorithm Status ======
Valor:                3768
Time:                 1002
nIter:                292
Best Iter:            292
Improvement Count:    293
==============================
Solution tour: 
0 19 25 20 15 20 17 11 18 20 18 11 3 11 17 20 9 13 5 13 9 0 5 16 5 
6 2 6 5 8 19 9 19 23 10 23 19 8 21 
12 21 17 10 21 10 5 
==============================

====== Algorithm Status ======
Valor:                3768
Time:                 1002
nIter:                292
Best Iter:            292
Improvement Count:    293
==============================
Solution tour: 
0 19 25 20 15 20 17 11 18 20 18 11 3 11 17 20 9 13 5 13 9 0 5 16 5 
6 2 6 5 8 19 9 19 23 10 23 19 8 21 
12 21 17 10 21 10 5 
==============================

