=========== Input ===========
File name:                ./instances/created-instances/mm-10-25-1110588.cdop
Total node count:         36
Truck node count:         10
Drone node count:         25
=============================

========== Settings ==========
Settings file:        ./settings/Memetic_MPX_1099666.config
Seed:                 1099666
Reduction method:     -
Max iter:             1000
Population size:      13
Crossover:            MA-MPX
Local Search:         LS
==============================

====== Algorithm Status ======
Valor:                5073
Time:                 253
nIter:                43
Best Iter:            43
Improvement Count:    42
==============================
Solution tour: 
0 26 3 19 
6 19 26 
4 28 12 35 12 30 22 18 25 
2 19 
3 23 0 
7 16 14 8 21 24 21 
8 14 4 13 26 13 29 22 6 22 30 12 27 34 27 17 
9 17 5 9 14 9 8 
1 4 15 32 
5 17 
10 16 33 26 0 20 
==============================

====== Algorithm Status ======
Valor:                5292
Time:                 500
nIter:                78
Best Iter:            78
Improvement Count:    77
==============================
Solution tour: 
0 26 19 22 
6 22 6 19 6 22 5 15 
4 28 12 35 12 30 22 18 25 
2 19 
3 6 23 20 0 
7 16 14 8 21 24 21 
8 14 4 13 26 13 29 22 6 22 30 12 27 34 27 30 35 33 17 
9 14 9 8 
1 8 9 17 5 32 
5 17 13 3 
==============================

====== Algorithm Status ======
Valor:                5292
Time:                 1001
nIter:                157
Best Iter:            157
Improvement Count:    158
==============================
Solution tour: 
0 26 19 22 
6 22 6 19 6 22 5 15 
4 28 12 35 12 30 22 18 25 
2 19 
3 6 23 20 0 
7 16 14 8 21 24 21 
8 14 4 13 26 13 29 22 6 22 30 12 27 34 27 30 35 33 17 
9 14 9 8 
1 8 9 17 5 32 
5 17 13 3 
==============================

====== Algorithm Status ======
Valor:                5292
Time:                 1001
nIter:                157
Best Iter:            157
Improvement Count:    158
==============================
Solution tour: 
0 26 19 22 
6 22 6 19 6 22 5 15 
4 28 12 35 12 30 22 18 25 
2 19 
3 6 23 20 0 
7 16 14 8 21 24 21 
8 14 4 13 26 13 29 22 6 22 30 12 27 34 27 30 35 33 17 
9 14 9 8 
1 8 9 17 5 32 
5 17 13 3 
==============================

