=========== Input ===========
File name:                ./instances/created-instances/mm-15-25-1767920.cdop
Total node count:         41
Truck node count:         15
Drone node count:         25
=============================

========== Settings ==========
Settings file:        ./settings/Memetic-LS_MMX_1881515.config
Seed:                 1881515
Reduction method:     -
Max iter:             1000
Population size:      13
Crossover:            MA-MMX
Local Search:         -
==============================

====== Algorithm Status ======
Valor:                0
Time:                 250
nIter:                172
Best Iter:            172
Improvement Count:    171
==============================
Solution tour: 
0 
13 39 21 26 36 
9 20 29 27 35 33 31 
12 19 17 
2 28 
6 
4 16 38 
10 22 34 32 
5 
3 
7 
11 
14 37 
15 24 
8 
1 25 40 18 30 23 
==============================

====== Algorithm Status ======
Valor:                2.122e-314
Time:                 500
nIter:                340
Best Iter:            340
Improvement Count:    339
==============================
Solution tour: 
0 
3 
15 31 
6 18 
11 
10 
2 29 21 25 36 
14 37 40 24 22 20 30 
5 
4 23 26 16 28 27 
9 33 39 
7 19 34 
12 35 
1 
8 17 32 
13 38 
==============================

====== Algorithm Status ======
Valor:                437
Time:                 1001
nIter:                664
Best Iter:            664
Improvement Count:    665
==============================
Solution tour: 
0 
6 
3 
14 
11 
7 
12 
8 
1 
9 
2 35 
4 
13 
15 
5 
10 
==============================

====== Algorithm Status ======
Valor:                437
Time:                 1001
nIter:                664
Best Iter:            664
Improvement Count:    665
==============================
Solution tour: 
0 
6 
3 
14 
11 
7 
12 
8 
1 
9 
2 35 
4 
13 
15 
5 
10 
==============================

