=========== Input ===========
File name:                ./instances/created-instances/mm-10-25-1767920.cdop
Total node count:         36
Truck node count:         10
Drone node count:         25
=============================

========== Settings ==========
Settings file:        ./settings/Memetic-LS_MMX_1287823.config
Seed:                 1287823
Reduction method:     -
Max iter:             1000
Population size:      13
Crossover:            MA-MMX
Local Search:         -
==============================

====== Algorithm Status ======
Valor:                2453
Time:                 250
nIter:                264
Best Iter:            264
Improvement Count:    263
==============================
Solution tour: 
0 30 33 30 20 15 1 27 
1 18 25 
10 11 31 12 
4 14 34 
5 17 
9 18 
6 13 17 19 34 
8 21 
==============================

====== Algorithm Status ======
Valor:                2598
Time:                 500
nIter:                548
Best Iter:            548
Improvement Count:    547
==============================
Solution tour: 
0 30 33 3 33 3 15 1 27 
1 30 18 25 
10 11 31 12 
4 14 34 
5 17 19 20 19 28 27 
3 32 13 17 
==============================

====== Algorithm Status ======
Valor:                2598
Time:                 1001
nIter:                1139
Best Iter:            1139
Improvement Count:    1140
==============================
Solution tour: 
0 30 33 3 33 3 15 1 27 
1 30 18 25 
10 11 31 12 
4 14 34 
5 17 19 20 19 28 27 
3 32 13 17 
==============================

====== Algorithm Status ======
Valor:                2598
Time:                 1001
nIter:                1139
Best Iter:            1139
Improvement Count:    1140
==============================
Solution tour: 
0 30 33 3 33 3 15 1 27 
1 30 18 25 
10 11 31 12 
4 14 34 
5 17 19 20 19 28 27 
3 32 13 17 
==============================

