=========== Input ===========
File name:                ./instances/created-instances/mm-10-10-1762875.cdop
Total node count:         21
Truck node count:         10
Drone node count:         10
=============================

========== Settings ==========
Settings file:        ./settings/Memetic-LS_MMX_1099666.config
Seed:                 1099666
Reduction method:     -
Max iter:             1000
Population size:      13
Crossover:            MA-MMX
Local Search:         -
==============================

====== Algorithm Status ======
Valor:                1908
Time:                 250
nIter:                1160
Best Iter:            1160
Improvement Count:    1159
==============================
Solution tour: 
0 16 20 11 14 11 
3 
4 15 19 17 
6 20 
7 16 12 16 7 14 16 1 
10 
==============================

====== Algorithm Status ======
Valor:                1908
Time:                 500
nIter:                2339
Best Iter:            2339
Improvement Count:    2338
==============================
Solution tour: 
0 16 20 11 14 11 
3 
4 15 19 17 
6 20 
7 16 12 16 7 14 16 1 
10 
==============================

====== Algorithm Status ======
Valor:                1957
Time:                 1001
nIter:                4763
Best Iter:            4763
Improvement Count:    4764
==============================
Solution tour: 
0 16 3 16 20 11 8 11 
3 
4 14 15 19 13 
6 20 
7 16 12 16 7 14 16 1 
10 
==============================

====== Algorithm Status ======
Valor:                1957
Time:                 1001
nIter:                4763
Best Iter:            4763
Improvement Count:    4764
==============================
Solution tour: 
0 16 3 16 20 11 8 11 
3 
4 14 15 19 13 
6 20 
7 16 12 16 7 14 16 1 
10 
==============================

