=========== Input ===========
File name:                ./instances/created-instances/mm-10-25-1767920.cdop
Total node count:         36
Truck node count:         10
Drone node count:         25
=============================

========== Settings ==========
Settings file:        ./settings/Memetic-LS_MMX_1881515.config
Seed:                 1881515
Reduction method:     -
Max iter:             1000
Population size:      13
Crossover:            MA-MMX
Local Search:         -
==============================

====== Algorithm Status ======
Valor:                1875
Time:                 250
nIter:                219
Best Iter:            219
Improvement Count:    218
==============================
Solution tour: 
0 18 
9 34 14 
10 29 23 15 33 
5 16 24 19 
3 
8 28 
2 
6 12 27 31 11 21 32 
4 25 13 
7 35 20 22 30 
1 17 26 
==============================

====== Algorithm Status ======
Valor:                1875
Time:                 500
nIter:                443
Best Iter:            443
Improvement Count:    442
==============================
Solution tour: 
0 18 
9 34 14 
10 29 23 15 33 
5 16 24 19 
3 
8 28 
2 
6 12 27 31 11 21 32 
4 25 13 
7 35 20 22 30 
1 17 26 
==============================

====== Algorithm Status ======
Valor:                923
Time:                 1001
nIter:                926
Best Iter:            926
Improvement Count:    927
==============================
Solution tour: 
0 
9 34 
10 15 
5 
3 
8 28 
2 
6 12 27 11 
4 
7 
1 26 
==============================

====== Algorithm Status ======
Valor:                923
Time:                 1001
nIter:                926
Best Iter:            926
Improvement Count:    927
==============================
Solution tour: 
0 
9 34 
10 15 
5 
3 
8 28 
2 
6 12 27 11 
4 
7 
1 26 
==============================

