=========== Input ===========
File name:                ./instances/created-instances/mm-15-10-1917698.cdop
Total node count:         26
Truck node count:         15
Drone node count:         10
=============================

========== Settings ==========
Settings file:        ./settings/Memetic_MPX_1099666.config
Seed:                 1099666
Reduction method:     -
Max iter:             1000
Population size:      13
Crossover:            MA-MPX
Local Search:         LS
==============================

====== Algorithm Status ======
Valor:                3438
Time:                 252
nIter:                75
Best Iter:            75
Improvement Count:    74
==============================
Solution tour: 
0 14 1 18 9 
6 9 12 15 
1 
3 15 12 9 18 
14 22 9 
5 2 17 
2 23 2 19 14 
13 14 0 17 
4 17 0 22 21 22 
15 14 18 
12 
9 22 16 13 3 
7 
11 2 0 23 
==============================

====== Algorithm Status ======
Valor:                3509
Time:                 502
nIter:                156
Best Iter:            156
Improvement Count:    155
==============================
Solution tour: 
0 14 1 14 18 9 
6 9 12 15 
1 15 
3 12 18 
14 22 9 
5 2 17 
2 23 2 19 14 
13 14 0 17 0 
4 17 4 9 22 21 22 20 
15 14 15 
12 
9 18 16 13 19 
7 
11 2 0 23 
==============================

====== Algorithm Status ======
Valor:                3686
Time:                 1003
nIter:                320
Best Iter:            320
Improvement Count:    321
==============================
Solution tour: 
0 17 8 2 
11 
8 17 
2 23 2 19 0 14 
13 14 0 23 2 
5 2 17 0 
4 17 4 9 22 21 22 1 
15 14 15 
12 
9 12 15 1 16 20 
6 18 
1 18 
14 22 9 18 
3 22 14 18 23 
==============================

====== Algorithm Status ======
Valor:                3686
Time:                 1003
nIter:                320
Best Iter:            320
Improvement Count:    321
==============================
Solution tour: 
0 17 8 2 
11 
8 17 
2 23 2 19 0 14 
13 14 0 23 2 
5 2 17 0 
4 17 4 9 22 21 22 1 
15 14 15 
12 
9 12 15 1 16 20 
6 18 
1 18 
14 22 9 18 
3 22 14 18 23 
==============================

