=========== Input ===========
File name:                ./instances/created-instances/mm-15-40-1762875.cdop
Total node count:         56
Truck node count:         15
Drone node count:         40
=============================

========== Settings ==========
Settings file:        ./settings/Memetic_MMX_1287823.config
Seed:                 1287823
Reduction method:     -
Max iter:             1000
Population size:      13
Crossover:            MA-MMX
Local Search:         LS
==============================

====== Algorithm Status ======
Valor:                5819
Time:                 253
nIter:                13
Best Iter:            13
Improvement Count:    12
==============================
Solution tour: 
0 31 53 33 8 10 50 2 49 2 52 41 5 41 16 48 6 29 13 37 34 21 1 24 8 24 
1 27 35 47 11 8 42 8 18 39 17 11 28 22 
11 17 32 26 25 54 55 44 37 12 35 12 47 35 24 23 19 55 19 23 18 38 30 38 45 53 31 8 31 7 
==============================

====== Algorithm Status ======
Valor:                6263
Time:                 502
nIter:                27
Best Iter:            27
Improvement Count:    26
==============================
Solution tour: 
0 31 53 33 8 10 50 2 49 2 52 41 5 41 16 48 6 29 37 34 21 1 24 8 24 
1 27 35 47 42 11 17 33 42 18 17 11 28 22 
11 8 32 26 25 54 4 44 55 44 19 23 47 12 35 12 35 12 47 35 27 23 19 55 19 23 18 20 46 38 30 38 45 54 55 13 29 13 55 7 
==============================

====== Algorithm Status ======
Valor:                6669
Time:                 1003
nIter:                61
Best Iter:            61
Improvement Count:    62
==============================
Solution tour: 
0 7 55 19 31 53 33 47 12 10 50 2 49 2 41 16 52 41 5 41 43 48 6 29 13 29 6 48 9 44 19 23 34 21 1 24 8 24 
1 27 35 12 35 27 42 11 42 3 18 17 11 28 22 3 8 47 8 
11 17 39 26 32 35 47 23 19 46 54 25 45 30 38 30 20 37 31 8 31 37 9 7 
==============================

====== Algorithm Status ======
Valor:                6669
Time:                 1003
nIter:                61
Best Iter:            61
Improvement Count:    62
==============================
Solution tour: 
0 7 55 19 31 53 33 47 12 10 50 2 49 2 41 16 52 41 5 41 43 48 6 29 13 29 6 48 9 44 19 23 34 21 1 24 8 24 
1 27 35 12 35 27 42 11 42 3 18 17 11 28 22 3 8 47 8 
11 17 39 26 32 35 47 23 19 46 54 25 45 30 38 30 20 37 31 8 31 37 9 7 
==============================

