=========== Input ===========
File name:                ./instances/created-instances/mm-10-25-1110588.cdop
Total node count:         36
Truck node count:         10
Drone node count:         25
=============================

========== Settings ==========
Settings file:        ./settings/Memetic-LS_MMX_1881515.config
Seed:                 1881515
Reduction method:     -
Max iter:             1000
Population size:      13
Crossover:            MA-MMX
Local Search:         -
==============================

====== Algorithm Status ======
Valor:                6.91692e-323
Time:                 250
nIter:                239
Best Iter:            239
Improvement Count:    238
==============================
Solution tour: 
0 29 30 16 32 
5 33 11 
3 
7 12 
9 23 
6 34 17 
2 19 31 
10 26 28 
8 24 14 35 20 13 27 
1 21 25 22 18 15 
4 
==============================

====== Algorithm Status ======
Valor:                6.91692e-323
Time:                 500
nIter:                465
Best Iter:            465
Improvement Count:    464
==============================
Solution tour: 
0 29 30 16 32 
5 33 11 
3 
7 12 
9 23 
6 34 17 
2 19 31 
10 26 28 
8 24 14 35 20 13 27 
1 21 25 22 18 15 
4 
==============================

====== Algorithm Status ======
Valor:                1206
Time:                 1001
nIter:                952
Best Iter:            952
Improvement Count:    953
==============================
Solution tour: 
0 29 16 
5 11 
3 
7 12 
9 23 
6 
2 
10 26 
8 20 27 
1 21 25 
4 
==============================

====== Algorithm Status ======
Valor:                1206
Time:                 1001
nIter:                952
Best Iter:            952
Improvement Count:    953
==============================
Solution tour: 
0 29 16 
5 11 
3 
7 12 
9 23 
6 
2 
10 26 
8 20 27 
1 21 25 
4 
==============================

