=========== Input ===========
File name:                ./instances/created-instances/mm-10-25-1917698.cdop
Total node count:         36
Truck node count:         10
Drone node count:         25
=============================

========== Settings ==========
Settings file:        ./settings/Memetic-LS_MPX_1287823.config
Seed:                 1287823
Reduction method:     -
Max iter:             1000
Population size:      13
Crossover:            MA-MPX
Local Search:         -
==============================

====== Algorithm Status ======
Valor:                2.122e-314
Time:                 250
nIter:                154
Best Iter:            154
Improvement Count:    153
==============================
Solution tour: 
0 17 32 28 20 27 
3 34 18 
4 26 16 15 
2 12 33 
10 
8 
7 30 
1 31 
9 24 25 29 11 23 14 22 21 13 35 
6 
5 19 
==============================

====== Algorithm Status ======
Valor:                2.122e-314
Time:                 500
nIter:                316
Best Iter:            316
Improvement Count:    315
==============================
Solution tour: 
0 17 32 28 20 27 
3 34 18 
4 26 16 15 
2 12 33 
10 
8 
7 30 
1 31 
9 24 25 29 11 23 14 22 21 13 35 
6 
5 19 
==============================

====== Algorithm Status ======
Valor:                619
Time:                 1002
nIter:                609
Best Iter:            609
Improvement Count:    610
==============================
Solution tour: 
0 
4 
8 
10 
6 34 22 
7 26 
5 
9 
1 
3 
2 20 
==============================

====== Algorithm Status ======
Valor:                619
Time:                 1002
nIter:                609
Best Iter:            609
Improvement Count:    610
==============================
Solution tour: 
0 
4 
8 
10 
6 34 22 
7 26 
5 
9 
1 
3 
2 20 
==============================

