=========== Input ===========
File name:                ./instances/created-instances/mm-10-10-1762875.cdop
Total node count:         21
Truck node count:         10
Drone node count:         10
=============================

========== Settings ==========
Settings file:        ./settings/Memetic-LS_MPX_1099666.config
Seed:                 1099666
Reduction method:     -
Max iter:             1000
Population size:      13
Crossover:            MA-MPX
Local Search:         -
==============================

====== Algorithm Status ======
Valor:                1850
Time:                 250
nIter:                819
Best Iter:            819
Improvement Count:    818
==============================
Solution tour: 
0 10 
1 16 12 
9 
2 12 16 20 17 14 
6 13 
5 
7 11 14 
4 15 
3 15 18 
8 13 19 
10 
==============================

====== Algorithm Status ======
Valor:                1958
Time:                 500
nIter:                1662
Best Iter:            1662
Improvement Count:    1661
==============================
Solution tour: 
0 16 
7 11 14 
4 15 
3 15 18 
8 13 19 
10 
1 16 12 
9 
2 12 16 20 17 
6 13 
5 
==============================

====== Algorithm Status ======
Valor:                2026
Time:                 1001
nIter:                3583
Best Iter:            3583
Improvement Count:    3584
==============================
Solution tour: 
0 16 
7 11 14 
4 15 
3 15 18 
8 13 19 
10 
1 16 12 
9 
2 7 14 16 20 17 
6 13 
5 13 
==============================

====== Algorithm Status ======
Valor:                2026
Time:                 1001
nIter:                3583
Best Iter:            3583
Improvement Count:    3584
==============================
Solution tour: 
0 16 
7 11 14 
4 15 
3 15 18 
8 13 19 
10 
1 16 12 
9 
2 7 14 16 20 17 
6 13 
5 13 
==============================

