=========== Input ===========
File name:                ./instances/created-instances/mm-25-25-1762875.cdop
Total node count:         51
Truck node count:         25
Drone node count:         25
=============================

========== Settings ==========
Settings file:        ./settings/Memetic-LS_MPX_1287823.config
Seed:                 1287823
Reduction method:     -
Max iter:             1000
Population size:      13
Crossover:            MA-MPX
Local Search:         -
==============================

====== Algorithm Status ======
Valor:                4.75151e-310
Time:                 250
nIter:                115
Best Iter:            115
Improvement Count:    114
==============================
Solution tour: 
0 46 40 
14 
20 
22 45 
7 26 
9 
11 
16 
21 35 
19 
3 34 
23 
6 38 44 
25 32 37 27 30 
1 28 
17 
5 
4 43 33 39 
10 
12 
18 41 
15 29 
13 
8 
2 31 48 50 
24 49 36 42 47 
==============================

====== Algorithm Status ======
Valor:                4.75151e-310
Time:                 500
nIter:                211
Best Iter:            211
Improvement Count:    210
==============================
Solution tour: 
0 46 40 
14 
20 
22 45 
7 26 
9 
11 
16 
21 35 
19 
3 34 
23 
6 38 44 
25 32 37 27 30 
1 28 
17 
5 
4 43 33 39 
10 
12 
18 41 
15 29 
13 
8 
2 31 48 50 
24 49 36 42 47 
==============================

====== Algorithm Status ======
Valor:                465
Time:                 1001
nIter:                408
Best Iter:            408
Improvement Count:    409
==============================
Solution tour: 
0 46 
14 
20 
22 
7 
9 
21 
19 
3 
23 
25 
1 
17 
5 
10 
12 
18 
15 
13 
24 47 
==============================

====== Algorithm Status ======
Valor:                465
Time:                 1001
nIter:                408
Best Iter:            408
Improvement Count:    409
==============================
Solution tour: 
0 46 
14 
20 
22 
7 
9 
21 
19 
3 
23 
25 
1 
17 
5 
10 
12 
18 
15 
13 
24 47 
==============================

