=========== Input ===========
File name:                ./instances/created-instances/mm-25-10-1917698.cdop
Total node count:         36
Truck node count:         25
Drone node count:         10
=============================

========== Settings ==========
Settings file:        ./settings/Memetic-LS_MPX_1287823.config
Seed:                 1287823
Reduction method:     -
Max iter:             1000
Population size:      13
Crossover:            MA-MPX
Local Search:         -
==============================

====== Algorithm Status ======
Valor:                1154
Time:                 250
nIter:                340
Best Iter:            340
Improvement Count:    339
==============================
Solution tour: 
0 
20 
24 
21 
7 
11 
23 
15 32 
19 
2 34 
9 28 30 
5 
16 
3 
14 
22 
13 
10 
25 35 
18 29 31 
6 
17 33 
8 26 
4 
1 
12 27 
==============================

====== Algorithm Status ======
Valor:                1699
Time:                 500
nIter:                640
Best Iter:            640
Improvement Count:    639
==============================
Solution tour: 
0 26 
5 
18 29 31 
9 28 30 
2 34 
17 
19 
24 30 
8 26 33 
1 
10 
15 32 
12 33 
11 
==============================

====== Algorithm Status ======
Valor:                1699
Time:                 1001
nIter:                1270
Best Iter:            1270
Improvement Count:    1271
==============================
Solution tour: 
0 26 
5 
18 29 31 
9 28 30 
2 34 
17 
19 
24 30 
8 26 33 
1 
10 
15 32 
12 33 
11 
==============================

====== Algorithm Status ======
Valor:                1699
Time:                 1001
nIter:                1270
Best Iter:            1270
Improvement Count:    1271
==============================
Solution tour: 
0 26 
5 
18 29 31 
9 28 30 
2 34 
17 
19 
24 30 
8 26 33 
1 
10 
15 32 
12 33 
11 
==============================

