=========== Input ===========
File name:                ./instances/created-instances/mm-20-10-1762875.cdop
Total node count:         31
Truck node count:         20
Drone node count:         10
=============================

========== Settings ==========
Settings file:        ./settings/Memetic-LS_MMX_1287823.config
Seed:                 1287823
Reduction method:     -
Max iter:             1000
Population size:      13
Crossover:            MA-MMX
Local Search:         -
==============================

====== Algorithm Status ======
Valor:                0
Time:                 250
nIter:                447
Best Iter:            447
Improvement Count:    446
==============================
Solution tour: 
0 
2 24 27 23 
6 22 30 
11 
16 
19 
5 
8 
14 
20 
17 26 29 21 
13 
10 
18 28 
1 
7 
12 
15 
9 
4 25 
3 
==============================

====== Algorithm Status ======
Valor:                2.122e-314
Time:                 500
nIter:                897
Best Iter:            897
Improvement Count:    896
==============================
Solution tour: 
0 
14 
2 25 
8 
17 
9 26 
19 
4 27 
7 
15 
13 
10 21 
16 24 
11 
20 23 22 
5 
3 29 
6 30 
1 28 
18 
12 
==============================

====== Algorithm Status ======
Valor:                557
Time:                 1001
nIter:                1868
Best Iter:            1868
Improvement Count:    1869
==============================
Solution tour: 
0 
14 
20 
5 
19 
2 
6 
9 
15 
7 
4 
8 
13 
18 
10 
12 
1 
==============================

====== Algorithm Status ======
Valor:                557
Time:                 1001
nIter:                1868
Best Iter:            1868
Improvement Count:    1869
==============================
Solution tour: 
0 
14 
20 
5 
19 
2 
6 
9 
15 
7 
4 
8 
13 
18 
10 
12 
1 
==============================

