=========== Input ===========
File name:                ./instances/created-instances/mm-25-25-1767920.cdop
Total node count:         51
Truck node count:         25
Drone node count:         25
=============================

========== Settings ==========
Settings file:        ./settings/Memetic_MPX_1099666.config
Seed:                 1099666
Reduction method:     -
Max iter:             1000
Population size:      13
Crossover:            MA-MPX
Local Search:         LS
==============================

====== Algorithm Status ======
Valor:                4933
Time:                 252
nIter:                24
Best Iter:            24
Improvement Count:    23
==============================
Solution tour: 
0 35 42 35 22 
9 
15 37 33 17 33 
14 41 14 29 46 27 8 27 46 27 
11 27 22 37 
21 37 22 49 
22 49 
10 49 
1 36 1 22 44 
24 44 22 36 3 16 3 9 
16 9 
3 36 6 13 
20 13 38 8 11 8 47 50 
18 26 18 34 
4 47 8 
7 30 
5 28 5 46 
13 
==============================

====== Algorithm Status ======
Valor:                5020
Time:                 512
nIter:                45
Best Iter:            45
Improvement Count:    44
==============================
Solution tour: 
0 42 35 42 41 
14 41 17 42 
21 37 
22 1 36 44 
17 41 27 
11 27 8 
7 30 11 
8 47 12 
6 
16 49 46 
13 46 27 46 24 50 32 31 39 45 48 34 
19 
4 47 8 27 
12 13 44 35 
25 3 36 3 9 16 
9 26 
18 26 
23 
2 26 11 29 17 33 17 
==============================

====== Algorithm Status ======
Valor:                5020
Time:                 1007
nIter:                84
Best Iter:            84
Improvement Count:    85
==============================
Solution tour: 
0 42 35 42 41 
14 41 17 42 
21 37 
22 1 36 44 
17 41 27 
11 27 8 
7 30 11 
8 47 12 
6 
16 49 46 
13 46 27 46 24 50 32 31 39 45 48 34 
19 
4 47 8 27 
12 13 44 35 
25 3 36 3 9 16 
9 26 
18 26 
23 
2 26 11 29 17 33 17 
==============================

====== Algorithm Status ======
Valor:                5020
Time:                 1007
nIter:                84
Best Iter:            84
Improvement Count:    85
==============================
Solution tour: 
0 42 35 42 41 
14 41 17 42 
21 37 
22 1 36 44 
17 41 27 
11 27 8 
7 30 11 
8 47 12 
6 
16 49 46 
13 46 27 46 24 50 32 31 39 45 48 34 
19 
4 47 8 27 
12 13 44 35 
25 3 36 3 9 16 
9 26 
18 26 
23 
2 26 11 29 17 33 17 
==============================

