=========== Input ===========
File name:                ./instances/created-instances/mm-25-25-1767920.cdop
Total node count:         51
Truck node count:         25
Drone node count:         25
=============================

========== Settings ==========
Settings file:        ./settings/Memetic-LS_MPX_1287823.config
Seed:                 1287823
Reduction method:     -
Max iter:             1000
Population size:      13
Crossover:            MA-MPX
Local Search:         -
==============================

====== Algorithm Status ======
Valor:                5.17292e-310
Time:                 250
nIter:                106
Best Iter:            106
Improvement Count:    105
==============================
Solution tour: 
0 
14 41 38 
15 
9 35 49 
2 
18 
25 33 39 45 
1 40 32 
22 
4 
17 
20 
13 
8 
23 
5 31 28 47 30 
10 
6 26 
16 37 44 48 27 29 43 
19 50 
7 
3 
21 
12 42 
11 36 46 34 
24 
==============================

====== Algorithm Status ======
Valor:                5.17292e-310
Time:                 502
nIter:                207
Best Iter:            207
Improvement Count:    206
==============================
Solution tour: 
0 
14 41 38 
15 
9 35 49 
2 
18 
25 33 39 45 
1 40 32 
22 
4 
17 
20 
13 
8 
23 
5 31 28 47 30 
10 
6 26 
16 37 44 48 27 29 43 
19 50 
7 
3 
21 
12 42 
11 36 46 34 
24 
==============================

====== Algorithm Status ======
Valor:                517
Time:                 1002
nIter:                405
Best Iter:            405
Improvement Count:    406
==============================
Solution tour: 
0 
16 
9 
10 
2 
6 
7 
15 
21 
25 
24 
19 
1 
22 
12 
8 
11 
23 
13 
20 
17 28 
==============================

====== Algorithm Status ======
Valor:                517
Time:                 1002
nIter:                405
Best Iter:            405
Improvement Count:    406
==============================
Solution tour: 
0 
16 
9 
10 
2 
6 
7 
15 
21 
25 
24 
19 
1 
22 
12 
8 
11 
23 
13 
20 
17 28 
==============================

