=========== Input ===========
File name:                ./instances/created-instances/mm-25-25-1767920.cdop
Total node count:         51
Truck node count:         25
Drone node count:         25
=============================

========== Settings ==========
Settings file:        ./settings/Memetic_MPX_1287823.config
Seed:                 1287823
Reduction method:     -
Max iter:             1000
Population size:      13
Crossover:            MA-MPX
Local Search:         LS
==============================

====== Algorithm Status ======
Valor:                5077
Time:                 254
nIter:                25
Best Iter:            25
Improvement Count:    24
==============================
Solution tour: 
0 13 
20 14 41 
14 24 29 39 40 48 34 5 28 
5 30 
23 36 3 36 16 
9 16 27 46 
13 35 42 35 33 
17 33 37 22 
1 49 22 38 8 46 27 11 50 31 
19 
4 47 8 
6 
12 6 
22 9 22 37 
25 17 44 
24 44 
7 30 
11 27 
8 20 13 
==============================

====== Algorithm Status ======
Valor:                5077
Time:                 515
nIter:                48
Best Iter:            48
Improvement Count:    47
==============================
Solution tour: 
0 13 
20 14 41 
14 24 29 39 40 48 34 5 28 
5 30 
23 36 3 36 16 
9 16 27 46 
13 35 42 35 33 
17 33 37 22 
1 49 22 38 8 46 27 11 50 31 
19 
4 47 8 
6 
12 6 
22 9 22 37 
25 17 44 
24 44 
7 30 
11 27 
8 20 13 
==============================

====== Algorithm Status ======
Valor:                5404
Time:                 1003
nIter:                82
Best Iter:            82
Improvement Count:    83
==============================
Solution tour: 
0 13 
20 44 17 41 
14 24 29 39 40 48 34 5 28 
5 30 
23 36 3 36 16 
9 16 22 27 46 
13 44 35 42 35 33 
17 33 37 22 49 
1 49 22 38 8 46 27 11 50 32 31 
19 
4 47 8 11 8 
6 
12 6 
22 9 22 37 
25 17 44 
24 46 8 
7 30 
11 27 
8 20 13 
==============================

====== Algorithm Status ======
Valor:                5404
Time:                 1003
nIter:                82
Best Iter:            82
Improvement Count:    83
==============================
Solution tour: 
0 13 
20 44 17 41 
14 24 29 39 40 48 34 5 28 
5 30 
23 36 3 36 16 
9 16 22 27 46 
13 44 35 42 35 33 
17 33 37 22 49 
1 49 22 38 8 46 27 11 50 32 31 
19 
4 47 8 11 8 
6 
12 6 
22 9 22 37 
25 17 44 
24 46 8 
7 30 
11 27 
8 20 13 
==============================

