=========== Input ===========
File name:                ./instances/created-instances/mm-25-10-1917698.cdop
Total node count:         36
Truck node count:         25
Drone node count:         10
=============================

========== Settings ==========
Settings file:        ./settings/Memetic_MPX_1099666.config
Seed:                 1099666
Reduction method:     -
Max iter:             1000
Population size:      13
Crossover:            MA-MPX
Local Search:         LS
==============================

====== Algorithm Status ======
Valor:                3872
Time:                 253
nIter:                43
Best Iter:            43
Improvement Count:    42
==============================
Solution tour: 
0 26 2 26 3 
14 31 
9 32 35 
25 13 17 13 
10 13 14 
4 0 29 31 3 
15 17 19 
17 29 
18 
2 18 31 
19 31 14 
3 25 3 
1 22 6 34 33 28 33 32 28 30 
5 30 
24 30 28 32 34 6 22 
23 6 3 31 29 26 
==============================

====== Algorithm Status ======
Valor:                3963
Time:                 501
nIter:                77
Best Iter:            77
Improvement Count:    76
==============================
Solution tour: 
0 2 
18 32 28 33 32 33 32 9 35 3 
25 13 17 13 
15 9 33 32 25 13 
10 13 14 
4 0 29 31 3 28 30 
5 30 
24 30 28 32 34 
6 
22 6 34 
12 9 31 14 
3 26 
2 26 0 
8 0 26 3 
14 31 
9 32 35 4 
19 4 29 31 29 
==============================

====== Algorithm Status ======
Valor:                3963
Time:                 1002
nIter:                157
Best Iter:            157
Improvement Count:    158
==============================
Solution tour: 
0 2 
18 32 28 33 32 33 32 9 35 3 
25 13 17 13 
15 9 33 32 25 13 
10 13 14 
4 0 29 31 3 28 30 
5 30 
24 30 28 32 34 
6 
22 6 34 
12 9 31 14 
3 26 
2 26 0 
8 0 26 3 
14 31 
9 32 35 4 
19 4 29 31 29 
==============================

====== Algorithm Status ======
Valor:                3963
Time:                 1002
nIter:                157
Best Iter:            157
Improvement Count:    158
==============================
Solution tour: 
0 2 
18 32 28 33 32 33 32 9 35 3 
25 13 17 13 
15 9 33 32 25 13 
10 13 14 
4 0 29 31 3 28 30 
5 30 
24 30 28 32 34 
6 
22 6 34 
12 9 31 14 
3 26 
2 26 0 
8 0 26 3 
14 31 
9 32 35 4 
19 4 29 31 29 
==============================

