=========== Input ===========
File name:                ./instances/created-instances/mm-20-25-1110588.cdop
Total node count:         46
Truck node count:         20
Drone node count:         25
=============================

========== Settings ==========
Settings file:        ./settings/Memetic_MMX_1881515.config
Seed:                 1881515
Reduction method:     -
Max iter:             1000
Population size:      13
Crossover:            MA-MMX
Local Search:         LS
==============================

====== Algorithm Status ======
Valor:                5321
Time:                 254
nIter:                24
Best Iter:            24
Improvement Count:    23
==============================
Solution tour: 
0 11 45 11 15 11 14 3 14 
5 38 30 38 16 19 31 19 39 43 6 3 13 27 29 27 13 3 6 23 6 25 34 25 31 4 9 4 40 
2 40 33 24 6 38 19 34 24 33 3 36 7 28 37 42 20 36 45 44 45 36 
==============================

====== Algorithm Status ======
Valor:                5605
Time:                 500
nIter:                56
Best Iter:            56
Improvement Count:    55
==============================
Solution tour: 
0 24 26 24 43 8 1 8 9 36 45 35 45 36 20 17 36 37 27 29 13 27 13 24 33 2 40 2 33 40 41 23 6 3 14 3 
5 43 39 30 38 19 34 25 6 23 40 33 25 34 25 34 19 31 38 16 38 31 19 39 32 18 42 20 36 44 15 11 15 10 45 11 45 10 37 
==============================

====== Algorithm Status ======
Valor:                5750
Time:                 1001
nIter:                113
Best Iter:            113
Improvement Count:    114
==============================
Solution tour: 
0 13 3 
6 24 26 24 43 1 8 1 8 9 36 45 35 21 35 45 36 20 17 36 37 27 29 27 29 13 27 13 24 33 2 40 2 33 40 41 23 6 3 14 3 
5 43 39 32 30 38 19 34 25 6 23 40 33 25 34 25 34 19 38 16 38 19 31 19 39 43 18 42 20 36 44 15 11 15 10 15 36 
==============================

====== Algorithm Status ======
Valor:                5750
Time:                 1001
nIter:                113
Best Iter:            113
Improvement Count:    114
==============================
Solution tour: 
0 13 3 
6 24 26 24 43 1 8 1 8 9 36 45 35 21 35 45 36 20 17 36 37 27 29 27 29 13 27 13 24 33 2 40 2 33 40 41 23 6 3 14 3 
5 43 39 32 30 38 19 34 25 6 23 40 33 25 34 25 34 19 38 16 38 19 31 19 39 43 18 42 20 36 44 15 11 15 10 15 36 
==============================

