=========== Input ===========
File name:                ./instances/created-instances/mm-25-10-1767920.cdop
Total node count:         36
Truck node count:         25
Drone node count:         10
=============================

========== Settings ==========
Settings file:        ./settings/Memetic-LS_MPX_1099666.config
Seed:                 1099666
Reduction method:     -
Max iter:             1000
Population size:      13
Crossover:            MA-MPX
Local Search:         -
==============================

====== Algorithm Status ======
Valor:                5.32598e-310
Time:                 250
nIter:                314
Best Iter:            314
Improvement Count:    313
==============================
Solution tour: 
0 
10 28 
16 
3 
24 
19 
21 32 
8 
22 33 
20 
18 
14 
7 
15 
25 31 35 34 
23 30 
5 26 
11 
9 
1 
4 
13 
12 29 
17 27 
6 
2 
==============================

====== Algorithm Status ======
Valor:                5.32598e-310
Time:                 500
nIter:                633
Best Iter:            633
Improvement Count:    632
==============================
Solution tour: 
0 
10 28 
16 
3 
24 
19 
21 32 
8 
22 33 
20 
18 
14 
7 
15 
25 31 35 34 
23 30 
5 26 
11 
9 
1 
4 
13 
12 29 
17 27 
6 
2 
==============================

====== Algorithm Status ======
Valor:                377
Time:                 1001
nIter:                1273
Best Iter:            1273
Improvement Count:    1274
==============================
Solution tour: 
0 
17 
7 
24 
11 
18 
20 
21 
3 
8 
4 
23 
9 
13 
1 
12 
25 
10 
16 
22 
==============================

====== Algorithm Status ======
Valor:                377
Time:                 1001
nIter:                1273
Best Iter:            1273
Improvement Count:    1274
==============================
Solution tour: 
0 
17 
7 
24 
11 
18 
20 
21 
3 
8 
4 
23 
9 
13 
1 
12 
25 
10 
16 
22 
==============================

