=========== Input ===========
File name:                ./instances/created-instances/mm-20-25-1762875.cdop
Total node count:         46
Truck node count:         20
Drone node count:         25
=============================

========== Settings ==========
Settings file:        ./settings/Memetic_MMX_1287823.config
Seed:                 1287823
Reduction method:     -
Max iter:             1000
Population size:      13
Crossover:            MA-MMX
Local Search:         LS
==============================

====== Algorithm Status ======
Valor:                5288
Time:                 259
nIter:                21
Best Iter:            21
Improvement Count:    20
==============================
Solution tour: 
0 24 5 14 10 38 25 44 35 18 11 30 11 18 33 19 23 31 24 31 23 35 23 26 4 22 19 33 22 32 33 36 
1 36 13 31 13 9 4 26 23 19 22 21 22 39 20 34 28 42 17 29 17 42 38 10 20 
12 37 10 36 10 13 45 6 45 13 22 
==============================

====== Algorithm Status ======
Valor:                5411
Time:                 506
nIter:                40
Best Iter:            40
Improvement Count:    39
==============================
Solution tour: 
0 24 5 14 10 38 25 44 35 18 11 30 11 18 33 19 23 31 24 31 23 35 23 26 4 22 33 22 32 33 10 36 
1 36 13 23 13 31 13 9 22 4 26 23 19 22 21 22 39 20 34 28 42 17 29 38 10 20 
12 37 36 10 13 45 6 45 13 22 13 6 
==============================

====== Algorithm Status ======
Valor:                5712
Time:                 1012
nIter:                85
Best Iter:            85
Improvement Count:    86
==============================
Solution tour: 
0 24 5 14 10 38 25 44 35 18 11 30 11 18 33 19 23 31 14 28 38 
10 36 10 37 
12 20 34 
20 39 21 22 4 26 4 22 33 39 20 23 19 33 32 33 22 13 31 13 9 6 28 42 
17 42 29 36 1 36 25 44 25 12 37 34 28 14 5 2 5 0 45 6 45 
==============================

====== Algorithm Status ======
Valor:                5712
Time:                 1012
nIter:                85
Best Iter:            85
Improvement Count:    86
==============================
Solution tour: 
0 24 5 14 10 38 25 44 35 18 11 30 11 18 33 19 23 31 14 28 38 
10 36 10 37 
12 20 34 
20 39 21 22 4 26 4 22 33 39 20 23 19 33 32 33 22 13 31 13 9 6 28 42 
17 42 29 36 1 36 25 44 25 12 37 34 28 14 5 2 5 0 45 6 45 
==============================

