=========== Input ===========
File name:                ./instances/created-instances/mm-25-10-1762875.cdop
Total node count:         36
Truck node count:         25
Drone node count:         10
=============================

========== Settings ==========
Settings file:        ./settings/Memetic_MMX_1099666.config
Seed:                 1099666
Reduction method:     -
Max iter:             1000
Population size:      13
Crossover:            MA-MMX
Local Search:         LS
==============================

====== Algorithm Status ======
Valor:                4382
Time:                 253
nIter:                36
Best Iter:            36
Improvement Count:    35
==============================
Solution tour: 
0 7 28 9 24 33 13 19 24 19 13 3 20 10 27 17 31 17 33 13 33 22 4 21 26 29 26 18 23 3 11 25 
11 32 29 9 21 4 22 23 18 8 3 8 
20 35 20 33 24 19 10 
13 20 8 18 26 34 26 8 12 30 
==============================

====== Algorithm Status ======
Valor:                4666
Time:                 502
nIter:                84
Best Iter:            84
Improvement Count:    83
==============================
Solution tour: 
0 7 28 9 28 19 33 24 33 13 19 24 19 10 1 27 31 17 31 10 20 13 33 22 4 21 26 29 26 18 23 3 11 25 
11 32 29 9 21 4 22 23 18 8 3 8 
20 35 20 10 19 13 10 
13 20 8 18 26 34 26 
8 12 30 
==============================

====== Algorithm Status ======
Valor:                4666
Time:                 1003
nIter:                162
Best Iter:            162
Improvement Count:    163
==============================
Solution tour: 
0 7 28 9 28 19 33 24 33 13 19 24 19 10 1 27 31 17 31 10 20 13 33 22 4 21 26 29 26 18 23 3 11 25 
11 32 29 9 21 4 22 23 18 8 3 8 
20 35 20 10 19 13 10 
13 20 8 18 26 34 26 
8 12 30 
==============================

====== Algorithm Status ======
Valor:                4666
Time:                 1003
nIter:                162
Best Iter:            162
Improvement Count:    163
==============================
Solution tour: 
0 7 28 9 28 19 33 24 33 13 19 24 19 10 1 27 31 17 31 10 20 13 33 22 4 21 26 29 26 18 23 3 11 25 
11 32 29 9 21 4 22 23 18 8 3 8 
20 35 20 10 19 13 10 
13 20 8 18 26 34 26 
8 12 30 
==============================

