=========== Input ===========
File name:                ./instances/created-instances/mm-25-25-1891798.cdop
Total node count:         51
Truck node count:         25
Drone node count:         25
=============================

========== Settings ==========
Settings file:        ./settings/Memetic-LS_MPX_1287823.config
Seed:                 1287823
Reduction method:     -
Max iter:             1000
Population size:      13
Crossover:            MA-MPX
Local Search:         -
==============================

====== Algorithm Status ======
Valor:                2.44261e-154
Time:                 250
nIter:                104
Best Iter:            104
Improvement Count:    103
==============================
Solution tour: 
0 30 36 41 47 
2 26 
5 34 
8 
23 
12 
21 48 
10 
16 
22 31 29 38 27 
19 42 
15 
13 39 
3 
24 
4 
18 37 35 
20 46 
11 50 44 
17 40 32 49 
25 45 33 
7 
1 28 43 
9 
6 
14 
==============================

====== Algorithm Status ======
Valor:                2.122e-314
Time:                 500
nIter:                199
Best Iter:            199
Improvement Count:    198
==============================
Solution tour: 
0 36 
1 
12 44 27 35 
14 29 43 48 50 
17 30 
24 28 47 42 40 
2 32 
3 
13 
25 
18 
21 34 
15 
19 
16 46 
11 
8 49 45 
22 41 
5 33 38 39 
4 
23 
20 37 
7 26 
10 31 
6 
9 
==============================

====== Algorithm Status ======
Valor:                456
Time:                 1001
nIter:                400
Best Iter:            400
Improvement Count:    401
==============================
Solution tour: 
0 
12 
14 
24 
2 
13 
25 
18 
21 
15 
19 
16 
11 
22 
5 
4 
20 
10 
6 
9 
==============================

====== Algorithm Status ======
Valor:                456
Time:                 1001
nIter:                400
Best Iter:            400
Improvement Count:    401
==============================
Solution tour: 
0 
12 
14 
24 
2 
13 
25 
18 
21 
15 
19 
16 
11 
22 
5 
4 
20 
10 
6 
9 
==============================

