=========== Input ===========
File name:                ./instances/created-instances/mm-25-10-1917698.cdop
Total node count:         36
Truck node count:         25
Drone node count:         10
=============================

========== Settings ==========
Settings file:        ./settings/Memetic-LS_MPX_1099666.config
Seed:                 1099666
Reduction method:     -
Max iter:             1000
Population size:      13
Crossover:            MA-MPX
Local Search:         -
==============================

====== Algorithm Status ======
Valor:                1434
Time:                 250
nIter:                293
Best Iter:            293
Improvement Count:    292
==============================
Solution tour: 
0 
9 33 26 
2 28 
4 32 
18 
6 
3 
25 
13 
19 
17 
14 
15 
7 
11 30 
5 
22 
1 
==============================

====== Algorithm Status ======
Valor:                1434
Time:                 500
nIter:                615
Best Iter:            615
Improvement Count:    614
==============================
Solution tour: 
0 
9 33 26 
2 28 
4 32 
18 
6 
3 
25 
13 
19 
17 
14 
15 
7 
11 30 
5 
22 
1 
==============================

====== Algorithm Status ======
Valor:                1522
Time:                 1001
nIter:                1234
Best Iter:            1234
Improvement Count:    1235
==============================
Solution tour: 
0 
9 33 26 
2 28 
12 28 
6 
3 
25 
4 32 
15 29 
17 
14 
13 31 
7 
11 30 
5 
22 
1 
==============================

====== Algorithm Status ======
Valor:                1522
Time:                 1001
nIter:                1234
Best Iter:            1234
Improvement Count:    1235
==============================
Solution tour: 
0 
9 33 26 
2 28 
12 28 
6 
3 
25 
4 32 
15 29 
17 
14 
13 31 
7 
11 30 
5 
22 
1 
==============================

