=========== Input ===========
File name:                ./instances/created-instances/mm-25-10-1110588.cdop
Total node count:         36
Truck node count:         25
Drone node count:         10
=============================

========== Settings ==========
Settings file:        ./settings/Memetic-LS_MPX_1287823.config
Seed:                 1287823
Reduction method:     -
Max iter:             1000
Population size:      13
Crossover:            MA-MPX
Local Search:         -
==============================

====== Algorithm Status ======
Valor:                1364
Time:                 250
nIter:                328
Best Iter:            328
Improvement Count:    327
==============================
Solution tour: 
0 
3 
2 
13 
1 29 33 31 
7 
16 
10 
25 
14 27 
24 
23 
19 
4 28 30 
9 
12 
18 32 
11 
6 
5 34 35 
22 
20 
8 
17 
15 
21 26 
==============================

====== Algorithm Status ======
Valor:                1364
Time:                 500
nIter:                654
Best Iter:            654
Improvement Count:    653
==============================
Solution tour: 
0 
3 
2 
13 
1 29 33 31 
7 
16 
10 
25 
14 27 
24 
23 
19 
4 28 30 
9 
12 
18 32 
11 
6 
5 34 35 
22 
20 
8 
17 
15 
21 26 
==============================

====== Algorithm Status ======
Valor:                1759
Time:                 1001
nIter:                1306
Best Iter:            1306
Improvement Count:    1307
==============================
Solution tour: 
0 29 31 
7 
9 
20 
10 
15 
25 
5 
14 27 
2 34 
24 
23 
3 
4 28 30 
17 
18 28 
6 
21 
22 
13 
==============================

====== Algorithm Status ======
Valor:                1759
Time:                 1001
nIter:                1306
Best Iter:            1306
Improvement Count:    1307
==============================
Solution tour: 
0 29 31 
7 
9 
20 
10 
15 
25 
5 
14 27 
2 34 
24 
23 
3 
4 28 30 
17 
18 28 
6 
21 
22 
13 
==============================

