=========== Input ===========
File name:                ./instances/created-instances/mm-25-25-1917698.cdop
Total node count:         51
Truck node count:         25
Drone node count:         25
=============================

========== Settings ==========
Settings file:        ./settings/Memetic-LS_MPX_1287823.config
Seed:                 1287823
Reduction method:     -
Max iter:             1000
Population size:      13
Crossover:            MA-MPX
Local Search:         -
==============================

====== Algorithm Status ======
Valor:                1943
Time:                 250
nIter:                102
Best Iter:            102
Improvement Count:    101
==============================
Solution tour: 
0 
9 28 
1 
4 34 29 
8 48 43 
7 41 46 33 40 39 
16 
12 
6 
14 
17 
21 
23 
15 42 49 
25 
18 
13 30 36 35 37 27 
24 
10 50 47 
20 
22 
19 32 44 
11 
2 
5 45 31 
3 38 26 
==============================

====== Algorithm Status ======
Valor:                1943
Time:                 501
nIter:                193
Best Iter:            193
Improvement Count:    192
==============================
Solution tour: 
0 
9 28 
1 
4 34 29 
8 48 43 
7 41 46 33 40 39 
16 
12 
6 
14 
17 
21 
23 
15 42 49 
25 
18 
13 30 36 35 37 27 
24 
10 50 47 
20 
22 
19 32 44 
11 
2 
5 45 31 
3 38 26 
==============================

====== Algorithm Status ======
Valor:                501
Time:                 1002
nIter:                383
Best Iter:            383
Improvement Count:    384
==============================
Solution tour: 
0 
13 
16 
12 
9 
18 
2 
14 
19 
4 
7 
8 
22 
3 
15 
6 
1 
20 
11 42 
==============================

====== Algorithm Status ======
Valor:                501
Time:                 1002
nIter:                383
Best Iter:            383
Improvement Count:    384
==============================
Solution tour: 
0 
13 
16 
12 
9 
18 
2 
14 
19 
4 
7 
8 
22 
3 
15 
6 
1 
20 
11 42 
==============================

