=========== Input ===========
File name:                ./instances/created-instances/mm-20-10-1762875.cdop
Total node count:         31
Truck node count:         20
Drone node count:         10
=============================

========== Settings ==========
Settings file:        ./settings/Memetic_MMX_1881515.config
Seed:                 1881515
Reduction method:     -
Max iter:             1000
Population size:      13
Crossover:            MA-MMX
Local Search:         LS
==============================

====== Algorithm Status ======
Valor:                4027
Time:                 260
nIter:                60
Best Iter:            60
Improvement Count:    59
==============================
Solution tour: 
0 19 23 0 5 0 14 0 6 23 9 19 9 24 6 9 6 4 15 26 15 4 9 13 
20 26 9 23 5 23 13 21 22 21 13 9 26 20 8 25 10 25 3 18 3 27 22 27 11 30 18 8 18 30 
11 12 23 
19 0 6 
==============================

====== Algorithm Status ======
Valor:                4047
Time:                 504
nIter:                102
Best Iter:            102
Improvement Count:    101
==============================
Solution tour: 
0 5 0 14 0 19 23 6 23 9 19 9 24 6 9 6 4 15 26 15 4 9 13 
20 26 9 23 5 23 13 21 22 21 13 9 26 20 8 25 10 25 3 18 3 27 22 27 11 30 18 8 18 30 
11 12 23 
19 0 6 
==============================

====== Algorithm Status ======
Valor:                4066
Time:                 1003
nIter:                198
Best Iter:            198
Improvement Count:    199
==============================
Solution tour: 
0 5 0 14 0 19 9 6 28 24 0 6 9 22 4 15 26 15 4 9 13 
20 26 9 19 23 5 23 13 21 22 21 13 9 26 20 8 25 10 25 3 18 3 27 22 27 11 30 18 8 18 30 
11 12 23 
19 0 6 
==============================

====== Algorithm Status ======
Valor:                4066
Time:                 1003
nIter:                198
Best Iter:            198
Improvement Count:    199
==============================
Solution tour: 
0 5 0 14 0 19 9 6 28 24 0 6 9 22 4 15 26 15 4 9 13 
20 26 9 19 23 5 23 13 21 22 21 13 9 26 20 8 25 10 25 3 18 3 27 22 27 11 30 18 8 18 30 
11 12 23 
19 0 6 
==============================

