=========== Input ===========
File name:                ./instances/created-instances/mm-25-25-1767920.cdop
Total node count:         51
Truck node count:         25
Drone node count:         25
=============================

========== Settings ==========
Settings file:        ./settings/Memetic-LS_MMX_1287823.config
Seed:                 1287823
Reduction method:     -
Max iter:             1000
Population size:      13
Crossover:            MA-MMX
Local Search:         -
==============================

====== Algorithm Status ======
Valor:                2285
Time:                 251
nIter:                121
Best Iter:            121
Improvement Count:    120
==============================
Solution tour: 
0 35 49 
16 
15 48 46 42 26 40 28 39 
14 
22 
21 
17 
23 
20 
18 
9 
24 
19 43 47 32 37 33 
13 50 
3 
11 45 44 
8 
25 
1 38 
5 
2 
4 41 27 
12 29 
10 
7 30 36 31 
6 34 
==============================

====== Algorithm Status ======
Valor:                2285
Time:                 500
nIter:                232
Best Iter:            232
Improvement Count:    231
==============================
Solution tour: 
0 35 49 
16 
15 48 46 42 26 40 28 39 
14 
22 
21 
17 
23 
20 
18 
9 
24 
19 43 47 32 37 33 
13 50 
3 
11 45 44 
8 
25 
1 38 
5 
2 
4 41 27 
12 29 
10 
7 30 36 31 
6 34 
==============================

====== Algorithm Status ======
Valor:                484
Time:                 1003
nIter:                450
Best Iter:            450
Improvement Count:    451
==============================
Solution tour: 
0 
5 
4 
12 
11 
8 
13 
9 
22 
1 
25 
3 
6 
24 
7 
14 
10 
15 
23 
18 
==============================

====== Algorithm Status ======
Valor:                484
Time:                 1003
nIter:                450
Best Iter:            450
Improvement Count:    451
==============================
Solution tour: 
0 
5 
4 
12 
11 
8 
13 
9 
22 
1 
25 
3 
6 
24 
7 
14 
10 
15 
23 
18 
==============================

