=========== Input ===========
File name:                ./instances/created-instances/mm-25-10-1767920.cdop
Total node count:         36
Truck node count:         25
Drone node count:         10
=============================

========== Settings ==========
Settings file:        ./settings/Memetic_MPX_1099666.config
Seed:                 1099666
Reduction method:     -
Max iter:             1000
Population size:      13
Crossover:            MA-MPX
Local Search:         LS
==============================

====== Algorithm Status ======
Valor:                3352
Time:                 250
nIter:                51
Best Iter:            51
Improvement Count:    50
==============================
Solution tour: 
0 17 
13 20 24 8 27 
24 27 11 27 8 
1 
3 1 8 26 28 
5 34 
19 34 32 8 
23 7 11 30 11 8 35 33 35 
21 33 35 33 
22 1 
16 6 13 20 14 
20 30 
12 29 8 7 
18 7 
4 31 7 
2 7 8 11 30 
8 17 
==============================

====== Algorithm Status ======
Valor:                3411
Time:                 501
nIter:                103
Best Iter:            103
Improvement Count:    102
==============================
Solution tour: 
0 17 14 
13 17 
25 17 22 33 
5 34 
19 31 29 14 
20 30 
22 35 33 35 
10 
15 10 
9 10 6 
16 1 24 11 30 
11 27 
24 27 9 
21 16 6 
1 
3 1 8 
17 8 7 17 
==============================

====== Algorithm Status ======
Valor:                3411
Time:                 1003
nIter:                208
Best Iter:            208
Improvement Count:    209
==============================
Solution tour: 
0 17 14 
13 17 
25 17 22 33 
5 34 
19 31 29 14 
20 30 
22 35 33 35 
10 
15 10 
9 10 6 
16 1 24 11 30 
11 27 
24 27 9 
21 16 6 
1 
3 1 8 
17 8 7 17 
==============================

====== Algorithm Status ======
Valor:                3411
Time:                 1003
nIter:                208
Best Iter:            208
Improvement Count:    209
==============================
Solution tour: 
0 17 14 
13 17 
25 17 22 33 
5 34 
19 31 29 14 
20 30 
22 35 33 35 
10 
15 10 
9 10 6 
16 1 24 11 30 
11 27 
24 27 9 
21 16 6 
1 
3 1 8 
17 8 7 17 
==============================

