=========== Input ===========
File name:                ./instances/created-instances/mm-25-10-1891798.cdop
Total node count:         36
Truck node count:         25
Drone node count:         10
=============================

========== Settings ==========
Settings file:        ./settings/Memetic-LS_MPX_1099666.config
Seed:                 1099666
Reduction method:     -
Max iter:             1000
Population size:      13
Crossover:            MA-MPX
Local Search:         -
==============================

====== Algorithm Status ======
Valor:                0
Time:                 250
nIter:                323
Best Iter:            323
Improvement Count:    322
==============================
Solution tour: 
0 
21 27 
13 
23 
6 
11 
8 
4 
22 
2 28 
9 
20 
1 
25 31 30 
14 
12 33 
16 35 
18 
17 34 32 26 
19 
7 
3 
24 
5 
10 29 
15 
==============================

====== Algorithm Status ======
Valor:                0
Time:                 500
nIter:                642
Best Iter:            642
Improvement Count:    641
==============================
Solution tour: 
0 
21 27 
13 
23 
6 
11 
8 
4 
22 
2 28 
9 
20 
1 
25 31 30 
14 
12 33 
16 35 
18 
17 34 32 26 
19 
7 
3 
24 
5 
10 29 
15 
==============================

====== Algorithm Status ======
Valor:                655
Time:                 1001
nIter:                1256
Best Iter:            1256
Improvement Count:    1257
==============================
Solution tour: 
0 
13 
23 
6 
11 
4 
22 
2 
9 
20 
25 
14 
12 
16 
18 
17 
19 
7 
24 
5 
15 
==============================

====== Algorithm Status ======
Valor:                655
Time:                 1001
nIter:                1256
Best Iter:            1256
Improvement Count:    1257
==============================
Solution tour: 
0 
13 
23 
6 
11 
4 
22 
2 
9 
20 
25 
14 
12 
16 
18 
17 
19 
7 
24 
5 
15 
==============================

