=========== Input ===========
File name:                ./instances/created-instances/mm-20-10-1767920.cdop
Total node count:         31
Truck node count:         20
Drone node count:         10
=============================

========== Settings ==========
Settings file:        ./settings/Memetic_MPX_1881515.config
Seed:                 1881515
Reduction method:     -
Max iter:             1000
Population size:      13
Crossover:            MA-MPX
Local Search:         LS
==============================

====== Algorithm Status ======
Valor:                3657
Time:                 251
nIter:                67
Best Iter:            67
Improvement Count:    66
==============================
Solution tour: 
0 22 28 11 22 
2 22 23 26 8 7 25 
5 25 27 25 2 7 26 23 22 
11 8 26 
7 18 
6 2 18 
4 
18 2 13 21 13 
1 
3 16 
9 29 
15 29 9 
16 29 10 30 
10 1 10 3 28 20 
12 18 19 4 7 22 
==============================

====== Algorithm Status ======
Valor:                3684
Time:                 501
nIter:                127
Best Iter:            127
Improvement Count:    126
==============================
Solution tour: 
0 24 21 13 20 
9 
3 28 
6 12 20 12 8 14 8 26 8 7 
2 25 27 25 
7 18 
4 18 7 8 11 
20 28 11 22 11 28 13 1 3 30 15 29 15 
10 
1 13 
18 2 18 23 26 23 22 23 
14 
17 13 6 13 21 
==============================

====== Algorithm Status ======
Valor:                3744
Time:                 1002
nIter:                253
Best Iter:            253
Improvement Count:    254
==============================
Solution tour: 
0 30 24 
17 26 7 16 
9 15 29 
15 1 28 
6 12 20 12 1 
10 
1 
3 1 
13 21 13 
20 11 22 23 22 7 
18 
4 18 
7 22 
11 8 26 8 
12 
8 7 25 27 25 
5 18 2 18 
19 18 7 26 23 26 17 
==============================

====== Algorithm Status ======
Valor:                3744
Time:                 1002
nIter:                253
Best Iter:            253
Improvement Count:    254
==============================
Solution tour: 
0 30 24 
17 26 7 16 
9 15 29 
15 1 28 
6 12 20 12 1 
10 
1 
3 1 
13 21 13 
20 11 22 23 22 7 
18 
4 18 
7 22 
11 8 26 8 
12 
8 7 25 27 25 
5 18 2 18 
19 18 7 26 23 26 17 
==============================

