=========== Input ===========
File name:                ./instances/created-instances/mm-25-10-1762875.cdop
Total node count:         36
Truck node count:         25
Drone node count:         10
=============================

========== Settings ==========
Settings file:        ./settings/Memetic-LS_MMX_1881515.config
Seed:                 1881515
Reduction method:     -
Max iter:             1000
Population size:      13
Crossover:            MA-MMX
Local Search:         -
==============================

====== Algorithm Status ======
Valor:                1.4822e-322
Time:                 250
nIter:                412
Best Iter:            412
Improvement Count:    411
==============================
Solution tour: 
0 
9 
15 
10 
7 
19 35 27 
17 
11 
20 
21 
25 34 26 30 
6 
23 
8 
12 
13 
18 
3 29 
16 
22 28 
5 
2 
4 32 
14 
1 33 
24 31 
==============================

====== Algorithm Status ======
Valor:                1.5316e-322
Time:                 500
nIter:                790
Best Iter:            790
Improvement Count:    789
==============================
Solution tour: 
0 
6 33 
1 
3 
17 
8 
4 
21 
25 27 29 
14 
11 30 
24 34 
22 
23 
18 32 
12 
9 28 
20 35 
10 
19 
7 
15 26 
2 
16 
5 31 
13 
==============================

====== Algorithm Status ======
Valor:                705
Time:                 1001
nIter:                1600
Best Iter:            1600
Improvement Count:    1601
==============================
Solution tour: 
0 
8 
21 
24 
23 
25 
3 
4 
7 
9 
20 
10 
13 
5 
14 
17 
19 
2 
6 30 
==============================

====== Algorithm Status ======
Valor:                705
Time:                 1001
nIter:                1600
Best Iter:            1600
Improvement Count:    1601
==============================
Solution tour: 
0 
8 
21 
24 
23 
25 
3 
4 
7 
9 
20 
10 
13 
5 
14 
17 
19 
2 
6 30 
==============================

