=========== Input ===========
File name:                ./instances/created-instances/mm-20-25-1917698.cdop
Total node count:         46
Truck node count:         20
Drone node count:         25
=============================

========== Settings ==========
Settings file:        ./settings/Memetic-LS_MPX_1881515.config
Seed:                 1881515
Reduction method:     -
Max iter:             1000
Population size:      13
Crossover:            MA-MPX
Local Search:         -
==============================

====== Algorithm Status ======
Valor:                6.01361e-154
Time:                 251
nIter:                110
Best Iter:            110
Improvement Count:    109
==============================
Solution tour: 
0 
10 35 42 
12 
11 
6 25 
16 40 
3 24 
19 23 39 26 
4 27 
1 30 
15 36 22 
2 45 44 33 29 38 
8 
9 
14 
18 43 32 
20 31 21 28 41 
17 
13 34 37 
7 
5 
==============================

====== Algorithm Status ======
Valor:                6.01361e-154
Time:                 501
nIter:                219
Best Iter:            219
Improvement Count:    218
==============================
Solution tour: 
0 
10 35 42 
12 
11 
6 25 
16 40 
3 24 
19 23 39 26 
4 27 
1 30 
15 36 22 
2 45 44 33 29 38 
8 
9 
14 
18 43 32 
20 31 21 28 41 
17 
13 34 37 
7 
5 
==============================

====== Algorithm Status ======
Valor:                602
Time:                 1001
nIter:                438
Best Iter:            438
Improvement Count:    439
==============================
Solution tour: 
0 
12 
6 
16 
3 
19 
4 
1 
15 
2 
8 
9 
14 
18 
20 
17 
13 
7 
==============================

====== Algorithm Status ======
Valor:                602
Time:                 1001
nIter:                438
Best Iter:            438
Improvement Count:    439
==============================
Solution tour: 
0 
12 
6 
16 
3 
19 
4 
1 
15 
2 
8 
9 
14 
18 
20 
17 
13 
7 
==============================

