=========== Input ===========
File name:                ./instances/created-instances/mm-25-10-1767920.cdop
Total node count:         36
Truck node count:         25
Drone node count:         10
=============================

========== Settings ==========
Settings file:        ./settings/Memetic-LS_MPX_1881515.config
Seed:                 1881515
Reduction method:     -
Max iter:             1000
Population size:      13
Crossover:            MA-MPX
Local Search:         -
==============================

====== Algorithm Status ======
Valor:                0
Time:                 250
nIter:                311
Best Iter:            311
Improvement Count:    310
==============================
Solution tour: 
0 
17 
15 
9 
24 
19 
12 
20 
10 
16 27 
21 35 
7 
6 
5 
18 28 
22 33 34 
4 
23 29 30 26 31 
2 
14 
13 
25 32 
3 
1 
8 
11 
==============================

====== Algorithm Status ======
Valor:                1205
Time:                 500
nIter:                627
Best Iter:            627
Improvement Count:    626
==============================
Solution tour: 
0 
14 26 
22 
9 
10 30 
23 
19 
17 35 28 
5 
8 
24 
11 
4 
2 
12 
18 
6 32 27 
16 
1 
3 29 31 
7 34 
20 
21 
25 
15 
13 33 
==============================

====== Algorithm Status ======
Valor:                554
Time:                 1001
nIter:                1261
Best Iter:            1261
Improvement Count:    1262
==============================
Solution tour: 
0 
14 
7 
22 
20 
8 
1 
6 
10 
16 
23 
2 
17 
13 
25 
3 
12 
19 
4 28 
==============================

====== Algorithm Status ======
Valor:                554
Time:                 1001
nIter:                1261
Best Iter:            1261
Improvement Count:    1262
==============================
Solution tour: 
0 
14 
7 
22 
20 
8 
1 
6 
10 
16 
23 
2 
17 
13 
25 
3 
12 
19 
4 28 
==============================

