=========== Input ===========
File name:                ./instances/created-instances/mm-20-25-1110588.cdop
Total node count:         46
Truck node count:         20
Drone node count:         25
=============================

========== Settings ==========
Settings file:        ./settings/Memetic-LS_MMX_1099666.config
Seed:                 1099666
Reduction method:     -
Max iter:             1000
Population size:      13
Crossover:            MA-MMX
Local Search:         -
==============================

====== Algorithm Status ======
Valor:                6.69413e-310
Time:                 251
nIter:                130
Best Iter:            130
Improvement Count:    129
==============================
Solution tour: 
0 41 27 36 30 22 40 24 35 26 44 
7 
20 43 
19 39 
11 45 33 
5 42 
3 
13 31 
8 
9 
1 38 
18 
10 25 
15 37 34 
17 21 29 23 
2 
6 32 
14 28 
4 
12 
16 
==============================

====== Algorithm Status ======
Valor:                4.94353e-310
Time:                 500
nIter:                271
Best Iter:            271
Improvement Count:    270
==============================
Solution tour: 
0 43 
17 21 
6 
14 
3 
9 39 32 
12 
18 40 45 36 
11 31 41 
1 26 27 
19 44 42 35 37 28 33 
8 
7 22 34 38 23 
5 30 
20 
2 24 
4 
16 25 
13 
15 
10 29 
==============================

====== Algorithm Status ======
Valor:                726
Time:                 1001
nIter:                544
Best Iter:            544
Improvement Count:    545
==============================
Solution tour: 
0 
17 
6 
14 
3 
9 
12 
18 40 
1 
8 
7 
5 
20 
4 
16 
13 
15 
10 29 
==============================

====== Algorithm Status ======
Valor:                726
Time:                 1001
nIter:                544
Best Iter:            544
Improvement Count:    545
==============================
Solution tour: 
0 
17 
6 
14 
3 
9 
12 
18 40 
1 
8 
7 
5 
20 
4 
16 
13 
15 
10 29 
==============================

