=========== Input ===========
File name:                ./instances/created-instances/mm-25-25-1767920.cdop
Total node count:         51
Truck node count:         25
Drone node count:         25
=============================

========== Settings ==========
Settings file:        ./settings/Memetic-LS_MMX_1881515.config
Seed:                 1881515
Reduction method:     -
Max iter:             1000
Population size:      13
Crossover:            MA-MMX
Local Search:         -
==============================

====== Algorithm Status ======
Valor:                2090
Time:                 251
nIter:                113
Best Iter:            113
Improvement Count:    112
==============================
Solution tour: 
0 27 33 
19 
7 
13 
8 47 50 
18 26 
6 
22 36 
12 41 28 29 49 
11 
17 
14 
21 43 39 37 46 
3 45 
20 30 32 
5 
1 40 
2 
24 42 
25 35 44 38 
9 
15 
23 34 
10 
16 31 48 
4 
==============================

====== Algorithm Status ======
Valor:                2090
Time:                 502
nIter:                222
Best Iter:            222
Improvement Count:    221
==============================
Solution tour: 
0 27 33 
19 
7 
13 
8 47 50 
18 26 
6 
22 36 
12 41 28 29 49 
11 
17 
14 
21 43 39 37 46 
3 45 
20 30 32 
5 
1 40 
2 
24 42 
25 35 44 38 
9 
15 
23 34 
10 
16 31 48 
4 
==============================

====== Algorithm Status ======
Valor:                382
Time:                 1002
nIter:                452
Best Iter:            452
Improvement Count:    453
==============================
Solution tour: 
0 
24 
4 
12 
11 
18 
22 
9 
6 
17 
8 
1 
21 
16 
15 
14 
13 
25 
20 
3 28 
==============================

====== Algorithm Status ======
Valor:                382
Time:                 1002
nIter:                452
Best Iter:            452
Improvement Count:    453
==============================
Solution tour: 
0 
24 
4 
12 
11 
18 
22 
9 
6 
17 
8 
1 
21 
16 
15 
14 
13 
25 
20 
3 28 
==============================

