=========== Input ===========
File name:                ./instances/created-instances/mm-20-25-1917698.cdop
Total node count:         46
Truck node count:         20
Drone node count:         25
=============================

========== Settings ==========
Settings file:        ./settings/Memetic_MMX_1881515.config
Seed:                 1881515
Reduction method:     -
Max iter:             1000
Population size:      13
Crossover:            MA-MMX
Local Search:         LS
==============================

====== Algorithm Status ======
Valor:                5457
Time:                 259
nIter:                21
Best Iter:            21
Improvement Count:    20
==============================
Solution tour: 
0 24 14 36 17 14 3 9 33 12 30 26 31 30 15 30 31 43 44 43 39 25 39 38 39 3 30 12 33 9 15 3 39 
1 39 14 41 18 45 4 45 42 44 42 12 44 12 9 42 3 42 14 42 41 33 44 33 32 30 3 14 17 40 34 40 17 29 27 35 36 15 9 12 9 
==============================

====== Algorithm Status ======
Valor:                5488
Time:                 501
nIter:                40
Best Iter:            40
Improvement Count:    39
==============================
Solution tour: 
0 36 14 3 41 42 9 12 33 9 12 44 12 30 26 43 32 30 
15 30 31 30 32 43 44 43 26 30 12 42 14 42 44 42 17 40 17 44 33 44 31 43 6 38 39 38 
1 39 25 39 1 34 40 24 4 45 27 35 27 29 34 29 42 3 17 3 14 41 29 27 33 12 9 36 
==============================

====== Algorithm Status ======
Valor:                5651
Time:                 1004
nIter:                76
Best Iter:            76
Improvement Count:    77
==============================
Solution tour: 
0 36 14 3 42 41 42 12 33 12 9 12 44 12 30 31 26 43 31 30 
15 30 32 30 43 44 43 26 30 12 42 14 42 44 42 17 40 17 44 33 44 31 43 6 38 39 38 
1 39 25 39 1 34 4 45 35 27 4 24 40 34 29 42 3 17 3 14 41 29 27 35 36 
==============================

====== Algorithm Status ======
Valor:                5651
Time:                 1004
nIter:                76
Best Iter:            76
Improvement Count:    77
==============================
Solution tour: 
0 36 14 3 42 41 42 12 33 12 9 12 44 12 30 31 26 43 31 30 
15 30 32 30 43 44 43 26 30 12 42 14 42 44 42 17 40 17 44 33 44 31 43 6 38 39 38 
1 39 25 39 1 34 4 45 35 27 4 24 40 34 29 42 3 17 3 14 41 29 27 35 36 
==============================

