=========== Input ===========
File name:                ./instances/created-instances/mm-20-25-1110588.cdop
Total node count:         46
Truck node count:         20
Drone node count:         25
=============================

========== Settings ==========
Settings file:        ./settings/Memetic_MMX_1099666.config
Seed:                 1099666
Reduction method:     -
Max iter:             1000
Population size:      13
Crossover:            MA-MMX
Local Search:         LS
==============================

====== Algorithm Status ======
Valor:                5383
Time:                 252
nIter:                30
Best Iter:            30
Improvement Count:    29
==============================
Solution tour: 
0 39 19 31 19 34 25 6 23 13 29 27 29 13 4 12 4 5 3 14 3 
13 24 34 24 13 27 13 3 6 43 37 23 44 36 20 9 
4 40 23 6 25 34 19 38 30 38 19 34 25 33 40 33 41 5 36 45 11 15 11 15 10 45 36 
==============================

====== Algorithm Status ======
Valor:                5418
Time:                 503
nIter:                51
Best Iter:            51
Improvement Count:    50
==============================
Solution tour: 
0 39 19 31 19 34 25 6 23 13 29 27 29 13 4 12 4 5 3 14 3 
13 24 34 24 13 27 13 3 6 43 37 23 44 36 20 9 
4 40 23 6 25 34 19 38 30 38 34 25 33 40 33 41 5 36 45 11 15 11 15 10 45 36 
==============================

====== Algorithm Status ======
Valor:                5536
Time:                 1009
nIter:                101
Best Iter:            101
Improvement Count:    102
==============================
Solution tour: 
0 36 37 27 29 27 35 21 35 39 31 
19 31 4 12 4 5 3 14 3 13 27 13 3 6 25 39 32 43 4 9 
4 40 24 13 29 13 23 25 34 19 16 38 30 38 16 19 34 25 33 40 33 41 44 45 36 45 10 15 11 15 10 35 36 
==============================

====== Algorithm Status ======
Valor:                5536
Time:                 1009
nIter:                101
Best Iter:            101
Improvement Count:    102
==============================
Solution tour: 
0 36 37 27 29 27 35 21 35 39 31 
19 31 4 12 4 5 3 14 3 13 27 13 3 6 25 39 32 43 4 9 
4 40 24 13 29 13 23 25 34 19 16 38 30 38 16 19 34 25 33 40 33 41 44 45 36 45 10 15 11 15 10 35 36 
==============================

