=========== Input ===========
File name:                ./instances/created-instances/mm-25-25-1767920.cdop
Total node count:         51
Truck node count:         25
Drone node count:         25
=============================

========== Settings ==========
Settings file:        ./settings/Memetic_MMX_1881515.config
Seed:                 1881515
Reduction method:     -
Max iter:             1000
Population size:      13
Crossover:            MA-MMX
Local Search:         LS
==============================

====== Algorithm Status ======
Valor:                5595
Time:                 253
nIter:                16
Best Iter:            16
Improvement Count:    15
==============================
Solution tour: 
0 13 46 29 17 41 14 41 45 39 40 48 34 11 44 35 42 17 8 38 8 17 42 14 24 46 27 8 26 18 19 31 32 7 
18 26 
11 27 46 8 11 50 24 44 17 33 17 47 4 47 8 1 36 3 36 49 22 27 11 26 28 5 30 38 41 
17 29 46 13 
==============================

====== Algorithm Status ======
Valor:                5846
Time:                 509
nIter:                31
Best Iter:            31
Improvement Count:    30
==============================
Solution tour: 
0 13 46 29 17 41 14 39 45 39 48 34 11 44 35 42 17 8 38 8 17 42 35 44 24 46 27 8 26 18 19 31 32 7 30 7 
18 26 
11 27 46 8 27 11 50 11 8 46 24 50 24 44 17 33 17 44 20 47 4 47 11 26 28 5 30 11 38 14 41 
17 29 46 13 
==============================

====== Algorithm Status ======
Valor:                6049
Time:                 1013
nIter:                65
Best Iter:            65
Improvement Count:    66
==============================
Solution tour: 
0 13 46 29 17 14 41 14 24 32 31 40 39 45 39 45 34 48 34 50 11 8 38 44 35 42 17 44 24 46 11 30 26 18 34 19 31 32 7 
18 26 
11 27 46 27 8 11 50 24 44 17 33 17 41 24 50 47 4 47 8 1 36 3 16 3 36 49 22 27 11 26 28 5 30 11 12 41 
17 29 46 13 
==============================

====== Algorithm Status ======
Valor:                6049
Time:                 1013
nIter:                65
Best Iter:            65
Improvement Count:    66
==============================
Solution tour: 
0 13 46 29 17 14 41 14 24 32 31 40 39 45 39 45 34 48 34 50 11 8 38 44 35 42 17 44 24 46 11 30 26 18 34 19 31 32 7 
18 26 
11 27 46 27 8 11 50 24 44 17 33 17 41 24 50 47 4 47 8 1 36 3 16 3 36 49 22 27 11 26 28 5 30 11 12 41 
17 29 46 13 
==============================

