=========== Input ===========
File name:                ./instances/created-instances/mm-25-10-1110588.cdop
Total node count:         36
Truck node count:         25
Drone node count:         10
=============================

========== Settings ==========
Settings file:        ./settings/Memetic_MMX_1099666.config
Seed:                 1099666
Reduction method:     -
Max iter:             1000
Population size:      13
Crossover:            MA-MMX
Local Search:         LS
==============================

====== Algorithm Status ======
Valor:                4379
Time:                 255
nIter:                34
Best Iter:            34
Improvement Count:    33
==============================
Solution tour: 
0 13 22 13 0 3 30 21 25 15 25 21 35 21 26 0 30 13 19 16 19 32 4 14 22 27 29 30 3 13 3 6 34 
19 34 31 34 26 0 26 28 22 14 34 14 30 14 4 20 4 28 15 28 26 24 23 24 30 29 33 28 3 
==============================

====== Algorithm Status ======
Valor:                4513
Time:                 502
nIter:                85
Best Iter:            85
Improvement Count:    84
==============================
Solution tour: 
0 13 22 13 0 3 30 21 25 15 25 21 35 21 30 26 0 30 13 19 16 19 32 4 14 22 27 29 30 3 13 3 14 6 34 
19 34 31 34 33 0 26 28 22 14 34 14 30 14 4 20 4 28 15 28 26 24 23 24 30 29 33 28 3 
==============================

====== Algorithm Status ======
Valor:                4513
Time:                 1001
nIter:                168
Best Iter:            168
Improvement Count:    169
==============================
Solution tour: 
0 13 22 13 0 3 30 21 25 15 25 21 35 21 30 26 0 30 13 19 16 19 32 4 14 22 27 29 30 3 13 3 14 6 34 
19 34 31 34 33 0 26 28 22 14 34 14 30 14 4 20 4 28 15 28 26 24 23 24 30 29 33 28 3 
==============================

====== Algorithm Status ======
Valor:                4513
Time:                 1001
nIter:                168
Best Iter:            168
Improvement Count:    169
==============================
Solution tour: 
0 13 22 13 0 3 30 21 25 15 25 21 35 21 30 26 0 30 13 19 16 19 32 4 14 22 27 29 30 3 13 3 14 6 34 
19 34 31 34 33 0 26 28 22 14 34 14 30 14 4 20 4 28 15 28 26 24 23 24 30 29 33 28 3 
==============================

