=========== Input ===========
File name:                ./instances/created-instances/mm-25-25-1917698.cdop
Total node count:         51
Truck node count:         25
Drone node count:         25
=============================

========== Settings ==========
Settings file:        ./settings/Memetic_MPX_1881515.config
Seed:                 1881515
Reduction method:     -
Max iter:             1000
Population size:      13
Crossover:            MA-MPX
Local Search:         LS
==============================

====== Algorithm Status ======
Valor:                4535
Time:                 254
nIter:                31
Best Iter:            31
Improvement Count:    30
==============================
Solution tour: 
0 
20 
8 
7 8 47 
18 44 43 
14 25 36 
13 
3 31 43 31 37 
19 38 29 26 
2 26 18 12 48 
12 3 14 38 37 4 37 31 
15 31 
9 31 3 
22 1 41 
17 14 35 49 35 9 35 12 46 33 32 33 28 39 
24 39 
21 28 34 28 33 32 30 
5 27 26 0 4 
==============================

====== Algorithm Status ======
Valor:                4678
Time:                 509
nIter:                61
Best Iter:            61
Improvement Count:    60
==============================
Solution tour: 
0 
2 
8 
7 8 47 
20 0 4 44 
25 36 
13 36 
1 15 34 15 31 9 35 9 49 33 46 33 28 33 32 30 
5 39 5 
21 49 35 49 9 12 48 
12 3 38 29 38 
19 42 19 
17 
14 43 31 37 4 37 
4 37 
10 1 22 6 45 40 45 
6 
22 1 41 
3 31 4 
==============================

====== Algorithm Status ======
Valor:                4678
Time:                 1003
nIter:                115
Best Iter:            115
Improvement Count:    116
==============================
Solution tour: 
0 
2 
8 
7 8 47 
20 0 4 44 
25 36 
13 36 
1 15 34 15 31 9 35 9 49 33 46 33 28 33 32 30 
5 39 5 
21 49 35 49 9 12 48 
12 3 38 29 38 
19 42 19 
17 
14 43 31 37 4 37 
4 37 
10 1 22 6 45 40 45 
6 
22 1 41 
3 31 4 
==============================

====== Algorithm Status ======
Valor:                4678
Time:                 1003
nIter:                115
Best Iter:            115
Improvement Count:    116
==============================
Solution tour: 
0 
2 
8 
7 8 47 
20 0 4 44 
25 36 
13 36 
1 15 34 15 31 9 35 9 49 33 46 33 28 33 32 30 
5 39 5 
21 49 35 49 9 12 48 
12 3 38 29 38 
19 42 19 
17 
14 43 31 37 4 37 
4 37 
10 1 22 6 45 40 45 
6 
22 1 41 
3 31 4 
==============================

