=========== Input ===========
File name:                ./instances/created-instances/mm-20-25-1891798.cdop
Total node count:         46
Truck node count:         20
Drone node count:         25
=============================

========== Settings ==========
Settings file:        ./settings/Memetic-LS_MMX_1099666.config
Seed:                 1099666
Reduction method:     -
Max iter:             1000
Population size:      13
Crossover:            MA-MMX
Local Search:         -
==============================

====== Algorithm Status ======
Valor:                0
Time:                 250
nIter:                138
Best Iter:            138
Improvement Count:    137
==============================
Solution tour: 
0 
14 31 43 23 38 21 44 
6 
15 25 45 37 29 
1 26 
20 32 27 
10 40 34 
9 
16 
2 28 33 39 41 
8 24 
11 
5 
12 35 42 36 
17 
3 
4 
18 30 
13 22 
19 
7 
==============================

====== Algorithm Status ======
Valor:                0
Time:                 500
nIter:                281
Best Iter:            281
Improvement Count:    280
==============================
Solution tour: 
0 
14 31 43 23 38 21 44 
6 
15 25 45 37 29 
1 26 
20 32 27 
10 40 34 
9 
16 
2 28 33 39 41 
8 24 
11 
5 
12 35 42 36 
17 
3 
4 
18 30 
13 22 
19 
7 
==============================

====== Algorithm Status ======
Valor:                782
Time:                 1002
nIter:                550
Best Iter:            550
Improvement Count:    551
==============================
Solution tour: 
0 
14 
6 
15 
1 
20 
10 
9 
16 
2 
8 
11 
5 
12 
17 
3 
4 
13 
19 
7 
==============================

====== Algorithm Status ======
Valor:                782
Time:                 1002
nIter:                550
Best Iter:            550
Improvement Count:    551
==============================
Solution tour: 
0 
14 
6 
15 
1 
20 
10 
9 
16 
2 
8 
11 
5 
12 
17 
3 
4 
13 
19 
7 
==============================

