=========== Input ===========
File name:                ./instances/created-instances/mm-25-25-1110588.cdop
Total node count:         51
Truck node count:         25
Drone node count:         25
=============================

========== Settings ==========
Settings file:        ./settings/Memetic-LS_MPX_1881515.config
Seed:                 1881515
Reduction method:     -
Max iter:             1000
Population size:      13
Crossover:            MA-MPX
Local Search:         -
==============================

====== Algorithm Status ======
Valor:                5.43354e-310
Time:                 250
nIter:                89
Best Iter:            89
Improvement Count:    88
==============================
Solution tour: 
0 
12 
18 31 49 
2 
8 42 39 44 38 
21 41 33 
4 46 
6 35 
20 
11 
14 
17 
9 47 
24 
13 50 
5 
23 
10 
1 
19 
16 48 
7 30 34 37 
15 
3 40 
22 27 
25 32 43 28 36 29 45 26 
==============================

====== Algorithm Status ======
Valor:                0
Time:                 501
nIter:                185
Best Iter:            185
Improvement Count:    184
==============================
Solution tour: 
0 43 31 50 
2 
23 46 
1 45 
10 33 35 40 47 27 48 
3 36 
7 
8 
14 34 44 
4 
12 29 
11 38 
19 30 
15 
24 41 42 32 
9 
5 
22 
21 
17 
16 39 
13 37 49 
6 
20 
18 26 
25 28 
==============================

====== Algorithm Status ======
Valor:                810
Time:                 1002
nIter:                375
Best Iter:            375
Improvement Count:    376
==============================
Solution tour: 
0 
2 
23 
3 
7 
14 
4 
12 
11 
15 
24 
22 
21 
17 
13 
6 
20 
18 
25 28 
==============================

====== Algorithm Status ======
Valor:                810
Time:                 1002
nIter:                375
Best Iter:            375
Improvement Count:    376
==============================
Solution tour: 
0 
2 
23 
3 
7 
14 
4 
12 
11 
15 
24 
22 
21 
17 
13 
6 
20 
18 
25 28 
==============================

