=========== Input ===========
File name:                ./instances/created-instances/mm-5-10-1110588.cdop
Total node count:         16
Truck node count:         5
Drone node count:         10
=============================

========== Settings ==========
Settings file:        ./settings/Memetic_MMX_1099666.config
Seed:                 1099666
Reduction method:     -
Max iter:             1000
Population size:      13
Crossover:            MA-MMX
Local Search:         LS
==============================

====== Algorithm Status ======
Valor:                2711
Time:                 251
nIter:                172
Best Iter:            172
Improvement Count:    171
==============================
Solution tour: 
0 15 7 3 7 9 5 
2 5 11 5 9 7 15 8 1 8 10 8 15 12 15 0 3 6 3 0 
5 14 5 0 13 
==============================

====== Algorithm Status ======
Valor:                2698
Time:                 500
nIter:                334
Best Iter:            334
Improvement Count:    333
==============================
Solution tour: 
0 13 0 5 11 5 2 5 
3 5 14 0 14 5 15 0 15 8 10 8 
1 8 15 12 15 7 3 6 3 7 9 5 
==============================

====== Algorithm Status ======
Valor:                2698
Time:                 1001
nIter:                691
Best Iter:            691
Improvement Count:    692
==============================
Solution tour: 
0 13 0 5 11 5 2 5 
3 5 14 0 14 5 15 0 15 8 10 8 
1 8 15 12 15 7 3 6 3 7 9 5 
==============================

====== Algorithm Status ======
Valor:                2698
Time:                 1001
nIter:                691
Best Iter:            691
Improvement Count:    692
==============================
Solution tour: 
0 13 0 5 11 5 2 5 
3 5 14 0 14 5 15 0 15 8 10 8 
1 8 15 12 15 7 3 6 3 7 9 5 
==============================

