=========== Input ===========
File name:                ./instances/created-instances/mm-5-25-1762875.cdop
Total node count:         31
Truck node count:         5
Drone node count:         25
=============================

========== Settings ==========
Settings file:        ./settings/Memetic_MPX_1099666.config
Seed:                 1099666
Reduction method:     -
Max iter:             1000
Population size:      13
Crossover:            MA-MPX
Local Search:         LS
==============================

====== Algorithm Status ======
Valor:                4883
Time:                 251
nIter:                45
Best Iter:            45
Improvement Count:    44
==============================
Solution tour: 
0 26 28 24 29 24 23 17 
3 15 7 25 14 23 15 10 21 10 26 8 
4 16 20 14 30 14 7 27 7 15 16 28 20 28 16 8 26 11 8 11 20 16 15 14 15 3 19 25 19 3 24 
5 13 
2 6 12 28 
1 18 24 28 26 
==============================

====== Algorithm Status ======
Valor:                5304
Time:                 502
nIter:                88
Best Iter:            88
Improvement Count:    87
==============================
Solution tour: 
0 26 0 6 11 8 10 29 24 3 30 23 17 
3 15 7 25 14 23 15 10 21 10 8 
4 16 20 14 30 14 30 7 27 7 15 16 28 20 28 16 10 16 8 11 20 16 15 14 15 3 19 25 19 3 24 18 
1 18 24 29 10 
2 
5 13 5 
==============================

====== Algorithm Status ======
Valor:                5350
Time:                 1002
nIter:                167
Best Iter:            167
Improvement Count:    168
==============================
Solution tour: 
0 26 0 6 11 8 10 29 24 3 30 14 23 17 
3 15 7 14 25 14 7 15 10 21 10 
5 13 5 
4 16 20 14 15 14 30 7 27 16 28 20 28 16 10 8 11 20 16 15 3 19 3 24 18 
1 18 24 29 10 
==============================

====== Algorithm Status ======
Valor:                5350
Time:                 1002
nIter:                167
Best Iter:            167
Improvement Count:    168
==============================
Solution tour: 
0 26 0 6 11 8 10 29 24 3 30 14 23 17 
3 15 7 14 25 14 7 15 10 21 10 
5 13 5 
4 16 20 14 15 14 30 7 27 16 28 20 28 16 10 8 11 20 16 15 3 19 3 24 18 
1 18 24 29 10 
==============================

