=========== Input ===========
File name:                ./instances/created-instances/mm-5-25-1110588.cdop
Total node count:         31
Truck node count:         5
Drone node count:         25
=============================

========== Settings ==========
Settings file:        ./settings/Memetic_MPX_1881515.config
Seed:                 1881515
Reduction method:     -
Max iter:             1000
Population size:      13
Crossover:            MA-MPX
Local Search:         LS
==============================

====== Algorithm Status ======
Valor:                4975
Time:                 250
nIter:                59
Best Iter:            59
Improvement Count:    58
==============================
Solution tour: 
0 24 3 24 11 7 13 14 7 14 13 30 
5 20 27 11 24 17 23 21 
2 27 16 27 17 27 20 6 20 6 5 15 
4 28 18 30 13 7 12 19 
1 19 12 7 5 22 5 6 20 10 20 17 6 0 11 8 25 28 26 25 8 11 
==============================

====== Algorithm Status ======
Valor:                5137
Time:                 500
nIter:                127
Best Iter:            127
Improvement Count:    126
==============================
Solution tour: 
0 24 11 7 13 14 7 14 13 30 
5 6 20 27 11 24 17 23 21 
2 27 16 27 17 27 20 6 5 15 
4 28 18 30 13 7 12 19 
1 19 12 7 5 22 5 20 10 20 6 17 6 28 11 0 11 8 25 8 26 28 6 
3 24 
==============================

====== Algorithm Status ======
Valor:                5137
Time:                 1003
nIter:                235
Best Iter:            235
Improvement Count:    236
==============================
Solution tour: 
0 24 11 7 13 14 7 14 13 30 
5 6 20 27 11 24 17 23 21 
2 27 16 27 17 27 20 6 5 15 
4 28 18 30 13 7 12 19 
1 19 12 7 5 22 5 20 10 20 6 17 6 28 11 0 11 8 25 8 26 28 6 
3 24 
==============================

====== Algorithm Status ======
Valor:                5137
Time:                 1003
nIter:                235
Best Iter:            235
Improvement Count:    236
==============================
Solution tour: 
0 24 11 7 13 14 7 14 13 30 
5 6 20 27 11 24 17 23 21 
2 27 16 27 17 27 20 6 5 15 
4 28 18 30 13 7 12 19 
1 19 12 7 5 22 5 20 10 20 6 17 6 28 11 0 11 8 25 8 26 28 6 
3 24 
==============================

