=========== Input ===========
File name:                ./instances/created-instances/mm-5-10-1891798.cdop
Total node count:         16
Truck node count:         5
Drone node count:         10
=============================

========== Settings ==========
Settings file:        ./settings/Memetic-LS_MPX_1881515.config
Seed:                 1881515
Reduction method:     -
Max iter:             1000
Population size:      13
Crossover:            MA-MPX
Local Search:         -
==============================

====== Algorithm Status ======
Valor:                2319
Time:                 250
nIter:                1352
Best Iter:            1352
Improvement Count:    1351
==============================
Solution tour: 
0 15 8 9 7 9 2 10 
5 6 10 
2 6 14 12 13 
3 11 3 4 
1 
4 14 6 
==============================

====== Algorithm Status ======
Valor:                2341
Time:                 500
nIter:                2736
Best Iter:            2736
Improvement Count:    2735
==============================
Solution tour: 
0 15 4 8 9 7 9 2 10 
5 6 10 
2 6 14 12 
3 11 3 4 
1 
4 14 6 
==============================

====== Algorithm Status ======
Valor:                2439
Time:                 1001
nIter:                5456
Best Iter:            5456
Improvement Count:    5457
==============================
Solution tour: 
0 15 4 8 9 7 2 10 
5 6 14 7 
3 11 3 4 
1 
4 1 12 14 6 
2 6 10 6 
==============================

====== Algorithm Status ======
Valor:                2439
Time:                 1001
nIter:                5456
Best Iter:            5456
Improvement Count:    5457
==============================
Solution tour: 
0 15 4 8 9 7 2 10 
5 6 14 7 
3 11 3 4 
1 
4 1 12 14 6 
2 6 10 6 
==============================

