=========== Input ===========
File name:                ./instances/created-instances/mm-5-10-1767920.cdop
Total node count:         16
Truck node count:         5
Drone node count:         10
=============================

========== Settings ==========
Settings file:        ./settings/Memetic_MMX_1287823.config
Seed:                 1287823
Reduction method:     -
Max iter:             1000
Population size:      13
Crossover:            MA-MMX
Local Search:         LS
==============================

====== Algorithm Status ======
Valor:                2935
Time:                 250
nIter:                195
Best Iter:            195
Improvement Count:    194
==============================
Solution tour: 
0 13 15 7 5 12 8 3 1 
3 8 10 4 9 4 14 7 14 4 13 4 5 
4 2 4 10 6 12 8 11 8 12 6 10 7 15 13 
==============================

====== Algorithm Status ======
Valor:                2935
Time:                 500
nIter:                370
Best Iter:            370
Improvement Count:    369
==============================
Solution tour: 
0 13 15 7 5 12 8 3 1 
3 8 10 4 9 4 14 7 14 4 13 4 5 
4 2 4 10 6 12 8 11 8 12 6 10 7 15 13 
==============================

====== Algorithm Status ======
Valor:                2979
Time:                 1001
nIter:                738
Best Iter:            738
Improvement Count:    739
==============================
Solution tour: 
0 13 15 7 9 5 12 3 1 
3 8 10 4 9 4 14 7 14 4 13 4 5 
4 2 4 10 6 12 8 11 8 12 6 10 7 15 13 
==============================

====== Algorithm Status ======
Valor:                2979
Time:                 1001
nIter:                738
Best Iter:            738
Improvement Count:    739
==============================
Solution tour: 
0 13 15 7 9 5 12 3 1 
3 8 10 4 9 4 14 7 14 4 13 4 5 
4 2 4 10 6 12 8 11 8 12 6 10 7 15 13 
==============================

