=========== Input ===========
File name:                ./instances/created-instances/mm-5-25-1917698.cdop
Total node count:         31
Truck node count:         5
Drone node count:         25
=============================

========== Settings ==========
Settings file:        ./settings/Memetic_MMX_1881515.config
Seed:                 1881515
Reduction method:     -
Max iter:             1000
Population size:      13
Crossover:            MA-MMX
Local Search:         LS
==============================

====== Algorithm Status ======
Valor:                4705
Time:                 250
nIter:                51
Best Iter:            51
Improvement Count:    50
==============================
Solution tour: 
0 14 26 27 6 27 26 27 21 27 28 23 18 23 
5 25 27 10 8 10 17 10 27 22 2 7 9 7 2 22 24 29 13 
1 3 11 3 19 30 14 8 17 6 17 8 28 14 0 15 0 24 12 17 12 24 0 7 
==============================

====== Algorithm Status ======
Valor:                4747
Time:                 502
nIter:                93
Best Iter:            93
Improvement Count:    92
==============================
Solution tour: 
0 22 24 27 6 27 26 27 21 27 28 23 18 5 23 
5 25 27 10 8 10 17 10 27 22 2 7 9 7 2 22 24 29 13 
1 3 11 3 19 30 14 8 17 6 17 8 28 14 0 15 0 24 12 17 12 24 0 7 
==============================

====== Algorithm Status ======
Valor:                4775
Time:                 1001
nIter:                178
Best Iter:            178
Improvement Count:    179
==============================
Solution tour: 
0 24 27 6 27 26 27 21 27 28 23 18 5 18 23 28 
5 25 5 27 10 8 6 17 6 12 17 8 17 12 6 8 10 27 3 7 3 11 3 19 30 14 30 
2 22 2 7 9 24 0 15 0 7 
==============================

====== Algorithm Status ======
Valor:                4775
Time:                 1001
nIter:                178
Best Iter:            178
Improvement Count:    179
==============================
Solution tour: 
0 24 27 6 27 26 27 21 27 28 23 18 5 18 23 28 
5 25 5 27 10 8 6 17 6 12 17 8 17 12 6 8 10 27 3 7 3 11 3 19 30 14 30 
2 22 2 7 9 24 0 15 0 7 
==============================

