=========== Input ===========
File name:                ./instances/created-instances/mm-5-40-1767920.cdop
Total node count:         46
Truck node count:         5
Drone node count:         40
=============================

========== Settings ==========
Settings file:        ./settings/Memetic-LS_MMX_1881515.config
Seed:                 1881515
Reduction method:     -
Max iter:             1000
Population size:      13
Crossover:            MA-MMX
Local Search:         -
==============================

====== Algorithm Status ======
Valor:                0
Time:                 252
nIter:                133
Best Iter:            133
Improvement Count:    132
==============================
Solution tour: 
0 41 38 15 16 23 19 
3 12 14 
4 26 33 24 
1 34 11 17 40 13 28 10 32 
5 29 18 37 21 20 30 25 39 35 6 8 
2 27 22 31 45 36 9 42 7 43 44 
==============================

====== Algorithm Status ======
Valor:                0
Time:                 501
nIter:                269
Best Iter:            269
Improvement Count:    268
==============================
Solution tour: 
0 41 38 15 16 23 19 
3 12 14 
4 26 33 24 
1 34 11 17 40 13 28 10 32 
5 29 18 37 21 20 30 25 39 35 6 8 
2 27 22 31 45 36 9 42 7 43 44 
==============================

====== Algorithm Status ======
Valor:                1131
Time:                 1003
nIter:                527
Best Iter:            527
Improvement Count:    528
==============================
Solution tour: 
0 38 19 
3 
4 
1 34 11 13 28 
5 29 20 30 
2 45 44 
==============================

====== Algorithm Status ======
Valor:                1131
Time:                 1003
nIter:                527
Best Iter:            527
Improvement Count:    528
==============================
Solution tour: 
0 38 19 
3 
4 
1 34 11 13 28 
5 29 20 30 
2 45 44 
==============================

