=========== Input ===========
File name:                ./instances/created-instances/mm-5-40-1891798.cdop
Total node count:         46
Truck node count:         5
Drone node count:         40
=============================

========== Settings ==========
Settings file:        ./settings/Memetic_MPX_1099666.config
Seed:                 1099666
Reduction method:     -
Max iter:             1000
Population size:      13
Crossover:            MA-MPX
Local Search:         LS
==============================

====== Algorithm Status ======
Valor:                6229
Time:                 250
nIter:                26
Best Iter:            26
Improvement Count:    25
==============================
Solution tour: 
0 33 11 38 
2 8 4 43 
4 6 8 25 28 5 13 16 7 
3 7 16 13 4 8 2 38 33 38 18 8 
5 28 25 0 40 44 40 36 26 20 19 31 45 6 22 6 10 42 
1 38 21 39 15 9 41 13 12 24 23 24 35 23 14 32 30 37 5 31 40 
==============================

====== Algorithm Status ======
Valor:                6984
Time:                 506
nIter:                52
Best Iter:            52
Improvement Count:    51
==============================
Solution tour: 
0 33 38 
2 45 8 4 43 
4 6 22 6 10 8 25 28 5 37 30 32 14 29 14 23 24 23 35 12 13 16 7 
3 7 16 13 4 8 2 38 21 33 21 38 18 2 8 42 
1 4 10 18 8 18 38 33 11 2 8 
5 28 25 40 0 40 44 41 9 39 15 45 22 26 20 36 45 19 
==============================

====== Algorithm Status ======
Valor:                7371
Time:                 1002
nIter:                131
Best Iter:            131
Improvement Count:    132
==============================
Solution tour: 
0 33 38 
2 45 8 4 43 
4 27 10 6 22 6 4 6 10 31 38 9 39 15 9 41 11 44 38 19 31 40 25 28 30 37 30 32 14 29 14 23 24 23 35 12 13 16 7 
3 7 16 13 4 8 2 38 21 33 21 38 18 2 8 42 
1 4 10 18 8 18 38 33 11 2 28 
5 37 17 37 5 28 0 40 
==============================

====== Algorithm Status ======
Valor:                7371
Time:                 1002
nIter:                131
Best Iter:            131
Improvement Count:    132
==============================
Solution tour: 
0 33 38 
2 45 8 4 43 
4 27 10 6 22 6 4 6 10 31 38 9 39 15 9 41 11 44 38 19 31 40 25 28 30 37 30 32 14 29 14 23 24 23 35 12 13 16 7 
3 7 16 13 4 8 2 38 21 33 21 38 18 2 8 42 
1 4 10 18 8 18 38 33 11 2 28 
5 37 17 37 5 28 0 40 
==============================

