=========== Input ===========
File name:                ./instances/created-instances/mm-5-25-1767920.cdop
Total node count:         31
Truck node count:         5
Drone node count:         25
=============================

========== Settings ==========
Settings file:        ./settings/Memetic_MMX_1287823.config
Seed:                 1287823
Reduction method:     -
Max iter:             1000
Population size:      13
Crossover:            MA-MMX
Local Search:         LS
==============================

====== Algorithm Status ======
Valor:                5164
Time:                 252
nIter:                47
Best Iter:            47
Improvement Count:    46
==============================
Solution tour: 
0 19 1 29 25 1 16 15 18 17 15 23 28 30 11 24 8 24 8 25 29 1 30 11 16 23 3 23 21 17 7 18 7 14 
2 14 7 17 21 15 21 23 6 12 24 8 24 11 30 11 23 17 7 9 7 17 18 26 13 4 20 22 20 2 10 6 23 1 19 
==============================

====== Algorithm Status ======
Valor:                5372
Time:                 500
nIter:                113
Best Iter:            113
Improvement Count:    112
==============================
Solution tour: 
0 19 1 29 25 3 11 1 16 15 18 17 15 23 30 28 30 11 24 25 29 1 23 3 23 21 17 7 17 7 18 7 14 
2 14 7 17 21 15 21 23 6 12 24 8 24 11 30 11 23 15 17 7 9 7 17 18 26 13 4 20 22 20 2 10 6 23 1 19 
==============================

====== Algorithm Status ======
Valor:                5372
Time:                 1001
nIter:                213
Best Iter:            213
Improvement Count:    214
==============================
Solution tour: 
0 19 1 29 25 3 11 1 16 15 18 17 15 23 30 28 30 11 24 25 29 1 23 3 23 21 17 7 17 7 18 7 14 
2 14 7 17 21 15 21 23 6 12 24 8 24 11 30 11 23 15 17 7 9 7 17 18 26 13 4 20 22 20 2 10 6 23 1 19 
==============================

====== Algorithm Status ======
Valor:                5372
Time:                 1001
nIter:                213
Best Iter:            213
Improvement Count:    214
==============================
Solution tour: 
0 19 1 29 25 3 11 1 16 15 18 17 15 23 30 28 30 11 24 25 29 1 23 3 23 21 17 7 17 7 18 7 14 
2 14 7 17 21 15 21 23 6 12 24 8 24 11 30 11 23 15 17 7 9 7 17 18 26 13 4 20 22 20 2 10 6 23 1 19 
==============================

