=========== Input ===========
File name:                ./instances/created-instances/mm-5-40-1891798.cdop
Total node count:         46
Truck node count:         5
Drone node count:         40
=============================

========== Settings ==========
Settings file:        ./settings/Memetic-LS_MPX_1881515.config
Seed:                 1881515
Reduction method:     -
Max iter:             1000
Population size:      13
Crossover:            MA-MPX
Local Search:         -
==============================

====== Algorithm Status ======
Valor:                0
Time:                 251
nIter:                82
Best Iter:            82
Improvement Count:    81
==============================
Solution tour: 
0 25 39 34 22 28 13 
3 41 42 19 
2 44 24 36 8 
4 26 35 38 18 15 16 7 10 12 43 11 33 17 37 30 29 
1 14 9 32 23 21 
5 40 31 6 27 45 20 
==============================

====== Algorithm Status ======
Valor:                0
Time:                 500
nIter:                158
Best Iter:            158
Improvement Count:    157
==============================
Solution tour: 
0 25 39 34 22 28 13 
3 41 42 19 
2 44 24 36 8 
4 26 35 38 18 15 16 7 10 12 43 11 33 17 37 30 29 
1 14 9 32 23 21 
5 40 31 6 27 45 20 
==============================

====== Algorithm Status ======
Valor:                1391
Time:                 1003
nIter:                311
Best Iter:            311
Improvement Count:    312
==============================
Solution tour: 
0 
4 12 
2 
3 29 15 
5 16 34 24 23 9 
1 33 
==============================

====== Algorithm Status ======
Valor:                1391
Time:                 1003
nIter:                311
Best Iter:            311
Improvement Count:    312
==============================
Solution tour: 
0 
4 12 
2 
3 29 15 
5 16 34 24 23 9 
1 33 
==============================

