=========== Input ===========
File name:                ./instances/created-instances/mm-5-10-1917698.cdop
Total node count:         16
Truck node count:         5
Drone node count:         10
=============================

========== Settings ==========
Settings file:        ./settings/Memetic-LS_MPX_1099666.config
Seed:                 1099666
Reduction method:     -
Max iter:             1000
Population size:      13
Crossover:            MA-MPX
Local Search:         -
==============================

====== Algorithm Status ======
Valor:                2473
Time:                 250
nIter:                1506
Best Iter:            1506
Improvement Count:    1505
==============================
Solution tour: 
0 14 15 6 8 
1 11 3 9 2 
4 
2 12 10 12 
3 12 7 
5 6 15 13 12 13 15 14 
==============================

====== Algorithm Status ======
Valor:                2520
Time:                 500
nIter:                3087
Best Iter:            3087
Improvement Count:    3086
==============================
Solution tour: 
0 14 15 6 8 
1 11 3 11 2 
4 
2 12 10 12 
5 12 
3 7 3 9 13 12 13 15 14 
==============================

====== Algorithm Status ======
Valor:                2639
Time:                 1001
nIter:                6048
Best Iter:            6048
Improvement Count:    6049
==============================
Solution tour: 
0 14 15 6 8 
1 11 3 11 2 
4 
2 3 12 10 12 
5 12 
3 9 3 7 13 12 13 15 14 
==============================

====== Algorithm Status ======
Valor:                2639
Time:                 1001
nIter:                6048
Best Iter:            6048
Improvement Count:    6049
==============================
Solution tour: 
0 14 15 6 8 
1 11 3 11 2 
4 
2 3 12 10 12 
5 12 
3 9 3 7 13 12 13 15 14 
==============================

