=========== Input ===========
File name:                ./instances/created-instances/mm-5-10-1891798.cdop
Total node count:         16
Truck node count:         5
Drone node count:         10
=============================

========== Settings ==========
Settings file:        ./settings/Memetic_MPX_1287823.config
Seed:                 1287823
Reduction method:     -
Max iter:             1000
Population size:      13
Crossover:            MA-MPX
Local Search:         LS
==============================

====== Algorithm Status ======
Valor:                3062
Time:                 251
nIter:                154
Best Iter:            154
Improvement Count:    153
==============================
Solution tour: 
0 2 0 11 9 15 0 6 4 8 4 
1 4 5 10 6 10 2 6 
5 6 2 10 5 4 3 7 1 
2 1 7 3 13 1 12 14 
4 14 6 
==============================

====== Algorithm Status ======
Valor:                3063
Time:                 500
nIter:                304
Best Iter:            304
Improvement Count:    303
==============================
Solution tour: 
0 2 0 11 9 15 0 6 14 4 8 4 6 
5 6 2 10 5 4 1 13 7 
2 1 7 14 12 14 7 
3 7 1 4 5 10 6 10 2 6 
==============================

====== Algorithm Status ======
Valor:                3063
Time:                 1001
nIter:                584
Best Iter:            584
Improvement Count:    585
==============================
Solution tour: 
0 2 0 11 9 15 0 6 14 4 8 4 6 
5 6 2 10 5 4 1 13 7 
2 1 7 14 12 14 7 
3 7 1 4 5 10 6 10 2 6 
==============================

====== Algorithm Status ======
Valor:                3063
Time:                 1001
nIter:                584
Best Iter:            584
Improvement Count:    585
==============================
Solution tour: 
0 2 0 11 9 15 0 6 14 4 8 4 6 
5 6 2 10 5 4 1 13 7 
2 1 7 14 12 14 7 
3 7 1 4 5 10 6 10 2 6 
==============================

