=========== Input ===========
File name:                ./instances/created-instances/mm-5-10-1767920.cdop
Total node count:         16
Truck node count:         5
Drone node count:         10
=============================

========== Settings ==========
Settings file:        ./settings/Memetic-LS_MMX_1287823.config
Seed:                 1287823
Reduction method:     -
Max iter:             1000
Population size:      13
Crossover:            MA-MMX
Local Search:         -
==============================

====== Algorithm Status ======
Valor:                2544
Time:                 250
nIter:                1449
Best Iter:            1449
Improvement Count:    1448
==============================
Solution tour: 
0 12 8 15 13 15 7 14 7 15 8 11 12 6 12 
2 11 8 10 9 13 9 13 
4 10 6 10 8 12 
==============================

====== Algorithm Status ======
Valor:                2544
Time:                 500
nIter:                2796
Best Iter:            2796
Improvement Count:    2795
==============================
Solution tour: 
0 12 8 15 13 15 7 14 7 15 8 11 12 6 12 
2 11 8 10 9 13 9 13 
4 10 6 10 8 12 
==============================

====== Algorithm Status ======
Valor:                2544
Time:                 1001
nIter:                5505
Best Iter:            5505
Improvement Count:    5506
==============================
Solution tour: 
0 12 8 15 13 15 7 14 7 15 8 11 12 6 12 
2 11 8 10 9 13 9 13 
4 10 6 10 8 12 
==============================

====== Algorithm Status ======
Valor:                2544
Time:                 1001
nIter:                5505
Best Iter:            5505
Improvement Count:    5506
==============================
Solution tour: 
0 12 8 15 13 15 7 14 7 15 8 11 12 6 12 
2 11 8 10 9 13 9 13 
4 10 6 10 8 12 
==============================

