=========== Input ===========
File name:                ./instances/created-instances/mm-5-25-1110588.cdop
Total node count:         31
Truck node count:         5
Drone node count:         25
=============================

========== Settings ==========
Settings file:        ./settings/Memetic-LS_MMX_1099666.config
Seed:                 1099666
Reduction method:     -
Max iter:             1000
Population size:      13
Crossover:            MA-MMX
Local Search:         -
==============================

====== Algorithm Status ======
Valor:                3489
Time:                 250
nIter:                539
Best Iter:            539
Improvement Count:    538
==============================
Solution tour: 
0 11 24 11 27 11 24 17 10 17 11 17 24 27 20 6 20 6 27 17 20 27 6 17 27 16 27 16 
1 21 
3 23 10 8 25 8 12 3 22 6 
5 7 
==============================

====== Algorithm Status ======
Valor:                3541
Time:                 500
nIter:                1004
Best Iter:            1004
Improvement Count:    1003
==============================
Solution tour: 
0 11 24 11 27 11 24 17 10 17 11 17 24 27 20 6 20 6 27 17 27 17 20 27 6 17 27 16 27 
1 21 
3 23 20 8 25 8 12 3 22 
5 7 
==============================

====== Algorithm Status ======
Valor:                3809
Time:                 1001
nIter:                2066
Best Iter:            2066
Improvement Count:    2067
==============================
Solution tour: 
0 24 11 24 17 10 17 11 17 24 27 11 27 17 27 20 6 20 27 17 20 17 27 6 17 6 27 16 27 
1 21 
3 23 20 8 25 8 12 25 22 
5 7 13 28 
==============================

====== Algorithm Status ======
Valor:                3809
Time:                 1001
nIter:                2066
Best Iter:            2066
Improvement Count:    2067
==============================
Solution tour: 
0 24 11 24 17 10 17 11 17 24 27 11 27 17 27 20 6 20 27 17 20 17 27 6 17 6 27 16 27 
1 21 
3 23 20 8 25 8 12 25 22 
5 7 13 28 
==============================

