=========== Input ===========
File name:                ./instances/created-instances/mm-5-25-1917698.cdop
Total node count:         31
Truck node count:         5
Drone node count:         25
=============================

========== Settings ==========
Settings file:        ./settings/Memetic-LS_MMX_1099666.config
Seed:                 1099666
Reduction method:     -
Max iter:             1000
Population size:      13
Crossover:            MA-MMX
Local Search:         -
==============================

====== Algorithm Status ======
Valor:                3621
Time:                 250
nIter:                461
Best Iter:            461
Improvement Count:    460
==============================
Solution tour: 
0 15 17 8 17 12 
1 13 29 13 8 28 8 10 8 10 8 10 26 27 26 27 8 10 27 21 27 10 25 28 25 27 28 14 19 7 9 7 
2 28 23 7 23 28 27 6 29 24 
==============================

====== Algorithm Status ======
Valor:                3633
Time:                 500
nIter:                830
Best Iter:            830
Improvement Count:    829
==============================
Solution tour: 
0 15 17 8 17 12 
1 13 29 13 8 28 8 10 8 10 8 10 6 27 26 27 8 10 8 10 27 21 27 10 25 28 25 27 28 14 19 7 9 7 
2 28 23 7 23 28 27 6 29 24 
==============================

====== Algorithm Status ======
Valor:                3775
Time:                 1001
nIter:                1593
Best Iter:            1593
Improvement Count:    1594
==============================
Solution tour: 
0 15 17 8 17 12 17 12 
1 13 29 13 8 28 8 27 10 8 10 6 27 26 27 8 10 27 21 27 28 25 14 19 14 7 9 7 
2 28 23 7 23 28 27 6 29 24 
==============================

====== Algorithm Status ======
Valor:                3775
Time:                 1001
nIter:                1593
Best Iter:            1593
Improvement Count:    1594
==============================
Solution tour: 
0 15 17 8 17 12 17 12 
1 13 29 13 8 28 8 27 10 8 10 6 27 26 27 8 10 27 21 27 28 25 14 19 14 7 9 7 
2 28 23 7 23 28 27 6 29 24 
==============================

