=========== Input ===========
File name:                ./instances/created-instances/mm-5-25-1767920.cdop
Total node count:         31
Truck node count:         5
Drone node count:         25
=============================

========== Settings ==========
Settings file:        ./settings/Memetic-LS_MMX_1881515.config
Seed:                 1881515
Reduction method:     -
Max iter:             1000
Population size:      13
Crossover:            MA-MMX
Local Search:         -
==============================

====== Algorithm Status ======
Valor:                8.39912e-323
Time:                 250
nIter:                338
Best Iter:            338
Improvement Count:    337
==============================
Solution tour: 
0 11 6 30 
4 18 17 
3 22 25 29 
5 14 26 10 20 27 13 21 
1 
2 24 8 16 12 7 15 9 28 23 19 
==============================

====== Algorithm Status ======
Valor:                3596
Time:                 500
nIter:                639
Best Iter:            639
Improvement Count:    638
==============================
Solution tour: 
0 7 9 12 25 12 25 29 16 29 25 6 29 3 29 21 28 19 
2 14 20 22 17 18 17 18 23 25 8 11 30 23 17 10 
1 15 23 6 17 7 17 7 18 7 18 17 23 30 11 
==============================

====== Algorithm Status ======
Valor:                3657
Time:                 1001
nIter:                1248
Best Iter:            1248
Improvement Count:    1249
==============================
Solution tour: 
0 7 9 7 12 25 12 25 29 16 29 25 6 25 29 6 29 3 29 28 19 
2 14 20 22 17 18 17 23 25 8 11 30 23 17 10 
1 15 23 6 23 6 7 17 7 18 7 17 30 11 
==============================

====== Algorithm Status ======
Valor:                3657
Time:                 1001
nIter:                1248
Best Iter:            1248
Improvement Count:    1249
==============================
Solution tour: 
0 7 9 7 12 25 12 25 29 16 29 25 6 25 29 6 29 3 29 28 19 
2 14 20 22 17 18 17 23 25 8 11 30 23 17 10 
1 15 23 6 23 6 7 17 7 18 7 17 30 11 
==============================

